[0.003s][info][gc,init] CardTable entry size: 512
[0.003s][info][gc     ] Using Parallel
[0.005s][info][gc,init] Version: 21.0.7+6-LTS (release)
[0.005s][info][gc,init] CPUs: 4 total, 4 available
[0.005s][info][gc,init] Memory: 15989M
[0.005s][info][gc,init] Large Page Support: Disabled
[0.005s][info][gc,init] NUMA Support: Disabled
[0.005s][info][gc,init] Compressed Oops: Enabled (Zero based)
[0.005s][info][gc,init] Alignments: Space 512K, Generation 512K, Heap 2M
[0.005s][info][gc,init] Heap Min Capacity: 2054M
[0.005s][info][gc,init] Heap Initial Capacity: 2054M
[0.005s][info][gc,init] Heap Max Capacity: 5G
[0.005s][info][gc,init] Pre-touch: Disabled
[0.005s][info][gc,init] Parallel Workers: 4
[0.013s][info][gc,metaspace] CDS archive(s) mapped at: [0x0000708028000000-0x0000708028c97000-0x0000708028c97000), size 13201408, SharedBaseAddress: 0x0000708028000000, ArchiveRelocationMode: 1.
[0.013s][info][gc,metaspace] Compressed class space mapped at: 0x0000708029000000-0x0000708069000000, reserved size: 1073741824
[0.013s][info][gc,metaspace] Narrow klass base: 0x0000708028000000, Narrow klass shift: 0, Narrow klass range: 0x100000000
[0.268s][info][safepoint   ] Safepoint "ICBufferFull", Time since last: 248721863 ns, Reaching safepoint: 81799 ns, Cleanup: 106000 ns, At safepoint: 11600 ns, Total: 199399 ns
[0.427s][info][safepoint   ] Safepoint "RedefineClasses", Time since last: 154543655 ns, Reaching safepoint: 3700 ns, Cleanup: 108800 ns, At safepoint: 5078678 ns, Total: 5191178 ns
[0.607s][info][safepoint   ] Safepoint "JFRCheckpoint", Time since last: 179425852 ns, Reaching safepoint: 82499 ns, Cleanup: 73300 ns, At safepoint: 12200 ns, Total: 167999 ns
[1.223s][info][safepoint   ] Safepoint "ICBufferFull", Time since last: 615717632 ns, Reaching safepoint: 2999 ns, Cleanup: 110400 ns, At safepoint: 5600 ns, Total: 118999 ns
[1.677s][info][safepoint   ] Safepoint "ICBufferFull", Time since last: 453945806 ns, Reaching safepoint: 2900 ns, Cleanup: 137300 ns, At safepoint: 7100 ns, Total: 147300 ns
[1.899s][info][gc,start    ] GC(0) Pause Young (Metadata GC Threshold)
[1.919s][debug][gc,phases   ] GC(0) Scavenge 20.098ms
[1.920s][debug][gc,ref      ] GC(0) ReferenceProcessor::execute queues: 2, RefProcThreadModel::Multi, marks_oops_alive: false
[1.920s][debug][gc,ref      ] GC(0) ReferenceProcessor::execute queues: 4, RefProcThreadModel::Multi, marks_oops_alive: true
[1.920s][debug][gc,ref      ] GC(0) ReferenceProcessor::execute queues: 1, RefProcThreadModel::Single, marks_oops_alive: false
[1.920s][debug][gc,phases   ] GC(0) Reference Processing 0.351ms
[1.920s][debug][gc,phases   ] GC(0)   VM Weak                        Min:  0.0, Avg:  0.0, Max:  0.0, Diff:  0.0, Sum:  0.0, Workers: 4
[1.920s][debug][gc,phases   ] GC(0)     Dead                           Min: 0, Avg:  0.0, Max: 0, Diff: 0, Sum: 0, Workers: 4
[1.920s][debug][gc,phases   ] GC(0)     Total                          Min: 0, Avg: 59.8, Max: 175, Diff: 175, Sum: 239, Workers: 4
[1.920s][debug][gc,phases   ] GC(0)   ObjectSynchronizer Weak        Min:  0.0, Avg:  0.0, Max:  0.0, Diff:  0.0, Sum:  0.0, Workers: 4
[1.920s][debug][gc,phases   ] GC(0)     Dead                           Min: 0, Avg:  0.0, Max: 0, Diff: 0, Sum: 0, Workers: 4
[1.920s][debug][gc,phases   ] GC(0)     Total                          Min: 0, Avg:  1.5, Max: 6, Diff: 6, Sum: 6, Workers: 4
[1.920s][debug][gc,phases   ] GC(0)   JVMTI Tag Weak OopStorage      Min:  0.0, Avg:  0.0, Max:  0.0, Diff:  0.0, Sum:  0.0, Workers: 4
[1.920s][debug][gc,phases   ] GC(0)     Dead                           Min: 0, Avg:  0.0, Max: 0, Diff: 0, Sum: 0, Workers: 4
[1.920s][debug][gc,phases   ] GC(0)     Total                          Min: 0, Avg:  0.0, Max: 0, Diff: 0, Sum: 0, Workers: 4
[1.920s][debug][gc,phases   ] GC(0)   StringTable Weak               Min:  0.0, Avg:  0.1, Max:  0.1, Diff:  0.1, Sum:  0.2, Workers: 4
[1.920s][debug][gc,phases   ] GC(0)     Dead                           Min: 0, Avg:  7.8, Max: 16, Diff: 16, Sum: 31, Workers: 4
[1.920s][debug][gc,phases   ] GC(0)     Total                          Min: 0, Avg: 1991.2, Max: 3264, Diff: 3264, Sum: 7965, Workers: 4
[1.920s][debug][gc,phases   ] GC(0)   ResolvedMethodTable Weak       Min:  0.0, Avg:  0.0, Max:  0.0, Diff:  0.0, Sum:  0.1, Workers: 4
[1.920s][debug][gc,phases   ] GC(0)     Dead                           Min: 0, Avg: 95.8, Max: 152, Diff: 152, Sum: 383, Workers: 4
[1.920s][debug][gc,phases   ] GC(0)     Total                          Min: 0, Avg: 468.2, Max: 832, Diff: 832, Sum: 1873, Workers: 4
[1.920s][debug][gc,phases   ] GC(0)   JNI Weak                       Min:  0.0, Avg:  0.0, Max:  0.0, Diff:  0.0, Sum:  0.0, Workers: 4
[1.920s][debug][gc,phases   ] GC(0)     Dead                           Min: 0, Avg:  0.0, Max: 0, Diff: 0, Sum: 0, Workers: 4
[1.920s][debug][gc,phases   ] GC(0)     Total                          Min: 0, Avg: 12.0, Max: 48, Diff: 48, Sum: 48, Workers: 4
[1.920s][debug][gc,phases   ] GC(0)   StringDedup Table Weak         Min:  0.0, Avg:  0.0, Max:  0.0, Diff:  0.0, Sum:  0.0, Workers: 4
[1.920s][debug][gc,phases   ] GC(0)     Dead                           Min: 0, Avg:  0.0, Max: 0, Diff: 0, Sum: 0, Workers: 4
[1.920s][debug][gc,phases   ] GC(0)     Total                          Min: 0, Avg:  0.0, Max: 0, Diff: 0, Sum: 0, Workers: 4
[1.920s][debug][gc,phases   ] GC(0)   StringDedup Requests0 Weak     Min:  0.0, Avg:  0.0, Max:  0.0, Diff:  0.0, Sum:  0.0, Workers: 4
[1.920s][debug][gc,phases   ] GC(0)     Dead                           Min: 0, Avg:  0.0, Max: 0, Diff: 0, Sum: 0, Workers: 4
[1.920s][debug][gc,phases   ] GC(0)     Total                          Min: 0, Avg:  0.0, Max: 0, Diff: 0, Sum: 0, Workers: 4
[1.920s][debug][gc,phases   ] GC(0)   StringDedup Requests1 Weak     Min:  0.0, Avg:  0.0, Max:  0.0, Diff:  0.0, Sum:  0.0, Workers: 4
[1.920s][debug][gc,phases   ] GC(0)     Dead                           Min: 0, Avg:  0.0, Max: 0, Diff: 0, Sum: 0, Workers: 4
[1.920s][debug][gc,phases   ] GC(0)     Total                          Min: 0, Avg:  0.0, Max: 0, Diff: 0, Sum: 0, Workers: 4
[1.920s][debug][gc,phases   ] GC(0)   Weak JFR Old Object Samples    Min:  0.0, Avg:  0.0, Max:  0.0, Diff:  0.0, Sum:  0.0, Workers: 4
[1.920s][debug][gc,phases   ] GC(0)     Dead                           Min: 0, Avg:  0.0, Max: 0, Diff: 0, Sum: 0, Workers: 4
[1.920s][debug][gc,phases   ] GC(0)     Total                          Min: 0, Avg:  0.0, Max: 0, Diff: 0, Sum: 0, Workers: 4
[1.920s][debug][gc,phases   ] GC(0) Weak Processing 0.284ms
[1.920s][debug][gc,age      ] GC(0) Desired survivor size 536870912 bytes, new threshold 7 (max threshold 15)
[1.920s][info ][gc,heap     ] GC(0) PSYoungGen: 372093K(1572864K)->37851K(1572864K) Eden: 372093K(1048576K)->0K(1048576K) From: 0K(524288K)->37851K(524288K)
[1.920s][info ][gc,heap     ] GC(0) ParOldGen: 1073K(6144K)->1145K(6144K)
[1.920s][info ][gc,metaspace] GC(0) Metaspace: 21137K(21504K)->21137K(21504K) NonClass: 18818K(19008K)->18818K(19008K) Class: 2318K(2496K)->2318K(2496K)
[1.920s][info ][gc          ] GC(0) Pause Young (Metadata GC Threshold) 364M->38M(1542M) 21.157ms
[1.920s][info ][gc,cpu      ] GC(0) User=0.08s Sys=0.00s Real=0.02s
[1.920s][debug][gc,phases   ] GC(1) Pre Compact 0.008ms
[1.920s][info ][gc,start    ] GC(1) Pause Full (Metadata GC Threshold)
[1.920s][info ][gc,phases,start] GC(1) Marking Phase
[1.929s][debug][gc,phases      ] GC(1) Par Mark 9.256ms
[1.930s][debug][gc,ref         ] GC(1) ReferenceProcessor::execute queues: 2, RefProcThreadModel::Multi, marks_oops_alive: false
[1.930s][debug][gc,ref         ] GC(1) ReferenceProcessor::execute queues: 4, RefProcThreadModel::Multi, marks_oops_alive: true
[1.930s][debug][gc,ref         ] GC(1) ReferenceProcessor::execute queues: 1, RefProcThreadModel::Single, marks_oops_alive: false
[1.930s][debug][gc,phases      ] GC(1) Reference Processing 0.206ms
[1.930s][debug][gc,phases      ] GC(1)   VM Weak                        Min:  0.0, Avg:  0.0, Max:  0.0, Diff:  0.0, Sum:  0.0, Workers: 4
[1.930s][debug][gc,phases      ] GC(1)     Dead                           Min: 0, Avg:  0.0, Max: 0, Diff: 0, Sum: 0, Workers: 4
[1.930s][debug][gc,phases      ] GC(1)     Total                          Min: 0, Avg: 59.8, Max: 128, Diff: 128, Sum: 239, Workers: 4
[1.930s][debug][gc,phases      ] GC(1)   ObjectSynchronizer Weak        Min:  0.0, Avg:  0.0, Max:  0.0, Diff:  0.0, Sum:  0.0, Workers: 4
[1.930s][debug][gc,phases      ] GC(1)     Dead                           Min: 0, Avg:  0.0, Max: 0, Diff: 0, Sum: 0, Workers: 4
[1.930s][debug][gc,phases      ] GC(1)     Total                          Min: 0, Avg:  1.5, Max: 6, Diff: 6, Sum: 6, Workers: 4
[1.930s][debug][gc,phases      ] GC(1)   JVMTI Tag Weak OopStorage      Min:  0.0, Avg:  0.0, Max:  0.0, Diff:  0.0, Sum:  0.0, Workers: 4
[1.930s][debug][gc,phases      ] GC(1)     Dead                           Min: 0, Avg:  0.0, Max: 0, Diff: 0, Sum: 0, Workers: 4
[1.930s][debug][gc,phases      ] GC(1)     Total                          Min: 0, Avg:  0.0, Max: 0, Diff: 0, Sum: 0, Workers: 4
[1.930s][debug][gc,phases      ] GC(1)   StringTable Weak               Min:  0.0, Avg:  0.0, Max:  0.0, Diff:  0.0, Sum:  0.1, Workers: 4
[1.930s][debug][gc,phases      ] GC(1)     Dead                           Min: 0, Avg:  0.0, Max: 0, Diff: 0, Sum: 0, Workers: 4
[1.930s][debug][gc,phases      ] GC(1)     Total                          Min: 1728, Avg: 1991.2, Max: 2368, Diff: 640, Sum: 7965, Workers: 4
[1.930s][debug][gc,phases      ] GC(1)   ResolvedMethodTable Weak       Min:  0.0, Avg:  0.0, Max:  0.0, Diff:  0.0, Sum:  0.0, Workers: 4
[1.930s][debug][gc,phases      ] GC(1)     Dead                           Min: 0, Avg:  0.0, Max: 0, Diff: 0, Sum: 0, Workers: 4
[1.930s][debug][gc,phases      ] GC(1)     Total                          Min: 401, Avg: 468.2, Max: 512, Diff: 111, Sum: 1873, Workers: 4
[1.930s][debug][gc,phases      ] GC(1)   JNI Weak                       Min:  0.0, Avg:  0.0, Max:  0.0, Diff:  0.0, Sum:  0.0, Workers: 4
[1.930s][debug][gc,phases      ] GC(1)     Dead                           Min: 0, Avg:  0.0, Max: 0, Diff: 0, Sum: 0, Workers: 4
[1.930s][debug][gc,phases      ] GC(1)     Total                          Min: 0, Avg: 12.0, Max: 48, Diff: 48, Sum: 48, Workers: 4
[1.930s][debug][gc,phases      ] GC(1)   StringDedup Table Weak         Min:  0.0, Avg:  0.0, Max:  0.0, Diff:  0.0, Sum:  0.0, Workers: 4
[1.930s][debug][gc,phases      ] GC(1)     Dead                           Min: 0, Avg:  0.0, Max: 0, Diff: 0, Sum: 0, Workers: 4
[1.930s][debug][gc,phases      ] GC(1)     Total                          Min: 0, Avg:  0.0, Max: 0, Diff: 0, Sum: 0, Workers: 4
[1.930s][debug][gc,phases      ] GC(1)   StringDedup Requests0 Weak     Min:  0.0, Avg:  0.0, Max:  0.0, Diff:  0.0, Sum:  0.0, Workers: 4
[1.930s][debug][gc,phases      ] GC(1)     Dead                           Min: 0, Avg:  0.0, Max: 0, Diff: 0, Sum: 0, Workers: 4
[1.930s][debug][gc,phases      ] GC(1)     Total                          Min: 0, Avg:  0.0, Max: 0, Diff: 0, Sum: 0, Workers: 4
[1.930s][debug][gc,phases      ] GC(1)   StringDedup Requests1 Weak     Min:  0.0, Avg:  0.0, Max:  0.0, Diff:  0.0, Sum:  0.0, Workers: 4
[1.930s][debug][gc,phases      ] GC(1)     Dead                           Min: 0, Avg:  0.0, Max: 0, Diff: 0, Sum: 0, Workers: 4
[1.930s][debug][gc,phases      ] GC(1)     Total                          Min: 0, Avg:  0.0, Max: 0, Diff: 0, Sum: 0, Workers: 4
[1.930s][debug][gc,phases      ] GC(1)   Weak JFR Old Object Samples    Min:  0.0, Avg:  0.0, Max:  0.0, Diff:  0.0, Sum:  0.0, Workers: 4
[1.930s][debug][gc,phases      ] GC(1)     Dead                           Min: 0, Avg:  0.0, Max: 0, Diff: 0, Sum: 0, Workers: 4
[1.930s][debug][gc,phases      ] GC(1)     Total                          Min: 0, Avg:  0.0, Max: 0, Diff: 0, Sum: 0, Workers: 4
[1.930s][debug][gc,phases      ] GC(1) Weak Processing 0.219ms
[1.930s][debug][gc,phases      ] GC(1) ClassLoaderData 0.026ms
[1.930s][debug][gc,phases      ] GC(1) Trigger cleanups 0.000ms
[1.935s][debug][gc,phases      ] GC(1) Purge Unlinked NMethods 0.001ms
[1.935s][debug][gc,phases      ] GC(1) Unregister NMethods 0.020ms
[1.935s][debug][gc,phases      ] GC(1) Free Code Blobs 0.002ms
[1.935s][debug][gc,phases      ] GC(1) Class Unloading 5.434ms
[1.935s][debug][gc,phases      ] GC(1) Report Object Count 0.000ms
[1.935s][info ][gc,phases      ] GC(1) Marking Phase 15.154ms
[1.935s][info ][gc,phases,start] GC(1) Summary Phase
[1.935s][info ][gc,phases      ] GC(1) Summary Phase 0.006ms
[1.935s][info ][gc,phases,start] GC(1) Adjust Roots
[1.943s][info ][gc,phases      ] GC(1) Adjust Roots 7.296ms
[1.943s][info ][gc,phases,start] GC(1) Compaction Phase
[1.965s][info ][gc,phases      ] GC(1) Compaction Phase 22.321ms
[1.965s][info ][gc,phases,start] GC(1) Post Compact
[1.966s][debug][gc,phases      ] GC(1) Purge Class Loader Data 0.841ms
[1.967s][info ][gc,phases      ] GC(1) Post Compact 1.782ms
[1.967s][info ][gc,heap        ] GC(1) PSYoungGen: 37851K(1572864K)->33059K(1572864K) Eden: 0K(1048576K)->0K(1048576K) From: 37851K(524288K)->33059K(524288K)
[1.967s][info ][gc,heap        ] GC(1) ParOldGen: 1145K(6144K)->5566K(6144K)
[1.967s][info ][gc,metaspace   ] GC(1) Metaspace: 21137K(21504K)->21137K(21504K) NonClass: 18818K(19008K)->18818K(19008K) Class: 2318K(2496K)->2318K(2496K)
[1.967s][info ][gc             ] GC(1) Pause Full (Metadata GC Threshold) 38M->37M(1542M) 46.658ms
[1.967s][info ][gc,cpu         ] GC(1) User=0.12s Sys=0.01s Real=0.04s
[1.967s][info ][safepoint      ] Safepoint "CollectForMetadataAllocation", Time since last: 221938474 ns, Reaching safepoint: 5000 ns, Cleanup: 108699 ns, At safepoint: 67932817 ns, Total: 68046516 ns
[2.352s][info ][safepoint      ] Safepoint "ICBufferFull", Time since last: 385218093 ns, Reaching safepoint: 5300 ns, Cleanup: 147099 ns, At safepoint: 2200 ns, Total: 154599 ns
[2.584s][info ][safepoint      ] Safepoint "ICBufferFull", Time since last: 231463835 ns, Reaching safepoint: 5500 ns, Cleanup: 180199 ns, At safepoint: 7900 ns, Total: 193599 ns
[2.697s][info ][safepoint      ] Safepoint "ICBufferFull", Time since last: 112869629 ns, Reaching safepoint: 4100 ns, Cleanup: 135099 ns, At safepoint: 1700 ns, Total: 140899 ns
[2.821s][info ][safepoint      ] Safepoint "ICBufferFull", Time since last: 124052683 ns, Reaching safepoint: 3300 ns, Cleanup: 129799 ns, At safepoint: 6400 ns, Total: 139499 ns
[3.203s][info ][safepoint      ] Safepoint "ICBufferFull", Time since last: 381383609 ns, Reaching safepoint: 4500 ns, Cleanup: 166099 ns, At safepoint: 6800 ns, Total: 177399 ns
[3.314s][info ][gc,start       ] GC(2) Pause Young (Metadata GC Threshold)
[3.366s][debug][gc,phases      ] GC(2) Scavenge 51.906ms
[3.366s][debug][gc,ref         ] GC(2) ReferenceProcessor::execute queues: 4, RefProcThreadModel::Multi, marks_oops_alive: false
[3.367s][debug][gc,ref         ] GC(2) ReferenceProcessor::execute queues: 4, RefProcThreadModel::Multi, marks_oops_alive: true
[3.367s][debug][gc,ref         ] GC(2) ReferenceProcessor::execute queues: 2, RefProcThreadModel::Multi, marks_oops_alive: false
[3.367s][debug][gc,phases      ] GC(2) Reference Processing 0.949ms
[3.367s][debug][gc,phases      ] GC(2)   VM Weak                        Min:  0.0, Avg:  0.0, Max:  0.0, Diff:  0.0, Sum:  0.0, Workers: 4
[3.367s][debug][gc,phases      ] GC(2)     Dead                           Min: 0, Avg:  0.0, Max: 0, Diff: 0, Sum: 0, Workers: 4
[3.367s][debug][gc,phases      ] GC(2)     Total                          Min: 0, Avg: 72.2, Max: 161, Diff: 161, Sum: 289, Workers: 4
[3.367s][debug][gc,phases      ] GC(2)   ObjectSynchronizer Weak        Min:  0.0, Avg:  0.0, Max:  0.0, Diff:  0.0, Sum:  0.0, Workers: 4
[3.367s][debug][gc,phases      ] GC(2)     Dead                           Min: 0, Avg:  0.0, Max: 0, Diff: 0, Sum: 0, Workers: 4
[3.367s][debug][gc,phases      ] GC(2)     Total                          Min: 0, Avg:  1.8, Max: 7, Diff: 7, Sum: 7, Workers: 4
[3.367s][debug][gc,phases      ] GC(2)   JVMTI Tag Weak OopStorage      Min:  0.0, Avg:  0.0, Max:  0.0, Diff:  0.0, Sum:  0.0, Workers: 4
[3.367s][debug][gc,phases      ] GC(2)     Dead                           Min: 0, Avg:  0.0, Max: 0, Diff: 0, Sum: 0, Workers: 4
[3.367s][debug][gc,phases      ] GC(2)     Total                          Min: 0, Avg:  0.0, Max: 0, Diff: 0, Sum: 0, Workers: 4
[3.367s][debug][gc,phases      ] GC(2)   StringTable Weak               Min:  0.0, Avg:  0.1, Max:  0.1, Diff:  0.1, Sum:  0.4, Workers: 4
[3.367s][debug][gc,phases      ] GC(2)     Dead                           Min: 0, Avg:  2.8, Max: 5, Diff: 5, Sum: 11, Workers: 4
[3.367s][debug][gc,phases      ] GC(2)     Total                          Min: 0, Avg: 3666.2, Max: 5193, Diff: 5193, Sum: 14665, Workers: 4
[3.367s][debug][gc,phases      ] GC(2)   ResolvedMethodTable Weak       Min:  0.0, Avg:  0.0, Max:  0.1, Diff:  0.1, Sum:  0.2, Workers: 4
[3.367s][debug][gc,phases      ] GC(2)     Dead                           Min: 0, Avg: 436.8, Max: 662, Diff: 662, Sum: 1747, Workers: 4
[3.367s][debug][gc,phases      ] GC(2)     Total                          Min: 0, Avg: 1193.0, Max: 1664, Diff: 1664, Sum: 4772, Workers: 4
[3.367s][debug][gc,phases      ] GC(2)   JNI Weak                       Min:  0.0, Avg:  0.0, Max:  0.0, Diff:  0.0, Sum:  0.0, Workers: 4
[3.367s][debug][gc,phases      ] GC(2)     Dead                           Min: 0, Avg:  0.0, Max: 0, Diff: 0, Sum: 0, Workers: 4
[3.367s][debug][gc,phases      ] GC(2)     Total                          Min: 0, Avg: 12.5, Max: 50, Diff: 50, Sum: 50, Workers: 4
[3.367s][debug][gc,phases      ] GC(2)   StringDedup Table Weak         Min:  0.0, Avg:  0.0, Max:  0.0, Diff:  0.0, Sum:  0.0, Workers: 4
[3.367s][debug][gc,phases      ] GC(2)     Dead                           Min: 0, Avg:  0.0, Max: 0, Diff: 0, Sum: 0, Workers: 4
[3.367s][debug][gc,phases      ] GC(2)     Total                          Min: 0, Avg:  0.0, Max: 0, Diff: 0, Sum: 0, Workers: 4
[3.367s][debug][gc,phases      ] GC(2)   StringDedup Requests0 Weak     Min:  0.0, Avg:  0.0, Max:  0.0, Diff:  0.0, Sum:  0.0, Workers: 4
[3.367s][debug][gc,phases      ] GC(2)     Dead                           Min: 0, Avg:  0.0, Max: 0, Diff: 0, Sum: 0, Workers: 4
[3.367s][debug][gc,phases      ] GC(2)     Total                          Min: 0, Avg:  0.0, Max: 0, Diff: 0, Sum: 0, Workers: 4
[3.367s][debug][gc,phases      ] GC(2)   StringDedup Requests1 Weak     Min:  0.0, Avg:  0.0, Max:  0.0, Diff:  0.0, Sum:  0.0, Workers: 4
[3.367s][debug][gc,phases      ] GC(2)     Dead                           Min: 0, Avg:  0.0, Max: 0, Diff: 0, Sum: 0, Workers: 4
[3.367s][debug][gc,phases      ] GC(2)     Total                          Min: 0, Avg:  0.0, Max: 0, Diff: 0, Sum: 0, Workers: 4
[3.367s][debug][gc,phases      ] GC(2)   Weak JFR Old Object Samples    Min:  0.0, Avg:  0.0, Max:  0.0, Diff:  0.0, Sum:  0.0, Workers: 4
[3.367s][debug][gc,phases      ] GC(2)     Dead                           Min: 0, Avg:  0.0, Max: 0, Diff: 0, Sum: 0, Workers: 4
[3.367s][debug][gc,phases      ] GC(2)     Total                          Min: 0, Avg:  0.0, Max: 0, Diff: 0, Sum: 0, Workers: 4
[3.367s][debug][gc,phases      ] GC(2) Weak Processing 0.365ms
[3.367s][debug][gc,age         ] GC(2) Desired survivor size 536870912 bytes, new threshold 7 (max threshold 15)
[3.367s][info ][gc,heap        ] GC(2) PSYoungGen: 578350K(1572864K)->55871K(1572864K) Eden: 545291K(1048576K)->0K(1048576K) From: 33059K(524288K)->55871K(524288K)
[3.367s][info ][gc,heap        ] GC(2) ParOldGen: 5566K(6144K)->5582K(6144K)
[3.367s][info ][gc,metaspace   ] GC(2) Metaspace: 35377K(35840K)->35377K(35840K) NonClass: 30856K(31104K)->30856K(31104K) Class: 4520K(4736K)->4520K(4736K)
[3.367s][info ][gc             ] GC(2) Pause Young (Metadata GC Threshold) 570M->60M(1542M) 53.370ms
[3.367s][info ][gc,cpu         ] GC(2) User=0.09s Sys=0.02s Real=0.05s
[3.367s][debug][gc,phases      ] GC(3) Pre Compact 0.008ms
[3.367s][info ][gc,start       ] GC(3) Pause Full (Metadata GC Threshold)
[3.367s][info ][gc,phases,start] GC(3) Marking Phase
[3.400s][debug][gc,phases      ] GC(3) Par Mark 32.187ms
[3.400s][debug][gc,ref         ] GC(3) ReferenceProcessor::execute queues: 3, RefProcThreadModel::Multi, marks_oops_alive: false
[3.400s][debug][gc,ref         ] GC(3) ReferenceProcessor::execute queues: 4, RefProcThreadModel::Multi, marks_oops_alive: true
[3.401s][debug][gc,ref         ] GC(3) ReferenceProcessor::execute queues: 1, RefProcThreadModel::Single, marks_oops_alive: false
[3.401s][debug][gc,phases      ] GC(3) Reference Processing 1.223ms
[3.401s][debug][gc,phases      ] GC(3)   VM Weak                        Min:  0.0, Avg:  0.0, Max:  0.0, Diff:  0.0, Sum:  0.0, Workers: 4
[3.401s][debug][gc,phases      ] GC(3)     Dead                           Min: 0, Avg:  0.0, Max: 0, Diff: 0, Sum: 0, Workers: 4
[3.401s][debug][gc,phases      ] GC(3)     Total                          Min: 0, Avg: 72.2, Max: 256, Diff: 256, Sum: 289, Workers: 4
[3.401s][debug][gc,phases      ] GC(3)   ObjectSynchronizer Weak        Min:  0.0, Avg:  0.0, Max:  0.0, Diff:  0.0, Sum:  0.0, Workers: 4
[3.401s][debug][gc,phases      ] GC(3)     Dead                           Min: 0, Avg:  0.0, Max: 0, Diff: 0, Sum: 0, Workers: 4
[3.401s][debug][gc,phases      ] GC(3)     Total                          Min: 0, Avg:  1.8, Max: 7, Diff: 7, Sum: 7, Workers: 4
[3.401s][debug][gc,phases      ] GC(3)   JVMTI Tag Weak OopStorage      Min:  0.0, Avg:  0.0, Max:  0.0, Diff:  0.0, Sum:  0.0, Workers: 4
[3.401s][debug][gc,phases      ] GC(3)     Dead                           Min: 0, Avg:  0.0, Max: 0, Diff: 0, Sum: 0, Workers: 4
[3.401s][debug][gc,phases      ] GC(3)     Total                          Min: 0, Avg:  0.0, Max: 0, Diff: 0, Sum: 0, Workers: 4
[3.401s][debug][gc,phases      ] GC(3)   StringTable Weak               Min:  0.0, Avg:  0.1, Max:  0.1, Diff:  0.1, Sum:  0.3, Workers: 4
[3.401s][debug][gc,phases      ] GC(3)     Dead                           Min: 0, Avg:  0.0, Max: 0, Diff: 0, Sum: 0, Workers: 4
[3.401s][debug][gc,phases      ] GC(3)     Total                          Min: 0, Avg: 3666.2, Max: 8393, Diff: 8393, Sum: 14665, Workers: 4
[3.401s][debug][gc,phases      ] GC(3)   ResolvedMethodTable Weak       Min:  0.0, Avg:  0.0, Max:  0.0, Diff:  0.0, Sum:  0.1, Workers: 4
[3.401s][debug][gc,phases      ] GC(3)     Dead                           Min: 0, Avg:  0.0, Max: 0, Diff: 0, Sum: 0, Workers: 4
[3.401s][debug][gc,phases      ] GC(3)     Total                          Min: 0, Avg: 1193.0, Max: 2496, Diff: 2496, Sum: 4772, Workers: 4
[3.401s][debug][gc,phases      ] GC(3)   JNI Weak                       Min:  0.0, Avg:  0.0, Max:  0.0, Diff:  0.0, Sum:  0.0, Workers: 4
[3.401s][debug][gc,phases      ] GC(3)     Dead                           Min: 0, Avg:  0.0, Max: 0, Diff: 0, Sum: 0, Workers: 4
[3.401s][debug][gc,phases      ] GC(3)     Total                          Min: 0, Avg: 12.5, Max: 50, Diff: 50, Sum: 50, Workers: 4
[3.401s][debug][gc,phases      ] GC(3)   StringDedup Table Weak         Min:  0.0, Avg:  0.0, Max:  0.0, Diff:  0.0, Sum:  0.0, Workers: 4
[3.401s][debug][gc,phases      ] GC(3)     Dead                           Min: 0, Avg:  0.0, Max: 0, Diff: 0, Sum: 0, Workers: 4
[3.401s][debug][gc,phases      ] GC(3)     Total                          Min: 0, Avg:  0.0, Max: 0, Diff: 0, Sum: 0, Workers: 4
[3.401s][debug][gc,phases      ] GC(3)   StringDedup Requests0 Weak     Min:  0.0, Avg:  0.0, Max:  0.0, Diff:  0.0, Sum:  0.0, Workers: 4
[3.401s][debug][gc,phases      ] GC(3)     Dead                           Min: 0, Avg:  0.0, Max: 0, Diff: 0, Sum: 0, Workers: 4
[3.401s][debug][gc,phases      ] GC(3)     Total                          Min: 0, Avg:  0.0, Max: 0, Diff: 0, Sum: 0, Workers: 4
[3.401s][debug][gc,phases      ] GC(3)   StringDedup Requests1 Weak     Min:  0.0, Avg:  0.0, Max:  0.0, Diff:  0.0, Sum:  0.0, Workers: 4
[3.401s][debug][gc,phases      ] GC(3)     Dead                           Min: 0, Avg:  0.0, Max: 0, Diff: 0, Sum: 0, Workers: 4
[3.401s][debug][gc,phases      ] GC(3)     Total                          Min: 0, Avg:  0.0, Max: 0, Diff: 0, Sum: 0, Workers: 4
[3.401s][debug][gc,phases      ] GC(3)   Weak JFR Old Object Samples    Min:  0.0, Avg:  0.0, Max:  0.0, Diff:  0.0, Sum:  0.0, Workers: 4
[3.401s][debug][gc,phases      ] GC(3)     Dead                           Min: 0, Avg:  0.0, Max: 0, Diff: 0, Sum: 0, Workers: 4
[3.401s][debug][gc,phases      ] GC(3)     Total                          Min: 0, Avg:  0.0, Max: 0, Diff: 0, Sum: 0, Workers: 4
[3.401s][debug][gc,phases      ] GC(3) Weak Processing 0.483ms
[3.401s][debug][gc,phases      ] GC(3) ClassLoaderData 0.041ms
[3.401s][debug][gc,phases      ] GC(3) Trigger cleanups 0.000ms
[3.411s][debug][gc,phases      ] GC(3) Purge Unlinked NMethods 0.555ms
[3.411s][debug][gc,phases      ] GC(3) Unregister NMethods 0.064ms
[3.411s][debug][gc,phases      ] GC(3) Free Code Blobs 0.181ms
[3.411s][debug][gc,phases      ] GC(3) Class Unloading 9.713ms
[3.411s][debug][gc,phases      ] GC(3) Report Object Count 0.001ms
[3.411s][info ][gc,phases      ] GC(3) Marking Phase 43.686ms
[3.411s][info ][gc,phases,start] GC(3) Summary Phase
[3.411s][info ][gc,phases      ] GC(3) Summary Phase 0.008ms
[3.411s][info ][gc,phases,start] GC(3) Adjust Roots
[3.418s][info ][gc,phases      ] GC(3) Adjust Roots 7.043ms
[3.418s][info ][gc,phases,start] GC(3) Compaction Phase
[3.609s][info ][gc,phases      ] GC(3) Compaction Phase 190.919ms
[3.609s][info ][gc,phases,start] GC(3) Post Compact
[3.611s][debug][gc,phases      ] GC(3) Purge Class Loader Data 1.287ms
[3.612s][info ][gc,phases      ] GC(3) Post Compact 2.487ms
[3.612s][info ][gc,heap        ] GC(3) PSYoungGen: 55871K(1572864K)->55178K(1572864K) Eden: 0K(1048576K)->0K(1048576K) From: 55871K(524288K)->55178K(524288K)
[3.612s][info ][gc,heap        ] GC(3) ParOldGen: 5582K(6144K)->6049K(6144K)
[3.612s][info ][gc,metaspace   ] GC(3) Metaspace: 35377K(35840K)->35377K(35840K) NonClass: 30856K(31104K)->30856K(31104K) Class: 4520K(4736K)->4520K(4736K)
[3.612s][info ][gc             ] GC(3) Pause Full (Metadata GC Threshold) 60M->59M(1542M) 244.255ms
[3.612s][info ][gc,cpu         ] GC(3) User=0.49s Sys=0.00s Real=0.25s
[3.612s][info ][safepoint      ] Safepoint "CollectForMetadataAllocation", Time since last: 111167937 ns, Reaching safepoint: 3400 ns, Cleanup: 57599 ns, At safepoint: 297742471 ns, Total: 297803470 ns
[3.756s][info ][safepoint      ] Safepoint "ICBufferFull", Time since last: 143940748 ns, Reaching safepoint: 83799 ns, Cleanup: 189699 ns, At safepoint: 25200 ns, Total: 298698 ns
[3.917s][info ][safepoint      ] Safepoint "ICBufferFull", Time since last: 161198945 ns, Reaching safepoint: 4100 ns, Cleanup: 170099 ns, At safepoint: 2100 ns, Total: 176299 ns
[4.042s][info ][safepoint      ] Safepoint "ICBufferFull", Time since last: 124720562 ns, Reaching safepoint: 4600 ns, Cleanup: 137599 ns, At safepoint: 8800 ns, Total: 150999 ns
[4.522s][info ][safepoint      ] Safepoint "ICBufferFull", Time since last: 479683259 ns, Reaching safepoint: 84700 ns, Cleanup: 184999 ns, At safepoint: 10200 ns, Total: 279899 ns
[4.663s][info ][safepoint      ] Safepoint "ICBufferFull", Time since last: 140915165 ns, Reaching safepoint: 4000 ns, Cleanup: 136599 ns, At safepoint: 6900 ns, Total: 147499 ns
[4.770s][info ][safepoint      ] Safepoint "ICBufferFull", Time since last: 106318471 ns, Reaching safepoint: 4500 ns, Cleanup: 159799 ns, At safepoint: 10100 ns, Total: 174399 ns
[5.097s][info ][safepoint      ] Safepoint "ICBufferFull", Time since last: 326850764 ns, Reaching safepoint: 5900 ns, Cleanup: 165699 ns, At safepoint: 10200 ns, Total: 181799 ns
[5.818s][info ][safepoint      ] Safepoint "ICBufferFull", Time since last: 721028731 ns, Reaching safepoint: 98899 ns, Cleanup: 176899 ns, At safepoint: 4800 ns, Total: 280598 ns
[6.310s][info ][gc,start       ] GC(4) Pause Young (Metadata GC Threshold)
[6.362s][debug][gc,phases      ] GC(4) Scavenge 52.225ms
[6.362s][debug][gc,ref         ] GC(4) ReferenceProcessor::execute queues: 4, RefProcThreadModel::Multi, marks_oops_alive: false
[6.363s][debug][gc,ref         ] GC(4) Skipped KeepAliveFinalRefsPhase of Reference Processing: no references
[6.363s][debug][gc,ref         ] GC(4) ReferenceProcessor::execute queues: 4, RefProcThreadModel::Multi, marks_oops_alive: false
[6.363s][debug][gc,phases      ] GC(4) Reference Processing 1.077ms
[6.364s][debug][gc,phases      ] GC(4)   VM Weak                        Min:  0.0, Avg:  0.0, Max:  0.0, Diff:  0.0, Sum:  0.0, Workers: 4
[6.364s][debug][gc,phases      ] GC(4)     Dead                           Min: 0, Avg:  0.0, Max: 0, Diff: 0, Sum: 0, Workers: 4
[6.364s][debug][gc,phases      ] GC(4)     Total                          Min: 0, Avg: 115.2, Max: 256, Diff: 256, Sum: 461, Workers: 4
[6.364s][debug][gc,phases      ] GC(4)   ObjectSynchronizer Weak        Min:  0.0, Avg:  0.0, Max:  0.0, Diff:  0.0, Sum:  0.0, Workers: 4
[6.364s][debug][gc,phases      ] GC(4)     Dead                           Min: 0, Avg:  0.0, Max: 0, Diff: 0, Sum: 0, Workers: 4
[6.364s][debug][gc,phases      ] GC(4)     Total                          Min: 0, Avg:  1.8, Max: 7, Diff: 7, Sum: 7, Workers: 4
[6.364s][debug][gc,phases      ] GC(4)   JVMTI Tag Weak OopStorage      Min:  0.0, Avg:  0.0, Max:  0.0, Diff:  0.0, Sum:  0.0, Workers: 4
[6.364s][debug][gc,phases      ] GC(4)     Dead                           Min: 0, Avg:  0.0, Max: 0, Diff: 0, Sum: 0, Workers: 4
[6.364s][debug][gc,phases      ] GC(4)     Total                          Min: 0, Avg:  0.0, Max: 0, Diff: 0, Sum: 0, Workers: 4
[6.364s][debug][gc,phases      ] GC(4)   StringTable Weak               Min:  0.2, Avg:  0.2, Max:  0.2, Diff:  0.0, Sum:  0.8, Workers: 4
[6.364s][debug][gc,phases      ] GC(4)     Dead                           Min: 1, Avg:  3.5, Max: 6, Diff: 5, Sum: 14, Workers: 4
[6.364s][debug][gc,phases      ] GC(4)     Total                          Min: 6542, Avg: 6931.5, Max: 7744, Diff: 1202, Sum: 27726, Workers: 4
[6.364s][debug][gc,phases      ] GC(4)   ResolvedMethodTable Weak       Min:  0.1, Avg:  0.1, Max:  0.1, Diff:  0.0, Sum:  0.4, Workers: 4
[6.364s][debug][gc,phases      ] GC(4)     Dead                           Min: 800, Avg: 974.5, Max: 1115, Diff: 315, Sum: 3898, Workers: 4
[6.364s][debug][gc,phases      ] GC(4)     Total                          Min: 2689, Avg: 2848.2, Max: 2944, Diff: 255, Sum: 11393, Workers: 4
[6.364s][debug][gc,phases      ] GC(4)   JNI Weak                       Min:  0.0, Avg:  0.0, Max:  0.0, Diff:  0.0, Sum:  0.0, Workers: 4
[6.364s][debug][gc,phases      ] GC(4)     Dead                           Min: 0, Avg:  0.0, Max: 0, Diff: 0, Sum: 0, Workers: 4
[6.364s][debug][gc,phases      ] GC(4)     Total                          Min: 0, Avg: 12.5, Max: 50, Diff: 50, Sum: 50, Workers: 4
[6.364s][debug][gc,phases      ] GC(4)   StringDedup Table Weak         Min:  0.0, Avg:  0.0, Max:  0.0, Diff:  0.0, Sum:  0.0, Workers: 4
[6.364s][debug][gc,phases      ] GC(4)     Dead                           Min: 0, Avg:  0.0, Max: 0, Diff: 0, Sum: 0, Workers: 4
[6.364s][debug][gc,phases      ] GC(4)     Total                          Min: 0, Avg:  0.0, Max: 0, Diff: 0, Sum: 0, Workers: 4
[6.364s][debug][gc,phases      ] GC(4)   StringDedup Requests0 Weak     Min:  0.0, Avg:  0.0, Max:  0.0, Diff:  0.0, Sum:  0.0, Workers: 4
[6.364s][debug][gc,phases      ] GC(4)     Dead                           Min: 0, Avg:  0.0, Max: 0, Diff: 0, Sum: 0, Workers: 4
[6.364s][debug][gc,phases      ] GC(4)     Total                          Min: 0, Avg:  0.0, Max: 0, Diff: 0, Sum: 0, Workers: 4
[6.364s][debug][gc,phases      ] GC(4)   StringDedup Requests1 Weak     Min:  0.0, Avg:  0.0, Max:  0.0, Diff:  0.0, Sum:  0.0, Workers: 4
[6.364s][debug][gc,phases      ] GC(4)     Dead                           Min: 0, Avg:  0.0, Max: 0, Diff: 0, Sum: 0, Workers: 4
[6.364s][debug][gc,phases      ] GC(4)     Total                          Min: 0, Avg:  0.0, Max: 0, Diff: 0, Sum: 0, Workers: 4
[6.364s][debug][gc,phases      ] GC(4)   Weak JFR Old Object Samples    Min:  0.0, Avg:  0.0, Max:  0.0, Diff:  0.0, Sum:  0.0, Workers: 4
[6.364s][debug][gc,phases      ] GC(4)     Dead                           Min: 0, Avg:  0.0, Max: 0, Diff: 0, Sum: 0, Workers: 4
[6.364s][debug][gc,phases      ] GC(4)     Total                          Min: 0, Avg:  0.0, Max: 0, Diff: 0, Sum: 0, Workers: 4
[6.364s][debug][gc,phases      ] GC(4) Weak Processing 0.536ms
[6.364s][debug][gc,age         ] GC(4) Desired survivor size 536870912 bytes, new threshold 7 (max threshold 15)
[6.364s][info ][gc,heap        ] GC(4) PSYoungGen: 452023K(1572864K)->77288K(1572864K) Eden: 396845K(1048576K)->0K(1048576K) From: 55178K(524288K)->77288K(524288K)
[6.364s][info ][gc,heap        ] GC(4) ParOldGen: 6049K(6144K)->6081K(6144K)
[6.364s][info ][gc,metaspace   ] GC(4) Metaspace: 59092K(59776K)->59092K(59776K) NonClass: 49678K(50048K)->49678K(50048K) Class: 9414K(9728K)->9414K(9728K)
[6.364s][info ][gc             ] GC(4) Pause Young (Metadata GC Threshold) 447M->81M(1542M) 53.972ms
[6.364s][info ][gc,cpu         ] GC(4) User=0.19s Sys=0.01s Real=0.05s
[6.364s][debug][gc,phases      ] GC(5) Pre Compact 0.009ms
[6.364s][info ][gc,start       ] GC(5) Pause Full (Metadata GC Threshold)
[6.364s][info ][gc,phases,start] GC(5) Marking Phase
[6.400s][debug][gc,phases      ] GC(5) Par Mark 35.695ms
[6.400s][debug][gc,ref         ] GC(5) ReferenceProcessor::execute queues: 4, RefProcThreadModel::Multi, marks_oops_alive: false
[6.401s][debug][gc,ref         ] GC(5) ReferenceProcessor::execute queues: 4, RefProcThreadModel::Multi, marks_oops_alive: true
[6.401s][debug][gc,ref         ] GC(5) ReferenceProcessor::execute queues: 1, RefProcThreadModel::Single, marks_oops_alive: false
[6.401s][debug][gc,phases      ] GC(5) Reference Processing 0.857ms
[6.401s][debug][gc,phases      ] GC(5)   VM Weak                        Min:  0.0, Avg:  0.0, Max:  0.0, Diff:  0.0, Sum:  0.0, Workers: 4
[6.401s][debug][gc,phases      ] GC(5)     Dead                           Min: 0, Avg:  0.0, Max: 0, Diff: 0, Sum: 0, Workers: 4
[6.401s][debug][gc,phases      ] GC(5)     Total                          Min: 0, Avg: 115.2, Max: 256, Diff: 256, Sum: 461, Workers: 4
[6.401s][debug][gc,phases      ] GC(5)   ObjectSynchronizer Weak        Min:  0.0, Avg:  0.0, Max:  0.0, Diff:  0.0, Sum:  0.0, Workers: 4
[6.401s][debug][gc,phases      ] GC(5)     Dead                           Min: 0, Avg:  0.0, Max: 0, Diff: 0, Sum: 0, Workers: 4
[6.401s][debug][gc,phases      ] GC(5)     Total                          Min: 0, Avg:  1.8, Max: 7, Diff: 7, Sum: 7, Workers: 4
[6.401s][debug][gc,phases      ] GC(5)   JVMTI Tag Weak OopStorage      Min:  0.0, Avg:  0.0, Max:  0.0, Diff:  0.0, Sum:  0.0, Workers: 4
[6.401s][debug][gc,phases      ] GC(5)     Dead                           Min: 0, Avg:  0.0, Max: 0, Diff: 0, Sum: 0, Workers: 4
[6.401s][debug][gc,phases      ] GC(5)     Total                          Min: 0, Avg:  0.0, Max: 0, Diff: 0, Sum: 0, Workers: 4
[6.401s][debug][gc,phases      ] GC(5)   StringTable Weak               Min:  0.0, Avg:  0.1, Max:  0.1, Diff:  0.1, Sum:  0.4, Workers: 4
[6.401s][debug][gc,phases      ] GC(5)     Dead                           Min: 0, Avg:  0.0, Max: 0, Diff: 0, Sum: 0, Workers: 4
[6.401s][debug][gc,phases      ] GC(5)     Total                          Min: 0, Avg: 6931.5, Max: 10368, Diff: 10368, Sum: 27726, Workers: 4
[6.401s][debug][gc,phases      ] GC(5)   ResolvedMethodTable Weak       Min:  0.0, Avg:  0.1, Max:  0.1, Diff:  0.1, Sum:  0.2, Workers: 4
[6.401s][debug][gc,phases      ] GC(5)     Dead                           Min: 0, Avg:  0.0, Max: 0, Diff: 0, Sum: 0, Workers: 4
[6.401s][debug][gc,phases      ] GC(5)     Total                          Min: 0, Avg: 2848.2, Max: 6081, Diff: 6081, Sum: 11393, Workers: 4
[6.401s][debug][gc,phases      ] GC(5)   JNI Weak                       Min:  0.0, Avg:  0.0, Max:  0.0, Diff:  0.0, Sum:  0.0, Workers: 4
[6.401s][debug][gc,phases      ] GC(5)     Dead                           Min: 0, Avg:  0.0, Max: 0, Diff: 0, Sum: 0, Workers: 4
[6.401s][debug][gc,phases      ] GC(5)     Total                          Min: 0, Avg: 12.5, Max: 50, Diff: 50, Sum: 50, Workers: 4
[6.401s][debug][gc,phases      ] GC(5)   StringDedup Table Weak         Min:  0.0, Avg:  0.0, Max:  0.0, Diff:  0.0, Sum:  0.0, Workers: 4
[6.401s][debug][gc,phases      ] GC(5)     Dead                           Min: 0, Avg:  0.0, Max: 0, Diff: 0, Sum: 0, Workers: 4
[6.401s][debug][gc,phases      ] GC(5)     Total                          Min: 0, Avg:  0.0, Max: 0, Diff: 0, Sum: 0, Workers: 4
[6.401s][debug][gc,phases      ] GC(5)   StringDedup Requests0 Weak     Min:  0.0, Avg:  0.0, Max:  0.0, Diff:  0.0, Sum:  0.0, Workers: 4
[6.401s][debug][gc,phases      ] GC(5)     Dead                           Min: 0, Avg:  0.0, Max: 0, Diff: 0, Sum: 0, Workers: 4
[6.401s][debug][gc,phases      ] GC(5)     Total                          Min: 0, Avg:  0.0, Max: 0, Diff: 0, Sum: 0, Workers: 4
[6.401s][debug][gc,phases      ] GC(5)   StringDedup Requests1 Weak     Min:  0.0, Avg:  0.0, Max:  0.0, Diff:  0.0, Sum:  0.0, Workers: 4
[6.401s][debug][gc,phases      ] GC(5)     Dead                           Min: 0, Avg:  0.0, Max: 0, Diff: 0, Sum: 0, Workers: 4
[6.401s][debug][gc,phases      ] GC(5)     Total                          Min: 0, Avg:  0.0, Max: 0, Diff: 0, Sum: 0, Workers: 4
[6.401s][debug][gc,phases      ] GC(5)   Weak JFR Old Object Samples    Min:  0.0, Avg:  0.0, Max:  0.0, Diff:  0.0, Sum:  0.0, Workers: 4
[6.401s][debug][gc,phases      ] GC(5)     Dead                           Min: 0, Avg:  0.0, Max: 0, Diff: 0, Sum: 0, Workers: 4
[6.401s][debug][gc,phases      ] GC(5)     Total                          Min: 0, Avg:  0.0, Max: 0, Diff: 0, Sum: 0, Workers: 4
[6.401s][debug][gc,phases      ] GC(5) Weak Processing 0.407ms
[6.401s][debug][gc,phases      ] GC(5) ClassLoaderData 0.060ms
[6.401s][debug][gc,phases      ] GC(5) Trigger cleanups 0.000ms
[6.410s][debug][gc,phases      ] GC(5) Purge Unlinked NMethods 0.185ms
[6.410s][debug][gc,phases      ] GC(5) Unregister NMethods 0.032ms
[6.410s][debug][gc,phases      ] GC(5) Free Code Blobs 0.047ms
[6.410s][debug][gc,phases      ] GC(5) Class Unloading 8.974ms
[6.410s][debug][gc,phases      ] GC(5) Report Object Count 0.001ms
[6.410s][info ][gc,phases      ] GC(5) Marking Phase 45.993ms
[6.410s][info ][gc,phases,start] GC(5) Summary Phase
[6.410s][info ][gc,phases      ] GC(5) Summary Phase 0.006ms
[6.410s][info ][gc,phases,start] GC(5) Adjust Roots
[6.418s][info ][gc,phases      ] GC(5) Adjust Roots 7.801ms
[6.418s][info ][gc,phases,start] GC(5) Compaction Phase
[6.726s][info ][gc,phases      ] GC(5) Compaction Phase 307.949ms
[6.726s][info ][gc,phases,start] GC(5) Post Compact
[6.726s][debug][gc,phases      ] GC(5) Purge Class Loader Data 0.285ms
[6.727s][info ][gc,phases      ] GC(5) Post Compact 1.078ms
[6.727s][info ][gc,heap        ] GC(5) PSYoungGen: 77288K(1572864K)->77039K(1572864K) Eden: 0K(1048576K)->0K(1048576K) From: 77288K(524288K)->77039K(524288K)
[6.727s][info ][gc,heap        ] GC(5) ParOldGen: 6081K(6144K)->5975K(6144K)
[6.727s][info ][gc,metaspace   ] GC(5) Metaspace: 59092K(59776K)->59092K(59776K) NonClass: 49678K(50048K)->49678K(50048K) Class: 9414K(9728K)->9414K(9728K)
[6.727s][info ][gc             ] GC(5) Pause Full (Metadata GC Threshold) 81M->81M(1542M) 362.940ms
[6.727s][info ][gc,cpu         ] GC(5) User=0.77s Sys=0.01s Real=0.36s
[6.727s][info ][safepoint      ] Safepoint "CollectForMetadataAllocation", Time since last: 491725088 ns, Reaching safepoint: 6100 ns, Cleanup: 202099 ns, At safepoint: 417060630 ns, Total: 417268829 ns
[7.158s][info ][safepoint      ] Safepoint "ICBufferFull", Time since last: 430927248 ns, Reaching safepoint: 151999 ns, Cleanup: 152700 ns, At safepoint: 16199 ns, Total: 320898 ns
[7.338s][info ][safepoint      ] Safepoint "ICBufferFull", Time since last: 179609437 ns, Reaching safepoint: 4700 ns, Cleanup: 157999 ns, At safepoint: 3500 ns, Total: 166199 ns
[7.414s][info ][safepoint      ] Safepoint "ICBufferFull", Time since last: 75879351 ns, Reaching safepoint: 148099 ns, Cleanup: 131299 ns, At safepoint: 10000 ns, Total: 289398 ns
[7.523s][info ][safepoint      ] Safepoint "ICBufferFull", Time since last: 108948055 ns, Reaching safepoint: 78899 ns, Cleanup: 126400 ns, At safepoint: 6699 ns, Total: 211998 ns
[7.719s][info ][safepoint      ] Safepoint "ICBufferFull", Time since last: 195542043 ns, Reaching safepoint: 5900 ns, Cleanup: 127899 ns, At safepoint: 5900 ns, Total: 139699 ns
[7.813s][info ][safepoint      ] Safepoint "ICBufferFull", Time since last: 93728145 ns, Reaching safepoint: 4900 ns, Cleanup: 92599 ns, At safepoint: 6000 ns, Total: 103499 ns
[7.902s][info ][safepoint      ] Safepoint "ICBufferFull", Time since last: 89233172 ns, Reaching safepoint: 4500 ns, Cleanup: 132399 ns, At safepoint: 1900 ns, Total: 138799 ns
[8.078s][info ][safepoint      ] Safepoint "ICBufferFull", Time since last: 175948915 ns, Reaching safepoint: 81599 ns, Cleanup: 134300 ns, At safepoint: 11900 ns, Total: 227799 ns
[8.371s][info ][safepoint      ] Safepoint "ICBufferFull", Time since last: 291892765 ns, Reaching safepoint: 77100 ns, Cleanup: 133199 ns, At safepoint: 14300 ns, Total: 224599 ns
[8.573s][info ][safepoint      ] Safepoint "ICBufferFull", Time since last: 201842070 ns, Reaching safepoint: 4300 ns, Cleanup: 116999 ns, At safepoint: 5900 ns, Total: 127199 ns
[8.927s][info ][safepoint      ] Safepoint "ICBufferFull", Time since last: 354437415 ns, Reaching safepoint: 4200 ns, Cleanup: 127300 ns, At safepoint: 1300 ns, Total: 132800 ns
[9.250s][info ][safepoint      ] Safepoint "ICBufferFull", Time since last: 322463994 ns, Reaching safepoint: 4900 ns, Cleanup: 136299 ns, At safepoint: 167199 ns, Total: 308398 ns
[9.848s][info ][safepoint      ] Safepoint "ICBufferFull", Time since last: 597717654 ns, Reaching safepoint: 91199 ns, Cleanup: 135399 ns, At safepoint: 19700 ns, Total: 246298 ns
[10.850s][info ][safepoint      ] Safepoint "Cleanup", Time since last: 1001712891 ns, Reaching safepoint: 91200 ns, Cleanup: 18600 ns, At safepoint: 20400 ns, Total: 130200 ns
[11.851s][info ][safepoint      ] Safepoint "Cleanup", Time since last: 1000859895 ns, Reaching safepoint: 87500 ns, Cleanup: 13600 ns, At safepoint: 17100 ns, Total: 118200 ns
[12.857s][info ][safepoint      ] Safepoint "Cleanup", Time since last: 1000121000 ns, Reaching safepoint: 5880167 ns, Cleanup: 27100 ns, At safepoint: 16900 ns, Total: 5924167 ns
[13.120s][info ][safepoint      ] Safepoint "ICBufferFull", Time since last: 263227626 ns, Reaching safepoint: 84299 ns, Cleanup: 144199 ns, At safepoint: 13800 ns, Total: 242298 ns
[13.335s][info ][safepoint      ] Safepoint "ICBufferFull", Time since last: 214182101 ns, Reaching safepoint: 80200 ns, Cleanup: 123299 ns, At safepoint: 9700 ns, Total: 213199 ns
[13.542s][info ][safepoint      ] Safepoint "ICBufferFull", Time since last: 207566038 ns, Reaching safepoint: 6000 ns, Cleanup: 138499 ns, At safepoint: 2500 ns, Total: 146999 ns
[13.546s][info ][safepoint      ] Safepoint "ICBufferFull", Time since last: 656596 ns, Reaching safepoint: 81200 ns, Cleanup: 1800 ns, At safepoint: 2974083 ns, Total: 3057083 ns
[13.550s][info ][safepoint      ] Safepoint "ICBufferFull", Time since last: 60500 ns, Reaching safepoint: 85299 ns, Cleanup: 2100 ns, At safepoint: 3871078 ns, Total: 3958477 ns
[14.550s][info ][safepoint      ] Safepoint "Cleanup", Time since last: 1000127900 ns, Reaching safepoint: 9500 ns, Cleanup: 112600 ns, At safepoint: 2400 ns, Total: 124500 ns
[15.550s][info ][safepoint      ] Safepoint "Cleanup", Time since last: 1000139300 ns, Reaching safepoint: 8800 ns, Cleanup: 27199 ns, At safepoint: 2500 ns, Total: 38499 ns
[16.551s][info ][safepoint      ] Safepoint "Cleanup", Time since last: 1000125450 ns, Reaching safepoint: 8000 ns, Cleanup: 17000 ns, At safepoint: 2400 ns, Total: 27400 ns
[18.072s][info ][safepoint      ] Safepoint "Cleanup", Time since last: 1521262522 ns, Reaching safepoint: 3900 ns, Cleanup: 115099 ns, At safepoint: 9900 ns, Total: 128899 ns
[18.223s][info ][safepoint      ] Safepoint "ICBufferFull", Time since last: 151074118 ns, Reaching safepoint: 5400 ns, Cleanup: 120100 ns, At safepoint: 6400 ns, Total: 131900 ns
[18.298s][info ][safepoint      ] Safepoint "ICBufferFull", Time since last: 74904862 ns, Reaching safepoint: 86600 ns, Cleanup: 138999 ns, At safepoint: 14100 ns, Total: 239699 ns
[18.367s][info ][safepoint      ] Safepoint "ICBufferFull", Time since last: 68600100 ns, Reaching safepoint: 159199 ns, Cleanup: 128799 ns, At safepoint: 19500 ns, Total: 307498 ns
[18.373s][info ][safepoint      ] Safepoint "ICBufferFull", Time since last: 5276269 ns, Reaching safepoint: 84300 ns, Cleanup: 11399 ns, At safepoint: 21800 ns, Total: 117499 ns
[18.376s][info ][safepoint      ] Safepoint "ICBufferFull", Time since last: 1303793 ns, Reaching safepoint: 81699 ns, Cleanup: 8300 ns, At safepoint: 1703490 ns, Total: 1793489 ns
[18.544s][info ][safepoint      ] Safepoint "ICBufferFull", Time since last: 168510217 ns, Reaching safepoint: 85999 ns, Cleanup: 153399 ns, At safepoint: 9400 ns, Total: 248798 ns
[18.545s][info ][safepoint      ] Safepoint "ICBufferFull", Time since last: 65900 ns, Reaching safepoint: 78200 ns, Cleanup: 3100 ns, At safepoint: 11400 ns, Total: 92700 ns
[18.724s][info ][safepoint      ] Safepoint "ICBufferFull", Time since last: 179485652 ns, Reaching safepoint: 6900 ns, Cleanup: 170099 ns, At safepoint: 10800 ns, Total: 187799 ns
[18.891s][info ][safepoint      ] Safepoint "ICBufferFull", Time since last: 163764244 ns, Reaching safepoint: 87700 ns, Cleanup: 162399 ns, At safepoint: 2382286 ns, Total: 2632385 ns
[19.039s][info ][safepoint      ] Safepoint "ICBufferFull", Time since last: 148036036 ns, Reaching safepoint: 5600 ns, Cleanup: 163799 ns, At safepoint: 9300 ns, Total: 178699 ns
[19.176s][info ][safepoint      ] Safepoint "ICBufferFull", Time since last: 136799702 ns, Reaching safepoint: 80699 ns, Cleanup: 167099 ns, At safepoint: 199099 ns, Total: 446897 ns
[19.273s][info ][safepoint      ] Safepoint "ICBufferFull", Time since last: 96516937 ns, Reaching safepoint: 6900 ns, Cleanup: 167799 ns, At safepoint: 14900 ns, Total: 189599 ns
[19.290s][info ][gc,start       ] GC(6) Pause Young (Metadata GC Threshold)
[19.365s][debug][gc,phases      ] GC(6) Scavenge 75.457ms
[19.365s][debug][gc,ref         ] GC(6) ReferenceProcessor::execute queues: 4, RefProcThreadModel::Multi, marks_oops_alive: false
[19.366s][debug][gc,ref         ] GC(6) ReferenceProcessor::execute queues: 4, RefProcThreadModel::Multi, marks_oops_alive: true
[19.366s][debug][gc,ref         ] GC(6) ReferenceProcessor::execute queues: 4, RefProcThreadModel::Multi, marks_oops_alive: false
[19.367s][debug][gc,phases      ] GC(6) Reference Processing 1.409ms
[19.367s][debug][gc,phases      ] GC(6)   VM Weak                        Min:  0.0, Avg:  0.0, Max:  0.0, Diff:  0.0, Sum:  0.0, Workers: 4
[19.367s][debug][gc,phases      ] GC(6)     Dead                           Min: 0, Avg:  0.0, Max: 0, Diff: 0, Sum: 0, Workers: 4
[19.367s][debug][gc,phases      ] GC(6)     Total                          Min: 0, Avg: 215.8, Max: 671, Diff: 671, Sum: 863, Workers: 4
[19.367s][debug][gc,phases      ] GC(6)   ObjectSynchronizer Weak        Min:  0.0, Avg:  0.0, Max:  0.0, Diff:  0.0, Sum:  0.0, Workers: 4
[19.367s][debug][gc,phases      ] GC(6)     Dead                           Min: 0, Avg:  4.2, Max: 17, Diff: 17, Sum: 17, Workers: 4
[19.367s][debug][gc,phases      ] GC(6)     Total                          Min: 0, Avg: 11.2, Max: 45, Diff: 45, Sum: 45, Workers: 4
[19.367s][debug][gc,phases      ] GC(6)   JVMTI Tag Weak OopStorage      Min:  0.0, Avg:  0.0, Max:  0.0, Diff:  0.0, Sum:  0.0, Workers: 4
[19.367s][debug][gc,phases      ] GC(6)     Dead                           Min: 0, Avg:  0.0, Max: 0, Diff: 0, Sum: 0, Workers: 4
[19.367s][debug][gc,phases      ] GC(6)     Total                          Min: 0, Avg:  0.0, Max: 0, Diff: 0, Sum: 0, Workers: 4
[19.367s][debug][gc,phases      ] GC(6)   StringTable Weak               Min:  0.0, Avg:  0.3, Max:  0.3, Diff:  0.3, Sum:  1.0, Workers: 4
[19.367s][debug][gc,phases      ] GC(6)     Dead                           Min: 0, Avg:  9.2, Max: 19, Diff: 19, Sum: 37, Workers: 4
[19.367s][debug][gc,phases      ] GC(6)     Total                          Min: 0, Avg: 10971.0, Max: 18348, Diff: 18348, Sum: 43884, Workers: 4
[19.367s][debug][gc,phases      ] GC(6)   ResolvedMethodTable Weak       Min:  0.0, Avg:  0.1, Max:  0.2, Diff:  0.2, Sum:  0.5, Workers: 4
[19.367s][debug][gc,phases      ] GC(6)     Dead                           Min: 0, Avg: 1041.0, Max: 2013, Diff: 2013, Sum: 4164, Workers: 4
[19.367s][debug][gc,phases      ] GC(6)     Total                          Min: 0, Avg: 4460.5, Max: 7922, Diff: 7922, Sum: 17842, Workers: 4
[19.367s][debug][gc,phases      ] GC(6)   JNI Weak                       Min:  0.0, Avg:  0.0, Max:  0.0, Diff:  0.0, Sum:  0.0, Workers: 4
[19.367s][debug][gc,phases      ] GC(6)     Dead                           Min: 0, Avg:  0.0, Max: 0, Diff: 0, Sum: 0, Workers: 4
[19.367s][debug][gc,phases      ] GC(6)     Total                          Min: 0, Avg: 19.0, Max: 48, Diff: 48, Sum: 76, Workers: 4
[19.367s][debug][gc,phases      ] GC(6)   StringDedup Table Weak         Min:  0.0, Avg:  0.0, Max:  0.0, Diff:  0.0, Sum:  0.0, Workers: 4
[19.367s][debug][gc,phases      ] GC(6)     Dead                           Min: 0, Avg:  0.0, Max: 0, Diff: 0, Sum: 0, Workers: 4
[19.367s][debug][gc,phases      ] GC(6)     Total                          Min: 0, Avg:  0.0, Max: 0, Diff: 0, Sum: 0, Workers: 4
[19.367s][debug][gc,phases      ] GC(6)   StringDedup Requests0 Weak     Min:  0.0, Avg:  0.0, Max:  0.0, Diff:  0.0, Sum:  0.0, Workers: 4
[19.367s][debug][gc,phases      ] GC(6)     Dead                           Min: 0, Avg:  0.0, Max: 0, Diff: 0, Sum: 0, Workers: 4
[19.367s][debug][gc,phases      ] GC(6)     Total                          Min: 0, Avg:  0.0, Max: 0, Diff: 0, Sum: 0, Workers: 4
[19.367s][debug][gc,phases      ] GC(6)   StringDedup Requests1 Weak     Min:  0.0, Avg:  0.0, Max:  0.0, Diff:  0.0, Sum:  0.0, Workers: 4
[19.367s][debug][gc,phases      ] GC(6)     Dead                           Min: 0, Avg:  0.0, Max: 0, Diff: 0, Sum: 0, Workers: 4
[19.367s][debug][gc,phases      ] GC(6)     Total                          Min: 0, Avg:  0.0, Max: 0, Diff: 0, Sum: 0, Workers: 4
[19.367s][debug][gc,phases      ] GC(6)   Weak JFR Old Object Samples    Min:  0.0, Avg:  0.0, Max:  0.0, Diff:  0.0, Sum:  0.0, Workers: 4
[19.367s][debug][gc,phases      ] GC(6)     Dead                           Min: 0, Avg:  0.0, Max: 0, Diff: 0, Sum: 0, Workers: 4
[19.367s][debug][gc,phases      ] GC(6)     Total                          Min: 0, Avg:  0.0, Max: 0, Diff: 0, Sum: 0, Workers: 4
[19.367s][debug][gc,phases      ] GC(6) Weak Processing 0.696ms
[19.367s][debug][gc,age         ] GC(6) Desired survivor size 536870912 bytes, new threshold 7 (max threshold 15)
[19.367s][info ][gc,heap        ] GC(6) PSYoungGen: 962722K(1572864K)->134820K(1572864K) Eden: 885683K(1048576K)->0K(1048576K) From: 77039K(524288K)->134820K(524288K)
[19.367s][info ][gc,heap        ] GC(6) ParOldGen: 5975K(6144K)->6324K(6656K)
[19.367s][info ][gc,metaspace   ] GC(6) Metaspace: 98512K(99648K)->98512K(99648K) NonClass: 83148K(83776K)->83148K(83776K) Class: 15364K(15872K)->15364K(15872K)
[19.367s][info ][gc             ] GC(6) Pause Young (Metadata GC Threshold) 945M->137M(1542M) 77.686ms
[19.367s][info ][gc,cpu         ] GC(6) User=0.24s Sys=0.03s Real=0.07s
[19.367s][debug][gc,phases      ] GC(7) Pre Compact 0.009ms
[19.367s][info ][gc,start       ] GC(7) Pause Full (Metadata GC Threshold)
[19.367s][info ][gc,phases,start] GC(7) Marking Phase
[19.421s][debug][gc,phases      ] GC(7) Par Mark 53.276ms
[19.421s][debug][gc,ref         ] GC(7) ReferenceProcessor::execute queues: 4, RefProcThreadModel::Multi, marks_oops_alive: false
[19.421s][debug][gc,ref         ] GC(7) Skipped KeepAliveFinalRefsPhase of Reference Processing: no references
[19.421s][debug][gc,ref         ] GC(7) ReferenceProcessor::execute queues: 1, RefProcThreadModel::Single, marks_oops_alive: false
[19.421s][debug][gc,phases      ] GC(7) Reference Processing 0.676ms
[19.422s][debug][gc,phases      ] GC(7)   VM Weak                        Min:  0.0, Avg:  0.0, Max:  0.0, Diff:  0.0, Sum:  0.0, Workers: 4
[19.422s][debug][gc,phases      ] GC(7)     Dead                           Min: 0, Avg:  0.5, Max: 2, Diff: 2, Sum: 2, Workers: 4
[19.422s][debug][gc,phases      ] GC(7)     Total                          Min: 0, Avg: 215.8, Max: 320, Diff: 320, Sum: 863, Workers: 4
[19.422s][debug][gc,phases      ] GC(7)   ObjectSynchronizer Weak        Min:  0.0, Avg:  0.0, Max:  0.0, Diff:  0.0, Sum:  0.0, Workers: 4
[19.422s][debug][gc,phases      ] GC(7)     Dead                           Min: 0, Avg:  0.0, Max: 0, Diff: 0, Sum: 0, Workers: 4
[19.422s][debug][gc,phases      ] GC(7)     Total                          Min: 0, Avg: 11.2, Max: 45, Diff: 45, Sum: 45, Workers: 4
[19.422s][debug][gc,phases      ] GC(7)   JVMTI Tag Weak OopStorage      Min:  0.0, Avg:  0.0, Max:  0.0, Diff:  0.0, Sum:  0.0, Workers: 4
[19.422s][debug][gc,phases      ] GC(7)     Dead                           Min: 0, Avg:  0.0, Max: 0, Diff: 0, Sum: 0, Workers: 4
[19.422s][debug][gc,phases      ] GC(7)     Total                          Min: 0, Avg:  0.0, Max: 0, Diff: 0, Sum: 0, Workers: 4
[19.422s][debug][gc,phases      ] GC(7)   StringTable Weak               Min:  0.1, Avg:  0.2, Max:  0.2, Diff:  0.0, Sum:  0.6, Workers: 4
[19.422s][debug][gc,phases      ] GC(7)     Dead                           Min: 0, Avg:  0.0, Max: 0, Diff: 0, Sum: 0, Workers: 4
[19.422s][debug][gc,phases      ] GC(7)     Total                          Min: 10540, Avg: 10971.0, Max: 11520, Diff: 980, Sum: 43884, Workers: 4
[19.422s][debug][gc,phases      ] GC(7)   ResolvedMethodTable Weak       Min:  0.1, Avg:  0.1, Max:  0.1, Diff:  0.0, Sum:  0.2, Workers: 4
[19.422s][debug][gc,phases      ] GC(7)     Dead                           Min: 0, Avg:  0.0, Max: 0, Diff: 0, Sum: 0, Workers: 4
[19.422s][debug][gc,phases      ] GC(7)     Total                          Min: 4224, Avg: 4460.5, Max: 4864, Diff: 640, Sum: 17842, Workers: 4
[19.422s][debug][gc,phases      ] GC(7)   JNI Weak                       Min:  0.0, Avg:  0.0, Max:  0.0, Diff:  0.0, Sum:  0.0, Workers: 4
[19.422s][debug][gc,phases      ] GC(7)     Dead                           Min: 0, Avg:  0.0, Max: 0, Diff: 0, Sum: 0, Workers: 4
[19.422s][debug][gc,phases      ] GC(7)     Total                          Min: 0, Avg: 19.0, Max: 48, Diff: 48, Sum: 76, Workers: 4
[19.422s][debug][gc,phases      ] GC(7)   StringDedup Table Weak         Min:  0.0, Avg:  0.0, Max:  0.0, Diff:  0.0, Sum:  0.0, Workers: 4
[19.422s][debug][gc,phases      ] GC(7)     Dead                           Min: 0, Avg:  0.0, Max: 0, Diff: 0, Sum: 0, Workers: 4
[19.422s][debug][gc,phases      ] GC(7)     Total                          Min: 0, Avg:  0.0, Max: 0, Diff: 0, Sum: 0, Workers: 4
[19.422s][debug][gc,phases      ] GC(7)   StringDedup Requests0 Weak     Min:  0.0, Avg:  0.0, Max:  0.0, Diff:  0.0, Sum:  0.0, Workers: 4
[19.422s][debug][gc,phases      ] GC(7)     Dead                           Min: 0, Avg:  0.0, Max: 0, Diff: 0, Sum: 0, Workers: 4
[19.422s][debug][gc,phases      ] GC(7)     Total                          Min: 0, Avg:  0.0, Max: 0, Diff: 0, Sum: 0, Workers: 4
[19.422s][debug][gc,phases      ] GC(7)   StringDedup Requests1 Weak     Min:  0.0, Avg:  0.0, Max:  0.0, Diff:  0.0, Sum:  0.0, Workers: 4
[19.422s][debug][gc,phases      ] GC(7)     Dead                           Min: 0, Avg:  0.0, Max: 0, Diff: 0, Sum: 0, Workers: 4
[19.422s][debug][gc,phases      ] GC(7)     Total                          Min: 0, Avg:  0.0, Max: 0, Diff: 0, Sum: 0, Workers: 4
[19.422s][debug][gc,phases      ] GC(7)   Weak JFR Old Object Samples    Min:  0.0, Avg:  0.0, Max:  0.0, Diff:  0.0, Sum:  0.0, Workers: 4
[19.422s][debug][gc,phases      ] GC(7)     Dead                           Min: 0, Avg:  0.0, Max: 0, Diff: 0, Sum: 0, Workers: 4
[19.422s][debug][gc,phases      ] GC(7)     Total                          Min: 0, Avg:  0.0, Max: 0, Diff: 0, Sum: 0, Workers: 4
[19.422s][debug][gc,phases      ] GC(7) Weak Processing 0.382ms
[19.422s][debug][gc,phases      ] GC(7) ClassLoaderData 0.214ms
[19.422s][debug][gc,phases      ] GC(7) Trigger cleanups 0.001ms
[19.446s][debug][gc,phases      ] GC(7) Purge Unlinked NMethods 0.343ms
[19.446s][debug][gc,phases      ] GC(7) Unregister NMethods 0.143ms
[19.446s][debug][gc,phases      ] GC(7) Free Code Blobs 0.060ms
[19.454s][debug][gc,phases      ] GC(7) Class Unloading 32.384ms
[19.454s][debug][gc,phases      ] GC(7) Report Object Count 0.002ms
[19.454s][info ][gc,phases      ] GC(7) Marking Phase 86.818ms
[19.454s][info ][gc,phases,start] GC(7) Summary Phase
[19.454s][info ][gc,phases      ] GC(7) Summary Phase 0.007ms
[19.454s][info ][gc,phases,start] GC(7) Adjust Roots
[19.471s][info ][gc,phases      ] GC(7) Adjust Roots 17.037ms
[19.471s][info ][gc,phases,start] GC(7) Compaction Phase
[19.981s][info ][gc,phases      ] GC(7) Compaction Phase 509.498ms
[19.981s][info ][gc,phases,start] GC(7) Post Compact
[19.983s][debug][gc,phases      ] GC(7) Purge Class Loader Data 1.392ms
[19.984s][info ][gc,phases      ] GC(7) Post Compact 3.513ms
[19.984s][info ][gc,heap        ] GC(7) PSYoungGen: 134820K(1572864K)->134143K(1572864K) Eden: 0K(1048576K)->0K(1048576K) From: 134820K(524288K)->134143K(524288K)
[19.984s][info ][gc,heap        ] GC(7) ParOldGen: 6324K(6656K)->6289K(6656K)
[19.984s][info ][gc,metaspace   ] GC(7) Metaspace: 98512K(99648K)->98508K(99648K) NonClass: 83148K(83776K)->83145K(83776K) Class: 15364K(15872K)->15363K(15872K)
[19.984s][info ][gc             ] GC(7) Pause Full (Metadata GC Threshold) 137M->137M(1542M) 617.014ms
[19.984s][info ][gc,cpu         ] GC(7) User=1.28s Sys=0.02s Real=0.62s
[19.985s][info ][safepoint      ] Safepoint "CollectForMetadataAllocation", Time since last: 16670502 ns, Reaching safepoint: 83800 ns, Cleanup: 30500 ns, At safepoint: 694848945 ns, Total: 694963245 ns
[20.137s][info ][safepoint      ] Safepoint "ICBufferFull", Time since last: 151853713 ns, Reaching safepoint: 82000 ns, Cleanup: 166799 ns, At safepoint: 10600 ns, Total: 259399 ns
[20.310s][info ][safepoint      ] Safepoint "ICBufferFull", Time since last: 172905891 ns, Reaching safepoint: 81399 ns, Cleanup: 159899 ns, At safepoint: 104900 ns, Total: 346198 ns
[20.460s][info ][safepoint      ] Safepoint "ICBufferFull", Time since last: 150097024 ns, Reaching safepoint: 83499 ns, Cleanup: 136100 ns, At safepoint: 11100 ns, Total: 230699 ns
[20.556s][info ][safepoint      ] Safepoint "ICBufferFull", Time since last: 95747341 ns, Reaching safepoint: 83699 ns, Cleanup: 167199 ns, At safepoint: 24800 ns, Total: 275698 ns
[20.558s][info ][safepoint      ] Safepoint "ICBufferFull", Time since last: 1716290 ns, Reaching safepoint: 84800 ns, Cleanup: 9200 ns, At safepoint: 13100 ns, Total: 107100 ns
[20.856s][info ][safepoint      ] Safepoint "ICBufferFull", Time since last: 297424464 ns, Reaching safepoint: 6800 ns, Cleanup: 162599 ns, At safepoint: 3000 ns, Total: 172399 ns
[21.289s][info ][safepoint      ] Safepoint "ICBufferFull", Time since last: 433623869 ns, Reaching safepoint: 5900 ns, Cleanup: 164199 ns, At safepoint: 3000 ns, Total: 173099 ns
[21.643s][info ][safepoint      ] Safepoint "ICBufferFull", Time since last: 352920741 ns, Reaching safepoint: 81799 ns, Cleanup: 171799 ns, At safepoint: 21500 ns, Total: 275098 ns
[22.067s][info ][safepoint      ] Safepoint "ICBufferFull", Time since last: 423837127 ns, Reaching safepoint: 86799 ns, Cleanup: 164499 ns, At safepoint: 17200 ns, Total: 268498 ns
[22.408s][info ][safepoint      ] Safepoint "ICBufferFull", Time since last: 341277908 ns, Reaching safepoint: 84200 ns, Cleanup: 129699 ns, At safepoint: 7300 ns, Total: 221199 ns
[22.408s][info ][safepoint      ] Safepoint "ICBufferFull", Time since last: 63100 ns, Reaching safepoint: 74899 ns, Cleanup: 900 ns, At safepoint: 4300 ns, Total: 80099 ns
[22.862s][info ][safepoint      ] Safepoint "ICBufferFull", Time since last: 453574053 ns, Reaching safepoint: 81700 ns, Cleanup: 123499 ns, At safepoint: 17400 ns, Total: 222599 ns
[23.624s][info ][safepoint      ] Safepoint "ICBufferFull", Time since last: 761522056 ns, Reaching safepoint: 5600 ns, Cleanup: 125699 ns, At safepoint: 1900 ns, Total: 133199 ns
[24.212s][info ][safepoint      ] Safepoint "ICBufferFull", Time since last: 588232595 ns, Reaching safepoint: 6700 ns, Cleanup: 135300 ns, At safepoint: 8700 ns, Total: 150700 ns
[24.912s][info ][safepoint      ] Safepoint "ICBufferFull", Time since last: 699640786 ns, Reaching safepoint: 7900 ns, Cleanup: 195299 ns, At safepoint: 3600 ns, Total: 206799 ns
[25.615s][info ][gc,start       ] GC(8) Pause Young (Allocation Failure)
[25.695s][debug][gc,phases      ] GC(8) Scavenge 80.425ms
[25.696s][debug][gc,ref         ] GC(8) ReferenceProcessor::execute queues: 4, RefProcThreadModel::Multi, marks_oops_alive: false
[25.697s][debug][gc,ref         ] GC(8) ReferenceProcessor::execute queues: 4, RefProcThreadModel::Multi, marks_oops_alive: true
[25.697s][debug][gc,ref         ] GC(8) ReferenceProcessor::execute queues: 1, RefProcThreadModel::Single, marks_oops_alive: false
[25.697s][debug][gc,phases      ] GC(8) Reference Processing 1.388ms
[25.697s][debug][gc,phases      ] GC(8)   VM Weak                        Min:  0.0, Avg:  0.0, Max:  0.0, Diff:  0.0, Sum:  0.0, Workers: 4
[25.697s][debug][gc,phases      ] GC(8)     Dead                           Min: 0, Avg:  0.0, Max: 0, Diff: 0, Sum: 0, Workers: 4
[25.697s][debug][gc,phases      ] GC(8)     Total                          Min: 0, Avg: 220.5, Max: 512, Diff: 512, Sum: 882, Workers: 4
[25.698s][debug][gc,phases      ] GC(8)   ObjectSynchronizer Weak        Min:  0.0, Avg:  0.0, Max:  0.0, Diff:  0.0, Sum:  0.0, Workers: 4
[25.698s][debug][gc,phases      ] GC(8)     Dead                           Min: 0, Avg:  0.0, Max: 0, Diff: 0, Sum: 0, Workers: 4
[25.698s][debug][gc,phases      ] GC(8)     Total                          Min: 0, Avg: 11.2, Max: 45, Diff: 45, Sum: 45, Workers: 4
[25.698s][debug][gc,phases      ] GC(8)   JVMTI Tag Weak OopStorage      Min:  0.0, Avg:  0.0, Max:  0.0, Diff:  0.0, Sum:  0.0, Workers: 4
[25.698s][debug][gc,phases      ] GC(8)     Dead                           Min: 0, Avg:  0.0, Max: 0, Diff: 0, Sum: 0, Workers: 4
[25.698s][debug][gc,phases      ] GC(8)     Total                          Min: 0, Avg:  0.0, Max: 0, Diff: 0, Sum: 0, Workers: 4
[25.698s][debug][gc,phases      ] GC(8)   StringTable Weak               Min:  0.0, Avg:  0.4, Max:  0.6, Diff:  0.6, Sum:  1.5, Workers: 4
[25.698s][debug][gc,phases      ] GC(8)     Dead                           Min: 0, Avg:  1.0, Max: 3, Diff: 3, Sum: 4, Workers: 4
[25.698s][debug][gc,phases      ] GC(8)     Total                          Min: 0, Avg: 11090.5, Max: 15680, Diff: 15680, Sum: 44362, Workers: 4
[25.698s][debug][gc,phases      ] GC(8)   ResolvedMethodTable Weak       Min:  0.0, Avg:  0.1, Max:  0.2, Diff:  0.2, Sum:  0.5, Workers: 4
[25.698s][debug][gc,phases      ] GC(8)     Dead                           Min: 0, Avg: 19.0, Max: 39, Diff: 39, Sum: 76, Workers: 4
[25.698s][debug][gc,phases      ] GC(8)     Total                          Min: 0, Avg: 3477.5, Max: 5688, Diff: 5688, Sum: 13910, Workers: 4
[25.698s][debug][gc,phases      ] GC(8)   JNI Weak                       Min:  0.0, Avg:  0.0, Max:  0.0, Diff:  0.0, Sum:  0.0, Workers: 4
[25.698s][debug][gc,phases      ] GC(8)     Dead                           Min: 0, Avg:  0.0, Max: 0, Diff: 0, Sum: 0, Workers: 4
[25.698s][debug][gc,phases      ] GC(8)     Total                          Min: 0, Avg: 14.8, Max: 48, Diff: 48, Sum: 59, Workers: 4
[25.698s][debug][gc,phases      ] GC(8)   StringDedup Table Weak         Min:  0.0, Avg:  0.0, Max:  0.0, Diff:  0.0, Sum:  0.0, Workers: 4
[25.698s][debug][gc,phases      ] GC(8)     Dead                           Min: 0, Avg:  0.0, Max: 0, Diff: 0, Sum: 0, Workers: 4
[25.698s][debug][gc,phases      ] GC(8)     Total                          Min: 0, Avg:  0.0, Max: 0, Diff: 0, Sum: 0, Workers: 4
[25.698s][debug][gc,phases      ] GC(8)   StringDedup Requests0 Weak     Min:  0.0, Avg:  0.0, Max:  0.0, Diff:  0.0, Sum:  0.0, Workers: 4
[25.698s][debug][gc,phases      ] GC(8)     Dead                           Min: 0, Avg:  0.0, Max: 0, Diff: 0, Sum: 0, Workers: 4
[25.698s][debug][gc,phases      ] GC(8)     Total                          Min: 0, Avg:  0.0, Max: 0, Diff: 0, Sum: 0, Workers: 4
[25.698s][debug][gc,phases      ] GC(8)   StringDedup Requests1 Weak     Min:  0.0, Avg:  0.0, Max:  0.0, Diff:  0.0, Sum:  0.0, Workers: 4
[25.698s][debug][gc,phases      ] GC(8)     Dead                           Min: 0, Avg:  0.0, Max: 0, Diff: 0, Sum: 0, Workers: 4
[25.698s][debug][gc,phases      ] GC(8)     Total                          Min: 0, Avg:  0.0, Max: 0, Diff: 0, Sum: 0, Workers: 4
[25.698s][debug][gc,phases      ] GC(8)   Weak JFR Old Object Samples    Min:  0.0, Avg:  0.0, Max:  0.0, Diff:  0.0, Sum:  0.0, Workers: 4
[25.698s][debug][gc,phases      ] GC(8)     Dead                           Min: 0, Avg:  0.0, Max: 0, Diff: 0, Sum: 0, Workers: 4
[25.698s][debug][gc,phases      ] GC(8)     Total                          Min: 0, Avg:  0.0, Max: 0, Diff: 0, Sum: 0, Workers: 4
[25.698s][debug][gc,phases      ] GC(8) Weak Processing 0.871ms
[25.698s][debug][gc,age         ] GC(8) Desired survivor size 207093760 bytes, new threshold 6 (max threshold 15)
[25.698s][info ][gc,heap        ] GC(8) PSYoungGen: 1182719K(1572864K)->184068K(1572864K) Eden: 1048576K(1048576K)->0K(1048576K) From: 134143K(524288K)->184068K(524288K)
[25.698s][info ][gc,heap        ] GC(8) ParOldGen: 6289K(6656K)->6313K(6656K)
[25.698s][info ][gc,metaspace   ] GC(8) Metaspace: 100047K(101184K)->100047K(101184K) NonClass: 84582K(85248K)->84582K(85248K) Class: 15464K(15936K)->15464K(15936K)
[25.698s][info ][gc             ] GC(8) Pause Young (Allocation Failure) 1161M->185M(1542M) 82.832ms
[25.698s][info ][gc,cpu         ] GC(8) User=0.23s Sys=0.06s Real=0.08s
[25.698s][info ][safepoint      ] Safepoint "ParallelGCFailedAllocation", Time since last: 702515670 ns, Reaching safepoint: 8600 ns, Cleanup: 160799 ns, At safepoint: 83283522 ns, Total: 83452921 ns
[26.698s][info ][safepoint      ] Safepoint "Cleanup", Time since last: 1000106063 ns, Reaching safepoint: 8300 ns, Cleanup: 148699 ns, At safepoint: 2200 ns, Total: 159199 ns
[27.699s][info ][safepoint      ] Safepoint "Cleanup", Time since last: 1000118363 ns, Reaching safepoint: 8300 ns, Cleanup: 118000 ns, At safepoint: 2200 ns, Total: 128500 ns
[28.699s][info ][safepoint      ] Safepoint "Cleanup", Time since last: 1000123863 ns, Reaching safepoint: 8700 ns, Cleanup: 87799 ns, At safepoint: 2400 ns, Total: 98899 ns
[29.699s][info ][safepoint      ] Safepoint "Cleanup", Time since last: 1000112163 ns, Reaching safepoint: 41600 ns, Cleanup: 52299 ns, At safepoint: 2800 ns, Total: 96699 ns
[30.699s][info ][safepoint      ] Safepoint "Cleanup", Time since last: 1000246263 ns, Reaching safepoint: 8900 ns, Cleanup: 54099 ns, At safepoint: 2900 ns, Total: 65899 ns
[31.699s][info ][safepoint      ] Safepoint "Cleanup", Time since last: 1000116463 ns, Reaching safepoint: 8200 ns, Cleanup: 55700 ns, At safepoint: 2100 ns, Total: 66000 ns
[32.700s][info ][safepoint      ] Safepoint "Cleanup", Time since last: 1000122374 ns, Reaching safepoint: 9000 ns, Cleanup: 43700 ns, At safepoint: 2400 ns, Total: 55100 ns
[33.700s][info ][safepoint      ] Safepoint "Cleanup", Time since last: 1000123778 ns, Reaching safepoint: 7300 ns, Cleanup: 29300 ns, At safepoint: 1900 ns, Total: 38500 ns
[34.700s][info ][safepoint      ] Safepoint "Cleanup", Time since last: 1000119078 ns, Reaching safepoint: 9400 ns, Cleanup: 54999 ns, At safepoint: 3600 ns, Total: 67999 ns
[35.700s][info ][safepoint      ] Safepoint "Cleanup", Time since last: 1000148478 ns, Reaching safepoint: 8200 ns, Cleanup: 25400 ns, At safepoint: 2000 ns, Total: 35600 ns
[36.700s][info ][safepoint      ] Safepoint "Cleanup", Time since last: 1000118178 ns, Reaching safepoint: 8700 ns, Cleanup: 70699 ns, At safepoint: 2300 ns, Total: 81699 ns
[37.626s][info ][safepoint      ] Safepoint "ICBufferFull", Time since last: 925100208 ns, Reaching safepoint: 5800 ns, Cleanup: 141699 ns, At safepoint: 8000 ns, Total: 155499 ns
[38.626s][info ][safepoint      ] Safepoint "Cleanup", Time since last: 1000101278 ns, Reaching safepoint: 6900 ns, Cleanup: 116999 ns, At safepoint: 2100 ns, Total: 125999 ns
[39.626s][info ][safepoint      ] Safepoint "Cleanup", Time since last: 1000122678 ns, Reaching safepoint: 6700 ns, Cleanup: 41000 ns, At safepoint: 1900 ns, Total: 49600 ns
[40.626s][info ][safepoint      ] Safepoint "Cleanup", Time since last: 1000115045 ns, Reaching safepoint: 8000 ns, Cleanup: 28100 ns, At safepoint: 2000 ns, Total: 38100 ns
[41.626s][info ][safepoint      ] Safepoint "Cleanup", Time since last: 1000111386 ns, Reaching safepoint: 6900 ns, Cleanup: 60599 ns, At safepoint: 2300 ns, Total: 69799 ns
[42.627s][info ][safepoint      ] Safepoint "Cleanup", Time since last: 1000123486 ns, Reaching safepoint: 7100 ns, Cleanup: 37300 ns, At safepoint: 1900 ns, Total: 46300 ns
[43.627s][info ][safepoint      ] Safepoint "Cleanup", Time since last: 1000110886 ns, Reaching safepoint: 6200 ns, Cleanup: 48200 ns, At safepoint: 1900 ns, Total: 56300 ns
[44.627s][info ][safepoint      ] Safepoint "Cleanup", Time since last: 1000104686 ns, Reaching safepoint: 6800 ns, Cleanup: 33900 ns, At safepoint: 22900 ns, Total: 63600 ns
[45.627s][info ][safepoint      ] Safepoint "Cleanup", Time since last: 1000115486 ns, Reaching safepoint: 6700 ns, Cleanup: 20700 ns, At safepoint: 2000 ns, Total: 29400 ns
[46.627s][info ][safepoint      ] Safepoint "Cleanup", Time since last: 1000117486 ns, Reaching safepoint: 5400 ns, Cleanup: 24099 ns, At safepoint: 8400 ns, Total: 37899 ns
[48.010s][info ][safepoint      ] Safepoint "Cleanup", Time since last: 1382342995 ns, Reaching safepoint: 81700 ns, Cleanup: 48799 ns, At safepoint: 6400 ns, Total: 136899 ns
[49.010s][info ][safepoint      ] Safepoint "Cleanup", Time since last: 1000128754 ns, Reaching safepoint: 84199 ns, Cleanup: 39300 ns, At safepoint: 9400 ns, Total: 132899 ns
[50.010s][info ][safepoint      ] Safepoint "Cleanup", Time since last: 1000127654 ns, Reaching safepoint: 80999 ns, Cleanup: 45600 ns, At safepoint: 6600 ns, Total: 133199 ns
[51.010s][info ][safepoint      ] Safepoint "Cleanup", Time since last: 1000109953 ns, Reaching safepoint: 87200 ns, Cleanup: 39100 ns, At safepoint: 8800 ns, Total: 135100 ns
[52.011s][info ][safepoint      ] Safepoint "Cleanup", Time since last: 1000138153 ns, Reaching safepoint: 81700 ns, Cleanup: 24799 ns, At safepoint: 6800 ns, Total: 113299 ns
[53.011s][info ][safepoint      ] Safepoint "Cleanup", Time since last: 1000127954 ns, Reaching safepoint: 94899 ns, Cleanup: 77200 ns, At safepoint: 6700 ns, Total: 178799 ns
[54.011s][info ][safepoint      ] Safepoint "Cleanup", Time since last: 1000122254 ns, Reaching safepoint: 81099 ns, Cleanup: 26700 ns, At safepoint: 12400 ns, Total: 120199 ns
[54.314s][info ][gc,start       ] GC(9) Pause Young (Allocation Failure)
[54.394s][debug][gc,phases      ] GC(9) Scavenge 79.904ms
[54.395s][debug][gc,ref         ] GC(9) ReferenceProcessor::execute queues: 4, RefProcThreadModel::Multi, marks_oops_alive: false
[54.396s][debug][gc,ref         ] GC(9) ReferenceProcessor::execute queues: 4, RefProcThreadModel::Multi, marks_oops_alive: true
[54.396s][debug][gc,ref         ] GC(9) ReferenceProcessor::execute queues: 1, RefProcThreadModel::Single, marks_oops_alive: false
[54.396s][debug][gc,phases      ] GC(9) Reference Processing 1.494ms
[54.397s][debug][gc,phases      ] GC(9)   VM Weak                        Min:  0.0, Avg:  0.0, Max:  0.0, Diff:  0.0, Sum:  0.0, Workers: 4
[54.397s][debug][gc,phases      ] GC(9)     Dead                           Min: 0, Avg:  0.0, Max: 0, Diff: 0, Sum: 0, Workers: 4
[54.397s][debug][gc,phases      ] GC(9)     Total                          Min: 0, Avg: 222.8, Max: 635, Diff: 635, Sum: 891, Workers: 4
[54.397s][debug][gc,phases      ] GC(9)   ObjectSynchronizer Weak        Min:  0.0, Avg:  0.0, Max:  0.0, Diff:  0.0, Sum:  0.0, Workers: 4
[54.397s][debug][gc,phases      ] GC(9)     Dead                           Min: 0, Avg:  0.0, Max: 0, Diff: 0, Sum: 0, Workers: 4
[54.397s][debug][gc,phases      ] GC(9)     Total                          Min: 0, Avg: 11.2, Max: 45, Diff: 45, Sum: 45, Workers: 4
[54.397s][debug][gc,phases      ] GC(9)   JVMTI Tag Weak OopStorage      Min:  0.0, Avg:  0.0, Max:  0.0, Diff:  0.0, Sum:  0.0, Workers: 4
[54.397s][debug][gc,phases      ] GC(9)     Dead                           Min: 0, Avg:  0.0, Max: 0, Diff: 0, Sum: 0, Workers: 4
[54.397s][debug][gc,phases      ] GC(9)     Total                          Min: 0, Avg:  0.0, Max: 0, Diff: 0, Sum: 0, Workers: 4
[54.397s][debug][gc,phases      ] GC(9)   StringTable Weak               Min:  0.0, Avg:  0.3, Max:  0.4, Diff:  0.4, Sum:  1.2, Workers: 4
[54.397s][debug][gc,phases      ] GC(9)     Dead                           Min: 0, Avg:  0.5, Max: 2, Diff: 2, Sum: 2, Workers: 4
[54.397s][debug][gc,phases      ] GC(9)     Total                          Min: 0, Avg: 11162.5, Max: 15296, Diff: 15296, Sum: 44650, Workers: 4
[54.397s][debug][gc,phases      ] GC(9)   ResolvedMethodTable Weak       Min:  0.0, Avg:  0.1, Max:  0.1, Diff:  0.1, Sum:  0.4, Workers: 4
[54.397s][debug][gc,phases      ] GC(9)     Dead                           Min: 0, Avg:  2.0, Max: 4, Diff: 4, Sum: 8, Workers: 4
[54.397s][debug][gc,phases      ] GC(9)     Total                          Min: 0, Avg: 3504.0, Max: 4800, Diff: 4800, Sum: 14016, Workers: 4
[54.397s][debug][gc,phases      ] GC(9)   JNI Weak                       Min:  0.0, Avg:  0.0, Max:  0.0, Diff:  0.0, Sum:  0.0, Workers: 4
[54.397s][debug][gc,phases      ] GC(9)     Dead                           Min: 0, Avg:  0.0, Max: 0, Diff: 0, Sum: 0, Workers: 4
[54.397s][debug][gc,phases      ] GC(9)     Total                          Min: 0, Avg: 13.0, Max: 48, Diff: 48, Sum: 52, Workers: 4
[54.397s][debug][gc,phases      ] GC(9)   StringDedup Table Weak         Min:  0.0, Avg:  0.0, Max:  0.0, Diff:  0.0, Sum:  0.0, Workers: 4
[54.397s][debug][gc,phases      ] GC(9)     Dead                           Min: 0, Avg:  0.0, Max: 0, Diff: 0, Sum: 0, Workers: 4
[54.397s][debug][gc,phases      ] GC(9)     Total                          Min: 0, Avg:  0.0, Max: 0, Diff: 0, Sum: 0, Workers: 4
[54.397s][debug][gc,phases      ] GC(9)   StringDedup Requests0 Weak     Min:  0.0, Avg:  0.0, Max:  0.0, Diff:  0.0, Sum:  0.0, Workers: 4
[54.397s][debug][gc,phases      ] GC(9)     Dead                           Min: 0, Avg:  0.0, Max: 0, Diff: 0, Sum: 0, Workers: 4
[54.397s][debug][gc,phases      ] GC(9)     Total                          Min: 0, Avg:  0.0, Max: 0, Diff: 0, Sum: 0, Workers: 4
[54.397s][debug][gc,phases      ] GC(9)   StringDedup Requests1 Weak     Min:  0.0, Avg:  0.0, Max:  0.0, Diff:  0.0, Sum:  0.0, Workers: 4
[54.397s][debug][gc,phases      ] GC(9)     Dead                           Min: 0, Avg:  0.0, Max: 0, Diff: 0, Sum: 0, Workers: 4
[54.397s][debug][gc,phases      ] GC(9)     Total                          Min: 0, Avg:  0.0, Max: 0, Diff: 0, Sum: 0, Workers: 4
[54.397s][debug][gc,phases      ] GC(9)   Weak JFR Old Object Samples    Min:  0.0, Avg:  0.0, Max:  0.0, Diff:  0.0, Sum:  0.0, Workers: 4
[54.397s][debug][gc,phases      ] GC(9)     Dead                           Min: 0, Avg:  0.0, Max: 0, Diff: 0, Sum: 0, Workers: 4
[54.397s][debug][gc,phases      ] GC(9)     Total                          Min: 0, Avg:  0.0, Max: 0, Diff: 0, Sum: 0, Workers: 4
[54.397s][debug][gc,phases      ] GC(9) Weak Processing 0.757ms
[54.397s][debug][gc,age         ] GC(9) Desired survivor size 243269632 bytes, new threshold 5 (max threshold 15)
[54.397s][info ][gc,heap        ] GC(9) PSYoungGen: 1232644K(1572864K)->190307K(1824256K) Eden: 1048576K(1048576K)->0K(1622016K) From: 184068K(524288K)->190307K(202240K)
[54.397s][info ][gc,heap        ] GC(9) ParOldGen: 6313K(6656K)->6321K(6656K)
[54.397s][info ][gc,metaspace   ] GC(9) Metaspace: 100837K(102016K)->100837K(102016K) NonClass: 85318K(86016K)->85318K(86016K) Class: 15518K(16000K)->15518K(16000K)
[54.397s][info ][gc             ] GC(9) Pause Young (Allocation Failure) 1209M->192M(1788M) 82.301ms
[54.397s][info ][gc,cpu         ] GC(9) User=0.22s Sys=0.08s Real=0.08s
[54.397s][info ][safepoint      ] Safepoint "ParallelGCFailedAllocation", Time since last: 303134058 ns, Reaching safepoint: 8900 ns, Cleanup: 25600 ns, At safepoint: 82384027 ns, Total: 82418527 ns
[55.397s][info ][safepoint      ] Safepoint "Cleanup", Time since last: 1000096553 ns, Reaching safepoint: 7400 ns, Cleanup: 120600 ns, At safepoint: 2300 ns, Total: 130300 ns
[56.397s][info ][safepoint      ] Safepoint "Cleanup", Time since last: 1000119780 ns, Reaching safepoint: 5800 ns, Cleanup: 106500 ns, At safepoint: 2400 ns, Total: 114700 ns
[57.397s][info ][safepoint      ] Safepoint "Cleanup", Time since last: 1000132216 ns, Reaching safepoint: 8000 ns, Cleanup: 56700 ns, At safepoint: 2300 ns, Total: 67000 ns
[58.398s][info ][safepoint      ] Safepoint "Cleanup", Time since last: 1000122317 ns, Reaching safepoint: 7600 ns, Cleanup: 23300 ns, At safepoint: 2100 ns, Total: 33000 ns
[59.398s][info ][safepoint      ] Safepoint "Cleanup", Time since last: 1000114017 ns, Reaching safepoint: 7200 ns, Cleanup: 27099 ns, At safepoint: 2500 ns, Total: 36799 ns
[61.063s][info ][safepoint      ] Safepoint "Cleanup", Time since last: 1665187338 ns, Reaching safepoint: 87700 ns, Cleanup: 40799 ns, At safepoint: 16100 ns, Total: 144599 ns
[62.063s][info ][safepoint      ] Safepoint "Cleanup", Time since last: 1000120217 ns, Reaching safepoint: 94500 ns, Cleanup: 36300 ns, At safepoint: 16399 ns, Total: 147199 ns
[63.064s][info ][safepoint      ] Safepoint "Cleanup", Time since last: 1000128617 ns, Reaching safepoint: 82500 ns, Cleanup: 10300 ns, At safepoint: 6900 ns, Total: 99700 ns
[64.064s][info ][safepoint      ] Safepoint "Cleanup", Time since last: 1000123825 ns, Reaching safepoint: 107900 ns, Cleanup: 37899 ns, At safepoint: 16300 ns, Total: 162099 ns
[65.064s][info ][safepoint      ] Safepoint "Cleanup", Time since last: 1000146917 ns, Reaching safepoint: 100800 ns, Cleanup: 20999 ns, At safepoint: 7100 ns, Total: 128899 ns
[66.064s][info ][safepoint      ] Safepoint "Cleanup", Time since last: 1000107917 ns, Reaching safepoint: 7600 ns, Cleanup: 25200 ns, At safepoint: 2300 ns, Total: 35100 ns
[67.065s][info ][safepoint      ] Safepoint "Cleanup", Time since last: 1000108517 ns, Reaching safepoint: 83500 ns, Cleanup: 16700 ns, At safepoint: 7500 ns, Total: 107700 ns
[68.065s][info ][safepoint      ] Safepoint "Cleanup", Time since last: 1000122917 ns, Reaching safepoint: 6500 ns, Cleanup: 11500 ns, At safepoint: 1900 ns, Total: 19900 ns
[70.065s][info ][safepoint      ] Safepoint "Cleanup", Time since last: 2000199834 ns, Reaching safepoint: 7300 ns, Cleanup: 18600 ns, At safepoint: 2000 ns, Total: 27900 ns
[71.065s][info ][safepoint      ] Safepoint "Cleanup", Time since last: 1000123817 ns, Reaching safepoint: 77899 ns, Cleanup: 15000 ns, At safepoint: 6900 ns, Total: 99799 ns
[72.065s][info ][safepoint      ] Safepoint "Cleanup", Time since last: 1000107222 ns, Reaching safepoint: 7200 ns, Cleanup: 79900 ns, At safepoint: 1900 ns, Total: 89000 ns
[73.066s][info ][safepoint      ] Safepoint "Cleanup", Time since last: 1000107585 ns, Reaching safepoint: 81399 ns, Cleanup: 65600 ns, At safepoint: 8400 ns, Total: 155399 ns
[74.066s][info ][safepoint      ] Safepoint "Cleanup", Time since last: 1000113085 ns, Reaching safepoint: 6900 ns, Cleanup: 20400 ns, At safepoint: 1900 ns, Total: 29200 ns
[75.066s][info ][safepoint      ] Safepoint "Cleanup", Time since last: 1000112784 ns, Reaching safepoint: 7600 ns, Cleanup: 23600 ns, At safepoint: 2000 ns, Total: 33200 ns
[76.066s][info ][safepoint      ] Safepoint "Cleanup", Time since last: 1000115585 ns, Reaching safepoint: 8000 ns, Cleanup: 16100 ns, At safepoint: 2200 ns, Total: 26300 ns
[77.066s][info ][safepoint      ] Safepoint "Cleanup", Time since last: 1000110784 ns, Reaching safepoint: 7300 ns, Cleanup: 15600 ns, At safepoint: 1800 ns, Total: 24700 ns
[78.066s][info ][safepoint      ] Safepoint "Cleanup", Time since last: 1000119885 ns, Reaching safepoint: 6400 ns, Cleanup: 9300 ns, At safepoint: 1800 ns, Total: 17500 ns
[79.067s][info ][safepoint      ] Safepoint "Cleanup", Time since last: 1000128185 ns, Reaching safepoint: 78399 ns, Cleanup: 24600 ns, At safepoint: 9600 ns, Total: 112599 ns
[80.067s][info ][safepoint      ] Safepoint "Cleanup", Time since last: 1000117780 ns, Reaching safepoint: 7300 ns, Cleanup: 11900 ns, At safepoint: 2200 ns, Total: 21400 ns
[81.067s][info ][safepoint      ] Safepoint "Cleanup", Time since last: 1000108324 ns, Reaching safepoint: 7100 ns, Cleanup: 12800 ns, At safepoint: 2300 ns, Total: 22200 ns
[83.068s][info ][safepoint      ] Safepoint "Cleanup", Time since last: 2000552345 ns, Reaching safepoint: 81600 ns, Cleanup: 93499 ns, At safepoint: 6100 ns, Total: 181199 ns
[84.068s][info ][safepoint      ] Safepoint "Cleanup", Time since last: 1000124624 ns, Reaching safepoint: 5700 ns, Cleanup: 120199 ns, At safepoint: 1800 ns, Total: 127699 ns
[85.068s][info ][safepoint      ] Safepoint "Cleanup", Time since last: 1000100624 ns, Reaching safepoint: 6400 ns, Cleanup: 14300 ns, At safepoint: 2200 ns, Total: 22900 ns
[86.068s][info ][safepoint      ] Safepoint "Cleanup", Time since last: 1000135923 ns, Reaching safepoint: 6400 ns, Cleanup: 54500 ns, At safepoint: 2000 ns, Total: 62900 ns
[87.068s][info ][safepoint      ] Safepoint "Cleanup", Time since last: 1000111624 ns, Reaching safepoint: 6200 ns, Cleanup: 13500 ns, At safepoint: 1900 ns, Total: 21600 ns
[88.068s][info ][safepoint      ] Safepoint "Cleanup", Time since last: 1000108534 ns, Reaching safepoint: 5900 ns, Cleanup: 9200 ns, At safepoint: 2000 ns, Total: 17100 ns
[89.068s][info ][safepoint      ] Safepoint "Cleanup", Time since last: 1000107102 ns, Reaching safepoint: 6200 ns, Cleanup: 13300 ns, At safepoint: 1900 ns, Total: 21400 ns
[90.069s][info ][safepoint      ] Safepoint "Cleanup", Time since last: 1000113901 ns, Reaching safepoint: 6300 ns, Cleanup: 18100 ns, At safepoint: 2300 ns, Total: 26700 ns
[91.069s][info ][safepoint      ] Safepoint "Cleanup", Time since last: 1000106702 ns, Reaching safepoint: 86099 ns, Cleanup: 40700 ns, At safepoint: 13100 ns, Total: 139899 ns
[91.147s][info ][gc,start       ] GC(10) Pause Young (Allocation Failure)
[91.244s][debug][gc,phases      ] GC(10) Scavenge 97.599ms
[91.245s][debug][gc,ref         ] GC(10) ReferenceProcessor::execute queues: 4, RefProcThreadModel::Multi, marks_oops_alive: false
[91.245s][debug][gc,ref         ] GC(10) ReferenceProcessor::execute queues: 4, RefProcThreadModel::Multi, marks_oops_alive: true
[91.245s][debug][gc,ref         ] GC(10) ReferenceProcessor::execute queues: 1, RefProcThreadModel::Single, marks_oops_alive: false
[91.245s][debug][gc,phases      ] GC(10) Reference Processing 1.068ms
[91.246s][debug][gc,phases      ] GC(10)   VM Weak                        Min:  0.0, Avg:  0.0, Max:  0.0, Diff:  0.0, Sum:  0.0, Workers: 4
[91.246s][debug][gc,phases      ] GC(10)     Dead                           Min: 0, Avg:  0.0, Max: 0, Diff: 0, Sum: 0, Workers: 4
[91.246s][debug][gc,phases      ] GC(10)     Total                          Min: 0, Avg: 225.8, Max: 512, Diff: 512, Sum: 903, Workers: 4
[91.246s][debug][gc,phases      ] GC(10)   ObjectSynchronizer Weak        Min:  0.0, Avg:  0.0, Max:  0.0, Diff:  0.0, Sum:  0.0, Workers: 4
[91.246s][debug][gc,phases      ] GC(10)     Dead                           Min: 0, Avg:  0.0, Max: 0, Diff: 0, Sum: 0, Workers: 4
[91.246s][debug][gc,phases      ] GC(10)     Total                          Min: 0, Avg:  1.0, Max: 4, Diff: 4, Sum: 4, Workers: 4
[91.246s][debug][gc,phases      ] GC(10)   JVMTI Tag Weak OopStorage      Min:  0.0, Avg:  0.0, Max:  0.0, Diff:  0.0, Sum:  0.0, Workers: 4
[91.246s][debug][gc,phases      ] GC(10)     Dead                           Min: 0, Avg:  0.0, Max: 0, Diff: 0, Sum: 0, Workers: 4
[91.246s][debug][gc,phases      ] GC(10)     Total                          Min: 0, Avg:  0.0, Max: 0, Diff: 0, Sum: 0, Workers: 4
[91.246s][debug][gc,phases      ] GC(10)   StringTable Weak               Min:  0.0, Avg:  0.3, Max:  0.4, Diff:  0.4, Sum:  1.3, Workers: 4
[91.246s][debug][gc,phases      ] GC(10)     Dead                           Min: 0, Avg:  1.0, Max: 4, Diff: 4, Sum: 4, Workers: 4
[91.246s][debug][gc,phases      ] GC(10)     Total                          Min: 0, Avg: 11215.5, Max: 15808, Diff: 15808, Sum: 44862, Workers: 4
[91.246s][debug][gc,phases      ] GC(10)   ResolvedMethodTable Weak       Min:  0.0, Avg:  0.1, Max:  0.2, Diff:  0.2, Sum:  0.5, Workers: 4
[91.246s][debug][gc,phases      ] GC(10)     Dead                           Min: 0, Avg: 17.2, Max: 36, Diff: 36, Sum: 69, Workers: 4
[91.246s][debug][gc,phases      ] GC(10)     Total                          Min: 0, Avg: 3548.0, Max: 4832, Diff: 4832, Sum: 14192, Workers: 4
[91.246s][debug][gc,phases      ] GC(10)   JNI Weak                       Min:  0.0, Avg:  0.0, Max:  0.0, Diff:  0.0, Sum:  0.0, Workers: 4
[91.246s][debug][gc,phases      ] GC(10)     Dead                           Min: 0, Avg:  0.0, Max: 0, Diff: 0, Sum: 0, Workers: 4
[91.246s][debug][gc,phases      ] GC(10)     Total                          Min: 0, Avg: 15.5, Max: 48, Diff: 48, Sum: 62, Workers: 4
[91.246s][debug][gc,phases      ] GC(10)   StringDedup Table Weak         Min:  0.0, Avg:  0.0, Max:  0.0, Diff:  0.0, Sum:  0.0, Workers: 4
[91.246s][debug][gc,phases      ] GC(10)     Dead                           Min: 0, Avg:  0.0, Max: 0, Diff: 0, Sum: 0, Workers: 4
[91.246s][debug][gc,phases      ] GC(10)     Total                          Min: 0, Avg:  0.0, Max: 0, Diff: 0, Sum: 0, Workers: 4
[91.246s][debug][gc,phases      ] GC(10)   StringDedup Requests0 Weak     Min:  0.0, Avg:  0.0, Max:  0.0, Diff:  0.0, Sum:  0.0, Workers: 4
[91.246s][debug][gc,phases      ] GC(10)     Dead                           Min: 0, Avg:  0.0, Max: 0, Diff: 0, Sum: 0, Workers: 4
[91.246s][debug][gc,phases      ] GC(10)     Total                          Min: 0, Avg:  0.0, Max: 0, Diff: 0, Sum: 0, Workers: 4
[91.246s][debug][gc,phases      ] GC(10)   StringDedup Requests1 Weak     Min:  0.0, Avg:  0.0, Max:  0.0, Diff:  0.0, Sum:  0.0, Workers: 4
[91.246s][debug][gc,phases      ] GC(10)     Dead                           Min: 0, Avg:  0.0, Max: 0, Diff: 0, Sum: 0, Workers: 4
[91.246s][debug][gc,phases      ] GC(10)     Total                          Min: 0, Avg:  0.0, Max: 0, Diff: 0, Sum: 0, Workers: 4
[91.246s][debug][gc,phases      ] GC(10)   Weak JFR Old Object Samples    Min:  0.0, Avg:  0.0, Max:  0.0, Diff:  0.0, Sum:  0.0, Workers: 4
[91.246s][debug][gc,phases      ] GC(10)     Dead                           Min: 0, Avg:  0.0, Max: 0, Diff: 0, Sum: 0, Workers: 4
[91.246s][debug][gc,phases      ] GC(10)     Total                          Min: 0, Avg:  0.0, Max: 0, Diff: 0, Sum: 0, Workers: 4
[91.246s][debug][gc,phases      ] GC(10) Weak Processing 0.779ms
[91.246s][debug][gc,age         ] GC(10) Desired survivor size 251658240 bytes, new threshold 4 (max threshold 15)
[91.246s][info ][gc,heap        ] GC(10) PSYoungGen: 1812323K(1824256K)->163290K(1785344K) Eden: 1622016K(1622016K)->0K(1622016K) From: 190307K(202240K)->163290K(163328K)
[91.246s][info ][gc,heap        ] GC(10) ParOldGen: 6321K(6656K)->60410K(60416K)
[91.246s][info ][gc,metaspace   ] GC(10) Metaspace: 101405K(102592K)->101405K(102592K) NonClass: 85824K(86528K)->85824K(86528K) Class: 15580K(16064K)->15580K(16064K)
[91.246s][info ][gc             ] GC(10) Pause Young (Allocation Failure) 1776M->218M(1802M) 99.576ms
[91.246s][info ][gc,cpu         ] GC(10) User=0.29s Sys=0.08s Real=0.10s
[91.246s][info ][safepoint      ] Safepoint "ParallelGCFailedAllocation", Time since last: 77811980 ns, Reaching safepoint: 5900 ns, Cleanup: 14800 ns, At safepoint: 99658062 ns, Total: 99678762 ns
[91.536s][info ][safepoint      ] Safepoint "ICBufferFull", Time since last: 289260738 ns, Reaching safepoint: 84900 ns, Cleanup: 162899 ns, At safepoint: 19300 ns, Total: 267099 ns
[91.684s][info ][safepoint      ] Safepoint "ICBufferFull", Time since last: 147355205 ns, Reaching safepoint: 148999 ns, Cleanup: 153899 ns, At safepoint: 7600 ns, Total: 310498 ns
[91.854s][info ][safepoint      ] Safepoint "ICBufferFull", Time since last: 170190581 ns, Reaching safepoint: 83600 ns, Cleanup: 168699 ns, At safepoint: 22900 ns, Total: 275199 ns
[92.178s][info ][safepoint      ] Safepoint "ICBufferFull", Time since last: 323314255 ns, Reaching safepoint: 5700 ns, Cleanup: 168099 ns, At safepoint: 13500 ns, Total: 187299 ns
[92.627s][info ][safepoint      ] Safepoint "ICBufferFull", Time since last: 449580473 ns, Reaching safepoint: 6000 ns, Cleanup: 171199 ns, At safepoint: 12800 ns, Total: 189999 ns
[93.113s][info ][safepoint      ] Safepoint "ICBufferFull", Time since last: 485096381 ns, Reaching safepoint: 88700 ns, Cleanup: 179499 ns, At safepoint: 18300 ns, Total: 286499 ns
[94.129s][info ][safepoint      ] Safepoint "ICBufferFull", Time since last: 1016586713 ns, Reaching safepoint: 5100 ns, Cleanup: 160699 ns, At safepoint: 7100 ns, Total: 172899 ns
[94.562s][info ][gc,start       ] GC(11) Pause Young (Allocation Failure)
[94.654s][debug][gc,phases      ] GC(11) Scavenge 91.823ms
[94.654s][debug][gc,ref         ] GC(11) ReferenceProcessor::execute queues: 2, RefProcThreadModel::Multi, marks_oops_alive: false
[94.655s][debug][gc,ref         ] GC(11) Skipped KeepAliveFinalRefsPhase of Reference Processing: no references
[94.655s][debug][gc,ref         ] GC(11) ReferenceProcessor::execute queues: 1, RefProcThreadModel::Single, marks_oops_alive: false
[94.655s][debug][gc,phases      ] GC(11) Reference Processing 0.313ms
[94.655s][debug][gc,phases      ] GC(11)   VM Weak                        Min:  0.0, Avg:  0.0, Max:  0.0, Diff:  0.0, Sum:  0.0, Workers: 4
[94.655s][debug][gc,phases      ] GC(11)     Dead                           Min: 0, Avg:  0.0, Max: 0, Diff: 0, Sum: 0, Workers: 4
[94.655s][debug][gc,phases      ] GC(11)     Total                          Min: 0, Avg: 235.0, Max: 576, Diff: 576, Sum: 940, Workers: 4
[94.655s][debug][gc,phases      ] GC(11)   ObjectSynchronizer Weak        Min:  0.0, Avg:  0.0, Max:  0.0, Diff:  0.0, Sum:  0.0, Workers: 4
[94.655s][debug][gc,phases      ] GC(11)     Dead                           Min: 0, Avg:  0.0, Max: 0, Diff: 0, Sum: 0, Workers: 4
[94.655s][debug][gc,phases      ] GC(11)     Total                          Min: 0, Avg:  1.8, Max: 7, Diff: 7, Sum: 7, Workers: 4
[94.655s][debug][gc,phases      ] GC(11)   JVMTI Tag Weak OopStorage      Min:  0.0, Avg:  0.0, Max:  0.0, Diff:  0.0, Sum:  0.0, Workers: 4
[94.655s][debug][gc,phases      ] GC(11)     Dead                           Min: 0, Avg:  0.0, Max: 0, Diff: 0, Sum: 0, Workers: 4
[94.655s][debug][gc,phases      ] GC(11)     Total                          Min: 0, Avg:  0.0, Max: 0, Diff: 0, Sum: 0, Workers: 4
[94.655s][debug][gc,phases      ] GC(11)   StringTable Weak               Min:  0.1, Avg:  0.3, Max:  0.3, Diff:  0.2, Sum:  1.1, Workers: 4
[94.655s][debug][gc,phases      ] GC(11)     Dead                           Min: 0, Avg:  2.2, Max: 7, Diff: 7, Sum: 9, Workers: 4
[94.655s][debug][gc,phases      ] GC(11)     Total                          Min: 3776, Avg: 11333.0, Max: 14400, Diff: 10624, Sum: 45332, Workers: 4
[94.655s][debug][gc,phases      ] GC(11)   ResolvedMethodTable Weak       Min:  0.1, Avg:  0.1, Max:  0.1, Diff:  0.0, Sum:  0.4, Workers: 4
[94.655s][debug][gc,phases      ] GC(11)     Dead                           Min: 18, Avg: 33.5, Max: 66, Diff: 48, Sum: 134, Workers: 4
[94.655s][debug][gc,phases      ] GC(11)     Total                          Min: 3317, Avg: 3671.8, Max: 3899, Diff: 582, Sum: 14687, Workers: 4
[94.655s][debug][gc,phases      ] GC(11)   JNI Weak                       Min:  0.0, Avg:  0.0, Max:  0.0, Diff:  0.0, Sum:  0.0, Workers: 4
[94.655s][debug][gc,phases      ] GC(11)     Dead                           Min: 0, Avg:  0.0, Max: 0, Diff: 0, Sum: 0, Workers: 4
[94.655s][debug][gc,phases      ] GC(11)     Total                          Min: 0, Avg: 17.8, Max: 48, Diff: 48, Sum: 71, Workers: 4
[94.655s][debug][gc,phases      ] GC(11)   StringDedup Table Weak         Min:  0.0, Avg:  0.0, Max:  0.0, Diff:  0.0, Sum:  0.0, Workers: 4
[94.655s][debug][gc,phases      ] GC(11)     Dead                           Min: 0, Avg:  0.0, Max: 0, Diff: 0, Sum: 0, Workers: 4
[94.655s][debug][gc,phases      ] GC(11)     Total                          Min: 0, Avg:  0.0, Max: 0, Diff: 0, Sum: 0, Workers: 4
[94.655s][debug][gc,phases      ] GC(11)   StringDedup Requests0 Weak     Min:  0.0, Avg:  0.0, Max:  0.0, Diff:  0.0, Sum:  0.0, Workers: 4
[94.655s][debug][gc,phases      ] GC(11)     Dead                           Min: 0, Avg:  0.0, Max: 0, Diff: 0, Sum: 0, Workers: 4
[94.655s][debug][gc,phases      ] GC(11)     Total                          Min: 0, Avg:  0.0, Max: 0, Diff: 0, Sum: 0, Workers: 4
[94.655s][debug][gc,phases      ] GC(11)   StringDedup Requests1 Weak     Min:  0.0, Avg:  0.0, Max:  0.0, Diff:  0.0, Sum:  0.0, Workers: 4
[94.655s][debug][gc,phases      ] GC(11)     Dead                           Min: 0, Avg:  0.0, Max: 0, Diff: 0, Sum: 0, Workers: 4
[94.655s][debug][gc,phases      ] GC(11)     Total                          Min: 0, Avg:  0.0, Max: 0, Diff: 0, Sum: 0, Workers: 4
[94.655s][debug][gc,phases      ] GC(11)   Weak JFR Old Object Samples    Min:  0.0, Avg:  0.0, Max:  0.0, Diff:  0.0, Sum:  0.0, Workers: 4
[94.655s][debug][gc,phases      ] GC(11)     Dead                           Min: 0, Avg:  0.0, Max: 0, Diff: 0, Sum: 0, Workers: 4
[94.655s][debug][gc,phases      ] GC(11)     Total                          Min: 0, Avg:  0.0, Max: 0, Diff: 0, Sum: 0, Workers: 4
[94.655s][debug][gc,phases      ] GC(11) Weak Processing 0.624ms
[94.655s][debug][gc,age         ] GC(11) Desired survivor size 238026752 bytes, new threshold 3 (max threshold 15)
[94.655s][info ][gc,heap        ] GC(11) PSYoungGen: 1785306K(1785344K)->109523K(1864704K) Eden: 1622016K(1622016K)->0K(1618944K) From: 163290K(163328K)->109523K(245760K)
[94.655s][info ][gc,heap        ] GC(11) ParOldGen: 60410K(60416K)->125366K(125440K)
[94.655s][info ][gc,metaspace   ] GC(11) Metaspace: 102853K(104128K)->102853K(104128K) NonClass: 87073K(87808K)->87073K(87808K) Class: 15779K(16320K)->15779K(16320K)
[94.655s][info ][gc             ] GC(11) Pause Young (Allocation Failure) 1802M->229M(1943M) 92.881ms
[94.655s][info ][gc,cpu         ] GC(11) User=0.27s Sys=0.06s Real=0.09s
[94.655s][info ][safepoint      ] Safepoint "ParallelGCFailedAllocation", Time since last: 432796364 ns, Reaching safepoint: 87199 ns, Cleanup: 78700 ns, At safepoint: 92970198 ns, Total: 93136097 ns
[95.656s][info ][safepoint      ] Safepoint "Cleanup", Time since last: 1000092802 ns, Reaching safepoint: 7700 ns, Cleanup: 150499 ns, At safepoint: 2500 ns, Total: 160699 ns
[96.656s][info ][safepoint      ] Safepoint "Cleanup", Time since last: 1000121639 ns, Reaching safepoint: 8200 ns, Cleanup: 78299 ns, At safepoint: 2600 ns, Total: 89099 ns
[97.656s][info ][safepoint      ] Safepoint "Cleanup", Time since last: 1000121604 ns, Reaching safepoint: 8000 ns, Cleanup: 45099 ns, At safepoint: 2200 ns, Total: 55299 ns
[98.656s][info ][safepoint      ] Safepoint "Cleanup", Time since last: 1000132504 ns, Reaching safepoint: 8700 ns, Cleanup: 84199 ns, At safepoint: 2300 ns, Total: 95199 ns
[99.656s][info ][safepoint      ] Safepoint "Cleanup", Time since last: 1000127604 ns, Reaching safepoint: 9400 ns, Cleanup: 35100 ns, At safepoint: 2800 ns, Total: 47300 ns
[100.657s][info ][safepoint      ] Safepoint "Cleanup", Time since last: 1000128403 ns, Reaching safepoint: 8600 ns, Cleanup: 33700 ns, At safepoint: 3100 ns, Total: 45400 ns
[101.657s][info ][safepoint      ] Safepoint "Cleanup", Time since last: 1000126703 ns, Reaching safepoint: 8600 ns, Cleanup: 88900 ns, At safepoint: 2700 ns, Total: 100200 ns
[102.657s][info ][safepoint      ] Safepoint "Cleanup", Time since last: 1000133703 ns, Reaching safepoint: 9300 ns, Cleanup: 91500 ns, At safepoint: 7400 ns, Total: 108200 ns
[103.657s][info ][safepoint      ] Safepoint "Cleanup", Time since last: 1000148603 ns, Reaching safepoint: 84500 ns, Cleanup: 39099 ns, At safepoint: 8200 ns, Total: 131799 ns
[104.658s][info ][safepoint      ] Safepoint "Cleanup", Time since last: 1000123811 ns, Reaching safepoint: 80800 ns, Cleanup: 25600 ns, At safepoint: 6400 ns, Total: 112800 ns
[105.658s][info ][safepoint      ] Safepoint "Cleanup", Time since last: 1000146256 ns, Reaching safepoint: 99800 ns, Cleanup: 20500 ns, At safepoint: 9600 ns, Total: 129900 ns
[106.658s][info ][safepoint      ] Safepoint "Cleanup", Time since last: 1000143256 ns, Reaching safepoint: 83200 ns, Cleanup: 13200 ns, At safepoint: 10200 ns, Total: 106600 ns
[107.658s][info ][safepoint      ] Safepoint "Cleanup", Time since last: 1000131756 ns, Reaching safepoint: 84900 ns, Cleanup: 19800 ns, At safepoint: 7200 ns, Total: 111900 ns
[108.659s][info ][safepoint      ] Safepoint "Cleanup", Time since last: 1000134356 ns, Reaching safepoint: 83200 ns, Cleanup: 29000 ns, At safepoint: 12800 ns, Total: 125000 ns
[109.659s][info ][safepoint      ] Safepoint "Cleanup", Time since last: 1000141356 ns, Reaching safepoint: 79300 ns, Cleanup: 41800 ns, At safepoint: 8499 ns, Total: 129599 ns
[110.659s][info ][safepoint      ] Safepoint "Cleanup", Time since last: 1000095657 ns, Reaching safepoint: 84800 ns, Cleanup: 17400 ns, At safepoint: 8400 ns, Total: 110600 ns
[111.614s][info ][gc,start       ] GC(12) Pause Young (CodeCache GC Threshold)
[111.639s][debug][gc,phases      ] GC(12) Scavenge 25.231ms
[111.639s][debug][gc,ref         ] GC(12) ReferenceProcessor::execute queues: 1, RefProcThreadModel::Single, marks_oops_alive: false
[111.639s][debug][gc,ref         ] GC(12) Skipped KeepAliveFinalRefsPhase of Reference Processing: no references
[111.639s][debug][gc,ref         ] GC(12) ReferenceProcessor::execute queues: 1, RefProcThreadModel::Single, marks_oops_alive: false
[111.639s][debug][gc,phases      ] GC(12) Reference Processing 0.175ms
[111.639s][debug][gc,phases      ] GC(12)   VM Weak                        Min:  0.0, Avg:  0.0, Max:  0.0, Diff:  0.0, Sum:  0.0, Workers: 4
[111.639s][debug][gc,phases      ] GC(12)     Dead                           Min: 0, Avg:  0.0, Max: 0, Diff: 0, Sum: 0, Workers: 4
[111.639s][debug][gc,phases      ] GC(12)     Total                          Min: 0, Avg: 237.0, Max: 692, Diff: 692, Sum: 948, Workers: 4
[111.639s][debug][gc,phases      ] GC(12)   ObjectSynchronizer Weak        Min:  0.0, Avg:  0.0, Max:  0.0, Diff:  0.0, Sum:  0.0, Workers: 4
[111.639s][debug][gc,phases      ] GC(12)     Dead                           Min: 0, Avg:  0.0, Max: 0, Diff: 0, Sum: 0, Workers: 4
[111.639s][debug][gc,phases      ] GC(12)     Total                          Min: 0, Avg:  1.8, Max: 7, Diff: 7, Sum: 7, Workers: 4
[111.639s][debug][gc,phases      ] GC(12)   JVMTI Tag Weak OopStorage      Min:  0.0, Avg:  0.0, Max:  0.0, Diff:  0.0, Sum:  0.0, Workers: 4
[111.639s][debug][gc,phases      ] GC(12)     Dead                           Min: 0, Avg:  0.0, Max: 0, Diff: 0, Sum: 0, Workers: 4
[111.639s][debug][gc,phases      ] GC(12)     Total                          Min: 0, Avg:  0.0, Max: 0, Diff: 0, Sum: 0, Workers: 4
[111.639s][debug][gc,phases      ] GC(12)   StringTable Weak               Min:  0.0, Avg:  0.1, Max:  0.2, Diff:  0.2, Sum:  0.5, Workers: 4
[111.640s][debug][gc,phases      ] GC(12)     Dead                           Min: 0, Avg:  0.8, Max: 2, Diff: 2, Sum: 3, Workers: 4
[111.640s][debug][gc,phases      ] GC(12)     Total                          Min: 0, Avg: 11365.0, Max: 18752, Diff: 18752, Sum: 45460, Workers: 4
[111.640s][debug][gc,phases      ] GC(12)   ResolvedMethodTable Weak       Min:  0.0, Avg:  0.1, Max:  0.1, Diff:  0.1, Sum:  0.2, Workers: 4
[111.640s][debug][gc,phases      ] GC(12)     Dead                           Min: 0, Avg:  8.2, Max: 33, Diff: 33, Sum: 33, Workers: 4
[111.640s][debug][gc,phases      ] GC(12)     Total                          Min: 0, Avg: 3692.2, Max: 5024, Diff: 5024, Sum: 14769, Workers: 4
[111.640s][debug][gc,phases      ] GC(12)   JNI Weak                       Min:  0.0, Avg:  0.0, Max:  0.0, Diff:  0.0, Sum:  0.0, Workers: 4
[111.640s][debug][gc,phases      ] GC(12)     Dead                           Min: 0, Avg:  0.0, Max: 0, Diff: 0, Sum: 0, Workers: 4
[111.640s][debug][gc,phases      ] GC(12)     Total                          Min: 0, Avg: 13.5, Max: 48, Diff: 48, Sum: 54, Workers: 4
[111.640s][debug][gc,phases      ] GC(12)   StringDedup Table Weak         Min:  0.0, Avg:  0.0, Max:  0.0, Diff:  0.0, Sum:  0.0, Workers: 4
[111.640s][debug][gc,phases      ] GC(12)     Dead                           Min: 0, Avg:  0.0, Max: 0, Diff: 0, Sum: 0, Workers: 4
[111.640s][debug][gc,phases      ] GC(12)     Total                          Min: 0, Avg:  0.0, Max: 0, Diff: 0, Sum: 0, Workers: 4
[111.640s][debug][gc,phases      ] GC(12)   StringDedup Requests0 Weak     Min:  0.0, Avg:  0.0, Max:  0.0, Diff:  0.0, Sum:  0.0, Workers: 4
[111.640s][debug][gc,phases      ] GC(12)     Dead                           Min: 0, Avg:  0.0, Max: 0, Diff: 0, Sum: 0, Workers: 4
[111.640s][debug][gc,phases      ] GC(12)     Total                          Min: 0, Avg:  0.0, Max: 0, Diff: 0, Sum: 0, Workers: 4
[111.640s][debug][gc,phases      ] GC(12)   StringDedup Requests1 Weak     Min:  0.0, Avg:  0.0, Max:  0.0, Diff:  0.0, Sum:  0.0, Workers: 4
[111.640s][debug][gc,phases      ] GC(12)     Dead                           Min: 0, Avg:  0.0, Max: 0, Diff: 0, Sum: 0, Workers: 4
[111.640s][debug][gc,phases      ] GC(12)     Total                          Min: 0, Avg:  0.0, Max: 0, Diff: 0, Sum: 0, Workers: 4
[111.640s][debug][gc,phases      ] GC(12)   Weak JFR Old Object Samples    Min:  0.0, Avg:  0.0, Max:  0.0, Diff:  0.0, Sum:  0.0, Workers: 4
[111.640s][debug][gc,phases      ] GC(12)     Dead                           Min: 0, Avg:  0.0, Max: 0, Diff: 0, Sum: 0, Workers: 4
[111.640s][debug][gc,phases      ] GC(12)     Total                          Min: 0, Avg:  0.0, Max: 0, Diff: 0, Sum: 0, Workers: 4
[111.640s][debug][gc,phases      ] GC(12) Weak Processing 0.558ms
[111.640s][debug][gc,age         ] GC(12) Desired survivor size 229113856 bytes, new threshold 2 (max threshold 15)
[111.640s][info ][gc,heap        ] GC(12) PSYoungGen: 903780K(1864704K)->98732K(1851392K) Eden: 794257K(1618944K)->0K(1618944K) From: 109523K(245760K)->98732K(232448K)
[111.640s][info ][gc,heap        ] GC(12) ParOldGen: 125366K(125440K)->132124K(132608K)
[111.640s][info ][gc,metaspace   ] GC(12) Metaspace: 103269K(104512K)->103269K(104512K) NonClass: 87456K(88192K)->87456K(88192K) Class: 15812K(16320K)->15812K(16320K)
[111.640s][info ][gc             ] GC(12) Pause Young (CodeCache GC Threshold) 1005M->225M(1937M) 26.100ms
[111.640s][info ][gc,cpu         ] GC(12) User=0.10s Sys=0.00s Real=0.03s
[111.640s][debug][gc,phases      ] GC(13) Pre Compact 0.010ms
[111.640s][info ][gc,start       ] GC(13) Pause Full (CodeCache GC Threshold)
[111.640s][info ][gc,phases,start] GC(13) Marking Phase
[111.719s][debug][gc,phases      ] GC(13) Par Mark 79.392ms
[111.720s][debug][gc,ref         ] GC(13) ReferenceProcessor::execute queues: 4, RefProcThreadModel::Multi, marks_oops_alive: false
[111.720s][debug][gc,ref         ] GC(13) Skipped KeepAliveFinalRefsPhase of Reference Processing: no references
[111.720s][debug][gc,ref         ] GC(13) ReferenceProcessor::execute queues: 1, RefProcThreadModel::Single, marks_oops_alive: false
[111.720s][debug][gc,phases      ] GC(13) Reference Processing 1.244ms
[111.721s][debug][gc,phases      ] GC(13)   VM Weak                        Min:  0.0, Avg:  0.0, Max:  0.0, Diff:  0.0, Sum:  0.0, Workers: 4
[111.721s][debug][gc,phases      ] GC(13)     Dead                           Min: 0, Avg:  0.0, Max: 0, Diff: 0, Sum: 0, Workers: 4
[111.721s][debug][gc,phases      ] GC(13)     Total                          Min: 0, Avg: 237.0, Max: 384, Diff: 384, Sum: 948, Workers: 4
[111.721s][debug][gc,phases      ] GC(13)   ObjectSynchronizer Weak        Min:  0.0, Avg:  0.0, Max:  0.0, Diff:  0.0, Sum:  0.0, Workers: 4
[111.721s][debug][gc,phases      ] GC(13)     Dead                           Min: 0, Avg:  0.0, Max: 0, Diff: 0, Sum: 0, Workers: 4
[111.721s][debug][gc,phases      ] GC(13)     Total                          Min: 0, Avg:  1.8, Max: 7, Diff: 7, Sum: 7, Workers: 4
[111.721s][debug][gc,phases      ] GC(13)   JVMTI Tag Weak OopStorage      Min:  0.0, Avg:  0.0, Max:  0.0, Diff:  0.0, Sum:  0.0, Workers: 4
[111.721s][debug][gc,phases      ] GC(13)     Dead                           Min: 0, Avg:  0.0, Max: 0, Diff: 0, Sum: 0, Workers: 4
[111.721s][debug][gc,phases      ] GC(13)     Total                          Min: 0, Avg:  0.0, Max: 0, Diff: 0, Sum: 0, Workers: 4
[111.721s][debug][gc,phases      ] GC(13)   StringTable Weak               Min:  0.2, Avg:  0.2, Max:  0.2, Diff:  0.0, Sum:  0.8, Workers: 4
[111.721s][debug][gc,phases      ] GC(13)     Dead                           Min: 0, Avg:  0.0, Max: 0, Diff: 0, Sum: 0, Workers: 4
[111.721s][debug][gc,phases      ] GC(13)     Total                          Min: 10880, Avg: 11365.0, Max: 11988, Diff: 1108, Sum: 45460, Workers: 4
[111.721s][debug][gc,phases      ] GC(13)   ResolvedMethodTable Weak       Min:  0.1, Avg:  0.1, Max:  0.1, Diff:  0.0, Sum:  0.2, Workers: 4
[111.721s][debug][gc,phases      ] GC(13)     Dead                           Min: 0, Avg:  0.0, Max: 0, Diff: 0, Sum: 0, Workers: 4
[111.721s][debug][gc,phases      ] GC(13)     Total                          Min: 3570, Avg: 3692.2, Max: 3923, Diff: 353, Sum: 14769, Workers: 4
[111.721s][debug][gc,phases      ] GC(13)   JNI Weak                       Min:  0.0, Avg:  0.0, Max:  0.0, Diff:  0.0, Sum:  0.0, Workers: 4
[111.721s][debug][gc,phases      ] GC(13)     Dead                           Min: 0, Avg:  0.0, Max: 0, Diff: 0, Sum: 0, Workers: 4
[111.721s][debug][gc,phases      ] GC(13)     Total                          Min: 0, Avg: 13.5, Max: 48, Diff: 48, Sum: 54, Workers: 4
[111.721s][debug][gc,phases      ] GC(13)   StringDedup Table Weak         Min:  0.0, Avg:  0.0, Max:  0.0, Diff:  0.0, Sum:  0.0, Workers: 4
[111.721s][debug][gc,phases      ] GC(13)     Dead                           Min: 0, Avg:  0.0, Max: 0, Diff: 0, Sum: 0, Workers: 4
[111.721s][debug][gc,phases      ] GC(13)     Total                          Min: 0, Avg:  0.0, Max: 0, Diff: 0, Sum: 0, Workers: 4
[111.721s][debug][gc,phases      ] GC(13)   StringDedup Requests0 Weak     Min:  0.0, Avg:  0.0, Max:  0.0, Diff:  0.0, Sum:  0.0, Workers: 4
[111.721s][debug][gc,phases      ] GC(13)     Dead                           Min: 0, Avg:  0.0, Max: 0, Diff: 0, Sum: 0, Workers: 4
[111.721s][debug][gc,phases      ] GC(13)     Total                          Min: 0, Avg:  0.0, Max: 0, Diff: 0, Sum: 0, Workers: 4
[111.721s][debug][gc,phases      ] GC(13)   StringDedup Requests1 Weak     Min:  0.0, Avg:  0.0, Max:  0.0, Diff:  0.0, Sum:  0.0, Workers: 4
[111.721s][debug][gc,phases      ] GC(13)     Dead                           Min: 0, Avg:  0.0, Max: 0, Diff: 0, Sum: 0, Workers: 4
[111.721s][debug][gc,phases      ] GC(13)     Total                          Min: 0, Avg:  0.0, Max: 0, Diff: 0, Sum: 0, Workers: 4
[111.721s][debug][gc,phases      ] GC(13)   Weak JFR Old Object Samples    Min:  0.0, Avg:  0.0, Max:  0.0, Diff:  0.0, Sum:  0.0, Workers: 4
[111.721s][debug][gc,phases      ] GC(13)     Dead                           Min: 0, Avg:  0.0, Max: 0, Diff: 0, Sum: 0, Workers: 4
[111.721s][debug][gc,phases      ] GC(13)     Total                          Min: 0, Avg:  0.0, Max: 0, Diff: 0, Sum: 0, Workers: 4
[111.721s][debug][gc,phases      ] GC(13) Weak Processing 0.441ms
[111.721s][debug][gc,phases      ] GC(13) ClassLoaderData 0.138ms
[111.721s][debug][gc,phases      ] GC(13) Trigger cleanups 0.000ms
[111.764s][debug][gc,phases      ] GC(13) Purge Unlinked NMethods 1.123ms
[111.764s][debug][gc,phases      ] GC(13) Unregister NMethods 0.004ms
[111.764s][debug][gc,phases      ] GC(13) Free Code Blobs 0.201ms
[111.764s][debug][gc,phases      ] GC(13) Class Unloading 43.083ms
[111.764s][debug][gc,phases      ] GC(13) Report Object Count 0.001ms
[111.764s][info ][gc,phases      ] GC(13) Marking Phase 124.226ms
[111.764s][info ][gc,phases,start] GC(13) Summary Phase
[111.764s][info ][gc,phases      ] GC(13) Summary Phase 0.007ms
[111.764s][info ][gc,phases,start] GC(13) Adjust Roots
[111.788s][info ][gc,phases      ] GC(13) Adjust Roots 24.308ms
[111.788s][info ][gc,phases,start] GC(13) Compaction Phase
[112.036s][info ][gc,phases      ] GC(13) Compaction Phase 247.824ms
[112.036s][info ][gc,phases,start] GC(13) Post Compact
[112.038s][debug][gc,phases      ] GC(13) Purge Class Loader Data 0.379ms
[112.038s][info ][gc,phases      ] GC(13) Post Compact 1.433ms
[112.038s][info ][gc,heap        ] GC(13) PSYoungGen: 98732K(1851392K)->95984K(1851392K) Eden: 0K(1618944K)->0K(1618944K) From: 98732K(232448K)->95984K(232448K)
[112.038s][info ][gc,heap        ] GC(13) ParOldGen: 132124K(132608K)->132434K(132608K)
[112.038s][info ][gc,metaspace   ] GC(13) Metaspace: 103269K(104512K)->103269K(104512K) NonClass: 87456K(88192K)->87456K(88192K) Class: 15812K(16320K)->15812K(16320K)
[112.038s][info ][gc             ] GC(13) Pause Full (CodeCache GC Threshold) 225M->223M(1937M) 397.961ms
[112.038s][info ][gc,cpu         ] GC(13) User=1.27s Sys=0.01s Real=0.39s
[112.038s][info ][safepoint      ] Safepoint "ParallelGCSystemGC", Time since last: 954366315 ns, Reaching safepoint: 83399 ns, Cleanup: 18100 ns, At safepoint: 424204907 ns, Total: 424306406 ns
[113.038s][info ][safepoint      ] Safepoint "Cleanup", Time since last: 1000105917 ns, Reaching safepoint: 9400 ns, Cleanup: 103700 ns, At safepoint: 3699 ns, Total: 116799 ns
[114.038s][info ][safepoint      ] Safepoint "Cleanup", Time since last: 1000129218 ns, Reaching safepoint: 8100 ns, Cleanup: 20200 ns, At safepoint: 2300 ns, Total: 30600 ns
[115.038s][info ][safepoint      ] Safepoint "Cleanup", Time since last: 1000126517 ns, Reaching safepoint: 8600 ns, Cleanup: 22700 ns, At safepoint: 2800 ns, Total: 34100 ns
[116.038s][info ][safepoint      ] Safepoint "Cleanup", Time since last: 1000116118 ns, Reaching safepoint: 7100 ns, Cleanup: 16399 ns, At safepoint: 2500 ns, Total: 25999 ns
[117.039s][info ][safepoint      ] Safepoint "Cleanup", Time since last: 1000121718 ns, Reaching safepoint: 9400 ns, Cleanup: 36200 ns, At safepoint: 3300 ns, Total: 48900 ns
[118.039s][info ][safepoint      ] Safepoint "Cleanup", Time since last: 1000140517 ns, Reaching safepoint: 9000 ns, Cleanup: 16700 ns, At safepoint: 2900 ns, Total: 28600 ns
[119.039s][info ][safepoint      ] Safepoint "Cleanup", Time since last: 1000124717 ns, Reaching safepoint: 5800 ns, Cleanup: 23800 ns, At safepoint: 4600 ns, Total: 34200 ns
[120.039s][info ][safepoint      ] Safepoint "Cleanup", Time since last: 1000122118 ns, Reaching safepoint: 7500 ns, Cleanup: 10700 ns, At safepoint: 2500 ns, Total: 20700 ns
[121.088s][info ][safepoint      ] Safepoint "Cleanup", Time since last: 1048465532 ns, Reaching safepoint: 9600 ns, Cleanup: 11200 ns, At safepoint: 2500 ns, Total: 23300 ns
[122.088s][info ][safepoint      ] Safepoint "Cleanup", Time since last: 1000118095 ns, Reaching safepoint: 7800 ns, Cleanup: 19800 ns, At safepoint: 3200 ns, Total: 30800 ns
[123.990s][info ][safepoint      ] Safepoint "Cleanup", Time since last: 1901968421 ns, Reaching safepoint: 7500 ns, Cleanup: 82199 ns, At safepoint: 2300 ns, Total: 91999 ns
[124.990s][info ][safepoint      ] Safepoint "Cleanup", Time since last: 1000128395 ns, Reaching safepoint: 30400 ns, Cleanup: 47800 ns, At safepoint: 2900 ns, Total: 81100 ns
[125.990s][info ][safepoint      ] Safepoint "Cleanup", Time since last: 1000129395 ns, Reaching safepoint: 6700 ns, Cleanup: 18000 ns, At safepoint: 2400 ns, Total: 27100 ns
[126.990s][info ][safepoint      ] Safepoint "Cleanup", Time since last: 1000110995 ns, Reaching safepoint: 6500 ns, Cleanup: 19000 ns, At safepoint: 2000 ns, Total: 27500 ns
[127.990s][info ][safepoint      ] Safepoint "Cleanup", Time since last: 1000112695 ns, Reaching safepoint: 6200 ns, Cleanup: 24399 ns, At safepoint: 2100 ns, Total: 32699 ns
[128.991s][info ][safepoint      ] Safepoint "Cleanup", Time since last: 1000127143 ns, Reaching safepoint: 7800 ns, Cleanup: 34900 ns, At safepoint: 2100 ns, Total: 44800 ns
[129.991s][info ][safepoint      ] Safepoint "Cleanup", Time since last: 1000131063 ns, Reaching safepoint: 7200 ns, Cleanup: 10800 ns, At safepoint: 2200 ns, Total: 20200 ns
[130.991s][info ][safepoint      ] Safepoint "Cleanup", Time since last: 1000121766 ns, Reaching safepoint: 8300 ns, Cleanup: 26500 ns, At safepoint: 2800 ns, Total: 37600 ns
[131.991s][info ][safepoint      ] Safepoint "Cleanup", Time since last: 1000142751 ns, Reaching safepoint: 6700 ns, Cleanup: 18900 ns, At safepoint: 2400 ns, Total: 28000 ns
[132.991s][info ][safepoint      ] Safepoint "Cleanup", Time since last: 1000131051 ns, Reaching safepoint: 7899 ns, Cleanup: 34000 ns, At safepoint: 2300 ns, Total: 44199 ns
[133.991s][info ][safepoint      ] Safepoint "Cleanup", Time since last: 1000131251 ns, Reaching safepoint: 7300 ns, Cleanup: 16400 ns, At safepoint: 3000 ns, Total: 26700 ns
[134.992s][info ][safepoint      ] Safepoint "Cleanup", Time since last: 1000146251 ns, Reaching safepoint: 7100 ns, Cleanup: 27500 ns, At safepoint: 2600 ns, Total: 37200 ns
[135.992s][info ][safepoint      ] Safepoint "Cleanup", Time since last: 1000129651 ns, Reaching safepoint: 7600 ns, Cleanup: 13900 ns, At safepoint: 2900 ns, Total: 24400 ns
[136.992s][info ][safepoint      ] Safepoint "Cleanup", Time since last: 1000132996 ns, Reaching safepoint: 7100 ns, Cleanup: 14000 ns, At safepoint: 2000 ns, Total: 23100 ns
[137.992s][info ][safepoint      ] Safepoint "Cleanup", Time since last: 1000140640 ns, Reaching safepoint: 8200 ns, Cleanup: 16300 ns, At safepoint: 2200 ns, Total: 26700 ns
[138.992s][info ][safepoint      ] Safepoint "Cleanup", Time since last: 1000131939 ns, Reaching safepoint: 8700 ns, Cleanup: 22200 ns, At safepoint: 2500 ns, Total: 33400 ns
[139.992s][info ][safepoint      ] Safepoint "Cleanup", Time since last: 1000123840 ns, Reaching safepoint: 5800 ns, Cleanup: 13200 ns, At safepoint: 1900 ns, Total: 20900 ns
[140.993s][info ][safepoint      ] Safepoint "Cleanup", Time since last: 1000125540 ns, Reaching safepoint: 7800 ns, Cleanup: 15899 ns, At safepoint: 2800 ns, Total: 26499 ns
[141.993s][info ][safepoint      ] Safepoint "Cleanup", Time since last: 1000141640 ns, Reaching safepoint: 7800 ns, Cleanup: 25700 ns, At safepoint: 2600 ns, Total: 36100 ns
[142.993s][info ][safepoint      ] Safepoint "Cleanup", Time since last: 1000117840 ns, Reaching safepoint: 7400 ns, Cleanup: 17599 ns, At safepoint: 1900 ns, Total: 26899 ns
[143.993s][info ][safepoint      ] Safepoint "Cleanup", Time since last: 1000127053 ns, Reaching safepoint: 7500 ns, Cleanup: 17000 ns, At safepoint: 2800 ns, Total: 27300 ns
[145.993s][info ][safepoint      ] Safepoint "Cleanup", Time since last: 2000201127 ns, Reaching safepoint: 7400 ns, Cleanup: 19100 ns, At safepoint: 2300 ns, Total: 28800 ns
[146.993s][info ][safepoint      ] Safepoint "Cleanup", Time since last: 1000134607 ns, Reaching safepoint: 8100 ns, Cleanup: 19400 ns, At safepoint: 3199 ns, Total: 30699 ns
[147.994s][info ][safepoint      ] Safepoint "Cleanup", Time since last: 1000120908 ns, Reaching safepoint: 7899 ns, Cleanup: 10400 ns, At safepoint: 1800 ns, Total: 20099 ns
[148.994s][info ][safepoint      ] Safepoint "Cleanup", Time since last: 1000120807 ns, Reaching safepoint: 6200 ns, Cleanup: 19700 ns, At safepoint: 2100 ns, Total: 28000 ns
[149.994s][info ][safepoint      ] Safepoint "Cleanup", Time since last: 1000124107 ns, Reaching safepoint: 8600 ns, Cleanup: 15000 ns, At safepoint: 2200 ns, Total: 25800 ns
[150.994s][info ][safepoint      ] Safepoint "Cleanup", Time since last: 1000138007 ns, Reaching safepoint: 9100 ns, Cleanup: 17700 ns, At safepoint: 3100 ns, Total: 29900 ns
[151.994s][info ][safepoint      ] Safepoint "Cleanup", Time since last: 1000136507 ns, Reaching safepoint: 8900 ns, Cleanup: 11300 ns, At safepoint: 2400 ns, Total: 22600 ns
[152.994s][info ][safepoint      ] Safepoint "Cleanup", Time since last: 1000126011 ns, Reaching safepoint: 9100 ns, Cleanup: 22900 ns, At safepoint: 3000 ns, Total: 35000 ns
[153.994s][info ][safepoint      ] Safepoint "Cleanup", Time since last: 1000134301 ns, Reaching safepoint: 6700 ns, Cleanup: 12400 ns, At safepoint: 2300 ns, Total: 21400 ns
[154.995s][info ][safepoint      ] Safepoint "Cleanup", Time since last: 1000101701 ns, Reaching safepoint: 5900 ns, Cleanup: 9100 ns, At safepoint: 1700 ns, Total: 16700 ns
[155.995s][info ][safepoint      ] Safepoint "Cleanup", Time since last: 1000108501 ns, Reaching safepoint: 6700 ns, Cleanup: 10000 ns, At safepoint: 1900 ns, Total: 18600 ns
[158.995s][info ][safepoint      ] Safepoint "Cleanup", Time since last: 3000273504 ns, Reaching safepoint: 7000 ns, Cleanup: 18900 ns, At safepoint: 2300 ns, Total: 28200 ns
[159.360s][info ][gc,start       ] GC(14) Pause Young (Allocation Failure)
[159.432s][debug][gc,phases      ] GC(14) Scavenge 72.156ms
[159.433s][debug][gc,ref         ] GC(14) ReferenceProcessor::execute queues: 1, RefProcThreadModel::Single, marks_oops_alive: false
[159.433s][debug][gc,ref         ] GC(14) Skipped KeepAliveFinalRefsPhase of Reference Processing: no references
[159.433s][debug][gc,ref         ] GC(14) ReferenceProcessor::execute queues: 1, RefProcThreadModel::Single, marks_oops_alive: false
[159.433s][debug][gc,phases      ] GC(14) Reference Processing 0.113ms
[159.433s][debug][gc,phases      ] GC(14)   VM Weak                        Min:  0.0, Avg:  0.0, Max:  0.0, Diff:  0.0, Sum:  0.0, Workers: 4
[159.433s][debug][gc,phases      ] GC(14)     Dead                           Min: 0, Avg:  0.0, Max: 0, Diff: 0, Sum: 0, Workers: 4
[159.433s][debug][gc,phases      ] GC(14)     Total                          Min: 0, Avg: 237.5, Max: 694, Diff: 694, Sum: 950, Workers: 4
[159.433s][debug][gc,phases      ] GC(14)   ObjectSynchronizer Weak        Min:  0.0, Avg:  0.0, Max:  0.0, Diff:  0.0, Sum:  0.0, Workers: 4
[159.433s][debug][gc,phases      ] GC(14)     Dead                           Min: 0, Avg:  0.0, Max: 0, Diff: 0, Sum: 0, Workers: 4
[159.433s][debug][gc,phases      ] GC(14)     Total                          Min: 0, Avg:  0.8, Max: 3, Diff: 3, Sum: 3, Workers: 4
[159.433s][debug][gc,phases      ] GC(14)   JVMTI Tag Weak OopStorage      Min:  0.0, Avg:  0.0, Max:  0.0, Diff:  0.0, Sum:  0.0, Workers: 4
[159.433s][debug][gc,phases      ] GC(14)     Dead                           Min: 0, Avg:  0.0, Max: 0, Diff: 0, Sum: 0, Workers: 4
[159.433s][debug][gc,phases      ] GC(14)     Total                          Min: 0, Avg:  0.0, Max: 0, Diff: 0, Sum: 0, Workers: 4
[159.433s][debug][gc,phases      ] GC(14)   StringTable Weak               Min:  0.1, Avg:  0.1, Max:  0.1, Diff:  0.0, Sum:  0.4, Workers: 4
[159.433s][debug][gc,phases      ] GC(14)     Dead                           Min: 0, Avg:  0.2, Max: 1, Diff: 1, Sum: 1, Workers: 4
[159.433s][debug][gc,phases      ] GC(14)     Total                          Min: 10880, Avg: 11390.5, Max: 11968, Diff: 1088, Sum: 45562, Workers: 4
[159.433s][debug][gc,phases      ] GC(14)   ResolvedMethodTable Weak       Min:  0.0, Avg:  0.0, Max:  0.0, Diff:  0.0, Sum:  0.2, Workers: 4
[159.433s][debug][gc,phases      ] GC(14)     Dead                           Min: 0, Avg:  4.2, Max: 15, Diff: 15, Sum: 17, Workers: 4
[159.433s][debug][gc,phases      ] GC(14)     Total                          Min: 3421, Avg: 3702.5, Max: 3933, Diff: 512, Sum: 14810, Workers: 4
[159.433s][debug][gc,phases      ] GC(14)   JNI Weak                       Min:  0.0, Avg:  0.0, Max:  0.0, Diff:  0.0, Sum:  0.0, Workers: 4
[159.433s][debug][gc,phases      ] GC(14)     Dead                           Min: 0, Avg:  0.0, Max: 0, Diff: 0, Sum: 0, Workers: 4
[159.433s][debug][gc,phases      ] GC(14)     Total                          Min: 0, Avg: 13.0, Max: 52, Diff: 52, Sum: 52, Workers: 4
[159.433s][debug][gc,phases      ] GC(14)   StringDedup Table Weak         Min:  0.0, Avg:  0.0, Max:  0.0, Diff:  0.0, Sum:  0.0, Workers: 4
[159.433s][debug][gc,phases      ] GC(14)     Dead                           Min: 0, Avg:  0.0, Max: 0, Diff: 0, Sum: 0, Workers: 4
[159.433s][debug][gc,phases      ] GC(14)     Total                          Min: 0, Avg:  0.0, Max: 0, Diff: 0, Sum: 0, Workers: 4
[159.433s][debug][gc,phases      ] GC(14)   StringDedup Requests0 Weak     Min:  0.0, Avg:  0.0, Max:  0.0, Diff:  0.0, Sum:  0.0, Workers: 4
[159.433s][debug][gc,phases      ] GC(14)     Dead                           Min: 0, Avg:  0.0, Max: 0, Diff: 0, Sum: 0, Workers: 4
[159.433s][debug][gc,phases      ] GC(14)     Total                          Min: 0, Avg:  0.0, Max: 0, Diff: 0, Sum: 0, Workers: 4
[159.433s][debug][gc,phases      ] GC(14)   StringDedup Requests1 Weak     Min:  0.0, Avg:  0.0, Max:  0.0, Diff:  0.0, Sum:  0.0, Workers: 4
[159.433s][debug][gc,phases      ] GC(14)     Dead                           Min: 0, Avg:  0.0, Max: 0, Diff: 0, Sum: 0, Workers: 4
[159.433s][debug][gc,phases      ] GC(14)     Total                          Min: 0, Avg:  0.0, Max: 0, Diff: 0, Sum: 0, Workers: 4
[159.433s][debug][gc,phases      ] GC(14)   Weak JFR Old Object Samples    Min:  0.0, Avg:  0.0, Max:  0.0, Diff:  0.0, Sum:  0.0, Workers: 4
[159.433s][debug][gc,phases      ] GC(14)     Dead                           Min: 0, Avg:  0.0, Max: 0, Diff: 0, Sum: 0, Workers: 4
[159.433s][debug][gc,phases      ] GC(14)     Total                          Min: 0, Avg:  0.0, Max: 0, Diff: 0, Sum: 0, Workers: 4
[159.433s][debug][gc,phases      ] GC(14) Weak Processing 0.360ms
[159.433s][debug][gc,age         ] GC(14) Desired survivor size 237502464 bytes, new threshold 1 (max threshold 15)
[159.433s][info ][gc,heap        ] GC(14) PSYoungGen: 1714928K(1851392K)->5936K(1857024K) Eden: 1618944K(1618944K)->0K(1633280K) From: 95984K(232448K)->5936K(223744K)
[159.433s][info ][gc,heap        ] GC(14) ParOldGen: 132434K(132608K)->229193K(229376K)
[159.433s][info ][gc,metaspace   ] GC(14) Metaspace: 103640K(104896K)->103640K(104896K) NonClass: 87795K(88512K)->87795K(88512K) Class: 15845K(16384K)->15845K(16384K)
[159.433s][info ][gc             ] GC(14) Pause Young (Allocation Failure) 1804M->229M(2037M) 72.757ms
[159.433s][info ][gc,cpu         ] GC(14) User=0.19s Sys=0.07s Real=0.07s
[159.433s][info ][safepoint      ] Safepoint "ParallelGCFailedAllocation", Time since last: 365152971 ns, Reaching safepoint: 6800 ns, Cleanup: 11400 ns, At safepoint: 72825202 ns, Total: 72843402 ns
[165.434s][info ][safepoint      ] Safepoint "Cleanup", Time since last: 6000449056 ns, Reaching safepoint: 5700 ns, Cleanup: 15500 ns, At safepoint: 2000 ns, Total: 23200 ns
[167.434s][info ][safepoint      ] Safepoint "Cleanup", Time since last: 2000177937 ns, Reaching safepoint: 6200 ns, Cleanup: 16600 ns, At safepoint: 2100 ns, Total: 24900 ns
[168.434s][info ][safepoint      ] Safepoint "Cleanup", Time since last: 1000120550 ns, Reaching safepoint: 6800 ns, Cleanup: 46500 ns, At safepoint: 2200 ns, Total: 55500 ns
[169.434s][info ][safepoint      ] Safepoint "Cleanup", Time since last: 1000135212 ns, Reaching safepoint: 6500 ns, Cleanup: 32099 ns, At safepoint: 2300 ns, Total: 40899 ns
[170.434s][info ][safepoint      ] Safepoint "Cleanup", Time since last: 1000114412 ns, Reaching safepoint: 6700 ns, Cleanup: 18100 ns, At safepoint: 2400 ns, Total: 27200 ns
[171.434s][info ][safepoint      ] Safepoint "Cleanup", Time since last: 1000117912 ns, Reaching safepoint: 6000 ns, Cleanup: 9800 ns, At safepoint: 2400 ns, Total: 18200 ns
[173.435s][info ][safepoint      ] Safepoint "Cleanup", Time since last: 2000190725 ns, Reaching safepoint: 5599 ns, Cleanup: 13600 ns, At safepoint: 2700 ns, Total: 21899 ns
[175.068s][info ][safepoint      ] Safepoint "Cleanup", Time since last: 1632943766 ns, Reaching safepoint: 5700 ns, Cleanup: 23200 ns, At safepoint: 2200 ns, Total: 31100 ns
[176.068s][info ][safepoint      ] Safepoint "Cleanup", Time since last: 1000104612 ns, Reaching safepoint: 6100 ns, Cleanup: 16300 ns, At safepoint: 2100 ns, Total: 24500 ns
[177.068s][info ][safepoint      ] Safepoint "Cleanup", Time since last: 1000106044 ns, Reaching safepoint: 7100 ns, Cleanup: 11600 ns, At safepoint: 2300 ns, Total: 21000 ns
[179.068s][info ][safepoint      ] Safepoint "Cleanup", Time since last: 2000173573 ns, Reaching safepoint: 6000 ns, Cleanup: 19900 ns, At safepoint: 2000 ns, Total: 27900 ns
[180.068s][info ][safepoint      ] Safepoint "Cleanup", Time since last: 1000104236 ns, Reaching safepoint: 5800 ns, Cleanup: 9700 ns, At safepoint: 1800 ns, Total: 17300 ns
[181.068s][info ][safepoint      ] Safepoint "Cleanup", Time since last: 1000107937 ns, Reaching safepoint: 6400 ns, Cleanup: 13400 ns, At safepoint: 1900 ns, Total: 21700 ns
[182.068s][info ][safepoint      ] Safepoint "Cleanup", Time since last: 1000100436 ns, Reaching safepoint: 5500 ns, Cleanup: 14500 ns, At safepoint: 2000 ns, Total: 22000 ns
[183.068s][info ][safepoint      ] Safepoint "Cleanup", Time since last: 1000098536 ns, Reaching safepoint: 5600 ns, Cleanup: 12200 ns, At safepoint: 2100 ns, Total: 19900 ns
[184.069s][info ][safepoint      ] Safepoint "Cleanup", Time since last: 1000103937 ns, Reaching safepoint: 6300 ns, Cleanup: 8699 ns, At safepoint: 1900 ns, Total: 16899 ns
[185.069s][info ][safepoint      ] Safepoint "Cleanup", Time since last: 1000117418 ns, Reaching safepoint: 6000 ns, Cleanup: 10000 ns, At safepoint: 2300 ns, Total: 18300 ns
[187.069s][info ][safepoint      ] Safepoint "Cleanup", Time since last: 2000176745 ns, Reaching safepoint: 20900 ns, Cleanup: 12500 ns, At safepoint: 1900 ns, Total: 35300 ns
[189.069s][info ][safepoint      ] Safepoint "Cleanup", Time since last: 2000195345 ns, Reaching safepoint: 7500 ns, Cleanup: 10800 ns, At safepoint: 3200 ns, Total: 21500 ns
[190.069s][info ][safepoint      ] Safepoint "Cleanup", Time since last: 1000122622 ns, Reaching safepoint: 6200 ns, Cleanup: 11400 ns, At safepoint: 2300 ns, Total: 19900 ns
[191.069s][info ][safepoint      ] Safepoint "Cleanup", Time since last: 1000116822 ns, Reaching safepoint: 7000 ns, Cleanup: 17600 ns, At safepoint: 3100 ns, Total: 27700 ns
[192.070s][info ][safepoint      ] Safepoint "Cleanup", Time since last: 1000117423 ns, Reaching safepoint: 7000 ns, Cleanup: 12800 ns, At safepoint: 2400 ns, Total: 22200 ns
[193.070s][info ][safepoint      ] Safepoint "Cleanup", Time since last: 1000114455 ns, Reaching safepoint: 6500 ns, Cleanup: 106200 ns, At safepoint: 2900 ns, Total: 115600 ns
[194.070s][info ][safepoint      ] Safepoint "Cleanup", Time since last: 1000112958 ns, Reaching safepoint: 7100 ns, Cleanup: 49099 ns, At safepoint: 2400 ns, Total: 58599 ns
[196.070s][info ][safepoint      ] Safepoint "Cleanup", Time since last: 2000183317 ns, Reaching safepoint: 6500 ns, Cleanup: 29399 ns, At safepoint: 2900 ns, Total: 38799 ns
[197.070s][info ][safepoint      ] Safepoint "Cleanup", Time since last: 1000117858 ns, Reaching safepoint: 6300 ns, Cleanup: 34300 ns, At safepoint: 2700 ns, Total: 43300 ns
[198.071s][info ][safepoint      ] Safepoint "Cleanup", Time since last: 1000113158 ns, Reaching safepoint: 5400 ns, Cleanup: 27100 ns, At safepoint: 2300 ns, Total: 34800 ns
[199.071s][info ][safepoint      ] Safepoint "Cleanup", Time since last: 1000105258 ns, Reaching safepoint: 7300 ns, Cleanup: 15800 ns, At safepoint: 2200 ns, Total: 25300 ns
[200.071s][info ][safepoint      ] Safepoint "Cleanup", Time since last: 1000117958 ns, Reaching safepoint: 7400 ns, Cleanup: 11300 ns, At safepoint: 2500 ns, Total: 21200 ns
[201.071s][info ][safepoint      ] Safepoint "Cleanup", Time since last: 1000105387 ns, Reaching safepoint: 6700 ns, Cleanup: 7700 ns, At safepoint: 22300 ns, Total: 36700 ns
[202.072s][info ][safepoint      ] Safepoint "Cleanup", Time since last: 1001222476 ns, Reaching safepoint: 88700 ns, Cleanup: 139499 ns, At safepoint: 12900 ns, Total: 241099 ns
[202.236s][info ][gc,start       ] GC(15) Pause Young (Allocation Failure)
[202.248s][debug][gc,phases      ] GC(15) Scavenge 11.533ms
[202.248s][debug][gc,ref         ] GC(15) ReferenceProcessor::execute queues: 1, RefProcThreadModel::Single, marks_oops_alive: false
[202.248s][debug][gc,ref         ] GC(15) Skipped KeepAliveFinalRefsPhase of Reference Processing: no references
[202.248s][debug][gc,ref         ] GC(15) ReferenceProcessor::execute queues: 1, RefProcThreadModel::Single, marks_oops_alive: false
[202.248s][debug][gc,phases      ] GC(15) Reference Processing 0.141ms
[202.248s][debug][gc,phases      ] GC(15)   VM Weak                        Min:  0.0, Avg:  0.0, Max:  0.0, Diff:  0.0, Sum:  0.0, Workers: 4
[202.248s][debug][gc,phases      ] GC(15)     Dead                           Min: 0, Avg:  0.0, Max: 0, Diff: 0, Sum: 0, Workers: 4
[202.248s][debug][gc,phases      ] GC(15)     Total                          Min: 0, Avg: 237.5, Max: 576, Diff: 576, Sum: 950, Workers: 4
[202.248s][debug][gc,phases      ] GC(15)   ObjectSynchronizer Weak        Min:  0.0, Avg:  0.0, Max:  0.0, Diff:  0.0, Sum:  0.0, Workers: 4
[202.248s][debug][gc,phases      ] GC(15)     Dead                           Min: 0, Avg:  0.0, Max: 0, Diff: 0, Sum: 0, Workers: 4
[202.248s][debug][gc,phases      ] GC(15)     Total                          Min: 0, Avg:  1.8, Max: 7, Diff: 7, Sum: 7, Workers: 4
[202.248s][debug][gc,phases      ] GC(15)   JVMTI Tag Weak OopStorage      Min:  0.0, Avg:  0.0, Max:  0.0, Diff:  0.0, Sum:  0.0, Workers: 4
[202.248s][debug][gc,phases      ] GC(15)     Dead                           Min: 0, Avg:  0.0, Max: 0, Diff: 0, Sum: 0, Workers: 4
[202.248s][debug][gc,phases      ] GC(15)     Total                          Min: 0, Avg:  0.0, Max: 0, Diff: 0, Sum: 0, Workers: 4
[202.248s][debug][gc,phases      ] GC(15)   StringTable Weak               Min:  0.0, Avg:  0.1, Max:  0.2, Diff:  0.2, Sum:  0.4, Workers: 4
[202.248s][debug][gc,phases      ] GC(15)     Dead                           Min: 0, Avg:  0.2, Max: 1, Diff: 1, Sum: 1, Workers: 4
[202.248s][debug][gc,phases      ] GC(15)     Total                          Min: 0, Avg: 11399.5, Max: 28126, Diff: 28126, Sum: 45598, Workers: 4
[202.248s][debug][gc,phases      ] GC(15)   ResolvedMethodTable Weak       Min:  0.0, Avg:  0.1, Max:  0.1, Diff:  0.1, Sum:  0.2, Workers: 4
[202.248s][debug][gc,phases      ] GC(15)     Dead                           Min: 0, Avg:  5.0, Max: 16, Diff: 16, Sum: 20, Workers: 4
[202.248s][debug][gc,phases      ] GC(15)     Total                          Min: 0, Avg: 3706.2, Max: 7896, Diff: 7896, Sum: 14825, Workers: 4
[202.248s][debug][gc,phases      ] GC(15)   JNI Weak                       Min:  0.0, Avg:  0.0, Max:  0.0, Diff:  0.0, Sum:  0.0, Workers: 4
[202.248s][debug][gc,phases      ] GC(15)     Dead                           Min: 0, Avg:  0.0, Max: 0, Diff: 0, Sum: 0, Workers: 4
[202.248s][debug][gc,phases      ] GC(15)     Total                          Min: 0, Avg: 15.5, Max: 62, Diff: 62, Sum: 62, Workers: 4
[202.248s][debug][gc,phases      ] GC(15)   StringDedup Table Weak         Min:  0.0, Avg:  0.0, Max:  0.0, Diff:  0.0, Sum:  0.0, Workers: 4
[202.248s][debug][gc,phases      ] GC(15)     Dead                           Min: 0, Avg:  0.0, Max: 0, Diff: 0, Sum: 0, Workers: 4
[202.248s][debug][gc,phases      ] GC(15)     Total                          Min: 0, Avg:  0.0, Max: 0, Diff: 0, Sum: 0, Workers: 4
[202.248s][debug][gc,phases      ] GC(15)   StringDedup Requests0 Weak     Min:  0.0, Avg:  0.0, Max:  0.0, Diff:  0.0, Sum:  0.0, Workers: 4
[202.248s][debug][gc,phases      ] GC(15)     Dead                           Min: 0, Avg:  0.0, Max: 0, Diff: 0, Sum: 0, Workers: 4
[202.248s][debug][gc,phases      ] GC(15)     Total                          Min: 0, Avg:  0.0, Max: 0, Diff: 0, Sum: 0, Workers: 4
[202.248s][debug][gc,phases      ] GC(15)   StringDedup Requests1 Weak     Min:  0.0, Avg:  0.0, Max:  0.0, Diff:  0.0, Sum:  0.0, Workers: 4
[202.248s][debug][gc,phases      ] GC(15)     Dead                           Min: 0, Avg:  0.0, Max: 0, Diff: 0, Sum: 0, Workers: 4
[202.248s][debug][gc,phases      ] GC(15)     Total                          Min: 0, Avg:  0.0, Max: 0, Diff: 0, Sum: 0, Workers: 4
[202.248s][debug][gc,phases      ] GC(15)   Weak JFR Old Object Samples    Min:  0.0, Avg:  0.0, Max:  0.0, Diff:  0.0, Sum:  0.0, Workers: 4
[202.248s][debug][gc,phases      ] GC(15)     Dead                           Min: 0, Avg:  0.0, Max: 0, Diff: 0, Sum: 0, Workers: 4
[202.248s][debug][gc,phases      ] GC(15)     Total                          Min: 0, Avg:  0.0, Max: 0, Diff: 0, Sum: 0, Workers: 4
[202.248s][debug][gc,phases      ] GC(15) Weak Processing 0.581ms
[202.248s][debug][gc,age         ] GC(15) Desired survivor size 239599616 bytes, new threshold 1 (max threshold 15)
[202.248s][info ][gc,heap        ] GC(15) PSYoungGen: 1639216K(1857024K)->18272K(1651712K) Eden: 1633280K(1633280K)->0K(1633280K) From: 5936K(223744K)->18272K(18432K)
[202.248s][info ][gc,heap        ] GC(15) ParOldGen: 229193K(229376K)->232809K(232960K)
[202.248s][info ][gc,metaspace   ] GC(15) Metaspace: 103849K(105088K)->103849K(105088K) NonClass: 87996K(88704K)->87996K(88704K) Class: 15852K(16384K)->15852K(16384K)
[202.248s][info ][gc             ] GC(15) Pause Young (Allocation Failure) 1824M->245M(1840M) 12.402ms
[202.248s][info ][gc,cpu         ] GC(15) User=0.03s Sys=0.01s Real=0.01s
[202.248s][info ][safepoint      ] Safepoint "ParallelGCFailedAllocation", Time since last: 163347815 ns, Reaching safepoint: 88099 ns, Cleanup: 50100 ns, At safepoint: 12528832 ns, Total: 12667031 ns
[203.249s][info ][safepoint      ] Safepoint "Cleanup", Time since last: 1000102882 ns, Reaching safepoint: 6700 ns, Cleanup: 88300 ns, At safepoint: 8500 ns, Total: 103500 ns
[204.249s][info ][safepoint      ] Safepoint "Cleanup", Time since last: 1000099882 ns, Reaching safepoint: 5800 ns, Cleanup: 48300 ns, At safepoint: 1900 ns, Total: 56000 ns
[205.249s][info ][safepoint      ] Safepoint "Cleanup", Time since last: 1000102482 ns, Reaching safepoint: 7300 ns, Cleanup: 64700 ns, At safepoint: 2100 ns, Total: 74100 ns
[206.249s][info ][safepoint      ] Safepoint "Cleanup", Time since last: 1000112882 ns, Reaching safepoint: 5800 ns, Cleanup: 80799 ns, At safepoint: 2100 ns, Total: 88699 ns
[207.249s][info ][safepoint      ] Safepoint "Cleanup", Time since last: 1000099482 ns, Reaching safepoint: 7800 ns, Cleanup: 34000 ns, At safepoint: 2100 ns, Total: 43900 ns
[208.249s][info ][safepoint      ] Safepoint "Cleanup", Time since last: 1000116291 ns, Reaching safepoint: 9900 ns, Cleanup: 18600 ns, At safepoint: 2200 ns, Total: 30700 ns
[209.250s][info ][safepoint      ] Safepoint "Cleanup", Time since last: 1000120273 ns, Reaching safepoint: 8400 ns, Cleanup: 18800 ns, At safepoint: 2700 ns, Total: 29900 ns
[210.250s][info ][safepoint      ] Safepoint "Cleanup", Time since last: 1000118573 ns, Reaching safepoint: 7700 ns, Cleanup: 10700 ns, At safepoint: 2099 ns, Total: 20499 ns
[211.250s][info ][safepoint      ] Safepoint "Cleanup", Time since last: 1000115973 ns, Reaching safepoint: 8400 ns, Cleanup: 11000 ns, At safepoint: 2600 ns, Total: 22000 ns
[213.250s][info ][safepoint      ] Safepoint "Cleanup", Time since last: 2000192746 ns, Reaching safepoint: 7900 ns, Cleanup: 34300 ns, At safepoint: 2200 ns, Total: 44400 ns
[215.250s][info ][safepoint      ] Safepoint "Cleanup", Time since last: 2000180746 ns, Reaching safepoint: 7600 ns, Cleanup: 10000 ns, At safepoint: 2200 ns, Total: 19800 ns
[216.250s][info ][safepoint      ] Safepoint "Cleanup", Time since last: 1000110373 ns, Reaching safepoint: 8200 ns, Cleanup: 15100 ns, At safepoint: 2300 ns, Total: 25600 ns
[217.251s][info ][safepoint      ] Safepoint "Cleanup", Time since last: 1000120077 ns, Reaching safepoint: 7900 ns, Cleanup: 24300 ns, At safepoint: 2100 ns, Total: 34300 ns
[217.662s][info ][gc,start       ] GC(16) Pause Young (Allocation Failure)
[217.691s][debug][gc,phases      ] GC(16) Scavenge 28.445ms
[217.691s][debug][gc,ref         ] GC(16) ReferenceProcessor::execute queues: 1, RefProcThreadModel::Single, marks_oops_alive: false
[217.691s][debug][gc,ref         ] GC(16) Skipped KeepAliveFinalRefsPhase of Reference Processing: no references
[217.691s][debug][gc,ref         ] GC(16) ReferenceProcessor::execute queues: 1, RefProcThreadModel::Single, marks_oops_alive: false
[217.691s][debug][gc,phases      ] GC(16) Reference Processing 0.129ms
[217.691s][debug][gc,phases      ] GC(16)   VM Weak                        Min:  0.0, Avg:  0.0, Max:  0.0, Diff:  0.0, Sum:  0.0, Workers: 4
[217.691s][debug][gc,phases      ] GC(16)     Dead                           Min: 0, Avg:  0.0, Max: 0, Diff: 0, Sum: 0, Workers: 4
[217.691s][debug][gc,phases      ] GC(16)     Total                          Min: 0, Avg: 237.5, Max: 950, Diff: 950, Sum: 950, Workers: 4
[217.691s][debug][gc,phases      ] GC(16)   ObjectSynchronizer Weak        Min:  0.0, Avg:  0.0, Max:  0.0, Diff:  0.0, Sum:  0.0, Workers: 4
[217.691s][debug][gc,phases      ] GC(16)     Dead                           Min: 0, Avg:  0.0, Max: 0, Diff: 0, Sum: 0, Workers: 4
[217.691s][debug][gc,phases      ] GC(16)     Total                          Min: 0, Avg:  1.8, Max: 7, Diff: 7, Sum: 7, Workers: 4
[217.691s][debug][gc,phases      ] GC(16)   JVMTI Tag Weak OopStorage      Min:  0.0, Avg:  0.0, Max:  0.0, Diff:  0.0, Sum:  0.0, Workers: 4
[217.691s][debug][gc,phases      ] GC(16)     Dead                           Min: 0, Avg:  0.0, Max: 0, Diff: 0, Sum: 0, Workers: 4
[217.691s][debug][gc,phases      ] GC(16)     Total                          Min: 0, Avg:  0.0, Max: 0, Diff: 0, Sum: 0, Workers: 4
[217.691s][debug][gc,phases      ] GC(16)   StringTable Weak               Min:  0.0, Avg:  0.1, Max:  0.2, Diff:  0.2, Sum:  0.5, Workers: 4
[217.691s][debug][gc,phases      ] GC(16)     Dead                           Min: 0, Avg:  0.2, Max: 1, Diff: 1, Sum: 1, Workers: 4
[217.691s][debug][gc,phases      ] GC(16)     Total                          Min: 0, Avg: 11414.0, Max: 15512, Diff: 15512, Sum: 45656, Workers: 4
[217.691s][debug][gc,phases      ] GC(16)   ResolvedMethodTable Weak       Min:  0.0, Avg:  0.0, Max:  0.1, Diff:  0.1, Sum:  0.2, Workers: 4
[217.691s][debug][gc,phases      ] GC(16)     Dead                           Min: 0, Avg:  5.5, Max: 18, Diff: 18, Sum: 22, Workers: 4
[217.691s][debug][gc,phases      ] GC(16)     Total                          Min: 0, Avg: 3711.0, Max: 5209, Diff: 5209, Sum: 14844, Workers: 4
[217.691s][debug][gc,phases      ] GC(16)   JNI Weak                       Min:  0.0, Avg:  0.0, Max:  0.0, Diff:  0.0, Sum:  0.0, Workers: 4
[217.691s][debug][gc,phases      ] GC(16)     Dead                           Min: 0, Avg:  0.0, Max: 0, Diff: 0, Sum: 0, Workers: 4
[217.691s][debug][gc,phases      ] GC(16)     Total                          Min: 0, Avg: 13.0, Max: 48, Diff: 48, Sum: 52, Workers: 4
[217.691s][debug][gc,phases      ] GC(16)   StringDedup Table Weak         Min:  0.0, Avg:  0.0, Max:  0.0, Diff:  0.0, Sum:  0.0, Workers: 4
[217.691s][debug][gc,phases      ] GC(16)     Dead                           Min: 0, Avg:  0.0, Max: 0, Diff: 0, Sum: 0, Workers: 4
[217.691s][debug][gc,phases      ] GC(16)     Total                          Min: 0, Avg:  0.0, Max: 0, Diff: 0, Sum: 0, Workers: 4
[217.691s][debug][gc,phases      ] GC(16)   StringDedup Requests0 Weak     Min:  0.0, Avg:  0.0, Max:  0.0, Diff:  0.0, Sum:  0.0, Workers: 4
[217.691s][debug][gc,phases      ] GC(16)     Dead                           Min: 0, Avg:  0.0, Max: 0, Diff: 0, Sum: 0, Workers: 4
[217.691s][debug][gc,phases      ] GC(16)     Total                          Min: 0, Avg:  0.0, Max: 0, Diff: 0, Sum: 0, Workers: 4
[217.691s][debug][gc,phases      ] GC(16)   StringDedup Requests1 Weak     Min:  0.0, Avg:  0.0, Max:  0.0, Diff:  0.0, Sum:  0.0, Workers: 4
[217.691s][debug][gc,phases      ] GC(16)     Dead                           Min: 0, Avg:  0.0, Max: 0, Diff: 0, Sum: 0, Workers: 4
[217.691s][debug][gc,phases      ] GC(16)     Total                          Min: 0, Avg:  0.0, Max: 0, Diff: 0, Sum: 0, Workers: 4
[217.691s][debug][gc,phases      ] GC(16)   Weak JFR Old Object Samples    Min:  0.0, Avg:  0.0, Max:  0.0, Diff:  0.0, Sum:  0.0, Workers: 4
[217.691s][debug][gc,phases      ] GC(16)     Dead                           Min: 0, Avg:  0.0, Max: 0, Diff: 0, Sum: 0, Workers: 4
[217.691s][debug][gc,phases      ] GC(16)     Total                          Min: 0, Avg:  0.0, Max: 0, Diff: 0, Sum: 0, Workers: 4
[217.691s][debug][gc,phases      ] GC(16) Weak Processing 0.514ms
[217.691s][debug][gc,age         ] GC(16) Desired survivor size 229638144 bytes, new threshold 1 (max threshold 15)
[217.691s][info ][gc,heap        ] GC(16) PSYoungGen: 1651552K(1651712K)->73666K(1872896K) Eden: 1633280K(1633280K)->0K(1638912K) From: 18272K(18432K)->73666K(233984K)
[217.691s][info ][gc,heap        ] GC(16) ParOldGen: 232809K(232960K)->250667K(250880K)
[217.691s][info ][gc,metaspace   ] GC(16) Metaspace: 103907K(105152K)->103907K(105152K) NonClass: 88048K(88768K)->88048K(88768K) Class: 15859K(16384K)->15859K(16384K)
[217.691s][info ][gc             ] GC(16) Pause Young (Allocation Failure) 1840M->316M(2074M) 29.228ms
[217.691s][info ][gc,cpu         ] GC(16) User=0.10s Sys=0.01s Real=0.03s
[217.692s][info ][safepoint      ] Safepoint "ParallelGCFailedAllocation", Time since last: 411584709 ns, Reaching safepoint: 8000 ns, Cleanup: 4600 ns, At safepoint: 29315944 ns, Total: 29328544 ns
[219.692s][info ][safepoint      ] Safepoint "Cleanup", Time since last: 2000167255 ns, Reaching safepoint: 8500 ns, Cleanup: 14200 ns, At safepoint: 3000 ns, Total: 25700 ns
[220.692s][info ][safepoint      ] Safepoint "Cleanup", Time since last: 1000145077 ns, Reaching safepoint: 8000 ns, Cleanup: 14500 ns, At safepoint: 3000 ns, Total: 25500 ns
[221.692s][info ][safepoint      ] Safepoint "Cleanup", Time since last: 1000142577 ns, Reaching safepoint: 7200 ns, Cleanup: 12900 ns, At safepoint: 2100 ns, Total: 22200 ns
[222.692s][info ][safepoint      ] Safepoint "Cleanup", Time since last: 1000114377 ns, Reaching safepoint: 6900 ns, Cleanup: 10500 ns, At safepoint: 1900 ns, Total: 19300 ns
[223.692s][info ][safepoint      ] Safepoint "Cleanup", Time since last: 1000115377 ns, Reaching safepoint: 9200 ns, Cleanup: 24000 ns, At safepoint: 2500 ns, Total: 35700 ns
[225.693s][info ][safepoint      ] Safepoint "Cleanup", Time since last: 2000208136 ns, Reaching safepoint: 9000 ns, Cleanup: 14900 ns, At safepoint: 2900 ns, Total: 26800 ns
[227.693s][info ][safepoint      ] Safepoint "Cleanup", Time since last: 2000193136 ns, Reaching safepoint: 6700 ns, Cleanup: 10900 ns, At safepoint: 2100 ns, Total: 19700 ns
[228.693s][info ][safepoint      ] Safepoint "Cleanup", Time since last: 1000123968 ns, Reaching safepoint: 8800 ns, Cleanup: 34899 ns, At safepoint: 3300 ns, Total: 46999 ns
[229.693s][info ][safepoint      ] Safepoint "Cleanup", Time since last: 1000142468 ns, Reaching safepoint: 8500 ns, Cleanup: 11300 ns, At safepoint: 3000 ns, Total: 22800 ns
[230.693s][info ][safepoint      ] Safepoint "Cleanup", Time since last: 1000124368 ns, Reaching safepoint: 7800 ns, Cleanup: 14300 ns, At safepoint: 2200 ns, Total: 24300 ns
[232.470s][info ][safepoint      ] Safepoint "Cleanup", Time since last: 1776854385 ns, Reaching safepoint: 7600 ns, Cleanup: 20600 ns, At safepoint: 2500 ns, Total: 30700 ns
[233.470s][info ][safepoint      ] Safepoint "Cleanup", Time since last: 1000128960 ns, Reaching safepoint: 8100 ns, Cleanup: 11500 ns, At safepoint: 2400 ns, Total: 22000 ns
[234.470s][info ][safepoint      ] Safepoint "Cleanup", Time since last: 1000114161 ns, Reaching safepoint: 6600 ns, Cleanup: 22800 ns, At safepoint: 1900 ns, Total: 31300 ns
[235.471s][info ][safepoint      ] Safepoint "Cleanup", Time since last: 1000115060 ns, Reaching safepoint: 6700 ns, Cleanup: 9500 ns, At safepoint: 2300 ns, Total: 18500 ns
[236.471s][info ][safepoint      ] Safepoint "Cleanup", Time since last: 1000114760 ns, Reaching safepoint: 7000 ns, Cleanup: 15200 ns, At safepoint: 2600 ns, Total: 24800 ns
[237.471s][info ][safepoint      ] Safepoint "Cleanup", Time since last: 1000124560 ns, Reaching safepoint: 6900 ns, Cleanup: 14900 ns, At safepoint: 2100 ns, Total: 23900 ns
[238.471s][info ][safepoint      ] Safepoint "Cleanup", Time since last: 1000130061 ns, Reaching safepoint: 7600 ns, Cleanup: 12700 ns, At safepoint: 2200 ns, Total: 22500 ns
[240.126s][info ][safepoint      ] Safepoint "Cleanup", Time since last: 1655098594 ns, Reaching safepoint: 4600 ns, Cleanup: 10700 ns, At safepoint: 6200 ns, Total: 21500 ns
[241.126s][info ][safepoint      ] Safepoint "Cleanup", Time since last: 1000168458 ns, Reaching safepoint: 8400 ns, Cleanup: 15200 ns, At safepoint: 2800 ns, Total: 26400 ns
[242.126s][info ][safepoint      ] Safepoint "Cleanup", Time since last: 1000126345 ns, Reaching safepoint: 9400 ns, Cleanup: 18300 ns, At safepoint: 2500 ns, Total: 30200 ns
[244.127s][info ][safepoint      ] Safepoint "Cleanup", Time since last: 2000187889 ns, Reaching safepoint: 7300 ns, Cleanup: 11500 ns, At safepoint: 2400 ns, Total: 21200 ns
[246.127s][info ][safepoint      ] Safepoint "Cleanup", Time since last: 2000192190 ns, Reaching safepoint: 7400 ns, Cleanup: 10900 ns, At safepoint: 2800 ns, Total: 21100 ns
[247.127s][info ][safepoint      ] Safepoint "Cleanup", Time since last: 1000143645 ns, Reaching safepoint: 8600 ns, Cleanup: 21299 ns, At safepoint: 2400 ns, Total: 32299 ns
[248.127s][info ][safepoint      ] Safepoint "Cleanup", Time since last: 1000123945 ns, Reaching safepoint: 9400 ns, Cleanup: 17100 ns, At safepoint: 2200 ns, Total: 28700 ns
[250.127s][info ][safepoint      ] Safepoint "Cleanup", Time since last: 2000203060 ns, Reaching safepoint: 9900 ns, Cleanup: 30700 ns, At safepoint: 3300 ns, Total: 43900 ns
[252.128s][info ][safepoint      ] Safepoint "Cleanup", Time since last: 2000202267 ns, Reaching safepoint: 9100 ns, Cleanup: 28000 ns, At safepoint: 2500 ns, Total: 39600 ns
[253.128s][info ][safepoint      ] Safepoint "Cleanup", Time since last: 1000119333 ns, Reaching safepoint: 7800 ns, Cleanup: 13400 ns, At safepoint: 2500 ns, Total: 23700 ns
[255.128s][info ][safepoint      ] Safepoint "Cleanup", Time since last: 2000187166 ns, Reaching safepoint: 6400 ns, Cleanup: 15800 ns, At safepoint: 2300 ns, Total: 24500 ns
[256.128s][info ][safepoint      ] Safepoint "Cleanup", Time since last: 1000119933 ns, Reaching safepoint: 8500 ns, Cleanup: 18100 ns, At safepoint: 2400 ns, Total: 29000 ns
[257.128s][info ][safepoint      ] Safepoint "Cleanup", Time since last: 1000118609 ns, Reaching safepoint: 7200 ns, Cleanup: 9500 ns, At safepoint: 1900 ns, Total: 18600 ns
[259.129s][info ][safepoint      ] Safepoint "Cleanup", Time since last: 2000185248 ns, Reaching safepoint: 6900 ns, Cleanup: 14300 ns, At safepoint: 2500 ns, Total: 23700 ns
[260.129s][info ][safepoint      ] Safepoint "Cleanup", Time since last: 1000115324 ns, Reaching safepoint: 7900 ns, Cleanup: 13400 ns, At safepoint: 2500 ns, Total: 23800 ns
[262.129s][info ][safepoint      ] Safepoint "Cleanup", Time since last: 2000188648 ns, Reaching safepoint: 7800 ns, Cleanup: 29399 ns, At safepoint: 3400 ns, Total: 40599 ns
[263.129s][info ][safepoint      ] Safepoint "Cleanup", Time since last: 1000115324 ns, Reaching safepoint: 8000 ns, Cleanup: 12300 ns, At safepoint: 2700 ns, Total: 23000 ns
[264.714s][info ][gc,start       ] GC(17) Pause Young (Allocation Failure)
[264.755s][debug][gc,phases      ] GC(17) Scavenge 41.277ms
[264.756s][debug][gc,ref         ] GC(17) ReferenceProcessor::execute queues: 1, RefProcThreadModel::Single, marks_oops_alive: false
[264.756s][debug][gc,ref         ] GC(17) Skipped KeepAliveFinalRefsPhase of Reference Processing: no references
[264.756s][debug][gc,ref         ] GC(17) ReferenceProcessor::execute queues: 1, RefProcThreadModel::Single, marks_oops_alive: false
[264.756s][debug][gc,phases      ] GC(17) Reference Processing 0.112ms
[264.756s][debug][gc,phases      ] GC(17)   VM Weak                        Min:  0.0, Avg:  0.0, Max:  0.0, Diff:  0.0, Sum:  0.0, Workers: 4
[264.756s][debug][gc,phases      ] GC(17)     Dead                           Min: 0, Avg:  0.0, Max: 0, Diff: 0, Sum: 0, Workers: 4
[264.756s][debug][gc,phases      ] GC(17)     Total                          Min: 0, Avg: 237.5, Max: 886, Diff: 886, Sum: 950, Workers: 4
[264.756s][debug][gc,phases      ] GC(17)   ObjectSynchronizer Weak        Min:  0.0, Avg:  0.0, Max:  0.0, Diff:  0.0, Sum:  0.0, Workers: 4
[264.756s][debug][gc,phases      ] GC(17)     Dead                           Min: 0, Avg:  0.0, Max: 0, Diff: 0, Sum: 0, Workers: 4
[264.756s][debug][gc,phases      ] GC(17)     Total                          Min: 0, Avg:  0.8, Max: 3, Diff: 3, Sum: 3, Workers: 4
[264.756s][debug][gc,phases      ] GC(17)   JVMTI Tag Weak OopStorage      Min:  0.0, Avg:  0.0, Max:  0.0, Diff:  0.0, Sum:  0.0, Workers: 4
[264.756s][debug][gc,phases      ] GC(17)     Dead                           Min: 0, Avg:  0.0, Max: 0, Diff: 0, Sum: 0, Workers: 4
[264.756s][debug][gc,phases      ] GC(17)     Total                          Min: 0, Avg:  0.0, Max: 0, Diff: 0, Sum: 0, Workers: 4
[264.756s][debug][gc,phases      ] GC(17)   StringTable Weak               Min:  0.0, Avg:  0.1, Max:  0.2, Diff:  0.2, Sum:  0.5, Workers: 4
[264.756s][debug][gc,phases      ] GC(17)     Dead                           Min: 0, Avg:  0.2, Max: 1, Diff: 1, Sum: 1, Workers: 4
[264.756s][debug][gc,phases      ] GC(17)     Total                          Min: 0, Avg: 11419.8, Max: 16832, Diff: 16832, Sum: 45679, Workers: 4
[264.756s][debug][gc,phases      ] GC(17)   ResolvedMethodTable Weak       Min:  0.0, Avg:  0.0, Max:  0.1, Diff:  0.1, Sum:  0.2, Workers: 4
[264.756s][debug][gc,phases      ] GC(17)     Dead                           Min: 0, Avg:  8.2, Max: 27, Diff: 27, Sum: 33, Workers: 4
[264.756s][debug][gc,phases      ] GC(17)     Total                          Min: 0, Avg: 3716.2, Max: 5041, Diff: 5041, Sum: 14865, Workers: 4
[264.756s][debug][gc,phases      ] GC(17)   JNI Weak                       Min:  0.0, Avg:  0.0, Max:  0.0, Diff:  0.0, Sum:  0.0, Workers: 4
[264.756s][debug][gc,phases      ] GC(17)     Dead                           Min: 0, Avg:  0.0, Max: 0, Diff: 0, Sum: 0, Workers: 4
[264.756s][debug][gc,phases      ] GC(17)     Total                          Min: 0, Avg: 13.0, Max: 48, Diff: 48, Sum: 52, Workers: 4
[264.756s][debug][gc,phases      ] GC(17)   StringDedup Table Weak         Min:  0.0, Avg:  0.0, Max:  0.0, Diff:  0.0, Sum:  0.0, Workers: 4
[264.756s][debug][gc,phases      ] GC(17)     Dead                           Min: 0, Avg:  0.0, Max: 0, Diff: 0, Sum: 0, Workers: 4
[264.756s][debug][gc,phases      ] GC(17)     Total                          Min: 0, Avg:  0.0, Max: 0, Diff: 0, Sum: 0, Workers: 4
[264.756s][debug][gc,phases      ] GC(17)   StringDedup Requests0 Weak     Min:  0.0, Avg:  0.0, Max:  0.0, Diff:  0.0, Sum:  0.0, Workers: 4
[264.756s][debug][gc,phases      ] GC(17)     Dead                           Min: 0, Avg:  0.0, Max: 0, Diff: 0, Sum: 0, Workers: 4
[264.756s][debug][gc,phases      ] GC(17)     Total                          Min: 0, Avg:  0.0, Max: 0, Diff: 0, Sum: 0, Workers: 4
[264.756s][debug][gc,phases      ] GC(17)   StringDedup Requests1 Weak     Min:  0.0, Avg:  0.0, Max:  0.0, Diff:  0.0, Sum:  0.0, Workers: 4
[264.756s][debug][gc,phases      ] GC(17)     Dead                           Min: 0, Avg:  0.0, Max: 0, Diff: 0, Sum: 0, Workers: 4
[264.756s][debug][gc,phases      ] GC(17)     Total                          Min: 0, Avg:  0.0, Max: 0, Diff: 0, Sum: 0, Workers: 4
[264.756s][debug][gc,phases      ] GC(17)   Weak JFR Old Object Samples    Min:  0.0, Avg:  0.0, Max:  0.0, Diff:  0.0, Sum:  0.0, Workers: 4
[264.756s][debug][gc,phases      ] GC(17)     Dead                           Min: 0, Avg:  0.0, Max: 0, Diff: 0, Sum: 0, Workers: 4
[264.756s][debug][gc,phases      ] GC(17)     Total                          Min: 0, Avg:  0.0, Max: 0, Diff: 0, Sum: 0, Workers: 4
[264.756s][debug][gc,phases      ] GC(17) Weak Processing 0.532ms
[264.756s][debug][gc,age         ] GC(17) Desired survivor size 231211008 bytes, new threshold 1 (max threshold 15)
[264.756s][info ][gc,heap        ] GC(17) PSYoungGen: 1712578K(1872896K)->9137K(1863168K) Eden: 1638912K(1638912K)->0K(1638912K) From: 73666K(233984K)->9137K(224256K)
[264.756s][info ][gc,heap        ] GC(17) ParOldGen: 250667K(250880K)->323544K(323584K)
[264.756s][info ][gc,metaspace   ] GC(17) Metaspace: 104094K(105280K)->104094K(105280K) NonClass: 88223K(88896K)->88223K(88896K) Class: 15871K(16384K)->15871K(16384K)
[264.756s][info ][gc             ] GC(17) Pause Young (Allocation Failure) 1917M->324M(2135M) 42.086ms
[264.756s][info ][gc,cpu         ] GC(17) User=0.09s Sys=0.05s Real=0.04s
[264.756s][info ][safepoint      ] Safepoint "ParallelGCFailedAllocation", Time since last: 1585025158 ns, Reaching safepoint: 6000 ns, Cleanup: 4300 ns, At safepoint: 42184978 ns, Total: 42195278 ns
[267.757s][info ][safepoint      ] Safepoint "Cleanup", Time since last: 3000247486 ns, Reaching safepoint: 7500 ns, Cleanup: 20600 ns, At safepoint: 2600 ns, Total: 30700 ns
[269.757s][info ][safepoint      ] Safepoint "Cleanup", Time since last: 2000185856 ns, Reaching safepoint: 7800 ns, Cleanup: 13300 ns, At safepoint: 2300 ns, Total: 23400 ns
[270.757s][info ][safepoint      ] Safepoint "Cleanup", Time since last: 1000110429 ns, Reaching safepoint: 7800 ns, Cleanup: 33300 ns, At safepoint: 2100 ns, Total: 43200 ns
[271.757s][info ][safepoint      ] Safepoint "Cleanup", Time since last: 1000124928 ns, Reaching safepoint: 82699 ns, Cleanup: 16000 ns, At safepoint: 7200 ns, Total: 105899 ns
[272.757s][info ][safepoint      ] Safepoint "Cleanup", Time since last: 1000123975 ns, Reaching safepoint: 82500 ns, Cleanup: 16300 ns, At safepoint: 8500 ns, Total: 107300 ns
[274.758s][info ][safepoint      ] Safepoint "Cleanup", Time since last: 2000230532 ns, Reaching safepoint: 82900 ns, Cleanup: 26199 ns, At safepoint: 9400 ns, Total: 118499 ns
[275.758s][info ][safepoint      ] Safepoint "Cleanup", Time since last: 1000124517 ns, Reaching safepoint: 80299 ns, Cleanup: 18600 ns, At safepoint: 7500 ns, Total: 106399 ns
[276.758s][info ][safepoint      ] Safepoint "Cleanup", Time since last: 1000119316 ns, Reaching safepoint: 81500 ns, Cleanup: 14300 ns, At safepoint: 9400 ns, Total: 105200 ns
[277.758s][info ][safepoint      ] Safepoint "Cleanup", Time since last: 1000119316 ns, Reaching safepoint: 81199 ns, Cleanup: 54800 ns, At safepoint: 6600 ns, Total: 142599 ns
[278.759s][info ][safepoint      ] Safepoint "Cleanup", Time since last: 1000129916 ns, Reaching safepoint: 80200 ns, Cleanup: 71799 ns, At safepoint: 8100 ns, Total: 160099 ns
[279.759s][info ][safepoint      ] Safepoint "Cleanup", Time since last: 1000130017 ns, Reaching safepoint: 84499 ns, Cleanup: 15400 ns, At safepoint: 9100 ns, Total: 108999 ns
[280.759s][info ][safepoint      ] Safepoint "Cleanup", Time since last: 1000119584 ns, Reaching safepoint: 81200 ns, Cleanup: 32200 ns, At safepoint: 7600 ns, Total: 121000 ns
[281.759s][info ][safepoint      ] Safepoint "Cleanup", Time since last: 1000120854 ns, Reaching safepoint: 81300 ns, Cleanup: 29800 ns, At safepoint: 6400 ns, Total: 117500 ns
[282.760s][info ][safepoint      ] Safepoint "Cleanup", Time since last: 1000122554 ns, Reaching safepoint: 82400 ns, Cleanup: 29200 ns, At safepoint: 8400 ns, Total: 120000 ns
[283.760s][info ][safepoint      ] Safepoint "Cleanup", Time since last: 1000121054 ns, Reaching safepoint: 80200 ns, Cleanup: 19900 ns, At safepoint: 9300 ns, Total: 109400 ns
[284.760s][info ][safepoint      ] Safepoint "Cleanup", Time since last: 1000124054 ns, Reaching safepoint: 81400 ns, Cleanup: 15600 ns, At safepoint: 8200 ns, Total: 105200 ns
[285.760s][info ][safepoint      ] Safepoint "Cleanup", Time since last: 1000116955 ns, Reaching safepoint: 81099 ns, Cleanup: 33700 ns, At safepoint: 6800 ns, Total: 121599 ns
[286.761s][info ][safepoint      ] Safepoint "Cleanup", Time since last: 1000126055 ns, Reaching safepoint: 85199 ns, Cleanup: 10800 ns, At safepoint: 11700 ns, Total: 107699 ns
[287.761s][info ][safepoint      ] Safepoint "Cleanup", Time since last: 1000113655 ns, Reaching safepoint: 82499 ns, Cleanup: 13600 ns, At safepoint: 7700 ns, Total: 103799 ns
[288.761s][info ][safepoint      ] Safepoint "Cleanup", Time since last: 1000070086 ns, Reaching safepoint: 79500 ns, Cleanup: 12700 ns, At safepoint: 6900 ns, Total: 99100 ns
[289.761s][info ][safepoint      ] Safepoint "Cleanup", Time since last: 1000119815 ns, Reaching safepoint: 79600 ns, Cleanup: 14600 ns, At safepoint: 7600 ns, Total: 101800 ns
[290.761s][info ][safepoint      ] Safepoint "Cleanup", Time since last: 1000119315 ns, Reaching safepoint: 78900 ns, Cleanup: 12300 ns, At safepoint: 6900 ns, Total: 98100 ns
[292.762s][info ][safepoint      ] Safepoint "Cleanup", Time since last: 2000185031 ns, Reaching safepoint: 80799 ns, Cleanup: 18800 ns, At safepoint: 8400 ns, Total: 107999 ns
[293.762s][info ][safepoint      ] Safepoint "Cleanup", Time since last: 1000125615 ns, Reaching safepoint: 82800 ns, Cleanup: 9700 ns, At safepoint: 6900 ns, Total: 99400 ns
[294.762s][info ][safepoint      ] Safepoint "Cleanup", Time since last: 1000123315 ns, Reaching safepoint: 78300 ns, Cleanup: 16800 ns, At safepoint: 6900 ns, Total: 102000 ns
[295.762s][info ][safepoint      ] Safepoint "Cleanup", Time since last: 1000121015 ns, Reaching safepoint: 79400 ns, Cleanup: 13500 ns, At safepoint: 8300 ns, Total: 101200 ns
[296.763s][info ][safepoint      ] Safepoint "Cleanup", Time since last: 1000119893 ns, Reaching safepoint: 81999 ns, Cleanup: 16200 ns, At safepoint: 9100 ns, Total: 107299 ns
[297.763s][info ][safepoint      ] Safepoint "Cleanup", Time since last: 1000115169 ns, Reaching safepoint: 76799 ns, Cleanup: 10700 ns, At safepoint: 7500 ns, Total: 94999 ns
[298.763s][info ][safepoint      ] Safepoint "Cleanup", Time since last: 1000152569 ns, Reaching safepoint: 82899 ns, Cleanup: 13100 ns, At safepoint: 9300 ns, Total: 105299 ns
[299.763s][info ][safepoint      ] Safepoint "Cleanup", Time since last: 1000115569 ns, Reaching safepoint: 81299 ns, Cleanup: 11700 ns, At safepoint: 7800 ns, Total: 100799 ns
[301.146s][info ][safepoint      ] Safepoint "Cleanup", Time since last: 1382460745 ns, Reaching safepoint: 6200 ns, Cleanup: 14100 ns, At safepoint: 1900 ns, Total: 22200 ns
[303.146s][info ][safepoint      ] Safepoint "Cleanup", Time since last: 2000191638 ns, Reaching safepoint: 6800 ns, Cleanup: 18900 ns, At safepoint: 2200 ns, Total: 27900 ns
[304.146s][info ][safepoint      ] Safepoint "Cleanup", Time since last: 1000119068 ns, Reaching safepoint: 6600 ns, Cleanup: 11100 ns, At safepoint: 2200 ns, Total: 19900 ns
[305.146s][info ][safepoint      ] Safepoint "Cleanup", Time since last: 1000122706 ns, Reaching safepoint: 7200 ns, Cleanup: 16000 ns, At safepoint: 1900 ns, Total: 25100 ns
[306.146s][info ][safepoint      ] Safepoint "Cleanup", Time since last: 1000125084 ns, Reaching safepoint: 7200 ns, Cleanup: 14800 ns, At safepoint: 2400 ns, Total: 24400 ns
[307.147s][info ][safepoint      ] Safepoint "Cleanup", Time since last: 1000134884 ns, Reaching safepoint: 7300 ns, Cleanup: 11199 ns, At safepoint: 2100 ns, Total: 20599 ns
[309.147s][info ][safepoint      ] Safepoint "Cleanup", Time since last: 2000201268 ns, Reaching safepoint: 7100 ns, Cleanup: 11200 ns, At safepoint: 2000 ns, Total: 20300 ns
[309.610s][info ][gc,start       ] GC(18) Pause Young (Allocation Failure)
[309.617s][debug][gc,phases      ] GC(18) Scavenge 6.748ms
[309.617s][debug][gc,ref         ] GC(18) ReferenceProcessor::execute queues: 1, RefProcThreadModel::Single, marks_oops_alive: false
[309.617s][debug][gc,ref         ] GC(18) Skipped KeepAliveFinalRefsPhase of Reference Processing: no references
[309.617s][debug][gc,ref         ] GC(18) ReferenceProcessor::execute queues: 1, RefProcThreadModel::Single, marks_oops_alive: false
[309.617s][debug][gc,phases      ] GC(18) Reference Processing 0.101ms
[309.617s][debug][gc,phases      ] GC(18)   VM Weak                        Min:  0.0, Avg:  0.0, Max:  0.0, Diff:  0.0, Sum:  0.0, Workers: 4
[309.617s][debug][gc,phases      ] GC(18)     Dead                           Min: 0, Avg:  0.0, Max: 0, Diff: 0, Sum: 0, Workers: 4
[309.617s][debug][gc,phases      ] GC(18)     Total                          Min: 0, Avg: 239.0, Max: 636, Diff: 636, Sum: 956, Workers: 4
[309.617s][debug][gc,phases      ] GC(18)   ObjectSynchronizer Weak        Min:  0.0, Avg:  0.0, Max:  0.0, Diff:  0.0, Sum:  0.0, Workers: 4
[309.617s][debug][gc,phases      ] GC(18)     Dead                           Min: 0, Avg:  0.0, Max: 0, Diff: 0, Sum: 0, Workers: 4
[309.617s][debug][gc,phases      ] GC(18)     Total                          Min: 0, Avg:  0.8, Max: 3, Diff: 3, Sum: 3, Workers: 4
[309.617s][debug][gc,phases      ] GC(18)   JVMTI Tag Weak OopStorage      Min:  0.0, Avg:  0.0, Max:  0.0, Diff:  0.0, Sum:  0.0, Workers: 4
[309.617s][debug][gc,phases      ] GC(18)     Dead                           Min: 0, Avg:  0.0, Max: 0, Diff: 0, Sum: 0, Workers: 4
[309.617s][debug][gc,phases      ] GC(18)     Total                          Min: 0, Avg:  0.0, Max: 0, Diff: 0, Sum: 0, Workers: 4
[309.617s][debug][gc,phases      ] GC(18)   StringTable Weak               Min:  0.0, Avg:  0.1, Max:  0.1, Diff:  0.1, Sum:  0.4, Workers: 4
[309.617s][debug][gc,phases      ] GC(18)     Dead                           Min: 0, Avg:  0.5, Max: 1, Diff: 1, Sum: 2, Workers: 4
[309.617s][debug][gc,phases      ] GC(18)     Total                          Min: 0, Avg: 11435.8, Max: 18495, Diff: 18495, Sum: 45743, Workers: 4
[309.617s][debug][gc,phases      ] GC(18)   ResolvedMethodTable Weak       Min:  0.0, Avg:  0.0, Max:  0.1, Diff:  0.1, Sum:  0.2, Workers: 4
[309.617s][debug][gc,phases      ] GC(18)     Dead                           Min: 0, Avg:  5.2, Max: 11, Diff: 11, Sum: 21, Workers: 4
[309.617s][debug][gc,phases      ] GC(18)     Total                          Min: 0, Avg: 3730.0, Max: 6379, Diff: 6379, Sum: 14920, Workers: 4
[309.617s][debug][gc,phases      ] GC(18)   JNI Weak                       Min:  0.0, Avg:  0.0, Max:  0.0, Diff:  0.0, Sum:  0.0, Workers: 4
[309.617s][debug][gc,phases      ] GC(18)     Dead                           Min: 0, Avg:  0.0, Max: 0, Diff: 0, Sum: 0, Workers: 4
[309.617s][debug][gc,phases      ] GC(18)     Total                          Min: 0, Avg: 13.0, Max: 48, Diff: 48, Sum: 52, Workers: 4
[309.617s][debug][gc,phases      ] GC(18)   StringDedup Table Weak         Min:  0.0, Avg:  0.0, Max:  0.0, Diff:  0.0, Sum:  0.0, Workers: 4
[309.617s][debug][gc,phases      ] GC(18)     Dead                           Min: 0, Avg:  0.0, Max: 0, Diff: 0, Sum: 0, Workers: 4
[309.617s][debug][gc,phases      ] GC(18)     Total                          Min: 0, Avg:  0.0, Max: 0, Diff: 0, Sum: 0, Workers: 4
[309.617s][debug][gc,phases      ] GC(18)   StringDedup Requests0 Weak     Min:  0.0, Avg:  0.0, Max:  0.0, Diff:  0.0, Sum:  0.0, Workers: 4
[309.617s][debug][gc,phases      ] GC(18)     Dead                           Min: 0, Avg:  0.0, Max: 0, Diff: 0, Sum: 0, Workers: 4
[309.617s][debug][gc,phases      ] GC(18)     Total                          Min: 0, Avg:  0.0, Max: 0, Diff: 0, Sum: 0, Workers: 4
[309.617s][debug][gc,phases      ] GC(18)   StringDedup Requests1 Weak     Min:  0.0, Avg:  0.0, Max:  0.0, Diff:  0.0, Sum:  0.0, Workers: 4
[309.617s][debug][gc,phases      ] GC(18)     Dead                           Min: 0, Avg:  0.0, Max: 0, Diff: 0, Sum: 0, Workers: 4
[309.617s][debug][gc,phases      ] GC(18)     Total                          Min: 0, Avg:  0.0, Max: 0, Diff: 0, Sum: 0, Workers: 4
[309.617s][debug][gc,phases      ] GC(18)   Weak JFR Old Object Samples    Min:  0.0, Avg:  0.0, Max:  0.0, Diff:  0.0, Sum:  0.0, Workers: 4
[309.617s][debug][gc,phases      ] GC(18)     Dead                           Min: 0, Avg:  0.0, Max: 0, Diff: 0, Sum: 0, Workers: 4
[309.617s][debug][gc,phases      ] GC(18)     Total                          Min: 0, Avg:  0.0, Max: 0, Diff: 0, Sum: 0, Workers: 4
[309.618s][debug][gc,phases      ] GC(18) Weak Processing 0.435ms
[309.618s][debug][gc,age         ] GC(18) Desired survivor size 230162432 bytes, new threshold 1 (max threshold 15)
[309.618s][info ][gc,heap        ] GC(18) PSYoungGen: 1648049K(1863168K)->7712K(1872384K) Eden: 1638912K(1638912K)->0K(1646592K) From: 9137K(224256K)->7712K(225792K)
[309.618s][info ][gc,heap        ] GC(18) ParOldGen: 323544K(323584K)->326639K(326656K)
[309.618s][info ][gc,metaspace   ] GC(18) Metaspace: 104334K(105600K)->104334K(105600K) NonClass: 88438K(89152K)->88438K(89152K) Class: 15895K(16448K)->15895K(16448K)
[309.618s][info ][gc             ] GC(18) Pause Young (Allocation Failure) 1925M->326M(2147M) 7.388ms
[309.618s][info ][gc,cpu         ] GC(18) User=0.02s Sys=0.00s Real=0.00s
[309.618s][info ][safepoint      ] Safepoint "ParallelGCFailedAllocation", Time since last: 463153885 ns, Reaching safepoint: 83799 ns, Cleanup: 10700 ns, At safepoint: 7456261 ns, Total: 7550760 ns
[310.618s][info ][safepoint      ] Safepoint "Cleanup", Time since last: 1000095184 ns, Reaching safepoint: 7700 ns, Cleanup: 17200 ns, At safepoint: 2300 ns, Total: 27200 ns
[311.618s][info ][safepoint      ] Safepoint "Cleanup", Time since last: 1000115984 ns, Reaching safepoint: 7700 ns, Cleanup: 18900 ns, At safepoint: 2000 ns, Total: 28600 ns
[313.327s][info ][safepoint      ] Safepoint "Cleanup", Time since last: 1709131605 ns, Reaching safepoint: 3800 ns, Cleanup: 18600 ns, At safepoint: 4600 ns, Total: 27000 ns
[314.398s][info ][safepoint      ] Safepoint "Cleanup", Time since last: 1070796240 ns, Reaching safepoint: 7300 ns, Cleanup: 130000 ns, At safepoint: 2900 ns, Total: 140200 ns
[317.398s][info ][safepoint      ] Safepoint "Cleanup", Time since last: 3000295162 ns, Reaching safepoint: 8400 ns, Cleanup: 15700 ns, At safepoint: 2700 ns, Total: 26800 ns
[318.398s][info ][safepoint      ] Safepoint "Cleanup", Time since last: 1000124287 ns, Reaching safepoint: 8300 ns, Cleanup: 11700 ns, At safepoint: 2700 ns, Total: 22700 ns
[323.399s][info ][safepoint      ] Safepoint "Cleanup", Time since last: 5000456551 ns, Reaching safepoint: 7500 ns, Cleanup: 17700 ns, At safepoint: 2500 ns, Total: 27700 ns
[324.399s][info ][safepoint      ] Safepoint "Cleanup", Time since last: 1000155299 ns, Reaching safepoint: 7600 ns, Cleanup: 38899 ns, At safepoint: 2700 ns, Total: 49199 ns
[326.399s][info ][safepoint      ] Safepoint "Cleanup", Time since last: 2000201299 ns, Reaching safepoint: 7400 ns, Cleanup: 16000 ns, At safepoint: 2300 ns, Total: 25700 ns
[328.400s][info ][safepoint      ] Safepoint "Cleanup", Time since last: 2000206213 ns, Reaching safepoint: 7500 ns, Cleanup: 13099 ns, At safepoint: 2400 ns, Total: 22999 ns
[331.400s][info ][safepoint      ] Safepoint "Cleanup", Time since last: 3000292914 ns, Reaching safepoint: 8400 ns, Cleanup: 12999 ns, At safepoint: 2300 ns, Total: 23699 ns
[332.400s][info ][safepoint      ] Safepoint "Cleanup", Time since last: 1000124338 ns, Reaching safepoint: 7800 ns, Cleanup: 16600 ns, At safepoint: 2300 ns, Total: 26700 ns
[333.400s][info ][safepoint      ] Safepoint "Cleanup", Time since last: 1000127037 ns, Reaching safepoint: 8700 ns, Cleanup: 17700 ns, At safepoint: 2600 ns, Total: 29000 ns
[334.400s][info ][safepoint      ] Safepoint "Cleanup", Time since last: 1000118638 ns, Reaching safepoint: 7500 ns, Cleanup: 13800 ns, At safepoint: 2200 ns, Total: 23500 ns
[335.400s][info ][safepoint      ] Safepoint "Cleanup", Time since last: 1000118137 ns, Reaching safepoint: 8200 ns, Cleanup: 11500 ns, At safepoint: 2600 ns, Total: 22300 ns
[336.401s][info ][safepoint      ] Safepoint "Cleanup", Time since last: 1000125827 ns, Reaching safepoint: 7800 ns, Cleanup: 12700 ns, At safepoint: 2700 ns, Total: 23200 ns
[338.401s][info ][safepoint      ] Safepoint "Cleanup", Time since last: 2000205048 ns, Reaching safepoint: 8400 ns, Cleanup: 22000 ns, At safepoint: 2200 ns, Total: 32600 ns
[339.401s][info ][safepoint      ] Safepoint "Cleanup", Time since last: 1000115924 ns, Reaching safepoint: 8500 ns, Cleanup: 28400 ns, At safepoint: 2000 ns, Total: 38900 ns
[341.401s][info ][safepoint      ] Safepoint "Cleanup", Time since last: 2000184449 ns, Reaching safepoint: 7500 ns, Cleanup: 23700 ns, At safepoint: 1900 ns, Total: 33100 ns
[342.401s][info ][safepoint      ] Safepoint "Cleanup", Time since last: 1000126224 ns, Reaching safepoint: 8800 ns, Cleanup: 20100 ns, At safepoint: 2300 ns, Total: 31200 ns
[343.402s][info ][safepoint      ] Safepoint "Cleanup", Time since last: 1000122224 ns, Reaching safepoint: 8000 ns, Cleanup: 12900 ns, At safepoint: 2400 ns, Total: 23300 ns
[344.402s][info ][safepoint      ] Safepoint "Cleanup", Time since last: 1000122031 ns, Reaching safepoint: 8600 ns, Cleanup: 12700 ns, At safepoint: 2300 ns, Total: 23600 ns
[345.402s][info ][safepoint      ] Safepoint "Cleanup", Time since last: 1000131700 ns, Reaching safepoint: 8499 ns, Cleanup: 15000 ns, At safepoint: 2300 ns, Total: 25799 ns
[346.402s][info ][safepoint      ] Safepoint "Cleanup", Time since last: 1000135400 ns, Reaching safepoint: 8200 ns, Cleanup: 14600 ns, At safepoint: 2300 ns, Total: 25100 ns
[347.402s][info ][safepoint      ] Safepoint "Cleanup", Time since last: 1000122800 ns, Reaching safepoint: 8100 ns, Cleanup: 11900 ns, At safepoint: 2600 ns, Total: 22600 ns
[349.402s][info ][safepoint      ] Safepoint "Cleanup", Time since last: 2000196799 ns, Reaching safepoint: 7600 ns, Cleanup: 16800 ns, At safepoint: 2200 ns, Total: 26600 ns
[350.402s][info ][safepoint      ] Safepoint "Cleanup", Time since last: 1000127600 ns, Reaching safepoint: 8200 ns, Cleanup: 13300 ns, At safepoint: 2300 ns, Total: 23800 ns
[352.403s][info ][safepoint      ] Safepoint "Cleanup", Time since last: 2000210019 ns, Reaching safepoint: 7200 ns, Cleanup: 11000 ns, At safepoint: 2100 ns, Total: 20300 ns
[354.403s][info ][safepoint      ] Safepoint "Cleanup", Time since last: 2000208740 ns, Reaching safepoint: 7100 ns, Cleanup: 13500 ns, At safepoint: 2500 ns, Total: 23100 ns
[354.814s][info ][gc,start       ] GC(19) Pause Young (Allocation Failure)
[354.820s][debug][gc,phases      ] GC(19) Scavenge 6.221ms
[354.820s][debug][gc,ref         ] GC(19) ReferenceProcessor::execute queues: 1, RefProcThreadModel::Single, marks_oops_alive: false
[354.820s][debug][gc,ref         ] GC(19) Skipped KeepAliveFinalRefsPhase of Reference Processing: no references
[354.820s][debug][gc,ref         ] GC(19) ReferenceProcessor::execute queues: 1, RefProcThreadModel::Single, marks_oops_alive: false
[354.820s][debug][gc,phases      ] GC(19) Reference Processing 0.102ms
[354.821s][debug][gc,phases      ] GC(19)   VM Weak                        Min:  0.0, Avg:  0.0, Max:  0.0, Diff:  0.0, Sum:  0.0, Workers: 4
[354.821s][debug][gc,phases      ] GC(19)     Dead                           Min: 0, Avg:  0.0, Max: 0, Diff: 0, Sum: 0, Workers: 4
[354.821s][debug][gc,phases      ] GC(19)     Total                          Min: 0, Avg: 239.2, Max: 512, Diff: 512, Sum: 957, Workers: 4
[354.821s][debug][gc,phases      ] GC(19)   ObjectSynchronizer Weak        Min:  0.0, Avg:  0.0, Max:  0.0, Diff:  0.0, Sum:  0.0, Workers: 4
[354.821s][debug][gc,phases      ] GC(19)     Dead                           Min: 0, Avg:  0.0, Max: 0, Diff: 0, Sum: 0, Workers: 4
[354.821s][debug][gc,phases      ] GC(19)     Total                          Min: 0, Avg:  1.0, Max: 4, Diff: 4, Sum: 4, Workers: 4
[354.821s][debug][gc,phases      ] GC(19)   JVMTI Tag Weak OopStorage      Min:  0.0, Avg:  0.0, Max:  0.0, Diff:  0.0, Sum:  0.0, Workers: 4
[354.821s][debug][gc,phases      ] GC(19)     Dead                           Min: 0, Avg:  0.0, Max: 0, Diff: 0, Sum: 0, Workers: 4
[354.821s][debug][gc,phases      ] GC(19)     Total                          Min: 0, Avg:  0.0, Max: 0, Diff: 0, Sum: 0, Workers: 4
[354.821s][debug][gc,phases      ] GC(19)   StringTable Weak               Min:  0.0, Avg:  0.1, Max:  0.1, Diff:  0.1, Sum:  0.4, Workers: 4
[354.821s][debug][gc,phases      ] GC(19)     Dead                           Min: 0, Avg:  0.5, Max: 2, Diff: 2, Sum: 2, Workers: 4
[354.821s][debug][gc,phases      ] GC(19)     Total                          Min: 0, Avg: 11462.8, Max: 19648, Diff: 19648, Sum: 45851, Workers: 4
[354.821s][debug][gc,phases      ] GC(19)   ResolvedMethodTable Weak       Min:  0.0, Avg:  0.0, Max:  0.0, Diff:  0.0, Sum:  0.1, Workers: 4
[354.821s][debug][gc,phases      ] GC(19)     Dead                           Min: 0, Avg:  6.8, Max: 27, Diff: 27, Sum: 27, Workers: 4
[354.821s][debug][gc,phases      ] GC(19)     Total                          Min: 0, Avg: 3742.8, Max: 5714, Diff: 5714, Sum: 14971, Workers: 4
[354.821s][debug][gc,phases      ] GC(19)   JNI Weak                       Min:  0.0, Avg:  0.0, Max:  0.0, Diff:  0.0, Sum:  0.0, Workers: 4
[354.821s][debug][gc,phases      ] GC(19)     Dead                           Min: 0, Avg:  0.0, Max: 0, Diff: 0, Sum: 0, Workers: 4
[354.821s][debug][gc,phases      ] GC(19)     Total                          Min: 0, Avg: 13.0, Max: 48, Diff: 48, Sum: 52, Workers: 4
[354.821s][debug][gc,phases      ] GC(19)   StringDedup Table Weak         Min:  0.0, Avg:  0.0, Max:  0.0, Diff:  0.0, Sum:  0.0, Workers: 4
[354.821s][debug][gc,phases      ] GC(19)     Dead                           Min: 0, Avg:  0.0, Max: 0, Diff: 0, Sum: 0, Workers: 4
[354.821s][debug][gc,phases      ] GC(19)     Total                          Min: 0, Avg:  0.0, Max: 0, Diff: 0, Sum: 0, Workers: 4
[354.821s][debug][gc,phases      ] GC(19)   StringDedup Requests0 Weak     Min:  0.0, Avg:  0.0, Max:  0.0, Diff:  0.0, Sum:  0.0, Workers: 4
[354.821s][debug][gc,phases      ] GC(19)     Dead                           Min: 0, Avg:  0.0, Max: 0, Diff: 0, Sum: 0, Workers: 4
[354.821s][debug][gc,phases      ] GC(19)     Total                          Min: 0, Avg:  0.0, Max: 0, Diff: 0, Sum: 0, Workers: 4
[354.821s][debug][gc,phases      ] GC(19)   StringDedup Requests1 Weak     Min:  0.0, Avg:  0.0, Max:  0.0, Diff:  0.0, Sum:  0.0, Workers: 4
[354.821s][debug][gc,phases      ] GC(19)     Dead                           Min: 0, Avg:  0.0, Max: 0, Diff: 0, Sum: 0, Workers: 4
[354.821s][debug][gc,phases      ] GC(19)     Total                          Min: 0, Avg:  0.0, Max: 0, Diff: 0, Sum: 0, Workers: 4
[354.821s][debug][gc,phases      ] GC(19)   Weak JFR Old Object Samples    Min:  0.0, Avg:  0.0, Max:  0.0, Diff:  0.0, Sum:  0.0, Workers: 4
[354.821s][debug][gc,phases      ] GC(19)     Dead                           Min: 0, Avg:  0.0, Max: 0, Diff: 0, Sum: 0, Workers: 4
[354.821s][debug][gc,phases      ] GC(19)     Total                          Min: 0, Avg:  0.0, Max: 0, Diff: 0, Sum: 0, Workers: 4
[354.821s][debug][gc,phases      ] GC(19) Weak Processing 0.365ms
[354.821s][debug][gc,age         ] GC(19) Desired survivor size 227540992 bytes, new threshold 1 (max threshold 15)
[354.821s][info ][gc,heap        ] GC(19) PSYoungGen: 1654304K(1872384K)->7312K(1871360K) Eden: 1646592K(1646592K)->0K(1646592K) From: 7712K(225792K)->7312K(224768K)
[354.821s][info ][gc,heap        ] GC(19) ParOldGen: 326639K(326656K)->328568K(328704K)
[354.821s][info ][gc,metaspace   ] GC(19) Metaspace: 104640K(105920K)->104640K(105920K) NonClass: 88711K(89408K)->88711K(89408K) Class: 15928K(16512K)->15928K(16512K)
[354.821s][info ][gc             ] GC(19) Pause Young (Allocation Failure) 1934M->328M(2148M) 6.792ms
[354.821s][info ][gc,cpu         ] GC(19) User=0.02s Sys=0.00s Real=0.01s
[354.821s][info ][safepoint      ] Safepoint "ParallelGCFailedAllocation", Time since last: 411098199 ns, Reaching safepoint: 7100 ns, Cleanup: 5300 ns, At safepoint: 6887865 ns, Total: 6900265 ns
[355.821s][info ][safepoint      ] Safepoint "Cleanup", Time since last: 1000087687 ns, Reaching safepoint: 6800 ns, Cleanup: 15600 ns, At safepoint: 2300 ns, Total: 24700 ns
[357.821s][info ][safepoint      ] Safepoint "Cleanup", Time since last: 2000188475 ns, Reaching safepoint: 7700 ns, Cleanup: 13000 ns, At safepoint: 1900 ns, Total: 22600 ns
[358.821s][info ][safepoint      ] Safepoint "Cleanup", Time since last: 1000117187 ns, Reaching safepoint: 7400 ns, Cleanup: 12200 ns, At safepoint: 2000 ns, Total: 21600 ns
[359.822s][info ][safepoint      ] Safepoint "Cleanup", Time since last: 1000116788 ns, Reaching safepoint: 8000 ns, Cleanup: 17800 ns, At safepoint: 2800 ns, Total: 28600 ns
[362.165s][info ][safepoint      ] Safepoint "Cleanup", Time since last: 2342973208 ns, Reaching safepoint: 6500 ns, Cleanup: 6600 ns, At safepoint: 1800 ns, Total: 14900 ns
[364.165s][info ][safepoint      ] Safepoint "Cleanup", Time since last: 2000183169 ns, Reaching safepoint: 5500 ns, Cleanup: 10700 ns, At safepoint: 1900 ns, Total: 18100 ns
[365.165s][info ][safepoint      ] Safepoint "Cleanup", Time since last: 1000126935 ns, Reaching safepoint: 82399 ns, Cleanup: 13900 ns, At safepoint: 9100 ns, Total: 105399 ns
[368.165s][info ][safepoint      ] Safepoint "Cleanup", Time since last: 3000275704 ns, Reaching safepoint: 81699 ns, Cleanup: 16400 ns, At safepoint: 7300 ns, Total: 105399 ns
[369.166s][info ][safepoint      ] Safepoint "Cleanup", Time since last: 1000132156 ns, Reaching safepoint: 81200 ns, Cleanup: 15300 ns, At safepoint: 7700 ns, Total: 104200 ns
[371.166s][info ][safepoint      ] Safepoint "Cleanup", Time since last: 2000204622 ns, Reaching safepoint: 79999 ns, Cleanup: 14300 ns, At safepoint: 20500 ns, Total: 114799 ns
[374.166s][info ][safepoint      ] Safepoint "Cleanup", Time since last: 3000261383 ns, Reaching safepoint: 6600 ns, Cleanup: 10700 ns, At safepoint: 2300 ns, Total: 19600 ns
[376.167s][info ][safepoint      ] Safepoint "Cleanup", Time since last: 2000194122 ns, Reaching safepoint: 78699 ns, Cleanup: 14100 ns, At safepoint: 8300 ns, Total: 101099 ns
[377.167s][info ][safepoint      ] Safepoint "Cleanup", Time since last: 1000110032 ns, Reaching safepoint: 5900 ns, Cleanup: 7600 ns, At safepoint: 1700 ns, Total: 15200 ns
[378.167s][info ][safepoint      ] Safepoint "Cleanup", Time since last: 1000109624 ns, Reaching safepoint: 6400 ns, Cleanup: 16400 ns, At safepoint: 2000 ns, Total: 24800 ns
[379.167s][info ][safepoint      ] Safepoint "Cleanup", Time since last: 1000122325 ns, Reaching safepoint: 5500 ns, Cleanup: 34800 ns, At safepoint: 2100 ns, Total: 42400 ns
[380.167s][info ][safepoint      ] Safepoint "Cleanup", Time since last: 1000105025 ns, Reaching safepoint: 5299 ns, Cleanup: 10200 ns, At safepoint: 1900 ns, Total: 17399 ns
[382.167s][info ][safepoint      ] Safepoint "Cleanup", Time since last: 2000181250 ns, Reaching safepoint: 7800 ns, Cleanup: 13100 ns, At safepoint: 1900 ns, Total: 22800 ns
[384.167s][info ][safepoint      ] Safepoint "Cleanup", Time since last: 2000181850 ns, Reaching safepoint: 7000 ns, Cleanup: 13300 ns, At safepoint: 2700 ns, Total: 23000 ns
[401.169s][info ][safepoint      ] Safepoint "Cleanup", Time since last: 17001285171 ns, Reaching safepoint: 5400 ns, Cleanup: 9600 ns, At safepoint: 2200 ns, Total: 17200 ns
[402.160s][info ][gc,start       ] GC(20) Pause Young (Allocation Failure)
[402.168s][debug][gc,phases      ] GC(20) Scavenge 8.128ms
[402.169s][debug][gc,ref         ] GC(20) ReferenceProcessor::execute queues: 1, RefProcThreadModel::Single, marks_oops_alive: false
[402.169s][debug][gc,ref         ] GC(20) Skipped KeepAliveFinalRefsPhase of Reference Processing: no references
[402.169s][debug][gc,ref         ] GC(20) Skipped PhantomRefsPhase of Reference Processing: no references
[402.169s][debug][gc,phases      ] GC(20) Reference Processing 0.119ms
[402.169s][debug][gc,phases      ] GC(20)   VM Weak                        Min:  0.0, Avg:  0.0, Max:  0.0, Diff:  0.0, Sum:  0.0, Workers: 4
[402.169s][debug][gc,phases      ] GC(20)     Dead                           Min: 0, Avg:  0.0, Max: 0, Diff: 0, Sum: 0, Workers: 4
[402.169s][debug][gc,phases      ] GC(20)     Total                          Min: 0, Avg: 239.2, Max: 957, Diff: 957, Sum: 957, Workers: 4
[402.169s][debug][gc,phases      ] GC(20)   ObjectSynchronizer Weak        Min:  0.0, Avg:  0.0, Max:  0.0, Diff:  0.0, Sum:  0.0, Workers: 4
[402.169s][debug][gc,phases      ] GC(20)     Dead                           Min: 0, Avg:  0.0, Max: 0, Diff: 0, Sum: 0, Workers: 4
[402.169s][debug][gc,phases      ] GC(20)     Total                          Min: 0, Avg:  1.2, Max: 5, Diff: 5, Sum: 5, Workers: 4
[402.169s][debug][gc,phases      ] GC(20)   JVMTI Tag Weak OopStorage      Min:  0.0, Avg:  0.0, Max:  0.0, Diff:  0.0, Sum:  0.0, Workers: 4
[402.169s][debug][gc,phases      ] GC(20)     Dead                           Min: 0, Avg:  0.0, Max: 0, Diff: 0, Sum: 0, Workers: 4
[402.169s][debug][gc,phases      ] GC(20)     Total                          Min: 0, Avg:  0.0, Max: 0, Diff: 0, Sum: 0, Workers: 4
[402.169s][debug][gc,phases      ] GC(20)   StringTable Weak               Min:  0.0, Avg:  0.1, Max:  0.2, Diff:  0.2, Sum:  0.4, Workers: 4
[402.169s][debug][gc,phases      ] GC(20)     Dead                           Min: 0, Avg:  0.0, Max: 0, Diff: 0, Sum: 0, Workers: 4
[402.169s][debug][gc,phases      ] GC(20)     Total                          Min: 0, Avg: 11464.8, Max: 23552, Diff: 23552, Sum: 45859, Workers: 4
[402.169s][debug][gc,phases      ] GC(20)   ResolvedMethodTable Weak       Min:  0.0, Avg:  0.0, Max:  0.1, Diff:  0.1, Sum:  0.1, Workers: 4
[402.169s][debug][gc,phases      ] GC(20)     Dead                           Min: 0, Avg:  4.0, Max: 16, Diff: 16, Sum: 16, Workers: 4
[402.169s][debug][gc,phases      ] GC(20)     Total                          Min: 0, Avg: 3742.8, Max: 7820, Diff: 7820, Sum: 14971, Workers: 4
[402.169s][debug][gc,phases      ] GC(20)   JNI Weak                       Min:  0.0, Avg:  0.0, Max:  0.0, Diff:  0.0, Sum:  0.0, Workers: 4
[402.169s][debug][gc,phases      ] GC(20)     Dead                           Min: 0, Avg:  0.0, Max: 0, Diff: 0, Sum: 0, Workers: 4
[402.169s][debug][gc,phases      ] GC(20)     Total                          Min: 0, Avg: 13.0, Max: 48, Diff: 48, Sum: 52, Workers: 4
[402.169s][debug][gc,phases      ] GC(20)   StringDedup Table Weak         Min:  0.0, Avg:  0.0, Max:  0.0, Diff:  0.0, Sum:  0.0, Workers: 4
[402.169s][debug][gc,phases      ] GC(20)     Dead                           Min: 0, Avg:  0.0, Max: 0, Diff: 0, Sum: 0, Workers: 4
[402.169s][debug][gc,phases      ] GC(20)     Total                          Min: 0, Avg:  0.0, Max: 0, Diff: 0, Sum: 0, Workers: 4
[402.169s][debug][gc,phases      ] GC(20)   StringDedup Requests0 Weak     Min:  0.0, Avg:  0.0, Max:  0.0, Diff:  0.0, Sum:  0.0, Workers: 4
[402.169s][debug][gc,phases      ] GC(20)     Dead                           Min: 0, Avg:  0.0, Max: 0, Diff: 0, Sum: 0, Workers: 4
[402.169s][debug][gc,phases      ] GC(20)     Total                          Min: 0, Avg:  0.0, Max: 0, Diff: 0, Sum: 0, Workers: 4
[402.169s][debug][gc,phases      ] GC(20)   StringDedup Requests1 Weak     Min:  0.0, Avg:  0.0, Max:  0.0, Diff:  0.0, Sum:  0.0, Workers: 4
[402.169s][debug][gc,phases      ] GC(20)     Dead                           Min: 0, Avg:  0.0, Max: 0, Diff: 0, Sum: 0, Workers: 4
[402.169s][debug][gc,phases      ] GC(20)     Total                          Min: 0, Avg:  0.0, Max: 0, Diff: 0, Sum: 0, Workers: 4
[402.169s][debug][gc,phases      ] GC(20)   Weak JFR Old Object Samples    Min:  0.0, Avg:  0.0, Max:  0.0, Diff:  0.0, Sum:  0.0, Workers: 4
[402.169s][debug][gc,phases      ] GC(20)     Dead                           Min: 0, Avg:  0.0, Max: 0, Diff: 0, Sum: 0, Workers: 4
[402.169s][debug][gc,phases      ] GC(20)     Total                          Min: 0, Avg:  0.0, Max: 0, Diff: 0, Sum: 0, Workers: 4
[402.169s][debug][gc,phases      ] GC(20) Weak Processing 0.598ms
[402.169s][debug][gc,age         ] GC(20) Desired survivor size 223346688 bytes, new threshold 1 (max threshold 15)
[402.169s][info ][gc,heap        ] GC(20) PSYoungGen: 1653904K(1871360K)->6864K(1879040K) Eden: 1646592K(1646592K)->0K(1656832K) From: 7312K(224768K)->6864K(222208K)
[402.169s][info ][gc,heap        ] GC(20) ParOldGen: 328568K(328704K)->330313K(330752K)
[402.169s][info ][gc,metaspace   ] GC(20) Metaspace: 104690K(106048K)->104690K(106048K) NonClass: 88762K(89536K)->88762K(89536K) Class: 15928K(16512K)->15928K(16512K)
[402.169s][info ][gc             ] GC(20) Pause Young (Allocation Failure) 1936M->329M(2158M) 8.989ms
[402.169s][info ][gc,cpu         ] GC(20) User=0.02s Sys=0.01s Real=0.01s
[402.169s][info ][safepoint      ] Safepoint "ParallelGCFailedAllocation", Time since last: 991334076 ns, Reaching safepoint: 80500 ns, Cleanup: 11100 ns, At safepoint: 9071254 ns, Total: 9162854 ns
[404.169s][info ][safepoint      ] Safepoint "Cleanup", Time since last: 2000163962 ns, Reaching safepoint: 6600 ns, Cleanup: 17400 ns, At safepoint: 2100 ns, Total: 26100 ns
[405.170s][info ][safepoint      ] Safepoint "Cleanup", Time since last: 1000108331 ns, Reaching safepoint: 6300 ns, Cleanup: 9300 ns, At safepoint: 2000 ns, Total: 17600 ns
[408.170s][info ][safepoint      ] Safepoint "Cleanup", Time since last: 3000248794 ns, Reaching safepoint: 6800 ns, Cleanup: 13800 ns, At safepoint: 2500 ns, Total: 23100 ns
[409.170s][info ][safepoint      ] Safepoint "Cleanup", Time since last: 1000118178 ns, Reaching safepoint: 6000 ns, Cleanup: 11100 ns, At safepoint: 2100 ns, Total: 19200 ns
[412.170s][info ][safepoint      ] Safepoint "Cleanup", Time since last: 3000256577 ns, Reaching safepoint: 6400 ns, Cleanup: 9700 ns, At safepoint: 2600 ns, Total: 18700 ns
[426.182s][info ][safepoint      ] Safepoint "Cleanup", Time since last: 14012141111 ns, Reaching safepoint: 6300 ns, Cleanup: 10600 ns, At safepoint: 2100 ns, Total: 19000 ns
[428.183s][info ][safepoint      ] Safepoint "Cleanup", Time since last: 2000191832 ns, Reaching safepoint: 8100 ns, Cleanup: 12099 ns, At safepoint: 2300 ns, Total: 22499 ns
[431.183s][info ][safepoint      ] Safepoint "Cleanup", Time since last: 3000263147 ns, Reaching safepoint: 6100 ns, Cleanup: 23600 ns, At safepoint: 1900 ns, Total: 31600 ns
[432.183s][info ][safepoint      ] Safepoint "Cleanup", Time since last: 1000112016 ns, Reaching safepoint: 7200 ns, Cleanup: 10300 ns, At safepoint: 2100 ns, Total: 19600 ns
[435.183s][info ][safepoint      ] Safepoint "Cleanup", Time since last: 3000264751 ns, Reaching safepoint: 7000 ns, Cleanup: 11600 ns, At safepoint: 27500 ns, Total: 46100 ns
[442.184s][info ][safepoint      ] Safepoint "Cleanup", Time since last: 7000560701 ns, Reaching safepoint: 5300 ns, Cleanup: 11600 ns, At safepoint: 1600 ns, Total: 18500 ns
[449.185s][info ][safepoint      ] Safepoint "Cleanup", Time since last: 7000556453 ns, Reaching safepoint: 6100 ns, Cleanup: 13000 ns, At safepoint: 2100 ns, Total: 21200 ns
[450.185s][info ][safepoint      ] Safepoint "Cleanup", Time since last: 1000112340 ns, Reaching safepoint: 7100 ns, Cleanup: 11700 ns, At safepoint: 2400 ns, Total: 21200 ns
[451.185s][info ][safepoint      ] Safepoint "Cleanup", Time since last: 1000112140 ns, Reaching safepoint: 5800 ns, Cleanup: 9699 ns, At safepoint: 1900 ns, Total: 17399 ns
[452.662s][info ][gc,start       ] GC(21) Pause Young (Allocation Failure)
[452.668s][debug][gc,phases      ] GC(21) Scavenge 6.234ms
[452.668s][debug][gc,ref         ] GC(21) ReferenceProcessor::execute queues: 1, RefProcThreadModel::Single, marks_oops_alive: false
[452.668s][debug][gc,ref         ] GC(21) Skipped KeepAliveFinalRefsPhase of Reference Processing: no references
[452.668s][debug][gc,ref         ] GC(21) ReferenceProcessor::execute queues: 1, RefProcThreadModel::Single, marks_oops_alive: false
[452.668s][debug][gc,phases      ] GC(21) Reference Processing 0.095ms
[452.668s][debug][gc,phases      ] GC(21)   VM Weak                        Min:  0.0, Avg:  0.0, Max:  0.0, Diff:  0.0, Sum:  0.0, Workers: 4
[452.668s][debug][gc,phases      ] GC(21)     Dead                           Min: 0, Avg:  0.0, Max: 0, Diff: 0, Sum: 0, Workers: 4
[452.668s][debug][gc,phases      ] GC(21)     Total                          Min: 0, Avg: 239.5, Max: 512, Diff: 512, Sum: 958, Workers: 4
[452.668s][debug][gc,phases      ] GC(21)   ObjectSynchronizer Weak        Min:  0.0, Avg:  0.0, Max:  0.0, Diff:  0.0, Sum:  0.0, Workers: 4
[452.668s][debug][gc,phases      ] GC(21)     Dead                           Min: 0, Avg:  0.0, Max: 0, Diff: 0, Sum: 0, Workers: 4
[452.668s][debug][gc,phases      ] GC(21)     Total                          Min: 0, Avg:  0.8, Max: 3, Diff: 3, Sum: 3, Workers: 4
[452.668s][debug][gc,phases      ] GC(21)   JVMTI Tag Weak OopStorage      Min:  0.0, Avg:  0.0, Max:  0.0, Diff:  0.0, Sum:  0.0, Workers: 4
[452.668s][debug][gc,phases      ] GC(21)     Dead                           Min: 0, Avg:  0.0, Max: 0, Diff: 0, Sum: 0, Workers: 4
[452.668s][debug][gc,phases      ] GC(21)     Total                          Min: 0, Avg:  0.0, Max: 0, Diff: 0, Sum: 0, Workers: 4
[452.668s][debug][gc,phases      ] GC(21)   StringTable Weak               Min:  0.0, Avg:  0.1, Max:  0.1, Diff:  0.1, Sum:  0.4, Workers: 4
[452.668s][debug][gc,phases      ] GC(21)     Dead                           Min: 0, Avg:  0.2, Max: 1, Diff: 1, Sum: 1, Workers: 4
[452.668s][debug][gc,phases      ] GC(21)     Total                          Min: 0, Avg: 11466.0, Max: 21225, Diff: 21225, Sum: 45864, Workers: 4
[452.668s][debug][gc,phases      ] GC(21)   ResolvedMethodTable Weak       Min:  0.0, Avg:  0.0, Max:  0.0, Diff:  0.0, Sum:  0.1, Workers: 4
[452.668s][debug][gc,phases      ] GC(21)     Dead                           Min: 0, Avg:  4.0, Max: 16, Diff: 16, Sum: 16, Workers: 4
[452.668s][debug][gc,phases      ] GC(21)     Total                          Min: 0, Avg: 3744.2, Max: 6636, Diff: 6636, Sum: 14977, Workers: 4
[452.668s][debug][gc,phases      ] GC(21)   JNI Weak                       Min:  0.0, Avg:  0.0, Max:  0.0, Diff:  0.0, Sum:  0.0, Workers: 4
[452.668s][debug][gc,phases      ] GC(21)     Dead                           Min: 0, Avg:  0.0, Max: 0, Diff: 0, Sum: 0, Workers: 4
[452.668s][debug][gc,phases      ] GC(21)     Total                          Min: 0, Avg: 13.5, Max: 48, Diff: 48, Sum: 54, Workers: 4
[452.668s][debug][gc,phases      ] GC(21)   StringDedup Table Weak         Min:  0.0, Avg:  0.0, Max:  0.0, Diff:  0.0, Sum:  0.0, Workers: 4
[452.668s][debug][gc,phases      ] GC(21)     Dead                           Min: 0, Avg:  0.0, Max: 0, Diff: 0, Sum: 0, Workers: 4
[452.668s][debug][gc,phases      ] GC(21)     Total                          Min: 0, Avg:  0.0, Max: 0, Diff: 0, Sum: 0, Workers: 4
[452.669s][debug][gc,phases      ] GC(21)   StringDedup Requests0 Weak     Min:  0.0, Avg:  0.0, Max:  0.0, Diff:  0.0, Sum:  0.0, Workers: 4
[452.669s][debug][gc,phases      ] GC(21)     Dead                           Min: 0, Avg:  0.0, Max: 0, Diff: 0, Sum: 0, Workers: 4
[452.669s][debug][gc,phases      ] GC(21)     Total                          Min: 0, Avg:  0.0, Max: 0, Diff: 0, Sum: 0, Workers: 4
[452.669s][debug][gc,phases      ] GC(21)   StringDedup Requests1 Weak     Min:  0.0, Avg:  0.0, Max:  0.0, Diff:  0.0, Sum:  0.0, Workers: 4
[452.669s][debug][gc,phases      ] GC(21)     Dead                           Min: 0, Avg:  0.0, Max: 0, Diff: 0, Sum: 0, Workers: 4
[452.669s][debug][gc,phases      ] GC(21)     Total                          Min: 0, Avg:  0.0, Max: 0, Diff: 0, Sum: 0, Workers: 4
[452.669s][debug][gc,phases      ] GC(21)   Weak JFR Old Object Samples    Min:  0.0, Avg:  0.0, Max:  0.0, Diff:  0.0, Sum:  0.0, Workers: 4
[452.669s][debug][gc,phases      ] GC(21)     Dead                           Min: 0, Avg:  0.0, Max: 0, Diff: 0, Sum: 0, Workers: 4
[452.669s][debug][gc,phases      ] GC(21)     Total                          Min: 0, Avg:  0.0, Max: 0, Diff: 0, Sum: 0, Workers: 4
[452.669s][debug][gc,phases      ] GC(21) Weak Processing 0.369ms
[452.669s][debug][gc,age         ] GC(21) Desired survivor size 217579520 bytes, new threshold 1 (max threshold 15)
[452.669s][info ][gc,heap        ] GC(21) PSYoungGen: 1663696K(1879040K)->8576K(1874944K) Eden: 1656832K(1656832K)->0K(1656832K) From: 6864K(222208K)->8576K(218112K)
[452.669s][info ][gc,heap        ] GC(21) ParOldGen: 330313K(330752K)->331705K(331776K)
[452.669s][info ][gc,metaspace   ] GC(21) Metaspace: 104721K(106048K)->104721K(106048K) NonClass: 88791K(89536K)->88791K(89536K) Class: 15929K(16512K)->15929K(16512K)
[452.669s][info ][gc             ] GC(21) Pause Young (Allocation Failure) 1947M->332M(2155M) 6.819ms
[452.669s][info ][gc,cpu         ] GC(21) User=0.02s Sys=0.00s Real=0.00s
[452.669s][info ][safepoint      ] Safepoint "ParallelGCFailedAllocation", Time since last: 1476833876 ns, Reaching safepoint: 81700 ns, Cleanup: 10899 ns, At safepoint: 6901766 ns, Total: 6994365 ns
[457.669s][info ][safepoint      ] Safepoint "Cleanup", Time since last: 5000391691 ns, Reaching safepoint: 79100 ns, Cleanup: 11099 ns, At safepoint: 6500 ns, Total: 96699 ns
[458.669s][info ][safepoint      ] Safepoint "Cleanup", Time since last: 1000128533 ns, Reaching safepoint: 6400 ns, Cleanup: 14399 ns, At safepoint: 2500 ns, Total: 23299 ns
[459.669s][info ][safepoint      ] Safepoint "Cleanup", Time since last: 1000115633 ns, Reaching safepoint: 80599 ns, Cleanup: 12400 ns, At safepoint: 8500 ns, Total: 101499 ns
[460.670s][info ][safepoint      ] Safepoint "Cleanup", Time since last: 1000117632 ns, Reaching safepoint: 7800 ns, Cleanup: 12500 ns, At safepoint: 3000 ns, Total: 23300 ns
[462.670s][info ][safepoint      ] Safepoint "Cleanup", Time since last: 2000192365 ns, Reaching safepoint: 6600 ns, Cleanup: 10100 ns, At safepoint: 1700 ns, Total: 18400 ns
[467.670s][info ][safepoint      ] Safepoint "Cleanup", Time since last: 5000381640 ns, Reaching safepoint: 6400 ns, Cleanup: 10400 ns, At safepoint: 1800 ns, Total: 18600 ns
[470.671s][info ][safepoint      ] Safepoint "Cleanup", Time since last: 3000261591 ns, Reaching safepoint: 8200 ns, Cleanup: 45999 ns, At safepoint: 8300 ns, Total: 62499 ns
[471.671s][info ][safepoint      ] Safepoint "Cleanup", Time since last: 1000127364 ns, Reaching safepoint: 84299 ns, Cleanup: 19600 ns, At safepoint: 7600 ns, Total: 111499 ns
[472.671s][info ][safepoint      ] Safepoint "Cleanup", Time since last: 1000116061 ns, Reaching safepoint: 23100 ns, Cleanup: 9000 ns, At safepoint: 2400 ns, Total: 34500 ns
[477.671s][info ][safepoint      ] Safepoint "Cleanup", Time since last: 5000399471 ns, Reaching safepoint: 6199 ns, Cleanup: 9900 ns, At safepoint: 1900 ns, Total: 17999 ns
[480.672s][info ][safepoint      ] Safepoint "Cleanup", Time since last: 3000290759 ns, Reaching safepoint: 8700 ns, Cleanup: 16400 ns, At safepoint: 2300 ns, Total: 27400 ns
[481.672s][info ][safepoint      ] Safepoint "Cleanup", Time since last: 1000123135 ns, Reaching safepoint: 7900 ns, Cleanup: 19100 ns, At safepoint: 2000 ns, Total: 29000 ns
[483.672s][info ][safepoint      ] Safepoint "Cleanup", Time since last: 2000194472 ns, Reaching safepoint: 7900 ns, Cleanup: 11500 ns, At safepoint: 2100 ns, Total: 21500 ns
[486.672s][info ][safepoint      ] Safepoint "Cleanup", Time since last: 3000281007 ns, Reaching safepoint: 10400 ns, Cleanup: 19600 ns, At safepoint: 2600 ns, Total: 32600 ns
[487.673s][info ][safepoint      ] Safepoint "Cleanup", Time since last: 1000119835 ns, Reaching safepoint: 8100 ns, Cleanup: 12100 ns, At safepoint: 2000 ns, Total: 22200 ns
[489.673s][info ][safepoint      ] Safepoint "Cleanup", Time since last: 2000196819 ns, Reaching safepoint: 9400 ns, Cleanup: 15500 ns, At safepoint: 2200 ns, Total: 27100 ns
[491.673s][info ][safepoint      ] Safepoint "Cleanup", Time since last: 2000200683 ns, Reaching safepoint: 6500 ns, Cleanup: 12000 ns, At safepoint: 2300 ns, Total: 20800 ns
[492.673s][info ][safepoint      ] Safepoint "Cleanup", Time since last: 1000122091 ns, Reaching safepoint: 83600 ns, Cleanup: 20300 ns, At safepoint: 9800 ns, Total: 113700 ns
[494.673s][info ][safepoint      ] Safepoint "Cleanup", Time since last: 2000200683 ns, Reaching safepoint: 8900 ns, Cleanup: 16300 ns, At safepoint: 2300 ns, Total: 27500 ns
[495.674s][info ][safepoint      ] Safepoint "Cleanup", Time since last: 1000132191 ns, Reaching safepoint: 6800 ns, Cleanup: 10800 ns, At safepoint: 29800 ns, Total: 47400 ns
[496.508s][info ][gc,start       ] GC(22) Pause Young (Allocation Failure)
[496.514s][debug][gc,phases      ] GC(22) Scavenge 6.757ms
[496.514s][debug][gc,ref         ] GC(22) ReferenceProcessor::execute queues: 1, RefProcThreadModel::Single, marks_oops_alive: false
[496.515s][debug][gc,ref         ] GC(22) Skipped KeepAliveFinalRefsPhase of Reference Processing: no references
[496.515s][debug][gc,ref         ] GC(22) ReferenceProcessor::execute queues: 1, RefProcThreadModel::Single, marks_oops_alive: false
[496.515s][debug][gc,phases      ] GC(22) Reference Processing 0.103ms
[496.515s][debug][gc,phases      ] GC(22)   VM Weak                        Min:  0.0, Avg:  0.0, Max:  0.0, Diff:  0.0, Sum:  0.0, Workers: 4
[496.515s][debug][gc,phases      ] GC(22)     Dead                           Min: 0, Avg:  0.0, Max: 0, Diff: 0, Sum: 0, Workers: 4
[496.515s][debug][gc,phases      ] GC(22)     Total                          Min: 0, Avg: 239.5, Max: 510, Diff: 510, Sum: 958, Workers: 4
[496.515s][debug][gc,phases      ] GC(22)   ObjectSynchronizer Weak        Min:  0.0, Avg:  0.0, Max:  0.0, Diff:  0.0, Sum:  0.0, Workers: 4
[496.515s][debug][gc,phases      ] GC(22)     Dead                           Min: 0, Avg:  0.0, Max: 0, Diff: 0, Sum: 0, Workers: 4
[496.515s][debug][gc,phases      ] GC(22)     Total                          Min: 0, Avg:  1.0, Max: 4, Diff: 4, Sum: 4, Workers: 4
[496.515s][debug][gc,phases      ] GC(22)   JVMTI Tag Weak OopStorage      Min:  0.0, Avg:  0.0, Max:  0.0, Diff:  0.0, Sum:  0.0, Workers: 4
[496.515s][debug][gc,phases      ] GC(22)     Dead                           Min: 0, Avg:  0.0, Max: 0, Diff: 0, Sum: 0, Workers: 4
[496.515s][debug][gc,phases      ] GC(22)     Total                          Min: 0, Avg:  0.0, Max: 0, Diff: 0, Sum: 0, Workers: 4
[496.515s][debug][gc,phases      ] GC(22)   StringTable Weak               Min:  0.0, Avg:  0.1, Max:  0.1, Diff:  0.1, Sum:  0.4, Workers: 4
[496.515s][debug][gc,phases      ] GC(22)     Dead                           Min: 0, Avg:  0.0, Max: 0, Diff: 0, Sum: 0, Workers: 4
[496.515s][debug][gc,phases      ] GC(22)     Total                          Min: 0, Avg: 11472.5, Max: 20352, Diff: 20352, Sum: 45890, Workers: 4
[496.515s][debug][gc,phases      ] GC(22)   ResolvedMethodTable Weak       Min:  0.0, Avg:  0.0, Max:  0.0, Diff:  0.0, Sum:  0.1, Workers: 4
[496.515s][debug][gc,phases      ] GC(22)     Dead                           Min: 0, Avg:  4.0, Max: 16, Diff: 16, Sum: 16, Workers: 4
[496.515s][debug][gc,phases      ] GC(22)     Total                          Min: 0, Avg: 3744.2, Max: 6327, Diff: 6327, Sum: 14977, Workers: 4
[496.515s][debug][gc,phases      ] GC(22)   JNI Weak                       Min:  0.0, Avg:  0.0, Max:  0.0, Diff:  0.0, Sum:  0.0, Workers: 4
[496.515s][debug][gc,phases      ] GC(22)     Dead                           Min: 0, Avg:  0.0, Max: 0, Diff: 0, Sum: 0, Workers: 4
[496.515s][debug][gc,phases      ] GC(22)     Total                          Min: 0, Avg: 13.0, Max: 52, Diff: 52, Sum: 52, Workers: 4
[496.515s][debug][gc,phases      ] GC(22)   StringDedup Table Weak         Min:  0.0, Avg:  0.0, Max:  0.0, Diff:  0.0, Sum:  0.0, Workers: 4
[496.515s][debug][gc,phases      ] GC(22)     Dead                           Min: 0, Avg:  0.0, Max: 0, Diff: 0, Sum: 0, Workers: 4
[496.515s][debug][gc,phases      ] GC(22)     Total                          Min: 0, Avg:  0.0, Max: 0, Diff: 0, Sum: 0, Workers: 4
[496.515s][debug][gc,phases      ] GC(22)   StringDedup Requests0 Weak     Min:  0.0, Avg:  0.0, Max:  0.0, Diff:  0.0, Sum:  0.0, Workers: 4
[496.515s][debug][gc,phases      ] GC(22)     Dead                           Min: 0, Avg:  0.0, Max: 0, Diff: 0, Sum: 0, Workers: 4
[496.515s][debug][gc,phases      ] GC(22)     Total                          Min: 0, Avg:  0.0, Max: 0, Diff: 0, Sum: 0, Workers: 4
[496.515s][debug][gc,phases      ] GC(22)   StringDedup Requests1 Weak     Min:  0.0, Avg:  0.0, Max:  0.0, Diff:  0.0, Sum:  0.0, Workers: 4
[496.515s][debug][gc,phases      ] GC(22)     Dead                           Min: 0, Avg:  0.0, Max: 0, Diff: 0, Sum: 0, Workers: 4
[496.515s][debug][gc,phases      ] GC(22)     Total                          Min: 0, Avg:  0.0, Max: 0, Diff: 0, Sum: 0, Workers: 4
[496.515s][debug][gc,phases      ] GC(22)   Weak JFR Old Object Samples    Min:  0.0, Avg:  0.0, Max:  0.0, Diff:  0.0, Sum:  0.0, Workers: 4
[496.515s][debug][gc,phases      ] GC(22)     Dead                           Min: 0, Avg:  0.0, Max: 0, Diff: 0, Sum: 0, Workers: 4
[496.515s][debug][gc,phases      ] GC(22)     Total                          Min: 0, Avg:  0.0, Max: 0, Diff: 0, Sum: 0, Workers: 4
[496.515s][debug][gc,phases      ] GC(22) Weak Processing 0.364ms
[496.515s][debug][gc,age         ] GC(22) Desired survivor size 210239488 bytes, new threshold 1 (max threshold 15)
[496.515s][info ][gc,heap        ] GC(22) PSYoungGen: 1665408K(1874944K)->8880K(1891840K) Eden: 1656832K(1656832K)->0K(1679360K) From: 8576K(218112K)->8880K(212480K)
[496.515s][info ][gc,heap        ] GC(22) ParOldGen: 331705K(331776K)->334235K(334336K)
[496.515s][info ][gc,metaspace   ] GC(22) Metaspace: 104770K(106112K)->104770K(106112K) NonClass: 88840K(89600K)->88840K(89600K) Class: 15929K(16512K)->15929K(16512K)
[496.515s][info ][gc             ] GC(22) Pause Young (Allocation Failure) 1950M->335M(2174M) 7.355ms
[496.515s][info ][gc,cpu         ] GC(22) User=0.03s Sys=0.00s Real=0.01s
[496.515s][info ][safepoint      ] Safepoint "ParallelGCFailedAllocation", Time since last: 833928844 ns, Reaching safepoint: 8598 ns, Cleanup: 24095 ns, At safepoint: 7427323 ns, Total: 7460016 ns
[497.515s][info ][safepoint      ] Safepoint "Cleanup", Time since last: 1000104156 ns, Reaching safepoint: 82699 ns, Cleanup: 19300 ns, At safepoint: 16500 ns, Total: 118499 ns
[498.515s][info ][safepoint      ] Safepoint "Cleanup", Time since last: 1000113543 ns, Reaching safepoint: 7100 ns, Cleanup: 10000 ns, At safepoint: 2600 ns, Total: 19700 ns
[509.516s][info ][safepoint      ] Safepoint "Cleanup", Time since last: 11000790028 ns, Reaching safepoint: 5800 ns, Cleanup: 9900 ns, At safepoint: 1900 ns, Total: 17600 ns
[513.517s][info ][safepoint      ] Safepoint "Cleanup", Time since last: 4000347658 ns, Reaching safepoint: 8100 ns, Cleanup: 14899 ns, At safepoint: 2500 ns, Total: 25499 ns
[514.517s][info ][safepoint      ] Safepoint "Cleanup", Time since last: 1000124646 ns, Reaching safepoint: 5800 ns, Cleanup: 9500 ns, At safepoint: 2200 ns, Total: 17500 ns
[516.517s][info ][safepoint      ] Safepoint "Cleanup", Time since last: 2000217401 ns, Reaching safepoint: 6000 ns, Cleanup: 9500 ns, At safepoint: 2200 ns, Total: 17700 ns
[518.517s][info ][safepoint      ] Safepoint "Cleanup", Time since last: 2000201002 ns, Reaching safepoint: 6100 ns, Cleanup: 6400 ns, At safepoint: 2100 ns, Total: 14600 ns
[519.517s][info ][safepoint      ] Safepoint "Cleanup", Time since last: 1000118101 ns, Reaching safepoint: 6300 ns, Cleanup: 10900 ns, At safepoint: 2400 ns, Total: 19600 ns
[521.517s][info ][safepoint      ] Safepoint "Cleanup", Time since last: 2000177826 ns, Reaching safepoint: 5700 ns, Cleanup: 11400 ns, At safepoint: 2000 ns, Total: 19100 ns
[523.518s][info ][safepoint      ] Safepoint "Cleanup", Time since last: 2000188406 ns, Reaching safepoint: 7900 ns, Cleanup: 49899 ns, At safepoint: 2000 ns, Total: 59799 ns
[524.518s][info ][safepoint      ] Safepoint "Cleanup", Time since last: 1000113203 ns, Reaching safepoint: 5700 ns, Cleanup: 15900 ns, At safepoint: 1700 ns, Total: 23300 ns
[525.518s][info ][safepoint      ] Safepoint "Cleanup", Time since last: 1000108402 ns, Reaching safepoint: 7500 ns, Cleanup: 39300 ns, At safepoint: 2000 ns, Total: 48800 ns
[526.518s][info ][safepoint      ] Safepoint "Cleanup", Time since last: 1000112782 ns, Reaching safepoint: 5300 ns, Cleanup: 10900 ns, At safepoint: 2000 ns, Total: 18200 ns
[527.518s][info ][safepoint      ] Safepoint "Cleanup", Time since last: 1000110607 ns, Reaching safepoint: 7100 ns, Cleanup: 11100 ns, At safepoint: 2300 ns, Total: 20500 ns
[528.518s][info ][safepoint      ] Safepoint "Cleanup", Time since last: 1000106707 ns, Reaching safepoint: 5800 ns, Cleanup: 14599 ns, At safepoint: 1800 ns, Total: 22199 ns
[532.519s][info ][safepoint      ] Safepoint "Cleanup", Time since last: 4000329976 ns, Reaching safepoint: 6400 ns, Cleanup: 8500 ns, At safepoint: 1900 ns, Total: 16800 ns
[533.519s][info ][safepoint      ] Safepoint "Cleanup", Time since last: 1000103069 ns, Reaching safepoint: 6400 ns, Cleanup: 10300 ns, At safepoint: 2200 ns, Total: 18900 ns
[541.218s][info ][safepoint      ] Safepoint "Cleanup", Time since last: 7698774342 ns, Reaching safepoint: 10200 ns, Cleanup: 16400 ns, At safepoint: 3000 ns, Total: 29600 ns
[541.960s][info ][gc,start       ] GC(23) Pause Young (Allocation Failure)
[541.967s][debug][gc,phases      ] GC(23) Scavenge 7.402ms
[541.967s][debug][gc,ref         ] GC(23) ReferenceProcessor::execute queues: 1, RefProcThreadModel::Single, marks_oops_alive: false
[541.967s][debug][gc,ref         ] GC(23) Skipped KeepAliveFinalRefsPhase of Reference Processing: no references
[541.967s][debug][gc,ref         ] GC(23) ReferenceProcessor::execute queues: 1, RefProcThreadModel::Single, marks_oops_alive: false
[541.967s][debug][gc,phases      ] GC(23) Reference Processing 0.099ms
[541.968s][debug][gc,phases      ] GC(23)   VM Weak                        Min:  0.0, Avg:  0.0, Max:  0.0, Diff:  0.0, Sum:  0.0, Workers: 4
[541.968s][debug][gc,phases      ] GC(23)     Dead                           Min: 0, Avg:  0.0, Max: 0, Diff: 0, Sum: 0, Workers: 4
[541.968s][debug][gc,phases      ] GC(23)     Total                          Min: 0, Avg: 239.5, Max: 766, Diff: 766, Sum: 958, Workers: 4
[541.968s][debug][gc,phases      ] GC(23)   ObjectSynchronizer Weak        Min:  0.0, Avg:  0.0, Max:  0.0, Diff:  0.0, Sum:  0.0, Workers: 4
[541.968s][debug][gc,phases      ] GC(23)     Dead                           Min: 0, Avg:  0.0, Max: 0, Diff: 0, Sum: 0, Workers: 4
[541.968s][debug][gc,phases      ] GC(23)     Total                          Min: 0, Avg:  0.8, Max: 3, Diff: 3, Sum: 3, Workers: 4
[541.968s][debug][gc,phases      ] GC(23)   JVMTI Tag Weak OopStorage      Min:  0.0, Avg:  0.0, Max:  0.0, Diff:  0.0, Sum:  0.0, Workers: 4
[541.968s][debug][gc,phases      ] GC(23)     Dead                           Min: 0, Avg:  0.0, Max: 0, Diff: 0, Sum: 0, Workers: 4
[541.968s][debug][gc,phases      ] GC(23)     Total                          Min: 0, Avg:  0.0, Max: 0, Diff: 0, Sum: 0, Workers: 4
[541.968s][debug][gc,phases      ] GC(23)   StringTable Weak               Min:  0.1, Avg:  0.1, Max:  0.1, Diff:  0.0, Sum:  0.5, Workers: 4
[541.968s][debug][gc,phases      ] GC(23)     Dead                           Min: 0, Avg:  0.0, Max: 0, Diff: 0, Sum: 0, Workers: 4
[541.968s][debug][gc,phases      ] GC(23)     Total                          Min: 10880, Avg: 11473.5, Max: 12614, Diff: 1734, Sum: 45894, Workers: 4
[541.968s][debug][gc,phases      ] GC(23)   ResolvedMethodTable Weak       Min:  0.0, Avg:  0.0, Max:  0.0, Diff:  0.0, Sum:  0.2, Workers: 4
[541.968s][debug][gc,phases      ] GC(23)     Dead                           Min: 0, Avg:  4.0, Max: 16, Diff: 16, Sum: 16, Workers: 4
[541.968s][debug][gc,phases      ] GC(23)     Total                          Min: 3344, Avg: 3744.8, Max: 4273, Diff: 929, Sum: 14979, Workers: 4
[541.968s][debug][gc,phases      ] GC(23)   JNI Weak                       Min:  0.0, Avg:  0.0, Max:  0.0, Diff:  0.0, Sum:  0.0, Workers: 4
[541.968s][debug][gc,phases      ] GC(23)     Dead                           Min: 0, Avg:  0.0, Max: 0, Diff: 0, Sum: 0, Workers: 4
[541.968s][debug][gc,phases      ] GC(23)     Total                          Min: 0, Avg: 13.0, Max: 48, Diff: 48, Sum: 52, Workers: 4
[541.968s][debug][gc,phases      ] GC(23)   StringDedup Table Weak         Min:  0.0, Avg:  0.0, Max:  0.0, Diff:  0.0, Sum:  0.0, Workers: 4
[541.968s][debug][gc,phases      ] GC(23)     Dead                           Min: 0, Avg:  0.0, Max: 0, Diff: 0, Sum: 0, Workers: 4
[541.968s][debug][gc,phases      ] GC(23)     Total                          Min: 0, Avg:  0.0, Max: 0, Diff: 0, Sum: 0, Workers: 4
[541.968s][debug][gc,phases      ] GC(23)   StringDedup Requests0 Weak     Min:  0.0, Avg:  0.0, Max:  0.0, Diff:  0.0, Sum:  0.0, Workers: 4
[541.968s][debug][gc,phases      ] GC(23)     Dead                           Min: 0, Avg:  0.0, Max: 0, Diff: 0, Sum: 0, Workers: 4
[541.968s][debug][gc,phases      ] GC(23)     Total                          Min: 0, Avg:  0.0, Max: 0, Diff: 0, Sum: 0, Workers: 4
[541.968s][debug][gc,phases      ] GC(23)   StringDedup Requests1 Weak     Min:  0.0, Avg:  0.0, Max:  0.0, Diff:  0.0, Sum:  0.0, Workers: 4
[541.968s][debug][gc,phases      ] GC(23)     Dead                           Min: 0, Avg:  0.0, Max: 0, Diff: 0, Sum: 0, Workers: 4
[541.968s][debug][gc,phases      ] GC(23)     Total                          Min: 0, Avg:  0.0, Max: 0, Diff: 0, Sum: 0, Workers: 4
[541.968s][debug][gc,phases      ] GC(23)   Weak JFR Old Object Samples    Min:  0.0, Avg:  0.0, Max:  0.0, Diff:  0.0, Sum:  0.0, Workers: 4
[541.968s][debug][gc,phases      ] GC(23)     Dead                           Min: 0, Avg:  0.0, Max: 0, Diff: 0, Sum: 0, Workers: 4
[541.968s][debug][gc,phases      ] GC(23)     Total                          Min: 0, Avg:  0.0, Max: 0, Diff: 0, Sum: 0, Workers: 4
[541.968s][debug][gc,phases      ] GC(23) Weak Processing 0.358ms
[541.968s][debug][gc,age         ] GC(23) Desired survivor size 202899456 bytes, new threshold 1 (max threshold 15)
[541.968s][info ][gc,heap        ] GC(23) PSYoungGen: 1688240K(1891840K)->8208K(1884672K) Eden: 1679360K(1679360K)->0K(1679360K) From: 8880K(212480K)->8208K(205312K)
[541.968s][info ][gc,heap        ] GC(23) ParOldGen: 334235K(334336K)->337588K(337920K)
[541.968s][info ][gc,metaspace   ] GC(23) Metaspace: 104798K(106112K)->104798K(106112K) NonClass: 88867K(89600K)->88867K(89600K) Class: 15930K(16512K)->15930K(16512K)
[541.968s][info ][gc             ] GC(23) Pause Young (Allocation Failure) 1975M->337M(2170M) 7.979ms
[541.968s][info ][gc,cpu         ] GC(23) User=0.02s Sys=0.00s Real=0.00s
[541.968s][info ][safepoint      ] Safepoint "ParallelGCFailedAllocation", Time since last: 742095586 ns, Reaching safepoint: 78499 ns, Cleanup: 4600 ns, At safepoint: 8049012 ns, Total: 8132111 ns
[552.969s][info ][safepoint      ] Safepoint "Cleanup", Time since last: 11000834098 ns, Reaching safepoint: 6200 ns, Cleanup: 10300 ns, At safepoint: 2200 ns, Total: 18700 ns
[554.969s][info ][safepoint      ] Safepoint "Cleanup", Time since last: 2000217099 ns, Reaching safepoint: 9500 ns, Cleanup: 14800 ns, At safepoint: 2400 ns, Total: 26700 ns
[556.969s][info ][safepoint      ] Safepoint "Cleanup", Time since last: 2000188699 ns, Reaching safepoint: 8000 ns, Cleanup: 17800 ns, At safepoint: 1700 ns, Total: 27500 ns
[560.970s][info ][safepoint      ] Safepoint "Cleanup", Time since last: 4000340821 ns, Reaching safepoint: 6100 ns, Cleanup: 11100 ns, At safepoint: 2200 ns, Total: 19400 ns
[564.970s][info ][safepoint      ] Safepoint "Cleanup", Time since last: 4000328418 ns, Reaching safepoint: 7600 ns, Cleanup: 12900 ns, At safepoint: 2200 ns, Total: 22700 ns
[565.970s][info ][safepoint      ] Safepoint "Cleanup", Time since last: 1000133704 ns, Reaching safepoint: 6400 ns, Cleanup: 9800 ns, At safepoint: 2100 ns, Total: 18300 ns
[566.970s][info ][safepoint      ] Safepoint "Cleanup", Time since last: 1000115904 ns, Reaching safepoint: 7400 ns, Cleanup: 12599 ns, At safepoint: 2400 ns, Total: 22399 ns
[567.970s][info ][safepoint      ] Safepoint "Cleanup", Time since last: 1000116005 ns, Reaching safepoint: 5900 ns, Cleanup: 11099 ns, At safepoint: 2500 ns, Total: 19499 ns
[568.970s][info ][safepoint      ] Safepoint "Cleanup", Time since last: 1000111052 ns, Reaching safepoint: 6900 ns, Cleanup: 16099 ns, At safepoint: 1900 ns, Total: 24899 ns
[570.971s][info ][safepoint      ] Safepoint "Cleanup", Time since last: 2000182250 ns, Reaching safepoint: 6900 ns, Cleanup: 13700 ns, At safepoint: 1900 ns, Total: 22500 ns
[571.971s][info ][safepoint      ] Safepoint "Cleanup", Time since last: 1000122925 ns, Reaching safepoint: 7500 ns, Cleanup: 18099 ns, At safepoint: 2400 ns, Total: 27999 ns
[572.971s][info ][safepoint      ] Safepoint "Cleanup", Time since last: 1000123725 ns, Reaching safepoint: 8200 ns, Cleanup: 17100 ns, At safepoint: 2700 ns, Total: 28000 ns
[573.971s][info ][safepoint      ] Safepoint "Cleanup", Time since last: 1000131524 ns, Reaching safepoint: 6400 ns, Cleanup: 9900 ns, At safepoint: 2500 ns, Total: 18800 ns
[578.972s][info ][safepoint      ] Safepoint "Cleanup", Time since last: 5000410070 ns, Reaching safepoint: 6800 ns, Cleanup: 11000 ns, At safepoint: 2400 ns, Total: 20200 ns
[580.972s][info ][safepoint      ] Safepoint "Cleanup", Time since last: 2000202071 ns, Reaching safepoint: 6100 ns, Cleanup: 12200 ns, At safepoint: 1700 ns, Total: 20000 ns
[581.972s][info ][safepoint      ] Safepoint "Cleanup", Time since last: 1000116186 ns, Reaching safepoint: 6200 ns, Cleanup: 10500 ns, At safepoint: 2100 ns, Total: 18800 ns
[588.060s][info ][gc,start       ] GC(24) Pause Young (Allocation Failure)
[588.067s][debug][gc,phases      ] GC(24) Scavenge 6.594ms
[588.067s][debug][gc,ref         ] GC(24) ReferenceProcessor::execute queues: 1, RefProcThreadModel::Single, marks_oops_alive: false
[588.067s][debug][gc,ref         ] GC(24) Skipped KeepAliveFinalRefsPhase of Reference Processing: no references
[588.067s][debug][gc,ref         ] GC(24) Skipped PhantomRefsPhase of Reference Processing: no references
[588.067s][debug][gc,phases      ] GC(24) Reference Processing 0.098ms
[588.067s][debug][gc,phases      ] GC(24)   VM Weak                        Min:  0.0, Avg:  0.0, Max:  0.0, Diff:  0.0, Sum:  0.0, Workers: 4
[588.067s][debug][gc,phases      ] GC(24)     Dead                           Min: 0, Avg:  0.0, Max: 0, Diff: 0, Sum: 0, Workers: 4
[588.067s][debug][gc,phases      ] GC(24)     Total                          Min: 0, Avg: 239.5, Max: 894, Diff: 894, Sum: 958, Workers: 4
[588.067s][debug][gc,phases      ] GC(24)   ObjectSynchronizer Weak        Min:  0.0, Avg:  0.0, Max:  0.0, Diff:  0.0, Sum:  0.0, Workers: 4
[588.067s][debug][gc,phases      ] GC(24)     Dead                           Min: 0, Avg:  0.0, Max: 0, Diff: 0, Sum: 0, Workers: 4
[588.067s][debug][gc,phases      ] GC(24)     Total                          Min: 0, Avg:  0.8, Max: 3, Diff: 3, Sum: 3, Workers: 4
[588.067s][debug][gc,phases      ] GC(24)   JVMTI Tag Weak OopStorage      Min:  0.0, Avg:  0.0, Max:  0.0, Diff:  0.0, Sum:  0.0, Workers: 4
[588.067s][debug][gc,phases      ] GC(24)     Dead                           Min: 0, Avg:  0.0, Max: 0, Diff: 0, Sum: 0, Workers: 4
[588.067s][debug][gc,phases      ] GC(24)     Total                          Min: 0, Avg:  0.0, Max: 0, Diff: 0, Sum: 0, Workers: 4
[588.067s][debug][gc,phases      ] GC(24)   StringTable Weak               Min:  0.1, Avg:  0.1, Max:  0.1, Diff:  0.0, Sum:  0.5, Workers: 4
[588.067s][debug][gc,phases      ] GC(24)     Dead                           Min: 0, Avg:  0.0, Max: 0, Diff: 0, Sum: 0, Workers: 4
[588.067s][debug][gc,phases      ] GC(24)     Total                          Min: 10624, Avg: 11473.8, Max: 12807, Diff: 2183, Sum: 45895, Workers: 4
[588.067s][debug][gc,phases      ] GC(24)   ResolvedMethodTable Weak       Min:  0.0, Avg:  0.0, Max:  0.0, Diff:  0.0, Sum:  0.2, Workers: 4
[588.067s][debug][gc,phases      ] GC(24)     Dead                           Min: 0, Avg:  4.0, Max: 16, Diff: 16, Sum: 16, Workers: 4
[588.067s][debug][gc,phases      ] GC(24)     Total                          Min: 3380, Avg: 3744.8, Max: 4002, Diff: 622, Sum: 14979, Workers: 4
[588.067s][debug][gc,phases      ] GC(24)   JNI Weak                       Min:  0.0, Avg:  0.0, Max:  0.0, Diff:  0.0, Sum:  0.0, Workers: 4
[588.067s][debug][gc,phases      ] GC(24)     Dead                           Min: 0, Avg:  0.0, Max: 0, Diff: 0, Sum: 0, Workers: 4
[588.067s][debug][gc,phases      ] GC(24)     Total                          Min: 0, Avg: 13.0, Max: 48, Diff: 48, Sum: 52, Workers: 4
[588.067s][debug][gc,phases      ] GC(24)   StringDedup Table Weak         Min:  0.0, Avg:  0.0, Max:  0.0, Diff:  0.0, Sum:  0.0, Workers: 4
[588.067s][debug][gc,phases      ] GC(24)     Dead                           Min: 0, Avg:  0.0, Max: 0, Diff: 0, Sum: 0, Workers: 4
[588.067s][debug][gc,phases      ] GC(24)     Total                          Min: 0, Avg:  0.0, Max: 0, Diff: 0, Sum: 0, Workers: 4
[588.067s][debug][gc,phases      ] GC(24)   StringDedup Requests0 Weak     Min:  0.0, Avg:  0.0, Max:  0.0, Diff:  0.0, Sum:  0.0, Workers: 4
[588.067s][debug][gc,phases      ] GC(24)     Dead                           Min: 0, Avg:  0.0, Max: 0, Diff: 0, Sum: 0, Workers: 4
[588.067s][debug][gc,phases      ] GC(24)     Total                          Min: 0, Avg:  0.0, Max: 0, Diff: 0, Sum: 0, Workers: 4
[588.067s][debug][gc,phases      ] GC(24)   StringDedup Requests1 Weak     Min:  0.0, Avg:  0.0, Max:  0.0, Diff:  0.0, Sum:  0.0, Workers: 4
[588.067s][debug][gc,phases      ] GC(24)     Dead                           Min: 0, Avg:  0.0, Max: 0, Diff: 0, Sum: 0, Workers: 4
[588.067s][debug][gc,phases      ] GC(24)     Total                          Min: 0, Avg:  0.0, Max: 0, Diff: 0, Sum: 0, Workers: 4
[588.067s][debug][gc,phases      ] GC(24)   Weak JFR Old Object Samples    Min:  0.0, Avg:  0.0, Max:  0.0, Diff:  0.0, Sum:  0.0, Workers: 4
[588.067s][debug][gc,phases      ] GC(24)     Dead                           Min: 0, Avg:  0.0, Max: 0, Diff: 0, Sum: 0, Workers: 4
[588.067s][debug][gc,phases      ] GC(24)     Total                          Min: 0, Avg:  0.0, Max: 0, Diff: 0, Sum: 0, Workers: 4
[588.067s][debug][gc,phases      ] GC(24) Weak Processing 0.364ms
[588.067s][debug][gc,age         ] GC(24) Desired survivor size 195035136 bytes, new threshold 1 (max threshold 15)
[588.067s][info ][gc,heap        ] GC(24) PSYoungGen: 1687568K(1884672K)->7264K(1906688K) Eden: 1679360K(1679360K)->0K(1708544K) From: 8208K(205312K)->7264K(198144K)
[588.067s][info ][gc,heap        ] GC(24) ParOldGen: 337588K(337920K)->339929K(339968K)
[588.067s][info ][gc,metaspace   ] GC(24) Metaspace: 104828K(106112K)->104828K(106112K) NonClass: 88897K(89600K)->88897K(89600K) Class: 15930K(16512K)->15930K(16512K)
[588.067s][info ][gc             ] GC(24) Pause Young (Allocation Failure) 1977M->339M(2194M) 7.171ms
[588.067s][info ][gc,cpu         ] GC(24) User=0.03s Sys=0.01s Real=0.00s
[588.067s][info ][safepoint      ] Safepoint "ParallelGCFailedAllocation", Time since last: 6088016913 ns, Reaching safepoint: 83399 ns, Cleanup: 5800 ns, At safepoint: 7244727 ns, Total: 7333926 ns
[589.067s][info ][safepoint      ] Safepoint "Cleanup", Time since last: 1000089943 ns, Reaching safepoint: 5899 ns, Cleanup: 14200 ns, At safepoint: 1800 ns, Total: 21899 ns
[590.068s][info ][safepoint      ] Safepoint "Cleanup", Time since last: 1000116543 ns, Reaching safepoint: 6300 ns, Cleanup: 10700 ns, At safepoint: 2099 ns, Total: 19099 ns
[591.068s][info ][safepoint      ] Safepoint "Cleanup", Time since last: 1000129243 ns, Reaching safepoint: 82899 ns, Cleanup: 10000 ns, At safepoint: 7200 ns, Total: 100099 ns
[595.068s][info ][safepoint      ] Safepoint "Cleanup", Time since last: 4000334942 ns, Reaching safepoint: 6100 ns, Cleanup: 9300 ns, At safepoint: 2200 ns, Total: 17600 ns
[596.068s][info ][safepoint      ] Safepoint "Cleanup", Time since last: 1000113518 ns, Reaching safepoint: 78700 ns, Cleanup: 13299 ns, At safepoint: 8500 ns, Total: 100499 ns
[597.069s][info ][safepoint      ] Safepoint "Cleanup", Time since last: 1000127618 ns, Reaching safepoint: 80299 ns, Cleanup: 16500 ns, At safepoint: 9000 ns, Total: 105799 ns
[598.069s][info ][safepoint      ] Safepoint "Cleanup", Time since last: 1000112518 ns, Reaching safepoint: 5800 ns, Cleanup: 11300 ns, At safepoint: 1800 ns, Total: 18900 ns
[601.069s][info ][safepoint      ] Safepoint "Cleanup", Time since last: 3000268071 ns, Reaching safepoint: 6100 ns, Cleanup: 9200 ns, At safepoint: 2300 ns, Total: 17600 ns
[605.069s][info ][safepoint      ] Safepoint "Cleanup", Time since last: 4000315873 ns, Reaching safepoint: 6500 ns, Cleanup: 11299 ns, At safepoint: 1900 ns, Total: 19699 ns
[612.070s][info ][safepoint      ] Safepoint "Cleanup", Time since last: 7000553602 ns, Reaching safepoint: 7200 ns, Cleanup: 11000 ns, At safepoint: 2400 ns, Total: 20600 ns
[614.070s][info ][safepoint      ] Safepoint "Cleanup", Time since last: 2000193316 ns, Reaching safepoint: 6500 ns, Cleanup: 74599 ns, At safepoint: 2400 ns, Total: 83499 ns
[615.070s][info ][safepoint      ] Safepoint "Cleanup", Time since last: 1000117116 ns, Reaching safepoint: 5600 ns, Cleanup: 8600 ns, At safepoint: 2000 ns, Total: 16200 ns
[620.071s][info ][safepoint      ] Safepoint "Cleanup", Time since last: 5000388032 ns, Reaching safepoint: 6600 ns, Cleanup: 18400 ns, At safepoint: 2000 ns, Total: 27000 ns
[630.072s][info ][safepoint      ] Safepoint "Cleanup", Time since last: 10000790783 ns, Reaching safepoint: 8100 ns, Cleanup: 13300 ns, At safepoint: 2600 ns, Total: 24000 ns
[633.685s][info ][gc,start       ] GC(25) Pause Young (Allocation Failure)
[633.694s][debug][gc,phases      ] GC(25) Scavenge 9.200ms
[633.694s][debug][gc,ref         ] GC(25) ReferenceProcessor::execute queues: 1, RefProcThreadModel::Single, marks_oops_alive: false
[633.694s][debug][gc,ref         ] GC(25) Skipped KeepAliveFinalRefsPhase of Reference Processing: no references
[633.694s][debug][gc,ref         ] GC(25) ReferenceProcessor::execute queues: 1, RefProcThreadModel::Single, marks_oops_alive: false
[633.694s][debug][gc,phases      ] GC(25) Reference Processing 0.100ms
[633.695s][debug][gc,phases      ] GC(25)   VM Weak                        Min:  0.0, Avg:  0.0, Max:  0.0, Diff:  0.0, Sum:  0.0, Workers: 4
[633.695s][debug][gc,phases      ] GC(25)     Dead                           Min: 0, Avg:  0.0, Max: 0, Diff: 0, Sum: 0, Workers: 4
[633.695s][debug][gc,phases      ] GC(25)     Total                          Min: 0, Avg: 239.5, Max: 446, Diff: 446, Sum: 958, Workers: 4
[633.695s][debug][gc,phases      ] GC(25)   ObjectSynchronizer Weak        Min:  0.0, Avg:  0.0, Max:  0.0, Diff:  0.0, Sum:  0.0, Workers: 4
[633.695s][debug][gc,phases      ] GC(25)     Dead                           Min: 0, Avg:  0.0, Max: 0, Diff: 0, Sum: 0, Workers: 4
[633.695s][debug][gc,phases      ] GC(25)     Total                          Min: 0, Avg:  0.8, Max: 3, Diff: 3, Sum: 3, Workers: 4
[633.695s][debug][gc,phases      ] GC(25)   JVMTI Tag Weak OopStorage      Min:  0.0, Avg:  0.0, Max:  0.0, Diff:  0.0, Sum:  0.0, Workers: 4
[633.695s][debug][gc,phases      ] GC(25)     Dead                           Min: 0, Avg:  0.0, Max: 0, Diff: 0, Sum: 0, Workers: 4
[633.695s][debug][gc,phases      ] GC(25)     Total                          Min: 0, Avg:  0.0, Max: 0, Diff: 0, Sum: 0, Workers: 4
[633.695s][debug][gc,phases      ] GC(25)   StringTable Weak               Min:  0.0, Avg:  0.1, Max:  0.2, Diff:  0.2, Sum:  0.5, Workers: 4
[633.695s][debug][gc,phases      ] GC(25)     Dead                           Min: 0, Avg:  0.0, Max: 0, Diff: 0, Sum: 0, Workers: 4
[633.695s][debug][gc,phases      ] GC(25)     Total                          Min: 0, Avg: 11474.2, Max: 15753, Diff: 15753, Sum: 45897, Workers: 4
[633.695s][debug][gc,phases      ] GC(25)   ResolvedMethodTable Weak       Min:  0.0, Avg:  0.0, Max:  0.1, Diff:  0.1, Sum:  0.2, Workers: 4
[633.695s][debug][gc,phases      ] GC(25)     Dead                           Min: 0, Avg:  4.0, Max: 16, Diff: 16, Sum: 16, Workers: 4
[633.695s][debug][gc,phases      ] GC(25)     Total                          Min: 0, Avg: 3744.8, Max: 5148, Diff: 5148, Sum: 14979, Workers: 4
[633.695s][debug][gc,phases      ] GC(25)   JNI Weak                       Min:  0.0, Avg:  0.0, Max:  0.0, Diff:  0.0, Sum:  0.0, Workers: 4
[633.695s][debug][gc,phases      ] GC(25)     Dead                           Min: 0, Avg:  0.0, Max: 0, Diff: 0, Sum: 0, Workers: 4
[633.695s][debug][gc,phases      ] GC(25)     Total                          Min: 0, Avg: 13.0, Max: 48, Diff: 48, Sum: 52, Workers: 4
[633.695s][debug][gc,phases      ] GC(25)   StringDedup Table Weak         Min:  0.0, Avg:  0.0, Max:  0.0, Diff:  0.0, Sum:  0.0, Workers: 4
[633.695s][debug][gc,phases      ] GC(25)     Dead                           Min: 0, Avg:  0.0, Max: 0, Diff: 0, Sum: 0, Workers: 4
[633.695s][debug][gc,phases      ] GC(25)     Total                          Min: 0, Avg:  0.0, Max: 0, Diff: 0, Sum: 0, Workers: 4
[633.695s][debug][gc,phases      ] GC(25)   StringDedup Requests0 Weak     Min:  0.0, Avg:  0.0, Max:  0.0, Diff:  0.0, Sum:  0.0, Workers: 4
[633.695s][debug][gc,phases      ] GC(25)     Dead                           Min: 0, Avg:  0.0, Max: 0, Diff: 0, Sum: 0, Workers: 4
[633.695s][debug][gc,phases      ] GC(25)     Total                          Min: 0, Avg:  0.0, Max: 0, Diff: 0, Sum: 0, Workers: 4
[633.695s][debug][gc,phases      ] GC(25)   StringDedup Requests1 Weak     Min:  0.0, Avg:  0.0, Max:  0.0, Diff:  0.0, Sum:  0.0, Workers: 4
[633.695s][debug][gc,phases      ] GC(25)     Dead                           Min: 0, Avg:  0.0, Max: 0, Diff: 0, Sum: 0, Workers: 4
[633.695s][debug][gc,phases      ] GC(25)     Total                          Min: 0, Avg:  0.0, Max: 0, Diff: 0, Sum: 0, Workers: 4
[633.695s][debug][gc,phases      ] GC(25)   Weak JFR Old Object Samples    Min:  0.0, Avg:  0.0, Max:  0.0, Diff:  0.0, Sum:  0.0, Workers: 4
[633.695s][debug][gc,phases      ] GC(25)     Dead                           Min: 0, Avg:  0.0, Max: 0, Diff: 0, Sum: 0, Workers: 4
[633.695s][debug][gc,phases      ] GC(25)     Total                          Min: 0, Avg:  0.0, Max: 0, Diff: 0, Sum: 0, Workers: 4
[633.695s][debug][gc,phases      ] GC(25) Weak Processing 0.411ms
[633.695s][debug][gc,age         ] GC(25) Desired survivor size 186646528 bytes, new threshold 1 (max threshold 15)
[633.695s][info ][gc,heap        ] GC(25) PSYoungGen: 1715808K(1906688K)->7888K(1899008K) Eden: 1708544K(1708544K)->0K(1708544K) From: 7264K(198144K)->7888K(190464K)
[633.695s][info ][gc,heap        ] GC(25) ParOldGen: 339929K(339968K)->341146K(341504K)
[633.695s][info ][gc,metaspace   ] GC(25) Metaspace: 104854K(106176K)->104854K(106176K) NonClass: 88923K(89664K)->88923K(89664K) Class: 15930K(16512K)->15930K(16512K)
[633.695s][info ][gc             ] GC(25) Pause Young (Allocation Failure) 2007M->340M(2188M) 9.833ms
[633.695s][info ][gc,cpu         ] GC(25) User=0.03s Sys=0.00s Real=0.01s
[633.695s][info ][safepoint      ] Safepoint "ParallelGCFailedAllocation", Time since last: 3613434352 ns, Reaching safepoint: 83699 ns, Cleanup: 4500 ns, At safepoint: 9927409 ns, Total: 10015608 ns
[635.695s][info ][safepoint      ] Safepoint "Cleanup", Time since last: 2000182257 ns, Reaching safepoint: 8499 ns, Cleanup: 12400 ns, At safepoint: 2700 ns, Total: 23599 ns
[640.696s][info ][safepoint      ] Safepoint "Cleanup", Time since last: 5000415984 ns, Reaching safepoint: 7500 ns, Cleanup: 10600 ns, At safepoint: 2100 ns, Total: 20200 ns
[641.696s][info ][safepoint      ] Safepoint "Cleanup", Time since last: 1000115517 ns, Reaching safepoint: 6900 ns, Cleanup: 10100 ns, At safepoint: 1799 ns, Total: 18799 ns
[643.696s][info ][safepoint      ] Safepoint "Cleanup", Time since last: 2000195734 ns, Reaching safepoint: 6700 ns, Cleanup: 9000 ns, At safepoint: 1800 ns, Total: 17500 ns
[644.696s][info ][safepoint      ] Safepoint "Cleanup", Time since last: 1000112716 ns, Reaching safepoint: 7000 ns, Cleanup: 10800 ns, At safepoint: 1800 ns, Total: 19600 ns
[646.696s][info ][safepoint      ] Safepoint "Cleanup", Time since last: 2000190534 ns, Reaching safepoint: 6600 ns, Cleanup: 10799 ns, At safepoint: 1900 ns, Total: 19299 ns
[647.696s][info ][safepoint      ] Safepoint "Cleanup", Time since last: 1000105817 ns, Reaching safepoint: 7600 ns, Cleanup: 18500 ns, At safepoint: 2200 ns, Total: 28300 ns
[649.697s][info ][safepoint      ] Safepoint "Cleanup", Time since last: 2000192259 ns, Reaching safepoint: 7400 ns, Cleanup: 11500 ns, At safepoint: 25599 ns, Total: 44499 ns
[650.697s][info ][safepoint      ] Safepoint "Cleanup", Time since last: 1000114927 ns, Reaching safepoint: 8200 ns, Cleanup: 15100 ns, At safepoint: 2400 ns, Total: 25700 ns
[651.697s][info ][safepoint      ] Safepoint "Cleanup", Time since last: 1000132426 ns, Reaching safepoint: 6500 ns, Cleanup: 17600 ns, At safepoint: 2200 ns, Total: 26300 ns
[653.697s][info ][safepoint      ] Safepoint "Cleanup", Time since last: 2000195854 ns, Reaching safepoint: 7000 ns, Cleanup: 39500 ns, At safepoint: 2300 ns, Total: 48800 ns
[654.697s][info ][safepoint      ] Safepoint "Cleanup", Time since last: 1000115226 ns, Reaching safepoint: 6900 ns, Cleanup: 16800 ns, At safepoint: 2000 ns, Total: 25700 ns
[655.697s][info ][safepoint      ] Safepoint "Cleanup", Time since last: 1000117127 ns, Reaching safepoint: 7300 ns, Cleanup: 10700 ns, At safepoint: 2500 ns, Total: 20500 ns
[656.698s][info ][safepoint      ] Safepoint "Cleanup", Time since last: 1000119799 ns, Reaching safepoint: 6800 ns, Cleanup: 14399 ns, At safepoint: 2300 ns, Total: 23499 ns
[657.698s][info ][safepoint      ] Safepoint "Cleanup", Time since last: 1000124970 ns, Reaching safepoint: 7800 ns, Cleanup: 17700 ns, At safepoint: 2300 ns, Total: 27800 ns
[665.253s][info ][safepoint      ] Safepoint "Cleanup", Time since last: 7555369107 ns, Reaching safepoint: 7200 ns, Cleanup: 10300 ns, At safepoint: 2300 ns, Total: 19800 ns
[667.253s][info ][safepoint      ] Safepoint "Cleanup", Time since last: 2000186028 ns, Reaching safepoint: 7000 ns, Cleanup: 10600 ns, At safepoint: 2000 ns, Total: 19600 ns
[674.254s][info ][safepoint      ] Safepoint "Cleanup", Time since last: 7000568401 ns, Reaching safepoint: 7000 ns, Cleanup: 12500 ns, At safepoint: 2300 ns, Total: 21800 ns
[676.254s][info ][safepoint      ] Safepoint "Cleanup", Time since last: 2000184980 ns, Reaching safepoint: 6600 ns, Cleanup: 11500 ns, At safepoint: 2300 ns, Total: 20400 ns
[677.460s][info ][gc,start       ] GC(26) Pause Young (Allocation Failure)
[677.467s][debug][gc,phases      ] GC(26) Scavenge 7.227ms
[677.468s][debug][gc,ref         ] GC(26) ReferenceProcessor::execute queues: 1, RefProcThreadModel::Single, marks_oops_alive: false
[677.468s][debug][gc,ref         ] GC(26) Skipped KeepAliveFinalRefsPhase of Reference Processing: no references
[677.468s][debug][gc,ref         ] GC(26) ReferenceProcessor::execute queues: 1, RefProcThreadModel::Single, marks_oops_alive: false
[677.468s][debug][gc,phases      ] GC(26) Reference Processing 0.097ms
[677.468s][debug][gc,phases      ] GC(26)   VM Weak                        Min:  0.0, Avg:  0.0, Max:  0.0, Diff:  0.0, Sum:  0.0, Workers: 4
[677.468s][debug][gc,phases      ] GC(26)     Dead                           Min: 0, Avg:  0.0, Max: 0, Diff: 0, Sum: 0, Workers: 4
[677.468s][debug][gc,phases      ] GC(26)     Total                          Min: 0, Avg: 239.5, Max: 958, Diff: 958, Sum: 958, Workers: 4
[677.468s][debug][gc,phases      ] GC(26)   ObjectSynchronizer Weak        Min:  0.0, Avg:  0.0, Max:  0.0, Diff:  0.0, Sum:  0.0, Workers: 4
[677.468s][debug][gc,phases      ] GC(26)     Dead                           Min: 0, Avg:  0.0, Max: 0, Diff: 0, Sum: 0, Workers: 4
[677.468s][debug][gc,phases      ] GC(26)     Total                          Min: 0, Avg:  1.0, Max: 4, Diff: 4, Sum: 4, Workers: 4
[677.468s][debug][gc,phases      ] GC(26)   JVMTI Tag Weak OopStorage      Min:  0.0, Avg:  0.0, Max:  0.0, Diff:  0.0, Sum:  0.0, Workers: 4
[677.468s][debug][gc,phases      ] GC(26)     Dead                           Min: 0, Avg:  0.0, Max: 0, Diff: 0, Sum: 0, Workers: 4
[677.468s][debug][gc,phases      ] GC(26)     Total                          Min: 0, Avg:  0.0, Max: 0, Diff: 0, Sum: 0, Workers: 4
[677.468s][debug][gc,phases      ] GC(26)   StringTable Weak               Min:  0.1, Avg:  0.1, Max:  0.1, Diff:  0.0, Sum:  0.5, Workers: 4
[677.468s][debug][gc,phases      ] GC(26)     Dead                           Min: 0, Avg:  0.0, Max: 0, Diff: 0, Sum: 0, Workers: 4
[677.468s][debug][gc,phases      ] GC(26)     Total                          Min: 10944, Avg: 11476.8, Max: 11968, Diff: 1024, Sum: 45907, Workers: 4
[677.468s][debug][gc,phases      ] GC(26)   ResolvedMethodTable Weak       Min:  0.0, Avg:  0.0, Max:  0.0, Diff:  0.0, Sum:  0.2, Workers: 4
[677.468s][debug][gc,phases      ] GC(26)     Dead                           Min: 0, Avg:  4.2, Max: 17, Diff: 17, Sum: 17, Workers: 4
[677.468s][debug][gc,phases      ] GC(26)     Total                          Min: 3385, Avg: 3745.0, Max: 4155, Diff: 770, Sum: 14980, Workers: 4
[677.468s][debug][gc,phases      ] GC(26)   JNI Weak                       Min:  0.0, Avg:  0.0, Max:  0.0, Diff:  0.0, Sum:  0.0, Workers: 4
[677.468s][debug][gc,phases      ] GC(26)     Dead                           Min: 0, Avg:  0.0, Max: 0, Diff: 0, Sum: 0, Workers: 4
[677.468s][debug][gc,phases      ] GC(26)     Total                          Min: 0, Avg: 13.0, Max: 48, Diff: 48, Sum: 52, Workers: 4
[677.468s][debug][gc,phases      ] GC(26)   StringDedup Table Weak         Min:  0.0, Avg:  0.0, Max:  0.0, Diff:  0.0, Sum:  0.0, Workers: 4
[677.468s][debug][gc,phases      ] GC(26)     Dead                           Min: 0, Avg:  0.0, Max: 0, Diff: 0, Sum: 0, Workers: 4
[677.468s][debug][gc,phases      ] GC(26)     Total                          Min: 0, Avg:  0.0, Max: 0, Diff: 0, Sum: 0, Workers: 4
[677.468s][debug][gc,phases      ] GC(26)   StringDedup Requests0 Weak     Min:  0.0, Avg:  0.0, Max:  0.0, Diff:  0.0, Sum:  0.0, Workers: 4
[677.468s][debug][gc,phases      ] GC(26)     Dead                           Min: 0, Avg:  0.0, Max: 0, Diff: 0, Sum: 0, Workers: 4
[677.468s][debug][gc,phases      ] GC(26)     Total                          Min: 0, Avg:  0.0, Max: 0, Diff: 0, Sum: 0, Workers: 4
[677.468s][debug][gc,phases      ] GC(26)   StringDedup Requests1 Weak     Min:  0.0, Avg:  0.0, Max:  0.0, Diff:  0.0, Sum:  0.0, Workers: 4
[677.468s][debug][gc,phases      ] GC(26)     Dead                           Min: 0, Avg:  0.0, Max: 0, Diff: 0, Sum: 0, Workers: 4
[677.468s][debug][gc,phases      ] GC(26)     Total                          Min: 0, Avg:  0.0, Max: 0, Diff: 0, Sum: 0, Workers: 4
[677.468s][debug][gc,phases      ] GC(26)   Weak JFR Old Object Samples    Min:  0.0, Avg:  0.0, Max:  0.0, Diff:  0.0, Sum:  0.0, Workers: 4
[677.468s][debug][gc,phases      ] GC(26)     Dead                           Min: 0, Avg:  0.0, Max: 0, Diff: 0, Sum: 0, Workers: 4
[677.468s][debug][gc,phases      ] GC(26)     Total                          Min: 0, Avg:  0.0, Max: 0, Diff: 0, Sum: 0, Workers: 4
[677.468s][debug][gc,phases      ] GC(26) Weak Processing 0.345ms
[677.468s][debug][gc,age         ] GC(26) Desired survivor size 177733632 bytes, new threshold 1 (max threshold 15)
[677.468s][info ][gc,heap        ] GC(26) PSYoungGen: 1716432K(1899008K)->10224K(1923584K) Eden: 1708544K(1708544K)->0K(1741312K) From: 7888K(190464K)->10224K(182272K)
[677.468s][info ][gc,heap        ] GC(26) ParOldGen: 341146K(341504K)->343070K(343552K)
[677.468s][info ][gc,metaspace   ] GC(26) Metaspace: 104894K(106176K)->104894K(106176K) NonClass: 88963K(89664K)->88963K(89664K) Class: 15930K(16512K)->15930K(16512K)
[677.468s][info ][gc             ] GC(26) Pause Young (Allocation Failure) 2009M->345M(2214M) 7.805ms
[677.468s][info ][gc,cpu         ] GC(26) User=0.03s Sys=0.00s Real=0.00s
[677.468s][info ][safepoint      ] Safepoint "ParallelGCFailedAllocation", Time since last: 1205864225 ns, Reaching safepoint: 78999 ns, Cleanup: 3900 ns, At safepoint: 7870440 ns, Total: 7953339 ns
[678.468s][info ][safepoint      ] Safepoint "Cleanup", Time since last: 1000094190 ns, Reaching safepoint: 83200 ns, Cleanup: 18000 ns, At safepoint: 7600 ns, Total: 108800 ns
[709.470s][info ][safepoint      ] Safepoint "Cleanup", Time since last: 31002291738 ns, Reaching safepoint: 6400 ns, Cleanup: 10199 ns, At safepoint: 1800 ns, Total: 18399 ns
[717.471s][info ][safepoint      ] Safepoint "Cleanup", Time since last: 8000624283 ns, Reaching safepoint: 5900 ns, Cleanup: 13900 ns, At safepoint: 1900 ns, Total: 21700 ns
[724.269s][info ][gc,start       ] GC(27) Pause Young (Allocation Failure)
[724.277s][debug][gc,phases      ] GC(27) Scavenge 7.850ms
[724.277s][debug][gc,ref         ] GC(27) ReferenceProcessor::execute queues: 1, RefProcThreadModel::Single, marks_oops_alive: false
[724.277s][debug][gc,ref         ] GC(27) Skipped KeepAliveFinalRefsPhase of Reference Processing: no references
[724.277s][debug][gc,ref         ] GC(27) Skipped PhantomRefsPhase of Reference Processing: no references
[724.277s][debug][gc,phases      ] GC(27) Reference Processing 0.114ms
[724.277s][debug][gc,phases      ] GC(27)   VM Weak                        Min:  0.0, Avg:  0.0, Max:  0.0, Diff:  0.0, Sum:  0.0, Workers: 4
[724.277s][debug][gc,phases      ] GC(27)     Dead                           Min: 0, Avg:  0.0, Max: 0, Diff: 0, Sum: 0, Workers: 4
[724.277s][debug][gc,phases      ] GC(27)     Total                          Min: 0, Avg: 239.5, Max: 704, Diff: 704, Sum: 958, Workers: 4
[724.277s][debug][gc,phases      ] GC(27)   ObjectSynchronizer Weak        Min:  0.0, Avg:  0.0, Max:  0.0, Diff:  0.0, Sum:  0.0, Workers: 4
[724.277s][debug][gc,phases      ] GC(27)     Dead                           Min: 0, Avg:  0.0, Max: 0, Diff: 0, Sum: 0, Workers: 4
[724.277s][debug][gc,phases      ] GC(27)     Total                          Min: 0, Avg:  0.8, Max: 3, Diff: 3, Sum: 3, Workers: 4
[724.277s][debug][gc,phases      ] GC(27)   JVMTI Tag Weak OopStorage      Min:  0.0, Avg:  0.0, Max:  0.0, Diff:  0.0, Sum:  0.0, Workers: 4
[724.277s][debug][gc,phases      ] GC(27)     Dead                           Min: 0, Avg:  0.0, Max: 0, Diff: 0, Sum: 0, Workers: 4
[724.277s][debug][gc,phases      ] GC(27)     Total                          Min: 0, Avg:  0.0, Max: 0, Diff: 0, Sum: 0, Workers: 4
[724.277s][debug][gc,phases      ] GC(27)   StringTable Weak               Min:  0.0, Avg:  0.1, Max:  0.1, Diff:  0.1, Sum:  0.4, Workers: 4
[724.277s][debug][gc,phases      ] GC(27)     Dead                           Min: 0, Avg:  0.0, Max: 0, Diff: 0, Sum: 0, Workers: 4
[724.277s][debug][gc,phases      ] GC(27)     Total                          Min: 0, Avg: 11477.5, Max: 20310, Diff: 20310, Sum: 45910, Workers: 4
[724.277s][debug][gc,phases      ] GC(27)   ResolvedMethodTable Weak       Min:  0.0, Avg:  0.0, Max:  0.0, Diff:  0.0, Sum:  0.1, Workers: 4
[724.277s][debug][gc,phases      ] GC(27)     Dead                           Min: 0, Avg:  4.0, Max: 16, Diff: 16, Sum: 16, Workers: 4
[724.277s][debug][gc,phases      ] GC(27)     Total                          Min: 0, Avg: 3745.0, Max: 6360, Diff: 6360, Sum: 14980, Workers: 4
[724.277s][debug][gc,phases      ] GC(27)   JNI Weak                       Min:  0.0, Avg:  0.0, Max:  0.0, Diff:  0.0, Sum:  0.0, Workers: 4
[724.277s][debug][gc,phases      ] GC(27)     Dead                           Min: 0, Avg:  0.0, Max: 0, Diff: 0, Sum: 0, Workers: 4
[724.277s][debug][gc,phases      ] GC(27)     Total                          Min: 0, Avg: 13.0, Max: 48, Diff: 48, Sum: 52, Workers: 4
[724.277s][debug][gc,phases      ] GC(27)   StringDedup Table Weak         Min:  0.0, Avg:  0.0, Max:  0.0, Diff:  0.0, Sum:  0.0, Workers: 4
[724.277s][debug][gc,phases      ] GC(27)     Dead                           Min: 0, Avg:  0.0, Max: 0, Diff: 0, Sum: 0, Workers: 4
[724.277s][debug][gc,phases      ] GC(27)     Total                          Min: 0, Avg:  0.0, Max: 0, Diff: 0, Sum: 0, Workers: 4
[724.277s][debug][gc,phases      ] GC(27)   StringDedup Requests0 Weak     Min:  0.0, Avg:  0.0, Max:  0.0, Diff:  0.0, Sum:  0.0, Workers: 4
[724.277s][debug][gc,phases      ] GC(27)     Dead                           Min: 0, Avg:  0.0, Max: 0, Diff: 0, Sum: 0, Workers: 4
[724.277s][debug][gc,phases      ] GC(27)     Total                          Min: 0, Avg:  0.0, Max: 0, Diff: 0, Sum: 0, Workers: 4
[724.277s][debug][gc,phases      ] GC(27)   StringDedup Requests1 Weak     Min:  0.0, Avg:  0.0, Max:  0.0, Diff:  0.0, Sum:  0.0, Workers: 4
[724.277s][debug][gc,phases      ] GC(27)     Dead                           Min: 0, Avg:  0.0, Max: 0, Diff: 0, Sum: 0, Workers: 4
[724.277s][debug][gc,phases      ] GC(27)     Total                          Min: 0, Avg:  0.0, Max: 0, Diff: 0, Sum: 0, Workers: 4
[724.277s][debug][gc,phases      ] GC(27)   Weak JFR Old Object Samples    Min:  0.0, Avg:  0.0, Max:  0.0, Diff:  0.0, Sum:  0.0, Workers: 4
[724.277s][debug][gc,phases      ] GC(27)     Dead                           Min: 0, Avg:  0.0, Max: 0, Diff: 0, Sum: 0, Workers: 4
[724.277s][debug][gc,phases      ] GC(27)     Total                          Min: 0, Avg:  0.0, Max: 0, Diff: 0, Sum: 0, Workers: 4
[724.277s][debug][gc,phases      ] GC(27) Weak Processing 0.375ms
[724.277s][debug][gc,age         ] GC(27) Desired survivor size 169345024 bytes, new threshold 1 (max threshold 15)
[724.277s][info ][gc,heap        ] GC(27) PSYoungGen: 1751536K(1923584K)->8272K(1914880K) Eden: 1741312K(1741312K)->0K(1741312K) From: 10224K(182272K)->8272K(173568K)
[724.277s][info ][gc,heap        ] GC(27) ParOldGen: 343070K(343552K)->346635K(347136K)
[724.277s][info ][gc,metaspace   ] GC(27) Metaspace: 104905K(106176K)->104905K(106176K) NonClass: 88974K(89664K)->88974K(89664K) Class: 15930K(16512K)->15930K(16512K)
[724.277s][info ][gc             ] GC(27) Pause Young (Allocation Failure) 2045M->346M(2209M) 8.453ms
[724.277s][info ][gc,cpu         ] GC(27) User=0.03s Sys=0.00s Real=0.00s
[724.277s][info ][safepoint      ] Safepoint "ParallelGCFailedAllocation", Time since last: 6797727223 ns, Reaching safepoint: 5300 ns, Cleanup: 12000 ns, At safepoint: 8544031 ns, Total: 8561331 ns
[733.278s][info ][safepoint      ] Safepoint "Cleanup", Time since last: 9000649674 ns, Reaching safepoint: 6500 ns, Cleanup: 15300 ns, At safepoint: 2300 ns, Total: 24100 ns
[738.279s][info ][safepoint      ] Safepoint "Cleanup", Time since last: 5000394313 ns, Reaching safepoint: 5700 ns, Cleanup: 16200 ns, At safepoint: 2400 ns, Total: 24300 ns
[739.279s][info ][safepoint      ] Safepoint "Cleanup", Time since last: 1000107340 ns, Reaching safepoint: 5700 ns, Cleanup: 9100 ns, At safepoint: 2100 ns, Total: 16900 ns
[742.279s][info ][safepoint      ] Safepoint "Cleanup", Time since last: 3000243822 ns, Reaching safepoint: 5900 ns, Cleanup: 9600 ns, At safepoint: 2200 ns, Total: 17700 ns
[744.279s][info ][safepoint      ] Safepoint "Cleanup", Time since last: 2000192922 ns, Reaching safepoint: 6700 ns, Cleanup: 14600 ns, At safepoint: 2000 ns, Total: 23300 ns
[745.279s][info ][safepoint      ] Safepoint "Cleanup", Time since last: 1000160349 ns, Reaching safepoint: 81899 ns, Cleanup: 8600 ns, At safepoint: 13700 ns, Total: 104199 ns
[746.280s][info ][safepoint      ] Safepoint "Cleanup", Time since last: 1000117864 ns, Reaching safepoint: 5499 ns, Cleanup: 11200 ns, At safepoint: 1600 ns, Total: 18299 ns
[747.280s][info ][safepoint      ] Safepoint "Cleanup", Time since last: 1000115164 ns, Reaching safepoint: 6100 ns, Cleanup: 9200 ns, At safepoint: 2000 ns, Total: 17300 ns
[749.280s][info ][safepoint      ] Safepoint "Cleanup", Time since last: 2000181527 ns, Reaching safepoint: 6800 ns, Cleanup: 12100 ns, At safepoint: 2000 ns, Total: 20900 ns
[755.280s][info ][safepoint      ] Safepoint "Cleanup", Time since last: 6000477463 ns, Reaching safepoint: 8300 ns, Cleanup: 20100 ns, At safepoint: 2499 ns, Total: 30899 ns
[768.281s][info ][safepoint      ] Safepoint "Cleanup", Time since last: 13000969655 ns, Reaching safepoint: 6100 ns, Cleanup: 9500 ns, At safepoint: 2400 ns, Total: 18000 ns
[768.815s][info ][gc,start       ] GC(28) Pause Young (Allocation Failure)
[768.822s][debug][gc,phases      ] GC(28) Scavenge 6.944ms
[768.822s][debug][gc,ref         ] GC(28) ReferenceProcessor::execute queues: 1, RefProcThreadModel::Single, marks_oops_alive: false
[768.822s][debug][gc,ref         ] GC(28) Skipped KeepAliveFinalRefsPhase of Reference Processing: no references
[768.822s][debug][gc,ref         ] GC(28) ReferenceProcessor::execute queues: 1, RefProcThreadModel::Single, marks_oops_alive: false
[768.822s][debug][gc,phases      ] GC(28) Reference Processing 0.097ms
[768.822s][debug][gc,phases      ] GC(28)   VM Weak                        Min:  0.0, Avg:  0.0, Max:  0.0, Diff:  0.0, Sum:  0.0, Workers: 4
[768.822s][debug][gc,phases      ] GC(28)     Dead                           Min: 0, Avg:  0.0, Max: 0, Diff: 0, Sum: 0, Workers: 4
[768.822s][debug][gc,phases      ] GC(28)     Total                          Min: 0, Avg: 239.5, Max: 768, Diff: 768, Sum: 958, Workers: 4
[768.822s][debug][gc,phases      ] GC(28)   ObjectSynchronizer Weak        Min:  0.0, Avg:  0.0, Max:  0.0, Diff:  0.0, Sum:  0.0, Workers: 4
[768.822s][debug][gc,phases      ] GC(28)     Dead                           Min: 0, Avg:  0.0, Max: 0, Diff: 0, Sum: 0, Workers: 4
[768.822s][debug][gc,phases      ] GC(28)     Total                          Min: 0, Avg:  1.2, Max: 5, Diff: 5, Sum: 5, Workers: 4
[768.822s][debug][gc,phases      ] GC(28)   JVMTI Tag Weak OopStorage      Min:  0.0, Avg:  0.0, Max:  0.0, Diff:  0.0, Sum:  0.0, Workers: 4
[768.822s][debug][gc,phases      ] GC(28)     Dead                           Min: 0, Avg:  0.0, Max: 0, Diff: 0, Sum: 0, Workers: 4
[768.822s][debug][gc,phases      ] GC(28)     Total                          Min: 0, Avg:  0.0, Max: 0, Diff: 0, Sum: 0, Workers: 4
[768.822s][debug][gc,phases      ] GC(28)   StringTable Weak               Min:  0.1, Avg:  0.1, Max:  0.1, Diff:  0.1, Sum:  0.5, Workers: 4
[768.822s][debug][gc,phases      ] GC(28)     Dead                           Min: 0, Avg:  0.0, Max: 0, Diff: 0, Sum: 0, Workers: 4
[768.822s][debug][gc,phases      ] GC(28)     Total                          Min: 6912, Avg: 11477.5, Max: 13760, Diff: 6848, Sum: 45910, Workers: 4
[768.822s][debug][gc,phases      ] GC(28)   ResolvedMethodTable Weak       Min:  0.0, Avg:  0.0, Max:  0.0, Diff:  0.0, Sum:  0.2, Workers: 4
[768.822s][debug][gc,phases      ] GC(28)     Dead                           Min: 0, Avg:  4.0, Max: 16, Diff: 16, Sum: 16, Workers: 4
[768.822s][debug][gc,phases      ] GC(28)     Total                          Min: 3346, Avg: 3745.0, Max: 4134, Diff: 788, Sum: 14980, Workers: 4
[768.822s][debug][gc,phases      ] GC(28)   JNI Weak                       Min:  0.0, Avg:  0.0, Max:  0.0, Diff:  0.0, Sum:  0.0, Workers: 4
[768.822s][debug][gc,phases      ] GC(28)     Dead                           Min: 0, Avg:  0.0, Max: 0, Diff: 0, Sum: 0, Workers: 4
[768.822s][debug][gc,phases      ] GC(28)     Total                          Min: 0, Avg: 13.0, Max: 48, Diff: 48, Sum: 52, Workers: 4
[768.822s][debug][gc,phases      ] GC(28)   StringDedup Table Weak         Min:  0.0, Avg:  0.0, Max:  0.0, Diff:  0.0, Sum:  0.0, Workers: 4
[768.822s][debug][gc,phases      ] GC(28)     Dead                           Min: 0, Avg:  0.0, Max: 0, Diff: 0, Sum: 0, Workers: 4
[768.822s][debug][gc,phases      ] GC(28)     Total                          Min: 0, Avg:  0.0, Max: 0, Diff: 0, Sum: 0, Workers: 4
[768.822s][debug][gc,phases      ] GC(28)   StringDedup Requests0 Weak     Min:  0.0, Avg:  0.0, Max:  0.0, Diff:  0.0, Sum:  0.0, Workers: 4
[768.822s][debug][gc,phases      ] GC(28)     Dead                           Min: 0, Avg:  0.0, Max: 0, Diff: 0, Sum: 0, Workers: 4
[768.822s][debug][gc,phases      ] GC(28)     Total                          Min: 0, Avg:  0.0, Max: 0, Diff: 0, Sum: 0, Workers: 4
[768.822s][debug][gc,phases      ] GC(28)   StringDedup Requests1 Weak     Min:  0.0, Avg:  0.0, Max:  0.0, Diff:  0.0, Sum:  0.0, Workers: 4
[768.822s][debug][gc,phases      ] GC(28)     Dead                           Min: 0, Avg:  0.0, Max: 0, Diff: 0, Sum: 0, Workers: 4
[768.822s][debug][gc,phases      ] GC(28)     Total                          Min: 0, Avg:  0.0, Max: 0, Diff: 0, Sum: 0, Workers: 4
[768.822s][debug][gc,phases      ] GC(28)   Weak JFR Old Object Samples    Min:  0.0, Avg:  0.0, Max:  0.0, Diff:  0.0, Sum:  0.0, Workers: 4
[768.822s][debug][gc,phases      ] GC(28)     Dead                           Min: 0, Avg:  0.0, Max: 0, Diff: 0, Sum: 0, Workers: 4
[768.822s][debug][gc,phases      ] GC(28)     Total                          Min: 0, Avg:  0.0, Max: 0, Diff: 0, Sum: 0, Workers: 4
[768.822s][debug][gc,phases      ] GC(28) Weak Processing 0.425ms
[768.823s][debug][gc,age         ] GC(28) Desired survivor size 160432128 bytes, new threshold 1 (max threshold 15)
[768.823s][info ][gc,heap        ] GC(28) PSYoungGen: 1749584K(1914880K)->7376K(1940480K) Eden: 1741312K(1741312K)->0K(1775104K) From: 8272K(173568K)->7376K(165376K)
[768.823s][info ][gc,heap        ] GC(28) ParOldGen: 346635K(347136K)->348040K(348160K)
[768.823s][info ][gc,metaspace   ] GC(28) Metaspace: 104925K(106240K)->104925K(106240K) NonClass: 88994K(89728K)->88994K(89728K) Class: 15930K(16512K)->15930K(16512K)
[768.823s][info ][gc             ] GC(28) Pause Young (Allocation Failure) 2047M->347M(2235M) 7.581ms
[768.823s][info ][gc,cpu         ] GC(28) User=0.03s Sys=0.01s Real=0.01s
[768.823s][info ][safepoint      ] Safepoint "ParallelGCFailedAllocation", Time since last: 533547743 ns, Reaching safepoint: 6200 ns, Cleanup: 19200 ns, At safepoint: 7647564 ns, Total: 7672964 ns
[774.823s][info ][safepoint      ] Safepoint "Cleanup", Time since last: 6000436766 ns, Reaching safepoint: 6100 ns, Cleanup: 10500 ns, At safepoint: 2300 ns, Total: 18900 ns
[777.823s][info ][safepoint      ] Safepoint "Cleanup", Time since last: 3000256154 ns, Reaching safepoint: 7300 ns, Cleanup: 17600 ns, At safepoint: 2400 ns, Total: 27300 ns
[778.823s][info ][safepoint      ] Safepoint "Cleanup", Time since last: 1000124258 ns, Reaching safepoint: 6600 ns, Cleanup: 13700 ns, At safepoint: 2400 ns, Total: 22700 ns
[786.289s][info ][safepoint      ] Safepoint "Cleanup", Time since last: 7465635159 ns, Reaching safepoint: 6400 ns, Cleanup: 9500 ns, At safepoint: 2300 ns, Total: 18200 ns
[797.290s][info ][safepoint      ] Safepoint "Cleanup", Time since last: 11000810927 ns, Reaching safepoint: 5200 ns, Cleanup: 9500 ns, At safepoint: 2100 ns, Total: 16800 ns
[801.290s][info ][safepoint      ] Safepoint "Cleanup", Time since last: 4000331867 ns, Reaching safepoint: 7000 ns, Cleanup: 13800 ns, At safepoint: 2700 ns, Total: 23500 ns
[804.291s][info ][safepoint      ] Safepoint "Cleanup", Time since last: 3000254480 ns, Reaching safepoint: 5700 ns, Cleanup: 9900 ns, At safepoint: 2100 ns, Total: 17700 ns
[807.291s][info ][safepoint      ] Safepoint "Cleanup", Time since last: 3000261281 ns, Reaching safepoint: 6100 ns, Cleanup: 16900 ns, At safepoint: 2300 ns, Total: 25300 ns
[808.291s][info ][safepoint      ] Safepoint "Cleanup", Time since last: 1000116060 ns, Reaching safepoint: 6900 ns, Cleanup: 11799 ns, At safepoint: 25600 ns, Total: 44299 ns
[809.291s][info ][safepoint      ] Safepoint "Cleanup", Time since last: 1000110016 ns, Reaching safepoint: 5700 ns, Cleanup: 14000 ns, At safepoint: 1800 ns, Total: 21500 ns
[810.291s][info ][safepoint      ] Safepoint "Cleanup", Time since last: 1000110726 ns, Reaching safepoint: 6700 ns, Cleanup: 13900 ns, At safepoint: 1900 ns, Total: 22500 ns
[812.291s][info ][safepoint      ] Safepoint "Cleanup", Time since last: 2000192953 ns, Reaching safepoint: 6400 ns, Cleanup: 10400 ns, At safepoint: 2200 ns, Total: 19000 ns
[813.292s][info ][safepoint      ] Safepoint "Cleanup", Time since last: 1000129026 ns, Reaching safepoint: 6700 ns, Cleanup: 13600 ns, At safepoint: 2200 ns, Total: 22500 ns
[814.213s][info ][gc,start       ] GC(29) Pause Young (Allocation Failure)
[814.221s][debug][gc,phases      ] GC(29) Scavenge 7.773ms
[814.221s][debug][gc,ref         ] GC(29) ReferenceProcessor::execute queues: 1, RefProcThreadModel::Single, marks_oops_alive: false
[814.221s][debug][gc,ref         ] GC(29) Skipped KeepAliveFinalRefsPhase of Reference Processing: no references
[814.221s][debug][gc,ref         ] GC(29) ReferenceProcessor::execute queues: 1, RefProcThreadModel::Single, marks_oops_alive: false
[814.221s][debug][gc,phases      ] GC(29) Reference Processing 0.097ms
[814.222s][debug][gc,phases      ] GC(29)   VM Weak                        Min:  0.0, Avg:  0.0, Max:  0.0, Diff:  0.0, Sum:  0.0, Workers: 4
[814.222s][debug][gc,phases      ] GC(29)     Dead                           Min: 0, Avg:  0.0, Max: 0, Diff: 0, Sum: 0, Workers: 4
[814.222s][debug][gc,phases      ] GC(29)     Total                          Min: 0, Avg: 239.5, Max: 704, Diff: 704, Sum: 958, Workers: 4
[814.222s][debug][gc,phases      ] GC(29)   ObjectSynchronizer Weak        Min:  0.0, Avg:  0.0, Max:  0.0, Diff:  0.0, Sum:  0.0, Workers: 4
[814.222s][debug][gc,phases      ] GC(29)     Dead                           Min: 0, Avg:  0.0, Max: 0, Diff: 0, Sum: 0, Workers: 4
[814.222s][debug][gc,phases      ] GC(29)     Total                          Min: 0, Avg:  1.5, Max: 6, Diff: 6, Sum: 6, Workers: 4
[814.222s][debug][gc,phases      ] GC(29)   JVMTI Tag Weak OopStorage      Min:  0.0, Avg:  0.0, Max:  0.0, Diff:  0.0, Sum:  0.0, Workers: 4
[814.222s][debug][gc,phases      ] GC(29)     Dead                           Min: 0, Avg:  0.0, Max: 0, Diff: 0, Sum: 0, Workers: 4
[814.222s][debug][gc,phases      ] GC(29)     Total                          Min: 0, Avg:  0.0, Max: 0, Diff: 0, Sum: 0, Workers: 4
[814.222s][debug][gc,phases      ] GC(29)   StringTable Weak               Min:  0.0, Avg:  0.1, Max:  0.2, Diff:  0.2, Sum:  0.4, Workers: 4
[814.222s][debug][gc,phases      ] GC(29)     Dead                           Min: 0, Avg:  0.0, Max: 0, Diff: 0, Sum: 0, Workers: 4
[814.222s][debug][gc,phases      ] GC(29)     Total                          Min: 0, Avg: 11478.5, Max: 23770, Diff: 23770, Sum: 45914, Workers: 4
[814.222s][debug][gc,phases      ] GC(29)   ResolvedMethodTable Weak       Min:  0.0, Avg:  0.0, Max:  0.1, Diff:  0.1, Sum:  0.2, Workers: 4
[814.222s][debug][gc,phases      ] GC(29)     Dead                           Min: 0, Avg:  4.0, Max: 16, Diff: 16, Sum: 16, Workers: 4
[814.222s][debug][gc,phases      ] GC(29)     Total                          Min: 0, Avg: 3745.0, Max: 7829, Diff: 7829, Sum: 14980, Workers: 4
[814.222s][debug][gc,phases      ] GC(29)   JNI Weak                       Min:  0.0, Avg:  0.0, Max:  0.0, Diff:  0.0, Sum:  0.0, Workers: 4
[814.222s][debug][gc,phases      ] GC(29)     Dead                           Min: 0, Avg:  0.0, Max: 0, Diff: 0, Sum: 0, Workers: 4
[814.222s][debug][gc,phases      ] GC(29)     Total                          Min: 0, Avg: 13.0, Max: 48, Diff: 48, Sum: 52, Workers: 4
[814.222s][debug][gc,phases      ] GC(29)   StringDedup Table Weak         Min:  0.0, Avg:  0.0, Max:  0.0, Diff:  0.0, Sum:  0.0, Workers: 4
[814.222s][debug][gc,phases      ] GC(29)     Dead                           Min: 0, Avg:  0.0, Max: 0, Diff: 0, Sum: 0, Workers: 4
[814.222s][debug][gc,phases      ] GC(29)     Total                          Min: 0, Avg:  0.0, Max: 0, Diff: 0, Sum: 0, Workers: 4
[814.222s][debug][gc,phases      ] GC(29)   StringDedup Requests0 Weak     Min:  0.0, Avg:  0.0, Max:  0.0, Diff:  0.0, Sum:  0.0, Workers: 4
[814.222s][debug][gc,phases      ] GC(29)     Dead                           Min: 0, Avg:  0.0, Max: 0, Diff: 0, Sum: 0, Workers: 4
[814.222s][debug][gc,phases      ] GC(29)     Total                          Min: 0, Avg:  0.0, Max: 0, Diff: 0, Sum: 0, Workers: 4
[814.222s][debug][gc,phases      ] GC(29)   StringDedup Requests1 Weak     Min:  0.0, Avg:  0.0, Max:  0.0, Diff:  0.0, Sum:  0.0, Workers: 4
[814.222s][debug][gc,phases      ] GC(29)     Dead                           Min: 0, Avg:  0.0, Max: 0, Diff: 0, Sum: 0, Workers: 4
[814.222s][debug][gc,phases      ] GC(29)     Total                          Min: 0, Avg:  0.0, Max: 0, Diff: 0, Sum: 0, Workers: 4
[814.222s][debug][gc,phases      ] GC(29)   Weak JFR Old Object Samples    Min:  0.0, Avg:  0.0, Max:  0.0, Diff:  0.0, Sum:  0.0, Workers: 4
[814.222s][debug][gc,phases      ] GC(29)     Dead                           Min: 0, Avg:  0.0, Max: 0, Diff: 0, Sum: 0, Workers: 4
[814.222s][debug][gc,phases      ] GC(29)     Total                          Min: 0, Avg:  0.0, Max: 0, Diff: 0, Sum: 0, Workers: 4
[814.222s][debug][gc,phases      ] GC(29) Weak Processing 0.520ms
[814.222s][debug][gc,age         ] GC(29) Desired survivor size 151519232 bytes, new threshold 1 (max threshold 15)
[814.222s][info ][gc,heap        ] GC(29) PSYoungGen: 1782480K(1940480K)->11008K(1931776K) Eden: 1775104K(1775104K)->0K(1775104K) From: 7376K(165376K)->11008K(156672K)
[814.222s][info ][gc,heap        ] GC(29) ParOldGen: 348040K(348160K)->349212K(349696K)
[814.222s][info ][gc,metaspace   ] GC(29) Metaspace: 104944K(106240K)->104944K(106240K) NonClass: 89013K(89728K)->89013K(89728K) Class: 15930K(16512K)->15930K(16512K)
[814.222s][info ][gc             ] GC(29) Pause Young (Allocation Failure) 2080M->351M(2228M) 8.512ms
[814.222s][info ][gc,cpu         ] GC(29) User=0.03s Sys=0.00s Real=0.01s
[814.222s][info ][safepoint      ] Safepoint "ParallelGCFailedAllocation", Time since last: 921788333 ns, Reaching safepoint: 7200 ns, Cleanup: 15100 ns, At safepoint: 8594245 ns, Total: 8616545 ns
[819.222s][info ][safepoint      ] Safepoint "Cleanup", Time since last: 5000364270 ns, Reaching safepoint: 5600 ns, Cleanup: 8200 ns, At safepoint: 1900 ns, Total: 15700 ns
[828.223s][info ][safepoint      ] Safepoint "Cleanup", Time since last: 9000661119 ns, Reaching safepoint: 5900 ns, Cleanup: 11600 ns, At safepoint: 2200 ns, Total: 19700 ns
[835.224s][info ][safepoint      ] Safepoint "Cleanup", Time since last: 7000564302 ns, Reaching safepoint: 8400 ns, Cleanup: 17200 ns, At safepoint: 2300 ns, Total: 27900 ns
[838.224s][info ][safepoint      ] Safepoint "Cleanup", Time since last: 3000276919 ns, Reaching safepoint: 7100 ns, Cleanup: 11400 ns, At safepoint: 24200 ns, Total: 42700 ns
[854.308s][info ][safepoint      ] Safepoint "Cleanup", Time since last: 16083777029 ns, Reaching safepoint: 82299 ns, Cleanup: 12700 ns, At safepoint: 8000 ns, Total: 102999 ns
[857.232s][info ][gc,start       ] GC(30) Pause Young (Allocation Failure)
[857.242s][debug][gc,phases      ] GC(30) Scavenge 9.872ms
[857.242s][debug][gc,ref         ] GC(30) ReferenceProcessor::execute queues: 1, RefProcThreadModel::Single, marks_oops_alive: false
[857.242s][debug][gc,ref         ] GC(30) Skipped KeepAliveFinalRefsPhase of Reference Processing: no references
[857.242s][debug][gc,ref         ] GC(30) Skipped PhantomRefsPhase of Reference Processing: no references
[857.242s][debug][gc,phases      ] GC(30) Reference Processing 0.097ms
[857.242s][debug][gc,phases      ] GC(30)   VM Weak                        Min:  0.0, Avg:  0.0, Max:  0.0, Diff:  0.0, Sum:  0.0, Workers: 4
[857.242s][debug][gc,phases      ] GC(30)     Dead                           Min: 0, Avg:  0.0, Max: 0, Diff: 0, Sum: 0, Workers: 4
[857.242s][debug][gc,phases      ] GC(30)     Total                          Min: 0, Avg: 239.5, Max: 766, Diff: 766, Sum: 958, Workers: 4
[857.242s][debug][gc,phases      ] GC(30)   ObjectSynchronizer Weak        Min:  0.0, Avg:  0.0, Max:  0.0, Diff:  0.0, Sum:  0.0, Workers: 4
[857.242s][debug][gc,phases      ] GC(30)     Dead                           Min: 0, Avg:  0.0, Max: 0, Diff: 0, Sum: 0, Workers: 4
[857.242s][debug][gc,phases      ] GC(30)     Total                          Min: 0, Avg:  0.8, Max: 3, Diff: 3, Sum: 3, Workers: 4
[857.242s][debug][gc,phases      ] GC(30)   JVMTI Tag Weak OopStorage      Min:  0.0, Avg:  0.0, Max:  0.0, Diff:  0.0, Sum:  0.0, Workers: 4
[857.242s][debug][gc,phases      ] GC(30)     Dead                           Min: 0, Avg:  0.0, Max: 0, Diff: 0, Sum: 0, Workers: 4
[857.242s][debug][gc,phases      ] GC(30)     Total                          Min: 0, Avg:  0.0, Max: 0, Diff: 0, Sum: 0, Workers: 4
[857.242s][debug][gc,phases      ] GC(30)   StringTable Weak               Min:  0.0, Avg:  0.1, Max:  0.2, Diff:  0.2, Sum:  0.5, Workers: 4
[857.242s][debug][gc,phases      ] GC(30)     Dead                           Min: 0, Avg:  0.0, Max: 0, Diff: 0, Sum: 0, Workers: 4
[857.242s][debug][gc,phases      ] GC(30)     Total                          Min: 0, Avg: 11478.5, Max: 15898, Diff: 15898, Sum: 45914, Workers: 4
[857.242s][debug][gc,phases      ] GC(30)   ResolvedMethodTable Weak       Min:  0.0, Avg:  0.0, Max:  0.1, Diff:  0.1, Sum:  0.2, Workers: 4
[857.242s][debug][gc,phases      ] GC(30)     Dead                           Min: 0, Avg:  4.0, Max: 16, Diff: 16, Sum: 16, Workers: 4
[857.242s][debug][gc,phases      ] GC(30)     Total                          Min: 0, Avg: 3745.0, Max: 5426, Diff: 5426, Sum: 14980, Workers: 4
[857.242s][debug][gc,phases      ] GC(30)   JNI Weak                       Min:  0.0, Avg:  0.0, Max:  0.0, Diff:  0.0, Sum:  0.0, Workers: 4
[857.242s][debug][gc,phases      ] GC(30)     Dead                           Min: 0, Avg:  0.0, Max: 0, Diff: 0, Sum: 0, Workers: 4
[857.242s][debug][gc,phases      ] GC(30)     Total                          Min: 0, Avg: 13.0, Max: 48, Diff: 48, Sum: 52, Workers: 4
[857.242s][debug][gc,phases      ] GC(30)   StringDedup Table Weak         Min:  0.0, Avg:  0.0, Max:  0.0, Diff:  0.0, Sum:  0.0, Workers: 4
[857.242s][debug][gc,phases      ] GC(30)     Dead                           Min: 0, Avg:  0.0, Max: 0, Diff: 0, Sum: 0, Workers: 4
[857.242s][debug][gc,phases      ] GC(30)     Total                          Min: 0, Avg:  0.0, Max: 0, Diff: 0, Sum: 0, Workers: 4
[857.242s][debug][gc,phases      ] GC(30)   StringDedup Requests0 Weak     Min:  0.0, Avg:  0.0, Max:  0.0, Diff:  0.0, Sum:  0.0, Workers: 4
[857.242s][debug][gc,phases      ] GC(30)     Dead                           Min: 0, Avg:  0.0, Max: 0, Diff: 0, Sum: 0, Workers: 4
[857.242s][debug][gc,phases      ] GC(30)     Total                          Min: 0, Avg:  0.0, Max: 0, Diff: 0, Sum: 0, Workers: 4
[857.242s][debug][gc,phases      ] GC(30)   StringDedup Requests1 Weak     Min:  0.0, Avg:  0.0, Max:  0.0, Diff:  0.0, Sum:  0.0, Workers: 4
[857.242s][debug][gc,phases      ] GC(30)     Dead                           Min: 0, Avg:  0.0, Max: 0, Diff: 0, Sum: 0, Workers: 4
[857.242s][debug][gc,phases      ] GC(30)     Total                          Min: 0, Avg:  0.0, Max: 0, Diff: 0, Sum: 0, Workers: 4
[857.242s][debug][gc,phases      ] GC(30)   Weak JFR Old Object Samples    Min:  0.0, Avg:  0.0, Max:  0.0, Diff:  0.0, Sum:  0.0, Workers: 4
[857.242s][debug][gc,phases      ] GC(30)     Dead                           Min: 0, Avg:  0.0, Max: 0, Diff: 0, Sum: 0, Workers: 4
[857.242s][debug][gc,phases      ] GC(30)     Total                          Min: 0, Avg:  0.0, Max: 0, Diff: 0, Sum: 0, Workers: 4
[857.242s][debug][gc,phases      ] GC(30) Weak Processing 0.409ms
[857.242s][debug][gc,age         ] GC(30) Desired survivor size 143130624 bytes, new threshold 1 (max threshold 15)
[857.242s][info ][gc,heap        ] GC(30) PSYoungGen: 1786112K(1931776K)->9616K(1957376K) Eden: 1775104K(1775104K)->0K(1809408K) From: 11008K(156672K)->9616K(147968K)
[857.242s][info ][gc,heap        ] GC(30) ParOldGen: 349212K(349696K)->352997K(353280K)
[857.242s][info ][gc,metaspace   ] GC(30) Metaspace: 104984K(106240K)->104984K(106240K) NonClass: 89053K(89728K)->89053K(89728K) Class: 15930K(16512K)->15930K(16512K)
[857.242s][info ][gc             ] GC(30) Pause Young (Allocation Failure) 2085M->354M(2256M) 10.500ms
[857.242s][info ][gc,cpu         ] GC(30) User=0.03s Sys=0.00s Real=0.01s
[857.242s][info ][safepoint      ] Safepoint "ParallelGCFailedAllocation", Time since last: 2923891120 ns, Reaching safepoint: 6800 ns, Cleanup: 5100 ns, At safepoint: 10571629 ns, Total: 10583529 ns
[858.242s][info ][safepoint      ] Safepoint "Cleanup", Time since last: 1000082320 ns, Reaching safepoint: 5800 ns, Cleanup: 7000 ns, At safepoint: 2100 ns, Total: 14900 ns
[860.243s][info ][safepoint      ] Safepoint "Cleanup", Time since last: 2000190440 ns, Reaching safepoint: 7800 ns, Cleanup: 14800 ns, At safepoint: 2700 ns, Total: 25300 ns
[875.244s][info ][safepoint      ] Safepoint "Cleanup", Time since last: 15001152095 ns, Reaching safepoint: 6800 ns, Cleanup: 11899 ns, At safepoint: 1900 ns, Total: 20599 ns
[879.244s][info ][safepoint      ] Safepoint "Cleanup", Time since last: 4000292077 ns, Reaching safepoint: 6600 ns, Cleanup: 10500 ns, At safepoint: 2500 ns, Total: 19600 ns
[880.245s][info ][safepoint      ] Safepoint "Cleanup", Time since last: 1000760166 ns, Reaching safepoint: 6500 ns, Cleanup: 9200 ns, At safepoint: 2600 ns, Total: 18300 ns
[881.245s][info ][safepoint      ] Safepoint "Cleanup", Time since last: 1000101876 ns, Reaching safepoint: 7300 ns, Cleanup: 9600 ns, At safepoint: 2500 ns, Total: 19400 ns
[884.245s][info ][safepoint      ] Safepoint "Cleanup", Time since last: 3000242247 ns, Reaching safepoint: 6600 ns, Cleanup: 11800 ns, At safepoint: 2500 ns, Total: 20900 ns
[890.246s][info ][safepoint      ] Safepoint "Cleanup", Time since last: 6000445599 ns, Reaching safepoint: 6400 ns, Cleanup: 12600 ns, At safepoint: 2200 ns, Total: 21200 ns
[891.246s][info ][safepoint      ] Safepoint "Cleanup", Time since last: 1000118327 ns, Reaching safepoint: 8100 ns, Cleanup: 17400 ns, At safepoint: 2800 ns, Total: 28300 ns
[893.246s][info ][safepoint      ] Safepoint "Cleanup", Time since last: 2000173255 ns, Reaching safepoint: 7799 ns, Cleanup: 18000 ns, At safepoint: 2300 ns, Total: 28099 ns
[894.246s][info ][safepoint      ] Safepoint "Cleanup", Time since last: 1000111748 ns, Reaching safepoint: 8800 ns, Cleanup: 11700 ns, At safepoint: 2700 ns, Total: 23200 ns
[896.246s][info ][safepoint      ] Safepoint "Cleanup", Time since last: 2000169679 ns, Reaching safepoint: 6600 ns, Cleanup: 11400 ns, At safepoint: 2400 ns, Total: 20400 ns
[901.920s][info ][gc,start       ] GC(31) Pause Young (Allocation Failure)
[901.932s][debug][gc,phases      ] GC(31) Scavenge 11.864ms
[901.932s][debug][gc,ref         ] GC(31) ReferenceProcessor::execute queues: 1, RefProcThreadModel::Single, marks_oops_alive: false
[901.932s][debug][gc,ref         ] GC(31) Skipped KeepAliveFinalRefsPhase of Reference Processing: no references
[901.932s][debug][gc,ref         ] GC(31) Skipped PhantomRefsPhase of Reference Processing: no references
[901.932s][debug][gc,phases      ] GC(31) Reference Processing 0.132ms
[901.932s][debug][gc,phases      ] GC(31)   VM Weak                        Min:  0.0, Avg:  0.0, Max:  0.0, Diff:  0.0, Sum:  0.0, Workers: 4
[901.932s][debug][gc,phases      ] GC(31)     Dead                           Min: 0, Avg:  0.0, Max: 0, Diff: 0, Sum: 0, Workers: 4
[901.932s][debug][gc,phases      ] GC(31)     Total                          Min: 0, Avg: 239.5, Max: 574, Diff: 574, Sum: 958, Workers: 4
[901.932s][debug][gc,phases      ] GC(31)   ObjectSynchronizer Weak        Min:  0.0, Avg:  0.0, Max:  0.0, Diff:  0.0, Sum:  0.0, Workers: 4
[901.932s][debug][gc,phases      ] GC(31)     Dead                           Min: 0, Avg:  0.0, Max: 0, Diff: 0, Sum: 0, Workers: 4
[901.932s][debug][gc,phases      ] GC(31)     Total                          Min: 0, Avg:  0.8, Max: 3, Diff: 3, Sum: 3, Workers: 4
[901.932s][debug][gc,phases      ] GC(31)   JVMTI Tag Weak OopStorage      Min:  0.0, Avg:  0.0, Max:  0.0, Diff:  0.0, Sum:  0.0, Workers: 4
[901.932s][debug][gc,phases      ] GC(31)     Dead                           Min: 0, Avg:  0.0, Max: 0, Diff: 0, Sum: 0, Workers: 4
[901.932s][debug][gc,phases      ] GC(31)     Total                          Min: 0, Avg:  0.0, Max: 0, Diff: 0, Sum: 0, Workers: 4
[901.932s][debug][gc,phases      ] GC(31)   StringTable Weak               Min:  0.0, Avg:  0.1, Max:  0.2, Diff:  0.2, Sum:  0.5, Workers: 4
[901.932s][debug][gc,phases      ] GC(31)     Dead                           Min: 0, Avg:  0.0, Max: 0, Diff: 0, Sum: 0, Workers: 4
[901.932s][debug][gc,phases      ] GC(31)     Total                          Min: 0, Avg: 11478.8, Max: 16192, Diff: 16192, Sum: 45915, Workers: 4
[901.932s][debug][gc,phases      ] GC(31)   ResolvedMethodTable Weak       Min:  0.0, Avg:  0.0, Max:  0.1, Diff:  0.1, Sum:  0.2, Workers: 4
[901.932s][debug][gc,phases      ] GC(31)     Dead                           Min: 0, Avg:  4.0, Max: 16, Diff: 16, Sum: 16, Workers: 4
[901.932s][debug][gc,phases      ] GC(31)     Total                          Min: 0, Avg: 3745.0, Max: 5274, Diff: 5274, Sum: 14980, Workers: 4
[901.932s][debug][gc,phases      ] GC(31)   JNI Weak                       Min:  0.0, Avg:  0.0, Max:  0.0, Diff:  0.0, Sum:  0.0, Workers: 4
[901.932s][debug][gc,phases      ] GC(31)     Dead                           Min: 0, Avg:  0.0, Max: 0, Diff: 0, Sum: 0, Workers: 4
[901.932s][debug][gc,phases      ] GC(31)     Total                          Min: 0, Avg: 13.0, Max: 48, Diff: 48, Sum: 52, Workers: 4
[901.932s][debug][gc,phases      ] GC(31)   StringDedup Table Weak         Min:  0.0, Avg:  0.0, Max:  0.0, Diff:  0.0, Sum:  0.0, Workers: 4
[901.932s][debug][gc,phases      ] GC(31)     Dead                           Min: 0, Avg:  0.0, Max: 0, Diff: 0, Sum: 0, Workers: 4
[901.932s][debug][gc,phases      ] GC(31)     Total                          Min: 0, Avg:  0.0, Max: 0, Diff: 0, Sum: 0, Workers: 4
[901.932s][debug][gc,phases      ] GC(31)   StringDedup Requests0 Weak     Min:  0.0, Avg:  0.0, Max:  0.0, Diff:  0.0, Sum:  0.0, Workers: 4
[901.932s][debug][gc,phases      ] GC(31)     Dead                           Min: 0, Avg:  0.0, Max: 0, Diff: 0, Sum: 0, Workers: 4
[901.932s][debug][gc,phases      ] GC(31)     Total                          Min: 0, Avg:  0.0, Max: 0, Diff: 0, Sum: 0, Workers: 4
[901.932s][debug][gc,phases      ] GC(31)   StringDedup Requests1 Weak     Min:  0.0, Avg:  0.0, Max:  0.0, Diff:  0.0, Sum:  0.0, Workers: 4
[901.932s][debug][gc,phases      ] GC(31)     Dead                           Min: 0, Avg:  0.0, Max: 0, Diff: 0, Sum: 0, Workers: 4
[901.932s][debug][gc,phases      ] GC(31)     Total                          Min: 0, Avg:  0.0, Max: 0, Diff: 0, Sum: 0, Workers: 4
[901.932s][debug][gc,phases      ] GC(31)   Weak JFR Old Object Samples    Min:  0.0, Avg:  0.0, Max:  0.0, Diff:  0.0, Sum:  0.0, Workers: 4
[901.932s][debug][gc,phases      ] GC(31)     Dead                           Min: 0, Avg:  0.0, Max: 0, Diff: 0, Sum: 0, Workers: 4
[901.932s][debug][gc,phases      ] GC(31)     Total                          Min: 0, Avg:  0.0, Max: 0, Diff: 0, Sum: 0, Workers: 4
[901.932s][debug][gc,phases      ] GC(31) Weak Processing 0.480ms
[901.932s][debug][gc,age         ] GC(31) Desired survivor size 135266304 bytes, new threshold 1 (max threshold 15)
[901.933s][info ][gc,heap        ] GC(31) PSYoungGen: 1819024K(1957376K)->8832K(1949184K) Eden: 1809408K(1809408K)->0K(1809408K) From: 9616K(147968K)->8832K(139776K)
[901.933s][info ][gc,heap        ] GC(31) ParOldGen: 352997K(353280K)->355351K(355840K)
[901.933s][info ][gc,metaspace   ] GC(31) Metaspace: 105010K(106304K)->105010K(106304K) NonClass: 89079K(89792K)->89079K(89792K) Class: 15930K(16512K)->15930K(16512K)
[901.933s][info ][gc             ] GC(31) Pause Young (Allocation Failure) 2121M->355M(2251M) 12.631ms
[901.933s][info ][gc,cpu         ] GC(31) User=0.03s Sys=0.01s Real=0.01s
[901.933s][info ][safepoint      ] Safepoint "ParallelGCFailedAllocation", Time since last: 5673377563 ns, Reaching safepoint: 6100 ns, Cleanup: 4300 ns, At safepoint: 12708918 ns, Total: 12719318 ns
[913.942s][info ][safepoint      ] Safepoint "Cleanup", Time since last: 12009623644 ns, Reaching safepoint: 8400 ns, Cleanup: 64200 ns, At safepoint: 2600 ns, Total: 75200 ns
[916.943s][info ][safepoint      ] Safepoint "Cleanup", Time since last: 3000267974 ns, Reaching safepoint: 7700 ns, Cleanup: 10800 ns, At safepoint: 2100 ns, Total: 20600 ns
[948.961s][info ][gc,start       ] GC(32) Pause Young (Allocation Failure)
[948.977s][debug][gc,phases      ] GC(32) Scavenge 16.341ms
[948.977s][debug][gc,ref         ] GC(32) ReferenceProcessor::execute queues: 1, RefProcThreadModel::Single, marks_oops_alive: false
[948.977s][debug][gc,ref         ] GC(32) Skipped KeepAliveFinalRefsPhase of Reference Processing: no references
[948.977s][debug][gc,ref         ] GC(32) ReferenceProcessor::execute queues: 1, RefProcThreadModel::Single, marks_oops_alive: false
[948.977s][debug][gc,phases      ] GC(32) Reference Processing 0.123ms
[948.978s][debug][gc,phases      ] GC(32)   VM Weak                        Min:  0.0, Avg:  0.0, Max:  0.0, Diff:  0.0, Sum:  0.0, Workers: 4
[948.978s][debug][gc,phases      ] GC(32)     Dead                           Min: 0, Avg:  0.0, Max: 0, Diff: 0, Sum: 0, Workers: 4
[948.978s][debug][gc,phases      ] GC(32)     Total                          Min: 0, Avg: 239.5, Max: 958, Diff: 958, Sum: 958, Workers: 4
[948.978s][debug][gc,phases      ] GC(32)   ObjectSynchronizer Weak        Min:  0.0, Avg:  0.0, Max:  0.0, Diff:  0.0, Sum:  0.0, Workers: 4
[948.978s][debug][gc,phases      ] GC(32)     Dead                           Min: 0, Avg:  0.0, Max: 0, Diff: 0, Sum: 0, Workers: 4
[948.978s][debug][gc,phases      ] GC(32)     Total                          Min: 0, Avg:  0.8, Max: 3, Diff: 3, Sum: 3, Workers: 4
[948.978s][debug][gc,phases      ] GC(32)   JVMTI Tag Weak OopStorage      Min:  0.0, Avg:  0.0, Max:  0.0, Diff:  0.0, Sum:  0.0, Workers: 4
[948.978s][debug][gc,phases      ] GC(32)     Dead                           Min: 0, Avg:  0.0, Max: 0, Diff: 0, Sum: 0, Workers: 4
[948.978s][debug][gc,phases      ] GC(32)     Total                          Min: 0, Avg:  0.0, Max: 0, Diff: 0, Sum: 0, Workers: 4
[948.978s][debug][gc,phases      ] GC(32)   StringTable Weak               Min:  0.0, Avg:  0.1, Max:  0.4, Diff:  0.4, Sum:  0.4, Workers: 4
[948.978s][debug][gc,phases      ] GC(32)     Dead                           Min: 0, Avg:  0.0, Max: 0, Diff: 0, Sum: 0, Workers: 4
[948.978s][debug][gc,phases      ] GC(32)     Total                          Min: 0, Avg: 11481.0, Max: 45924, Diff: 45924, Sum: 45924, Workers: 4
[948.978s][debug][gc,phases      ] GC(32)   ResolvedMethodTable Weak       Min:  0.0, Avg:  0.0, Max:  0.1, Diff:  0.1, Sum:  0.1, Workers: 4
[948.978s][debug][gc,phases      ] GC(32)     Dead                           Min: 0, Avg:  4.0, Max: 16, Diff: 16, Sum: 16, Workers: 4
[948.978s][debug][gc,phases      ] GC(32)     Total                          Min: 0, Avg: 3745.0, Max: 14980, Diff: 14980, Sum: 14980, Workers: 4
[948.978s][debug][gc,phases      ] GC(32)   JNI Weak                       Min:  0.0, Avg:  0.0, Max:  0.0, Diff:  0.0, Sum:  0.0, Workers: 4
[948.978s][debug][gc,phases      ] GC(32)     Dead                           Min: 0, Avg:  0.0, Max: 0, Diff: 0, Sum: 0, Workers: 4
[948.978s][debug][gc,phases      ] GC(32)     Total                          Min: 0, Avg: 13.0, Max: 52, Diff: 52, Sum: 52, Workers: 4
[948.978s][debug][gc,phases      ] GC(32)   StringDedup Table Weak         Min:  0.0, Avg:  0.0, Max:  0.0, Diff:  0.0, Sum:  0.0, Workers: 4
[948.978s][debug][gc,phases      ] GC(32)     Dead                           Min: 0, Avg:  0.0, Max: 0, Diff: 0, Sum: 0, Workers: 4
[948.978s][debug][gc,phases      ] GC(32)     Total                          Min: 0, Avg:  0.0, Max: 0, Diff: 0, Sum: 0, Workers: 4
[948.978s][debug][gc,phases      ] GC(32)   StringDedup Requests0 Weak     Min:  0.0, Avg:  0.0, Max:  0.0, Diff:  0.0, Sum:  0.0, Workers: 4
[948.978s][debug][gc,phases      ] GC(32)     Dead                           Min: 0, Avg:  0.0, Max: 0, Diff: 0, Sum: 0, Workers: 4
[948.978s][debug][gc,phases      ] GC(32)     Total                          Min: 0, Avg:  0.0, Max: 0, Diff: 0, Sum: 0, Workers: 4
[948.978s][debug][gc,phases      ] GC(32)   StringDedup Requests1 Weak     Min:  0.0, Avg:  0.0, Max:  0.0, Diff:  0.0, Sum:  0.0, Workers: 4
[948.978s][debug][gc,phases      ] GC(32)     Dead                           Min: 0, Avg:  0.0, Max: 0, Diff: 0, Sum: 0, Workers: 4
[948.978s][debug][gc,phases      ] GC(32)     Total                          Min: 0, Avg:  0.0, Max: 0, Diff: 0, Sum: 0, Workers: 4
[948.978s][debug][gc,phases      ] GC(32)   Weak JFR Old Object Samples    Min:  0.0, Avg:  0.0, Max:  0.0, Diff:  0.0, Sum:  0.0, Workers: 4
[948.978s][debug][gc,phases      ] GC(32)     Dead                           Min: 0, Avg:  0.0, Max: 0, Diff: 0, Sum: 0, Workers: 4
[948.978s][debug][gc,phases      ] GC(32)     Total                          Min: 0, Avg:  0.0, Max: 0, Diff: 0, Sum: 0, Workers: 4
[948.978s][debug][gc,phases      ] GC(32) Weak Processing 0.883ms
[948.978s][debug][gc,age         ] GC(32) Desired survivor size 127926272 bytes, new threshold 1 (max threshold 15)
[948.978s][info ][gc,heap        ] GC(32) PSYoungGen: 1818240K(1949184K)->7744K(1972224K) Eden: 1809408K(1809408K)->0K(1840128K) From: 8832K(139776K)->7744K(132096K)
[948.978s][info ][gc,heap        ] GC(32) ParOldGen: 355351K(355840K)->357220K(357376K)
[948.978s][info ][gc,metaspace   ] GC(32) Metaspace: 105028K(106304K)->105028K(106304K) NonClass: 89097K(89792K)->89097K(89792K) Class: 15930K(16512K)->15930K(16512K)
[948.978s][info ][gc             ] GC(32) Pause Young (Allocation Failure) 2122M->356M(2275M) 17.483ms
[948.978s][info ][gc,cpu         ] GC(32) User=0.03s Sys=0.00s Real=0.01s
[948.978s][info ][safepoint      ] Safepoint "ParallelGCFailedAllocation", Time since last: 32018023893 ns, Reaching safepoint: 117600 ns, Cleanup: 5300 ns, At safepoint: 17576790 ns, Total: 17699690 ns
[975.980s][info ][safepoint      ] Safepoint "Cleanup", Time since last: 27002184380 ns, Reaching safepoint: 7900 ns, Cleanup: 12300 ns, At safepoint: 2400 ns, Total: 22600 ns
[985.981s][info ][safepoint      ] Safepoint "Cleanup", Time since last: 10000754364 ns, Reaching safepoint: 9899 ns, Cleanup: 13300 ns, At safepoint: 3000 ns, Total: 26199 ns
[990.982s][info ][safepoint      ] Safepoint "Cleanup", Time since last: 5000424292 ns, Reaching safepoint: 6300 ns, Cleanup: 18400 ns, At safepoint: 2600 ns, Total: 27300 ns
[991.982s][info ][safepoint      ] Safepoint "Cleanup", Time since last: 1000123931 ns, Reaching safepoint: 7200 ns, Cleanup: 15700 ns, At safepoint: 21200 ns, Total: 44100 ns
[993.982s][info ][safepoint      ] Safepoint "Cleanup", Time since last: 2000194582 ns, Reaching safepoint: 6800 ns, Cleanup: 15600 ns, At safepoint: 3200 ns, Total: 25600 ns
[997.515s][info ][gc,start       ] GC(33) Pause Young (Allocation Failure)
[997.526s][debug][gc,phases      ] GC(33) Scavenge 11.281ms
[997.527s][debug][gc,ref         ] GC(33) ReferenceProcessor::execute queues: 1, RefProcThreadModel::Single, marks_oops_alive: false
[997.527s][debug][gc,ref         ] GC(33) Skipped KeepAliveFinalRefsPhase of Reference Processing: no references
[997.527s][debug][gc,ref         ] GC(33) Skipped PhantomRefsPhase of Reference Processing: no references
[997.527s][debug][gc,phases      ] GC(33) Reference Processing 0.220ms
[997.527s][debug][gc,phases      ] GC(33)   VM Weak                        Min:  0.0, Avg:  0.0, Max:  0.0, Diff:  0.0, Sum:  0.0, Workers: 4
[997.527s][debug][gc,phases      ] GC(33)     Dead                           Min: 0, Avg:  0.0, Max: 0, Diff: 0, Sum: 0, Workers: 4
[997.527s][debug][gc,phases      ] GC(33)     Total                          Min: 0, Avg: 239.5, Max: 704, Diff: 704, Sum: 958, Workers: 4
[997.527s][debug][gc,phases      ] GC(33)   ObjectSynchronizer Weak        Min:  0.0, Avg:  0.0, Max:  0.0, Diff:  0.0, Sum:  0.0, Workers: 4
[997.527s][debug][gc,phases      ] GC(33)     Dead                           Min: 0, Avg:  0.0, Max: 0, Diff: 0, Sum: 0, Workers: 4
[997.527s][debug][gc,phases      ] GC(33)     Total                          Min: 0, Avg:  0.8, Max: 3, Diff: 3, Sum: 3, Workers: 4
[997.527s][debug][gc,phases      ] GC(33)   JVMTI Tag Weak OopStorage      Min:  0.0, Avg:  0.0, Max:  0.0, Diff:  0.0, Sum:  0.0, Workers: 4
[997.527s][debug][gc,phases      ] GC(33)     Dead                           Min: 0, Avg:  0.0, Max: 0, Diff: 0, Sum: 0, Workers: 4
[997.527s][debug][gc,phases      ] GC(33)     Total                          Min: 0, Avg:  0.0, Max: 0, Diff: 0, Sum: 0, Workers: 4
[997.527s][debug][gc,phases      ] GC(33)   StringTable Weak               Min:  0.1, Avg:  0.2, Max:  0.4, Diff:  0.3, Sum:  1.0, Workers: 4
[997.527s][debug][gc,phases      ] GC(33)     Dead                           Min: 0, Avg:  0.0, Max: 0, Diff: 0, Sum: 0, Workers: 4
[997.527s][debug][gc,phases      ] GC(33)     Total                          Min: 4480, Avg: 11481.0, Max: 18304, Diff: 13824, Sum: 45924, Workers: 4
[997.527s][debug][gc,phases      ] GC(33)   ResolvedMethodTable Weak       Min:  0.0, Avg:  0.0, Max:  0.1, Diff:  0.1, Sum:  0.2, Workers: 4
[997.527s][debug][gc,phases      ] GC(33)     Dead                           Min: 0, Avg:  4.0, Max: 16, Diff: 16, Sum: 16, Workers: 4
[997.527s][debug][gc,phases      ] GC(33)     Total                          Min: 0, Avg: 3745.0, Max: 5502, Diff: 5502, Sum: 14980, Workers: 4
[997.527s][debug][gc,phases      ] GC(33)   JNI Weak                       Min:  0.0, Avg:  0.0, Max:  0.0, Diff:  0.0, Sum:  0.0, Workers: 4
[997.527s][debug][gc,phases      ] GC(33)     Dead                           Min: 0, Avg:  0.0, Max: 0, Diff: 0, Sum: 0, Workers: 4
[997.527s][debug][gc,phases      ] GC(33)     Total                          Min: 0, Avg: 13.0, Max: 48, Diff: 48, Sum: 52, Workers: 4
[997.527s][debug][gc,phases      ] GC(33)   StringDedup Table Weak         Min:  0.0, Avg:  0.0, Max:  0.0, Diff:  0.0, Sum:  0.0, Workers: 4
[997.527s][debug][gc,phases      ] GC(33)     Dead                           Min: 0, Avg:  0.0, Max: 0, Diff: 0, Sum: 0, Workers: 4
[997.527s][debug][gc,phases      ] GC(33)     Total                          Min: 0, Avg:  0.0, Max: 0, Diff: 0, Sum: 0, Workers: 4
[997.527s][debug][gc,phases      ] GC(33)   StringDedup Requests0 Weak     Min:  0.0, Avg:  0.0, Max:  0.0, Diff:  0.0, Sum:  0.0, Workers: 4
[997.527s][debug][gc,phases      ] GC(33)     Dead                           Min: 0, Avg:  0.0, Max: 0, Diff: 0, Sum: 0, Workers: 4
[997.527s][debug][gc,phases      ] GC(33)     Total                          Min: 0, Avg:  0.0, Max: 0, Diff: 0, Sum: 0, Workers: 4
[997.527s][debug][gc,phases      ] GC(33)   StringDedup Requests1 Weak     Min:  0.0, Avg:  0.0, Max:  0.0, Diff:  0.0, Sum:  0.0, Workers: 4
[997.527s][debug][gc,phases      ] GC(33)     Dead                           Min: 0, Avg:  0.0, Max: 0, Diff: 0, Sum: 0, Workers: 4
[997.527s][debug][gc,phases      ] GC(33)     Total                          Min: 0, Avg:  0.0, Max: 0, Diff: 0, Sum: 0, Workers: 4
[997.527s][debug][gc,phases      ] GC(33)   Weak JFR Old Object Samples    Min:  0.0, Avg:  0.0, Max:  0.0, Diff:  0.0, Sum:  0.0, Workers: 4
[997.527s][debug][gc,phases      ] GC(33)     Dead                           Min: 0, Avg:  0.0, Max: 0, Diff: 0, Sum: 0, Workers: 4
[997.527s][debug][gc,phases      ] GC(33)     Total                          Min: 0, Avg:  0.0, Max: 0, Diff: 0, Sum: 0, Workers: 4
[997.527s][debug][gc,phases      ] GC(33) Weak Processing 0.673ms
[997.527s][debug][gc,age         ] GC(33) Desired survivor size 120586240 bytes, new threshold 1 (max threshold 15)
[997.527s][info ][gc,heap        ] GC(33) PSYoungGen: 1847872K(1972224K)->7824K(1965056K) Eden: 1840128K(1840128K)->0K(1840128K) From: 7744K(132096K)->7824K(124928K)
[997.527s][info ][gc,heap        ] GC(33) ParOldGen: 357220K(357376K)->358580K(358912K)
[997.527s][info ][gc,metaspace   ] GC(33) Metaspace: 105036K(106368K)->105036K(106368K) NonClass: 89105K(89856K)->89105K(89856K) Class: 15930K(16512K)->15930K(16512K)
[997.527s][info ][gc             ] GC(33) Pause Young (Allocation Failure) 2153M->357M(2269M) 12.373ms
[997.527s][info ][gc,cpu         ] GC(33) User=0.03s Sys=0.00s Real=0.01s
[997.528s][info ][safepoint      ] Safepoint "ParallelGCFailedAllocation", Time since last: 3532924341 ns, Reaching safepoint: 6800 ns, Cleanup: 4600 ns, At safepoint: 12454925 ns, Total: 12466325 ns
[1001.528s][info ][safepoint      ] Safepoint "Cleanup", Time since last: 4000321823 ns, Reaching safepoint: 5800 ns, Cleanup: 10600 ns, At safepoint: 2400 ns, Total: 18800 ns
[1006.528s][info ][safepoint      ] Safepoint "Cleanup", Time since last: 5000407176 ns, Reaching safepoint: 7500 ns, Cleanup: 12399 ns, At safepoint: 2600 ns, Total: 22499 ns
[1007.528s][info ][safepoint      ] Safepoint "Cleanup", Time since last: 1000129175 ns, Reaching safepoint: 6800 ns, Cleanup: 10700 ns, At safepoint: 2300 ns, Total: 19800 ns
[1008.529s][info ][safepoint      ] Safepoint "Cleanup", Time since last: 1000122675 ns, Reaching safepoint: 7000 ns, Cleanup: 12800 ns, At safepoint: 2500 ns, Total: 22300 ns
[1024.530s][info ][safepoint      ] Safepoint "Cleanup", Time since last: 16001312793 ns, Reaching safepoint: 6600 ns, Cleanup: 11600 ns, At safepoint: 2599 ns, Total: 20799 ns
[1026.530s][info ][safepoint      ] Safepoint "Cleanup", Time since last: 2000224095 ns, Reaching safepoint: 5600 ns, Cleanup: 13600 ns, At safepoint: 2100 ns, Total: 21300 ns
[1032.531s][info ][safepoint      ] Safepoint "Cleanup", Time since last: 6000486863 ns, Reaching safepoint: 6400 ns, Cleanup: 18500 ns, At safepoint: 1700 ns, Total: 26600 ns
[1033.531s][info ][safepoint      ] Safepoint "Cleanup", Time since last: 1000110955 ns, Reaching safepoint: 5600 ns, Cleanup: 14600 ns, At safepoint: 1900 ns, Total: 22100 ns
[1034.531s][info ][safepoint      ] Safepoint "Cleanup", Time since last: 1000112924 ns, Reaching safepoint: 47699 ns, Cleanup: 10800 ns, At safepoint: 2100 ns, Total: 60599 ns
[1039.531s][info ][safepoint      ] Safepoint "Cleanup", Time since last: 5000423119 ns, Reaching safepoint: 6600 ns, Cleanup: 15700 ns, At safepoint: 2200 ns, Total: 24500 ns
[1042.532s][info ][safepoint      ] Safepoint "Cleanup", Time since last: 3000254972 ns, Reaching safepoint: 5800 ns, Cleanup: 19200 ns, At safepoint: 1900 ns, Total: 26900 ns
[1044.295s][info ][gc,start       ] GC(34) Pause Young (Allocation Failure)
[1044.303s][debug][gc,phases      ] GC(34) Scavenge 7.978ms
[1044.303s][debug][gc,ref         ] GC(34) ReferenceProcessor::execute queues: 1, RefProcThreadModel::Single, marks_oops_alive: false
[1044.303s][debug][gc,ref         ] GC(34) Skipped KeepAliveFinalRefsPhase of Reference Processing: no references
[1044.303s][debug][gc,ref         ] GC(34) ReferenceProcessor::execute queues: 1, RefProcThreadModel::Single, marks_oops_alive: false
[1044.303s][debug][gc,phases      ] GC(34) Reference Processing 0.105ms
[1044.303s][debug][gc,phases      ] GC(34)   VM Weak                        Min:  0.0, Avg:  0.0, Max:  0.0, Diff:  0.0, Sum:  0.0, Workers: 4
[1044.303s][debug][gc,phases      ] GC(34)     Dead                           Min: 0, Avg:  0.0, Max: 0, Diff: 0, Sum: 0, Workers: 4
[1044.303s][debug][gc,phases      ] GC(34)     Total                          Min: 0, Avg: 239.5, Max: 512, Diff: 512, Sum: 958, Workers: 4
[1044.303s][debug][gc,phases      ] GC(34)   ObjectSynchronizer Weak        Min:  0.0, Avg:  0.0, Max:  0.0, Diff:  0.0, Sum:  0.0, Workers: 4
[1044.303s][debug][gc,phases      ] GC(34)     Dead                           Min: 0, Avg:  0.0, Max: 0, Diff: 0, Sum: 0, Workers: 4
[1044.303s][debug][gc,phases      ] GC(34)     Total                          Min: 0, Avg:  1.0, Max: 4, Diff: 4, Sum: 4, Workers: 4
[1044.303s][debug][gc,phases      ] GC(34)   JVMTI Tag Weak OopStorage      Min:  0.0, Avg:  0.0, Max:  0.0, Diff:  0.0, Sum:  0.0, Workers: 4
[1044.303s][debug][gc,phases      ] GC(34)     Dead                           Min: 0, Avg:  0.0, Max: 0, Diff: 0, Sum: 0, Workers: 4
[1044.303s][debug][gc,phases      ] GC(34)     Total                          Min: 0, Avg:  0.0, Max: 0, Diff: 0, Sum: 0, Workers: 4
[1044.303s][debug][gc,phases      ] GC(34)   StringTable Weak               Min:  0.0, Avg:  0.1, Max:  0.1, Diff:  0.1, Sum:  0.4, Workers: 4
[1044.303s][debug][gc,phases      ] GC(34)     Dead                           Min: 0, Avg:  0.0, Max: 0, Diff: 0, Sum: 0, Workers: 4
[1044.303s][debug][gc,phases      ] GC(34)     Total                          Min: 0, Avg: 11482.5, Max: 19712, Diff: 19712, Sum: 45930, Workers: 4
[1044.303s][debug][gc,phases      ] GC(34)   ResolvedMethodTable Weak       Min:  0.0, Avg:  0.0, Max:  0.0, Diff:  0.0, Sum:  0.1, Workers: 4
[1044.303s][debug][gc,phases      ] GC(34)     Dead                           Min: 0, Avg:  4.0, Max: 16, Diff: 16, Sum: 16, Workers: 4
[1044.303s][debug][gc,phases      ] GC(34)     Total                          Min: 0, Avg: 3745.0, Max: 6314, Diff: 6314, Sum: 14980, Workers: 4
[1044.303s][debug][gc,phases      ] GC(34)   JNI Weak                       Min:  0.0, Avg:  0.0, Max:  0.0, Diff:  0.0, Sum:  0.0, Workers: 4
[1044.303s][debug][gc,phases      ] GC(34)     Dead                           Min: 0, Avg:  0.0, Max: 0, Diff: 0, Sum: 0, Workers: 4
[1044.303s][debug][gc,phases      ] GC(34)     Total                          Min: 0, Avg: 13.0, Max: 48, Diff: 48, Sum: 52, Workers: 4
[1044.303s][debug][gc,phases      ] GC(34)   StringDedup Table Weak         Min:  0.0, Avg:  0.0, Max:  0.0, Diff:  0.0, Sum:  0.0, Workers: 4
[1044.303s][debug][gc,phases      ] GC(34)     Dead                           Min: 0, Avg:  0.0, Max: 0, Diff: 0, Sum: 0, Workers: 4
[1044.303s][debug][gc,phases      ] GC(34)     Total                          Min: 0, Avg:  0.0, Max: 0, Diff: 0, Sum: 0, Workers: 4
[1044.303s][debug][gc,phases      ] GC(34)   StringDedup Requests0 Weak     Min:  0.0, Avg:  0.0, Max:  0.0, Diff:  0.0, Sum:  0.0, Workers: 4
[1044.303s][debug][gc,phases      ] GC(34)     Dead                           Min: 0, Avg:  0.0, Max: 0, Diff: 0, Sum: 0, Workers: 4
[1044.303s][debug][gc,phases      ] GC(34)     Total                          Min: 0, Avg:  0.0, Max: 0, Diff: 0, Sum: 0, Workers: 4
[1044.303s][debug][gc,phases      ] GC(34)   StringDedup Requests1 Weak     Min:  0.0, Avg:  0.0, Max:  0.0, Diff:  0.0, Sum:  0.0, Workers: 4
[1044.303s][debug][gc,phases      ] GC(34)     Dead                           Min: 0, Avg:  0.0, Max: 0, Diff: 0, Sum: 0, Workers: 4
[1044.303s][debug][gc,phases      ] GC(34)     Total                          Min: 0, Avg:  0.0, Max: 0, Diff: 0, Sum: 0, Workers: 4
[1044.303s][debug][gc,phases      ] GC(34)   Weak JFR Old Object Samples    Min:  0.0, Avg:  0.0, Max:  0.0, Diff:  0.0, Sum:  0.0, Workers: 4
[1044.303s][debug][gc,phases      ] GC(34)     Dead                           Min: 0, Avg:  0.0, Max: 0, Diff: 0, Sum: 0, Workers: 4
[1044.303s][debug][gc,phases      ] GC(34)     Total                          Min: 0, Avg:  0.0, Max: 0, Diff: 0, Sum: 0, Workers: 4
[1044.303s][debug][gc,phases      ] GC(34) Weak Processing 0.385ms
[1044.303s][debug][gc,age         ] GC(34) Desired survivor size 113246208 bytes, new threshold 1 (max threshold 15)
[1044.303s][info ][gc,heap        ] GC(34) PSYoungGen: 1847952K(1965056K)->8576K(1986560K) Eden: 1840128K(1840128K)->0K(1868800K) From: 7824K(124928K)->8576K(117760K)
[1044.303s][info ][gc,heap        ] GC(34) ParOldGen: 358580K(358912K)->359905K(359936K)
[1044.303s][info ][gc,metaspace   ] GC(34) Metaspace: 105063K(106368K)->105063K(106368K) NonClass: 89132K(89856K)->89132K(89856K) Class: 15930K(16512K)->15930K(16512K)
[1044.303s][info ][gc             ] GC(34) Pause Young (Allocation Failure) 2154M->359M(2291M) 8.598ms
[1044.303s][info ][gc,cpu         ] GC(34) User=0.03s Sys=0.00s Real=0.01s
[1044.303s][info ][safepoint      ] Safepoint "ParallelGCFailedAllocation", Time since last: 1763120442 ns, Reaching safepoint: 7600 ns, Cleanup: 5100 ns, At safepoint: 8666249 ns, Total: 8678949 ns
[1064.305s][info ][safepoint      ] Safepoint "Cleanup", Time since last: 20001476607 ns, Reaching safepoint: 6400 ns, Cleanup: 10700 ns, At safepoint: 2100 ns, Total: 19200 ns
[1068.305s][info ][safepoint      ] Safepoint "Cleanup", Time since last: 4000313907 ns, Reaching safepoint: 6900 ns, Cleanup: 10800 ns, At safepoint: 2700 ns, Total: 20400 ns
[1069.305s][info ][safepoint      ] Safepoint "Cleanup", Time since last: 1000112112 ns, Reaching safepoint: 7300 ns, Cleanup: 11900 ns, At safepoint: 2400 ns, Total: 21600 ns
[1077.306s][info ][safepoint      ] Safepoint "Cleanup", Time since last: 8000628779 ns, Reaching safepoint: 6300 ns, Cleanup: 13100 ns, At safepoint: 2600 ns, Total: 22000 ns
[1079.306s][info ][safepoint      ] Safepoint "Cleanup", Time since last: 2000174755 ns, Reaching safepoint: 6000 ns, Cleanup: 10300 ns, At safepoint: 2300 ns, Total: 18600 ns
[1090.305s][info ][gc,start       ] GC(35) Pause Young (Allocation Failure)
[1090.313s][debug][gc,phases      ] GC(35) Scavenge 7.869ms
[1090.313s][debug][gc,ref         ] GC(35) ReferenceProcessor::execute queues: 1, RefProcThreadModel::Single, marks_oops_alive: false
[1090.313s][debug][gc,ref         ] GC(35) Skipped KeepAliveFinalRefsPhase of Reference Processing: no references
[1090.313s][debug][gc,ref         ] GC(35) ReferenceProcessor::execute queues: 1, RefProcThreadModel::Single, marks_oops_alive: false
[1090.313s][debug][gc,phases      ] GC(35) Reference Processing 0.095ms
[1090.314s][debug][gc,phases      ] GC(35)   VM Weak                        Min:  0.0, Avg:  0.0, Max:  0.0, Diff:  0.0, Sum:  0.0, Workers: 4
[1090.314s][debug][gc,phases      ] GC(35)     Dead                           Min: 0, Avg:  0.0, Max: 0, Diff: 0, Sum: 0, Workers: 4
[1090.314s][debug][gc,phases      ] GC(35)     Total                          Min: 0, Avg: 239.5, Max: 638, Diff: 638, Sum: 958, Workers: 4
[1090.314s][debug][gc,phases      ] GC(35)   ObjectSynchronizer Weak        Min:  0.0, Avg:  0.0, Max:  0.0, Diff:  0.0, Sum:  0.0, Workers: 4
[1090.314s][debug][gc,phases      ] GC(35)     Dead                           Min: 0, Avg:  0.0, Max: 0, Diff: 0, Sum: 0, Workers: 4
[1090.314s][debug][gc,phases      ] GC(35)     Total                          Min: 0, Avg:  0.8, Max: 3, Diff: 3, Sum: 3, Workers: 4
[1090.314s][debug][gc,phases      ] GC(35)   JVMTI Tag Weak OopStorage      Min:  0.0, Avg:  0.0, Max:  0.0, Diff:  0.0, Sum:  0.0, Workers: 4
[1090.314s][debug][gc,phases      ] GC(35)     Dead                           Min: 0, Avg:  0.0, Max: 0, Diff: 0, Sum: 0, Workers: 4
[1090.314s][debug][gc,phases      ] GC(35)     Total                          Min: 0, Avg:  0.0, Max: 0, Diff: 0, Sum: 0, Workers: 4
[1090.314s][debug][gc,phases      ] GC(35)   StringTable Weak               Min:  0.1, Avg:  0.1, Max:  0.1, Diff:  0.0, Sum:  0.5, Workers: 4
[1090.314s][debug][gc,phases      ] GC(35)     Dead                           Min: 0, Avg:  0.0, Max: 0, Diff: 0, Sum: 0, Workers: 4
[1090.314s][debug][gc,phases      ] GC(35)     Total                          Min: 10624, Avg: 11482.8, Max: 12608, Diff: 1984, Sum: 45931, Workers: 4
[1090.314s][debug][gc,phases      ] GC(35)   ResolvedMethodTable Weak       Min:  0.0, Avg:  0.0, Max:  0.0, Diff:  0.0, Sum:  0.2, Workers: 4
[1090.314s][debug][gc,phases      ] GC(35)     Dead                           Min: 0, Avg:  4.0, Max: 16, Diff: 16, Sum: 16, Workers: 4
[1090.314s][debug][gc,phases      ] GC(35)     Total                          Min: 3322, Avg: 3745.5, Max: 4138, Diff: 816, Sum: 14982, Workers: 4
[1090.314s][debug][gc,phases      ] GC(35)   JNI Weak                       Min:  0.0, Avg:  0.0, Max:  0.0, Diff:  0.0, Sum:  0.0, Workers: 4
[1090.314s][debug][gc,phases      ] GC(35)     Dead                           Min: 0, Avg:  0.0, Max: 0, Diff: 0, Sum: 0, Workers: 4
[1090.314s][debug][gc,phases      ] GC(35)     Total                          Min: 0, Avg: 13.0, Max: 48, Diff: 48, Sum: 52, Workers: 4
[1090.314s][debug][gc,phases      ] GC(35)   StringDedup Table Weak         Min:  0.0, Avg:  0.0, Max:  0.0, Diff:  0.0, Sum:  0.0, Workers: 4
[1090.314s][debug][gc,phases      ] GC(35)     Dead                           Min: 0, Avg:  0.0, Max: 0, Diff: 0, Sum: 0, Workers: 4
[1090.314s][debug][gc,phases      ] GC(35)     Total                          Min: 0, Avg:  0.0, Max: 0, Diff: 0, Sum: 0, Workers: 4
[1090.314s][debug][gc,phases      ] GC(35)   StringDedup Requests0 Weak     Min:  0.0, Avg:  0.0, Max:  0.0, Diff:  0.0, Sum:  0.0, Workers: 4
[1090.314s][debug][gc,phases      ] GC(35)     Dead                           Min: 0, Avg:  0.0, Max: 0, Diff: 0, Sum: 0, Workers: 4
[1090.314s][debug][gc,phases      ] GC(35)     Total                          Min: 0, Avg:  0.0, Max: 0, Diff: 0, Sum: 0, Workers: 4
[1090.314s][debug][gc,phases      ] GC(35)   StringDedup Requests1 Weak     Min:  0.0, Avg:  0.0, Max:  0.0, Diff:  0.0, Sum:  0.0, Workers: 4
[1090.314s][debug][gc,phases      ] GC(35)     Dead                           Min: 0, Avg:  0.0, Max: 0, Diff: 0, Sum: 0, Workers: 4
[1090.314s][debug][gc,phases      ] GC(35)     Total                          Min: 0, Avg:  0.0, Max: 0, Diff: 0, Sum: 0, Workers: 4
[1090.314s][debug][gc,phases      ] GC(35)   Weak JFR Old Object Samples    Min:  0.0, Avg:  0.0, Max:  0.0, Diff:  0.0, Sum:  0.0, Workers: 4
[1090.314s][debug][gc,phases      ] GC(35)     Dead                           Min: 0, Avg:  0.0, Max: 0, Diff: 0, Sum: 0, Workers: 4
[1090.314s][debug][gc,phases      ] GC(35)     Total                          Min: 0, Avg:  0.0, Max: 0, Diff: 0, Sum: 0, Workers: 4
[1090.314s][debug][gc,phases      ] GC(35) Weak Processing 0.341ms
[1090.314s][debug][gc,age         ] GC(35) Desired survivor size 106430464 bytes, new threshold 1 (max threshold 15)
[1090.314s][info ][gc,heap        ] GC(35) PSYoungGen: 1877376K(1986560K)->8320K(1979392K) Eden: 1868800K(1868800K)->0K(1868800K) From: 8576K(117760K)->8320K(110592K)
[1090.314s][info ][gc,heap        ] GC(35) ParOldGen: 359905K(359936K)->361758K(361984K)
[1090.314s][info ][gc,metaspace   ] GC(35) Metaspace: 105074K(106368K)->105074K(106368K) NonClass: 89142K(89856K)->89142K(89856K) Class: 15931K(16512K)->15931K(16512K)
[1090.314s][info ][gc             ] GC(35) Pause Young (Allocation Failure) 2184M->361M(2286M) 8.414ms
[1090.314s][info ][gc,cpu         ] GC(35) User=0.02s Sys=0.00s Real=0.01s
[1090.314s][info ][safepoint      ] Safepoint "ParallelGCFailedAllocation", Time since last: 10999029085 ns, Reaching safepoint: 5900 ns, Cleanup: 4500 ns, At safepoint: 8483863 ns, Total: 8494263 ns
[1101.315s][info ][safepoint      ] Safepoint "Cleanup", Time since last: 11000852835 ns, Reaching safepoint: 80699 ns, Cleanup: 13200 ns, At safepoint: 6900 ns, Total: 100799 ns
[1122.316s][info ][safepoint      ] Safepoint "Cleanup", Time since last: 21001526379 ns, Reaching safepoint: 78300 ns, Cleanup: 19700 ns, At safepoint: 7900 ns, Total: 105900 ns
[1129.317s][info ][safepoint      ] Safepoint "Cleanup", Time since last: 7000517160 ns, Reaching safepoint: 77699 ns, Cleanup: 15600 ns, At safepoint: 7600 ns, Total: 100899 ns
[1130.317s][info ][safepoint      ] Safepoint "Cleanup", Time since last: 1000105847 ns, Reaching safepoint: 81899 ns, Cleanup: 9600 ns, At safepoint: 9000 ns, Total: 100499 ns
[1137.318s][info ][safepoint      ] Safepoint "Cleanup", Time since last: 7000514628 ns, Reaching safepoint: 5500 ns, Cleanup: 8900 ns, At safepoint: 2800 ns, Total: 17200 ns
[1138.317s][info ][gc,start       ] GC(36) Pause Young (Allocation Failure)
[1138.325s][debug][gc,phases      ] GC(36) Scavenge 7.636ms
[1138.325s][debug][gc,ref         ] GC(36) ReferenceProcessor::execute queues: 1, RefProcThreadModel::Single, marks_oops_alive: false
[1138.325s][debug][gc,ref         ] GC(36) Skipped KeepAliveFinalRefsPhase of Reference Processing: no references
[1138.325s][debug][gc,ref         ] GC(36) Skipped PhantomRefsPhase of Reference Processing: no references
[1138.325s][debug][gc,phases      ] GC(36) Reference Processing 0.131ms
[1138.325s][debug][gc,phases      ] GC(36)   VM Weak                        Min:  0.0, Avg:  0.0, Max:  0.0, Diff:  0.0, Sum:  0.0, Workers: 4
[1138.325s][debug][gc,phases      ] GC(36)     Dead                           Min: 0, Avg:  0.0, Max: 0, Diff: 0, Sum: 0, Workers: 4
[1138.325s][debug][gc,phases      ] GC(36)     Total                          Min: 0, Avg: 239.5, Max: 830, Diff: 830, Sum: 958, Workers: 4
[1138.325s][debug][gc,phases      ] GC(36)   ObjectSynchronizer Weak        Min:  0.0, Avg:  0.0, Max:  0.0, Diff:  0.0, Sum:  0.0, Workers: 4
[1138.325s][debug][gc,phases      ] GC(36)     Dead                           Min: 0, Avg:  0.0, Max: 0, Diff: 0, Sum: 0, Workers: 4
[1138.325s][debug][gc,phases      ] GC(36)     Total                          Min: 0, Avg:  0.8, Max: 3, Diff: 3, Sum: 3, Workers: 4
[1138.325s][debug][gc,phases      ] GC(36)   JVMTI Tag Weak OopStorage      Min:  0.0, Avg:  0.0, Max:  0.0, Diff:  0.0, Sum:  0.0, Workers: 4
[1138.325s][debug][gc,phases      ] GC(36)     Dead                           Min: 0, Avg:  0.0, Max: 0, Diff: 0, Sum: 0, Workers: 4
[1138.325s][debug][gc,phases      ] GC(36)     Total                          Min: 0, Avg:  0.0, Max: 0, Diff: 0, Sum: 0, Workers: 4
[1138.325s][debug][gc,phases      ] GC(36)   StringTable Weak               Min:  0.0, Avg:  0.1, Max:  0.1, Diff:  0.1, Sum:  0.4, Workers: 4
[1138.325s][debug][gc,phases      ] GC(36)     Dead                           Min: 0, Avg:  0.0, Max: 0, Diff: 0, Sum: 0, Workers: 4
[1138.325s][debug][gc,phases      ] GC(36)     Total                          Min: 0, Avg: 11482.8, Max: 19179, Diff: 19179, Sum: 45931, Workers: 4
[1138.325s][debug][gc,phases      ] GC(36)   ResolvedMethodTable Weak       Min:  0.0, Avg:  0.1, Max:  0.1, Diff:  0.1, Sum:  0.2, Workers: 4
[1138.325s][debug][gc,phases      ] GC(36)     Dead                           Min: 0, Avg:  4.0, Max: 16, Diff: 16, Sum: 16, Workers: 4
[1138.325s][debug][gc,phases      ] GC(36)     Total                          Min: 0, Avg: 3745.5, Max: 5497, Diff: 5497, Sum: 14982, Workers: 4
[1138.325s][debug][gc,phases      ] GC(36)   JNI Weak                       Min:  0.0, Avg:  0.0, Max:  0.0, Diff:  0.0, Sum:  0.0, Workers: 4
[1138.325s][debug][gc,phases      ] GC(36)     Dead                           Min: 0, Avg:  0.0, Max: 0, Diff: 0, Sum: 0, Workers: 4
[1138.325s][debug][gc,phases      ] GC(36)     Total                          Min: 0, Avg: 13.0, Max: 48, Diff: 48, Sum: 52, Workers: 4
[1138.325s][debug][gc,phases      ] GC(36)   StringDedup Table Weak         Min:  0.0, Avg:  0.0, Max:  0.0, Diff:  0.0, Sum:  0.0, Workers: 4
[1138.325s][debug][gc,phases      ] GC(36)     Dead                           Min: 0, Avg:  0.0, Max: 0, Diff: 0, Sum: 0, Workers: 4
[1138.325s][debug][gc,phases      ] GC(36)     Total                          Min: 0, Avg:  0.0, Max: 0, Diff: 0, Sum: 0, Workers: 4
[1138.325s][debug][gc,phases      ] GC(36)   StringDedup Requests0 Weak     Min:  0.0, Avg:  0.0, Max:  0.0, Diff:  0.0, Sum:  0.0, Workers: 4
[1138.325s][debug][gc,phases      ] GC(36)     Dead                           Min: 0, Avg:  0.0, Max: 0, Diff: 0, Sum: 0, Workers: 4
[1138.325s][debug][gc,phases      ] GC(36)     Total                          Min: 0, Avg:  0.0, Max: 0, Diff: 0, Sum: 0, Workers: 4
[1138.325s][debug][gc,phases      ] GC(36)   StringDedup Requests1 Weak     Min:  0.0, Avg:  0.0, Max:  0.0, Diff:  0.0, Sum:  0.0, Workers: 4
[1138.325s][debug][gc,phases      ] GC(36)     Dead                           Min: 0, Avg:  0.0, Max: 0, Diff: 0, Sum: 0, Workers: 4
[1138.325s][debug][gc,phases      ] GC(36)     Total                          Min: 0, Avg:  0.0, Max: 0, Diff: 0, Sum: 0, Workers: 4
[1138.325s][debug][gc,phases      ] GC(36)   Weak JFR Old Object Samples    Min:  0.0, Avg:  0.0, Max:  0.0, Diff:  0.0, Sum:  0.0, Workers: 4
[1138.325s][debug][gc,phases      ] GC(36)     Dead                           Min: 0, Avg:  0.0, Max: 0, Diff: 0, Sum: 0, Workers: 4
[1138.325s][debug][gc,phases      ] GC(36)     Total                          Min: 0, Avg:  0.0, Max: 0, Diff: 0, Sum: 0, Workers: 4
[1138.325s][debug][gc,phases      ] GC(36) Weak Processing 0.402ms
[1138.325s][debug][gc,age         ] GC(36) Desired survivor size 99614720 bytes, new threshold 1 (max threshold 15)
[1138.325s][info ][gc,heap        ] GC(36) PSYoungGen: 1877120K(1979392K)->9344K(1999872K) Eden: 1868800K(1868800K)->0K(1895936K) From: 8320K(110592K)->9344K(103936K)
[1138.325s][info ][gc,heap        ] GC(36) ParOldGen: 361758K(361984K)->363655K(364032K)
[1138.325s][info ][gc,metaspace   ] GC(36) Metaspace: 105084K(106368K)->105084K(106368K) NonClass: 89152K(89856K)->89152K(89856K) Class: 15931K(16512K)->15931K(16512K)
[1138.325s][info ][gc             ] GC(36) Pause Young (Allocation Failure) 2186M->364M(2308M) 8.280ms
[1138.325s][info ][gc,cpu         ] GC(36) User=0.03s Sys=0.00s Real=0.01s
[1138.325s][info ][safepoint      ] Safepoint "ParallelGCFailedAllocation", Time since last: 999054888 ns, Reaching safepoint: 5600 ns, Cleanup: 4000 ns, At safepoint: 8341154 ns, Total: 8350754 ns
[1151.326s][info ][safepoint      ] Safepoint "Cleanup", Time since last: 13000917644 ns, Reaching safepoint: 6900 ns, Cleanup: 13500 ns, At safepoint: 2900 ns, Total: 23300 ns
[1156.327s][info ][safepoint      ] Safepoint "Cleanup", Time since last: 5000400642 ns, Reaching safepoint: 6900 ns, Cleanup: 11600 ns, At safepoint: 3000 ns, Total: 21500 ns
[1174.328s][info ][safepoint      ] Safepoint "Cleanup", Time since last: 18001278449 ns, Reaching safepoint: 8900 ns, Cleanup: 17800 ns, At safepoint: 3400 ns, Total: 30100 ns
[1182.328s][info ][safepoint      ] Safepoint "Cleanup", Time since last: 8000583870 ns, Reaching safepoint: 6000 ns, Cleanup: 9700 ns, At safepoint: 1700 ns, Total: 17400 ns
[1183.960s][info ][gc,start       ] GC(37) Pause Young (Allocation Failure)
[1183.968s][debug][gc,phases      ] GC(37) Scavenge 8.428ms
[1183.968s][debug][gc,ref         ] GC(37) ReferenceProcessor::execute queues: 1, RefProcThreadModel::Single, marks_oops_alive: false
[1183.968s][debug][gc,ref         ] GC(37) Skipped KeepAliveFinalRefsPhase of Reference Processing: no references
[1183.968s][debug][gc,ref         ] GC(37) ReferenceProcessor::execute queues: 1, RefProcThreadModel::Single, marks_oops_alive: false
[1183.968s][debug][gc,phases      ] GC(37) Reference Processing 0.099ms
[1183.968s][debug][gc,phases      ] GC(37)   VM Weak                        Min:  0.0, Avg:  0.0, Max:  0.0, Diff:  0.0, Sum:  0.0, Workers: 4
[1183.968s][debug][gc,phases      ] GC(37)     Dead                           Min: 0, Avg:  0.0, Max: 0, Diff: 0, Sum: 0, Workers: 4
[1183.968s][debug][gc,phases      ] GC(37)     Total                          Min: 0, Avg: 239.5, Max: 640, Diff: 640, Sum: 958, Workers: 4
[1183.968s][debug][gc,phases      ] GC(37)   ObjectSynchronizer Weak        Min:  0.0, Avg:  0.0, Max:  0.0, Diff:  0.0, Sum:  0.0, Workers: 4
[1183.968s][debug][gc,phases      ] GC(37)     Dead                           Min: 0, Avg:  0.0, Max: 0, Diff: 0, Sum: 0, Workers: 4
[1183.968s][debug][gc,phases      ] GC(37)     Total                          Min: 0, Avg:  1.0, Max: 4, Diff: 4, Sum: 4, Workers: 4
[1183.968s][debug][gc,phases      ] GC(37)   JVMTI Tag Weak OopStorage      Min:  0.0, Avg:  0.0, Max:  0.0, Diff:  0.0, Sum:  0.0, Workers: 4
[1183.968s][debug][gc,phases      ] GC(37)     Dead                           Min: 0, Avg:  0.0, Max: 0, Diff: 0, Sum: 0, Workers: 4
[1183.968s][debug][gc,phases      ] GC(37)     Total                          Min: 0, Avg:  0.0, Max: 0, Diff: 0, Sum: 0, Workers: 4
[1183.968s][debug][gc,phases      ] GC(37)   StringTable Weak               Min:  0.1, Avg:  0.1, Max:  0.1, Diff:  0.0, Sum:  0.5, Workers: 4
[1183.968s][debug][gc,phases      ] GC(37)     Dead                           Min: 0, Avg:  0.0, Max: 0, Diff: 0, Sum: 0, Workers: 4
[1183.968s][debug][gc,phases      ] GC(37)     Total                          Min: 11200, Avg: 11483.0, Max: 11648, Diff: 448, Sum: 45932, Workers: 4
[1183.968s][debug][gc,phases      ] GC(37)   ResolvedMethodTable Weak       Min:  0.0, Avg:  0.0, Max:  0.0, Diff:  0.0, Sum:  0.2, Workers: 4
[1183.968s][debug][gc,phases      ] GC(37)     Dead                           Min: 0, Avg:  4.0, Max: 16, Diff: 16, Sum: 16, Workers: 4
[1183.968s][debug][gc,phases      ] GC(37)     Total                          Min: 3582, Avg: 3745.5, Max: 3884, Diff: 302, Sum: 14982, Workers: 4
[1183.968s][debug][gc,phases      ] GC(37)   JNI Weak                       Min:  0.0, Avg:  0.0, Max:  0.0, Diff:  0.0, Sum:  0.0, Workers: 4
[1183.968s][debug][gc,phases      ] GC(37)     Dead                           Min: 0, Avg:  0.0, Max: 0, Diff: 0, Sum: 0, Workers: 4
[1183.968s][debug][gc,phases      ] GC(37)     Total                          Min: 0, Avg: 13.0, Max: 48, Diff: 48, Sum: 52, Workers: 4
[1183.968s][debug][gc,phases      ] GC(37)   StringDedup Table Weak         Min:  0.0, Avg:  0.0, Max:  0.0, Diff:  0.0, Sum:  0.0, Workers: 4
[1183.968s][debug][gc,phases      ] GC(37)     Dead                           Min: 0, Avg:  0.0, Max: 0, Diff: 0, Sum: 0, Workers: 4
[1183.968s][debug][gc,phases      ] GC(37)     Total                          Min: 0, Avg:  0.0, Max: 0, Diff: 0, Sum: 0, Workers: 4
[1183.968s][debug][gc,phases      ] GC(37)   StringDedup Requests0 Weak     Min:  0.0, Avg:  0.0, Max:  0.0, Diff:  0.0, Sum:  0.0, Workers: 4
[1183.968s][debug][gc,phases      ] GC(37)     Dead                           Min: 0, Avg:  0.0, Max: 0, Diff: 0, Sum: 0, Workers: 4
[1183.968s][debug][gc,phases      ] GC(37)     Total                          Min: 0, Avg:  0.0, Max: 0, Diff: 0, Sum: 0, Workers: 4
[1183.968s][debug][gc,phases      ] GC(37)   StringDedup Requests1 Weak     Min:  0.0, Avg:  0.0, Max:  0.0, Diff:  0.0, Sum:  0.0, Workers: 4
[1183.968s][debug][gc,phases      ] GC(37)     Dead                           Min: 0, Avg:  0.0, Max: 0, Diff: 0, Sum: 0, Workers: 4
[1183.968s][debug][gc,phases      ] GC(37)     Total                          Min: 0, Avg:  0.0, Max: 0, Diff: 0, Sum: 0, Workers: 4
[1183.968s][debug][gc,phases      ] GC(37)   Weak JFR Old Object Samples    Min:  0.0, Avg:  0.0, Max:  0.0, Diff:  0.0, Sum:  0.0, Workers: 4
[1183.968s][debug][gc,phases      ] GC(37)     Dead                           Min: 0, Avg:  0.0, Max: 0, Diff: 0, Sum: 0, Workers: 4
[1183.968s][debug][gc,phases      ] GC(37)     Total                          Min: 0, Avg:  0.0, Max: 0, Diff: 0, Sum: 0, Workers: 4
[1183.968s][debug][gc,phases      ] GC(37) Weak Processing 0.353ms
[1183.969s][debug][gc,age         ] GC(37) Desired survivor size 93323264 bytes, new threshold 1 (max threshold 15)
[1183.969s][info ][gc,heap        ] GC(37) PSYoungGen: 1905280K(1999872K)->9888K(1993216K) Eden: 1895936K(1895936K)->0K(1895936K) From: 9344K(103936K)->9888K(97280K)
[1183.969s][info ][gc,heap        ] GC(37) ParOldGen: 363655K(364032K)->365572K(366080K)
[1183.969s][info ][gc,metaspace   ] GC(37) Metaspace: 105112K(106432K)->105112K(106432K) NonClass: 89178K(89920K)->89178K(89920K) Class: 15934K(16512K)->15934K(16512K)
[1183.969s][info ][gc             ] GC(37) Pause Young (Allocation Failure) 2215M->366M(2304M) 9.003ms
[1183.969s][info ][gc,cpu         ] GC(37) User=0.03s Sys=0.00s Real=0.00s
[1183.969s][info ][safepoint      ] Safepoint "ParallelGCFailedAllocation", Time since last: 1631033800 ns, Reaching safepoint: 8200 ns, Cleanup: 5000 ns, At safepoint: 9072051 ns, Total: 9085251 ns
[1195.970s][info ][safepoint      ] Safepoint "Cleanup", Time since last: 12000922831 ns, Reaching safepoint: 5400 ns, Cleanup: 6900 ns, At safepoint: 1800 ns, Total: 14100 ns
[1198.970s][info ][safepoint      ] Safepoint "Cleanup", Time since last: 3000258635 ns, Reaching safepoint: 6100 ns, Cleanup: 9800 ns, At safepoint: 2600 ns, Total: 18500 ns
[1201.452s][info ][safepoint      ] Safepoint "Cleanup", Time since last: 2482552613 ns, Reaching safepoint: 7300 ns, Cleanup: 21200 ns, At safepoint: 2700 ns, Total: 31200 ns
[1213.453s][info ][safepoint      ] Safepoint "Cleanup", Time since last: 12000970402 ns, Reaching safepoint: 9200 ns, Cleanup: 24200 ns, At safepoint: 2500 ns, Total: 35900 ns
[1218.454s][info ][safepoint      ] Safepoint "Cleanup", Time since last: 5000425175 ns, Reaching safepoint: 8900 ns, Cleanup: 13200 ns, At safepoint: 2600 ns, Total: 24700 ns
[1220.454s][info ][safepoint      ] Safepoint "Cleanup", Time since last: 2000208165 ns, Reaching safepoint: 8300 ns, Cleanup: 12100 ns, At safepoint: 2400 ns, Total: 22800 ns
[1223.454s][info ][safepoint      ] Safepoint "Cleanup", Time since last: 3000263849 ns, Reaching safepoint: 8800 ns, Cleanup: 12600 ns, At safepoint: 2600 ns, Total: 24000 ns
[1229.030s][info ][gc,start       ] GC(38) Pause Young (Allocation Failure)
[1229.040s][debug][gc,phases      ] GC(38) Scavenge 10.639ms
[1229.040s][debug][gc,ref         ] GC(38) ReferenceProcessor::execute queues: 1, RefProcThreadModel::Single, marks_oops_alive: false
[1229.040s][debug][gc,ref         ] GC(38) Skipped KeepAliveFinalRefsPhase of Reference Processing: no references
[1229.040s][debug][gc,ref         ] GC(38) ReferenceProcessor::execute queues: 1, RefProcThreadModel::Single, marks_oops_alive: false
[1229.040s][debug][gc,phases      ] GC(38) Reference Processing 0.095ms
[1229.041s][debug][gc,phases      ] GC(38)   VM Weak                        Min:  0.0, Avg:  0.0, Max:  0.0, Diff:  0.0, Sum:  0.0, Workers: 4
[1229.041s][debug][gc,phases      ] GC(38)     Dead                           Min: 0, Avg:  0.0, Max: 0, Diff: 0, Sum: 0, Workers: 4
[1229.041s][debug][gc,phases      ] GC(38)     Total                          Min: 0, Avg: 239.5, Max: 512, Diff: 512, Sum: 958, Workers: 4
[1229.041s][debug][gc,phases      ] GC(38)   ObjectSynchronizer Weak        Min:  0.0, Avg:  0.0, Max:  0.0, Diff:  0.0, Sum:  0.0, Workers: 4
[1229.041s][debug][gc,phases      ] GC(38)     Dead                           Min: 0, Avg:  0.0, Max: 0, Diff: 0, Sum: 0, Workers: 4
[1229.041s][debug][gc,phases      ] GC(38)     Total                          Min: 0, Avg:  1.0, Max: 4, Diff: 4, Sum: 4, Workers: 4
[1229.041s][debug][gc,phases      ] GC(38)   JVMTI Tag Weak OopStorage      Min:  0.0, Avg:  0.0, Max:  0.0, Diff:  0.0, Sum:  0.0, Workers: 4
[1229.041s][debug][gc,phases      ] GC(38)     Dead                           Min: 0, Avg:  0.0, Max: 0, Diff: 0, Sum: 0, Workers: 4
[1229.041s][debug][gc,phases      ] GC(38)     Total                          Min: 0, Avg:  0.0, Max: 0, Diff: 0, Sum: 0, Workers: 4
[1229.041s][debug][gc,phases      ] GC(38)   StringTable Weak               Min:  0.0, Avg:  0.1, Max:  0.2, Diff:  0.2, Sum:  0.5, Workers: 4
[1229.041s][debug][gc,phases      ] GC(38)     Dead                           Min: 0, Avg:  0.0, Max: 0, Diff: 0, Sum: 0, Workers: 4
[1229.041s][debug][gc,phases      ] GC(38)     Total                          Min: 0, Avg: 11484.2, Max: 16128, Diff: 16128, Sum: 45937, Workers: 4
[1229.041s][debug][gc,phases      ] GC(38)   ResolvedMethodTable Weak       Min:  0.0, Avg:  0.0, Max:  0.1, Diff:  0.1, Sum:  0.2, Workers: 4
[1229.041s][debug][gc,phases      ] GC(38)     Dead                           Min: 0, Avg:  4.0, Max: 16, Diff: 16, Sum: 16, Workers: 4
[1229.041s][debug][gc,phases      ] GC(38)     Total                          Min: 0, Avg: 3745.5, Max: 5231, Diff: 5231, Sum: 14982, Workers: 4
[1229.041s][debug][gc,phases      ] GC(38)   JNI Weak                       Min:  0.0, Avg:  0.0, Max:  0.0, Diff:  0.0, Sum:  0.0, Workers: 4
[1229.041s][debug][gc,phases      ] GC(38)     Dead                           Min: 0, Avg:  0.0, Max: 0, Diff: 0, Sum: 0, Workers: 4
[1229.041s][debug][gc,phases      ] GC(38)     Total                          Min: 0, Avg: 13.0, Max: 48, Diff: 48, Sum: 52, Workers: 4
[1229.041s][debug][gc,phases      ] GC(38)   StringDedup Table Weak         Min:  0.0, Avg:  0.0, Max:  0.0, Diff:  0.0, Sum:  0.0, Workers: 4
[1229.041s][debug][gc,phases      ] GC(38)     Dead                           Min: 0, Avg:  0.0, Max: 0, Diff: 0, Sum: 0, Workers: 4
[1229.041s][debug][gc,phases      ] GC(38)     Total                          Min: 0, Avg:  0.0, Max: 0, Diff: 0, Sum: 0, Workers: 4
[1229.041s][debug][gc,phases      ] GC(38)   StringDedup Requests0 Weak     Min:  0.0, Avg:  0.0, Max:  0.0, Diff:  0.0, Sum:  0.0, Workers: 4
[1229.041s][debug][gc,phases      ] GC(38)     Dead                           Min: 0, Avg:  0.0, Max: 0, Diff: 0, Sum: 0, Workers: 4
[1229.041s][debug][gc,phases      ] GC(38)     Total                          Min: 0, Avg:  0.0, Max: 0, Diff: 0, Sum: 0, Workers: 4
[1229.041s][debug][gc,phases      ] GC(38)   StringDedup Requests1 Weak     Min:  0.0, Avg:  0.0, Max:  0.0, Diff:  0.0, Sum:  0.0, Workers: 4
[1229.041s][debug][gc,phases      ] GC(38)     Dead                           Min: 0, Avg:  0.0, Max: 0, Diff: 0, Sum: 0, Workers: 4
[1229.041s][debug][gc,phases      ] GC(38)     Total                          Min: 0, Avg:  0.0, Max: 0, Diff: 0, Sum: 0, Workers: 4
[1229.041s][debug][gc,phases      ] GC(38)   Weak JFR Old Object Samples    Min:  0.0, Avg:  0.0, Max:  0.0, Diff:  0.0, Sum:  0.0, Workers: 4
[1229.041s][debug][gc,phases      ] GC(38)     Dead                           Min: 0, Avg:  0.0, Max: 0, Diff: 0, Sum: 0, Workers: 4
[1229.041s][debug][gc,phases      ] GC(38)     Total                          Min: 0, Avg:  0.0, Max: 0, Diff: 0, Sum: 0, Workers: 4
[1229.041s][debug][gc,phases      ] GC(38) Weak Processing 0.386ms
[1229.041s][debug][gc,age         ] GC(38) Desired survivor size 87031808 bytes, new threshold 1 (max threshold 15)
[1229.041s][info ][gc,heap        ] GC(38) PSYoungGen: 1905824K(1993216K)->10993K(2012160K) Eden: 1895936K(1895936K)->0K(1921024K) From: 9888K(97280K)->10993K(91136K)
[1229.041s][info ][gc,heap        ] GC(38) ParOldGen: 365572K(366080K)->368017K(368128K)
[1229.041s][info ][gc,metaspace   ] GC(38) Metaspace: 105138K(106432K)->105138K(106432K) NonClass: 89203K(89920K)->89203K(89920K) Class: 15934K(16512K)->15934K(16512K)
[1229.041s][info ][gc             ] GC(38) Pause Young (Allocation Failure) 2218M->370M(2324M) 11.282ms
[1229.041s][info ][gc,cpu         ] GC(38) User=0.04s Sys=0.00s Real=0.01s
[1229.041s][info ][safepoint      ] Safepoint "ParallelGCFailedAllocation", Time since last: 5575280538 ns, Reaching safepoint: 5900 ns, Cleanup: 11100 ns, At safepoint: 11350340 ns, Total: 11367340 ns
[1230.041s][info ][safepoint      ] Safepoint "Cleanup", Time since last: 1000086977 ns, Reaching safepoint: 6600 ns, Cleanup: 9600 ns, At safepoint: 2300 ns, Total: 18500 ns
[1231.041s][info ][safepoint      ] Safepoint "Cleanup", Time since last: 1000111977 ns, Reaching safepoint: 7000 ns, Cleanup: 10100 ns, At safepoint: 2100 ns, Total: 19200 ns
[1233.041s][info ][safepoint      ] Safepoint "Cleanup", Time since last: 2000184355 ns, Reaching safepoint: 6700 ns, Cleanup: 10000 ns, At safepoint: 2200 ns, Total: 18900 ns
[1240.042s][info ][safepoint      ] Safepoint "Cleanup", Time since last: 7000589091 ns, Reaching safepoint: 7600 ns, Cleanup: 16400 ns, At safepoint: 28499 ns, Total: 52499 ns
[1254.043s][info ][safepoint      ] Safepoint "Cleanup", Time since last: 14001033932 ns, Reaching safepoint: 7400 ns, Cleanup: 13200 ns, At safepoint: 2600 ns, Total: 23200 ns
[1257.043s][info ][safepoint      ] Safepoint "Cleanup", Time since last: 3000288551 ns, Reaching safepoint: 8200 ns, Cleanup: 14300 ns, At safepoint: 2600 ns, Total: 25100 ns
[1270.471s][info ][safepoint      ] Safepoint "Cleanup", Time since last: 13427226135 ns, Reaching safepoint: 7300 ns, Cleanup: 12300 ns, At safepoint: 2700 ns, Total: 22300 ns
[1273.860s][info ][gc,start       ] GC(39) Pause Young (Allocation Failure)
[1273.869s][debug][gc,phases      ] GC(39) Scavenge 9.024ms
[1273.869s][debug][gc,ref         ] GC(39) ReferenceProcessor::execute queues: 1, RefProcThreadModel::Single, marks_oops_alive: false
[1273.869s][debug][gc,ref         ] GC(39) Skipped KeepAliveFinalRefsPhase of Reference Processing: no references
[1273.869s][debug][gc,ref         ] GC(39) Skipped PhantomRefsPhase of Reference Processing: no references
[1273.869s][debug][gc,phases      ] GC(39) Reference Processing 0.092ms
[1273.870s][debug][gc,phases      ] GC(39)   VM Weak                        Min:  0.0, Avg:  0.0, Max:  0.0, Diff:  0.0, Sum:  0.0, Workers: 4
[1273.870s][debug][gc,phases      ] GC(39)     Dead                           Min: 0, Avg:  0.0, Max: 0, Diff: 0, Sum: 0, Workers: 4
[1273.870s][debug][gc,phases      ] GC(39)     Total                          Min: 0, Avg: 239.5, Max: 766, Diff: 766, Sum: 958, Workers: 4
[1273.870s][debug][gc,phases      ] GC(39)   ObjectSynchronizer Weak        Min:  0.0, Avg:  0.0, Max:  0.0, Diff:  0.0, Sum:  0.0, Workers: 4
[1273.870s][debug][gc,phases      ] GC(39)     Dead                           Min: 0, Avg:  0.0, Max: 0, Diff: 0, Sum: 0, Workers: 4
[1273.870s][debug][gc,phases      ] GC(39)     Total                          Min: 0, Avg:  1.0, Max: 4, Diff: 4, Sum: 4, Workers: 4
[1273.870s][debug][gc,phases      ] GC(39)   JVMTI Tag Weak OopStorage      Min:  0.0, Avg:  0.0, Max:  0.0, Diff:  0.0, Sum:  0.0, Workers: 4
[1273.870s][debug][gc,phases      ] GC(39)     Dead                           Min: 0, Avg:  0.0, Max: 0, Diff: 0, Sum: 0, Workers: 4
[1273.870s][debug][gc,phases      ] GC(39)     Total                          Min: 0, Avg:  0.0, Max: 0, Diff: 0, Sum: 0, Workers: 4
[1273.870s][debug][gc,phases      ] GC(39)   StringTable Weak               Min:  0.0, Avg:  0.1, Max:  0.1, Diff:  0.1, Sum:  0.4, Workers: 4
[1273.870s][debug][gc,phases      ] GC(39)     Dead                           Min: 0, Avg:  0.0, Max: 0, Diff: 0, Sum: 0, Workers: 4
[1273.870s][debug][gc,phases      ] GC(39)     Total                          Min: 0, Avg: 11484.5, Max: 20416, Diff: 20416, Sum: 45938, Workers: 4
[1273.870s][debug][gc,phases      ] GC(39)   ResolvedMethodTable Weak       Min:  0.0, Avg:  0.0, Max:  0.0, Diff:  0.0, Sum:  0.1, Workers: 4
[1273.870s][debug][gc,phases      ] GC(39)     Dead                           Min: 0, Avg:  4.0, Max: 16, Diff: 16, Sum: 16, Workers: 4
[1273.870s][debug][gc,phases      ] GC(39)     Total                          Min: 0, Avg: 3745.5, Max: 6151, Diff: 6151, Sum: 14982, Workers: 4
[1273.870s][debug][gc,phases      ] GC(39)   JNI Weak                       Min:  0.0, Avg:  0.0, Max:  0.0, Diff:  0.0, Sum:  0.0, Workers: 4
[1273.870s][debug][gc,phases      ] GC(39)     Dead                           Min: 0, Avg:  0.0, Max: 0, Diff: 0, Sum: 0, Workers: 4
[1273.870s][debug][gc,phases      ] GC(39)     Total                          Min: 0, Avg: 13.0, Max: 48, Diff: 48, Sum: 52, Workers: 4
[1273.870s][debug][gc,phases      ] GC(39)   StringDedup Table Weak         Min:  0.0, Avg:  0.0, Max:  0.0, Diff:  0.0, Sum:  0.0, Workers: 4
[1273.870s][debug][gc,phases      ] GC(39)     Dead                           Min: 0, Avg:  0.0, Max: 0, Diff: 0, Sum: 0, Workers: 4
[1273.870s][debug][gc,phases      ] GC(39)     Total                          Min: 0, Avg:  0.0, Max: 0, Diff: 0, Sum: 0, Workers: 4
[1273.870s][debug][gc,phases      ] GC(39)   StringDedup Requests0 Weak     Min:  0.0, Avg:  0.0, Max:  0.0, Diff:  0.0, Sum:  0.0, Workers: 4
[1273.870s][debug][gc,phases      ] GC(39)     Dead                           Min: 0, Avg:  0.0, Max: 0, Diff: 0, Sum: 0, Workers: 4
[1273.870s][debug][gc,phases      ] GC(39)     Total                          Min: 0, Avg:  0.0, Max: 0, Diff: 0, Sum: 0, Workers: 4
[1273.870s][debug][gc,phases      ] GC(39)   StringDedup Requests1 Weak     Min:  0.0, Avg:  0.0, Max:  0.0, Diff:  0.0, Sum:  0.0, Workers: 4
[1273.870s][debug][gc,phases      ] GC(39)     Dead                           Min: 0, Avg:  0.0, Max: 0, Diff: 0, Sum: 0, Workers: 4
[1273.870s][debug][gc,phases      ] GC(39)     Total                          Min: 0, Avg:  0.0, Max: 0, Diff: 0, Sum: 0, Workers: 4
[1273.870s][debug][gc,phases      ] GC(39)   Weak JFR Old Object Samples    Min:  0.0, Avg:  0.0, Max:  0.0, Diff:  0.0, Sum:  0.0, Workers: 4
[1273.870s][debug][gc,phases      ] GC(39)     Dead                           Min: 0, Avg:  0.0, Max: 0, Diff: 0, Sum: 0, Workers: 4
[1273.870s][debug][gc,phases      ] GC(39)     Total                          Min: 0, Avg:  0.0, Max: 0, Diff: 0, Sum: 0, Workers: 4
[1273.870s][debug][gc,phases      ] GC(39) Weak Processing 0.369ms
[1273.870s][debug][gc,age         ] GC(39) Desired survivor size 81264640 bytes, new threshold 1 (max threshold 15)
[1273.870s][info ][gc,heap        ] GC(39) PSYoungGen: 1932017K(2012160K)->9680K(2006016K) Eden: 1921024K(1921024K)->0K(1921024K) From: 10993K(91136K)->9680K(84992K)
[1273.870s][info ][gc,heap        ] GC(39) ParOldGen: 368017K(368128K)->371554K(371712K)
[1273.870s][info ][gc,metaspace   ] GC(39) Metaspace: 105154K(106432K)->105154K(106432K) NonClass: 89219K(89920K)->89219K(89920K) Class: 15934K(16512K)->15934K(16512K)
[1273.870s][info ][gc             ] GC(39) Pause Young (Allocation Failure) 2246M->372M(2322M) 9.602ms
[1273.870s][info ][gc,cpu         ] GC(39) User=0.04s Sys=0.00s Real=0.01s
[1273.870s][info ][safepoint      ] Safepoint "ParallelGCFailedAllocation", Time since last: 3389445536 ns, Reaching safepoint: 76899 ns, Cleanup: 11600 ns, At safepoint: 9674550 ns, Total: 9763049 ns
[1281.870s][info ][safepoint      ] Safepoint "Cleanup", Time since last: 8000580905 ns, Reaching safepoint: 6500 ns, Cleanup: 9600 ns, At safepoint: 2300 ns, Total: 18400 ns
[1282.871s][info ][safepoint      ] Safepoint "Cleanup", Time since last: 1000120281 ns, Reaching safepoint: 6700 ns, Cleanup: 11400 ns, At safepoint: 2800 ns, Total: 20900 ns
[1285.871s][info ][safepoint      ] Safepoint "Cleanup", Time since last: 3000260245 ns, Reaching safepoint: 6200 ns, Cleanup: 42800 ns, At safepoint: 3000 ns, Total: 52000 ns
[1287.871s][info ][safepoint      ] Safepoint "Cleanup", Time since last: 2000190663 ns, Reaching safepoint: 7400 ns, Cleanup: 15900 ns, At safepoint: 2600 ns, Total: 25900 ns
[1290.871s][info ][safepoint      ] Safepoint "Cleanup", Time since last: 3000246767 ns, Reaching safepoint: 5800 ns, Cleanup: 10800 ns, At safepoint: 2200 ns, Total: 18800 ns
[1298.872s][info ][safepoint      ] Safepoint "Cleanup", Time since last: 8000612531 ns, Reaching safepoint: 6200 ns, Cleanup: 11000 ns, At safepoint: 2000 ns, Total: 19200 ns
[1304.873s][info ][safepoint      ] Safepoint "Cleanup", Time since last: 6000476349 ns, Reaching safepoint: 6000 ns, Cleanup: 10400 ns, At safepoint: 2000 ns, Total: 18400 ns
[1305.873s][info ][safepoint      ] Safepoint "Cleanup", Time since last: 1000117743 ns, Reaching safepoint: 5700 ns, Cleanup: 7800 ns, At safepoint: 2100 ns, Total: 15600 ns
[1308.873s][info ][safepoint      ] Safepoint "Cleanup", Time since last: 3000253035 ns, Reaching safepoint: 6700 ns, Cleanup: 11900 ns, At safepoint: 2100 ns, Total: 20700 ns
[1321.879s][info ][gc,start       ] GC(40) Pause Young (Allocation Failure)
[1321.888s][debug][gc,phases      ] GC(40) Scavenge 8.764ms
[1321.888s][debug][gc,ref         ] GC(40) ReferenceProcessor::execute queues: 1, RefProcThreadModel::Single, marks_oops_alive: false
[1321.888s][debug][gc,ref         ] GC(40) Skipped KeepAliveFinalRefsPhase of Reference Processing: no references
[1321.888s][debug][gc,ref         ] GC(40) ReferenceProcessor::execute queues: 1, RefProcThreadModel::Single, marks_oops_alive: false
[1321.888s][debug][gc,phases      ] GC(40) Reference Processing 0.122ms
[1321.888s][debug][gc,phases      ] GC(40)   VM Weak                        Min:  0.0, Avg:  0.0, Max:  0.0, Diff:  0.0, Sum:  0.0, Workers: 4
[1321.888s][debug][gc,phases      ] GC(40)     Dead                           Min: 0, Avg:  0.0, Max: 0, Diff: 0, Sum: 0, Workers: 4
[1321.889s][debug][gc,phases      ] GC(40)     Total                          Min: 0, Avg: 239.5, Max: 766, Diff: 766, Sum: 958, Workers: 4
[1321.889s][debug][gc,phases      ] GC(40)   ObjectSynchronizer Weak        Min:  0.0, Avg:  0.0, Max:  0.0, Diff:  0.0, Sum:  0.0, Workers: 4
[1321.889s][debug][gc,phases      ] GC(40)     Dead                           Min: 0, Avg:  0.0, Max: 0, Diff: 0, Sum: 0, Workers: 4
[1321.889s][debug][gc,phases      ] GC(40)     Total                          Min: 0, Avg:  0.8, Max: 3, Diff: 3, Sum: 3, Workers: 4
[1321.889s][debug][gc,phases      ] GC(40)   JVMTI Tag Weak OopStorage      Min:  0.0, Avg:  0.0, Max:  0.0, Diff:  0.0, Sum:  0.0, Workers: 4
[1321.889s][debug][gc,phases      ] GC(40)     Dead                           Min: 0, Avg:  0.0, Max: 0, Diff: 0, Sum: 0, Workers: 4
[1321.889s][debug][gc,phases      ] GC(40)     Total                          Min: 0, Avg:  0.0, Max: 0, Diff: 0, Sum: 0, Workers: 4
[1321.889s][debug][gc,phases      ] GC(40)   StringTable Weak               Min:  0.0, Avg:  0.1, Max:  0.2, Diff:  0.2, Sum:  0.5, Workers: 4
[1321.889s][debug][gc,phases      ] GC(40)     Dead                           Min: 0, Avg:  0.0, Max: 0, Diff: 0, Sum: 0, Workers: 4
[1321.889s][debug][gc,phases      ] GC(40)     Total                          Min: 0, Avg: 11484.5, Max: 16192, Diff: 16192, Sum: 45938, Workers: 4
[1321.889s][debug][gc,phases      ] GC(40)   ResolvedMethodTable Weak       Min:  0.0, Avg:  0.0, Max:  0.1, Diff:  0.1, Sum:  0.2, Workers: 4
[1321.889s][debug][gc,phases      ] GC(40)     Dead                           Min: 0, Avg:  4.0, Max: 16, Diff: 16, Sum: 16, Workers: 4
[1321.889s][debug][gc,phases      ] GC(40)     Total                          Min: 0, Avg: 3745.5, Max: 5279, Diff: 5279, Sum: 14982, Workers: 4
[1321.889s][debug][gc,phases      ] GC(40)   JNI Weak                       Min:  0.0, Avg:  0.0, Max:  0.0, Diff:  0.0, Sum:  0.0, Workers: 4
[1321.889s][debug][gc,phases      ] GC(40)     Dead                           Min: 0, Avg:  0.0, Max: 0, Diff: 0, Sum: 0, Workers: 4
[1321.889s][debug][gc,phases      ] GC(40)     Total                          Min: 0, Avg: 13.0, Max: 48, Diff: 48, Sum: 52, Workers: 4
[1321.889s][debug][gc,phases      ] GC(40)   StringDedup Table Weak         Min:  0.0, Avg:  0.0, Max:  0.0, Diff:  0.0, Sum:  0.0, Workers: 4
[1321.889s][debug][gc,phases      ] GC(40)     Dead                           Min: 0, Avg:  0.0, Max: 0, Diff: 0, Sum: 0, Workers: 4
[1321.889s][debug][gc,phases      ] GC(40)     Total                          Min: 0, Avg:  0.0, Max: 0, Diff: 0, Sum: 0, Workers: 4
[1321.889s][debug][gc,phases      ] GC(40)   StringDedup Requests0 Weak     Min:  0.0, Avg:  0.0, Max:  0.0, Diff:  0.0, Sum:  0.0, Workers: 4
[1321.889s][debug][gc,phases      ] GC(40)     Dead                           Min: 0, Avg:  0.0, Max: 0, Diff: 0, Sum: 0, Workers: 4
[1321.889s][debug][gc,phases      ] GC(40)     Total                          Min: 0, Avg:  0.0, Max: 0, Diff: 0, Sum: 0, Workers: 4
[1321.889s][debug][gc,phases      ] GC(40)   StringDedup Requests1 Weak     Min:  0.0, Avg:  0.0, Max:  0.0, Diff:  0.0, Sum:  0.0, Workers: 4
[1321.889s][debug][gc,phases      ] GC(40)     Dead                           Min: 0, Avg:  0.0, Max: 0, Diff: 0, Sum: 0, Workers: 4
[1321.889s][debug][gc,phases      ] GC(40)     Total                          Min: 0, Avg:  0.0, Max: 0, Diff: 0, Sum: 0, Workers: 4
[1321.889s][debug][gc,phases      ] GC(40)   Weak JFR Old Object Samples    Min:  0.0, Avg:  0.0, Max:  0.0, Diff:  0.0, Sum:  0.0, Workers: 4
[1321.889s][debug][gc,phases      ] GC(40)     Dead                           Min: 0, Avg:  0.0, Max: 0, Diff: 0, Sum: 0, Workers: 4
[1321.889s][debug][gc,phases      ] GC(40)     Total                          Min: 0, Avg:  0.0, Max: 0, Diff: 0, Sum: 0, Workers: 4
[1321.889s][debug][gc,phases      ] GC(40) Weak Processing 0.492ms
[1321.889s][debug][gc,age         ] GC(40) Desired survivor size 76021760 bytes, new threshold 1 (max threshold 15)
[1321.889s][info ][gc,heap        ] GC(40) PSYoungGen: 1930704K(2006016K)->10368K(2022912K) Eden: 1921024K(1921024K)->0K(1943552K) From: 9680K(84992K)->10368K(79360K)
[1321.889s][info ][gc,heap        ] GC(40) ParOldGen: 371554K(371712K)->373983K(374272K)
[1321.889s][info ][gc,metaspace   ] GC(40) Metaspace: 105177K(106432K)->105177K(106432K) NonClass: 89243K(89920K)->89243K(89920K) Class: 15934K(16512K)->15934K(16512K)
[1321.889s][info ][gc             ] GC(40) Pause Young (Allocation Failure) 2248M->375M(2341M) 9.525ms
[1321.889s][info ][gc,cpu         ] GC(40) User=0.03s Sys=0.00s Real=0.00s
[1321.889s][info ][safepoint      ] Safepoint "ParallelGCFailedAllocation", Time since last: 13006220675 ns, Reaching safepoint: 5800 ns, Cleanup: 4200 ns, At safepoint: 9609650 ns, Total: 9619650 ns
[1326.889s][info ][safepoint      ] Safepoint "Cleanup", Time since last: 5000431373 ns, Reaching safepoint: 6700 ns, Cleanup: 13899 ns, At safepoint: 2200 ns, Total: 22799 ns
[1334.890s][info ][safepoint      ] Safepoint "Cleanup", Time since last: 8000625028 ns, Reaching safepoint: 8200 ns, Cleanup: 40300 ns, At safepoint: 2900 ns, Total: 51400 ns
[1339.890s][info ][safepoint      ] Safepoint "Cleanup", Time since last: 5000412326 ns, Reaching safepoint: 4800 ns, Cleanup: 7400 ns, At safepoint: 1600 ns, Total: 13800 ns
[1342.891s][info ][safepoint      ] Safepoint "Cleanup", Time since last: 3000261095 ns, Reaching safepoint: 6300 ns, Cleanup: 10700 ns, At safepoint: 2200 ns, Total: 19200 ns
[1344.891s][info ][safepoint      ] Safepoint "Cleanup", Time since last: 2000217971 ns, Reaching safepoint: 7000 ns, Cleanup: 11200 ns, At safepoint: 2100 ns, Total: 20300 ns
[1367.371s][info ][gc,start       ] GC(41) Pause Young (Allocation Failure)
[1367.379s][debug][gc,phases      ] GC(41) Scavenge 8.056ms
[1367.379s][debug][gc,ref         ] GC(41) ReferenceProcessor::execute queues: 1, RefProcThreadModel::Single, marks_oops_alive: false
[1367.379s][debug][gc,ref         ] GC(41) Skipped KeepAliveFinalRefsPhase of Reference Processing: no references
[1367.379s][debug][gc,ref         ] GC(41) ReferenceProcessor::execute queues: 1, RefProcThreadModel::Single, marks_oops_alive: false
[1367.379s][debug][gc,phases      ] GC(41) Reference Processing 0.113ms
[1367.380s][debug][gc,phases      ] GC(41)   VM Weak                        Min:  0.0, Avg:  0.0, Max:  0.0, Diff:  0.0, Sum:  0.0, Workers: 4
[1367.380s][debug][gc,phases      ] GC(41)     Dead                           Min: 0, Avg:  0.0, Max: 0, Diff: 0, Sum: 0, Workers: 4
[1367.380s][debug][gc,phases      ] GC(41)     Total                          Min: 0, Avg: 239.5, Max: 640, Diff: 640, Sum: 958, Workers: 4
[1367.380s][debug][gc,phases      ] GC(41)   ObjectSynchronizer Weak        Min:  0.0, Avg:  0.0, Max:  0.0, Diff:  0.0, Sum:  0.0, Workers: 4
[1367.380s][debug][gc,phases      ] GC(41)     Dead                           Min: 0, Avg:  0.0, Max: 0, Diff: 0, Sum: 0, Workers: 4
[1367.380s][debug][gc,phases      ] GC(41)     Total                          Min: 0, Avg:  0.8, Max: 3, Diff: 3, Sum: 3, Workers: 4
[1367.380s][debug][gc,phases      ] GC(41)   JVMTI Tag Weak OopStorage      Min:  0.0, Avg:  0.0, Max:  0.0, Diff:  0.0, Sum:  0.0, Workers: 4
[1367.380s][debug][gc,phases      ] GC(41)     Dead                           Min: 0, Avg:  0.0, Max: 0, Diff: 0, Sum: 0, Workers: 4
[1367.380s][debug][gc,phases      ] GC(41)     Total                          Min: 0, Avg:  0.0, Max: 0, Diff: 0, Sum: 0, Workers: 4
[1367.380s][debug][gc,phases      ] GC(41)   StringTable Weak               Min:  0.0, Avg:  0.1, Max:  0.1, Diff:  0.1, Sum:  0.4, Workers: 4
[1367.380s][debug][gc,phases      ] GC(41)     Dead                           Min: 0, Avg:  0.0, Max: 0, Diff: 0, Sum: 0, Workers: 4
[1367.380s][debug][gc,phases      ] GC(41)     Total                          Min: 0, Avg: 11486.0, Max: 20344, Diff: 20344, Sum: 45944, Workers: 4
[1367.380s][debug][gc,phases      ] GC(41)   ResolvedMethodTable Weak       Min:  0.0, Avg:  0.0, Max:  0.0, Diff:  0.0, Sum:  0.1, Workers: 4
[1367.380s][debug][gc,phases      ] GC(41)     Dead                           Min: 0, Avg:  4.0, Max: 16, Diff: 16, Sum: 16, Workers: 4
[1367.380s][debug][gc,phases      ] GC(41)     Total                          Min: 0, Avg: 3745.5, Max: 6184, Diff: 6184, Sum: 14982, Workers: 4
[1367.380s][debug][gc,phases      ] GC(41)   JNI Weak                       Min:  0.0, Avg:  0.0, Max:  0.0, Diff:  0.0, Sum:  0.0, Workers: 4
[1367.380s][debug][gc,phases      ] GC(41)     Dead                           Min: 0, Avg:  0.0, Max: 0, Diff: 0, Sum: 0, Workers: 4
[1367.380s][debug][gc,phases      ] GC(41)     Total                          Min: 0, Avg: 13.0, Max: 48, Diff: 48, Sum: 52, Workers: 4
[1367.380s][debug][gc,phases      ] GC(41)   StringDedup Table Weak         Min:  0.0, Avg:  0.0, Max:  0.0, Diff:  0.0, Sum:  0.0, Workers: 4
[1367.380s][debug][gc,phases      ] GC(41)     Dead                           Min: 0, Avg:  0.0, Max: 0, Diff: 0, Sum: 0, Workers: 4
[1367.380s][debug][gc,phases      ] GC(41)     Total                          Min: 0, Avg:  0.0, Max: 0, Diff: 0, Sum: 0, Workers: 4
[1367.380s][debug][gc,phases      ] GC(41)   StringDedup Requests0 Weak     Min:  0.0, Avg:  0.0, Max:  0.0, Diff:  0.0, Sum:  0.0, Workers: 4
[1367.380s][debug][gc,phases      ] GC(41)     Dead                           Min: 0, Avg:  0.0, Max: 0, Diff: 0, Sum: 0, Workers: 4
[1367.380s][debug][gc,phases      ] GC(41)     Total                          Min: 0, Avg:  0.0, Max: 0, Diff: 0, Sum: 0, Workers: 4
[1367.380s][debug][gc,phases      ] GC(41)   StringDedup Requests1 Weak     Min:  0.0, Avg:  0.0, Max:  0.0, Diff:  0.0, Sum:  0.0, Workers: 4
[1367.380s][debug][gc,phases      ] GC(41)     Dead                           Min: 0, Avg:  0.0, Max: 0, Diff: 0, Sum: 0, Workers: 4
[1367.380s][debug][gc,phases      ] GC(41)     Total                          Min: 0, Avg:  0.0, Max: 0, Diff: 0, Sum: 0, Workers: 4
[1367.380s][debug][gc,phases      ] GC(41)   Weak JFR Old Object Samples    Min:  0.0, Avg:  0.0, Max:  0.0, Diff:  0.0, Sum:  0.0, Workers: 4
[1367.380s][debug][gc,phases      ] GC(41)     Dead                           Min: 0, Avg:  0.0, Max: 0, Diff: 0, Sum: 0, Workers: 4
[1367.380s][debug][gc,phases      ] GC(41)     Total                          Min: 0, Avg:  0.0, Max: 0, Diff: 0, Sum: 0, Workers: 4
[1367.380s][debug][gc,phases      ] GC(41) Weak Processing 0.389ms
[1367.380s][debug][gc,age         ] GC(41) Desired survivor size 71303168 bytes, new threshold 1 (max threshold 15)
[1367.380s][info ][gc,heap        ] GC(41) PSYoungGen: 1953920K(2022912K)->9136K(2017792K) Eden: 1943552K(1943552K)->0K(1943552K) From: 10368K(79360K)->9136K(74240K)
[1367.380s][info ][gc,heap        ] GC(41) ParOldGen: 373983K(374272K)->376760K(376832K)
[1367.380s][info ][gc,metaspace   ] GC(41) Metaspace: 105189K(106496K)->105189K(106496K) NonClass: 89254K(89984K)->89254K(89984K) Class: 15934K(16512K)->15934K(16512K)
[1367.380s][info ][gc             ] GC(41) Pause Young (Allocation Failure) 2273M->376M(2338M) 8.699ms
[1367.380s][info ][gc,cpu         ] GC(41) User=0.03s Sys=0.00s Real=0.01s
[1367.380s][info ][safepoint      ] Safepoint "ParallelGCFailedAllocation", Time since last: 22480335563 ns, Reaching safepoint: 6400 ns, Cleanup: 4600 ns, At safepoint: 8761355 ns, Total: 8772355 ns
[1379.381s][info ][safepoint      ] Safepoint "Cleanup", Time since last: 12000853655 ns, Reaching safepoint: 7200 ns, Cleanup: 13300 ns, At safepoint: 2000 ns, Total: 22500 ns
[1389.506s][info ][safepoint      ] Safepoint "Cleanup", Time since last: 10125436949 ns, Reaching safepoint: 8000 ns, Cleanup: 13500 ns, At safepoint: 2300 ns, Total: 23800 ns
[1396.507s][info ][safepoint      ] Safepoint "Cleanup", Time since last: 7000606839 ns, Reaching safepoint: 8400 ns, Cleanup: 13400 ns, At safepoint: 2600 ns, Total: 24400 ns
[1397.507s][info ][safepoint      ] Safepoint "Cleanup", Time since last: 1000101967 ns, Reaching safepoint: 9700 ns, Cleanup: 14999 ns, At safepoint: 7100 ns, Total: 31799 ns
[1400.508s][info ][safepoint      ] Safepoint "Cleanup", Time since last: 3000303901 ns, Reaching safepoint: 84100 ns, Cleanup: 22500 ns, At safepoint: 7800 ns, Total: 114400 ns
[1401.508s][info ][safepoint      ] Safepoint "Cleanup", Time since last: 1000133767 ns, Reaching safepoint: 6100 ns, Cleanup: 26800 ns, At safepoint: 1899 ns, Total: 34799 ns
[1403.508s][info ][safepoint      ] Safepoint "Cleanup", Time since last: 2000177321 ns, Reaching safepoint: 6200 ns, Cleanup: 11900 ns, At safepoint: 1800 ns, Total: 19900 ns
[1422.360s][info ][gc,start       ] GC(42) Pause Young (Allocation Failure)
[1422.382s][debug][gc,phases      ] GC(42) Scavenge 21.958ms
[1422.382s][debug][gc,ref         ] GC(42) ReferenceProcessor::execute queues: 1, RefProcThreadModel::Single, marks_oops_alive: false
[1422.382s][debug][gc,ref         ] GC(42) Skipped KeepAliveFinalRefsPhase of Reference Processing: no references
[1422.382s][debug][gc,ref         ] GC(42) ReferenceProcessor::execute queues: 1, RefProcThreadModel::Single, marks_oops_alive: false
[1422.382s][debug][gc,phases      ] GC(42) Reference Processing 0.099ms
[1422.382s][debug][gc,phases      ] GC(42)   VM Weak                        Min:  0.0, Avg:  0.0, Max:  0.0, Diff:  0.0, Sum:  0.0, Workers: 4
[1422.382s][debug][gc,phases      ] GC(42)     Dead                           Min: 0, Avg:  0.0, Max: 0, Diff: 0, Sum: 0, Workers: 4
[1422.382s][debug][gc,phases      ] GC(42)     Total                          Min: 0, Avg: 239.5, Max: 638, Diff: 638, Sum: 958, Workers: 4
[1422.382s][debug][gc,phases      ] GC(42)   ObjectSynchronizer Weak        Min:  0.0, Avg:  0.0, Max:  0.0, Diff:  0.0, Sum:  0.0, Workers: 4
[1422.382s][debug][gc,phases      ] GC(42)     Dead                           Min: 0, Avg:  0.0, Max: 0, Diff: 0, Sum: 0, Workers: 4
[1422.382s][debug][gc,phases      ] GC(42)     Total                          Min: 0, Avg:  1.2, Max: 5, Diff: 5, Sum: 5, Workers: 4
[1422.382s][debug][gc,phases      ] GC(42)   JVMTI Tag Weak OopStorage      Min:  0.0, Avg:  0.0, Max:  0.0, Diff:  0.0, Sum:  0.0, Workers: 4
[1422.382s][debug][gc,phases      ] GC(42)     Dead                           Min: 0, Avg:  0.0, Max: 0, Diff: 0, Sum: 0, Workers: 4
[1422.382s][debug][gc,phases      ] GC(42)     Total                          Min: 0, Avg:  0.0, Max: 0, Diff: 0, Sum: 0, Workers: 4
[1422.382s][debug][gc,phases      ] GC(42)   StringTable Weak               Min:  0.1, Avg:  0.1, Max:  0.1, Diff:  0.0, Sum:  0.5, Workers: 4
[1422.382s][debug][gc,phases      ] GC(42)     Dead                           Min: 0, Avg:  0.5, Max: 1, Diff: 1, Sum: 2, Workers: 4
[1422.382s][debug][gc,phases      ] GC(42)     Total                          Min: 10944, Avg: 11491.2, Max: 12032, Diff: 1088, Sum: 45965, Workers: 4
[1422.382s][debug][gc,phases      ] GC(42)   ResolvedMethodTable Weak       Min:  0.0, Avg:  0.0, Max:  0.0, Diff:  0.0, Sum:  0.2, Workers: 4
[1422.382s][debug][gc,phases      ] GC(42)     Dead                           Min: 0, Avg:  8.0, Max: 32, Diff: 32, Sum: 32, Workers: 4
[1422.382s][debug][gc,phases      ] GC(42)     Total                          Min: 3584, Avg: 3753.5, Max: 3937, Diff: 353, Sum: 15014, Workers: 4
[1422.382s][debug][gc,phases      ] GC(42)   JNI Weak                       Min:  0.0, Avg:  0.0, Max:  0.0, Diff:  0.0, Sum:  0.0, Workers: 4
[1422.382s][debug][gc,phases      ] GC(42)     Dead                           Min: 0, Avg:  0.0, Max: 0, Diff: 0, Sum: 0, Workers: 4
[1422.382s][debug][gc,phases      ] GC(42)     Total                          Min: 0, Avg: 13.2, Max: 48, Diff: 48, Sum: 53, Workers: 4
[1422.382s][debug][gc,phases      ] GC(42)   StringDedup Table Weak         Min:  0.0, Avg:  0.0, Max:  0.0, Diff:  0.0, Sum:  0.0, Workers: 4
[1422.382s][debug][gc,phases      ] GC(42)     Dead                           Min: 0, Avg:  0.0, Max: 0, Diff: 0, Sum: 0, Workers: 4
[1422.382s][debug][gc,phases      ] GC(42)     Total                          Min: 0, Avg:  0.0, Max: 0, Diff: 0, Sum: 0, Workers: 4
[1422.382s][debug][gc,phases      ] GC(42)   StringDedup Requests0 Weak     Min:  0.0, Avg:  0.0, Max:  0.0, Diff:  0.0, Sum:  0.0, Workers: 4
[1422.382s][debug][gc,phases      ] GC(42)     Dead                           Min: 0, Avg:  0.0, Max: 0, Diff: 0, Sum: 0, Workers: 4
[1422.382s][debug][gc,phases      ] GC(42)     Total                          Min: 0, Avg:  0.0, Max: 0, Diff: 0, Sum: 0, Workers: 4
[1422.382s][debug][gc,phases      ] GC(42)   StringDedup Requests1 Weak     Min:  0.0, Avg:  0.0, Max:  0.0, Diff:  0.0, Sum:  0.0, Workers: 4
[1422.382s][debug][gc,phases      ] GC(42)     Dead                           Min: 0, Avg:  0.0, Max: 0, Diff: 0, Sum: 0, Workers: 4
[1422.382s][debug][gc,phases      ] GC(42)     Total                          Min: 0, Avg:  0.0, Max: 0, Diff: 0, Sum: 0, Workers: 4
[1422.382s][debug][gc,phases      ] GC(42)   Weak JFR Old Object Samples    Min:  0.0, Avg:  0.0, Max:  0.0, Diff:  0.0, Sum:  0.0, Workers: 4
[1422.382s][debug][gc,phases      ] GC(42)     Dead                           Min: 0, Avg:  0.0, Max: 0, Diff: 0, Sum: 0, Workers: 4
[1422.382s][debug][gc,phases      ] GC(42)     Total                          Min: 0, Avg:  0.0, Max: 0, Diff: 0, Sum: 0, Workers: 4
[1422.382s][debug][gc,phases      ] GC(42) Weak Processing 0.407ms
[1422.382s][debug][gc,age         ] GC(42) Desired survivor size 79167488 bytes, new threshold 1 (max threshold 15)
[1422.382s][info ][gc,heap        ] GC(42) PSYoungGen: 1952688K(2017792K)->50736K(2012160K) Eden: 1943552K(1943552K)->0K(1942528K) From: 9136K(74240K)->50736K(69632K)
[1422.382s][info ][gc,heap        ] GC(42) ParOldGen: 376760K(376832K)->378870K(378880K)
[1422.382s][info ][gc,metaspace   ] GC(42) Metaspace: 105291K(106560K)->105291K(106560K) NonClass: 89347K(90048K)->89347K(90048K) Class: 15943K(16512K)->15943K(16512K)
[1422.382s][info ][gc             ] GC(42) Pause Young (Allocation Failure) 2274M->419M(2335M) 22.592ms
[1422.382s][info ][gc,cpu         ] GC(42) User=0.09s Sys=0.01s Real=0.02s
[1422.382s][info ][safepoint      ] Safepoint "ParallelGCFailedAllocation", Time since last: 18851421046 ns, Reaching safepoint: 84400 ns, Cleanup: 145899 ns, At safepoint: 22669688 ns, Total: 22899987 ns
[1423.382s][info ][safepoint      ] Safepoint "Cleanup", Time since last: 1000108968 ns, Reaching safepoint: 5800 ns, Cleanup: 108400 ns, At safepoint: 9300 ns, Total: 123500 ns
[1424.383s][info ][safepoint      ] Safepoint "Cleanup", Time since last: 1000104168 ns, Reaching safepoint: 6400 ns, Cleanup: 52000 ns, At safepoint: 6000 ns, Total: 64400 ns
[1425.383s][info ][safepoint      ] Safepoint "Cleanup", Time since last: 1000105968 ns, Reaching safepoint: 6600 ns, Cleanup: 11800 ns, At safepoint: 2600 ns, Total: 21000 ns
[1426.383s][info ][safepoint      ] Safepoint "Cleanup", Time since last: 1000112816 ns, Reaching safepoint: 6300 ns, Cleanup: 13400 ns, At safepoint: 2200 ns, Total: 21900 ns
[1427.383s][info ][safepoint      ] Safepoint "Cleanup", Time since last: 1000112269 ns, Reaching safepoint: 6400 ns, Cleanup: 11199 ns, At safepoint: 1900 ns, Total: 19499 ns
[1428.383s][info ][safepoint      ] Safepoint "Cleanup", Time since last: 1000113469 ns, Reaching safepoint: 6200 ns, Cleanup: 11600 ns, At safepoint: 2300 ns, Total: 20100 ns
[1429.383s][info ][safepoint      ] Safepoint "Cleanup", Time since last: 1000107169 ns, Reaching safepoint: 5700 ns, Cleanup: 18400 ns, At safepoint: 2200 ns, Total: 26300 ns
[1430.383s][info ][safepoint      ] Safepoint "Cleanup", Time since last: 1000114069 ns, Reaching safepoint: 6700 ns, Cleanup: 15500 ns, At safepoint: 2200 ns, Total: 24400 ns
[1431.384s][info ][safepoint      ] Safepoint "Cleanup", Time since last: 1000115641 ns, Reaching safepoint: 7700 ns, Cleanup: 14400 ns, At safepoint: 2300 ns, Total: 24400 ns
[1436.384s][info ][safepoint      ] Safepoint "Cleanup", Time since last: 5000391161 ns, Reaching safepoint: 6000 ns, Cleanup: 14599 ns, At safepoint: 2000 ns, Total: 22599 ns
[1438.384s][info ][safepoint      ] Safepoint "Cleanup", Time since last: 2000179558 ns, Reaching safepoint: 6700 ns, Cleanup: 23899 ns, At safepoint: 1900 ns, Total: 32499 ns
[1439.384s][info ][safepoint      ] Safepoint "Cleanup", Time since last: 1000113979 ns, Reaching safepoint: 6900 ns, Cleanup: 10400 ns, At safepoint: 2000 ns, Total: 19300 ns
[1439.764s][info ][gc,start       ] GC(43) Pause Young (Allocation Failure)
[1439.807s][debug][gc,phases      ] GC(43) Scavenge 43.123ms
[1439.807s][debug][gc,ref         ] GC(43) ReferenceProcessor::execute queues: 1, RefProcThreadModel::Single, marks_oops_alive: false
[1439.807s][debug][gc,ref         ] GC(43) Skipped KeepAliveFinalRefsPhase of Reference Processing: no references
[1439.807s][debug][gc,ref         ] GC(43) ReferenceProcessor::execute queues: 1, RefProcThreadModel::Single, marks_oops_alive: false
[1439.807s][debug][gc,phases      ] GC(43) Reference Processing 0.133ms
[1439.807s][debug][gc,phases      ] GC(43)   VM Weak                        Min:  0.0, Avg:  0.0, Max:  0.0, Diff:  0.0, Sum:  0.0, Workers: 4
[1439.807s][debug][gc,phases      ] GC(43)     Dead                           Min: 0, Avg:  0.0, Max: 0, Diff: 0, Sum: 0, Workers: 4
[1439.807s][debug][gc,phases      ] GC(43)     Total                          Min: 0, Avg: 239.5, Max: 576, Diff: 576, Sum: 958, Workers: 4
[1439.807s][debug][gc,phases      ] GC(43)   ObjectSynchronizer Weak        Min:  0.0, Avg:  0.0, Max:  0.0, Diff:  0.0, Sum:  0.0, Workers: 4
[1439.807s][debug][gc,phases      ] GC(43)     Dead                           Min: 0, Avg:  0.0, Max: 0, Diff: 0, Sum: 0, Workers: 4
[1439.807s][debug][gc,phases      ] GC(43)     Total                          Min: 0, Avg:  1.2, Max: 5, Diff: 5, Sum: 5, Workers: 4
[1439.807s][debug][gc,phases      ] GC(43)   JVMTI Tag Weak OopStorage      Min:  0.0, Avg:  0.0, Max:  0.0, Diff:  0.0, Sum:  0.0, Workers: 4
[1439.807s][debug][gc,phases      ] GC(43)     Dead                           Min: 0, Avg:  0.0, Max: 0, Diff: 0, Sum: 0, Workers: 4
[1439.807s][debug][gc,phases      ] GC(43)     Total                          Min: 0, Avg:  0.0, Max: 0, Diff: 0, Sum: 0, Workers: 4
[1439.807s][debug][gc,phases      ] GC(43)   StringTable Weak               Min:  0.0, Avg:  0.1, Max:  0.1, Diff:  0.1, Sum:  0.4, Workers: 4
[1439.807s][debug][gc,phases      ] GC(43)     Dead                           Min: 0, Avg:  0.0, Max: 0, Diff: 0, Sum: 0, Workers: 4
[1439.807s][debug][gc,phases      ] GC(43)     Total                          Min: 0, Avg: 11492.5, Max: 19904, Diff: 19904, Sum: 45970, Workers: 4
[1439.807s][debug][gc,phases      ] GC(43)   ResolvedMethodTable Weak       Min:  0.0, Avg:  0.0, Max:  0.0, Diff:  0.0, Sum:  0.1, Workers: 4
[1439.807s][debug][gc,phases      ] GC(43)     Dead                           Min: 0, Avg:  4.0, Max: 16, Diff: 16, Sum: 16, Workers: 4
[1439.807s][debug][gc,phases      ] GC(43)     Total                          Min: 0, Avg: 3753.8, Max: 6262, Diff: 6262, Sum: 15015, Workers: 4
[1439.807s][debug][gc,phases      ] GC(43)   JNI Weak                       Min:  0.0, Avg:  0.0, Max:  0.0, Diff:  0.0, Sum:  0.0, Workers: 4
[1439.807s][debug][gc,phases      ] GC(43)     Dead                           Min: 0, Avg:  0.0, Max: 0, Diff: 0, Sum: 0, Workers: 4
[1439.807s][debug][gc,phases      ] GC(43)     Total                          Min: 0, Avg: 13.0, Max: 48, Diff: 48, Sum: 52, Workers: 4
[1439.807s][debug][gc,phases      ] GC(43)   StringDedup Table Weak         Min:  0.0, Avg:  0.0, Max:  0.0, Diff:  0.0, Sum:  0.0, Workers: 4
[1439.807s][debug][gc,phases      ] GC(43)     Dead                           Min: 0, Avg:  0.0, Max: 0, Diff: 0, Sum: 0, Workers: 4
[1439.807s][debug][gc,phases      ] GC(43)     Total                          Min: 0, Avg:  0.0, Max: 0, Diff: 0, Sum: 0, Workers: 4
[1439.807s][debug][gc,phases      ] GC(43)   StringDedup Requests0 Weak     Min:  0.0, Avg:  0.0, Max:  0.0, Diff:  0.0, Sum:  0.0, Workers: 4
[1439.807s][debug][gc,phases      ] GC(43)     Dead                           Min: 0, Avg:  0.0, Max: 0, Diff: 0, Sum: 0, Workers: 4
[1439.807s][debug][gc,phases      ] GC(43)     Total                          Min: 0, Avg:  0.0, Max: 0, Diff: 0, Sum: 0, Workers: 4
[1439.807s][debug][gc,phases      ] GC(43)   StringDedup Requests1 Weak     Min:  0.0, Avg:  0.0, Max:  0.0, Diff:  0.0, Sum:  0.0, Workers: 4
[1439.807s][debug][gc,phases      ] GC(43)     Dead                           Min: 0, Avg:  0.0, Max: 0, Diff: 0, Sum: 0, Workers: 4
[1439.807s][debug][gc,phases      ] GC(43)     Total                          Min: 0, Avg:  0.0, Max: 0, Diff: 0, Sum: 0, Workers: 4
[1439.807s][debug][gc,phases      ] GC(43)   Weak JFR Old Object Samples    Min:  0.0, Avg:  0.0, Max:  0.0, Diff:  0.0, Sum:  0.0, Workers: 4
[1439.807s][debug][gc,phases      ] GC(43)     Dead                           Min: 0, Avg:  0.0, Max: 0, Diff: 0, Sum: 0, Workers: 4
[1439.807s][debug][gc,phases      ] GC(43)     Total                          Min: 0, Avg:  0.0, Max: 0, Diff: 0, Sum: 0, Workers: 4
[1439.807s][debug][gc,phases      ] GC(43) Weak Processing 0.372ms
[1439.807s][debug][gc,age         ] GC(43) Desired survivor size 81788928 bytes, new threshold 1 (max threshold 15)
[1439.807s][info ][gc,heap        ] GC(43) PSYoungGen: 1993264K(2012160K)->41792K(1984512K) Eden: 1942528K(1942528K)->0K(1942528K) From: 50736K(69632K)->41792K(41984K)
[1439.807s][info ][gc,heap        ] GC(43) ParOldGen: 378870K(378880K)->427255K(427520K)
[1439.807s][info ][gc,metaspace   ] GC(43) Metaspace: 105352K(106624K)->105352K(106624K) NonClass: 89408K(90112K)->89408K(90112K) Class: 15944K(16512K)->15944K(16512K)
[1439.807s][info ][gc             ] GC(43) Pause Young (Allocation Failure) 2316M->458M(2355M) 43.746ms
[1439.807s][info ][gc,cpu         ] GC(43) User=0.12s Sys=0.03s Real=0.04s
[1439.807s][info ][safepoint      ] Safepoint "ParallelGCFailedAllocation", Time since last: 379369833 ns, Reaching safepoint: 5500 ns, Cleanup: 6900 ns, At safepoint: 43822384 ns, Total: 43834784 ns
[1443.525s][info ][safepoint      ] Safepoint "Cleanup", Time since last: 3717151336 ns, Reaching safepoint: 7000 ns, Cleanup: 18900 ns, At safepoint: 2100 ns, Total: 28000 ns
[1444.525s][info ][safepoint      ] Safepoint "Cleanup", Time since last: 1000119587 ns, Reaching safepoint: 7900 ns, Cleanup: 12100 ns, At safepoint: 2100 ns, Total: 22100 ns
[1449.525s][info ][safepoint      ] Safepoint "Cleanup", Time since last: 5000397236 ns, Reaching safepoint: 6200 ns, Cleanup: 14400 ns, At safepoint: 1800 ns, Total: 22400 ns
[1450.525s][info ][safepoint      ] Safepoint "Cleanup", Time since last: 1000105318 ns, Reaching safepoint: 6400 ns, Cleanup: 10000 ns, At safepoint: 1800 ns, Total: 18200 ns
[1452.526s][info ][safepoint      ] Safepoint "Cleanup", Time since last: 2000180701 ns, Reaching safepoint: 7800 ns, Cleanup: 12000 ns, At safepoint: 2400 ns, Total: 22200 ns
[1455.526s][info ][safepoint      ] Safepoint "Cleanup", Time since last: 3000258051 ns, Reaching safepoint: 7900 ns, Cleanup: 12600 ns, At safepoint: 2400 ns, Total: 22900 ns
[1456.526s][info ][safepoint      ] Safepoint "Cleanup", Time since last: 1000125350 ns, Reaching safepoint: 8300 ns, Cleanup: 19000 ns, At safepoint: 2300 ns, Total: 29600 ns
[1457.526s][info ][safepoint      ] Safepoint "Cleanup", Time since last: 1000120450 ns, Reaching safepoint: 6200 ns, Cleanup: 13400 ns, At safepoint: 2300 ns, Total: 21900 ns
[1458.526s][info ][safepoint      ] Safepoint "Cleanup", Time since last: 1000114686 ns, Reaching safepoint: 6600 ns, Cleanup: 26500 ns, At safepoint: 1900 ns, Total: 35000 ns
[1459.526s][info ][safepoint      ] Safepoint "Cleanup", Time since last: 1000113301 ns, Reaching safepoint: 5700 ns, Cleanup: 13400 ns, At safepoint: 1700 ns, Total: 20800 ns
[1460.527s][info ][safepoint      ] Safepoint "Cleanup", Time since last: 1000129601 ns, Reaching safepoint: 7999 ns, Cleanup: 20400 ns, At safepoint: 2400 ns, Total: 30799 ns
[1461.527s][info ][safepoint      ] Safepoint "Cleanup", Time since last: 1000120401 ns, Reaching safepoint: 8300 ns, Cleanup: 13200 ns, At safepoint: 2700 ns, Total: 24200 ns
[1462.527s][info ][safepoint      ] Safepoint "Cleanup", Time since last: 1000131301 ns, Reaching safepoint: 9300 ns, Cleanup: 19300 ns, At safepoint: 2600 ns, Total: 31200 ns
[1463.527s][info ][safepoint      ] Safepoint "Cleanup", Time since last: 1000148901 ns, Reaching safepoint: 9199 ns, Cleanup: 14400 ns, At safepoint: 2300 ns, Total: 25899 ns
[1464.527s][info ][safepoint      ] Safepoint "Cleanup", Time since last: 1000134301 ns, Reaching safepoint: 9000 ns, Cleanup: 18100 ns, At safepoint: 2300 ns, Total: 29400 ns
[1465.527s][info ][safepoint      ] Safepoint "Cleanup", Time since last: 1000120999 ns, Reaching safepoint: 7300 ns, Cleanup: 14400 ns, At safepoint: 2100 ns, Total: 23800 ns
[1470.528s][info ][safepoint      ] Safepoint "Cleanup", Time since last: 5000453086 ns, Reaching safepoint: 6600 ns, Cleanup: 9900 ns, At safepoint: 2400 ns, Total: 18900 ns
[1473.528s][info ][safepoint      ] Safepoint "Cleanup", Time since last: 3000250911 ns, Reaching safepoint: 7000 ns, Cleanup: 12100 ns, At safepoint: 2300 ns, Total: 21400 ns
[1474.528s][info ][safepoint      ] Safepoint "Cleanup", Time since last: 1000122396 ns, Reaching safepoint: 8200 ns, Cleanup: 18900 ns, At safepoint: 2500 ns, Total: 29600 ns
[1475.528s][info ][safepoint      ] Safepoint "Cleanup", Time since last: 1000122788 ns, Reaching safepoint: 8200 ns, Cleanup: 18700 ns, At safepoint: 2000 ns, Total: 28900 ns
[1477.529s][info ][safepoint      ] Safepoint "Cleanup", Time since last: 2000183578 ns, Reaching safepoint: 6000 ns, Cleanup: 11800 ns, At safepoint: 2300 ns, Total: 20100 ns
[1478.529s][info ][safepoint      ] Safepoint "Cleanup", Time since last: 1000106188 ns, Reaching safepoint: 6700 ns, Cleanup: 12400 ns, At safepoint: 1900 ns, Total: 21000 ns
[1479.529s][info ][safepoint      ] Safepoint "Cleanup", Time since last: 1000130689 ns, Reaching safepoint: 6300 ns, Cleanup: 9500 ns, At safepoint: 1900 ns, Total: 17700 ns
[1481.529s][info ][safepoint      ] Safepoint "Cleanup", Time since last: 2000207178 ns, Reaching safepoint: 6299 ns, Cleanup: 9500 ns, At safepoint: 1900 ns, Total: 17699 ns
[1482.529s][info ][safepoint      ] Safepoint "Cleanup", Time since last: 1000116379 ns, Reaching safepoint: 6800 ns, Cleanup: 10800 ns, At safepoint: 2400 ns, Total: 20000 ns
[1484.529s][info ][safepoint      ] Safepoint "Cleanup", Time since last: 2000182553 ns, Reaching safepoint: 6400 ns, Cleanup: 14100 ns, At safepoint: 2200 ns, Total: 22700 ns
[1485.530s][info ][safepoint      ] Safepoint "Cleanup", Time since last: 1000112276 ns, Reaching safepoint: 7500 ns, Cleanup: 12500 ns, At safepoint: 2500 ns, Total: 22500 ns
[1486.530s][info ][safepoint      ] Safepoint "Cleanup", Time since last: 1000120876 ns, Reaching safepoint: 8600 ns, Cleanup: 15000 ns, At safepoint: 2300 ns, Total: 25900 ns
[1487.530s][info ][safepoint      ] Safepoint "Cleanup", Time since last: 1000126976 ns, Reaching safepoint: 7000 ns, Cleanup: 13100 ns, At safepoint: 2700 ns, Total: 22800 ns
[1492.530s][info ][safepoint      ] Safepoint "Cleanup", Time since last: 5000416138 ns, Reaching safepoint: 6400 ns, Cleanup: 11000 ns, At safepoint: 2400 ns, Total: 19800 ns
[1494.531s][info ][safepoint      ] Safepoint "Cleanup", Time since last: 2000189021 ns, Reaching safepoint: 7000 ns, Cleanup: 12100 ns, At safepoint: 2400 ns, Total: 21500 ns
[1497.209s][info ][gc,start       ] GC(44) Pause Young (Allocation Failure)
[1497.234s][debug][gc,phases      ] GC(44) Scavenge 24.750ms
[1497.234s][debug][gc,ref         ] GC(44) ReferenceProcessor::execute queues: 1, RefProcThreadModel::Single, marks_oops_alive: false
[1497.234s][debug][gc,ref         ] GC(44) Skipped KeepAliveFinalRefsPhase of Reference Processing: no references
[1497.234s][debug][gc,ref         ] GC(44) ReferenceProcessor::execute queues: 1, RefProcThreadModel::Single, marks_oops_alive: false
[1497.234s][debug][gc,phases      ] GC(44) Reference Processing 0.089ms
[1497.234s][debug][gc,phases      ] GC(44)   VM Weak                        Min:  0.0, Avg:  0.0, Max:  0.0, Diff:  0.0, Sum:  0.0, Workers: 4
[1497.234s][debug][gc,phases      ] GC(44)     Dead                           Min: 0, Avg:  0.0, Max: 0, Diff: 0, Sum: 0, Workers: 4
[1497.234s][debug][gc,phases      ] GC(44)     Total                          Min: 0, Avg: 239.5, Max: 510, Diff: 510, Sum: 958, Workers: 4
[1497.234s][debug][gc,phases      ] GC(44)   ObjectSynchronizer Weak        Min:  0.0, Avg:  0.0, Max:  0.0, Diff:  0.0, Sum:  0.0, Workers: 4
[1497.234s][debug][gc,phases      ] GC(44)     Dead                           Min: 0, Avg:  0.0, Max: 0, Diff: 0, Sum: 0, Workers: 4
[1497.234s][debug][gc,phases      ] GC(44)     Total                          Min: 0, Avg:  1.0, Max: 4, Diff: 4, Sum: 4, Workers: 4
[1497.234s][debug][gc,phases      ] GC(44)   JVMTI Tag Weak OopStorage      Min:  0.0, Avg:  0.0, Max:  0.0, Diff:  0.0, Sum:  0.0, Workers: 4
[1497.234s][debug][gc,phases      ] GC(44)     Dead                           Min: 0, Avg:  0.0, Max: 0, Diff: 0, Sum: 0, Workers: 4
[1497.234s][debug][gc,phases      ] GC(44)     Total                          Min: 0, Avg:  0.0, Max: 0, Diff: 0, Sum: 0, Workers: 4
[1497.234s][debug][gc,phases      ] GC(44)   StringTable Weak               Min:  0.0, Avg:  0.1, Max:  0.1, Diff:  0.1, Sum:  0.4, Workers: 4
[1497.234s][debug][gc,phases      ] GC(44)     Dead                           Min: 0, Avg:  0.0, Max: 0, Diff: 0, Sum: 0, Workers: 4
[1497.234s][debug][gc,phases      ] GC(44)     Total                          Min: 0, Avg: 11493.2, Max: 20117, Diff: 20117, Sum: 45973, Workers: 4
[1497.234s][debug][gc,phases      ] GC(44)   ResolvedMethodTable Weak       Min:  0.0, Avg:  0.1, Max:  0.1, Diff:  0.0, Sum:  0.2, Workers: 4
[1497.234s][debug][gc,phases      ] GC(44)     Dead                           Min: 0, Avg:  4.0, Max: 16, Diff: 16, Sum: 16, Workers: 4
[1497.234s][debug][gc,phases      ] GC(44)     Total                          Min: 3234, Avg: 3753.8, Max: 4462, Diff: 1228, Sum: 15015, Workers: 4
[1497.234s][debug][gc,phases      ] GC(44)   JNI Weak                       Min:  0.0, Avg:  0.0, Max:  0.0, Diff:  0.0, Sum:  0.0, Workers: 4
[1497.234s][debug][gc,phases      ] GC(44)     Dead                           Min: 0, Avg:  0.0, Max: 0, Diff: 0, Sum: 0, Workers: 4
[1497.234s][debug][gc,phases      ] GC(44)     Total                          Min: 0, Avg: 13.0, Max: 48, Diff: 48, Sum: 52, Workers: 4
[1497.234s][debug][gc,phases      ] GC(44)   StringDedup Table Weak         Min:  0.0, Avg:  0.0, Max:  0.0, Diff:  0.0, Sum:  0.0, Workers: 4
[1497.234s][debug][gc,phases      ] GC(44)     Dead                           Min: 0, Avg:  0.0, Max: 0, Diff: 0, Sum: 0, Workers: 4
[1497.234s][debug][gc,phases      ] GC(44)     Total                          Min: 0, Avg:  0.0, Max: 0, Diff: 0, Sum: 0, Workers: 4
[1497.234s][debug][gc,phases      ] GC(44)   StringDedup Requests0 Weak     Min:  0.0, Avg:  0.0, Max:  0.0, Diff:  0.0, Sum:  0.0, Workers: 4
[1497.234s][debug][gc,phases      ] GC(44)     Dead                           Min: 0, Avg:  0.0, Max: 0, Diff: 0, Sum: 0, Workers: 4
[1497.234s][debug][gc,phases      ] GC(44)     Total                          Min: 0, Avg:  0.0, Max: 0, Diff: 0, Sum: 0, Workers: 4
[1497.234s][debug][gc,phases      ] GC(44)   StringDedup Requests1 Weak     Min:  0.0, Avg:  0.0, Max:  0.0, Diff:  0.0, Sum:  0.0, Workers: 4
[1497.234s][debug][gc,phases      ] GC(44)     Dead                           Min: 0, Avg:  0.0, Max: 0, Diff: 0, Sum: 0, Workers: 4
[1497.234s][debug][gc,phases      ] GC(44)     Total                          Min: 0, Avg:  0.0, Max: 0, Diff: 0, Sum: 0, Workers: 4
[1497.234s][debug][gc,phases      ] GC(44)   Weak JFR Old Object Samples    Min:  0.0, Avg:  0.0, Max:  0.0, Diff:  0.0, Sum:  0.0, Workers: 4
[1497.234s][debug][gc,phases      ] GC(44)     Dead                           Min: 0, Avg:  0.0, Max: 0, Diff: 0, Sum: 0, Workers: 4
[1497.234s][debug][gc,phases      ] GC(44)     Total                          Min: 0, Avg:  0.0, Max: 0, Diff: 0, Sum: 0, Workers: 4
[1497.234s][debug][gc,phases      ] GC(44) Weak Processing 0.366ms
[1497.234s][debug][gc,age         ] GC(44) Desired survivor size 79167488 bytes, new threshold 1 (max threshold 15)
[1497.234s][info ][gc,heap        ] GC(44) PSYoungGen: 1984320K(1984512K)->2944K(2019840K) Eden: 1942528K(1942528K)->0K(1939968K) From: 41792K(41984K)->2944K(79872K)
[1497.234s][info ][gc,heap        ] GC(44) ParOldGen: 427255K(427520K)->470864K(471040K)
[1497.234s][info ][gc,metaspace   ] GC(44) Metaspace: 105408K(106688K)->105408K(106688K) NonClass: 89463K(90176K)->89463K(90176K) Class: 15944K(16512K)->15944K(16512K)
[1497.234s][info ][gc             ] GC(44) Pause Young (Allocation Failure) 2355M->462M(2432M) 25.321ms
[1497.234s][info ][gc,cpu         ] GC(44) User=0.07s Sys=0.03s Real=0.03s
[1497.234s][info ][safepoint      ] Safepoint "ParallelGCFailedAllocation", Time since last: 2678227705 ns, Reaching safepoint: 5800 ns, Cleanup: 5200 ns, At safepoint: 25396072 ns, Total: 25407072 ns
[1502.542s][info ][safepoint      ] Safepoint "Cleanup", Time since last: 5307711652 ns, Reaching safepoint: 6200 ns, Cleanup: 24799 ns, At safepoint: 1900 ns, Total: 32899 ns
[1510.543s][info ][safepoint      ] Safepoint "Cleanup", Time since last: 8000607410 ns, Reaching safepoint: 5700 ns, Cleanup: 13100 ns, At safepoint: 2300 ns, Total: 21100 ns
[1511.543s][info ][safepoint      ] Safepoint "Cleanup", Time since last: 1000118049 ns, Reaching safepoint: 5800 ns, Cleanup: 11100 ns, At safepoint: 2200 ns, Total: 19100 ns
[1513.543s][info ][safepoint      ] Safepoint "Cleanup", Time since last: 2000181470 ns, Reaching safepoint: 6400 ns, Cleanup: 41300 ns, At safepoint: 2400 ns, Total: 50100 ns
[1514.543s][info ][safepoint      ] Safepoint "Cleanup", Time since last: 1000110968 ns, Reaching safepoint: 6000 ns, Cleanup: 9400 ns, At safepoint: 21698 ns, Total: 37098 ns
[1520.544s][info ][safepoint      ] Safepoint "Cleanup", Time since last: 6000494239 ns, Reaching safepoint: 7300 ns, Cleanup: 14500 ns, At safepoint: 2200 ns, Total: 24000 ns
[1521.544s][info ][safepoint      ] Safepoint "Cleanup", Time since last: 1000111033 ns, Reaching safepoint: 6600 ns, Cleanup: 12600 ns, At safepoint: 1600 ns, Total: 20800 ns
[1522.544s][info ][safepoint      ] Safepoint "Cleanup", Time since last: 1000116058 ns, Reaching safepoint: 7900 ns, Cleanup: 13899 ns, At safepoint: 2200 ns, Total: 23999 ns
[1524.544s][info ][safepoint      ] Safepoint "Cleanup", Time since last: 2000183581 ns, Reaching safepoint: 7500 ns, Cleanup: 32900 ns, At safepoint: 2500 ns, Total: 42900 ns
[1525.544s][info ][safepoint      ] Safepoint "Cleanup", Time since last: 1000118439 ns, Reaching safepoint: 7299 ns, Cleanup: 11000 ns, At safepoint: 2200 ns, Total: 20499 ns
[1526.544s][info ][safepoint      ] Safepoint "Cleanup", Time since last: 1000115839 ns, Reaching safepoint: 7300 ns, Cleanup: 15700 ns, At safepoint: 2000 ns, Total: 25000 ns
[1531.545s][info ][safepoint      ] Safepoint "Cleanup", Time since last: 5000403198 ns, Reaching safepoint: 6900 ns, Cleanup: 14100 ns, At safepoint: 2400 ns, Total: 23400 ns
[1533.545s][info ][safepoint      ] Safepoint "Cleanup", Time since last: 2000212741 ns, Reaching safepoint: 7300 ns, Cleanup: 33500 ns, At safepoint: 2699 ns, Total: 43499 ns
[1534.545s][info ][safepoint      ] Safepoint "Cleanup", Time since last: 1000128571 ns, Reaching safepoint: 7700 ns, Cleanup: 11299 ns, At safepoint: 2400 ns, Total: 21399 ns
[1535.545s][info ][safepoint      ] Safepoint "Cleanup", Time since last: 1000121871 ns, Reaching safepoint: 6900 ns, Cleanup: 14400 ns, At safepoint: 2199 ns, Total: 23499 ns
[1538.546s][info ][safepoint      ] Safepoint "Cleanup", Time since last: 3000268308 ns, Reaching safepoint: 7399 ns, Cleanup: 12100 ns, At safepoint: 2500 ns, Total: 21999 ns
[1539.546s][info ][safepoint      ] Safepoint "Cleanup", Time since last: 1000120486 ns, Reaching safepoint: 7300 ns, Cleanup: 17300 ns, At safepoint: 2500 ns, Total: 27100 ns
[1540.546s][info ][safepoint      ] Safepoint "Cleanup", Time since last: 1000118486 ns, Reaching safepoint: 22899 ns, Cleanup: 10300 ns, At safepoint: 2800 ns, Total: 35999 ns
[1544.546s][info ][safepoint      ] Safepoint "Cleanup", Time since last: 4000329845 ns, Reaching safepoint: 7100 ns, Cleanup: 25100 ns, At safepoint: 2000 ns, Total: 34200 ns
[1545.546s][info ][safepoint      ] Safepoint "Cleanup", Time since last: 1000116286 ns, Reaching safepoint: 6900 ns, Cleanup: 9599 ns, At safepoint: 1900 ns, Total: 18399 ns
[1546.547s][info ][safepoint      ] Safepoint "Cleanup", Time since last: 1000123381 ns, Reaching safepoint: 9300 ns, Cleanup: 18199 ns, At safepoint: 3100 ns, Total: 30599 ns
[1548.419s][info ][gc,start       ] GC(45) Pause Young (Allocation Failure)
[1548.424s][debug][gc,phases      ] GC(45) Scavenge 5.424ms
[1548.424s][debug][gc,ref         ] GC(45) ReferenceProcessor::execute queues: 1, RefProcThreadModel::Single, marks_oops_alive: false
[1548.424s][debug][gc,ref         ] GC(45) Skipped KeepAliveFinalRefsPhase of Reference Processing: no references
[1548.424s][debug][gc,ref         ] GC(45) ReferenceProcessor::execute queues: 1, RefProcThreadModel::Single, marks_oops_alive: false
[1548.424s][debug][gc,phases      ] GC(45) Reference Processing 0.100ms
[1548.424s][debug][gc,phases      ] GC(45)   VM Weak                        Min:  0.0, Avg:  0.0, Max:  0.0, Diff:  0.0, Sum:  0.0, Workers: 4
[1548.424s][debug][gc,phases      ] GC(45)     Dead                           Min: 0, Avg:  0.0, Max: 0, Diff: 0, Sum: 0, Workers: 4
[1548.424s][debug][gc,phases      ] GC(45)     Total                          Min: 0, Avg: 239.5, Max: 576, Diff: 576, Sum: 958, Workers: 4
[1548.424s][debug][gc,phases      ] GC(45)   ObjectSynchronizer Weak        Min:  0.0, Avg:  0.0, Max:  0.0, Diff:  0.0, Sum:  0.0, Workers: 4
[1548.424s][debug][gc,phases      ] GC(45)     Dead                           Min: 0, Avg:  0.0, Max: 0, Diff: 0, Sum: 0, Workers: 4
[1548.424s][debug][gc,phases      ] GC(45)     Total                          Min: 0, Avg:  1.0, Max: 4, Diff: 4, Sum: 4, Workers: 4
[1548.424s][debug][gc,phases      ] GC(45)   JVMTI Tag Weak OopStorage      Min:  0.0, Avg:  0.0, Max:  0.0, Diff:  0.0, Sum:  0.0, Workers: 4
[1548.424s][debug][gc,phases      ] GC(45)     Dead                           Min: 0, Avg:  0.0, Max: 0, Diff: 0, Sum: 0, Workers: 4
[1548.424s][debug][gc,phases      ] GC(45)     Total                          Min: 0, Avg:  0.0, Max: 0, Diff: 0, Sum: 0, Workers: 4
[1548.424s][debug][gc,phases      ] GC(45)   StringTable Weak               Min:  0.0, Avg:  0.1, Max:  0.1, Diff:  0.1, Sum:  0.4, Workers: 4
[1548.424s][debug][gc,phases      ] GC(45)     Dead                           Min: 0, Avg:  0.2, Max: 1, Diff: 1, Sum: 1, Workers: 4
[1548.424s][debug][gc,phases      ] GC(45)     Total                          Min: 0, Avg: 11498.0, Max: 19177, Diff: 19177, Sum: 45992, Workers: 4
[1548.424s][debug][gc,phases      ] GC(45)   ResolvedMethodTable Weak       Min:  0.0, Avg:  0.0, Max:  0.1, Diff:  0.0, Sum:  0.1, Workers: 4
[1548.424s][debug][gc,phases      ] GC(45)     Dead                           Min: 0, Avg:  4.5, Max: 16, Diff: 16, Sum: 18, Workers: 4
[1548.424s][debug][gc,phases      ] GC(45)     Total                          Min: 0, Avg: 3755.2, Max: 5892, Diff: 5892, Sum: 15021, Workers: 4
[1548.424s][debug][gc,phases      ] GC(45)   JNI Weak                       Min:  0.0, Avg:  0.0, Max:  0.0, Diff:  0.0, Sum:  0.0, Workers: 4
[1548.424s][debug][gc,phases      ] GC(45)     Dead                           Min: 0, Avg:  0.0, Max: 0, Diff: 0, Sum: 0, Workers: 4
[1548.424s][debug][gc,phases      ] GC(45)     Total                          Min: 0, Avg: 13.0, Max: 48, Diff: 48, Sum: 52, Workers: 4
[1548.424s][debug][gc,phases      ] GC(45)   StringDedup Table Weak         Min:  0.0, Avg:  0.0, Max:  0.0, Diff:  0.0, Sum:  0.0, Workers: 4
[1548.424s][debug][gc,phases      ] GC(45)     Dead                           Min: 0, Avg:  0.0, Max: 0, Diff: 0, Sum: 0, Workers: 4
[1548.424s][debug][gc,phases      ] GC(45)     Total                          Min: 0, Avg:  0.0, Max: 0, Diff: 0, Sum: 0, Workers: 4
[1548.424s][debug][gc,phases      ] GC(45)   StringDedup Requests0 Weak     Min:  0.0, Avg:  0.0, Max:  0.0, Diff:  0.0, Sum:  0.0, Workers: 4
[1548.425s][debug][gc,phases      ] GC(45)     Dead                           Min: 0, Avg:  0.0, Max: 0, Diff: 0, Sum: 0, Workers: 4
[1548.425s][debug][gc,phases      ] GC(45)     Total                          Min: 0, Avg:  0.0, Max: 0, Diff: 0, Sum: 0, Workers: 4
[1548.425s][debug][gc,phases      ] GC(45)   StringDedup Requests1 Weak     Min:  0.0, Avg:  0.0, Max:  0.0, Diff:  0.0, Sum:  0.0, Workers: 4
[1548.425s][debug][gc,phases      ] GC(45)     Dead                           Min: 0, Avg:  0.0, Max: 0, Diff: 0, Sum: 0, Workers: 4
[1548.425s][debug][gc,phases      ] GC(45)     Total                          Min: 0, Avg:  0.0, Max: 0, Diff: 0, Sum: 0, Workers: 4
[1548.425s][debug][gc,phases      ] GC(45)   Weak JFR Old Object Samples    Min:  0.0, Avg:  0.0, Max:  0.0, Diff:  0.0, Sum:  0.0, Workers: 4
[1548.425s][debug][gc,phases      ] GC(45)     Dead                           Min: 0, Avg:  0.0, Max: 0, Diff: 0, Sum: 0, Workers: 4
[1548.425s][debug][gc,phases      ] GC(45)     Total                          Min: 0, Avg:  0.0, Max: 0, Diff: 0, Sum: 0, Workers: 4
[1548.425s][debug][gc,phases      ] GC(45) Weak Processing 0.381ms
[1548.425s][debug][gc,age         ] GC(45) Desired survivor size 74973184 bytes, new threshold 1 (max threshold 15)
[1548.425s][info ][gc,heap        ] GC(45) PSYoungGen: 1942912K(2019840K)->7936K(2017280K) Eden: 1939968K(1939968K)->0K(1939968K) From: 2944K(79872K)->7936K(77312K)
[1548.425s][info ][gc,heap        ] GC(45) ParOldGen: 470864K(471040K)->471900K(472064K)
[1548.425s][info ][gc,metaspace   ] GC(45) Metaspace: 105458K(106688K)->105458K(106688K) NonClass: 89508K(90176K)->89508K(90176K) Class: 15949K(16512K)->15949K(16512K)
[1548.425s][info ][gc             ] GC(45) Pause Young (Allocation Failure) 2357M->468M(2431M) 6.028ms
[1548.425s][info ][gc,cpu         ] GC(45) User=0.02s Sys=0.00s Real=0.01s
[1548.425s][info ][safepoint      ] Safepoint "ParallelGCFailedAllocation", Time since last: 1871890121 ns, Reaching safepoint: 7200 ns, Cleanup: 15700 ns, At safepoint: 6106535 ns, Total: 6129435 ns
[1549.425s][info ][safepoint      ] Safepoint "Cleanup", Time since last: 1000086779 ns, Reaching safepoint: 5800 ns, Cleanup: 8000 ns, At safepoint: 2300 ns, Total: 16100 ns
[1550.425s][info ][safepoint      ] Safepoint "Cleanup", Time since last: 1000117179 ns, Reaching safepoint: 7200 ns, Cleanup: 29499 ns, At safepoint: 2600 ns, Total: 39299 ns
[1551.425s][info ][safepoint      ] Safepoint "Cleanup", Time since last: 1000136379 ns, Reaching safepoint: 7500 ns, Cleanup: 12900 ns, At safepoint: 2400 ns, Total: 22800 ns
[1554.425s][info ][safepoint      ] Safepoint "Cleanup", Time since last: 3000248665 ns, Reaching safepoint: 5700 ns, Cleanup: 7200 ns, At safepoint: 2200 ns, Total: 15100 ns
[1556.425s][info ][safepoint      ] Safepoint "Cleanup", Time since last: 2000173267 ns, Reaching safepoint: 5999 ns, Cleanup: 9400 ns, At safepoint: 2100 ns, Total: 17499 ns
[1557.426s][info ][safepoint      ] Safepoint "Cleanup", Time since last: 1000105833 ns, Reaching safepoint: 6400 ns, Cleanup: 9300 ns, At safepoint: 2000 ns, Total: 17700 ns
[1558.426s][info ][safepoint      ] Safepoint "Cleanup", Time since last: 1000113433 ns, Reaching safepoint: 6700 ns, Cleanup: 15200 ns, At safepoint: 2300 ns, Total: 24200 ns
[1562.560s][info ][safepoint      ] Safepoint "Cleanup", Time since last: 4134216446 ns, Reaching safepoint: 83199 ns, Cleanup: 14099 ns, At safepoint: 8000 ns, Total: 105298 ns
[1563.560s][info ][safepoint      ] Safepoint "Cleanup", Time since last: 1000117690 ns, Reaching safepoint: 76899 ns, Cleanup: 11400 ns, At safepoint: 7999 ns, Total: 96298 ns
[1565.561s][info ][safepoint      ] Safepoint "Cleanup", Time since last: 2000198580 ns, Reaching safepoint: 80999 ns, Cleanup: 10400 ns, At safepoint: 6599 ns, Total: 97998 ns
[1566.561s][info ][safepoint      ] Safepoint "Cleanup", Time since last: 1000129390 ns, Reaching safepoint: 80499 ns, Cleanup: 9200 ns, At safepoint: 6699 ns, Total: 96398 ns
[1567.561s][info ][safepoint      ] Safepoint "Cleanup", Time since last: 1000113990 ns, Reaching safepoint: 77399 ns, Cleanup: 10200 ns, At safepoint: 7900 ns, Total: 95499 ns
[1571.561s][info ][safepoint      ] Safepoint "Cleanup", Time since last: 4000336084 ns, Reaching safepoint: 83999 ns, Cleanup: 16200 ns, At safepoint: 9400 ns, Total: 109599 ns
[1572.562s][info ][safepoint      ] Safepoint "Cleanup", Time since last: 1000123615 ns, Reaching safepoint: 81799 ns, Cleanup: 15499 ns, At safepoint: 10100 ns, Total: 107398 ns
[1576.562s][info ][safepoint      ] Safepoint "Cleanup", Time since last: 4000345260 ns, Reaching safepoint: 83499 ns, Cleanup: 9200 ns, At safepoint: 10400 ns, Total: 103099 ns
[1580.563s][info ][safepoint      ] Safepoint "Cleanup", Time since last: 4000341368 ns, Reaching safepoint: 85199 ns, Cleanup: 10400 ns, At safepoint: 10100 ns, Total: 105699 ns
[1581.563s][info ][safepoint      ] Safepoint "Cleanup", Time since last: 1000138924 ns, Reaching safepoint: 83099 ns, Cleanup: 10500 ns, At safepoint: 7400 ns, Total: 100999 ns
[1585.563s][info ][safepoint      ] Safepoint "Cleanup", Time since last: 4000364799 ns, Reaching safepoint: 81999 ns, Cleanup: 13200 ns, At safepoint: 11500 ns, Total: 106699 ns
[1586.564s][info ][safepoint      ] Safepoint "Cleanup", Time since last: 1000144128 ns, Reaching safepoint: 81099 ns, Cleanup: 9500 ns, At safepoint: 6300 ns, Total: 96899 ns
[1587.564s][info ][safepoint      ] Safepoint "Cleanup", Time since last: 1000132894 ns, Reaching safepoint: 9300 ns, Cleanup: 14700 ns, At safepoint: 2200 ns, Total: 26200 ns
[1588.564s][info ][safepoint      ] Safepoint "Cleanup", Time since last: 1000117194 ns, Reaching safepoint: 6800 ns, Cleanup: 10200 ns, At safepoint: 1900 ns, Total: 18900 ns
[1593.564s][info ][safepoint      ] Safepoint "Cleanup", Time since last: 5000413873 ns, Reaching safepoint: 8600 ns, Cleanup: 13400 ns, At safepoint: 2500 ns, Total: 24500 ns
[1595.565s][info ][safepoint      ] Safepoint "Cleanup", Time since last: 2000205252 ns, Reaching safepoint: 5400 ns, Cleanup: 15700 ns, At safepoint: 2200 ns, Total: 23300 ns
[1597.565s][info ][safepoint      ] Safepoint "Cleanup", Time since last: 2000187263 ns, Reaching safepoint: 7999 ns, Cleanup: 27000 ns, At safepoint: 2300 ns, Total: 37299 ns
[1598.565s][info ][safepoint      ] Safepoint "Cleanup", Time since last: 1000111631 ns, Reaching safepoint: 6200 ns, Cleanup: 15200 ns, At safepoint: 1800 ns, Total: 23200 ns
[1599.565s][info ][safepoint      ] Safepoint "Cleanup", Time since last: 1000121031 ns, Reaching safepoint: 6100 ns, Cleanup: 26400 ns, At safepoint: 2600 ns, Total: 35100 ns
[1600.565s][info ][safepoint      ] Safepoint "Cleanup", Time since last: 1000123030 ns, Reaching safepoint: 8200 ns, Cleanup: 13700 ns, At safepoint: 2400 ns, Total: 24300 ns
[1601.565s][info ][safepoint      ] Safepoint "Cleanup", Time since last: 1000147131 ns, Reaching safepoint: 8200 ns, Cleanup: 20200 ns, At safepoint: 2300 ns, Total: 30700 ns
[1603.566s][info ][safepoint      ] Safepoint "Cleanup", Time since last: 2000194622 ns, Reaching safepoint: 8500 ns, Cleanup: 21000 ns, At safepoint: 2200 ns, Total: 31700 ns
[1605.566s][info ][safepoint      ] Safepoint "Cleanup", Time since last: 2000184341 ns, Reaching safepoint: 7000 ns, Cleanup: 12099 ns, At safepoint: 1800 ns, Total: 20899 ns
[1606.566s][info ][safepoint      ] Safepoint "Cleanup", Time since last: 1000111221 ns, Reaching safepoint: 7200 ns, Cleanup: 11899 ns, At safepoint: 1700 ns, Total: 20799 ns
[1607.432s][info ][gc,start       ] GC(46) Pause Young (Allocation Failure)
[1607.439s][debug][gc,phases      ] GC(46) Scavenge 6.512ms
[1607.439s][debug][gc,ref         ] GC(46) ReferenceProcessor::execute queues: 1, RefProcThreadModel::Single, marks_oops_alive: false
[1607.439s][debug][gc,ref         ] GC(46) Skipped KeepAliveFinalRefsPhase of Reference Processing: no references
[1607.439s][debug][gc,ref         ] GC(46) ReferenceProcessor::execute queues: 1, RefProcThreadModel::Single, marks_oops_alive: false
[1607.439s][debug][gc,phases      ] GC(46) Reference Processing 0.100ms
[1607.439s][debug][gc,phases      ] GC(46)   VM Weak                        Min:  0.0, Avg:  0.0, Max:  0.0, Diff:  0.0, Sum:  0.0, Workers: 4
[1607.439s][debug][gc,phases      ] GC(46)     Dead                           Min: 0, Avg:  0.0, Max: 0, Diff: 0, Sum: 0, Workers: 4
[1607.439s][debug][gc,phases      ] GC(46)     Total                          Min: 0, Avg: 240.5, Max: 962, Diff: 962, Sum: 962, Workers: 4
[1607.439s][debug][gc,phases      ] GC(46)   ObjectSynchronizer Weak        Min:  0.0, Avg:  0.0, Max:  0.0, Diff:  0.0, Sum:  0.0, Workers: 4
[1607.439s][debug][gc,phases      ] GC(46)     Dead                           Min: 0, Avg:  0.0, Max: 0, Diff: 0, Sum: 0, Workers: 4
[1607.439s][debug][gc,phases      ] GC(46)     Total                          Min: 0, Avg:  0.8, Max: 3, Diff: 3, Sum: 3, Workers: 4
[1607.439s][debug][gc,phases      ] GC(46)   JVMTI Tag Weak OopStorage      Min:  0.0, Avg:  0.0, Max:  0.0, Diff:  0.0, Sum:  0.0, Workers: 4
[1607.439s][debug][gc,phases      ] GC(46)     Dead                           Min: 0, Avg:  0.0, Max: 0, Diff: 0, Sum: 0, Workers: 4
[1607.439s][debug][gc,phases      ] GC(46)     Total                          Min: 0, Avg:  0.0, Max: 0, Diff: 0, Sum: 0, Workers: 4
[1607.439s][debug][gc,phases      ] GC(46)   StringTable Weak               Min:  0.0, Avg:  0.1, Max:  0.2, Diff:  0.2, Sum:  0.5, Workers: 4
[1607.439s][debug][gc,phases      ] GC(46)     Dead                           Min: 0, Avg:  0.2, Max: 1, Diff: 1, Sum: 1, Workers: 4
[1607.439s][debug][gc,phases      ] GC(46)     Total                          Min: 0, Avg: 11501.8, Max: 16704, Diff: 16704, Sum: 46007, Workers: 4
[1607.439s][debug][gc,phases      ] GC(46)   ResolvedMethodTable Weak       Min:  0.0, Avg:  0.0, Max:  0.1, Diff:  0.1, Sum:  0.2, Workers: 4
[1607.439s][debug][gc,phases      ] GC(46)     Dead                           Min: 0, Avg:  4.0, Max: 16, Diff: 16, Sum: 16, Workers: 4
[1607.439s][debug][gc,phases      ] GC(46)     Total                          Min: 0, Avg: 3761.5, Max: 5312, Diff: 5312, Sum: 15046, Workers: 4
[1607.439s][debug][gc,phases      ] GC(46)   JNI Weak                       Min:  0.0, Avg:  0.0, Max:  0.0, Diff:  0.0, Sum:  0.0, Workers: 4
[1607.439s][debug][gc,phases      ] GC(46)     Dead                           Min: 0, Avg:  0.0, Max: 0, Diff: 0, Sum: 0, Workers: 4
[1607.439s][debug][gc,phases      ] GC(46)     Total                          Min: 0, Avg: 13.0, Max: 52, Diff: 52, Sum: 52, Workers: 4
[1607.439s][debug][gc,phases      ] GC(46)   StringDedup Table Weak         Min:  0.0, Avg:  0.0, Max:  0.0, Diff:  0.0, Sum:  0.0, Workers: 4
[1607.439s][debug][gc,phases      ] GC(46)     Dead                           Min: 0, Avg:  0.0, Max: 0, Diff: 0, Sum: 0, Workers: 4
[1607.439s][debug][gc,phases      ] GC(46)     Total                          Min: 0, Avg:  0.0, Max: 0, Diff: 0, Sum: 0, Workers: 4
[1607.439s][debug][gc,phases      ] GC(46)   StringDedup Requests0 Weak     Min:  0.0, Avg:  0.0, Max:  0.0, Diff:  0.0, Sum:  0.0, Workers: 4
[1607.439s][debug][gc,phases      ] GC(46)     Dead                           Min: 0, Avg:  0.0, Max: 0, Diff: 0, Sum: 0, Workers: 4
[1607.439s][debug][gc,phases      ] GC(46)     Total                          Min: 0, Avg:  0.0, Max: 0, Diff: 0, Sum: 0, Workers: 4
[1607.439s][debug][gc,phases      ] GC(46)   StringDedup Requests1 Weak     Min:  0.0, Avg:  0.0, Max:  0.0, Diff:  0.0, Sum:  0.0, Workers: 4
[1607.439s][debug][gc,phases      ] GC(46)     Dead                           Min: 0, Avg:  0.0, Max: 0, Diff: 0, Sum: 0, Workers: 4
[1607.439s][debug][gc,phases      ] GC(46)     Total                          Min: 0, Avg:  0.0, Max: 0, Diff: 0, Sum: 0, Workers: 4
[1607.439s][debug][gc,phases      ] GC(46)   Weak JFR Old Object Samples    Min:  0.0, Avg:  0.0, Max:  0.0, Diff:  0.0, Sum:  0.0, Workers: 4
[1607.439s][debug][gc,phases      ] GC(46)     Dead                           Min: 0, Avg:  0.0, Max: 0, Diff: 0, Sum: 0, Workers: 4
[1607.439s][debug][gc,phases      ] GC(46)     Total                          Min: 0, Avg:  0.0, Max: 0, Diff: 0, Sum: 0, Workers: 4
[1607.439s][debug][gc,phases      ] GC(46) Weak Processing 0.421ms
[1607.439s][debug][gc,age         ] GC(46) Desired survivor size 72351744 bytes, new threshold 1 (max threshold 15)
[1607.439s][info ][gc,heap        ] GC(46) PSYoungGen: 1947904K(2017280K)->2720K(2026496K) Eden: 1939968K(1939968K)->0K(1953280K) From: 7936K(77312K)->2720K(73216K)
[1607.439s][info ][gc,heap        ] GC(46) ParOldGen: 471900K(472064K)->478133K(478208K)
[1607.439s][info ][gc,metaspace   ] GC(46) Metaspace: 105600K(106944K)->105600K(106944K) NonClass: 89643K(90368K)->89643K(90368K) Class: 15957K(16576K)->15957K(16576K)
[1607.439s][info ][gc             ] GC(46) Pause Young (Allocation Failure) 2363M->469M(2446M) 7.144ms
[1607.439s][info ][gc,cpu         ] GC(46) User=0.02s Sys=0.00s Real=0.01s
[1607.439s][info ][safepoint      ] Safepoint "ParallelGCFailedAllocation", Time since last: 866119225 ns, Reaching safepoint: 6400 ns, Cleanup: 4700 ns, At safepoint: 7208924 ns, Total: 7220024 ns
[1609.439s][info ][safepoint      ] Safepoint "Cleanup", Time since last: 2000154441 ns, Reaching safepoint: 5500 ns, Cleanup: 10400 ns, At safepoint: 2100 ns, Total: 18000 ns
[1611.440s][info ][safepoint      ] Safepoint "Cleanup", Time since last: 2000189996 ns, Reaching safepoint: 6400 ns, Cleanup: 12900 ns, At safepoint: 2000 ns, Total: 21300 ns
[1613.440s][info ][safepoint      ] Safepoint "Cleanup", Time since last: 2000185363 ns, Reaching safepoint: 6900 ns, Cleanup: 12000 ns, At safepoint: 2700 ns, Total: 21600 ns
[1619.440s][info ][safepoint      ] Safepoint "Cleanup", Time since last: 6000491038 ns, Reaching safepoint: 7000 ns, Cleanup: 11999 ns, At safepoint: 2800 ns, Total: 21799 ns
[1623.441s][info ][safepoint      ] Safepoint "Cleanup", Time since last: 4000355479 ns, Reaching safepoint: 6600 ns, Cleanup: 11300 ns, At safepoint: 2800 ns, Total: 20700 ns
[1624.441s][info ][safepoint      ] Safepoint "Cleanup", Time since last: 1000138469 ns, Reaching safepoint: 6900 ns, Cleanup: 11400 ns, At safepoint: 2500 ns, Total: 20800 ns
[1627.441s][info ][safepoint      ] Safepoint "Cleanup", Time since last: 3000274630 ns, Reaching safepoint: 5500 ns, Cleanup: 10100 ns, At safepoint: 2200 ns, Total: 17800 ns
[1628.441s][info ][safepoint      ] Safepoint "Cleanup", Time since last: 1000105657 ns, Reaching safepoint: 5599 ns, Cleanup: 10400 ns, At safepoint: 1800 ns, Total: 17799 ns
[1630.441s][info ][safepoint      ] Safepoint "Cleanup", Time since last: 2000174513 ns, Reaching safepoint: 6000 ns, Cleanup: 9600 ns, At safepoint: 2300 ns, Total: 17900 ns
[1631.442s][info ][safepoint      ] Safepoint "Cleanup", Time since last: 1000106956 ns, Reaching safepoint: 5600 ns, Cleanup: 16800 ns, At safepoint: 2100 ns, Total: 24500 ns
[1633.442s][info ][safepoint      ] Safepoint "Cleanup", Time since last: 2000177543 ns, Reaching safepoint: 5800 ns, Cleanup: 11000 ns, At safepoint: 2400 ns, Total: 19200 ns
[1643.443s][info ][safepoint      ] Safepoint "Cleanup", Time since last: 10000767590 ns, Reaching safepoint: 5700 ns, Cleanup: 11299 ns, At safepoint: 2000 ns, Total: 18999 ns
[1647.443s][info ][safepoint      ] Safepoint "Cleanup", Time since last: 4000314454 ns, Reaching safepoint: 6000 ns, Cleanup: 15700 ns, At safepoint: 2300 ns, Total: 24000 ns
[1649.443s][info ][safepoint      ] Safepoint "Cleanup", Time since last: 2000178126 ns, Reaching safepoint: 6400 ns, Cleanup: 11900 ns, At safepoint: 2000 ns, Total: 20300 ns
[1650.443s][info ][safepoint      ] Safepoint "Cleanup", Time since last: 1000107620 ns, Reaching safepoint: 6100 ns, Cleanup: 11800 ns, At safepoint: 1800 ns, Total: 19700 ns
[1653.444s][info ][safepoint      ] Safepoint "Cleanup", Time since last: 3000243713 ns, Reaching safepoint: 6299 ns, Cleanup: 9500 ns, At safepoint: 2000 ns, Total: 17799 ns
[1660.444s][info ][safepoint      ] Safepoint "Cleanup", Time since last: 7000563786 ns, Reaching safepoint: 6200 ns, Cleanup: 21599 ns, At safepoint: 2500 ns, Total: 30299 ns
[1661.444s][info ][safepoint      ] Safepoint "Cleanup", Time since last: 1000127969 ns, Reaching safepoint: 6099 ns, Cleanup: 19600 ns, At safepoint: 2200 ns, Total: 27899 ns
[1664.445s][info ][safepoint      ] Safepoint "Cleanup", Time since last: 3000330805 ns, Reaching safepoint: 7400 ns, Cleanup: 13000 ns, At safepoint: 2500 ns, Total: 22900 ns
[1668.009s][info ][gc,start       ] GC(47) Pause Young (Allocation Failure)
[1668.011s][debug][gc,phases      ] GC(47) Scavenge 2.602ms
[1668.011s][debug][gc,ref         ] GC(47) ReferenceProcessor::execute queues: 1, RefProcThreadModel::Single, marks_oops_alive: false
[1668.011s][debug][gc,ref         ] GC(47) Skipped KeepAliveFinalRefsPhase of Reference Processing: no references
[1668.011s][debug][gc,ref         ] GC(47) ReferenceProcessor::execute queues: 1, RefProcThreadModel::Single, marks_oops_alive: false
[1668.011s][debug][gc,phases      ] GC(47) Reference Processing 0.097ms
[1668.012s][debug][gc,phases      ] GC(47)   VM Weak                        Min:  0.0, Avg:  0.0, Max:  0.0, Diff:  0.0, Sum:  0.0, Workers: 4
[1668.012s][debug][gc,phases      ] GC(47)     Dead                           Min: 0, Avg:  0.0, Max: 0, Diff: 0, Sum: 0, Workers: 4
[1668.012s][debug][gc,phases      ] GC(47)     Total                          Min: 0, Avg: 241.5, Max: 512, Diff: 512, Sum: 966, Workers: 4
[1668.012s][debug][gc,phases      ] GC(47)   ObjectSynchronizer Weak        Min:  0.0, Avg:  0.0, Max:  0.0, Diff:  0.0, Sum:  0.0, Workers: 4
[1668.012s][debug][gc,phases      ] GC(47)     Dead                           Min: 0, Avg:  0.0, Max: 0, Diff: 0, Sum: 0, Workers: 4
[1668.012s][debug][gc,phases      ] GC(47)     Total                          Min: 0, Avg:  0.8, Max: 3, Diff: 3, Sum: 3, Workers: 4
[1668.012s][debug][gc,phases      ] GC(47)   JVMTI Tag Weak OopStorage      Min:  0.0, Avg:  0.0, Max:  0.0, Diff:  0.0, Sum:  0.0, Workers: 4
[1668.012s][debug][gc,phases      ] GC(47)     Dead                           Min: 0, Avg:  0.0, Max: 0, Diff: 0, Sum: 0, Workers: 4
[1668.012s][debug][gc,phases      ] GC(47)     Total                          Min: 0, Avg:  0.0, Max: 0, Diff: 0, Sum: 0, Workers: 4
[1668.012s][debug][gc,phases      ] GC(47)   StringTable Weak               Min:  0.0, Avg:  0.1, Max:  0.1, Diff:  0.1, Sum:  0.4, Workers: 4
[1668.012s][debug][gc,phases      ] GC(47)     Dead                           Min: 0, Avg:  0.0, Max: 0, Diff: 0, Sum: 0, Workers: 4
[1668.012s][debug][gc,phases      ] GC(47)     Total                          Min: 0, Avg: 11503.8, Max: 20032, Diff: 20032, Sum: 46015, Workers: 4
[1668.012s][debug][gc,phases      ] GC(47)   ResolvedMethodTable Weak       Min:  0.0, Avg:  0.0, Max:  0.0, Diff:  0.0, Sum:  0.1, Workers: 4
[1668.012s][debug][gc,phases      ] GC(47)     Dead                           Min: 0, Avg:  4.0, Max: 9, Diff: 9, Sum: 16, Workers: 4
[1668.012s][debug][gc,phases      ] GC(47)     Total                          Min: 0, Avg: 3764.5, Max: 6597, Diff: 6597, Sum: 15058, Workers: 4
[1668.012s][debug][gc,phases      ] GC(47)   JNI Weak                       Min:  0.0, Avg:  0.0, Max:  0.0, Diff:  0.0, Sum:  0.0, Workers: 4
[1668.012s][debug][gc,phases      ] GC(47)     Dead                           Min: 0, Avg:  0.0, Max: 0, Diff: 0, Sum: 0, Workers: 4
[1668.012s][debug][gc,phases      ] GC(47)     Total                          Min: 0, Avg: 13.0, Max: 52, Diff: 52, Sum: 52, Workers: 4
[1668.012s][debug][gc,phases      ] GC(47)   StringDedup Table Weak         Min:  0.0, Avg:  0.0, Max:  0.0, Diff:  0.0, Sum:  0.0, Workers: 4
[1668.012s][debug][gc,phases      ] GC(47)     Dead                           Min: 0, Avg:  0.0, Max: 0, Diff: 0, Sum: 0, Workers: 4
[1668.012s][debug][gc,phases      ] GC(47)     Total                          Min: 0, Avg:  0.0, Max: 0, Diff: 0, Sum: 0, Workers: 4
[1668.012s][debug][gc,phases      ] GC(47)   StringDedup Requests0 Weak     Min:  0.0, Avg:  0.0, Max:  0.0, Diff:  0.0, Sum:  0.0, Workers: 4
[1668.012s][debug][gc,phases      ] GC(47)     Dead                           Min: 0, Avg:  0.0, Max: 0, Diff: 0, Sum: 0, Workers: 4
[1668.012s][debug][gc,phases      ] GC(47)     Total                          Min: 0, Avg:  0.0, Max: 0, Diff: 0, Sum: 0, Workers: 4
[1668.012s][debug][gc,phases      ] GC(47)   StringDedup Requests1 Weak     Min:  0.0, Avg:  0.0, Max:  0.0, Diff:  0.0, Sum:  0.0, Workers: 4
[1668.012s][debug][gc,phases      ] GC(47)     Dead                           Min: 0, Avg:  0.0, Max: 0, Diff: 0, Sum: 0, Workers: 4
[1668.012s][debug][gc,phases      ] GC(47)     Total                          Min: 0, Avg:  0.0, Max: 0, Diff: 0, Sum: 0, Workers: 4
[1668.012s][debug][gc,phases      ] GC(47)   Weak JFR Old Object Samples    Min:  0.0, Avg:  0.0, Max:  0.0, Diff:  0.0, Sum:  0.0, Workers: 4
[1668.012s][debug][gc,phases      ] GC(47)     Dead                           Min: 0, Avg:  0.0, Max: 0, Diff: 0, Sum: 0, Workers: 4
[1668.012s][debug][gc,phases      ] GC(47)     Total                          Min: 0, Avg:  0.0, Max: 0, Diff: 0, Sum: 0, Workers: 4
[1668.012s][debug][gc,phases      ] GC(47) Weak Processing 0.368ms
[1668.012s][debug][gc,age         ] GC(47) Desired survivor size 69206016 bytes, new threshold 1 (max threshold 15)
[1668.012s][info ][gc,heap        ] GC(47) PSYoungGen: 1956000K(2026496K)->2784K(2023936K) Eden: 1953280K(1953280K)->0K(1953280K) From: 2720K(73216K)->2784K(70656K)
[1668.012s][info ][gc,heap        ] GC(47) ParOldGen: 478133K(478208K)->478609K(478720K)
[1668.012s][info ][gc,metaspace   ] GC(47) Metaspace: 105652K(106944K)->105652K(106944K) NonClass: 89691K(90368K)->89691K(90368K) Class: 15961K(16576K)->15961K(16576K)
[1668.012s][info ][gc             ] GC(47) Pause Young (Allocation Failure) 2377M->470M(2444M) 3.163ms
[1668.012s][info ][gc,cpu         ] GC(47) User=0.01s Sys=0.00s Real=0.01s
[1668.012s][info ][safepoint      ] Safepoint "ParallelGCFailedAllocation", Time since last: 3563962402 ns, Reaching safepoint: 81699 ns, Cleanup: 5100 ns, At safepoint: 3242072 ns, Total: 3328871 ns
[1671.012s][info ][safepoint      ] Safepoint "Cleanup", Time since last: 3000271918 ns, Reaching safepoint: 79999 ns, Cleanup: 10400 ns, At safepoint: 7000 ns, Total: 97399 ns
[1675.013s][info ][safepoint      ] Safepoint "Cleanup", Time since last: 4000438959 ns, Reaching safepoint: 78600 ns, Cleanup: 12100 ns, At safepoint: 6800 ns, Total: 97500 ns
[1677.013s][info ][safepoint      ] Safepoint "Cleanup", Time since last: 2000204831 ns, Reaching safepoint: 80599 ns, Cleanup: 9400 ns, At safepoint: 11800 ns, Total: 101799 ns
[1682.014s][info ][safepoint      ] Safepoint "Cleanup", Time since last: 5000409555 ns, Reaching safepoint: 7199 ns, Cleanup: 14400 ns, At safepoint: 2100 ns, Total: 23699 ns
[1690.014s][info ][safepoint      ] Safepoint "Cleanup", Time since last: 8000641491 ns, Reaching safepoint: 5700 ns, Cleanup: 10200 ns, At safepoint: 2100 ns, Total: 18000 ns
[1694.015s][info ][safepoint      ] Safepoint "Cleanup", Time since last: 4000323603 ns, Reaching safepoint: 5800 ns, Cleanup: 16600 ns, At safepoint: 2100 ns, Total: 24500 ns
[1695.015s][info ][safepoint      ] Safepoint "Cleanup", Time since last: 1000109291 ns, Reaching safepoint: 5900 ns, Cleanup: 8900 ns, At safepoint: 1900 ns, Total: 16700 ns
[1696.015s][info ][safepoint      ] Safepoint "Cleanup", Time since last: 1000115286 ns, Reaching safepoint: 5800 ns, Cleanup: 12100 ns, At safepoint: 1800 ns, Total: 19700 ns
[1699.015s][info ][safepoint      ] Safepoint "Cleanup", Time since last: 3000251276 ns, Reaching safepoint: 77299 ns, Cleanup: 14900 ns, At safepoint: 7900 ns, Total: 100099 ns
[1703.016s][info ][safepoint      ] Safepoint "Cleanup", Time since last: 4000332079 ns, Reaching safepoint: 5500 ns, Cleanup: 12100 ns, At safepoint: 2100 ns, Total: 19700 ns
[1705.016s][info ][safepoint      ] Safepoint "Cleanup", Time since last: 2000179689 ns, Reaching safepoint: 6600 ns, Cleanup: 15700 ns, At safepoint: 2500 ns, Total: 24800 ns
[1706.016s][info ][safepoint      ] Safepoint "Cleanup", Time since last: 1000111776 ns, Reaching safepoint: 6000 ns, Cleanup: 10200 ns, At safepoint: 2000 ns, Total: 18200 ns
[1711.016s][info ][safepoint      ] Safepoint "Cleanup", Time since last: 5000400568 ns, Reaching safepoint: 5800 ns, Cleanup: 9400 ns, At safepoint: 2300 ns, Total: 17500 ns
[1712.016s][info ][safepoint      ] Safepoint "Cleanup", Time since last: 1000115293 ns, Reaching safepoint: 6500 ns, Cleanup: 19400 ns, At safepoint: 2800 ns, Total: 28700 ns
[1714.017s][info ][safepoint      ] Safepoint "Cleanup", Time since last: 2000189114 ns, Reaching safepoint: 6500 ns, Cleanup: 11300 ns, At safepoint: 2400 ns, Total: 20200 ns
[1715.017s][info ][safepoint      ] Safepoint "Cleanup", Time since last: 1000118461 ns, Reaching safepoint: 5899 ns, Cleanup: 9100 ns, At safepoint: 2800 ns, Total: 17799 ns
[1716.017s][info ][safepoint      ] Safepoint "Cleanup", Time since last: 1000109761 ns, Reaching safepoint: 5600 ns, Cleanup: 33300 ns, At safepoint: 2400 ns, Total: 41300 ns
[1716.561s][info ][gc,start       ] GC(48) Pause Young (Allocation Failure)
[1716.567s][debug][gc,phases      ] GC(48) Scavenge 6.427ms
[1716.567s][debug][gc,ref         ] GC(48) ReferenceProcessor::execute queues: 1, RefProcThreadModel::Single, marks_oops_alive: false
[1716.567s][debug][gc,ref         ] GC(48) Skipped KeepAliveFinalRefsPhase of Reference Processing: no references
[1716.567s][debug][gc,ref         ] GC(48) ReferenceProcessor::execute queues: 1, RefProcThreadModel::Single, marks_oops_alive: false
[1716.567s][debug][gc,phases      ] GC(48) Reference Processing 0.101ms
[1716.567s][debug][gc,phases      ] GC(48)   VM Weak                        Min:  0.0, Avg:  0.0, Max:  0.0, Diff:  0.0, Sum:  0.0, Workers: 4
[1716.567s][debug][gc,phases      ] GC(48)     Dead                           Min: 0, Avg:  0.0, Max: 0, Diff: 0, Sum: 0, Workers: 4
[1716.567s][debug][gc,phases      ] GC(48)     Total                          Min: 0, Avg: 241.5, Max: 896, Diff: 896, Sum: 966, Workers: 4
[1716.567s][debug][gc,phases      ] GC(48)   ObjectSynchronizer Weak        Min:  0.0, Avg:  0.0, Max:  0.0, Diff:  0.0, Sum:  0.0, Workers: 4
[1716.567s][debug][gc,phases      ] GC(48)     Dead                           Min: 0, Avg:  0.0, Max: 0, Diff: 0, Sum: 0, Workers: 4
[1716.567s][debug][gc,phases      ] GC(48)     Total                          Min: 0, Avg:  1.2, Max: 5, Diff: 5, Sum: 5, Workers: 4
[1716.567s][debug][gc,phases      ] GC(48)   JVMTI Tag Weak OopStorage      Min:  0.0, Avg:  0.0, Max:  0.0, Diff:  0.0, Sum:  0.0, Workers: 4
[1716.567s][debug][gc,phases      ] GC(48)     Dead                           Min: 0, Avg:  0.0, Max: 0, Diff: 0, Sum: 0, Workers: 4
[1716.567s][debug][gc,phases      ] GC(48)     Total                          Min: 0, Avg:  0.0, Max: 0, Diff: 0, Sum: 0, Workers: 4
[1716.567s][debug][gc,phases      ] GC(48)   StringTable Weak               Min:  0.0, Avg:  0.1, Max:  0.1, Diff:  0.1, Sum:  0.4, Workers: 4
[1716.567s][debug][gc,phases      ] GC(48)     Dead                           Min: 0, Avg:  0.2, Max: 1, Diff: 1, Sum: 1, Workers: 4
[1716.567s][debug][gc,phases      ] GC(48)     Total                          Min: 0, Avg: 11511.5, Max: 21215, Diff: 21215, Sum: 46046, Workers: 4
[1716.567s][debug][gc,phases      ] GC(48)   ResolvedMethodTable Weak       Min:  0.0, Avg:  0.0, Max:  0.0, Diff:  0.0, Sum:  0.1, Workers: 4
[1716.567s][debug][gc,phases      ] GC(48)     Dead                           Min: 0, Avg:  5.2, Max: 19, Diff: 19, Sum: 21, Workers: 4
[1716.567s][debug][gc,phases      ] GC(48)     Total                          Min: 0, Avg: 3768.5, Max: 6685, Diff: 6685, Sum: 15074, Workers: 4
[1716.567s][debug][gc,phases      ] GC(48)   JNI Weak                       Min:  0.0, Avg:  0.0, Max:  0.0, Diff:  0.0, Sum:  0.0, Workers: 4
[1716.567s][debug][gc,phases      ] GC(48)     Dead                           Min: 0, Avg:  0.0, Max: 0, Diff: 0, Sum: 0, Workers: 4
[1716.567s][debug][gc,phases      ] GC(48)     Total                          Min: 0, Avg: 13.0, Max: 48, Diff: 48, Sum: 52, Workers: 4
[1716.567s][debug][gc,phases      ] GC(48)   StringDedup Table Weak         Min:  0.0, Avg:  0.0, Max:  0.0, Diff:  0.0, Sum:  0.0, Workers: 4
[1716.567s][debug][gc,phases      ] GC(48)     Dead                           Min: 0, Avg:  0.0, Max: 0, Diff: 0, Sum: 0, Workers: 4
[1716.567s][debug][gc,phases      ] GC(48)     Total                          Min: 0, Avg:  0.0, Max: 0, Diff: 0, Sum: 0, Workers: 4
[1716.567s][debug][gc,phases      ] GC(48)   StringDedup Requests0 Weak     Min:  0.0, Avg:  0.0, Max:  0.0, Diff:  0.0, Sum:  0.0, Workers: 4
[1716.567s][debug][gc,phases      ] GC(48)     Dead                           Min: 0, Avg:  0.0, Max: 0, Diff: 0, Sum: 0, Workers: 4
[1716.567s][debug][gc,phases      ] GC(48)     Total                          Min: 0, Avg:  0.0, Max: 0, Diff: 0, Sum: 0, Workers: 4
[1716.567s][debug][gc,phases      ] GC(48)   StringDedup Requests1 Weak     Min:  0.0, Avg:  0.0, Max:  0.0, Diff:  0.0, Sum:  0.0, Workers: 4
[1716.567s][debug][gc,phases      ] GC(48)     Dead                           Min: 0, Avg:  0.0, Max: 0, Diff: 0, Sum: 0, Workers: 4
[1716.567s][debug][gc,phases      ] GC(48)     Total                          Min: 0, Avg:  0.0, Max: 0, Diff: 0, Sum: 0, Workers: 4
[1716.567s][debug][gc,phases      ] GC(48)   Weak JFR Old Object Samples    Min:  0.0, Avg:  0.0, Max:  0.0, Diff:  0.0, Sum:  0.0, Workers: 4
[1716.567s][debug][gc,phases      ] GC(48)     Dead                           Min: 0, Avg:  0.0, Max: 0, Diff: 0, Sum: 0, Workers: 4
[1716.567s][debug][gc,phases      ] GC(48)     Total                          Min: 0, Avg:  0.0, Max: 0, Diff: 0, Sum: 0, Workers: 4
[1716.567s][debug][gc,phases      ] GC(48) Weak Processing 0.373ms
[1716.567s][debug][gc,age         ] GC(48) Desired survivor size 64487424 bytes, new threshold 1 (max threshold 15)
[1716.568s][info ][gc,heap        ] GC(48) PSYoungGen: 1956064K(2023936K)->11520K(2034176K) Eden: 1953280K(1953280K)->0K(1966592K) From: 2784K(70656K)->11520K(67584K)
[1716.568s][info ][gc,heap        ] GC(48) ParOldGen: 478609K(478720K)->479085K(479232K)
[1716.568s][info ][gc,metaspace   ] GC(48) Metaspace: 105716K(107008K)->105716K(107008K) NonClass: 89747K(90432K)->89747K(90432K) Class: 15969K(16576K)->15969K(16576K)
[1716.568s][info ][gc             ] GC(48) Pause Young (Allocation Failure) 2377M->479M(2454M) 7.006ms
[1716.568s][info ][gc,cpu         ] GC(48) User=0.03s Sys=0.00s Real=0.00s
[1716.568s][info ][safepoint      ] Safepoint "ParallelGCFailedAllocation", Time since last: 543541014 ns, Reaching safepoint: 5700 ns, Cleanup: 9700 ns, At safepoint: 7065540 ns, Total: 7080940 ns
[1718.568s][info ][safepoint      ] Safepoint "Cleanup", Time since last: 2000160922 ns, Reaching safepoint: 6300 ns, Cleanup: 14000 ns, At safepoint: 1800 ns, Total: 22100 ns
[1719.568s][info ][safepoint      ] Safepoint "Cleanup", Time since last: 1000122861 ns, Reaching safepoint: 6700 ns, Cleanup: 12100 ns, At safepoint: 2700 ns, Total: 21500 ns
[1720.568s][info ][safepoint      ] Safepoint "Cleanup", Time since last: 1000148561 ns, Reaching safepoint: 6400 ns, Cleanup: 11800 ns, At safepoint: 1900 ns, Total: 20100 ns
[1721.568s][info ][safepoint      ] Safepoint "Cleanup", Time since last: 1000113261 ns, Reaching safepoint: 6299 ns, Cleanup: 9400 ns, At safepoint: 2300 ns, Total: 17999 ns
[1726.569s][info ][safepoint      ] Safepoint "Cleanup", Time since last: 5000391461 ns, Reaching safepoint: 5900 ns, Cleanup: 7200 ns, At safepoint: 1600 ns, Total: 14700 ns
[1730.569s][info ][safepoint      ] Safepoint "Cleanup", Time since last: 4000333859 ns, Reaching safepoint: 7000 ns, Cleanup: 12800 ns, At safepoint: 2000 ns, Total: 21800 ns
[1736.569s][info ][safepoint      ] Safepoint "Cleanup", Time since last: 6000482341 ns, Reaching safepoint: 6100 ns, Cleanup: 14100 ns, At safepoint: 2300 ns, Total: 22500 ns
[1738.570s][info ][safepoint      ] Safepoint "Cleanup", Time since last: 2000196412 ns, Reaching safepoint: 6199 ns, Cleanup: 16600 ns, At safepoint: 2300 ns, Total: 25099 ns
[1739.570s][info ][safepoint      ] Safepoint "Cleanup", Time since last: 1000111226 ns, Reaching safepoint: 6800 ns, Cleanup: 13000 ns, At safepoint: 2800 ns, Total: 22600 ns
[1741.613s][info ][safepoint      ] Safepoint "Cleanup", Time since last: 2043398595 ns, Reaching safepoint: 82600 ns, Cleanup: 9200 ns, At safepoint: 6999 ns, Total: 98799 ns
[1742.614s][info ][safepoint      ] Safepoint "Cleanup", Time since last: 1000133526 ns, Reaching safepoint: 81200 ns, Cleanup: 39499 ns, At safepoint: 6800 ns, Total: 127499 ns
[1743.614s][info ][safepoint      ] Safepoint "Cleanup", Time since last: 1000131526 ns, Reaching safepoint: 78200 ns, Cleanup: 26699 ns, At safepoint: 7300 ns, Total: 112199 ns
[1745.614s][info ][safepoint      ] Safepoint "Cleanup", Time since last: 2000196853 ns, Reaching safepoint: 6600 ns, Cleanup: 12800 ns, At safepoint: 2100 ns, Total: 21500 ns
[1748.614s][info ][safepoint      ] Safepoint "Cleanup", Time since last: 3000279116 ns, Reaching safepoint: 80599 ns, Cleanup: 11200 ns, At safepoint: 8700 ns, Total: 100499 ns
[1749.615s][info ][safepoint      ] Safepoint "Cleanup", Time since last: 1000111750 ns, Reaching safepoint: 83800 ns, Cleanup: 17500 ns, At safepoint: 9600 ns, Total: 110900 ns
[1750.615s][info ][safepoint      ] Safepoint "Cleanup", Time since last: 1000124750 ns, Reaching safepoint: 7100 ns, Cleanup: 13600 ns, At safepoint: 2800 ns, Total: 23500 ns
[1753.615s][info ][safepoint      ] Safepoint "Cleanup", Time since last: 3000230120 ns, Reaching safepoint: 6900 ns, Cleanup: 14300 ns, At safepoint: 2500 ns, Total: 23700 ns
[1754.615s][info ][safepoint      ] Safepoint "Cleanup", Time since last: 1000117328 ns, Reaching safepoint: 5300 ns, Cleanup: 10900 ns, At safepoint: 2300 ns, Total: 18500 ns
[1755.615s][info ][safepoint      ] Safepoint "Cleanup", Time since last: 1000109274 ns, Reaching safepoint: 6800 ns, Cleanup: 17600 ns, At safepoint: 2100 ns, Total: 26500 ns
[1756.615s][info ][safepoint      ] Safepoint "Cleanup", Time since last: 1000111774 ns, Reaching safepoint: 6700 ns, Cleanup: 13500 ns, At safepoint: 2500 ns, Total: 22700 ns
[1759.616s][info ][safepoint      ] Safepoint "Cleanup", Time since last: 3000258524 ns, Reaching safepoint: 6100 ns, Cleanup: 11400 ns, At safepoint: 2000 ns, Total: 19500 ns
[1760.616s][info ][safepoint      ] Safepoint "Cleanup", Time since last: 1000104474 ns, Reaching safepoint: 6100 ns, Cleanup: 10500 ns, At safepoint: 2200 ns, Total: 18800 ns
[1762.764s][info ][gc,start       ] GC(49) Pause Young (Allocation Failure)
[1762.773s][debug][gc,phases      ] GC(49) Scavenge 9.348ms
[1762.773s][debug][gc,ref         ] GC(49) ReferenceProcessor::execute queues: 1, RefProcThreadModel::Single, marks_oops_alive: false
[1762.773s][debug][gc,ref         ] GC(49) Skipped KeepAliveFinalRefsPhase of Reference Processing: no references
[1762.773s][debug][gc,ref         ] GC(49) ReferenceProcessor::execute queues: 1, RefProcThreadModel::Single, marks_oops_alive: false
[1762.773s][debug][gc,phases      ] GC(49) Reference Processing 0.096ms
[1762.773s][debug][gc,phases      ] GC(49)   VM Weak                        Min:  0.0, Avg:  0.0, Max:  0.0, Diff:  0.0, Sum:  0.0, Workers: 4
[1762.773s][debug][gc,phases      ] GC(49)     Dead                           Min: 0, Avg:  0.0, Max: 0, Diff: 0, Sum: 0, Workers: 4
[1762.773s][debug][gc,phases      ] GC(49)     Total                          Min: 0, Avg: 241.8, Max: 832, Diff: 832, Sum: 967, Workers: 4
[1762.773s][debug][gc,phases      ] GC(49)   ObjectSynchronizer Weak        Min:  0.0, Avg:  0.0, Max:  0.0, Diff:  0.0, Sum:  0.0, Workers: 4
[1762.773s][debug][gc,phases      ] GC(49)     Dead                           Min: 0, Avg:  0.0, Max: 0, Diff: 0, Sum: 0, Workers: 4
[1762.773s][debug][gc,phases      ] GC(49)     Total                          Min: 0, Avg:  1.0, Max: 4, Diff: 4, Sum: 4, Workers: 4
[1762.773s][debug][gc,phases      ] GC(49)   JVMTI Tag Weak OopStorage      Min:  0.0, Avg:  0.0, Max:  0.0, Diff:  0.0, Sum:  0.0, Workers: 4
[1762.773s][debug][gc,phases      ] GC(49)     Dead                           Min: 0, Avg:  0.0, Max: 0, Diff: 0, Sum: 0, Workers: 4
[1762.773s][debug][gc,phases      ] GC(49)     Total                          Min: 0, Avg:  0.0, Max: 0, Diff: 0, Sum: 0, Workers: 4
[1762.773s][debug][gc,phases      ] GC(49)   StringTable Weak               Min:  0.0, Avg:  0.1, Max:  0.1, Diff:  0.1, Sum:  0.4, Workers: 4
[1762.773s][debug][gc,phases      ] GC(49)     Dead                           Min: 0, Avg:  0.5, Max: 2, Diff: 2, Sum: 2, Workers: 4
[1762.773s][debug][gc,phases      ] GC(49)     Total                          Min: 0, Avg: 11518.0, Max: 18558, Diff: 18558, Sum: 46072, Workers: 4
[1762.773s][debug][gc,phases      ] GC(49)   ResolvedMethodTable Weak       Min:  0.0, Avg:  0.0, Max:  0.1, Diff:  0.1, Sum:  0.1, Workers: 4
[1762.773s][debug][gc,phases      ] GC(49)     Dead                           Min: 0, Avg:  6.0, Max: 22, Diff: 22, Sum: 24, Workers: 4
[1762.773s][debug][gc,phases      ] GC(49)     Total                          Min: 0, Avg: 3776.5, Max: 6194, Diff: 6194, Sum: 15106, Workers: 4
[1762.773s][debug][gc,phases      ] GC(49)   JNI Weak                       Min:  0.0, Avg:  0.0, Max:  0.0, Diff:  0.0, Sum:  0.0, Workers: 4
[1762.773s][debug][gc,phases      ] GC(49)     Dead                           Min: 0, Avg:  0.0, Max: 0, Diff: 0, Sum: 0, Workers: 4
[1762.773s][debug][gc,phases      ] GC(49)     Total                          Min: 0, Avg: 13.0, Max: 48, Diff: 48, Sum: 52, Workers: 4
[1762.773s][debug][gc,phases      ] GC(49)   StringDedup Table Weak         Min:  0.0, Avg:  0.0, Max:  0.0, Diff:  0.0, Sum:  0.0, Workers: 4
[1762.773s][debug][gc,phases      ] GC(49)     Dead                           Min: 0, Avg:  0.0, Max: 0, Diff: 0, Sum: 0, Workers: 4
[1762.773s][debug][gc,phases      ] GC(49)     Total                          Min: 0, Avg:  0.0, Max: 0, Diff: 0, Sum: 0, Workers: 4
[1762.773s][debug][gc,phases      ] GC(49)   StringDedup Requests0 Weak     Min:  0.0, Avg:  0.0, Max:  0.0, Diff:  0.0, Sum:  0.0, Workers: 4
[1762.773s][debug][gc,phases      ] GC(49)     Dead                           Min: 0, Avg:  0.0, Max: 0, Diff: 0, Sum: 0, Workers: 4
[1762.773s][debug][gc,phases      ] GC(49)     Total                          Min: 0, Avg:  0.0, Max: 0, Diff: 0, Sum: 0, Workers: 4
[1762.773s][debug][gc,phases      ] GC(49)   StringDedup Requests1 Weak     Min:  0.0, Avg:  0.0, Max:  0.0, Diff:  0.0, Sum:  0.0, Workers: 4
[1762.773s][debug][gc,phases      ] GC(49)     Dead                           Min: 0, Avg:  0.0, Max: 0, Diff: 0, Sum: 0, Workers: 4
[1762.773s][debug][gc,phases      ] GC(49)     Total                          Min: 0, Avg:  0.0, Max: 0, Diff: 0, Sum: 0, Workers: 4
[1762.773s][debug][gc,phases      ] GC(49)   Weak JFR Old Object Samples    Min:  0.0, Avg:  0.0, Max:  0.0, Diff:  0.0, Sum:  0.0, Workers: 4
[1762.773s][debug][gc,phases      ] GC(49)     Dead                           Min: 0, Avg:  0.0, Max: 0, Diff: 0, Sum: 0, Workers: 4
[1762.773s][debug][gc,phases      ] GC(49)     Total                          Min: 0, Avg:  0.0, Max: 0, Diff: 0, Sum: 0, Workers: 4
[1762.773s][debug][gc,phases      ] GC(49) Weak Processing 0.373ms
[1762.773s][debug][gc,age         ] GC(49) Desired survivor size 61341696 bytes, new threshold 1 (max threshold 15)
[1762.773s][info ][gc,heap        ] GC(49) PSYoungGen: 1978112K(2034176K)->6304K(2029568K) Eden: 1966592K(1966592K)->0K(1966592K) From: 11520K(67584K)->6304K(62976K)
[1762.773s][info ][gc,heap        ] GC(49) ParOldGen: 479085K(479232K)->488189K(488448K)
[1762.773s][info ][gc,metaspace   ] GC(49) Metaspace: 105779K(107072K)->105779K(107072K) NonClass: 89799K(90496K)->89799K(90496K) Class: 15979K(16576K)->15979K(16576K)
[1762.773s][info ][gc             ] GC(49) Pause Young (Allocation Failure) 2399M->482M(2459M) 9.919ms
[1762.773s][info ][gc,cpu         ] GC(49) User=0.03s Sys=0.00s Real=0.01s
[1762.773s][info ][safepoint      ] Safepoint "ParallelGCFailedAllocation", Time since last: 2147653320 ns, Reaching safepoint: 6900 ns, Cleanup: 4900 ns, At safepoint: 9987322 ns, Total: 9999122 ns
[1764.774s][info ][safepoint      ] Safepoint "Cleanup", Time since last: 2000169127 ns, Reaching safepoint: 6900 ns, Cleanup: 16600 ns, At safepoint: 2800 ns, Total: 26300 ns
[1767.774s][info ][safepoint      ] Safepoint "Cleanup", Time since last: 3000253991 ns, Reaching safepoint: 5800 ns, Cleanup: 10200 ns, At safepoint: 2200 ns, Total: 18200 ns
[1768.774s][info ][safepoint      ] Safepoint "Cleanup", Time since last: 1000108963 ns, Reaching safepoint: 6400 ns, Cleanup: 13200 ns, At safepoint: 2500 ns, Total: 22100 ns
[1770.774s][info ][safepoint      ] Safepoint "Cleanup", Time since last: 2000179178 ns, Reaching safepoint: 8100 ns, Cleanup: 12500 ns, At safepoint: 3099 ns, Total: 23699 ns
[1772.775s][info ][safepoint      ] Safepoint "Cleanup", Time since last: 2000192664 ns, Reaching safepoint: 5800 ns, Cleanup: 9900 ns, At safepoint: 2500 ns, Total: 18200 ns
[1775.775s][info ][safepoint      ] Safepoint "Cleanup", Time since last: 3000259796 ns, Reaching safepoint: 6399 ns, Cleanup: 11900 ns, At safepoint: 2700 ns, Total: 20999 ns
[1778.775s][info ][safepoint      ] Safepoint "Cleanup", Time since last: 3000250671 ns, Reaching safepoint: 6200 ns, Cleanup: 10800 ns, At safepoint: 2900 ns, Total: 19900 ns
[1780.775s][info ][safepoint      ] Safepoint "Cleanup", Time since last: 2000190522 ns, Reaching safepoint: 5900 ns, Cleanup: 9500 ns, At safepoint: 2800 ns, Total: 18200 ns
[1782.775s][info ][safepoint      ] Safepoint "Cleanup", Time since last: 2000190532 ns, Reaching safepoint: 6700 ns, Cleanup: 12100 ns, At safepoint: 2400 ns, Total: 21200 ns
[1784.776s][info ][safepoint      ] Safepoint "Cleanup", Time since last: 2000179433 ns, Reaching safepoint: 5900 ns, Cleanup: 10100 ns, At safepoint: 1700 ns, Total: 17700 ns
[1790.776s][info ][safepoint      ] Safepoint "Cleanup", Time since last: 6000492849 ns, Reaching safepoint: 6200 ns, Cleanup: 9500 ns, At safepoint: 2700 ns, Total: 18400 ns
[1791.776s][info ][safepoint      ] Safepoint "Cleanup", Time since last: 1000113335 ns, Reaching safepoint: 5400 ns, Cleanup: 9700 ns, At safepoint: 1900 ns, Total: 17000 ns
[1794.777s][info ][safepoint      ] Safepoint "Cleanup", Time since last: 3000244424 ns, Reaching safepoint: 6300 ns, Cleanup: 18800 ns, At safepoint: 2100 ns, Total: 27200 ns
[1795.777s][info ][safepoint      ] Safepoint "Cleanup", Time since last: 1000132844 ns, Reaching safepoint: 6100 ns, Cleanup: 10900 ns, At safepoint: 25000 ns, Total: 42000 ns
[1796.777s][info ][safepoint      ] Safepoint "Cleanup", Time since last: 1000105244 ns, Reaching safepoint: 6500 ns, Cleanup: 10700 ns, At safepoint: 2700 ns, Total: 19900 ns
[1797.777s][info ][safepoint      ] Safepoint "Cleanup", Time since last: 1000137244 ns, Reaching safepoint: 6000 ns, Cleanup: 11200 ns, At safepoint: 2300 ns, Total: 19500 ns
[1800.192s][info ][safepoint      ] Safepoint "Cleanup", Time since last: 2415285612 ns, Reaching safepoint: 4600 ns, Cleanup: 12100 ns, At safepoint: 9800 ns, Total: 26500 ns
[1801.631s][info ][safepoint      ] Safepoint "Cleanup", Time since last: 1438799086 ns, Reaching safepoint: 7500 ns, Cleanup: 22700 ns, At safepoint: 3300 ns, Total: 33500 ns
[1809.634s][info ][safepoint      ] Safepoint "Cleanup", Time since last: 8002767967 ns, Reaching safepoint: 7500 ns, Cleanup: 10900 ns, At safepoint: 2800 ns, Total: 21200 ns
[1811.111s][info ][gc,start       ] GC(50) Pause Young (Allocation Failure)
[1811.132s][debug][gc,phases      ] GC(50) Scavenge 20.784ms
[1811.132s][debug][gc,ref         ] GC(50) ReferenceProcessor::execute queues: 1, RefProcThreadModel::Single, marks_oops_alive: false
[1811.132s][debug][gc,ref         ] GC(50) Skipped KeepAliveFinalRefsPhase of Reference Processing: no references
[1811.132s][debug][gc,ref         ] GC(50) ReferenceProcessor::execute queues: 1, RefProcThreadModel::Single, marks_oops_alive: false
[1811.132s][debug][gc,phases      ] GC(50) Reference Processing 0.125ms
[1811.133s][debug][gc,phases      ] GC(50)   VM Weak                        Min:  0.0, Avg:  0.0, Max:  0.0, Diff:  0.0, Sum:  0.0, Workers: 4
[1811.133s][debug][gc,phases      ] GC(50)     Dead                           Min: 0, Avg:  0.0, Max: 0, Diff: 0, Sum: 0, Workers: 4
[1811.133s][debug][gc,phases      ] GC(50)     Total                          Min: 0, Avg: 241.8, Max: 967, Diff: 967, Sum: 967, Workers: 4
[1811.133s][debug][gc,phases      ] GC(50)   ObjectSynchronizer Weak        Min:  0.0, Avg:  0.0, Max:  0.0, Diff:  0.0, Sum:  0.0, Workers: 4
[1811.133s][debug][gc,phases      ] GC(50)     Dead                           Min: 0, Avg:  0.0, Max: 0, Diff: 0, Sum: 0, Workers: 4
[1811.133s][debug][gc,phases      ] GC(50)     Total                          Min: 0, Avg:  0.8, Max: 3, Diff: 3, Sum: 3, Workers: 4
[1811.133s][debug][gc,phases      ] GC(50)   JVMTI Tag Weak OopStorage      Min:  0.0, Avg:  0.0, Max:  0.0, Diff:  0.0, Sum:  0.0, Workers: 4
[1811.133s][debug][gc,phases      ] GC(50)     Dead                           Min: 0, Avg:  0.0, Max: 0, Diff: 0, Sum: 0, Workers: 4
[1811.133s][debug][gc,phases      ] GC(50)     Total                          Min: 0, Avg:  0.0, Max: 0, Diff: 0, Sum: 0, Workers: 4
[1811.133s][debug][gc,phases      ] GC(50)   StringTable Weak               Min:  0.0, Avg:  0.1, Max:  0.4, Diff:  0.4, Sum:  0.4, Workers: 4
[1811.133s][debug][gc,phases      ] GC(50)     Dead                           Min: 0, Avg:  0.5, Max: 2, Diff: 2, Sum: 2, Workers: 4
[1811.133s][debug][gc,phases      ] GC(50)     Total                          Min: 0, Avg: 11526.0, Max: 46104, Diff: 46104, Sum: 46104, Workers: 4
[1811.133s][debug][gc,phases      ] GC(50)   ResolvedMethodTable Weak       Min:  0.0, Avg:  0.0, Max:  0.1, Diff:  0.1, Sum:  0.1, Workers: 4
[1811.133s][debug][gc,phases      ] GC(50)     Dead                           Min: 0, Avg:  8.8, Max: 35, Diff: 35, Sum: 35, Workers: 4
[1811.133s][debug][gc,phases      ] GC(50)     Total                          Min: 0, Avg: 3788.2, Max: 15153, Diff: 15153, Sum: 15153, Workers: 4
[1811.133s][debug][gc,phases      ] GC(50)   JNI Weak                       Min:  0.0, Avg:  0.0, Max:  0.0, Diff:  0.0, Sum:  0.0, Workers: 4
[1811.133s][debug][gc,phases      ] GC(50)     Dead                           Min: 0, Avg:  0.0, Max: 0, Diff: 0, Sum: 0, Workers: 4
[1811.133s][debug][gc,phases      ] GC(50)     Total                          Min: 0, Avg: 13.0, Max: 52, Diff: 52, Sum: 52, Workers: 4
[1811.133s][debug][gc,phases      ] GC(50)   StringDedup Table Weak         Min:  0.0, Avg:  0.0, Max:  0.0, Diff:  0.0, Sum:  0.0, Workers: 4
[1811.133s][debug][gc,phases      ] GC(50)     Dead                           Min: 0, Avg:  0.0, Max: 0, Diff: 0, Sum: 0, Workers: 4
[1811.133s][debug][gc,phases      ] GC(50)     Total                          Min: 0, Avg:  0.0, Max: 0, Diff: 0, Sum: 0, Workers: 4
[1811.133s][debug][gc,phases      ] GC(50)   StringDedup Requests0 Weak     Min:  0.0, Avg:  0.0, Max:  0.0, Diff:  0.0, Sum:  0.0, Workers: 4
[1811.133s][debug][gc,phases      ] GC(50)     Dead                           Min: 0, Avg:  0.0, Max: 0, Diff: 0, Sum: 0, Workers: 4
[1811.133s][debug][gc,phases      ] GC(50)     Total                          Min: 0, Avg:  0.0, Max: 0, Diff: 0, Sum: 0, Workers: 4
[1811.133s][debug][gc,phases      ] GC(50)   StringDedup Requests1 Weak     Min:  0.0, Avg:  0.0, Max:  0.0, Diff:  0.0, Sum:  0.0, Workers: 4
[1811.133s][debug][gc,phases      ] GC(50)     Dead                           Min: 0, Avg:  0.0, Max: 0, Diff: 0, Sum: 0, Workers: 4
[1811.133s][debug][gc,phases      ] GC(50)     Total                          Min: 0, Avg:  0.0, Max: 0, Diff: 0, Sum: 0, Workers: 4
[1811.133s][debug][gc,phases      ] GC(50)   Weak JFR Old Object Samples    Min:  0.0, Avg:  0.0, Max:  0.0, Diff:  0.0, Sum:  0.0, Workers: 4
[1811.133s][debug][gc,phases      ] GC(50)     Dead                           Min: 0, Avg:  0.0, Max: 0, Diff: 0, Sum: 0, Workers: 4
[1811.133s][debug][gc,phases      ] GC(50)     Total                          Min: 0, Avg:  0.0, Max: 0, Diff: 0, Sum: 0, Workers: 4
[1811.133s][debug][gc,phases      ] GC(50) Weak Processing 0.920ms
[1811.133s][debug][gc,age         ] GC(50) Desired survivor size 58195968 bytes, new threshold 1 (max threshold 15)
[1811.133s][info ][gc,heap        ] GC(50) PSYoungGen: 1972896K(2029568K)->2976K(2040320K) Eden: 1966592K(1966592K)->0K(1980416K) From: 6304K(62976K)->2976K(59904K)
[1811.133s][info ][gc,heap        ] GC(50) ParOldGen: 488189K(488448K)->492502K(492544K)
[1811.133s][info ][gc,metaspace   ] GC(50) Metaspace: 105865K(107136K)->105865K(107136K) NonClass: 89869K(90560K)->89869K(90560K) Class: 15995K(16576K)->15995K(16576K)
[1811.133s][info ][gc             ] GC(50) Pause Young (Allocation Failure) 2403M->483M(2473M) 21.953ms
[1811.133s][info ][gc,cpu         ] GC(50) User=0.01s Sys=0.00s Real=0.02s
[1811.133s][info ][safepoint      ] Safepoint "ParallelGCFailedAllocation", Time since last: 1477070336 ns, Reaching safepoint: 107199 ns, Cleanup: 4900 ns, At safepoint: 22188075 ns, Total: 22300174 ns
[1814.134s][info ][safepoint      ] Safepoint "Cleanup", Time since last: 3000624595 ns, Reaching safepoint: 198598 ns, Cleanup: 17700 ns, At safepoint: 2900 ns, Total: 219198 ns
[1815.135s][info ][safepoint      ] Safepoint "Cleanup", Time since last: 1001184316 ns, Reaching safepoint: 7100 ns, Cleanup: 11700 ns, At safepoint: 3000 ns, Total: 21800 ns
[1819.136s][info ][safepoint      ] Safepoint "Cleanup", Time since last: 4000310547 ns, Reaching safepoint: 8400 ns, Cleanup: 13400 ns, At safepoint: 2900 ns, Total: 24700 ns
[1823.136s][info ][safepoint      ] Safepoint "Cleanup", Time since last: 4000346450 ns, Reaching safepoint: 8500 ns, Cleanup: 12700 ns, At safepoint: 2700 ns, Total: 23900 ns
[1828.137s][info ][safepoint      ] Safepoint "Cleanup", Time since last: 5000391056 ns, Reaching safepoint: 7800 ns, Cleanup: 11399 ns, At safepoint: 2500 ns, Total: 21699 ns
[1829.142s][info ][safepoint      ] Safepoint "Cleanup", Time since last: 1005087419 ns, Reaching safepoint: 8700 ns, Cleanup: 17700 ns, At safepoint: 2800 ns, Total: 29200 ns
[1831.142s][info ][safepoint      ] Safepoint "Cleanup", Time since last: 2000305500 ns, Reaching safepoint: 9300 ns, Cleanup: 15600 ns, At safepoint: 3700 ns, Total: 28600 ns
[1832.142s][info ][safepoint      ] Safepoint "Cleanup", Time since last: 1000113151 ns, Reaching safepoint: 7700 ns, Cleanup: 14099 ns, At safepoint: 3100 ns, Total: 24899 ns
[1840.148s][info ][safepoint      ] Safepoint "Cleanup", Time since last: 8006118183 ns, Reaching safepoint: 8000 ns, Cleanup: 14999 ns, At safepoint: 2600 ns, Total: 25599 ns
[1849.149s][info ][safepoint      ] Safepoint "Cleanup", Time since last: 9001010829 ns, Reaching safepoint: 7800 ns, Cleanup: 17000 ns, At safepoint: 3199 ns, Total: 27999 ns
[1851.150s][info ][safepoint      ] Safepoint "Cleanup", Time since last: 2000206468 ns, Reaching safepoint: 6500 ns, Cleanup: 11700 ns, At safepoint: 2500 ns, Total: 20700 ns
[1852.150s][info ][safepoint      ] Safepoint "Cleanup", Time since last: 1000115839 ns, Reaching safepoint: 6800 ns, Cleanup: 11300 ns, At safepoint: 25700 ns, Total: 43800 ns
[1854.150s][info ][safepoint      ] Safepoint "Cleanup", Time since last: 2000182779 ns, Reaching safepoint: 9800 ns, Cleanup: 18800 ns, At safepoint: 2900 ns, Total: 31500 ns
[1855.150s][info ][safepoint      ] Safepoint "Cleanup", Time since last: 1000136939 ns, Reaching safepoint: 10100 ns, Cleanup: 13100 ns, At safepoint: 2300 ns, Total: 25500 ns
[1857.150s][info ][safepoint      ] Safepoint "Cleanup", Time since last: 2000186979 ns, Reaching safepoint: 9000 ns, Cleanup: 13200 ns, At safepoint: 3500 ns, Total: 25700 ns
[1858.150s][info ][safepoint      ] Safepoint "Cleanup", Time since last: 1000131038 ns, Reaching safepoint: 7600 ns, Cleanup: 14700 ns, At safepoint: 2100 ns, Total: 24400 ns
[1859.151s][info ][safepoint      ] Safepoint "Cleanup", Time since last: 1000127734 ns, Reaching safepoint: 8600 ns, Cleanup: 13600 ns, At safepoint: 3100 ns, Total: 25300 ns
[1860.409s][info ][gc,start       ] GC(51) Pause Young (Allocation Failure)
[1860.416s][debug][gc,phases      ] GC(51) Scavenge 6.120ms
[1860.416s][debug][gc,ref         ] GC(51) ReferenceProcessor::execute queues: 1, RefProcThreadModel::Single, marks_oops_alive: false
[1860.416s][debug][gc,ref         ] GC(51) Skipped KeepAliveFinalRefsPhase of Reference Processing: no references
[1860.416s][debug][gc,ref         ] GC(51) ReferenceProcessor::execute queues: 1, RefProcThreadModel::Single, marks_oops_alive: false
[1860.416s][debug][gc,phases      ] GC(51) Reference Processing 0.125ms
[1860.416s][debug][gc,phases      ] GC(51)   VM Weak                        Min:  0.0, Avg:  0.0, Max:  0.0, Diff:  0.0, Sum:  0.0, Workers: 4
[1860.416s][debug][gc,phases      ] GC(51)     Dead                           Min: 0, Avg:  0.0, Max: 0, Diff: 0, Sum: 0, Workers: 4
[1860.416s][debug][gc,phases      ] GC(51)     Total                          Min: 0, Avg: 241.8, Max: 967, Diff: 967, Sum: 967, Workers: 4
[1860.416s][debug][gc,phases      ] GC(51)   ObjectSynchronizer Weak        Min:  0.0, Avg:  0.0, Max:  0.0, Diff:  0.0, Sum:  0.0, Workers: 4
[1860.416s][debug][gc,phases      ] GC(51)     Dead                           Min: 0, Avg:  0.0, Max: 0, Diff: 0, Sum: 0, Workers: 4
[1860.416s][debug][gc,phases      ] GC(51)     Total                          Min: 0, Avg:  1.0, Max: 4, Diff: 4, Sum: 4, Workers: 4
[1860.416s][debug][gc,phases      ] GC(51)   JVMTI Tag Weak OopStorage      Min:  0.0, Avg:  0.0, Max:  0.0, Diff:  0.0, Sum:  0.0, Workers: 4
[1860.416s][debug][gc,phases      ] GC(51)     Dead                           Min: 0, Avg:  0.0, Max: 0, Diff: 0, Sum: 0, Workers: 4
[1860.416s][debug][gc,phases      ] GC(51)     Total                          Min: 0, Avg:  0.0, Max: 0, Diff: 0, Sum: 0, Workers: 4
[1860.416s][debug][gc,phases      ] GC(51)   StringTable Weak               Min:  0.0, Avg:  0.1, Max:  0.3, Diff:  0.3, Sum:  0.5, Workers: 4
[1860.416s][debug][gc,phases      ] GC(51)     Dead                           Min: 0, Avg:  0.0, Max: 0, Diff: 0, Sum: 0, Workers: 4
[1860.416s][debug][gc,phases      ] GC(51)     Total                          Min: 0, Avg: 11528.2, Max: 33058, Diff: 33058, Sum: 46113, Workers: 4
[1860.416s][debug][gc,phases      ] GC(51)   ResolvedMethodTable Weak       Min:  0.0, Avg:  0.0, Max:  0.1, Diff:  0.1, Sum:  0.2, Workers: 4
[1860.416s][debug][gc,phases      ] GC(51)     Dead                           Min: 0, Avg:  4.8, Max: 19, Diff: 19, Sum: 19, Workers: 4
[1860.416s][debug][gc,phases      ] GC(51)     Total                          Min: 0, Avg: 3788.8, Max: 9643, Diff: 9643, Sum: 15155, Workers: 4
[1860.416s][debug][gc,phases      ] GC(51)   JNI Weak                       Min:  0.0, Avg:  0.0, Max:  0.0, Diff:  0.0, Sum:  0.0, Workers: 4
[1860.416s][debug][gc,phases      ] GC(51)     Dead                           Min: 0, Avg:  0.0, Max: 0, Diff: 0, Sum: 0, Workers: 4
[1860.416s][debug][gc,phases      ] GC(51)     Total                          Min: 0, Avg: 13.0, Max: 48, Diff: 48, Sum: 52, Workers: 4
[1860.416s][debug][gc,phases      ] GC(51)   StringDedup Table Weak         Min:  0.0, Avg:  0.0, Max:  0.0, Diff:  0.0, Sum:  0.0, Workers: 4
[1860.416s][debug][gc,phases      ] GC(51)     Dead                           Min: 0, Avg:  0.0, Max: 0, Diff: 0, Sum: 0, Workers: 4
[1860.416s][debug][gc,phases      ] GC(51)     Total                          Min: 0, Avg:  0.0, Max: 0, Diff: 0, Sum: 0, Workers: 4
[1860.416s][debug][gc,phases      ] GC(51)   StringDedup Requests0 Weak     Min:  0.0, Avg:  0.0, Max:  0.0, Diff:  0.0, Sum:  0.0, Workers: 4
[1860.416s][debug][gc,phases      ] GC(51)     Dead                           Min: 0, Avg:  0.0, Max: 0, Diff: 0, Sum: 0, Workers: 4
[1860.416s][debug][gc,phases      ] GC(51)     Total                          Min: 0, Avg:  0.0, Max: 0, Diff: 0, Sum: 0, Workers: 4
[1860.416s][debug][gc,phases      ] GC(51)   StringDedup Requests1 Weak     Min:  0.0, Avg:  0.0, Max:  0.0, Diff:  0.0, Sum:  0.0, Workers: 4
[1860.416s][debug][gc,phases      ] GC(51)     Dead                           Min: 0, Avg:  0.0, Max: 0, Diff: 0, Sum: 0, Workers: 4
[1860.416s][debug][gc,phases      ] GC(51)     Total                          Min: 0, Avg:  0.0, Max: 0, Diff: 0, Sum: 0, Workers: 4
[1860.416s][debug][gc,phases      ] GC(51)   Weak JFR Old Object Samples    Min:  0.0, Avg:  0.0, Max:  0.0, Diff:  0.0, Sum:  0.0, Workers: 4
[1860.416s][debug][gc,phases      ] GC(51)     Dead                           Min: 0, Avg:  0.0, Max: 0, Diff: 0, Sum: 0, Workers: 4
[1860.416s][debug][gc,phases      ] GC(51)     Total                          Min: 0, Avg:  0.0, Max: 0, Diff: 0, Sum: 0, Workers: 4
[1860.416s][debug][gc,phases      ] GC(51) Weak Processing 0.708ms
[1860.416s][debug][gc,age         ] GC(51) Desired survivor size 55574528 bytes, new threshold 1 (max threshold 15)
[1860.417s][info ][gc,heap        ] GC(51) PSYoungGen: 1983392K(2040320K)->4080K(2037248K) Eden: 1980416K(1980416K)->0K(1980416K) From: 2976K(59904K)->4080K(56832K)
[1860.417s][info ][gc,heap        ] GC(51) ParOldGen: 492502K(492544K)->493478K(493568K)
[1860.417s][info ][gc,metaspace   ] GC(51) Metaspace: 105887K(107200K)->105887K(107200K) NonClass: 89890K(90624K)->89890K(90624K) Class: 15996K(16576K)->15996K(16576K)
[1860.417s][info ][gc             ] GC(51) Pause Young (Allocation Failure) 2417M->485M(2471M) 7.086ms
[1860.417s][info ][gc,cpu         ] GC(51) User=0.03s Sys=0.00s Real=0.00s
[1860.417s][info ][safepoint      ] Safepoint "ParallelGCFailedAllocation", Time since last: 1258746633 ns, Reaching safepoint: 80300 ns, Cleanup: 4900 ns, At safepoint: 7168450 ns, Total: 7253650 ns
[1861.685s][info ][safepoint      ] Safepoint "Cleanup", Time since last: 1268310466 ns, Reaching safepoint: 6500 ns, Cleanup: 26800 ns, At safepoint: 2300 ns, Total: 35600 ns
[1866.685s][info ][safepoint      ] Safepoint "Cleanup", Time since last: 5000422418 ns, Reaching safepoint: 8100 ns, Cleanup: 11000 ns, At safepoint: 2900 ns, Total: 22000 ns
[1871.686s][info ][safepoint      ] Safepoint "Cleanup", Time since last: 5000463091 ns, Reaching safepoint: 8100 ns, Cleanup: 12600 ns, At safepoint: 2800 ns, Total: 23500 ns
[1872.686s][info ][safepoint      ] Safepoint "Cleanup", Time since last: 1000132718 ns, Reaching safepoint: 9400 ns, Cleanup: 16800 ns, At safepoint: 2600 ns, Total: 28800 ns
[1876.686s][info ][safepoint      ] Safepoint "Cleanup", Time since last: 4000341196 ns, Reaching safepoint: 8200 ns, Cleanup: 12600 ns, At safepoint: 2400 ns, Total: 23200 ns
[1877.687s][info ][safepoint      ] Safepoint "Cleanup", Time since last: 1000130059 ns, Reaching safepoint: 7900 ns, Cleanup: 13200 ns, At safepoint: 2300 ns, Total: 23400 ns
[1880.687s][info ][safepoint      ] Safepoint "Cleanup", Time since last: 3000258285 ns, Reaching safepoint: 6600 ns, Cleanup: 11300 ns, At safepoint: 2800 ns, Total: 20700 ns
[1888.688s][info ][safepoint      ] Safepoint "Cleanup", Time since last: 8000672015 ns, Reaching safepoint: 8300 ns, Cleanup: 13200 ns, At safepoint: 3300 ns, Total: 24800 ns
[1889.688s][info ][safepoint      ] Safepoint "Cleanup", Time since last: 1000121888 ns, Reaching safepoint: 6400 ns, Cleanup: 8700 ns, At safepoint: 1800 ns, Total: 16900 ns
[1892.688s][info ][safepoint      ] Safepoint "Cleanup", Time since last: 3000256295 ns, Reaching safepoint: 28000 ns, Cleanup: 9800 ns, At safepoint: 2800 ns, Total: 40600 ns
[1902.689s][info ][safepoint      ] Safepoint "Cleanup", Time since last: 10001222095 ns, Reaching safepoint: 6800 ns, Cleanup: 12500 ns, At safepoint: 2400 ns, Total: 21700 ns
[1903.689s][info ][safepoint      ] Safepoint "Cleanup", Time since last: 1000117570 ns, Reaching safepoint: 7400 ns, Cleanup: 11600 ns, At safepoint: 2600 ns, Total: 21600 ns
[1906.690s][info ][safepoint      ] Safepoint "Cleanup", Time since last: 3000276152 ns, Reaching safepoint: 6200 ns, Cleanup: 11900 ns, At safepoint: 2200 ns, Total: 20300 ns
[1907.690s][info ][safepoint      ] Safepoint "Cleanup", Time since last: 1000112051 ns, Reaching safepoint: 6099 ns, Cleanup: 14800 ns, At safepoint: 2700 ns, Total: 23599 ns
[1907.913s][info ][gc,start       ] GC(52) Pause Young (Allocation Failure)
[1907.917s][debug][gc,phases      ] GC(52) Scavenge 4.060ms
[1907.917s][debug][gc,ref         ] GC(52) ReferenceProcessor::execute queues: 1, RefProcThreadModel::Single, marks_oops_alive: false
[1907.918s][debug][gc,ref         ] GC(52) Skipped KeepAliveFinalRefsPhase of Reference Processing: no references
[1907.918s][debug][gc,ref         ] GC(52) ReferenceProcessor::execute queues: 1, RefProcThreadModel::Single, marks_oops_alive: false
[1907.918s][debug][gc,phases      ] GC(52) Reference Processing 0.105ms
[1907.918s][debug][gc,phases      ] GC(52)   VM Weak                        Min:  0.0, Avg:  0.0, Max:  0.0, Diff:  0.0, Sum:  0.0, Workers: 4
[1907.918s][debug][gc,phases      ] GC(52)     Dead                           Min: 0, Avg:  0.0, Max: 0, Diff: 0, Sum: 0, Workers: 4
[1907.918s][debug][gc,phases      ] GC(52)     Total                          Min: 0, Avg: 241.8, Max: 832, Diff: 832, Sum: 967, Workers: 4
[1907.918s][debug][gc,phases      ] GC(52)   ObjectSynchronizer Weak        Min:  0.0, Avg:  0.0, Max:  0.0, Diff:  0.0, Sum:  0.0, Workers: 4
[1907.918s][debug][gc,phases      ] GC(52)     Dead                           Min: 0, Avg:  0.0, Max: 0, Diff: 0, Sum: 0, Workers: 4
[1907.918s][debug][gc,phases      ] GC(52)     Total                          Min: 0, Avg:  1.0, Max: 4, Diff: 4, Sum: 4, Workers: 4
[1907.918s][debug][gc,phases      ] GC(52)   JVMTI Tag Weak OopStorage      Min:  0.0, Avg:  0.0, Max:  0.0, Diff:  0.0, Sum:  0.0, Workers: 4
[1907.918s][debug][gc,phases      ] GC(52)     Dead                           Min: 0, Avg:  0.0, Max: 0, Diff: 0, Sum: 0, Workers: 4
[1907.918s][debug][gc,phases      ] GC(52)     Total                          Min: 0, Avg:  0.0, Max: 0, Diff: 0, Sum: 0, Workers: 4
[1907.918s][debug][gc,phases      ] GC(52)   StringTable Weak               Min:  0.1, Avg:  0.1, Max:  0.1, Diff:  0.0, Sum:  0.5, Workers: 4
[1907.918s][debug][gc,phases      ] GC(52)     Dead                           Min: 0, Avg:  0.0, Max: 0, Diff: 0, Sum: 0, Workers: 4
[1907.918s][debug][gc,phases      ] GC(52)     Total                          Min: 10274, Avg: 11528.2, Max: 12160, Diff: 1886, Sum: 46113, Workers: 4
[1907.918s][debug][gc,phases      ] GC(52)   ResolvedMethodTable Weak       Min:  0.0, Avg:  0.0, Max:  0.0, Diff:  0.0, Sum:  0.2, Workers: 4
[1907.918s][debug][gc,phases      ] GC(52)     Dead                           Min: 0, Avg:  4.0, Max: 16, Diff: 16, Sum: 16, Workers: 4
[1907.918s][debug][gc,phases      ] GC(52)     Total                          Min: 3605, Avg: 3788.8, Max: 3998, Diff: 393, Sum: 15155, Workers: 4
[1907.918s][debug][gc,phases      ] GC(52)   JNI Weak                       Min:  0.0, Avg:  0.0, Max:  0.0, Diff:  0.0, Sum:  0.0, Workers: 4
[1907.918s][debug][gc,phases      ] GC(52)     Dead                           Min: 0, Avg:  0.0, Max: 0, Diff: 0, Sum: 0, Workers: 4
[1907.918s][debug][gc,phases      ] GC(52)     Total                          Min: 0, Avg: 13.0, Max: 48, Diff: 48, Sum: 52, Workers: 4
[1907.918s][debug][gc,phases      ] GC(52)   StringDedup Table Weak         Min:  0.0, Avg:  0.0, Max:  0.0, Diff:  0.0, Sum:  0.0, Workers: 4
[1907.918s][debug][gc,phases      ] GC(52)     Dead                           Min: 0, Avg:  0.0, Max: 0, Diff: 0, Sum: 0, Workers: 4
[1907.918s][debug][gc,phases      ] GC(52)     Total                          Min: 0, Avg:  0.0, Max: 0, Diff: 0, Sum: 0, Workers: 4
[1907.918s][debug][gc,phases      ] GC(52)   StringDedup Requests0 Weak     Min:  0.0, Avg:  0.0, Max:  0.0, Diff:  0.0, Sum:  0.0, Workers: 4
[1907.918s][debug][gc,phases      ] GC(52)     Dead                           Min: 0, Avg:  0.0, Max: 0, Diff: 0, Sum: 0, Workers: 4
[1907.918s][debug][gc,phases      ] GC(52)     Total                          Min: 0, Avg:  0.0, Max: 0, Diff: 0, Sum: 0, Workers: 4
[1907.918s][debug][gc,phases      ] GC(52)   StringDedup Requests1 Weak     Min:  0.0, Avg:  0.0, Max:  0.0, Diff:  0.0, Sum:  0.0, Workers: 4
[1907.918s][debug][gc,phases      ] GC(52)     Dead                           Min: 0, Avg:  0.0, Max: 0, Diff: 0, Sum: 0, Workers: 4
[1907.918s][debug][gc,phases      ] GC(52)     Total                          Min: 0, Avg:  0.0, Max: 0, Diff: 0, Sum: 0, Workers: 4
[1907.918s][debug][gc,phases      ] GC(52)   Weak JFR Old Object Samples    Min:  0.0, Avg:  0.0, Max:  0.0, Diff:  0.0, Sum:  0.0, Workers: 4
[1907.918s][debug][gc,phases      ] GC(52)     Dead                           Min: 0, Avg:  0.0, Max: 0, Diff: 0, Sum: 0, Workers: 4
[1907.918s][debug][gc,phases      ] GC(52)     Total                          Min: 0, Avg:  0.0, Max: 0, Diff: 0, Sum: 0, Workers: 4
[1907.918s][debug][gc,phases      ] GC(52) Weak Processing 0.362ms
[1907.918s][debug][gc,age         ] GC(52) Desired survivor size 52428800 bytes, new threshold 1 (max threshold 15)
[1907.918s][info ][gc,heap        ] GC(52) PSYoungGen: 1984496K(2037248K)->3328K(2045952K) Eden: 1980416K(1980416K)->0K(1991680K) From: 4080K(56832K)->3328K(54272K)
[1907.918s][info ][gc,heap        ] GC(52) ParOldGen: 493478K(493568K)->495070K(495104K)
[1907.918s][info ][gc,metaspace   ] GC(52) Metaspace: 105904K(107200K)->105904K(107200K) NonClass: 89908K(90624K)->89908K(90624K) Class: 15996K(16576K)->15996K(16576K)
[1907.918s][info ][gc             ] GC(52) Pause Young (Allocation Failure) 2419M->486M(2481M) 4.694ms
[1907.918s][info ][gc,cpu         ] GC(52) User=0.01s Sys=0.00s Real=0.00s
[1907.918s][info ][safepoint      ] Safepoint "ParallelGCFailedAllocation", Time since last: 223470892 ns, Reaching safepoint: 6300 ns, Cleanup: 3800 ns, At safepoint: 4761068 ns, Total: 4771168 ns
[1909.918s][info ][safepoint      ] Safepoint "Cleanup", Time since last: 2000154303 ns, Reaching safepoint: 6300 ns, Cleanup: 10299 ns, At safepoint: 2800 ns, Total: 19399 ns
[1911.918s][info ][safepoint      ] Safepoint "Cleanup", Time since last: 2000187103 ns, Reaching safepoint: 8300 ns, Cleanup: 12600 ns, At safepoint: 2200 ns, Total: 23100 ns
[1912.919s][info ][safepoint      ] Safepoint "Cleanup", Time since last: 1000113351 ns, Reaching safepoint: 6200 ns, Cleanup: 13499 ns, At safepoint: 2300 ns, Total: 21999 ns
[1913.919s][info ][safepoint      ] Safepoint "Cleanup", Time since last: 1000107251 ns, Reaching safepoint: 6600 ns, Cleanup: 11800 ns, At safepoint: 26000 ns, Total: 44400 ns
[1918.919s][info ][safepoint      ] Safepoint "Cleanup", Time since last: 5000332691 ns, Reaching safepoint: 7200 ns, Cleanup: 12400 ns, At safepoint: 2000 ns, Total: 21600 ns
[1919.919s][info ][safepoint      ] Safepoint "Cleanup", Time since last: 1000128450 ns, Reaching safepoint: 7700 ns, Cleanup: 14099 ns, At safepoint: 2000 ns, Total: 23799 ns
[1923.704s][info ][safepoint      ] Safepoint "Cleanup", Time since last: 3785116375 ns, Reaching safepoint: 7000 ns, Cleanup: 11500 ns, At safepoint: 2500 ns, Total: 21000 ns
[1924.704s][info ][safepoint      ] Safepoint "Cleanup", Time since last: 1000117432 ns, Reaching safepoint: 7400 ns, Cleanup: 11499 ns, At safepoint: 2300 ns, Total: 21199 ns
[1926.705s][info ][safepoint      ] Safepoint "Cleanup", Time since last: 2000196164 ns, Reaching safepoint: 7400 ns, Cleanup: 12200 ns, At safepoint: 3000 ns, Total: 22600 ns
[1928.705s][info ][safepoint      ] Safepoint "Cleanup", Time since last: 2000190563 ns, Reaching safepoint: 6700 ns, Cleanup: 53300 ns, At safepoint: 2400 ns, Total: 62400 ns
[1929.705s][info ][safepoint      ] Safepoint "Cleanup", Time since last: 1000116766 ns, Reaching safepoint: 6700 ns, Cleanup: 14500 ns, At safepoint: 2300 ns, Total: 23500 ns
[1931.705s][info ][safepoint      ] Safepoint "Cleanup", Time since last: 2000196725 ns, Reaching safepoint: 7700 ns, Cleanup: 14900 ns, At safepoint: 3000 ns, Total: 25600 ns
[1934.706s][info ][safepoint      ] Safepoint "Cleanup", Time since last: 3000277467 ns, Reaching safepoint: 7500 ns, Cleanup: 11800 ns, At safepoint: 3300 ns, Total: 22600 ns
[1937.706s][info ][safepoint      ] Safepoint "Cleanup", Time since last: 3000254866 ns, Reaching safepoint: 7300 ns, Cleanup: 18700 ns, At safepoint: 2300 ns, Total: 28300 ns
[1938.706s][info ][safepoint      ] Safepoint "Cleanup", Time since last: 1000145605 ns, Reaching safepoint: 7700 ns, Cleanup: 17300 ns, At safepoint: 2800 ns, Total: 27800 ns
[1941.706s][info ][safepoint      ] Safepoint "Cleanup", Time since last: 3000266638 ns, Reaching safepoint: 7200 ns, Cleanup: 12400 ns, At safepoint: 2900 ns, Total: 22500 ns
[1951.707s][info ][safepoint      ] Safepoint "Cleanup", Time since last: 10000792597 ns, Reaching safepoint: 97999 ns, Cleanup: 16100 ns, At safepoint: 17800 ns, Total: 131899 ns
[1952.707s][info ][safepoint      ] Safepoint "Cleanup", Time since last: 1000129156 ns, Reaching safepoint: 82300 ns, Cleanup: 13100 ns, At safepoint: 10000 ns, Total: 105400 ns
[1953.708s][info ][safepoint      ] Safepoint "Cleanup", Time since last: 1000130856 ns, Reaching safepoint: 82199 ns, Cleanup: 12900 ns, At safepoint: 7800 ns, Total: 102899 ns
[1956.543s][info ][gc,start       ] GC(53) Pause Young (Allocation Failure)
[1956.547s][debug][gc,phases      ] GC(53) Scavenge 4.131ms
[1956.547s][debug][gc,ref         ] GC(53) ReferenceProcessor::execute queues: 1, RefProcThreadModel::Single, marks_oops_alive: false
[1956.547s][debug][gc,ref         ] GC(53) Skipped KeepAliveFinalRefsPhase of Reference Processing: no references
[1956.547s][debug][gc,ref         ] GC(53) ReferenceProcessor::execute queues: 1, RefProcThreadModel::Single, marks_oops_alive: false
[1956.547s][debug][gc,phases      ] GC(53) Reference Processing 0.098ms
[1956.547s][debug][gc,phases      ] GC(53)   VM Weak                        Min:  0.0, Avg:  0.0, Max:  0.0, Diff:  0.0, Sum:  0.0, Workers: 4
[1956.547s][debug][gc,phases      ] GC(53)     Dead                           Min: 0, Avg:  0.0, Max: 0, Diff: 0, Sum: 0, Workers: 4
[1956.547s][debug][gc,phases      ] GC(53)     Total                          Min: 0, Avg: 241.8, Max: 519, Diff: 519, Sum: 967, Workers: 4
[1956.547s][debug][gc,phases      ] GC(53)   ObjectSynchronizer Weak        Min:  0.0, Avg:  0.0, Max:  0.0, Diff:  0.0, Sum:  0.0, Workers: 4
[1956.547s][debug][gc,phases      ] GC(53)     Dead                           Min: 0, Avg:  0.0, Max: 0, Diff: 0, Sum: 0, Workers: 4
[1956.547s][debug][gc,phases      ] GC(53)     Total                          Min: 0, Avg:  1.0, Max: 4, Diff: 4, Sum: 4, Workers: 4
[1956.547s][debug][gc,phases      ] GC(53)   JVMTI Tag Weak OopStorage      Min:  0.0, Avg:  0.0, Max:  0.0, Diff:  0.0, Sum:  0.0, Workers: 4
[1956.547s][debug][gc,phases      ] GC(53)     Dead                           Min: 0, Avg:  0.0, Max: 0, Diff: 0, Sum: 0, Workers: 4
[1956.547s][debug][gc,phases      ] GC(53)     Total                          Min: 0, Avg:  0.0, Max: 0, Diff: 0, Sum: 0, Workers: 4
[1956.547s][debug][gc,phases      ] GC(53)   StringTable Weak               Min:  0.0, Avg:  0.1, Max:  0.1, Diff:  0.1, Sum:  0.4, Workers: 4
[1956.547s][debug][gc,phases      ] GC(53)     Dead                           Min: 0, Avg:  0.0, Max: 0, Diff: 0, Sum: 0, Workers: 4
[1956.547s][debug][gc,phases      ] GC(53)     Total                          Min: 0, Avg: 11528.5, Max: 19684, Diff: 19684, Sum: 46114, Workers: 4
[1956.547s][debug][gc,phases      ] GC(53)   ResolvedMethodTable Weak       Min:  0.0, Avg:  0.0, Max:  0.0, Diff:  0.0, Sum:  0.1, Workers: 4
[1956.547s][debug][gc,phases      ] GC(53)     Dead                           Min: 0, Avg:  4.0, Max: 16, Diff: 16, Sum: 16, Workers: 4
[1956.547s][debug][gc,phases      ] GC(53)     Total                          Min: 0, Avg: 3788.8, Max: 5940, Diff: 5940, Sum: 15155, Workers: 4
[1956.547s][debug][gc,phases      ] GC(53)   JNI Weak                       Min:  0.0, Avg:  0.0, Max:  0.0, Diff:  0.0, Sum:  0.0, Workers: 4
[1956.547s][debug][gc,phases      ] GC(53)     Dead                           Min: 0, Avg:  0.0, Max: 0, Diff: 0, Sum: 0, Workers: 4
[1956.547s][debug][gc,phases      ] GC(53)     Total                          Min: 0, Avg: 13.0, Max: 52, Diff: 52, Sum: 52, Workers: 4
[1956.547s][debug][gc,phases      ] GC(53)   StringDedup Table Weak         Min:  0.0, Avg:  0.0, Max:  0.0, Diff:  0.0, Sum:  0.0, Workers: 4
[1956.547s][debug][gc,phases      ] GC(53)     Dead                           Min: 0, Avg:  0.0, Max: 0, Diff: 0, Sum: 0, Workers: 4
[1956.547s][debug][gc,phases      ] GC(53)     Total                          Min: 0, Avg:  0.0, Max: 0, Diff: 0, Sum: 0, Workers: 4
[1956.547s][debug][gc,phases      ] GC(53)   StringDedup Requests0 Weak     Min:  0.0, Avg:  0.0, Max:  0.0, Diff:  0.0, Sum:  0.0, Workers: 4
[1956.547s][debug][gc,phases      ] GC(53)     Dead                           Min: 0, Avg:  0.0, Max: 0, Diff: 0, Sum: 0, Workers: 4
[1956.547s][debug][gc,phases      ] GC(53)     Total                          Min: 0, Avg:  0.0, Max: 0, Diff: 0, Sum: 0, Workers: 4
[1956.547s][debug][gc,phases      ] GC(53)   StringDedup Requests1 Weak     Min:  0.0, Avg:  0.0, Max:  0.0, Diff:  0.0, Sum:  0.0, Workers: 4
[1956.547s][debug][gc,phases      ] GC(53)     Dead                           Min: 0, Avg:  0.0, Max: 0, Diff: 0, Sum: 0, Workers: 4
[1956.547s][debug][gc,phases      ] GC(53)     Total                          Min: 0, Avg:  0.0, Max: 0, Diff: 0, Sum: 0, Workers: 4
[1956.547s][debug][gc,phases      ] GC(53)   Weak JFR Old Object Samples    Min:  0.0, Avg:  0.0, Max:  0.0, Diff:  0.0, Sum:  0.0, Workers: 4
[1956.547s][debug][gc,phases      ] GC(53)     Dead                           Min: 0, Avg:  0.0, Max: 0, Diff: 0, Sum: 0, Workers: 4
[1956.547s][debug][gc,phases      ] GC(53)     Total                          Min: 0, Avg:  0.0, Max: 0, Diff: 0, Sum: 0, Workers: 4
[1956.547s][debug][gc,phases      ] GC(53) Weak Processing 0.372ms
[1956.547s][debug][gc,age         ] GC(53) Desired survivor size 49807360 bytes, new threshold 1 (max threshold 15)
[1956.547s][info ][gc,heap        ] GC(53) PSYoungGen: 1995008K(2045952K)->3616K(2042880K) Eden: 1991680K(1991680K)->0K(1991680K) From: 3328K(54272K)->3616K(51200K)
[1956.547s][info ][gc,heap        ] GC(53) ParOldGen: 495070K(495104K)->495779K(496128K)
[1956.547s][info ][gc,metaspace   ] GC(53) Metaspace: 105933K(107264K)->105933K(107264K) NonClass: 89936K(90688K)->89936K(90688K) Class: 15996K(16576K)->15996K(16576K)
[1956.547s][info ][gc             ] GC(53) Pause Young (Allocation Failure) 2431M->487M(2479M) 4.709ms
[1956.547s][info ][gc,cpu         ] GC(53) User=0.01s Sys=0.00s Real=0.00s
[1956.548s][info ][safepoint      ] Safepoint "ParallelGCFailedAllocation", Time since last: 2834986773 ns, Reaching safepoint: 7500 ns, Cleanup: 15600 ns, At safepoint: 4777770 ns, Total: 4800870 ns
[1957.548s][info ][safepoint      ] Safepoint "Cleanup", Time since last: 1000092241 ns, Reaching safepoint: 6900 ns, Cleanup: 11000 ns, At safepoint: 2200 ns, Total: 20100 ns
[1958.548s][info ][safepoint      ] Safepoint "Cleanup", Time since last: 1000110541 ns, Reaching safepoint: 7200 ns, Cleanup: 13400 ns, At safepoint: 1900 ns, Total: 22500 ns
[1961.548s][info ][safepoint      ] Safepoint "Cleanup", Time since last: 3000259225 ns, Reaching safepoint: 7500 ns, Cleanup: 13600 ns, At safepoint: 2400 ns, Total: 23500 ns
[1962.548s][info ][safepoint      ] Safepoint "Cleanup", Time since last: 1000136751 ns, Reaching safepoint: 8100 ns, Cleanup: 16500 ns, At safepoint: 3000 ns, Total: 27600 ns
[1963.548s][info ][safepoint      ] Safepoint "Cleanup", Time since last: 1000123278 ns, Reaching safepoint: 7900 ns, Cleanup: 14400 ns, At safepoint: 2500 ns, Total: 24800 ns
[1964.548s][info ][safepoint      ] Safepoint "Cleanup", Time since last: 1000113079 ns, Reaching safepoint: 6600 ns, Cleanup: 17500 ns, At safepoint: 1900 ns, Total: 26000 ns
[1965.549s][info ][safepoint      ] Safepoint "Cleanup", Time since last: 1000102378 ns, Reaching safepoint: 6000 ns, Cleanup: 9800 ns, At safepoint: 2000 ns, Total: 17800 ns
[1966.549s][info ][safepoint      ] Safepoint "Cleanup", Time since last: 1000119978 ns, Reaching safepoint: 7700 ns, Cleanup: 29100 ns, At safepoint: 2400 ns, Total: 39200 ns
[1969.549s][info ][safepoint      ] Safepoint "Cleanup", Time since last: 3000252836 ns, Reaching safepoint: 6700 ns, Cleanup: 10200 ns, At safepoint: 2300 ns, Total: 19200 ns
[1970.549s][info ][safepoint      ] Safepoint "Cleanup", Time since last: 1000116927 ns, Reaching safepoint: 7000 ns, Cleanup: 13200 ns, At safepoint: 2300 ns, Total: 22500 ns
[1972.549s][info ][safepoint      ] Safepoint "Cleanup", Time since last: 2000206143 ns, Reaching safepoint: 7100 ns, Cleanup: 15400 ns, At safepoint: 2400 ns, Total: 24900 ns
[1976.550s][info ][safepoint      ] Safepoint "Cleanup", Time since last: 4000349666 ns, Reaching safepoint: 7700 ns, Cleanup: 11800 ns, At safepoint: 2800 ns, Total: 22300 ns
[1979.550s][info ][safepoint      ] Safepoint "Cleanup", Time since last: 3000271819 ns, Reaching safepoint: 80700 ns, Cleanup: 10700 ns, At safepoint: 13800 ns, Total: 105200 ns
[1984.722s][info ][safepoint      ] Safepoint "Cleanup", Time since last: 5171950985 ns, Reaching safepoint: 6800 ns, Cleanup: 9600 ns, At safepoint: 2100 ns, Total: 18500 ns
[1987.722s][info ][safepoint      ] Safepoint "Cleanup", Time since last: 3000266333 ns, Reaching safepoint: 6400 ns, Cleanup: 10700 ns, At safepoint: 2100 ns, Total: 19200 ns
[1992.723s][info ][safepoint      ] Safepoint "Cleanup", Time since last: 5000404629 ns, Reaching safepoint: 6400 ns, Cleanup: 10400 ns, At safepoint: 2500 ns, Total: 19300 ns
[1995.059s][info ][gc,start       ] GC(54) Pause Young (Allocation Failure)
[1995.064s][debug][gc,phases      ] GC(54) Scavenge 4.915ms
[1995.064s][debug][gc,ref         ] GC(54) ReferenceProcessor::execute queues: 1, RefProcThreadModel::Single, marks_oops_alive: false
[1995.064s][debug][gc,ref         ] GC(54) Skipped KeepAliveFinalRefsPhase of Reference Processing: no references
[1995.064s][debug][gc,ref         ] GC(54) ReferenceProcessor::execute queues: 1, RefProcThreadModel::Single, marks_oops_alive: false
[1995.064s][debug][gc,phases      ] GC(54) Reference Processing 0.095ms
[1995.064s][debug][gc,phases      ] GC(54)   VM Weak                        Min:  0.0, Avg:  0.0, Max:  0.0, Diff:  0.0, Sum:  0.0, Workers: 4
[1995.064s][debug][gc,phases      ] GC(54)     Dead                           Min: 0, Avg:  0.0, Max: 0, Diff: 0, Sum: 0, Workers: 4
[1995.064s][debug][gc,phases      ] GC(54)     Total                          Min: 0, Avg: 241.8, Max: 967, Diff: 967, Sum: 967, Workers: 4
[1995.064s][debug][gc,phases      ] GC(54)   ObjectSynchronizer Weak        Min:  0.0, Avg:  0.0, Max:  0.0, Diff:  0.0, Sum:  0.0, Workers: 4
[1995.064s][debug][gc,phases      ] GC(54)     Dead                           Min: 0, Avg:  0.0, Max: 0, Diff: 0, Sum: 0, Workers: 4
[1995.064s][debug][gc,phases      ] GC(54)     Total                          Min: 0, Avg:  1.0, Max: 4, Diff: 4, Sum: 4, Workers: 4
[1995.064s][debug][gc,phases      ] GC(54)   JVMTI Tag Weak OopStorage      Min:  0.0, Avg:  0.0, Max:  0.0, Diff:  0.0, Sum:  0.0, Workers: 4
[1995.064s][debug][gc,phases      ] GC(54)     Dead                           Min: 0, Avg:  0.0, Max: 0, Diff: 0, Sum: 0, Workers: 4
[1995.064s][debug][gc,phases      ] GC(54)     Total                          Min: 0, Avg:  0.0, Max: 0, Diff: 0, Sum: 0, Workers: 4
[1995.064s][debug][gc,phases      ] GC(54)   StringTable Weak               Min:  0.0, Avg:  0.1, Max:  0.1, Diff:  0.1, Sum:  0.4, Workers: 4
[1995.064s][debug][gc,phases      ] GC(54)     Dead                           Min: 0, Avg:  0.0, Max: 0, Diff: 0, Sum: 0, Workers: 4
[1995.064s][debug][gc,phases      ] GC(54)     Total                          Min: 0, Avg: 11529.0, Max: 18789, Diff: 18789, Sum: 46116, Workers: 4
[1995.064s][debug][gc,phases      ] GC(54)   ResolvedMethodTable Weak       Min:  0.0, Avg:  0.0, Max:  0.0, Diff:  0.0, Sum:  0.1, Workers: 4
[1995.064s][debug][gc,phases      ] GC(54)     Dead                           Min: 0, Avg:  4.0, Max: 16, Diff: 16, Sum: 16, Workers: 4
[1995.064s][debug][gc,phases      ] GC(54)     Total                          Min: 0, Avg: 3789.2, Max: 5618, Diff: 5618, Sum: 15157, Workers: 4
[1995.064s][debug][gc,phases      ] GC(54)   JNI Weak                       Min:  0.0, Avg:  0.0, Max:  0.0, Diff:  0.0, Sum:  0.0, Workers: 4
[1995.064s][debug][gc,phases      ] GC(54)     Dead                           Min: 0, Avg:  0.0, Max: 0, Diff: 0, Sum: 0, Workers: 4
[1995.064s][debug][gc,phases      ] GC(54)     Total                          Min: 0, Avg: 13.0, Max: 48, Diff: 48, Sum: 52, Workers: 4
[1995.064s][debug][gc,phases      ] GC(54)   StringDedup Table Weak         Min:  0.0, Avg:  0.0, Max:  0.0, Diff:  0.0, Sum:  0.0, Workers: 4
[1995.064s][debug][gc,phases      ] GC(54)     Dead                           Min: 0, Avg:  0.0, Max: 0, Diff: 0, Sum: 0, Workers: 4
[1995.064s][debug][gc,phases      ] GC(54)     Total                          Min: 0, Avg:  0.0, Max: 0, Diff: 0, Sum: 0, Workers: 4
[1995.064s][debug][gc,phases      ] GC(54)   StringDedup Requests0 Weak     Min:  0.0, Avg:  0.0, Max:  0.0, Diff:  0.0, Sum:  0.0, Workers: 4
[1995.064s][debug][gc,phases      ] GC(54)     Dead                           Min: 0, Avg:  0.0, Max: 0, Diff: 0, Sum: 0, Workers: 4
[1995.064s][debug][gc,phases      ] GC(54)     Total                          Min: 0, Avg:  0.0, Max: 0, Diff: 0, Sum: 0, Workers: 4
[1995.064s][debug][gc,phases      ] GC(54)   StringDedup Requests1 Weak     Min:  0.0, Avg:  0.0, Max:  0.0, Diff:  0.0, Sum:  0.0, Workers: 4
[1995.064s][debug][gc,phases      ] GC(54)     Dead                           Min: 0, Avg:  0.0, Max: 0, Diff: 0, Sum: 0, Workers: 4
[1995.064s][debug][gc,phases      ] GC(54)     Total                          Min: 0, Avg:  0.0, Max: 0, Diff: 0, Sum: 0, Workers: 4
[1995.064s][debug][gc,phases      ] GC(54)   Weak JFR Old Object Samples    Min:  0.0, Avg:  0.0, Max:  0.0, Diff:  0.0, Sum:  0.0, Workers: 4
[1995.064s][debug][gc,phases      ] GC(54)     Dead                           Min: 0, Avg:  0.0, Max: 0, Diff: 0, Sum: 0, Workers: 4
[1995.064s][debug][gc,phases      ] GC(54)     Total                          Min: 0, Avg:  0.0, Max: 0, Diff: 0, Sum: 0, Workers: 4
[1995.064s][debug][gc,phases      ] GC(54) Weak Processing 0.360ms
[1995.064s][debug][gc,age         ] GC(54) Desired survivor size 46661632 bytes, new threshold 1 (max threshold 15)
[1995.064s][info ][gc,heap        ] GC(54) PSYoungGen: 1995296K(2042880K)->6368K(2051584K) Eden: 1991680K(1991680K)->0K(2002944K) From: 3616K(51200K)->6368K(48640K)
[1995.064s][info ][gc,heap        ] GC(54) ParOldGen: 495779K(496128K)->497291K(497664K)
[1995.064s][info ][gc,metaspace   ] GC(54) Metaspace: 105968K(107264K)->105968K(107264K) NonClass: 89971K(90688K)->89971K(90688K) Class: 15996K(16576K)->15996K(16576K)
[1995.064s][info ][gc             ] GC(54) Pause Young (Allocation Failure) 2432M->491M(2489M) 5.476ms
[1995.064s][info ][gc,cpu         ] GC(54) User=0.01s Sys=0.00s Real=0.00s
[1995.065s][info ][safepoint      ] Safepoint "ParallelGCFailedAllocation", Time since last: 2336032904 ns, Reaching safepoint: 81600 ns, Cleanup: 4700 ns, At safepoint: 5548264 ns, Total: 5634564 ns
[2003.065s][info ][safepoint      ] Safepoint "Cleanup", Time since last: 8000659007 ns, Reaching safepoint: 80700 ns, Cleanup: 9200 ns, At safepoint: 6500 ns, Total: 96400 ns
[2007.066s][info ][safepoint      ] Safepoint "Cleanup", Time since last: 4000325561 ns, Reaching safepoint: 6900 ns, Cleanup: 13900 ns, At safepoint: 22800 ns, Total: 43600 ns
[2008.066s][info ][safepoint      ] Safepoint "Cleanup", Time since last: 1000104665 ns, Reaching safepoint: 6600 ns, Cleanup: 18100 ns, At safepoint: 2000 ns, Total: 26700 ns
[2012.066s][info ][safepoint      ] Safepoint "Cleanup", Time since last: 4000331320 ns, Reaching safepoint: 82000 ns, Cleanup: 13000 ns, At safepoint: 9400 ns, Total: 104400 ns
[2016.067s][info ][safepoint      ] Safepoint "Cleanup", Time since last: 4000324267 ns, Reaching safepoint: 6900 ns, Cleanup: 12400 ns, At safepoint: 1900 ns, Total: 21200 ns
[2019.067s][info ][safepoint      ] Safepoint "Cleanup", Time since last: 3000257935 ns, Reaching safepoint: 6800 ns, Cleanup: 10800 ns, At safepoint: 2000 ns, Total: 19600 ns
[2020.067s][info ][safepoint      ] Safepoint "Cleanup", Time since last: 1000112654 ns, Reaching safepoint: 7000 ns, Cleanup: 13000 ns, At safepoint: 2100 ns, Total: 22100 ns
[2021.067s][info ][safepoint      ] Safepoint "Cleanup", Time since last: 1000106154 ns, Reaching safepoint: 78499 ns, Cleanup: 14400 ns, At safepoint: 7500 ns, Total: 100399 ns
[2023.067s][info ][safepoint      ] Safepoint "Cleanup", Time since last: 2000193009 ns, Reaching safepoint: 6100 ns, Cleanup: 9800 ns, At safepoint: 1900 ns, Total: 17800 ns
[2027.068s][info ][safepoint      ] Safepoint "Cleanup", Time since last: 4000337272 ns, Reaching safepoint: 6100 ns, Cleanup: 10600 ns, At safepoint: 1800 ns, Total: 18500 ns
[2028.068s][info ][safepoint      ] Safepoint "Cleanup", Time since last: 1000114870 ns, Reaching safepoint: 7200 ns, Cleanup: 10900 ns, At safepoint: 2200 ns, Total: 20300 ns
[2030.068s][info ][safepoint      ] Safepoint "Cleanup", Time since last: 2000270240 ns, Reaching safepoint: 5500 ns, Cleanup: 9000 ns, At safepoint: 2000 ns, Total: 16500 ns
[2033.068s][info ][safepoint      ] Safepoint "Cleanup", Time since last: 3000256111 ns, Reaching safepoint: 7300 ns, Cleanup: 10100 ns, At safepoint: 2000 ns, Total: 19400 ns
[2035.068s][info ][gc,start       ] GC(55) Pause Young (Allocation Failure)
[2035.073s][debug][gc,phases      ] GC(55) Scavenge 5.244ms
[2035.073s][debug][gc,ref         ] GC(55) ReferenceProcessor::execute queues: 1, RefProcThreadModel::Single, marks_oops_alive: false
[2035.073s][debug][gc,ref         ] GC(55) Skipped KeepAliveFinalRefsPhase of Reference Processing: no references
[2035.074s][debug][gc,ref         ] GC(55) ReferenceProcessor::execute queues: 1, RefProcThreadModel::Single, marks_oops_alive: false
[2035.074s][debug][gc,phases      ] GC(55) Reference Processing 0.100ms
[2035.074s][debug][gc,phases      ] GC(55)   VM Weak                        Min:  0.0, Avg:  0.0, Max:  0.0, Diff:  0.0, Sum:  0.0, Workers: 4
[2035.074s][debug][gc,phases      ] GC(55)     Dead                           Min: 0, Avg:  0.0, Max: 0, Diff: 0, Sum: 0, Workers: 4
[2035.074s][debug][gc,phases      ] GC(55)     Total                          Min: 0, Avg: 241.8, Max: 512, Diff: 512, Sum: 967, Workers: 4
[2035.074s][debug][gc,phases      ] GC(55)   ObjectSynchronizer Weak        Min:  0.0, Avg:  0.0, Max:  0.0, Diff:  0.0, Sum:  0.0, Workers: 4
[2035.074s][debug][gc,phases      ] GC(55)     Dead                           Min: 0, Avg:  0.0, Max: 0, Diff: 0, Sum: 0, Workers: 4
[2035.074s][debug][gc,phases      ] GC(55)     Total                          Min: 0, Avg:  1.0, Max: 4, Diff: 4, Sum: 4, Workers: 4
[2035.074s][debug][gc,phases      ] GC(55)   JVMTI Tag Weak OopStorage      Min:  0.0, Avg:  0.0, Max:  0.0, Diff:  0.0, Sum:  0.0, Workers: 4
[2035.074s][debug][gc,phases      ] GC(55)     Dead                           Min: 0, Avg:  0.0, Max: 0, Diff: 0, Sum: 0, Workers: 4
[2035.074s][debug][gc,phases      ] GC(55)     Total                          Min: 0, Avg:  0.0, Max: 0, Diff: 0, Sum: 0, Workers: 4
[2035.074s][debug][gc,phases      ] GC(55)   StringTable Weak               Min:  0.0, Avg:  0.1, Max:  0.1, Diff:  0.1, Sum:  0.4, Workers: 4
[2035.074s][debug][gc,phases      ] GC(55)     Dead                           Min: 0, Avg:  0.2, Max: 1, Diff: 1, Sum: 1, Workers: 4
[2035.074s][debug][gc,phases      ] GC(55)     Total                          Min: 895, Avg: 11529.8, Max: 19112, Diff: 18217, Sum: 46119, Workers: 4
[2035.074s][debug][gc,phases      ] GC(55)   ResolvedMethodTable Weak       Min:  0.0, Avg:  0.0, Max:  0.0, Diff:  0.0, Sum:  0.2, Workers: 4
[2035.074s][debug][gc,phases      ] GC(55)     Dead                           Min: 0, Avg:  4.0, Max: 16, Diff: 16, Sum: 16, Workers: 4
[2035.074s][debug][gc,phases      ] GC(55)     Total                          Min: 3340, Avg: 3790.5, Max: 4353, Diff: 1013, Sum: 15162, Workers: 4
[2035.074s][debug][gc,phases      ] GC(55)   JNI Weak                       Min:  0.0, Avg:  0.0, Max:  0.0, Diff:  0.0, Sum:  0.0, Workers: 4
[2035.074s][debug][gc,phases      ] GC(55)     Dead                           Min: 0, Avg:  0.0, Max: 0, Diff: 0, Sum: 0, Workers: 4
[2035.074s][debug][gc,phases      ] GC(55)     Total                          Min: 0, Avg: 13.0, Max: 48, Diff: 48, Sum: 52, Workers: 4
[2035.074s][debug][gc,phases      ] GC(55)   StringDedup Table Weak         Min:  0.0, Avg:  0.0, Max:  0.0, Diff:  0.0, Sum:  0.0, Workers: 4
[2035.074s][debug][gc,phases      ] GC(55)     Dead                           Min: 0, Avg:  0.0, Max: 0, Diff: 0, Sum: 0, Workers: 4
[2035.074s][debug][gc,phases      ] GC(55)     Total                          Min: 0, Avg:  0.0, Max: 0, Diff: 0, Sum: 0, Workers: 4
[2035.074s][debug][gc,phases      ] GC(55)   StringDedup Requests0 Weak     Min:  0.0, Avg:  0.0, Max:  0.0, Diff:  0.0, Sum:  0.0, Workers: 4
[2035.074s][debug][gc,phases      ] GC(55)     Dead                           Min: 0, Avg:  0.0, Max: 0, Diff: 0, Sum: 0, Workers: 4
[2035.074s][debug][gc,phases      ] GC(55)     Total                          Min: 0, Avg:  0.0, Max: 0, Diff: 0, Sum: 0, Workers: 4
[2035.074s][debug][gc,phases      ] GC(55)   StringDedup Requests1 Weak     Min:  0.0, Avg:  0.0, Max:  0.0, Diff:  0.0, Sum:  0.0, Workers: 4
[2035.074s][debug][gc,phases      ] GC(55)     Dead                           Min: 0, Avg:  0.0, Max: 0, Diff: 0, Sum: 0, Workers: 4
[2035.074s][debug][gc,phases      ] GC(55)     Total                          Min: 0, Avg:  0.0, Max: 0, Diff: 0, Sum: 0, Workers: 4
[2035.074s][debug][gc,phases      ] GC(55)   Weak JFR Old Object Samples    Min:  0.0, Avg:  0.0, Max:  0.0, Diff:  0.0, Sum:  0.0, Workers: 4
[2035.074s][debug][gc,phases      ] GC(55)     Dead                           Min: 0, Avg:  0.0, Max: 0, Diff: 0, Sum: 0, Workers: 4
[2035.074s][debug][gc,phases      ] GC(55)     Total                          Min: 0, Avg:  0.0, Max: 0, Diff: 0, Sum: 0, Workers: 4
[2035.074s][debug][gc,phases      ] GC(55) Weak Processing 0.368ms
[2035.074s][debug][gc,age         ] GC(55) Desired survivor size 44040192 bytes, new threshold 1 (max threshold 15)
[2035.074s][info ][gc,heap        ] GC(55) PSYoungGen: 2009312K(2051584K)->4112K(2048512K) Eden: 2002944K(2002944K)->0K(2002944K) From: 6368K(48640K)->4112K(45568K)
[2035.074s][info ][gc,heap        ] GC(55) ParOldGen: 497291K(497664K)->500932K(501248K)
[2035.074s][info ][gc,metaspace   ] GC(55) Metaspace: 106003K(107328K)->106003K(107328K) NonClass: 90004K(90752K)->90004K(90752K) Class: 15998K(16576K)->15998K(16576K)
[2035.074s][info ][gc             ] GC(55) Pause Young (Allocation Failure) 2447M->493M(2490M) 5.844ms
[2035.074s][info ][gc,cpu         ] GC(55) User=0.02s Sys=0.01s Real=0.01s
[2035.074s][info ][safepoint      ] Safepoint "ParallelGCFailedAllocation", Time since last: 1999627521 ns, Reaching safepoint: 6600 ns, Cleanup: 4800 ns, At safepoint: 5912564 ns, Total: 5923964 ns
[2037.074s][info ][safepoint      ] Safepoint "Cleanup", Time since last: 2000153896 ns, Reaching safepoint: 6300 ns, Cleanup: 10999 ns, At safepoint: 2000 ns, Total: 19299 ns
[2038.074s][info ][safepoint      ] Safepoint "Cleanup", Time since last: 1000115298 ns, Reaching safepoint: 7900 ns, Cleanup: 12600 ns, At safepoint: 2200 ns, Total: 22700 ns
[2044.740s][info ][safepoint      ] Safepoint "Cleanup", Time since last: 6665247537 ns, Reaching safepoint: 8100 ns, Cleanup: 14900 ns, At safepoint: 2900 ns, Total: 25900 ns
[2045.740s][info ][safepoint      ] Safepoint "Cleanup", Time since last: 1000137142 ns, Reaching safepoint: 8100 ns, Cleanup: 11499 ns, At safepoint: 2900 ns, Total: 22499 ns
[2046.740s][info ][safepoint      ] Safepoint "Cleanup", Time since last: 1000138742 ns, Reaching safepoint: 8800 ns, Cleanup: 18300 ns, At safepoint: 3200 ns, Total: 30300 ns
[2049.740s][info ][safepoint      ] Safepoint "Cleanup", Time since last: 3000287624 ns, Reaching safepoint: 7200 ns, Cleanup: 14400 ns, At safepoint: 2500 ns, Total: 24100 ns
[2056.741s][info ][safepoint      ] Safepoint "Cleanup", Time since last: 7000575934 ns, Reaching safepoint: 10099 ns, Cleanup: 30000 ns, At safepoint: 3200 ns, Total: 43299 ns
[2060.741s][info ][safepoint      ] Safepoint "Cleanup", Time since last: 4000353973 ns, Reaching safepoint: 7500 ns, Cleanup: 11400 ns, At safepoint: 2600 ns, Total: 21500 ns
[2065.742s][info ][safepoint      ] Safepoint "Cleanup", Time since last: 5000419079 ns, Reaching safepoint: 7400 ns, Cleanup: 16000 ns, At safepoint: 2500 ns, Total: 25900 ns
[2071.742s][info ][safepoint      ] Safepoint "Cleanup", Time since last: 6000472385 ns, Reaching safepoint: 7000 ns, Cleanup: 19100 ns, At safepoint: 2200 ns, Total: 28300 ns
[2072.742s][info ][safepoint      ] Safepoint "Cleanup", Time since last: 1000122340 ns, Reaching safepoint: 6800 ns, Cleanup: 11900 ns, At safepoint: 2200 ns, Total: 20900 ns
[2073.742s][info ][safepoint      ] Safepoint "Cleanup", Time since last: 1000124141 ns, Reaching safepoint: 8300 ns, Cleanup: 12800 ns, At safepoint: 2900 ns, Total: 24000 ns
[2076.743s][info ][safepoint      ] Safepoint "Cleanup", Time since last: 3000261140 ns, Reaching safepoint: 7600 ns, Cleanup: 11699 ns, At safepoint: 2000 ns, Total: 21299 ns
[2077.743s][info ][safepoint      ] Safepoint "Cleanup", Time since last: 1000133347 ns, Reaching safepoint: 7900 ns, Cleanup: 20000 ns, At safepoint: 2700 ns, Total: 30600 ns
[2078.577s][info ][gc,start       ] GC(56) Pause Young (Allocation Failure)
[2078.582s][debug][gc,phases      ] GC(56) Scavenge 4.681ms
[2078.582s][debug][gc,ref         ] GC(56) ReferenceProcessor::execute queues: 1, RefProcThreadModel::Single, marks_oops_alive: false
[2078.582s][debug][gc,ref         ] GC(56) Skipped KeepAliveFinalRefsPhase of Reference Processing: no references
[2078.582s][debug][gc,ref         ] GC(56) ReferenceProcessor::execute queues: 1, RefProcThreadModel::Single, marks_oops_alive: false
[2078.582s][debug][gc,phases      ] GC(56) Reference Processing 0.100ms
[2078.583s][debug][gc,phases      ] GC(56)   VM Weak                        Min:  0.0, Avg:  0.0, Max:  0.0, Diff:  0.0, Sum:  0.0, Workers: 4
[2078.583s][debug][gc,phases      ] GC(56)     Dead                           Min: 0, Avg:  0.0, Max: 0, Diff: 0, Sum: 0, Workers: 4
[2078.583s][debug][gc,phases      ] GC(56)     Total                          Min: 0, Avg: 241.8, Max: 832, Diff: 832, Sum: 967, Workers: 4
[2078.583s][debug][gc,phases      ] GC(56)   ObjectSynchronizer Weak        Min:  0.0, Avg:  0.0, Max:  0.0, Diff:  0.0, Sum:  0.0, Workers: 4
[2078.583s][debug][gc,phases      ] GC(56)     Dead                           Min: 0, Avg:  0.0, Max: 0, Diff: 0, Sum: 0, Workers: 4
[2078.583s][debug][gc,phases      ] GC(56)     Total                          Min: 0, Avg:  1.0, Max: 4, Diff: 4, Sum: 4, Workers: 4
[2078.583s][debug][gc,phases      ] GC(56)   JVMTI Tag Weak OopStorage      Min:  0.0, Avg:  0.0, Max:  0.0, Diff:  0.0, Sum:  0.0, Workers: 4
[2078.583s][debug][gc,phases      ] GC(56)     Dead                           Min: 0, Avg:  0.0, Max: 0, Diff: 0, Sum: 0, Workers: 4
[2078.583s][debug][gc,phases      ] GC(56)     Total                          Min: 0, Avg:  0.0, Max: 0, Diff: 0, Sum: 0, Workers: 4
[2078.583s][debug][gc,phases      ] GC(56)   StringTable Weak               Min:  0.1, Avg:  0.1, Max:  0.1, Diff:  0.0, Sum:  0.5, Workers: 4
[2078.583s][debug][gc,phases      ] GC(56)     Dead                           Min: 0, Avg:  0.0, Max: 0, Diff: 0, Sum: 0, Workers: 4
[2078.583s][debug][gc,phases      ] GC(56)     Total                          Min: 10624, Avg: 11529.8, Max: 12072, Diff: 1448, Sum: 46119, Workers: 4
[2078.583s][debug][gc,phases      ] GC(56)   ResolvedMethodTable Weak       Min:  0.0, Avg:  0.0, Max:  0.0, Diff:  0.0, Sum:  0.2, Workers: 4
[2078.583s][debug][gc,phases      ] GC(56)     Dead                           Min: 0, Avg:  4.0, Max: 9, Diff: 9, Sum: 16, Workers: 4
[2078.583s][debug][gc,phases      ] GC(56)     Total                          Min: 3426, Avg: 3790.5, Max: 3998, Diff: 572, Sum: 15162, Workers: 4
[2078.583s][debug][gc,phases      ] GC(56)   JNI Weak                       Min:  0.0, Avg:  0.0, Max:  0.0, Diff:  0.0, Sum:  0.0, Workers: 4
[2078.583s][debug][gc,phases      ] GC(56)     Dead                           Min: 0, Avg:  0.0, Max: 0, Diff: 0, Sum: 0, Workers: 4
[2078.583s][debug][gc,phases      ] GC(56)     Total                          Min: 0, Avg: 13.0, Max: 48, Diff: 48, Sum: 52, Workers: 4
[2078.583s][debug][gc,phases      ] GC(56)   StringDedup Table Weak         Min:  0.0, Avg:  0.0, Max:  0.0, Diff:  0.0, Sum:  0.0, Workers: 4
[2078.583s][debug][gc,phases      ] GC(56)     Dead                           Min: 0, Avg:  0.0, Max: 0, Diff: 0, Sum: 0, Workers: 4
[2078.583s][debug][gc,phases      ] GC(56)     Total                          Min: 0, Avg:  0.0, Max: 0, Diff: 0, Sum: 0, Workers: 4
[2078.583s][debug][gc,phases      ] GC(56)   StringDedup Requests0 Weak     Min:  0.0, Avg:  0.0, Max:  0.0, Diff:  0.0, Sum:  0.0, Workers: 4
[2078.583s][debug][gc,phases      ] GC(56)     Dead                           Min: 0, Avg:  0.0, Max: 0, Diff: 0, Sum: 0, Workers: 4
[2078.583s][debug][gc,phases      ] GC(56)     Total                          Min: 0, Avg:  0.0, Max: 0, Diff: 0, Sum: 0, Workers: 4
[2078.583s][debug][gc,phases      ] GC(56)   StringDedup Requests1 Weak     Min:  0.0, Avg:  0.0, Max:  0.0, Diff:  0.0, Sum:  0.0, Workers: 4
[2078.583s][debug][gc,phases      ] GC(56)     Dead                           Min: 0, Avg:  0.0, Max: 0, Diff: 0, Sum: 0, Workers: 4
[2078.583s][debug][gc,phases      ] GC(56)     Total                          Min: 0, Avg:  0.0, Max: 0, Diff: 0, Sum: 0, Workers: 4
[2078.583s][debug][gc,phases      ] GC(56)   Weak JFR Old Object Samples    Min:  0.0, Avg:  0.0, Max:  0.0, Diff:  0.0, Sum:  0.0, Workers: 4
[2078.583s][debug][gc,phases      ] GC(56)     Dead                           Min: 0, Avg:  0.0, Max: 0, Diff: 0, Sum: 0, Workers: 4
[2078.583s][debug][gc,phases      ] GC(56)     Total                          Min: 0, Avg:  0.0, Max: 0, Diff: 0, Sum: 0, Workers: 4
[2078.583s][debug][gc,phases      ] GC(56) Weak Processing 0.343ms
[2078.583s][debug][gc,age         ] GC(56) Desired survivor size 41943040 bytes, new threshold 1 (max threshold 15)
[2078.583s][info ][gc,heap        ] GC(56) PSYoungGen: 2007056K(2048512K)->3376K(2056192K) Eden: 2002944K(2002944K)->0K(2013184K) From: 4112K(45568K)->3376K(43008K)
[2078.583s][info ][gc,heap        ] GC(56) ParOldGen: 500932K(501248K)->502584K(502784K)
[2078.583s][info ][gc,metaspace   ] GC(56) Metaspace: 106010K(107328K)->106010K(107328K) NonClass: 90011K(90752K)->90011K(90752K) Class: 15998K(16576K)->15998K(16576K)
[2078.583s][info ][gc             ] GC(56) Pause Young (Allocation Failure) 2449M->494M(2499M) 5.246ms
[2078.583s][info ][gc,cpu         ] GC(56) User=0.02s Sys=0.00s Real=0.01s
[2078.583s][info ][safepoint      ] Safepoint "ParallelGCFailedAllocation", Time since last: 834540917 ns, Reaching safepoint: 6500 ns, Cleanup: 11300 ns, At safepoint: 5314572 ns, Total: 5332372 ns
[2086.583s][info ][safepoint      ] Safepoint "Cleanup", Time since last: 8000593175 ns, Reaching safepoint: 6100 ns, Cleanup: 12900 ns, At safepoint: 2100 ns, Total: 21100 ns
[2113.758s][info ][safepoint      ] Safepoint "Cleanup", Time since last: 27174985851 ns, Reaching safepoint: 81899 ns, Cleanup: 27800 ns, At safepoint: 11700 ns, Total: 121399 ns
[2124.359s][info ][gc,start       ] GC(57) Pause Young (Allocation Failure)
[2124.363s][debug][gc,phases      ] GC(57) Scavenge 4.031ms
[2124.363s][debug][gc,ref         ] GC(57) ReferenceProcessor::execute queues: 1, RefProcThreadModel::Single, marks_oops_alive: false
[2124.363s][debug][gc,ref         ] GC(57) Skipped KeepAliveFinalRefsPhase of Reference Processing: no references
[2124.363s][debug][gc,ref         ] GC(57) ReferenceProcessor::execute queues: 1, RefProcThreadModel::Single, marks_oops_alive: false
[2124.363s][debug][gc,phases      ] GC(57) Reference Processing 0.102ms
[2124.363s][debug][gc,phases      ] GC(57)   VM Weak                        Min:  0.0, Avg:  0.0, Max:  0.0, Diff:  0.0, Sum:  0.0, Workers: 4
[2124.363s][debug][gc,phases      ] GC(57)     Dead                           Min: 0, Avg:  0.0, Max: 0, Diff: 0, Sum: 0, Workers: 4
[2124.363s][debug][gc,phases      ] GC(57)     Total                          Min: 0, Avg: 241.8, Max: 967, Diff: 967, Sum: 967, Workers: 4
[2124.363s][debug][gc,phases      ] GC(57)   ObjectSynchronizer Weak        Min:  0.0, Avg:  0.0, Max:  0.0, Diff:  0.0, Sum:  0.0, Workers: 4
[2124.363s][debug][gc,phases      ] GC(57)     Dead                           Min: 0, Avg:  0.0, Max: 0, Diff: 0, Sum: 0, Workers: 4
[2124.363s][debug][gc,phases      ] GC(57)     Total                          Min: 0, Avg:  0.8, Max: 3, Diff: 3, Sum: 3, Workers: 4
[2124.363s][debug][gc,phases      ] GC(57)   JVMTI Tag Weak OopStorage      Min:  0.0, Avg:  0.0, Max:  0.0, Diff:  0.0, Sum:  0.0, Workers: 4
[2124.363s][debug][gc,phases      ] GC(57)     Dead                           Min: 0, Avg:  0.0, Max: 0, Diff: 0, Sum: 0, Workers: 4
[2124.363s][debug][gc,phases      ] GC(57)     Total                          Min: 0, Avg:  0.0, Max: 0, Diff: 0, Sum: 0, Workers: 4
[2124.363s][debug][gc,phases      ] GC(57)   StringTable Weak               Min:  0.0, Avg:  0.1, Max:  0.1, Diff:  0.1, Sum:  0.4, Workers: 4
[2124.363s][debug][gc,phases      ] GC(57)     Dead                           Min: 0, Avg:  0.2, Max: 1, Diff: 1, Sum: 1, Workers: 4
[2124.363s][debug][gc,phases      ] GC(57)     Total                          Min: 0, Avg: 11531.2, Max: 19774, Diff: 19774, Sum: 46125, Workers: 4
[2124.363s][debug][gc,phases      ] GC(57)   ResolvedMethodTable Weak       Min:  0.0, Avg:  0.0, Max:  0.0, Diff:  0.0, Sum:  0.1, Workers: 4
[2124.363s][debug][gc,phases      ] GC(57)     Dead                           Min: 0, Avg:  4.8, Max: 10, Diff: 10, Sum: 19, Workers: 4
[2124.363s][debug][gc,phases      ] GC(57)     Total                          Min: 0, Avg: 3792.2, Max: 6139, Diff: 6139, Sum: 15169, Workers: 4
[2124.363s][debug][gc,phases      ] GC(57)   JNI Weak                       Min:  0.0, Avg:  0.0, Max:  0.0, Diff:  0.0, Sum:  0.0, Workers: 4
[2124.363s][debug][gc,phases      ] GC(57)     Dead                           Min: 0, Avg:  0.0, Max: 0, Diff: 0, Sum: 0, Workers: 4
[2124.363s][debug][gc,phases      ] GC(57)     Total                          Min: 0, Avg: 13.0, Max: 48, Diff: 48, Sum: 52, Workers: 4
[2124.363s][debug][gc,phases      ] GC(57)   StringDedup Table Weak         Min:  0.0, Avg:  0.0, Max:  0.0, Diff:  0.0, Sum:  0.0, Workers: 4
[2124.363s][debug][gc,phases      ] GC(57)     Dead                           Min: 0, Avg:  0.0, Max: 0, Diff: 0, Sum: 0, Workers: 4
[2124.363s][debug][gc,phases      ] GC(57)     Total                          Min: 0, Avg:  0.0, Max: 0, Diff: 0, Sum: 0, Workers: 4
[2124.363s][debug][gc,phases      ] GC(57)   StringDedup Requests0 Weak     Min:  0.0, Avg:  0.0, Max:  0.0, Diff:  0.0, Sum:  0.0, Workers: 4
[2124.364s][debug][gc,phases      ] GC(57)     Dead                           Min: 0, Avg:  0.0, Max: 0, Diff: 0, Sum: 0, Workers: 4
[2124.364s][debug][gc,phases      ] GC(57)     Total                          Min: 0, Avg:  0.0, Max: 0, Diff: 0, Sum: 0, Workers: 4
[2124.364s][debug][gc,phases      ] GC(57)   StringDedup Requests1 Weak     Min:  0.0, Avg:  0.0, Max:  0.0, Diff:  0.0, Sum:  0.0, Workers: 4
[2124.364s][debug][gc,phases      ] GC(57)     Dead                           Min: 0, Avg:  0.0, Max: 0, Diff: 0, Sum: 0, Workers: 4
[2124.364s][debug][gc,phases      ] GC(57)     Total                          Min: 0, Avg:  0.0, Max: 0, Diff: 0, Sum: 0, Workers: 4
[2124.364s][debug][gc,phases      ] GC(57)   Weak JFR Old Object Samples    Min:  0.0, Avg:  0.0, Max:  0.0, Diff:  0.0, Sum:  0.0, Workers: 4
[2124.364s][debug][gc,phases      ] GC(57)     Dead                           Min: 0, Avg:  0.0, Max: 0, Diff: 0, Sum: 0, Workers: 4
[2124.364s][debug][gc,phases      ] GC(57)     Total                          Min: 0, Avg:  0.0, Max: 0, Diff: 0, Sum: 0, Workers: 4
[2124.364s][debug][gc,phases      ] GC(57) Weak Processing 0.397ms
[2124.364s][debug][gc,age         ] GC(57) Desired survivor size 39321600 bytes, new threshold 1 (max threshold 15)
[2124.364s][info ][gc,heap        ] GC(57) PSYoungGen: 2016560K(2056192K)->3680K(2054144K) Eden: 2013184K(2013184K)->0K(2013184K) From: 3376K(43008K)->3680K(40960K)
[2124.364s][info ][gc,heap        ] GC(57) ParOldGen: 502584K(502784K)->503669K(503808K)
[2124.364s][info ][gc,metaspace   ] GC(57) Metaspace: 106031K(107328K)->106031K(107328K) NonClass: 90030K(90752K)->90030K(90752K) Class: 16000K(16576K)->16000K(16576K)
[2124.364s][info ][gc             ] GC(57) Pause Young (Allocation Failure) 2460M->495M(2498M) 4.680ms
[2124.364s][info ][gc,cpu         ] GC(57) User=0.01s Sys=0.01s Real=0.01s
[2124.364s][info ][safepoint      ] Safepoint "ParallelGCFailedAllocation", Time since last: 10600284742 ns, Reaching safepoint: 82200 ns, Cleanup: 5699 ns, At safepoint: 4756472 ns, Total: 4844371 ns
[2126.364s][info ][safepoint      ] Safepoint "Cleanup", Time since last: 2000187501 ns, Reaching safepoint: 80199 ns, Cleanup: 9700 ns, At safepoint: 6800 ns, Total: 96699 ns
[2137.365s][info ][safepoint      ] Safepoint "Cleanup", Time since last: 11000883590 ns, Reaching safepoint: 81700 ns, Cleanup: 14400 ns, At safepoint: 9000 ns, Total: 105100 ns
[2138.365s][info ][safepoint      ] Safepoint "Cleanup", Time since last: 1000132502 ns, Reaching safepoint: 76700 ns, Cleanup: 12300 ns, At safepoint: 8000 ns, Total: 97000 ns
[2139.365s][info ][safepoint      ] Safepoint "Cleanup", Time since last: 1000120910 ns, Reaching safepoint: 80400 ns, Cleanup: 10100 ns, At safepoint: 5700 ns, Total: 96200 ns
[2140.366s][info ][safepoint      ] Safepoint "Cleanup", Time since last: 1000125272 ns, Reaching safepoint: 79699 ns, Cleanup: 11200 ns, At safepoint: 6600 ns, Total: 97499 ns
[2141.212s][info ][gc,start       ] GC(58) Pause Young (Allocation Failure)
[2141.215s][debug][gc,phases      ] GC(58) Scavenge 3.356ms
[2141.216s][debug][gc,ref         ] GC(58) ReferenceProcessor::execute queues: 1, RefProcThreadModel::Single, marks_oops_alive: false
[2141.216s][debug][gc,ref         ] GC(58) Skipped KeepAliveFinalRefsPhase of Reference Processing: no references
[2141.216s][debug][gc,ref         ] GC(58) ReferenceProcessor::execute queues: 1, RefProcThreadModel::Single, marks_oops_alive: false
[2141.216s][debug][gc,phases      ] GC(58) Reference Processing 0.095ms
[2141.216s][debug][gc,phases      ] GC(58)   VM Weak                        Min:  0.0, Avg:  0.0, Max:  0.0, Diff:  0.0, Sum:  0.0, Workers: 4
[2141.216s][debug][gc,phases      ] GC(58)     Dead                           Min: 0, Avg:  0.0, Max: 0, Diff: 0, Sum: 0, Workers: 4
[2141.216s][debug][gc,phases      ] GC(58)     Total                          Min: 0, Avg: 241.8, Max: 519, Diff: 519, Sum: 967, Workers: 4
[2141.216s][debug][gc,phases      ] GC(58)   ObjectSynchronizer Weak        Min:  0.0, Avg:  0.0, Max:  0.0, Diff:  0.0, Sum:  0.0, Workers: 4
[2141.216s][debug][gc,phases      ] GC(58)     Dead                           Min: 0, Avg:  0.0, Max: 0, Diff: 0, Sum: 0, Workers: 4
[2141.216s][debug][gc,phases      ] GC(58)     Total                          Min: 0, Avg:  0.8, Max: 3, Diff: 3, Sum: 3, Workers: 4
[2141.216s][debug][gc,phases      ] GC(58)   JVMTI Tag Weak OopStorage      Min:  0.0, Avg:  0.0, Max:  0.0, Diff:  0.0, Sum:  0.0, Workers: 4
[2141.216s][debug][gc,phases      ] GC(58)     Dead                           Min: 0, Avg:  0.0, Max: 0, Diff: 0, Sum: 0, Workers: 4
[2141.216s][debug][gc,phases      ] GC(58)     Total                          Min: 0, Avg:  0.0, Max: 0, Diff: 0, Sum: 0, Workers: 4
[2141.216s][debug][gc,phases      ] GC(58)   StringTable Weak               Min:  0.0, Avg:  0.1, Max:  0.1, Diff:  0.1, Sum:  0.4, Workers: 4
[2141.216s][debug][gc,phases      ] GC(58)     Dead                           Min: 0, Avg:  0.2, Max: 1, Diff: 1, Sum: 1, Workers: 4
[2141.216s][debug][gc,phases      ] GC(58)     Total                          Min: 0, Avg: 11532.2, Max: 20530, Diff: 20530, Sum: 46129, Workers: 4
[2141.216s][debug][gc,phases      ] GC(58)   ResolvedMethodTable Weak       Min:  0.0, Avg:  0.0, Max:  0.0, Diff:  0.0, Sum:  0.1, Workers: 4
[2141.216s][debug][gc,phases      ] GC(58)     Dead                           Min: 0, Avg:  4.8, Max: 19, Diff: 19, Sum: 19, Workers: 4
[2141.216s][debug][gc,phases      ] GC(58)     Total                          Min: 0, Avg: 3794.2, Max: 6794, Diff: 6794, Sum: 15177, Workers: 4
[2141.216s][debug][gc,phases      ] GC(58)   JNI Weak                       Min:  0.0, Avg:  0.0, Max:  0.0, Diff:  0.0, Sum:  0.0, Workers: 4
[2141.216s][debug][gc,phases      ] GC(58)     Dead                           Min: 0, Avg:  0.0, Max: 0, Diff: 0, Sum: 0, Workers: 4
[2141.216s][debug][gc,phases      ] GC(58)     Total                          Min: 0, Avg: 13.0, Max: 52, Diff: 52, Sum: 52, Workers: 4
[2141.216s][debug][gc,phases      ] GC(58)   StringDedup Table Weak         Min:  0.0, Avg:  0.0, Max:  0.0, Diff:  0.0, Sum:  0.0, Workers: 4
[2141.216s][debug][gc,phases      ] GC(58)     Dead                           Min: 0, Avg:  0.0, Max: 0, Diff: 0, Sum: 0, Workers: 4
[2141.216s][debug][gc,phases      ] GC(58)     Total                          Min: 0, Avg:  0.0, Max: 0, Diff: 0, Sum: 0, Workers: 4
[2141.216s][debug][gc,phases      ] GC(58)   StringDedup Requests0 Weak     Min:  0.0, Avg:  0.0, Max:  0.0, Diff:  0.0, Sum:  0.0, Workers: 4
[2141.216s][debug][gc,phases      ] GC(58)     Dead                           Min: 0, Avg:  0.0, Max: 0, Diff: 0, Sum: 0, Workers: 4
[2141.216s][debug][gc,phases      ] GC(58)     Total                          Min: 0, Avg:  0.0, Max: 0, Diff: 0, Sum: 0, Workers: 4
[2141.216s][debug][gc,phases      ] GC(58)   StringDedup Requests1 Weak     Min:  0.0, Avg:  0.0, Max:  0.0, Diff:  0.0, Sum:  0.0, Workers: 4
[2141.216s][debug][gc,phases      ] GC(58)     Dead                           Min: 0, Avg:  0.0, Max: 0, Diff: 0, Sum: 0, Workers: 4
[2141.216s][debug][gc,phases      ] GC(58)     Total                          Min: 0, Avg:  0.0, Max: 0, Diff: 0, Sum: 0, Workers: 4
[2141.216s][debug][gc,phases      ] GC(58)   Weak JFR Old Object Samples    Min:  0.0, Avg:  0.0, Max:  0.0, Diff:  0.0, Sum:  0.0, Workers: 4
[2141.216s][debug][gc,phases      ] GC(58)     Dead                           Min: 0, Avg:  0.0, Max: 0, Diff: 0, Sum: 0, Workers: 4
[2141.216s][debug][gc,phases      ] GC(58)     Total                          Min: 0, Avg:  0.0, Max: 0, Diff: 0, Sum: 0, Workers: 4
[2141.216s][debug][gc,phases      ] GC(58) Weak Processing 0.387ms
[2141.216s][debug][gc,age         ] GC(58) Desired survivor size 37748736 bytes, new threshold 1 (max threshold 15)
[2141.216s][info ][gc,heap        ] GC(58) PSYoungGen: 2016864K(2054144K)->1312K(2060288K) Eden: 2013184K(2013184K)->0K(2021888K) From: 3680K(40960K)->1312K(38400K)
[2141.216s][info ][gc,heap        ] GC(58) ParOldGen: 503669K(503808K)->506213K(506368K)
[2141.216s][info ][gc,metaspace   ] GC(58) Metaspace: 106049K(107328K)->106049K(107328K) NonClass: 90046K(90752K)->90046K(90752K) Class: 16002K(16576K)->16002K(16576K)
[2141.216s][info ][gc             ] GC(58) Pause Young (Allocation Failure) 2461M->495M(2506M) 3.940ms
[2141.216s][info ][gc,cpu         ] GC(58) User=0.01s Sys=0.00s Real=0.00s
[2141.216s][info ][safepoint      ] Safepoint "ParallelGCFailedAllocation", Time since last: 846435583 ns, Reaching safepoint: 6600 ns, Cleanup: 4000 ns, At safepoint: 3998776 ns, Total: 4009376 ns
[2142.216s][info ][safepoint      ] Safepoint "Cleanup", Time since last: 1000090873 ns, Reaching safepoint: 81399 ns, Cleanup: 13700 ns, At safepoint: 8400 ns, Total: 103499 ns
[2146.217s][info ][safepoint      ] Safepoint "Cleanup", Time since last: 4000363890 ns, Reaching safepoint: 80499 ns, Cleanup: 11500 ns, At safepoint: 6600 ns, Total: 98599 ns
[2146.560s][info ][gc,start       ] GC(59) Pause Young (Allocation Failure)
[2146.563s][debug][gc,phases      ] GC(59) Scavenge 2.544ms
[2146.563s][debug][gc,ref         ] GC(59) Skipped SoftWeakFinalRefsPhase of Reference Processing: no references
[2146.563s][debug][gc,ref         ] GC(59) Skipped KeepAliveFinalRefsPhase of Reference Processing: no references
[2146.563s][debug][gc,ref         ] GC(59) Skipped PhantomRefsPhase of Reference Processing: no references
[2146.563s][debug][gc,phases      ] GC(59) Reference Processing 0.017ms
[2146.563s][debug][gc,phases      ] GC(59)   VM Weak                        Min:  0.0, Avg:  0.0, Max:  0.0, Diff:  0.0, Sum:  0.0, Workers: 4
[2146.563s][debug][gc,phases      ] GC(59)     Dead                           Min: 0, Avg:  0.0, Max: 0, Diff: 0, Sum: 0, Workers: 4
[2146.563s][debug][gc,phases      ] GC(59)     Total                          Min: 0, Avg: 241.8, Max: 967, Diff: 967, Sum: 967, Workers: 4
[2146.563s][debug][gc,phases      ] GC(59)   ObjectSynchronizer Weak        Min:  0.0, Avg:  0.0, Max:  0.0, Diff:  0.0, Sum:  0.0, Workers: 4
[2146.563s][debug][gc,phases      ] GC(59)     Dead                           Min: 0, Avg:  0.0, Max: 0, Diff: 0, Sum: 0, Workers: 4
[2146.563s][debug][gc,phases      ] GC(59)     Total                          Min: 0, Avg:  0.8, Max: 3, Diff: 3, Sum: 3, Workers: 4
[2146.563s][debug][gc,phases      ] GC(59)   JVMTI Tag Weak OopStorage      Min:  0.0, Avg:  0.0, Max:  0.0, Diff:  0.0, Sum:  0.0, Workers: 4
[2146.563s][debug][gc,phases      ] GC(59)     Dead                           Min: 0, Avg:  0.0, Max: 0, Diff: 0, Sum: 0, Workers: 4
[2146.563s][debug][gc,phases      ] GC(59)     Total                          Min: 0, Avg:  0.0, Max: 0, Diff: 0, Sum: 0, Workers: 4
[2146.563s][debug][gc,phases      ] GC(59)   StringTable Weak               Min:  0.0, Avg:  0.1, Max:  0.1, Diff:  0.1, Sum:  0.4, Workers: 4
[2146.563s][debug][gc,phases      ] GC(59)     Dead                           Min: 0, Avg:  0.0, Max: 0, Diff: 0, Sum: 0, Workers: 4
[2146.563s][debug][gc,phases      ] GC(59)     Total                          Min: 0, Avg: 11532.2, Max: 21310, Diff: 21310, Sum: 46129, Workers: 4
[2146.563s][debug][gc,phases      ] GC(59)   ResolvedMethodTable Weak       Min:  0.0, Avg:  0.0, Max:  0.0, Diff:  0.0, Sum:  0.1, Workers: 4
[2146.563s][debug][gc,phases      ] GC(59)     Dead                           Min: 0, Avg:  0.0, Max: 0, Diff: 0, Sum: 0, Workers: 4
[2146.563s][debug][gc,phases      ] GC(59)     Total                          Min: 0, Avg: 3794.2, Max: 6589, Diff: 6589, Sum: 15177, Workers: 4
[2146.563s][debug][gc,phases      ] GC(59)   JNI Weak                       Min:  0.0, Avg:  0.0, Max:  0.0, Diff:  0.0, Sum:  0.0, Workers: 4
[2146.563s][debug][gc,phases      ] GC(59)     Dead                           Min: 0, Avg:  0.0, Max: 0, Diff: 0, Sum: 0, Workers: 4
[2146.563s][debug][gc,phases      ] GC(59)     Total                          Min: 0, Avg: 13.0, Max: 48, Diff: 48, Sum: 52, Workers: 4
[2146.563s][debug][gc,phases      ] GC(59)   StringDedup Table Weak         Min:  0.0, Avg:  0.0, Max:  0.0, Diff:  0.0, Sum:  0.0, Workers: 4
[2146.563s][debug][gc,phases      ] GC(59)     Dead                           Min: 0, Avg:  0.0, Max: 0, Diff: 0, Sum: 0, Workers: 4
[2146.563s][debug][gc,phases      ] GC(59)     Total                          Min: 0, Avg:  0.0, Max: 0, Diff: 0, Sum: 0, Workers: 4
[2146.563s][debug][gc,phases      ] GC(59)   StringDedup Requests0 Weak     Min:  0.0, Avg:  0.0, Max:  0.0, Diff:  0.0, Sum:  0.0, Workers: 4
[2146.563s][debug][gc,phases      ] GC(59)     Dead                           Min: 0, Avg:  0.0, Max: 0, Diff: 0, Sum: 0, Workers: 4
[2146.563s][debug][gc,phases      ] GC(59)     Total                          Min: 0, Avg:  0.0, Max: 0, Diff: 0, Sum: 0, Workers: 4
[2146.563s][debug][gc,phases      ] GC(59)   StringDedup Requests1 Weak     Min:  0.0, Avg:  0.0, Max:  0.0, Diff:  0.0, Sum:  0.0, Workers: 4
[2146.563s][debug][gc,phases      ] GC(59)     Dead                           Min: 0, Avg:  0.0, Max: 0, Diff: 0, Sum: 0, Workers: 4
[2146.563s][debug][gc,phases      ] GC(59)     Total                          Min: 0, Avg:  0.0, Max: 0, Diff: 0, Sum: 0, Workers: 4
[2146.563s][debug][gc,phases      ] GC(59)   Weak JFR Old Object Samples    Min:  0.0, Avg:  0.0, Max:  0.0, Diff:  0.0, Sum:  0.0, Workers: 4
[2146.563s][debug][gc,phases      ] GC(59)     Dead                           Min: 0, Avg:  0.0, Max: 0, Diff: 0, Sum: 0, Workers: 4
[2146.563s][debug][gc,phases      ] GC(59)     Total                          Min: 0, Avg:  0.0, Max: 0, Diff: 0, Sum: 0, Workers: 4
[2146.563s][debug][gc,phases      ] GC(59) Weak Processing 0.397ms
[2146.563s][debug][gc,age         ] GC(59) Desired survivor size 35651584 bytes, new threshold 1 (max threshold 15)
[2146.563s][info ][gc,heap        ] GC(59) PSYoungGen: 2023200K(2060288K)->640K(2058752K) Eden: 2021888K(2021888K)->0K(2021888K) From: 1312K(38400K)->640K(36864K)
[2146.563s][info ][gc,heap        ] GC(59) ParOldGen: 506213K(506368K)->507126K(507392K)
[2146.563s][info ][gc,metaspace   ] GC(59) Metaspace: 106052K(107328K)->106052K(107328K) NonClass: 90049K(90752K)->90049K(90752K) Class: 16002K(16576K)->16002K(16576K)
[2146.563s][info ][gc             ] GC(59) Pause Young (Allocation Failure) 2470M->495M(2506M) 3.052ms
[2146.563s][info ][gc,cpu         ] GC(59) User=0.01s Sys=0.00s Real=0.00s
[2146.563s][info ][safepoint      ] Safepoint "ParallelGCFailedAllocation", Time since last: 343286296 ns, Reaching safepoint: 6300 ns, Cleanup: 4300 ns, At safepoint: 3107683 ns, Total: 3118283 ns
[2147.563s][info ][safepoint      ] Safepoint "Cleanup", Time since last: 1000093010 ns, Reaching safepoint: 80400 ns, Cleanup: 11300 ns, At safepoint: 6700 ns, Total: 98400 ns
[2148.563s][info ][safepoint      ] Safepoint "Cleanup", Time since last: 1000123909 ns, Reaching safepoint: 79600 ns, Cleanup: 10900 ns, At safepoint: 5700 ns, Total: 96200 ns
[2151.877s][info ][gc,start       ] GC(60) Pause Young (Allocation Failure)
[2151.879s][debug][gc,phases      ] GC(60) Scavenge 2.203ms
[2151.879s][debug][gc,ref         ] GC(60) Skipped SoftWeakFinalRefsPhase of Reference Processing: no references
[2151.879s][debug][gc,ref         ] GC(60) Skipped KeepAliveFinalRefsPhase of Reference Processing: no references
[2151.879s][debug][gc,ref         ] GC(60) Skipped PhantomRefsPhase of Reference Processing: no references
[2151.879s][debug][gc,phases      ] GC(60) Reference Processing 0.017ms
[2151.879s][debug][gc,phases      ] GC(60)   VM Weak                        Min:  0.0, Avg:  0.0, Max:  0.0, Diff:  0.0, Sum:  0.0, Workers: 4
[2151.879s][debug][gc,phases      ] GC(60)     Dead                           Min: 0, Avg:  0.0, Max: 0, Diff: 0, Sum: 0, Workers: 4
[2151.879s][debug][gc,phases      ] GC(60)     Total                          Min: 0, Avg: 241.8, Max: 583, Diff: 583, Sum: 967, Workers: 4
[2151.879s][debug][gc,phases      ] GC(60)   ObjectSynchronizer Weak        Min:  0.0, Avg:  0.0, Max:  0.0, Diff:  0.0, Sum:  0.0, Workers: 4
[2151.879s][debug][gc,phases      ] GC(60)     Dead                           Min: 0, Avg:  0.0, Max: 0, Diff: 0, Sum: 0, Workers: 4
[2151.879s][debug][gc,phases      ] GC(60)     Total                          Min: 0, Avg:  0.8, Max: 3, Diff: 3, Sum: 3, Workers: 4
[2151.879s][debug][gc,phases      ] GC(60)   JVMTI Tag Weak OopStorage      Min:  0.0, Avg:  0.0, Max:  0.0, Diff:  0.0, Sum:  0.0, Workers: 4
[2151.879s][debug][gc,phases      ] GC(60)     Dead                           Min: 0, Avg:  0.0, Max: 0, Diff: 0, Sum: 0, Workers: 4
[2151.879s][debug][gc,phases      ] GC(60)     Total                          Min: 0, Avg:  0.0, Max: 0, Diff: 0, Sum: 0, Workers: 4
[2151.879s][debug][gc,phases      ] GC(60)   StringTable Weak               Min:  0.0, Avg:  0.1, Max:  0.1, Diff:  0.1, Sum:  0.4, Workers: 4
[2151.879s][debug][gc,phases      ] GC(60)     Dead                           Min: 0, Avg:  0.0, Max: 0, Diff: 0, Sum: 0, Workers: 4
[2151.879s][debug][gc,phases      ] GC(60)     Total                          Min: 0, Avg: 11532.2, Max: 20479, Diff: 20479, Sum: 46129, Workers: 4
[2151.879s][debug][gc,phases      ] GC(60)   ResolvedMethodTable Weak       Min:  0.0, Avg:  0.0, Max:  0.0, Diff:  0.0, Sum:  0.1, Workers: 4
[2151.879s][debug][gc,phases      ] GC(60)     Dead                           Min: 0, Avg:  4.0, Max: 16, Diff: 16, Sum: 16, Workers: 4
[2151.879s][debug][gc,phases      ] GC(60)     Total                          Min: 0, Avg: 3794.2, Max: 6472, Diff: 6472, Sum: 15177, Workers: 4
[2151.879s][debug][gc,phases      ] GC(60)   JNI Weak                       Min:  0.0, Avg:  0.0, Max:  0.0, Diff:  0.0, Sum:  0.0, Workers: 4
[2151.879s][debug][gc,phases      ] GC(60)     Dead                           Min: 0, Avg:  0.0, Max: 0, Diff: 0, Sum: 0, Workers: 4
[2151.879s][debug][gc,phases      ] GC(60)     Total                          Min: 0, Avg: 13.0, Max: 48, Diff: 48, Sum: 52, Workers: 4
[2151.879s][debug][gc,phases      ] GC(60)   StringDedup Table Weak         Min:  0.0, Avg:  0.0, Max:  0.0, Diff:  0.0, Sum:  0.0, Workers: 4
[2151.879s][debug][gc,phases      ] GC(60)     Dead                           Min: 0, Avg:  0.0, Max: 0, Diff: 0, Sum: 0, Workers: 4
[2151.879s][debug][gc,phases      ] GC(60)     Total                          Min: 0, Avg:  0.0, Max: 0, Diff: 0, Sum: 0, Workers: 4
[2151.879s][debug][gc,phases      ] GC(60)   StringDedup Requests0 Weak     Min:  0.0, Avg:  0.0, Max:  0.0, Diff:  0.0, Sum:  0.0, Workers: 4
[2151.879s][debug][gc,phases      ] GC(60)     Dead                           Min: 0, Avg:  0.0, Max: 0, Diff: 0, Sum: 0, Workers: 4
[2151.879s][debug][gc,phases      ] GC(60)     Total                          Min: 0, Avg:  0.0, Max: 0, Diff: 0, Sum: 0, Workers: 4
[2151.879s][debug][gc,phases      ] GC(60)   StringDedup Requests1 Weak     Min:  0.0, Avg:  0.0, Max:  0.0, Diff:  0.0, Sum:  0.0, Workers: 4
[2151.879s][debug][gc,phases      ] GC(60)     Dead                           Min: 0, Avg:  0.0, Max: 0, Diff: 0, Sum: 0, Workers: 4
[2151.879s][debug][gc,phases      ] GC(60)     Total                          Min: 0, Avg:  0.0, Max: 0, Diff: 0, Sum: 0, Workers: 4
[2151.879s][debug][gc,phases      ] GC(60)   Weak JFR Old Object Samples    Min:  0.0, Avg:  0.0, Max:  0.0, Diff:  0.0, Sum:  0.0, Workers: 4
[2151.879s][debug][gc,phases      ] GC(60)     Dead                           Min: 0, Avg:  0.0, Max: 0, Diff: 0, Sum: 0, Workers: 4
[2151.879s][debug][gc,phases      ] GC(60)     Total                          Min: 0, Avg:  0.0, Max: 0, Diff: 0, Sum: 0, Workers: 4
[2151.879s][debug][gc,phases      ] GC(60) Weak Processing 0.372ms
[2151.879s][debug][gc,age         ] GC(60) Desired survivor size 34078720 bytes, new threshold 1 (max threshold 15)
[2151.879s][info ][gc,heap        ] GC(60) PSYoungGen: 2022528K(2058752K)->864K(2063872K) Eden: 2021888K(2021888K)->0K(2029056K) From: 640K(36864K)->864K(34816K)
[2151.879s][info ][gc,heap        ] GC(60) ParOldGen: 507126K(507392K)->507510K(507904K)
[2151.879s][info ][gc,metaspace   ] GC(60) Metaspace: 106055K(107328K)->106055K(107328K) NonClass: 90052K(90752K)->90052K(90752K) Class: 16002K(16576K)->16002K(16576K)
[2151.879s][info ][gc             ] GC(60) Pause Young (Allocation Failure) 2470M->496M(2511M) 2.681ms
[2151.879s][info ][gc,cpu         ] GC(60) User=0.01s Sys=0.00s Real=0.01s
[2151.879s][info ][safepoint      ] Safepoint "ParallelGCFailedAllocation", Time since last: 3313238912 ns, Reaching safepoint: 6500 ns, Cleanup: 4200 ns, At safepoint: 2739385 ns, Total: 2750085 ns
[2163.775s][info ][safepoint      ] Safepoint "Cleanup", Time since last: 11895745524 ns, Reaching safepoint: 6200 ns, Cleanup: 8200 ns, At safepoint: 2200 ns, Total: 16600 ns
[2173.133s][info ][gc,start       ] GC(61) Pause Young (Allocation Failure)
[2173.138s][debug][gc,phases      ] GC(61) Scavenge 4.496ms
[2173.138s][debug][gc,ref         ] GC(61) ReferenceProcessor::execute queues: 1, RefProcThreadModel::Single, marks_oops_alive: false
[2173.138s][debug][gc,ref         ] GC(61) Skipped KeepAliveFinalRefsPhase of Reference Processing: no references
[2173.138s][debug][gc,ref         ] GC(61) ReferenceProcessor::execute queues: 1, RefProcThreadModel::Single, marks_oops_alive: false
[2173.138s][debug][gc,phases      ] GC(61) Reference Processing 0.116ms
[2173.138s][debug][gc,phases      ] GC(61)   VM Weak                        Min:  0.0, Avg:  0.0, Max:  0.0, Diff:  0.0, Sum:  0.0, Workers: 4
[2173.138s][debug][gc,phases      ] GC(61)     Dead                           Min: 0, Avg:  0.0, Max: 0, Diff: 0, Sum: 0, Workers: 4
[2173.138s][debug][gc,phases      ] GC(61)     Total                          Min: 0, Avg: 241.8, Max: 768, Diff: 768, Sum: 967, Workers: 4
[2173.138s][debug][gc,phases      ] GC(61)   ObjectSynchronizer Weak        Min:  0.0, Avg:  0.0, Max:  0.0, Diff:  0.0, Sum:  0.0, Workers: 4
[2173.138s][debug][gc,phases      ] GC(61)     Dead                           Min: 0, Avg:  0.0, Max: 0, Diff: 0, Sum: 0, Workers: 4
[2173.138s][debug][gc,phases      ] GC(61)     Total                          Min: 0, Avg:  1.0, Max: 4, Diff: 4, Sum: 4, Workers: 4
[2173.138s][debug][gc,phases      ] GC(61)   JVMTI Tag Weak OopStorage      Min:  0.0, Avg:  0.0, Max:  0.0, Diff:  0.0, Sum:  0.0, Workers: 4
[2173.138s][debug][gc,phases      ] GC(61)     Dead                           Min: 0, Avg:  0.0, Max: 0, Diff: 0, Sum: 0, Workers: 4
[2173.138s][debug][gc,phases      ] GC(61)     Total                          Min: 0, Avg:  0.0, Max: 0, Diff: 0, Sum: 0, Workers: 4
[2173.138s][debug][gc,phases      ] GC(61)   StringTable Weak               Min:  0.0, Avg:  0.1, Max:  0.2, Diff:  0.2, Sum:  0.5, Workers: 4
[2173.138s][debug][gc,phases      ] GC(61)     Dead                           Min: 0, Avg:  0.0, Max: 0, Diff: 0, Sum: 0, Workers: 4
[2173.138s][debug][gc,phases      ] GC(61)     Total                          Min: 0, Avg: 11533.5, Max: 16959, Diff: 16959, Sum: 46134, Workers: 4
[2173.138s][debug][gc,phases      ] GC(61)   ResolvedMethodTable Weak       Min:  0.0, Avg:  0.1, Max:  0.1, Diff:  0.1, Sum:  0.2, Workers: 4
[2173.138s][debug][gc,phases      ] GC(61)     Dead                           Min: 0, Avg:  4.0, Max: 16, Diff: 16, Sum: 16, Workers: 4
[2173.138s][debug][gc,phases      ] GC(61)     Total                          Min: 0, Avg: 3794.2, Max: 5504, Diff: 5504, Sum: 15177, Workers: 4
[2173.138s][debug][gc,phases      ] GC(61)   JNI Weak                       Min:  0.0, Avg:  0.0, Max:  0.0, Diff:  0.0, Sum:  0.0, Workers: 4
[2173.138s][debug][gc,phases      ] GC(61)     Dead                           Min: 0, Avg:  0.0, Max: 0, Diff: 0, Sum: 0, Workers: 4
[2173.138s][debug][gc,phases      ] GC(61)     Total                          Min: 0, Avg: 13.0, Max: 48, Diff: 48, Sum: 52, Workers: 4
[2173.138s][debug][gc,phases      ] GC(61)   StringDedup Table Weak         Min:  0.0, Avg:  0.0, Max:  0.0, Diff:  0.0, Sum:  0.0, Workers: 4
[2173.138s][debug][gc,phases      ] GC(61)     Dead                           Min: 0, Avg:  0.0, Max: 0, Diff: 0, Sum: 0, Workers: 4
[2173.138s][debug][gc,phases      ] GC(61)     Total                          Min: 0, Avg:  0.0, Max: 0, Diff: 0, Sum: 0, Workers: 4
[2173.138s][debug][gc,phases      ] GC(61)   StringDedup Requests0 Weak     Min:  0.0, Avg:  0.0, Max:  0.0, Diff:  0.0, Sum:  0.0, Workers: 4
[2173.138s][debug][gc,phases      ] GC(61)     Dead                           Min: 0, Avg:  0.0, Max: 0, Diff: 0, Sum: 0, Workers: 4
[2173.138s][debug][gc,phases      ] GC(61)     Total                          Min: 0, Avg:  0.0, Max: 0, Diff: 0, Sum: 0, Workers: 4
[2173.138s][debug][gc,phases      ] GC(61)   StringDedup Requests1 Weak     Min:  0.0, Avg:  0.0, Max:  0.0, Diff:  0.0, Sum:  0.0, Workers: 4
[2173.138s][debug][gc,phases      ] GC(61)     Dead                           Min: 0, Avg:  0.0, Max: 0, Diff: 0, Sum: 0, Workers: 4
[2173.138s][debug][gc,phases      ] GC(61)     Total                          Min: 0, Avg:  0.0, Max: 0, Diff: 0, Sum: 0, Workers: 4
[2173.138s][debug][gc,phases      ] GC(61)   Weak JFR Old Object Samples    Min:  0.0, Avg:  0.0, Max:  0.0, Diff:  0.0, Sum:  0.0, Workers: 4
[2173.138s][debug][gc,phases      ] GC(61)     Dead                           Min: 0, Avg:  0.0, Max: 0, Diff: 0, Sum: 0, Workers: 4
[2173.138s][debug][gc,phases      ] GC(61)     Total                          Min: 0, Avg:  0.0, Max: 0, Diff: 0, Sum: 0, Workers: 4
[2173.138s][debug][gc,phases      ] GC(61) Weak Processing 0.522ms
[2173.138s][debug][gc,age         ] GC(61) Desired survivor size 31981568 bytes, new threshold 1 (max threshold 15)
[2173.138s][info ][gc,heap        ] GC(61) PSYoungGen: 2029920K(2063872K)->3316K(2062336K) Eden: 2029056K(2029056K)->0K(2029056K) From: 864K(34816K)->3316K(33280K)
[2173.138s][info ][gc,heap        ] GC(61) ParOldGen: 507510K(507904K)->507750K(507904K)
[2173.138s][info ][gc,metaspace   ] GC(61) Metaspace: 106065K(107392K)->106065K(107392K) NonClass: 90062K(90816K)->90062K(90816K) Class: 16002K(16576K)->16002K(16576K)
[2173.138s][info ][gc             ] GC(61) Pause Young (Allocation Failure) 2477M->499M(2510M) 5.254ms
[2173.138s][info ][gc,cpu         ] GC(61) User=0.01s Sys=0.00s Real=0.00s
[2173.138s][info ][safepoint      ] Safepoint "ParallelGCFailedAllocation", Time since last: 9357761357 ns, Reaching safepoint: 5300 ns, Cleanup: 4500 ns, At safepoint: 5323171 ns, Total: 5332971 ns
[2178.139s][info ][safepoint      ] Safepoint "Cleanup", Time since last: 5000387984 ns, Reaching safepoint: 6800 ns, Cleanup: 18999 ns, At safepoint: 2000 ns, Total: 27799 ns
[2179.139s][info ][safepoint      ] Safepoint "Cleanup", Time since last: 1000117716 ns, Reaching safepoint: 6800 ns, Cleanup: 10300 ns, At safepoint: 1900 ns, Total: 19000 ns
[2180.139s][info ][safepoint      ] Safepoint "Cleanup", Time since last: 1000076440 ns, Reaching safepoint: 8000 ns, Cleanup: 12100 ns, At safepoint: 2300 ns, Total: 22400 ns
[2184.139s][info ][safepoint      ] Safepoint "Cleanup", Time since last: 4000356961 ns, Reaching safepoint: 9100 ns, Cleanup: 24899 ns, At safepoint: 3200 ns, Total: 37199 ns
[2186.140s][info ][safepoint      ] Safepoint "Cleanup", Time since last: 2000218881 ns, Reaching safepoint: 8800 ns, Cleanup: 14399 ns, At safepoint: 2800 ns, Total: 25999 ns
[2187.140s][info ][safepoint      ] Safepoint "Cleanup", Time since last: 1000122124 ns, Reaching safepoint: 7700 ns, Cleanup: 23300 ns, At safepoint: 2200 ns, Total: 33200 ns
[2189.140s][info ][safepoint      ] Safepoint "Cleanup", Time since last: 2000177860 ns, Reaching safepoint: 5699 ns, Cleanup: 12200 ns, At safepoint: 2000 ns, Total: 19899 ns
[2190.140s][info ][safepoint      ] Safepoint "Cleanup", Time since last: 1000115980 ns, Reaching safepoint: 6200 ns, Cleanup: 11600 ns, At safepoint: 24800 ns, Total: 42600 ns
[2192.140s][info ][safepoint      ] Safepoint "Cleanup", Time since last: 2000200059 ns, Reaching safepoint: 8000 ns, Cleanup: 15100 ns, At safepoint: 2800 ns, Total: 25900 ns
[2194.141s][info ][safepoint      ] Safepoint "Cleanup", Time since last: 2000203859 ns, Reaching safepoint: 6300 ns, Cleanup: 12700 ns, At safepoint: 1900 ns, Total: 20900 ns
[2196.141s][info ][safepoint      ] Safepoint "Cleanup", Time since last: 2000197698 ns, Reaching safepoint: 7300 ns, Cleanup: 14000 ns, At safepoint: 2600 ns, Total: 23900 ns
[2201.141s][info ][safepoint      ] Safepoint "Cleanup", Time since last: 5000414752 ns, Reaching safepoint: 8200 ns, Cleanup: 12300 ns, At safepoint: 3200 ns, Total: 23700 ns
[2204.142s][info ][safepoint      ] Safepoint "Cleanup", Time since last: 3000301272 ns, Reaching safepoint: 7200 ns, Cleanup: 15100 ns, At safepoint: 1900 ns, Total: 24200 ns
[2209.142s][info ][safepoint      ] Safepoint "Cleanup", Time since last: 5000412055 ns, Reaching safepoint: 7400 ns, Cleanup: 12600 ns, At safepoint: 2100 ns, Total: 22100 ns
[2214.142s][info ][safepoint      ] Safepoint "Cleanup", Time since last: 5000448288 ns, Reaching safepoint: 6400 ns, Cleanup: 11700 ns, At safepoint: 2000 ns, Total: 20100 ns
[2217.143s][info ][safepoint      ] Safepoint "Cleanup", Time since last: 3000253084 ns, Reaching safepoint: 5700 ns, Cleanup: 9900 ns, At safepoint: 2200 ns, Total: 17800 ns
[2218.143s][info ][safepoint      ] Safepoint "Cleanup", Time since last: 1000120728 ns, Reaching safepoint: 7700 ns, Cleanup: 12200 ns, At safepoint: 2400 ns, Total: 22300 ns
[2219.143s][info ][safepoint      ] Safepoint "Cleanup", Time since last: 1000134424 ns, Reaching safepoint: 6500 ns, Cleanup: 16700 ns, At safepoint: 2200 ns, Total: 25400 ns
[2225.069s][info ][gc,start       ] GC(62) Pause Young (Allocation Failure)
[2225.073s][debug][gc,phases      ] GC(62) Scavenge 4.511ms
[2225.073s][debug][gc,ref         ] GC(62) ReferenceProcessor::execute queues: 1, RefProcThreadModel::Single, marks_oops_alive: false
[2225.073s][debug][gc,ref         ] GC(62) Skipped KeepAliveFinalRefsPhase of Reference Processing: no references
[2225.073s][debug][gc,ref         ] GC(62) ReferenceProcessor::execute queues: 1, RefProcThreadModel::Single, marks_oops_alive: false
[2225.073s][debug][gc,phases      ] GC(62) Reference Processing 0.099ms
[2225.074s][debug][gc,phases      ] GC(62)   VM Weak                        Min:  0.0, Avg:  0.0, Max:  0.0, Diff:  0.0, Sum:  0.0, Workers: 4
[2225.074s][debug][gc,phases      ] GC(62)     Dead                           Min: 0, Avg:  0.0, Max: 0, Diff: 0, Sum: 0, Workers: 4
[2225.074s][debug][gc,phases      ] GC(62)     Total                          Min: 0, Avg: 242.0, Max: 904, Diff: 904, Sum: 968, Workers: 4
[2225.074s][debug][gc,phases      ] GC(62)   ObjectSynchronizer Weak        Min:  0.0, Avg:  0.0, Max:  0.0, Diff:  0.0, Sum:  0.0, Workers: 4
[2225.074s][debug][gc,phases      ] GC(62)     Dead                           Min: 0, Avg:  0.0, Max: 0, Diff: 0, Sum: 0, Workers: 4
[2225.074s][debug][gc,phases      ] GC(62)     Total                          Min: 0, Avg:  1.0, Max: 4, Diff: 4, Sum: 4, Workers: 4
[2225.074s][debug][gc,phases      ] GC(62)   JVMTI Tag Weak OopStorage      Min:  0.0, Avg:  0.0, Max:  0.0, Diff:  0.0, Sum:  0.0, Workers: 4
[2225.074s][debug][gc,phases      ] GC(62)     Dead                           Min: 0, Avg:  0.0, Max: 0, Diff: 0, Sum: 0, Workers: 4
[2225.074s][debug][gc,phases      ] GC(62)     Total                          Min: 0, Avg:  0.0, Max: 0, Diff: 0, Sum: 0, Workers: 4
[2225.074s][debug][gc,phases      ] GC(62)   StringTable Weak               Min:  0.0, Avg:  0.1, Max:  0.1, Diff:  0.1, Sum:  0.4, Workers: 4
[2225.074s][debug][gc,phases      ] GC(62)     Dead                           Min: 0, Avg:  0.0, Max: 0, Diff: 0, Sum: 0, Workers: 4
[2225.074s][debug][gc,phases      ] GC(62)     Total                          Min: 0, Avg: 11533.8, Max: 20535, Diff: 20535, Sum: 46135, Workers: 4
[2225.074s][debug][gc,phases      ] GC(62)   ResolvedMethodTable Weak       Min:  0.0, Avg:  0.0, Max:  0.0, Diff:  0.0, Sum:  0.1, Workers: 4
[2225.074s][debug][gc,phases      ] GC(62)     Dead                           Min: 0, Avg:  4.0, Max: 16, Diff: 16, Sum: 16, Workers: 4
[2225.074s][debug][gc,phases      ] GC(62)     Total                          Min: 0, Avg: 3794.5, Max: 6385, Diff: 6385, Sum: 15178, Workers: 4
[2225.074s][debug][gc,phases      ] GC(62)   JNI Weak                       Min:  0.0, Avg:  0.0, Max:  0.0, Diff:  0.0, Sum:  0.0, Workers: 4
[2225.074s][debug][gc,phases      ] GC(62)     Dead                           Min: 0, Avg:  0.0, Max: 0, Diff: 0, Sum: 0, Workers: 4
[2225.074s][debug][gc,phases      ] GC(62)     Total                          Min: 0, Avg: 13.0, Max: 48, Diff: 48, Sum: 52, Workers: 4
[2225.074s][debug][gc,phases      ] GC(62)   StringDedup Table Weak         Min:  0.0, Avg:  0.0, Max:  0.0, Diff:  0.0, Sum:  0.0, Workers: 4
[2225.074s][debug][gc,phases      ] GC(62)     Dead                           Min: 0, Avg:  0.0, Max: 0, Diff: 0, Sum: 0, Workers: 4
[2225.074s][debug][gc,phases      ] GC(62)     Total                          Min: 0, Avg:  0.0, Max: 0, Diff: 0, Sum: 0, Workers: 4
[2225.074s][debug][gc,phases      ] GC(62)   StringDedup Requests0 Weak     Min:  0.0, Avg:  0.0, Max:  0.0, Diff:  0.0, Sum:  0.0, Workers: 4
[2225.074s][debug][gc,phases      ] GC(62)     Dead                           Min: 0, Avg:  0.0, Max: 0, Diff: 0, Sum: 0, Workers: 4
[2225.074s][debug][gc,phases      ] GC(62)     Total                          Min: 0, Avg:  0.0, Max: 0, Diff: 0, Sum: 0, Workers: 4
[2225.074s][debug][gc,phases      ] GC(62)   StringDedup Requests1 Weak     Min:  0.0, Avg:  0.0, Max:  0.0, Diff:  0.0, Sum:  0.0, Workers: 4
[2225.074s][debug][gc,phases      ] GC(62)     Dead                           Min: 0, Avg:  0.0, Max: 0, Diff: 0, Sum: 0, Workers: 4
[2225.074s][debug][gc,phases      ] GC(62)     Total                          Min: 0, Avg:  0.0, Max: 0, Diff: 0, Sum: 0, Workers: 4
[2225.074s][debug][gc,phases      ] GC(62)   Weak JFR Old Object Samples    Min:  0.0, Avg:  0.0, Max:  0.0, Diff:  0.0, Sum:  0.0, Workers: 4
[2225.074s][debug][gc,phases      ] GC(62)     Dead                           Min: 0, Avg:  0.0, Max: 0, Diff: 0, Sum: 0, Workers: 4
[2225.074s][debug][gc,phases      ] GC(62)     Total                          Min: 0, Avg:  0.0, Max: 0, Diff: 0, Sum: 0, Workers: 4
[2225.074s][debug][gc,phases      ] GC(62) Weak Processing 0.390ms
[2225.074s][debug][gc,age         ] GC(62) Desired survivor size 29884416 bytes, new threshold 1 (max threshold 15)
[2225.074s][info ][gc,heap        ] GC(62) PSYoungGen: 2032372K(2062336K)->2704K(2067968K) Eden: 2029056K(2029056K)->0K(2036736K) From: 3316K(33280K)->2704K(31232K)
[2225.074s][info ][gc,heap        ] GC(62) ParOldGen: 507750K(507904K)->509618K(509952K)
[2225.074s][info ][gc,metaspace   ] GC(62) Metaspace: 106094K(107456K)->106094K(107456K) NonClass: 90091K(90816K)->90091K(90816K) Class: 16003K(16640K)->16003K(16640K)
[2225.074s][info ][gc             ] GC(62) Pause Young (Allocation Failure) 2480M->500M(2517M) 5.104ms
[2225.074s][info ][gc,cpu         ] GC(62) User=0.01s Sys=0.00s Real=0.01s
[2225.074s][info ][safepoint      ] Safepoint "ParallelGCFailedAllocation", Time since last: 5925563731 ns, Reaching safepoint: 5600 ns, Cleanup: 4100 ns, At safepoint: 5165172 ns, Total: 5174872 ns
[2226.074s][info ][safepoint      ] Safepoint "Cleanup", Time since last: 1000092920 ns, Reaching safepoint: 6000 ns, Cleanup: 9900 ns, At safepoint: 2200 ns, Total: 18100 ns
[2231.074s][info ][safepoint      ] Safepoint "Cleanup", Time since last: 5000410577 ns, Reaching safepoint: 6200 ns, Cleanup: 10300 ns, At safepoint: 1800 ns, Total: 18300 ns
[2233.075s][info ][safepoint      ] Safepoint "Cleanup", Time since last: 2000181996 ns, Reaching safepoint: 6500 ns, Cleanup: 12700 ns, At safepoint: 2300 ns, Total: 21500 ns
[2235.075s][info ][safepoint      ] Safepoint "Cleanup", Time since last: 2000177874 ns, Reaching safepoint: 6700 ns, Cleanup: 16300 ns, At safepoint: 1700 ns, Total: 24700 ns
[2236.737s][info ][safepoint      ] Safepoint "Cleanup", Time since last: 1661834326 ns, Reaching safepoint: 6500 ns, Cleanup: 20000 ns, At safepoint: 2500 ns, Total: 29000 ns
[2237.737s][info ][safepoint      ] Safepoint "Cleanup", Time since last: 1000122500 ns, Reaching safepoint: 7500 ns, Cleanup: 19700 ns, At safepoint: 2900 ns, Total: 30100 ns
[2238.737s][info ][safepoint      ] Safepoint "Cleanup", Time since last: 1000114699 ns, Reaching safepoint: 5400 ns, Cleanup: 16300 ns, At safepoint: 1800 ns, Total: 23500 ns
[2239.737s][info ][safepoint      ] Safepoint "Cleanup", Time since last: 1000077500 ns, Reaching safepoint: 6000 ns, Cleanup: 11300 ns, At safepoint: 1800 ns, Total: 19100 ns
[2243.737s][info ][safepoint      ] Safepoint "Cleanup", Time since last: 4000360820 ns, Reaching safepoint: 6500 ns, Cleanup: 15100 ns, At safepoint: 2400 ns, Total: 24000 ns
[2249.738s][info ][safepoint      ] Safepoint "Cleanup", Time since last: 6000517878 ns, Reaching safepoint: 9100 ns, Cleanup: 15600 ns, At safepoint: 3099 ns, Total: 27799 ns
[2250.738s][info ][safepoint      ] Safepoint "Cleanup", Time since last: 1000159028 ns, Reaching safepoint: 8300 ns, Cleanup: 15900 ns, At safepoint: 2600 ns, Total: 26800 ns
[2251.738s][info ][safepoint      ] Safepoint "Cleanup", Time since last: 1000132419 ns, Reaching safepoint: 8200 ns, Cleanup: 19900 ns, At safepoint: 29800 ns, Total: 57900 ns
[2254.739s][info ][safepoint      ] Safepoint "Cleanup", Time since last: 3000280857 ns, Reaching safepoint: 9100 ns, Cleanup: 14900 ns, At safepoint: 3100 ns, Total: 27100 ns
[2257.739s][info ][safepoint      ] Safepoint "Cleanup", Time since last: 3000303356 ns, Reaching safepoint: 8800 ns, Cleanup: 12900 ns, At safepoint: 2800 ns, Total: 24500 ns
[2259.739s][info ][safepoint      ] Safepoint "Cleanup", Time since last: 2000227484 ns, Reaching safepoint: 5900 ns, Cleanup: 10100 ns, At safepoint: 2000 ns, Total: 18000 ns
[2261.739s][info ][safepoint      ] Safepoint "Cleanup", Time since last: 2000192279 ns, Reaching safepoint: 7700 ns, Cleanup: 13699 ns, At safepoint: 2600 ns, Total: 23999 ns
[2262.740s][info ][safepoint      ] Safepoint "Cleanup", Time since last: 1000133040 ns, Reaching safepoint: 6600 ns, Cleanup: 11100 ns, At safepoint: 2399 ns, Total: 20099 ns
[2263.740s][info ][safepoint      ] Safepoint "Cleanup", Time since last: 1000142040 ns, Reaching safepoint: 8600 ns, Cleanup: 19199 ns, At safepoint: 3200 ns, Total: 30999 ns
[2264.740s][info ][safepoint      ] Safepoint "Cleanup", Time since last: 1000121440 ns, Reaching safepoint: 6600 ns, Cleanup: 13800 ns, At safepoint: 2100 ns, Total: 22500 ns
[2271.740s][info ][safepoint      ] Safepoint "Cleanup", Time since last: 7000541339 ns, Reaching safepoint: 7700 ns, Cleanup: 11700 ns, At safepoint: 2700 ns, Total: 22100 ns
[2273.741s][info ][safepoint      ] Safepoint "Cleanup", Time since last: 2000202778 ns, Reaching safepoint: 7900 ns, Cleanup: 11400 ns, At safepoint: 2500 ns, Total: 21800 ns
[2281.059s][info ][gc,start       ] GC(63) Pause Young (Allocation Failure)
[2281.063s][debug][gc,phases      ] GC(63) Scavenge 3.763ms
[2281.063s][debug][gc,ref         ] GC(63) ReferenceProcessor::execute queues: 1, RefProcThreadModel::Single, marks_oops_alive: false
[2281.063s][debug][gc,ref         ] GC(63) Skipped KeepAliveFinalRefsPhase of Reference Processing: no references
[2281.063s][debug][gc,ref         ] GC(63) ReferenceProcessor::execute queues: 1, RefProcThreadModel::Single, marks_oops_alive: false
[2281.063s][debug][gc,phases      ] GC(63) Reference Processing 0.113ms
[2281.063s][debug][gc,phases      ] GC(63)   VM Weak                        Min:  0.0, Avg:  0.0, Max:  0.0, Diff:  0.0, Sum:  0.0, Workers: 4
[2281.063s][debug][gc,phases      ] GC(63)     Dead                           Min: 0, Avg:  0.0, Max: 0, Diff: 0, Sum: 0, Workers: 4
[2281.063s][debug][gc,phases      ] GC(63)     Total                          Min: 0, Avg: 243.0, Max: 512, Diff: 512, Sum: 972, Workers: 4
[2281.063s][debug][gc,phases      ] GC(63)   ObjectSynchronizer Weak        Min:  0.0, Avg:  0.0, Max:  0.0, Diff:  0.0, Sum:  0.0, Workers: 4
[2281.063s][debug][gc,phases      ] GC(63)     Dead                           Min: 0, Avg:  0.0, Max: 0, Diff: 0, Sum: 0, Workers: 4
[2281.063s][debug][gc,phases      ] GC(63)     Total                          Min: 0, Avg:  0.8, Max: 3, Diff: 3, Sum: 3, Workers: 4
[2281.063s][debug][gc,phases      ] GC(63)   JVMTI Tag Weak OopStorage      Min:  0.0, Avg:  0.0, Max:  0.0, Diff:  0.0, Sum:  0.0, Workers: 4
[2281.063s][debug][gc,phases      ] GC(63)     Dead                           Min: 0, Avg:  0.0, Max: 0, Diff: 0, Sum: 0, Workers: 4
[2281.063s][debug][gc,phases      ] GC(63)     Total                          Min: 0, Avg:  0.0, Max: 0, Diff: 0, Sum: 0, Workers: 4
[2281.063s][debug][gc,phases      ] GC(63)   StringTable Weak               Min:  0.0, Avg:  0.1, Max:  0.2, Diff:  0.2, Sum:  0.4, Workers: 4
[2281.063s][debug][gc,phases      ] GC(63)     Dead                           Min: 0, Avg:  0.8, Max: 2, Diff: 2, Sum: 3, Workers: 4
[2281.063s][debug][gc,phases      ] GC(63)     Total                          Min: 0, Avg: 11552.5, Max: 23168, Diff: 23168, Sum: 46210, Workers: 4
[2281.063s][debug][gc,phases      ] GC(63)   ResolvedMethodTable Weak       Min:  0.0, Avg:  0.0, Max:  0.1, Diff:  0.1, Sum:  0.2, Workers: 4
[2281.063s][debug][gc,phases      ] GC(63)     Dead                           Min: 0, Avg:  9.8, Max: 20, Diff: 20, Sum: 39, Workers: 4
[2281.063s][debug][gc,phases      ] GC(63)     Total                          Min: 0, Avg: 3808.8, Max: 7665, Diff: 7665, Sum: 15235, Workers: 4
[2281.063s][debug][gc,phases      ] GC(63)   JNI Weak                       Min:  0.0, Avg:  0.0, Max:  0.0, Diff:  0.0, Sum:  0.0, Workers: 4
[2281.063s][debug][gc,phases      ] GC(63)     Dead                           Min: 0, Avg:  0.0, Max: 0, Diff: 0, Sum: 0, Workers: 4
[2281.063s][debug][gc,phases      ] GC(63)     Total                          Min: 0, Avg: 13.0, Max: 48, Diff: 48, Sum: 52, Workers: 4
[2281.063s][debug][gc,phases      ] GC(63)   StringDedup Table Weak         Min:  0.0, Avg:  0.0, Max:  0.0, Diff:  0.0, Sum:  0.0, Workers: 4
[2281.063s][debug][gc,phases      ] GC(63)     Dead                           Min: 0, Avg:  0.0, Max: 0, Diff: 0, Sum: 0, Workers: 4
[2281.063s][debug][gc,phases      ] GC(63)     Total                          Min: 0, Avg:  0.0, Max: 0, Diff: 0, Sum: 0, Workers: 4
[2281.063s][debug][gc,phases      ] GC(63)   StringDedup Requests0 Weak     Min:  0.0, Avg:  0.0, Max:  0.0, Diff:  0.0, Sum:  0.0, Workers: 4
[2281.063s][debug][gc,phases      ] GC(63)     Dead                           Min: 0, Avg:  0.0, Max: 0, Diff: 0, Sum: 0, Workers: 4
[2281.063s][debug][gc,phases      ] GC(63)     Total                          Min: 0, Avg:  0.0, Max: 0, Diff: 0, Sum: 0, Workers: 4
[2281.063s][debug][gc,phases      ] GC(63)   StringDedup Requests1 Weak     Min:  0.0, Avg:  0.0, Max:  0.0, Diff:  0.0, Sum:  0.0, Workers: 4
[2281.063s][debug][gc,phases      ] GC(63)     Dead                           Min: 0, Avg:  0.0, Max: 0, Diff: 0, Sum: 0, Workers: 4
[2281.063s][debug][gc,phases      ] GC(63)     Total                          Min: 0, Avg:  0.0, Max: 0, Diff: 0, Sum: 0, Workers: 4
[2281.063s][debug][gc,phases      ] GC(63)   Weak JFR Old Object Samples    Min:  0.0, Avg:  0.0, Max:  0.0, Diff:  0.0, Sum:  0.0, Workers: 4
[2281.063s][debug][gc,phases      ] GC(63)     Dead                           Min: 0, Avg:  0.0, Max: 0, Diff: 0, Sum: 0, Workers: 4
[2281.063s][debug][gc,phases      ] GC(63)     Total                          Min: 0, Avg:  0.0, Max: 0, Diff: 0, Sum: 0, Workers: 4
[2281.063s][debug][gc,phases      ] GC(63) Weak Processing 0.522ms
[2281.063s][debug][gc,age         ] GC(63) Desired survivor size 27787264 bytes, new threshold 1 (max threshold 15)
[2281.063s][info ][gc,heap        ] GC(63) PSYoungGen: 2039440K(2067968K)->2544K(2065920K) Eden: 2036736K(2036736K)->0K(2036736K) From: 2704K(31232K)->2544K(29184K)
[2281.063s][info ][gc,heap        ] GC(63) ParOldGen: 509618K(509952K)->510650K(510976K)
[2281.063s][info ][gc,metaspace   ] GC(63) Metaspace: 106206K(107520K)->106206K(107520K) NonClass: 90185K(90880K)->90185K(90880K) Class: 16021K(16640K)->16021K(16640K)
[2281.063s][info ][gc             ] GC(63) Pause Young (Allocation Failure) 2489M->501M(2516M) 4.531ms
[2281.063s][info ][gc,cpu         ] GC(63) User=0.01s Sys=0.00s Real=0.01s
[2281.063s][info ][safepoint      ] Safepoint "ParallelGCFailedAllocation", Time since last: 7318088584 ns, Reaching safepoint: 73699 ns, Cleanup: 7600 ns, At safepoint: 4605476 ns, Total: 4686775 ns
[2293.064s][info ][safepoint      ] Safepoint "Cleanup", Time since last: 12000905732 ns, Reaching safepoint: 7000 ns, Cleanup: 12800 ns, At safepoint: 2400 ns, Total: 22200 ns
[2294.064s][info ][safepoint      ] Safepoint "Cleanup", Time since last: 1000126827 ns, Reaching safepoint: 6100 ns, Cleanup: 11000 ns, At safepoint: 2000 ns, Total: 19100 ns
[2301.065s][info ][safepoint      ] Safepoint "Cleanup", Time since last: 7000529832 ns, Reaching safepoint: 5900 ns, Cleanup: 14800 ns, At safepoint: 2000 ns, Total: 22700 ns
[2308.066s][info ][safepoint      ] Safepoint "Cleanup", Time since last: 7000560493 ns, Reaching safepoint: 7900 ns, Cleanup: 20100 ns, At safepoint: 2100 ns, Total: 30100 ns
[2324.067s][info ][safepoint      ] Safepoint "Cleanup", Time since last: 16001201708 ns, Reaching safepoint: 7000 ns, Cleanup: 11800 ns, At safepoint: 2000 ns, Total: 20800 ns
[2337.639s][info ][gc,start       ] GC(64) Pause Young (Allocation Failure)
[2337.643s][debug][gc,phases      ] GC(64) Scavenge 4.325ms
[2337.643s][debug][gc,ref         ] GC(64) ReferenceProcessor::execute queues: 1, RefProcThreadModel::Single, marks_oops_alive: false
[2337.643s][debug][gc,ref         ] GC(64) Skipped KeepAliveFinalRefsPhase of Reference Processing: no references
[2337.643s][debug][gc,ref         ] GC(64) ReferenceProcessor::execute queues: 1, RefProcThreadModel::Single, marks_oops_alive: false
[2337.643s][debug][gc,phases      ] GC(64) Reference Processing 0.103ms
[2337.644s][debug][gc,phases      ] GC(64)   VM Weak                        Min:  0.0, Avg:  0.0, Max:  0.0, Diff:  0.0, Sum:  0.0, Workers: 4
[2337.644s][debug][gc,phases      ] GC(64)     Dead                           Min: 0, Avg:  0.0, Max: 0, Diff: 0, Sum: 0, Workers: 4
[2337.644s][debug][gc,phases      ] GC(64)     Total                          Min: 0, Avg: 243.0, Max: 704, Diff: 704, Sum: 972, Workers: 4
[2337.644s][debug][gc,phases      ] GC(64)   ObjectSynchronizer Weak        Min:  0.0, Avg:  0.0, Max:  0.0, Diff:  0.0, Sum:  0.0, Workers: 4
[2337.644s][debug][gc,phases      ] GC(64)     Dead                           Min: 0, Avg:  0.0, Max: 0, Diff: 0, Sum: 0, Workers: 4
[2337.644s][debug][gc,phases      ] GC(64)     Total                          Min: 0, Avg:  0.8, Max: 3, Diff: 3, Sum: 3, Workers: 4
[2337.644s][debug][gc,phases      ] GC(64)   JVMTI Tag Weak OopStorage      Min:  0.0, Avg:  0.0, Max:  0.0, Diff:  0.0, Sum:  0.0, Workers: 4
[2337.644s][debug][gc,phases      ] GC(64)     Dead                           Min: 0, Avg:  0.0, Max: 0, Diff: 0, Sum: 0, Workers: 4
[2337.644s][debug][gc,phases      ] GC(64)     Total                          Min: 0, Avg:  0.0, Max: 0, Diff: 0, Sum: 0, Workers: 4
[2337.644s][debug][gc,phases      ] GC(64)   StringTable Weak               Min:  0.0, Avg:  0.1, Max:  0.1, Diff:  0.1, Sum:  0.4, Workers: 4
[2337.644s][debug][gc,phases      ] GC(64)     Dead                           Min: 0, Avg:  0.2, Max: 1, Diff: 1, Sum: 1, Workers: 4
[2337.644s][debug][gc,phases      ] GC(64)     Total                          Min: 0, Avg: 11556.0, Max: 17617, Diff: 17617, Sum: 46224, Workers: 4
[2337.644s][debug][gc,phases      ] GC(64)   ResolvedMethodTable Weak       Min:  0.0, Avg:  0.0, Max:  0.0, Diff:  0.0, Sum:  0.1, Workers: 4
[2337.644s][debug][gc,phases      ] GC(64)     Dead                           Min: 0, Avg:  6.0, Max: 10, Diff: 10, Sum: 24, Workers: 4
[2337.644s][debug][gc,phases      ] GC(64)     Total                          Min: 0, Avg: 3812.2, Max: 5646, Diff: 5646, Sum: 15249, Workers: 4
[2337.644s][debug][gc,phases      ] GC(64)   JNI Weak                       Min:  0.0, Avg:  0.0, Max:  0.0, Diff:  0.0, Sum:  0.0, Workers: 4
[2337.644s][debug][gc,phases      ] GC(64)     Dead                           Min: 0, Avg:  0.0, Max: 0, Diff: 0, Sum: 0, Workers: 4
[2337.644s][debug][gc,phases      ] GC(64)     Total                          Min: 0, Avg: 13.0, Max: 48, Diff: 48, Sum: 52, Workers: 4
[2337.644s][debug][gc,phases      ] GC(64)   StringDedup Table Weak         Min:  0.0, Avg:  0.0, Max:  0.0, Diff:  0.0, Sum:  0.0, Workers: 4
[2337.644s][debug][gc,phases      ] GC(64)     Dead                           Min: 0, Avg:  0.0, Max: 0, Diff: 0, Sum: 0, Workers: 4
[2337.644s][debug][gc,phases      ] GC(64)     Total                          Min: 0, Avg:  0.0, Max: 0, Diff: 0, Sum: 0, Workers: 4
[2337.644s][debug][gc,phases      ] GC(64)   StringDedup Requests0 Weak     Min:  0.0, Avg:  0.0, Max:  0.0, Diff:  0.0, Sum:  0.0, Workers: 4
[2337.644s][debug][gc,phases      ] GC(64)     Dead                           Min: 0, Avg:  0.0, Max: 0, Diff: 0, Sum: 0, Workers: 4
[2337.644s][debug][gc,phases      ] GC(64)     Total                          Min: 0, Avg:  0.0, Max: 0, Diff: 0, Sum: 0, Workers: 4
[2337.644s][debug][gc,phases      ] GC(64)   StringDedup Requests1 Weak     Min:  0.0, Avg:  0.0, Max:  0.0, Diff:  0.0, Sum:  0.0, Workers: 4
[2337.644s][debug][gc,phases      ] GC(64)     Dead                           Min: 0, Avg:  0.0, Max: 0, Diff: 0, Sum: 0, Workers: 4
[2337.644s][debug][gc,phases      ] GC(64)     Total                          Min: 0, Avg:  0.0, Max: 0, Diff: 0, Sum: 0, Workers: 4
[2337.644s][debug][gc,phases      ] GC(64)   Weak JFR Old Object Samples    Min:  0.0, Avg:  0.0, Max:  0.0, Diff:  0.0, Sum:  0.0, Workers: 4
[2337.644s][debug][gc,phases      ] GC(64)     Dead                           Min: 0, Avg:  0.0, Max: 0, Diff: 0, Sum: 0, Workers: 4
[2337.644s][debug][gc,phases      ] GC(64)     Total                          Min: 0, Avg:  0.0, Max: 0, Diff: 0, Sum: 0, Workers: 4
[2337.644s][debug][gc,phases      ] GC(64) Weak Processing 0.399ms
[2337.644s][debug][gc,age         ] GC(64) Desired survivor size 26214400 bytes, new threshold 1 (max threshold 15)
[2337.644s][info ][gc,heap        ] GC(64) PSYoungGen: 2039280K(2065920K)->2416K(2071552K) Eden: 2036736K(2036736K)->0K(2044416K) From: 2544K(29184K)->2416K(27136K)
[2337.644s][info ][gc,heap        ] GC(64) ParOldGen: 510650K(510976K)->511778K(512000K)
[2337.644s][info ][gc,metaspace   ] GC(64) Metaspace: 106230K(107584K)->106230K(107584K) NonClass: 90203K(90944K)->90203K(90944K) Class: 16026K(16640K)->16026K(16640K)
[2337.644s][info ][gc             ] GC(64) Pause Young (Allocation Failure) 2490M->502M(2523M) 4.944ms
[2337.644s][info ][gc,cpu         ] GC(64) User=0.01s Sys=0.00s Real=0.01s
[2337.644s][info ][safepoint      ] Safepoint "ParallelGCFailedAllocation", Time since last: 13571847098 ns, Reaching safepoint: 8300 ns, Cleanup: 6400 ns, At safepoint: 5018273 ns, Total: 5032973 ns
[2354.645s][info ][safepoint      ] Safepoint "Cleanup", Time since last: 17001234890 ns, Reaching safepoint: 6400 ns, Cleanup: 10099 ns, At safepoint: 2100 ns, Total: 18599 ns
[2363.646s][info ][safepoint      ] Safepoint "Cleanup", Time since last: 9000698349 ns, Reaching safepoint: 6000 ns, Cleanup: 9300 ns, At safepoint: 2300 ns, Total: 17600 ns
[2367.646s][info ][safepoint      ] Safepoint "Cleanup", Time since last: 4000323695 ns, Reaching safepoint: 7900 ns, Cleanup: 14399 ns, At safepoint: 3000 ns, Total: 25299 ns
[2369.693s][info ][gc,start       ] GC(65) Pause Young (CodeCache GC Threshold)
[2369.696s][debug][gc,phases      ] GC(65) Scavenge 3.313ms
[2369.696s][debug][gc,ref         ] GC(65) ReferenceProcessor::execute queues: 1, RefProcThreadModel::Single, marks_oops_alive: false
[2369.696s][debug][gc,ref         ] GC(65) Skipped KeepAliveFinalRefsPhase of Reference Processing: no references
[2369.696s][debug][gc,ref         ] GC(65) ReferenceProcessor::execute queues: 1, RefProcThreadModel::Single, marks_oops_alive: false
[2369.696s][debug][gc,phases      ] GC(65) Reference Processing 0.105ms
[2369.697s][debug][gc,phases      ] GC(65)   VM Weak                        Min:  0.0, Avg:  0.0, Max:  0.0, Diff:  0.0, Sum:  0.0, Workers: 4
[2369.697s][debug][gc,phases      ] GC(65)     Dead                           Min: 0, Avg:  0.0, Max: 0, Diff: 0, Sum: 0, Workers: 4
[2369.697s][debug][gc,phases      ] GC(65)     Total                          Min: 0, Avg: 243.0, Max: 768, Diff: 768, Sum: 972, Workers: 4
[2369.697s][debug][gc,phases      ] GC(65)   ObjectSynchronizer Weak        Min:  0.0, Avg:  0.0, Max:  0.0, Diff:  0.0, Sum:  0.0, Workers: 4
[2369.697s][debug][gc,phases      ] GC(65)     Dead                           Min: 0, Avg:  0.0, Max: 0, Diff: 0, Sum: 0, Workers: 4
[2369.697s][debug][gc,phases      ] GC(65)     Total                          Min: 0, Avg:  1.0, Max: 4, Diff: 4, Sum: 4, Workers: 4
[2369.697s][debug][gc,phases      ] GC(65)   JVMTI Tag Weak OopStorage      Min:  0.0, Avg:  0.0, Max:  0.0, Diff:  0.0, Sum:  0.0, Workers: 4
[2369.697s][debug][gc,phases      ] GC(65)     Dead                           Min: 0, Avg:  0.0, Max: 0, Diff: 0, Sum: 0, Workers: 4
[2369.697s][debug][gc,phases      ] GC(65)     Total                          Min: 0, Avg:  0.0, Max: 0, Diff: 0, Sum: 0, Workers: 4
[2369.697s][debug][gc,phases      ] GC(65)   StringTable Weak               Min:  0.0, Avg:  0.1, Max:  0.1, Diff:  0.1, Sum:  0.4, Workers: 4
[2369.697s][debug][gc,phases      ] GC(65)     Dead                           Min: 0, Avg:  0.0, Max: 0, Diff: 0, Sum: 0, Workers: 4
[2369.697s][debug][gc,phases      ] GC(65)     Total                          Min: 0, Avg: 11557.0, Max: 19135, Diff: 19135, Sum: 46228, Workers: 4
[2369.697s][debug][gc,phases      ] GC(65)   ResolvedMethodTable Weak       Min:  0.0, Avg:  0.0, Max:  0.1, Diff:  0.1, Sum:  0.2, Workers: 4
[2369.697s][debug][gc,phases      ] GC(65)     Dead                           Min: 0, Avg:  4.0, Max: 16, Diff: 16, Sum: 16, Workers: 4
[2369.697s][debug][gc,phases      ] GC(65)     Total                          Min: 0, Avg: 3812.2, Max: 6101, Diff: 6101, Sum: 15249, Workers: 4
[2369.697s][debug][gc,phases      ] GC(65)   JNI Weak                       Min:  0.0, Avg:  0.0, Max:  0.0, Diff:  0.0, Sum:  0.0, Workers: 4
[2369.697s][debug][gc,phases      ] GC(65)     Dead                           Min: 0, Avg:  0.0, Max: 0, Diff: 0, Sum: 0, Workers: 4
[2369.697s][debug][gc,phases      ] GC(65)     Total                          Min: 0, Avg: 13.0, Max: 48, Diff: 48, Sum: 52, Workers: 4
[2369.697s][debug][gc,phases      ] GC(65)   StringDedup Table Weak         Min:  0.0, Avg:  0.0, Max:  0.0, Diff:  0.0, Sum:  0.0, Workers: 4
[2369.697s][debug][gc,phases      ] GC(65)     Dead                           Min: 0, Avg:  0.0, Max: 0, Diff: 0, Sum: 0, Workers: 4
[2369.697s][debug][gc,phases      ] GC(65)     Total                          Min: 0, Avg:  0.0, Max: 0, Diff: 0, Sum: 0, Workers: 4
[2369.697s][debug][gc,phases      ] GC(65)   StringDedup Requests0 Weak     Min:  0.0, Avg:  0.0, Max:  0.0, Diff:  0.0, Sum:  0.0, Workers: 4
[2369.697s][debug][gc,phases      ] GC(65)     Dead                           Min: 0, Avg:  0.0, Max: 0, Diff: 0, Sum: 0, Workers: 4
[2369.697s][debug][gc,phases      ] GC(65)     Total                          Min: 0, Avg:  0.0, Max: 0, Diff: 0, Sum: 0, Workers: 4
[2369.697s][debug][gc,phases      ] GC(65)   StringDedup Requests1 Weak     Min:  0.0, Avg:  0.0, Max:  0.0, Diff:  0.0, Sum:  0.0, Workers: 4
[2369.697s][debug][gc,phases      ] GC(65)     Dead                           Min: 0, Avg:  0.0, Max: 0, Diff: 0, Sum: 0, Workers: 4
[2369.697s][debug][gc,phases      ] GC(65)     Total                          Min: 0, Avg:  0.0, Max: 0, Diff: 0, Sum: 0, Workers: 4
[2369.697s][debug][gc,phases      ] GC(65)   Weak JFR Old Object Samples    Min:  0.0, Avg:  0.0, Max:  0.0, Diff:  0.0, Sum:  0.0, Workers: 4
[2369.697s][debug][gc,phases      ] GC(65)     Dead                           Min: 0, Avg:  0.0, Max: 0, Diff: 0, Sum: 0, Workers: 4
[2369.697s][debug][gc,phases      ] GC(65)     Total                          Min: 0, Avg:  0.0, Max: 0, Diff: 0, Sum: 0, Workers: 4
[2369.697s][debug][gc,phases      ] GC(65) Weak Processing 0.370ms
[2369.697s][debug][gc,age         ] GC(65) Desired survivor size 24641536 bytes, new threshold 1 (max threshold 15)
[2369.697s][info ][gc,heap        ] GC(65) PSYoungGen: 1222126K(2071552K)->3008K(2070016K) Eden: 1219710K(2044416K)->0K(2044416K) From: 2416K(27136K)->3008K(25600K)
[2369.697s][info ][gc,heap        ] GC(65) ParOldGen: 511778K(512000K)->512878K(513024K)
[2369.697s][info ][gc,metaspace   ] GC(65) Metaspace: 106238K(107584K)->106238K(107584K) NonClass: 90211K(90944K)->90211K(90944K) Class: 16026K(16640K)->16026K(16640K)
[2369.697s][info ][gc             ] GC(65) Pause Young (CodeCache GC Threshold) 1693M->503M(2522M) 3.917ms
[2369.697s][info ][gc,cpu         ] GC(65) User=0.01s Sys=0.00s Real=0.00s
[2369.697s][debug][gc,phases      ] GC(66) Pre Compact 0.008ms
[2369.697s][info ][gc,start       ] GC(66) Pause Full (CodeCache GC Threshold)
[2369.697s][info ][gc,phases,start] GC(66) Marking Phase
[2369.784s][debug][gc,phases      ] GC(66) Par Mark 86.801ms
[2369.784s][debug][gc,ref         ] GC(66) ReferenceProcessor::execute queues: 2, RefProcThreadModel::Multi, marks_oops_alive: false
[2369.784s][debug][gc,ref         ] GC(66) Skipped KeepAliveFinalRefsPhase of Reference Processing: no references
[2369.784s][debug][gc,ref         ] GC(66) ReferenceProcessor::execute queues: 1, RefProcThreadModel::Single, marks_oops_alive: false
[2369.784s][debug][gc,phases      ] GC(66) Reference Processing 0.354ms
[2369.784s][debug][gc,phases      ] GC(66)   VM Weak                        Min:  0.0, Avg:  0.0, Max:  0.0, Diff:  0.0, Sum:  0.0, Workers: 4
[2369.784s][debug][gc,phases      ] GC(66)     Dead                           Min: 0, Avg:  0.0, Max: 0, Diff: 0, Sum: 0, Workers: 4
[2369.784s][debug][gc,phases      ] GC(66)     Total                          Min: 128, Avg: 243.0, Max: 524, Diff: 396, Sum: 972, Workers: 4
[2369.784s][debug][gc,phases      ] GC(66)   ObjectSynchronizer Weak        Min:  0.0, Avg:  0.0, Max:  0.0, Diff:  0.0, Sum:  0.0, Workers: 4
[2369.784s][debug][gc,phases      ] GC(66)     Dead                           Min: 0, Avg:  0.0, Max: 0, Diff: 0, Sum: 0, Workers: 4
[2369.784s][debug][gc,phases      ] GC(66)     Total                          Min: 0, Avg:  1.0, Max: 4, Diff: 4, Sum: 4, Workers: 4
[2369.784s][debug][gc,phases      ] GC(66)   JVMTI Tag Weak OopStorage      Min:  0.0, Avg:  0.0, Max:  0.0, Diff:  0.0, Sum:  0.0, Workers: 4
[2369.784s][debug][gc,phases      ] GC(66)     Dead                           Min: 0, Avg:  0.0, Max: 0, Diff: 0, Sum: 0, Workers: 4
[2369.784s][debug][gc,phases      ] GC(66)     Total                          Min: 0, Avg:  0.0, Max: 0, Diff: 0, Sum: 0, Workers: 4
[2369.784s][debug][gc,phases      ] GC(66)   StringTable Weak               Min:  0.2, Avg:  0.2, Max:  0.2, Diff:  0.0, Sum:  0.8, Workers: 4
[2369.784s][debug][gc,phases      ] GC(66)     Dead                           Min: 0, Avg:  0.0, Max: 0, Diff: 0, Sum: 0, Workers: 4
[2369.784s][debug][gc,phases      ] GC(66)     Total                          Min: 10751, Avg: 11557.0, Max: 12437, Diff: 1686, Sum: 46228, Workers: 4
[2369.784s][debug][gc,phases      ] GC(66)   ResolvedMethodTable Weak       Min:  0.1, Avg:  0.1, Max:  0.1, Diff:  0.0, Sum:  0.2, Workers: 4
[2369.784s][debug][gc,phases      ] GC(66)     Dead                           Min: 0, Avg:  0.0, Max: 0, Diff: 0, Sum: 0, Workers: 4
[2369.784s][debug][gc,phases      ] GC(66)     Total                          Min: 3480, Avg: 3812.2, Max: 4016, Diff: 536, Sum: 15249, Workers: 4
[2369.784s][debug][gc,phases      ] GC(66)   JNI Weak                       Min:  0.0, Avg:  0.0, Max:  0.0, Diff:  0.0, Sum:  0.0, Workers: 4
[2369.784s][debug][gc,phases      ] GC(66)     Dead                           Min: 0, Avg:  0.0, Max: 0, Diff: 0, Sum: 0, Workers: 4
[2369.784s][debug][gc,phases      ] GC(66)     Total                          Min: 0, Avg: 13.0, Max: 48, Diff: 48, Sum: 52, Workers: 4
[2369.784s][debug][gc,phases      ] GC(66)   StringDedup Table Weak         Min:  0.0, Avg:  0.0, Max:  0.0, Diff:  0.0, Sum:  0.0, Workers: 4
[2369.784s][debug][gc,phases      ] GC(66)     Dead                           Min: 0, Avg:  0.0, Max: 0, Diff: 0, Sum: 0, Workers: 4
[2369.785s][debug][gc,phases      ] GC(66)     Total                          Min: 0, Avg:  0.0, Max: 0, Diff: 0, Sum: 0, Workers: 4
[2369.785s][debug][gc,phases      ] GC(66)   StringDedup Requests0 Weak     Min:  0.0, Avg:  0.0, Max:  0.0, Diff:  0.0, Sum:  0.0, Workers: 4
[2369.785s][debug][gc,phases      ] GC(66)     Dead                           Min: 0, Avg:  0.0, Max: 0, Diff: 0, Sum: 0, Workers: 4
[2369.785s][debug][gc,phases      ] GC(66)     Total                          Min: 0, Avg:  0.0, Max: 0, Diff: 0, Sum: 0, Workers: 4
[2369.785s][debug][gc,phases      ] GC(66)   StringDedup Requests1 Weak     Min:  0.0, Avg:  0.0, Max:  0.0, Diff:  0.0, Sum:  0.0, Workers: 4
[2369.785s][debug][gc,phases      ] GC(66)     Dead                           Min: 0, Avg:  0.0, Max: 0, Diff: 0, Sum: 0, Workers: 4
[2369.785s][debug][gc,phases      ] GC(66)     Total                          Min: 0, Avg:  0.0, Max: 0, Diff: 0, Sum: 0, Workers: 4
[2369.785s][debug][gc,phases      ] GC(66)   Weak JFR Old Object Samples    Min:  0.0, Avg:  0.0, Max:  0.0, Diff:  0.0, Sum:  0.0, Workers: 4
[2369.785s][debug][gc,phases      ] GC(66)     Dead                           Min: 0, Avg:  0.0, Max: 0, Diff: 0, Sum: 0, Workers: 4
[2369.785s][debug][gc,phases      ] GC(66)     Total                          Min: 0, Avg:  0.0, Max: 0, Diff: 0, Sum: 0, Workers: 4
[2369.785s][debug][gc,phases      ] GC(66) Weak Processing 0.443ms
[2369.785s][debug][gc,phases      ] GC(66) ClassLoaderData 0.124ms
[2369.785s][debug][gc,phases      ] GC(66) Trigger cleanups 0.000ms
[2369.842s][debug][gc,phases      ] GC(66) Purge Unlinked NMethods 2.209ms
[2369.842s][debug][gc,phases      ] GC(66) Unregister NMethods 0.001ms
[2369.842s][debug][gc,phases      ] GC(66) Free Code Blobs 0.328ms
[2369.842s][debug][gc,phases      ] GC(66) Class Unloading 57.442ms
[2369.842s][debug][gc,phases      ] GC(66) Report Object Count 0.001ms
[2369.842s][info ][gc,phases      ] GC(66) Marking Phase 145.102ms
[2369.842s][info ][gc,phases,start] GC(66) Summary Phase
[2369.842s][info ][gc,phases      ] GC(66) Summary Phase 0.027ms
[2369.842s][info ][gc,phases,start] GC(66) Adjust Roots
[2369.861s][info ][gc,phases      ] GC(66) Adjust Roots 19.124ms
[2369.861s][info ][gc,phases,start] GC(66) Compaction Phase
[2369.950s][info ][gc,phases      ] GC(66) Compaction Phase 88.345ms
[2369.950s][info ][gc,phases,start] GC(66) Post Compact
[2369.954s][debug][gc,phases      ] GC(66) Purge Class Loader Data 0.831ms
[2369.954s][info ][gc,phases      ] GC(66) Post Compact 4.669ms
[2369.954s][info ][gc,heap        ] GC(66) PSYoungGen: 3008K(2070016K)->0K(2070016K) Eden: 0K(2044416K)->0K(2044416K) From: 3008K(25600K)->0K(25600K)
[2369.954s][info ][gc,heap        ] GC(66) ParOldGen: 512878K(513024K)->258129K(513024K)
[2369.954s][info ][gc,metaspace   ] GC(66) Metaspace: 106238K(107584K)->106238K(107584K) NonClass: 90211K(90944K)->90211K(90944K) Class: 16026K(16640K)->16026K(16640K)
[2369.954s][info ][gc             ] GC(66) Pause Full (CodeCache GC Threshold) 503M->252M(2522M) 257.376ms
[2369.954s][info ][gc,cpu         ] GC(66) User=0.72s Sys=0.03s Real=0.26s
[2369.954s][info ][safepoint      ] Safepoint "ParallelGCSystemGC", Time since last: 2046821955 ns, Reaching safepoint: 7100 ns, Cleanup: 3700 ns, At safepoint: 261455240 ns, Total: 261466040 ns
[2370.955s][info ][safepoint      ] Safepoint "Cleanup", Time since last: 1000098744 ns, Reaching safepoint: 6500 ns, Cleanup: 96900 ns, At safepoint: 2300 ns, Total: 105700 ns
[2374.955s][info ][safepoint      ] Safepoint "Cleanup", Time since last: 4000338509 ns, Reaching safepoint: 7400 ns, Cleanup: 12800 ns, At safepoint: 2400 ns, Total: 22600 ns
[2375.955s][info ][safepoint      ] Safepoint "Cleanup", Time since last: 1000135627 ns, Reaching safepoint: 6400 ns, Cleanup: 11200 ns, At safepoint: 2200 ns, Total: 19800 ns
[2377.956s][info ][safepoint      ] Safepoint "Cleanup", Time since last: 2000187154 ns, Reaching safepoint: 93700 ns, Cleanup: 57799 ns, At safepoint: 624597 ns, Total: 776096 ns
[2378.956s][info ][safepoint      ] Safepoint "Cleanup", Time since last: 1000107491 ns, Reaching safepoint: 7600 ns, Cleanup: 45999 ns, At safepoint: 2300 ns, Total: 55899 ns
[2379.956s][info ][safepoint      ] Safepoint "Cleanup", Time since last: 1000113634 ns, Reaching safepoint: 6400 ns, Cleanup: 8900 ns, At safepoint: 1900 ns, Total: 17200 ns
[2381.957s][info ][safepoint      ] Safepoint "Cleanup", Time since last: 2000176268 ns, Reaching safepoint: 8200 ns, Cleanup: 15500 ns, At safepoint: 2100 ns, Total: 25800 ns
[2382.957s][info ][safepoint      ] Safepoint "Cleanup", Time since last: 1000141234 ns, Reaching safepoint: 8200 ns, Cleanup: 14700 ns, At safepoint: 2600 ns, Total: 25500 ns
[2384.957s][info ][safepoint      ] Safepoint "Cleanup", Time since last: 2000208668 ns, Reaching safepoint: 10000 ns, Cleanup: 12900 ns, At safepoint: 28000 ns, Total: 50900 ns
[2386.957s][info ][safepoint      ] Safepoint "Cleanup", Time since last: 2000194463 ns, Reaching safepoint: 79999 ns, Cleanup: 13600 ns, At safepoint: 8600 ns, Total: 102199 ns
[2396.589s][info ][safepoint      ] Safepoint "ParallelGCFailedAllocation", Time since last: 9631894554 ns, Reaching safepoint: 112700 ns, Cleanup: 44200 ns, At safepoint: 14299 ns, Total: 171199 ns
[2396.590s][info ][gc,start       ] GC(67) Pause Young (GCLocker Initiated GC)
[2396.622s][debug][gc,phases      ] GC(67) Scavenge 31.209ms
[2396.622s][debug][gc,ref         ] GC(67) Skipped SoftWeakFinalRefsPhase of Reference Processing: no references
[2396.622s][debug][gc,ref         ] GC(67) Skipped KeepAliveFinalRefsPhase of Reference Processing: no references
[2396.622s][debug][gc,ref         ] GC(67) ReferenceProcessor::execute queues: 1, RefProcThreadModel::Single, marks_oops_alive: false
[2396.622s][debug][gc,phases      ] GC(67) Reference Processing 0.100ms
[2396.622s][debug][gc,phases      ] GC(67)   VM Weak                        Min:  0.0, Avg:  0.0, Max:  0.0, Diff:  0.0, Sum:  0.0, Workers: 4
[2396.622s][debug][gc,phases      ] GC(67)     Dead                           Min: 0, Avg:  0.0, Max: 0, Diff: 0, Sum: 0, Workers: 4
[2396.622s][debug][gc,phases      ] GC(67)     Total                          Min: 0, Avg: 243.0, Max: 640, Diff: 640, Sum: 972, Workers: 4
[2396.622s][debug][gc,phases      ] GC(67)   ObjectSynchronizer Weak        Min:  0.0, Avg:  0.0, Max:  0.0, Diff:  0.0, Sum:  0.0, Workers: 4
[2396.622s][debug][gc,phases      ] GC(67)     Dead                           Min: 0, Avg:  0.0, Max: 0, Diff: 0, Sum: 0, Workers: 4
[2396.622s][debug][gc,phases      ] GC(67)     Total                          Min: 0, Avg:  1.8, Max: 7, Diff: 7, Sum: 7, Workers: 4
[2396.622s][debug][gc,phases      ] GC(67)   JVMTI Tag Weak OopStorage      Min:  0.0, Avg:  0.0, Max:  0.0, Diff:  0.0, Sum:  0.0, Workers: 4
[2396.622s][debug][gc,phases      ] GC(67)     Dead                           Min: 0, Avg:  0.0, Max: 0, Diff: 0, Sum: 0, Workers: 4
[2396.622s][debug][gc,phases      ] GC(67)     Total                          Min: 0, Avg:  0.0, Max: 0, Diff: 0, Sum: 0, Workers: 4
[2396.622s][debug][gc,phases      ] GC(67)   StringTable Weak               Min:  0.0, Avg:  0.1, Max:  0.2, Diff:  0.2, Sum:  0.5, Workers: 4
[2396.622s][debug][gc,phases      ] GC(67)     Dead                           Min: 0, Avg:  0.0, Max: 0, Diff: 0, Sum: 0, Workers: 4
[2396.622s][debug][gc,phases      ] GC(67)     Total                          Min: 0, Avg: 11558.5, Max: 19803, Diff: 19803, Sum: 46234, Workers: 4
[2396.622s][debug][gc,phases      ] GC(67)   ResolvedMethodTable Weak       Min:  0.0, Avg:  0.0, Max:  0.1, Diff:  0.1, Sum:  0.2, Workers: 4
[2396.622s][debug][gc,phases      ] GC(67)     Dead                           Min: 0, Avg:  4.5, Max: 18, Diff: 18, Sum: 18, Workers: 4
[2396.622s][debug][gc,phases      ] GC(67)     Total                          Min: 0, Avg: 3812.2, Max: 6396, Diff: 6396, Sum: 15249, Workers: 4
[2396.622s][debug][gc,phases      ] GC(67)   JNI Weak                       Min:  0.0, Avg:  0.0, Max:  0.0, Diff:  0.0, Sum:  0.0, Workers: 4
[2396.622s][debug][gc,phases      ] GC(67)     Dead                           Min: 0, Avg:  0.0, Max: 0, Diff: 0, Sum: 0, Workers: 4
[2396.622s][debug][gc,phases      ] GC(67)     Total                          Min: 0, Avg: 13.0, Max: 48, Diff: 48, Sum: 52, Workers: 4
[2396.622s][debug][gc,phases      ] GC(67)   StringDedup Table Weak         Min:  0.0, Avg:  0.0, Max:  0.0, Diff:  0.0, Sum:  0.0, Workers: 4
[2396.622s][debug][gc,phases      ] GC(67)     Dead                           Min: 0, Avg:  0.0, Max: 0, Diff: 0, Sum: 0, Workers: 4
[2396.622s][debug][gc,phases      ] GC(67)     Total                          Min: 0, Avg:  0.0, Max: 0, Diff: 0, Sum: 0, Workers: 4
[2396.622s][debug][gc,phases      ] GC(67)   StringDedup Requests0 Weak     Min:  0.0, Avg:  0.0, Max:  0.0, Diff:  0.0, Sum:  0.0, Workers: 4
[2396.622s][debug][gc,phases      ] GC(67)     Dead                           Min: 0, Avg:  0.0, Max: 0, Diff: 0, Sum: 0, Workers: 4
[2396.622s][debug][gc,phases      ] GC(67)     Total                          Min: 0, Avg:  0.0, Max: 0, Diff: 0, Sum: 0, Workers: 4
[2396.622s][debug][gc,phases      ] GC(67)   StringDedup Requests1 Weak     Min:  0.0, Avg:  0.0, Max:  0.0, Diff:  0.0, Sum:  0.0, Workers: 4
[2396.622s][debug][gc,phases      ] GC(67)     Dead                           Min: 0, Avg:  0.0, Max: 0, Diff: 0, Sum: 0, Workers: 4
[2396.622s][debug][gc,phases      ] GC(67)     Total                          Min: 0, Avg:  0.0, Max: 0, Diff: 0, Sum: 0, Workers: 4
[2396.622s][debug][gc,phases      ] GC(67)   Weak JFR Old Object Samples    Min:  0.0, Avg:  0.0, Max:  0.0, Diff:  0.0, Sum:  0.0, Workers: 4
[2396.622s][debug][gc,phases      ] GC(67)     Dead                           Min: 0, Avg:  0.0, Max: 0, Diff: 0, Sum: 0, Workers: 4
[2396.622s][debug][gc,phases      ] GC(67)     Total                          Min: 0, Avg:  0.0, Max: 0, Diff: 0, Sum: 0, Workers: 4
[2396.622s][debug][gc,phases      ] GC(67) Weak Processing 0.409ms
[2396.622s][debug][gc,age         ] GC(67) Desired survivor size 54001664 bytes, new threshold 1 (max threshold 15)
[2396.622s][info ][gc,heap        ] GC(67) PSYoungGen: 2044416K(2070016K)->24033K(2015744K) Eden: 2044416K(2044416K)->0K(1991680K) From: 0K(25600K)->24033K(24064K)
[2396.622s][info ][gc,heap        ] GC(67) ParOldGen: 259035K(513024K)->322375K(513024K)
[2396.622s][info ][gc,metaspace   ] GC(67) Metaspace: 106242K(107584K)->106242K(107584K) NonClass: 90215K(90944K)->90215K(90944K) Class: 16026K(16640K)->16026K(16640K)
[2396.622s][info ][gc             ] GC(67) Pause Young (GCLocker Initiated GC) 2249M->338M(2469M) 31.828ms
[2396.622s][info ][gc,cpu         ] GC(67) User=0.12s Sys=0.00s Real=0.03s
[2396.624s][info ][safepoint      ] Safepoint "ParallelGCSystemGC", Time since last: 1107895 ns, Reaching safepoint: 2600 ns, Cleanup: 1200 ns, At safepoint: 33547427 ns, Total: 33551227 ns
[2397.624s][info ][safepoint      ] Safepoint "Cleanup", Time since last: 1000114740 ns, Reaching safepoint: 8200 ns, Cleanup: 17000 ns, At safepoint: 2400 ns, Total: 27600 ns
[2399.624s][info ][safepoint      ] Safepoint "Cleanup", Time since last: 2000196781 ns, Reaching safepoint: 9200 ns, Cleanup: 23800 ns, At safepoint: 2400 ns, Total: 35400 ns
[2400.624s][info ][safepoint      ] Safepoint "Cleanup", Time since last: 1000120940 ns, Reaching safepoint: 9000 ns, Cleanup: 15200 ns, At safepoint: 2600 ns, Total: 26800 ns
[2404.854s][info ][safepoint      ] Safepoint "Cleanup", Time since last: 4229323741 ns, Reaching safepoint: 8600 ns, Cleanup: 14000 ns, At safepoint: 2800 ns, Total: 25400 ns
[2409.854s][info ][safepoint      ] Safepoint "Cleanup", Time since last: 5000448008 ns, Reaching safepoint: 8300 ns, Cleanup: 11900 ns, At safepoint: 2300 ns, Total: 22500 ns
[2412.855s][info ][safepoint      ] Safepoint "Cleanup", Time since last: 3000287191 ns, Reaching safepoint: 9099 ns, Cleanup: 12600 ns, At safepoint: 2400 ns, Total: 24099 ns
[2413.855s][info ][safepoint      ] Safepoint "Cleanup", Time since last: 1000131281 ns, Reaching safepoint: 9300 ns, Cleanup: 20099 ns, At safepoint: 2400 ns, Total: 31799 ns
[2418.855s][info ][safepoint      ] Safepoint "Cleanup", Time since last: 5000450297 ns, Reaching safepoint: 9400 ns, Cleanup: 16600 ns, At safepoint: 2800 ns, Total: 28800 ns
[2421.856s][info ][safepoint      ] Safepoint "Cleanup", Time since last: 3000305327 ns, Reaching safepoint: 9000 ns, Cleanup: 21700 ns, At safepoint: 2400 ns, Total: 33100 ns
[2426.856s][info ][safepoint      ] Safepoint "Cleanup", Time since last: 5000431812 ns, Reaching safepoint: 8400 ns, Cleanup: 13200 ns, At safepoint: 2200 ns, Total: 23800 ns
[2430.856s][info ][safepoint      ] Safepoint "Cleanup", Time since last: 4000378264 ns, Reaching safepoint: 9200 ns, Cleanup: 12400 ns, At safepoint: 2200 ns, Total: 23800 ns
[2435.169s][info ][gc,start       ] GC(68) Pause Young (Allocation Failure)
[2435.185s][debug][gc,phases      ] GC(68) Scavenge 15.936ms
[2435.185s][debug][gc,ref         ] GC(68) Skipped SoftWeakFinalRefsPhase of Reference Processing: no references
[2435.185s][debug][gc,ref         ] GC(68) Skipped KeepAliveFinalRefsPhase of Reference Processing: no references
[2435.185s][debug][gc,ref         ] GC(68) Skipped PhantomRefsPhase of Reference Processing: no references
[2435.185s][debug][gc,phases      ] GC(68) Reference Processing 0.023ms
[2435.185s][debug][gc,phases      ] GC(68)   VM Weak                        Min:  0.0, Avg:  0.0, Max:  0.0, Diff:  0.0, Sum:  0.0, Workers: 4
[2435.185s][debug][gc,phases      ] GC(68)     Dead                           Min: 0, Avg:  0.0, Max: 0, Diff: 0, Sum: 0, Workers: 4
[2435.185s][debug][gc,phases      ] GC(68)     Total                          Min: 0, Avg: 243.0, Max: 576, Diff: 576, Sum: 972, Workers: 4
[2435.185s][debug][gc,phases      ] GC(68)   ObjectSynchronizer Weak        Min:  0.0, Avg:  0.0, Max:  0.0, Diff:  0.0, Sum:  0.0, Workers: 4
[2435.185s][debug][gc,phases      ] GC(68)     Dead                           Min: 0, Avg:  0.0, Max: 0, Diff: 0, Sum: 0, Workers: 4
[2435.186s][debug][gc,phases      ] GC(68)     Total                          Min: 0, Avg:  1.2, Max: 5, Diff: 5, Sum: 5, Workers: 4
[2435.186s][debug][gc,phases      ] GC(68)   JVMTI Tag Weak OopStorage      Min:  0.0, Avg:  0.0, Max:  0.0, Diff:  0.0, Sum:  0.0, Workers: 4
[2435.186s][debug][gc,phases      ] GC(68)     Dead                           Min: 0, Avg:  0.0, Max: 0, Diff: 0, Sum: 0, Workers: 4
[2435.186s][debug][gc,phases      ] GC(68)     Total                          Min: 0, Avg:  0.0, Max: 0, Diff: 0, Sum: 0, Workers: 4
[2435.186s][debug][gc,phases      ] GC(68)   StringTable Weak               Min:  0.0, Avg:  0.1, Max:  0.2, Diff:  0.2, Sum:  0.4, Workers: 4
[2435.186s][debug][gc,phases      ] GC(68)     Dead                           Min: 0, Avg:  0.0, Max: 0, Diff: 0, Sum: 0, Workers: 4
[2435.186s][debug][gc,phases      ] GC(68)     Total                          Min: 0, Avg: 11559.0, Max: 28508, Diff: 28508, Sum: 46236, Workers: 4
[2435.186s][debug][gc,phases      ] GC(68)   ResolvedMethodTable Weak       Min:  0.0, Avg:  0.0, Max:  0.1, Diff:  0.1, Sum:  0.1, Workers: 4
[2435.186s][debug][gc,phases      ] GC(68)     Dead                           Min: 0, Avg:  4.0, Max: 16, Diff: 16, Sum: 16, Workers: 4
[2435.186s][debug][gc,phases      ] GC(68)     Total                          Min: 0, Avg: 3812.2, Max: 9462, Diff: 9462, Sum: 15249, Workers: 4
[2435.186s][debug][gc,phases      ] GC(68)   JNI Weak                       Min:  0.0, Avg:  0.0, Max:  0.0, Diff:  0.0, Sum:  0.0, Workers: 4
[2435.186s][debug][gc,phases      ] GC(68)     Dead                           Min: 0, Avg:  0.0, Max: 0, Diff: 0, Sum: 0, Workers: 4
[2435.186s][debug][gc,phases      ] GC(68)     Total                          Min: 0, Avg: 13.0, Max: 52, Diff: 52, Sum: 52, Workers: 4
[2435.186s][debug][gc,phases      ] GC(68)   StringDedup Table Weak         Min:  0.0, Avg:  0.0, Max:  0.0, Diff:  0.0, Sum:  0.0, Workers: 4
[2435.186s][debug][gc,phases      ] GC(68)     Dead                           Min: 0, Avg:  0.0, Max: 0, Diff: 0, Sum: 0, Workers: 4
[2435.186s][debug][gc,phases      ] GC(68)     Total                          Min: 0, Avg:  0.0, Max: 0, Diff: 0, Sum: 0, Workers: 4
[2435.186s][debug][gc,phases      ] GC(68)   StringDedup Requests0 Weak     Min:  0.0, Avg:  0.0, Max:  0.0, Diff:  0.0, Sum:  0.0, Workers: 4
[2435.186s][debug][gc,phases      ] GC(68)     Dead                           Min: 0, Avg:  0.0, Max: 0, Diff: 0, Sum: 0, Workers: 4
[2435.186s][debug][gc,phases      ] GC(68)     Total                          Min: 0, Avg:  0.0, Max: 0, Diff: 0, Sum: 0, Workers: 4
[2435.186s][debug][gc,phases      ] GC(68)   StringDedup Requests1 Weak     Min:  0.0, Avg:  0.0, Max:  0.0, Diff:  0.0, Sum:  0.0, Workers: 4
[2435.186s][debug][gc,phases      ] GC(68)     Dead                           Min: 0, Avg:  0.0, Max: 0, Diff: 0, Sum: 0, Workers: 4
[2435.186s][debug][gc,phases      ] GC(68)     Total                          Min: 0, Avg:  0.0, Max: 0, Diff: 0, Sum: 0, Workers: 4
[2435.186s][debug][gc,phases      ] GC(68)   Weak JFR Old Object Samples    Min:  0.0, Avg:  0.0, Max:  0.0, Diff:  0.0, Sum:  0.0, Workers: 4
[2435.186s][debug][gc,phases      ] GC(68)     Dead                           Min: 0, Avg:  0.0, Max: 0, Diff: 0, Sum: 0, Workers: 4
[2435.186s][debug][gc,phases      ] GC(68)     Total                          Min: 0, Avg:  0.0, Max: 0, Diff: 0, Sum: 0, Workers: 4
[2435.186s][debug][gc,phases      ] GC(68) Weak Processing 0.487ms
[2435.186s][debug][gc,age         ] GC(68) Desired survivor size 55050240 bytes, new threshold 1 (max threshold 15)
[2435.186s][info ][gc,heap        ] GC(68) PSYoungGen: 2015713K(2015744K)->27251K(2019328K) Eden: 1991680K(1991680K)->0K(1991680K) From: 24033K(24064K)->27251K(27648K)
[2435.186s][info ][gc,heap        ] GC(68) ParOldGen: 322376K(513024K)->344493K(513024K)
[2435.186s][info ][gc,metaspace   ] GC(68) Metaspace: 106246K(107584K)->106246K(107584K) NonClass: 90219K(90944K)->90219K(90944K) Class: 16026K(16640K)->16026K(16640K)
[2435.186s][info ][gc             ] GC(68) Pause Young (Allocation Failure) 2283M->363M(2473M) 16.590ms
[2435.186s][info ][gc,cpu         ] GC(68) User=0.06s Sys=0.00s Real=0.01s
[2435.186s][info ][safepoint      ] Safepoint "ParallelGCFailedAllocation", Time since last: 4312577697 ns, Reaching safepoint: 8700 ns, Cleanup: 5300 ns, At safepoint: 16670316 ns, Total: 16684316 ns
[2436.186s][info ][safepoint      ] Safepoint "Cleanup", Time since last: 1000102470 ns, Reaching safepoint: 10700 ns, Cleanup: 15000 ns, At safepoint: 32400 ns, Total: 58100 ns
[2437.186s][info ][safepoint      ] Safepoint "Cleanup", Time since last: 1000078170 ns, Reaching safepoint: 8300 ns, Cleanup: 12900 ns, At safepoint: 2800 ns, Total: 24000 ns
[2444.187s][info ][safepoint      ] Safepoint "Cleanup", Time since last: 7000539755 ns, Reaching safepoint: 7200 ns, Cleanup: 10500 ns, At safepoint: 2200 ns, Total: 19900 ns
[2446.187s][info ][safepoint      ] Safepoint "Cleanup", Time since last: 2000183834 ns, Reaching safepoint: 7400 ns, Cleanup: 10400 ns, At safepoint: 2200 ns, Total: 20000 ns
[2451.187s][info ][safepoint      ] Safepoint "Cleanup", Time since last: 5000439205 ns, Reaching safepoint: 11600 ns, Cleanup: 17200 ns, At safepoint: 2900 ns, Total: 31700 ns
[2454.188s][info ][safepoint      ] Safepoint "Cleanup", Time since last: 3000287717 ns, Reaching safepoint: 8300 ns, Cleanup: 12000 ns, At safepoint: 2400 ns, Total: 22700 ns
[2463.873s][info ][safepoint      ] Safepoint "Cleanup", Time since last: 9685713858 ns, Reaching safepoint: 8400 ns, Cleanup: 12600 ns, At safepoint: 2400 ns, Total: 23400 ns
[2465.873s][info ][safepoint      ] Safepoint "Cleanup", Time since last: 2000205218 ns, Reaching safepoint: 9300 ns, Cleanup: 20700 ns, At safepoint: 2500 ns, Total: 32500 ns
[2468.874s][info ][safepoint      ] Safepoint "Cleanup", Time since last: 3000266660 ns, Reaching safepoint: 7400 ns, Cleanup: 10500 ns, At safepoint: 2100 ns, Total: 20000 ns
[2478.875s][info ][safepoint      ] Safepoint "Cleanup", Time since last: 10000761986 ns, Reaching safepoint: 6000 ns, Cleanup: 25399 ns, At safepoint: 1900 ns, Total: 33299 ns
[2481.412s][info ][gc,start       ] GC(69) Pause Young (Allocation Failure)
[2481.424s][debug][gc,phases      ] GC(69) Scavenge 11.761ms
[2481.424s][debug][gc,ref         ] GC(69) Skipped SoftWeakFinalRefsPhase of Reference Processing: no references
[2481.424s][debug][gc,ref         ] GC(69) Skipped KeepAliveFinalRefsPhase of Reference Processing: no references
[2481.424s][debug][gc,ref         ] GC(69) Skipped PhantomRefsPhase of Reference Processing: no references
[2481.424s][debug][gc,phases      ] GC(69) Reference Processing 0.024ms
[2481.424s][debug][gc,phases      ] GC(69)   VM Weak                        Min:  0.0, Avg:  0.0, Max:  0.0, Diff:  0.0, Sum:  0.0, Workers: 4
[2481.424s][debug][gc,phases      ] GC(69)     Dead                           Min: 0, Avg:  0.0, Max: 0, Diff: 0, Sum: 0, Workers: 4
[2481.424s][debug][gc,phases      ] GC(69)     Total                          Min: 0, Avg: 243.0, Max: 704, Diff: 704, Sum: 972, Workers: 4
[2481.424s][debug][gc,phases      ] GC(69)   ObjectSynchronizer Weak        Min:  0.0, Avg:  0.0, Max:  0.0, Diff:  0.0, Sum:  0.0, Workers: 4
[2481.424s][debug][gc,phases      ] GC(69)     Dead                           Min: 0, Avg:  0.0, Max: 0, Diff: 0, Sum: 0, Workers: 4
[2481.424s][debug][gc,phases      ] GC(69)     Total                          Min: 0, Avg:  0.8, Max: 3, Diff: 3, Sum: 3, Workers: 4
[2481.424s][debug][gc,phases      ] GC(69)   JVMTI Tag Weak OopStorage      Min:  0.0, Avg:  0.0, Max:  0.0, Diff:  0.0, Sum:  0.0, Workers: 4
[2481.424s][debug][gc,phases      ] GC(69)     Dead                           Min: 0, Avg:  0.0, Max: 0, Diff: 0, Sum: 0, Workers: 4
[2481.424s][debug][gc,phases      ] GC(69)     Total                          Min: 0, Avg:  0.0, Max: 0, Diff: 0, Sum: 0, Workers: 4
[2481.424s][debug][gc,phases      ] GC(69)   StringTable Weak               Min:  0.0, Avg:  0.1, Max:  0.1, Diff:  0.1, Sum:  0.4, Workers: 4
[2481.424s][debug][gc,phases      ] GC(69)     Dead                           Min: 0, Avg:  0.0, Max: 0, Diff: 0, Sum: 0, Workers: 4
[2481.424s][debug][gc,phases      ] GC(69)     Total                          Min: 0, Avg: 11559.0, Max: 20380, Diff: 20380, Sum: 46236, Workers: 4
[2481.424s][debug][gc,phases      ] GC(69)   ResolvedMethodTable Weak       Min:  0.0, Avg:  0.0, Max:  0.1, Diff:  0.1, Sum:  0.2, Workers: 4
[2481.424s][debug][gc,phases      ] GC(69)     Dead                           Min: 0, Avg:  4.0, Max: 16, Diff: 16, Sum: 16, Workers: 4
[2481.424s][debug][gc,phases      ] GC(69)     Total                          Min: 0, Avg: 3812.2, Max: 6131, Diff: 6131, Sum: 15249, Workers: 4
[2481.424s][debug][gc,phases      ] GC(69)   JNI Weak                       Min:  0.0, Avg:  0.0, Max:  0.0, Diff:  0.0, Sum:  0.0, Workers: 4
[2481.424s][debug][gc,phases      ] GC(69)     Dead                           Min: 0, Avg:  0.0, Max: 0, Diff: 0, Sum: 0, Workers: 4
[2481.424s][debug][gc,phases      ] GC(69)     Total                          Min: 0, Avg: 13.0, Max: 48, Diff: 48, Sum: 52, Workers: 4
[2481.424s][debug][gc,phases      ] GC(69)   StringDedup Table Weak         Min:  0.0, Avg:  0.0, Max:  0.0, Diff:  0.0, Sum:  0.0, Workers: 4
[2481.424s][debug][gc,phases      ] GC(69)     Dead                           Min: 0, Avg:  0.0, Max: 0, Diff: 0, Sum: 0, Workers: 4
[2481.424s][debug][gc,phases      ] GC(69)     Total                          Min: 0, Avg:  0.0, Max: 0, Diff: 0, Sum: 0, Workers: 4
[2481.424s][debug][gc,phases      ] GC(69)   StringDedup Requests0 Weak     Min:  0.0, Avg:  0.0, Max:  0.0, Diff:  0.0, Sum:  0.0, Workers: 4
[2481.424s][debug][gc,phases      ] GC(69)     Dead                           Min: 0, Avg:  0.0, Max: 0, Diff: 0, Sum: 0, Workers: 4
[2481.424s][debug][gc,phases      ] GC(69)     Total                          Min: 0, Avg:  0.0, Max: 0, Diff: 0, Sum: 0, Workers: 4
[2481.424s][debug][gc,phases      ] GC(69)   StringDedup Requests1 Weak     Min:  0.0, Avg:  0.0, Max:  0.0, Diff:  0.0, Sum:  0.0, Workers: 4
[2481.424s][debug][gc,phases      ] GC(69)     Dead                           Min: 0, Avg:  0.0, Max: 0, Diff: 0, Sum: 0, Workers: 4
[2481.424s][debug][gc,phases      ] GC(69)     Total                          Min: 0, Avg:  0.0, Max: 0, Diff: 0, Sum: 0, Workers: 4
[2481.424s][debug][gc,phases      ] GC(69)   Weak JFR Old Object Samples    Min:  0.0, Avg:  0.0, Max:  0.0, Diff:  0.0, Sum:  0.0, Workers: 4
[2481.424s][debug][gc,phases      ] GC(69)     Dead                           Min: 0, Avg:  0.0, Max: 0, Diff: 0, Sum: 0, Workers: 4
[2481.424s][debug][gc,phases      ] GC(69)     Total                          Min: 0, Avg:  0.0, Max: 0, Diff: 0, Sum: 0, Workers: 4
[2481.424s][debug][gc,phases      ] GC(69) Weak Processing 0.424ms
[2481.424s][debug][gc,age         ] GC(69) Desired survivor size 51380224 bytes, new threshold 1 (max threshold 15)
[2481.424s][info ][gc,heap        ] GC(69) PSYoungGen: 2018931K(2019328K)->14193K(2046976K) Eden: 1991680K(1991680K)->0K(1993216K) From: 27251K(27648K)->14193K(53760K)
[2481.424s][info ][gc,heap        ] GC(69) ParOldGen: 344493K(513024K)->364323K(513024K)
[2481.424s][info ][gc,metaspace   ] GC(69) Metaspace: 106248K(107584K)->106248K(107584K) NonClass: 90221K(90944K)->90221K(90944K) Class: 16026K(16640K)->16026K(16640K)
[2481.424s][info ][gc             ] GC(69) Pause Young (Allocation Failure) 2308M->369M(2500M) 12.345ms
[2481.424s][info ][gc,cpu         ] GC(69) User=0.04s Sys=0.00s Real=0.01s
[2481.424s][info ][safepoint      ] Safepoint "ParallelGCFailedAllocation", Time since last: 2537079190 ns, Reaching safepoint: 6200 ns, Cleanup: 4600 ns, At safepoint: 12413137 ns, Total: 12423937 ns
[2482.424s][info ][safepoint      ] Safepoint "Cleanup", Time since last: 1000091211 ns, Reaching safepoint: 6900 ns, Cleanup: 41499 ns, At safepoint: 2500 ns, Total: 50899 ns
[2483.424s][info ][safepoint      ] Safepoint "Cleanup", Time since last: 1000115090 ns, Reaching safepoint: 8200 ns, Cleanup: 12800 ns, At safepoint: 2200 ns, Total: 23200 ns
[2484.424s][info ][safepoint      ] Safepoint "Cleanup", Time since last: 1000118870 ns, Reaching safepoint: 7700 ns, Cleanup: 12400 ns, At safepoint: 2200 ns, Total: 22300 ns
[2485.425s][info ][safepoint      ] Safepoint "Cleanup", Time since last: 1000116770 ns, Reaching safepoint: 8000 ns, Cleanup: 12600 ns, At safepoint: 2900 ns, Total: 23500 ns
[2487.425s][info ][safepoint      ] Safepoint "Cleanup", Time since last: 2000197241 ns, Reaching safepoint: 7800 ns, Cleanup: 14600 ns, At safepoint: 2200 ns, Total: 24600 ns
[2488.425s][info ][safepoint      ] Safepoint "Cleanup", Time since last: 1000123770 ns, Reaching safepoint: 7600 ns, Cleanup: 11700 ns, At safepoint: 2300 ns, Total: 21600 ns
[2489.425s][info ][safepoint      ] Safepoint "Cleanup", Time since last: 1000116370 ns, Reaching safepoint: 6800 ns, Cleanup: 12400 ns, At safepoint: 2100 ns, Total: 21300 ns
[2490.425s][info ][safepoint      ] Safepoint "Cleanup", Time since last: 1000117470 ns, Reaching safepoint: 7200 ns, Cleanup: 11100 ns, At safepoint: 2300 ns, Total: 20600 ns
[2492.426s][info ][safepoint      ] Safepoint "Cleanup", Time since last: 2000195541 ns, Reaching safepoint: 7800 ns, Cleanup: 12199 ns, At safepoint: 2400 ns, Total: 22399 ns
[2505.427s][info ][safepoint      ] Safepoint "Cleanup", Time since last: 13001005067 ns, Reaching safepoint: 5800 ns, Cleanup: 11300 ns, At safepoint: 2100 ns, Total: 19200 ns
[2508.427s][info ][safepoint      ] Safepoint "Cleanup", Time since last: 3000271623 ns, Reaching safepoint: 7500 ns, Cleanup: 11500 ns, At safepoint: 2100 ns, Total: 21100 ns
[2509.427s][info ][safepoint      ] Safepoint "Cleanup", Time since last: 1000129185 ns, Reaching safepoint: 6400 ns, Cleanup: 15700 ns, At safepoint: 2100 ns, Total: 24200 ns
[2529.160s][info ][gc,start       ] GC(70) Pause Young (Allocation Failure)
[2529.169s][debug][gc,phases      ] GC(70) Scavenge 8.924ms
[2529.169s][debug][gc,ref         ] GC(70) Skipped SoftWeakFinalRefsPhase of Reference Processing: no references
[2529.169s][debug][gc,ref         ] GC(70) Skipped KeepAliveFinalRefsPhase of Reference Processing: no references
[2529.169s][debug][gc,ref         ] GC(70) ReferenceProcessor::execute queues: 1, RefProcThreadModel::Single, marks_oops_alive: false
[2529.169s][debug][gc,phases      ] GC(70) Reference Processing 0.099ms
[2529.170s][debug][gc,phases      ] GC(70)   VM Weak                        Min:  0.0, Avg:  0.0, Max:  0.0, Diff:  0.0, Sum:  0.0, Workers: 4
[2529.170s][debug][gc,phases      ] GC(70)     Dead                           Min: 0, Avg:  0.0, Max: 0, Diff: 0, Sum: 0, Workers: 4
[2529.170s][debug][gc,phases      ] GC(70)     Total                          Min: 0, Avg: 243.0, Max: 832, Diff: 832, Sum: 972, Workers: 4
[2529.170s][debug][gc,phases      ] GC(70)   ObjectSynchronizer Weak        Min:  0.0, Avg:  0.0, Max:  0.0, Diff:  0.0, Sum:  0.0, Workers: 4
[2529.170s][debug][gc,phases      ] GC(70)     Dead                           Min: 0, Avg:  0.0, Max: 0, Diff: 0, Sum: 0, Workers: 4
[2529.170s][debug][gc,phases      ] GC(70)     Total                          Min: 0, Avg:  1.2, Max: 5, Diff: 5, Sum: 5, Workers: 4
[2529.170s][debug][gc,phases      ] GC(70)   JVMTI Tag Weak OopStorage      Min:  0.0, Avg:  0.0, Max:  0.0, Diff:  0.0, Sum:  0.0, Workers: 4
[2529.170s][debug][gc,phases      ] GC(70)     Dead                           Min: 0, Avg:  0.0, Max: 0, Diff: 0, Sum: 0, Workers: 4
[2529.170s][debug][gc,phases      ] GC(70)     Total                          Min: 0, Avg:  0.0, Max: 0, Diff: 0, Sum: 0, Workers: 4
[2529.170s][debug][gc,phases      ] GC(70)   StringTable Weak               Min:  0.0, Avg:  0.1, Max:  0.2, Diff:  0.2, Sum:  0.5, Workers: 4
[2529.170s][debug][gc,phases      ] GC(70)     Dead                           Min: 0, Avg:  0.0, Max: 0, Diff: 0, Sum: 0, Workers: 4
[2529.170s][debug][gc,phases      ] GC(70)     Total                          Min: 0, Avg: 11560.8, Max: 20927, Diff: 20927, Sum: 46243, Workers: 4
[2529.170s][debug][gc,phases      ] GC(70)   ResolvedMethodTable Weak       Min:  0.0, Avg:  0.0, Max:  0.1, Diff:  0.1, Sum:  0.1, Workers: 4
[2529.170s][debug][gc,phases      ] GC(70)     Dead                           Min: 0, Avg:  4.0, Max: 16, Diff: 16, Sum: 16, Workers: 4
[2529.170s][debug][gc,phases      ] GC(70)     Total                          Min: 0, Avg: 3812.2, Max: 7428, Diff: 7428, Sum: 15249, Workers: 4
[2529.170s][debug][gc,phases      ] GC(70)   JNI Weak                       Min:  0.0, Avg:  0.0, Max:  0.0, Diff:  0.0, Sum:  0.0, Workers: 4
[2529.170s][debug][gc,phases      ] GC(70)     Dead                           Min: 0, Avg:  0.0, Max: 0, Diff: 0, Sum: 0, Workers: 4
[2529.170s][debug][gc,phases      ] GC(70)     Total                          Min: 0, Avg: 13.0, Max: 48, Diff: 48, Sum: 52, Workers: 4
[2529.170s][debug][gc,phases      ] GC(70)   StringDedup Table Weak         Min:  0.0, Avg:  0.0, Max:  0.0, Diff:  0.0, Sum:  0.0, Workers: 4
[2529.170s][debug][gc,phases      ] GC(70)     Dead                           Min: 0, Avg:  0.0, Max: 0, Diff: 0, Sum: 0, Workers: 4
[2529.170s][debug][gc,phases      ] GC(70)     Total                          Min: 0, Avg:  0.0, Max: 0, Diff: 0, Sum: 0, Workers: 4
[2529.170s][debug][gc,phases      ] GC(70)   StringDedup Requests0 Weak     Min:  0.0, Avg:  0.0, Max:  0.0, Diff:  0.0, Sum:  0.0, Workers: 4
[2529.170s][debug][gc,phases      ] GC(70)     Dead                           Min: 0, Avg:  0.0, Max: 0, Diff: 0, Sum: 0, Workers: 4
[2529.170s][debug][gc,phases      ] GC(70)     Total                          Min: 0, Avg:  0.0, Max: 0, Diff: 0, Sum: 0, Workers: 4
[2529.170s][debug][gc,phases      ] GC(70)   StringDedup Requests1 Weak     Min:  0.0, Avg:  0.0, Max:  0.0, Diff:  0.0, Sum:  0.0, Workers: 4
[2529.170s][debug][gc,phases      ] GC(70)     Dead                           Min: 0, Avg:  0.0, Max: 0, Diff: 0, Sum: 0, Workers: 4
[2529.170s][debug][gc,phases      ] GC(70)     Total                          Min: 0, Avg:  0.0, Max: 0, Diff: 0, Sum: 0, Workers: 4
[2529.170s][debug][gc,phases      ] GC(70)   Weak JFR Old Object Samples    Min:  0.0, Avg:  0.0, Max:  0.0, Diff:  0.0, Sum:  0.0, Workers: 4
[2529.170s][debug][gc,phases      ] GC(70)     Dead                           Min: 0, Avg:  0.0, Max: 0, Diff: 0, Sum: 0, Workers: 4
[2529.170s][debug][gc,phases      ] GC(70)     Total                          Min: 0, Avg:  0.0, Max: 0, Diff: 0, Sum: 0, Workers: 4
[2529.170s][debug][gc,phases      ] GC(70) Weak Processing 0.401ms
[2529.170s][debug][gc,age         ] GC(70) Desired survivor size 48234496 bytes, new threshold 1 (max threshold 15)
[2529.170s][info ][gc,heap        ] GC(70) PSYoungGen: 2007409K(2046976K)->10672K(2043392K) Eden: 1993216K(1993216K)->0K(1993216K) From: 14193K(53760K)->10672K(50176K)
[2529.170s][info ][gc,heap        ] GC(70) ParOldGen: 364323K(513024K)->371224K(513024K)
[2529.170s][info ][gc,metaspace   ] GC(70) Metaspace: 106259K(107584K)->106259K(107584K) NonClass: 90232K(90944K)->90232K(90944K) Class: 16026K(16640K)->16026K(16640K)
[2529.170s][info ][gc             ] GC(70) Pause Young (Allocation Failure) 2316M->372M(2496M) 9.565ms
[2529.170s][info ][gc,cpu         ] GC(70) User=0.04s Sys=0.00s Real=0.01s
[2529.170s][info ][safepoint      ] Safepoint "ParallelGCFailedAllocation", Time since last: 19733249861 ns, Reaching safepoint: 7100 ns, Cleanup: 5700 ns, At safepoint: 9636151 ns, Total: 9648951 ns
[2543.171s][info ][safepoint      ] Safepoint "Cleanup", Time since last: 14001018436 ns, Reaching safepoint: 8400 ns, Cleanup: 37900 ns, At safepoint: 31300 ns, Total: 77600 ns
[2562.172s][info ][safepoint      ] Safepoint "Cleanup", Time since last: 19001382474 ns, Reaching safepoint: 6900 ns, Cleanup: 10000 ns, At safepoint: 2100 ns, Total: 19000 ns
[2563.173s][info ][safepoint      ] Safepoint "Cleanup", Time since last: 1000130261 ns, Reaching safepoint: 8497 ns, Cleanup: 16793 ns, At safepoint: 2799 ns, Total: 28089 ns
[2577.699s][info ][gc,start       ] GC(71) Pause Young (Allocation Failure)
[2577.707s][debug][gc,phases      ] GC(71) Scavenge 8.529ms
[2577.707s][debug][gc,ref         ] GC(71) Skipped SoftWeakFinalRefsPhase of Reference Processing: no references
[2577.707s][debug][gc,ref         ] GC(71) Skipped KeepAliveFinalRefsPhase of Reference Processing: no references
[2577.707s][debug][gc,ref         ] GC(71) Skipped PhantomRefsPhase of Reference Processing: no references
[2577.707s][debug][gc,phases      ] GC(71) Reference Processing 0.021ms
[2577.707s][debug][gc,phases      ] GC(71)   VM Weak                        Min:  0.0, Avg:  0.0, Max:  0.0, Diff:  0.0, Sum:  0.0, Workers: 4
[2577.707s][debug][gc,phases      ] GC(71)     Dead                           Min: 0, Avg:  0.0, Max: 0, Diff: 0, Sum: 0, Workers: 4
[2577.707s][debug][gc,phases      ] GC(71)     Total                          Min: 0, Avg: 243.0, Max: 780, Diff: 780, Sum: 972, Workers: 4
[2577.707s][debug][gc,phases      ] GC(71)   ObjectSynchronizer Weak        Min:  0.0, Avg:  0.0, Max:  0.0, Diff:  0.0, Sum:  0.0, Workers: 4
[2577.707s][debug][gc,phases      ] GC(71)     Dead                           Min: 0, Avg:  0.0, Max: 0, Diff: 0, Sum: 0, Workers: 4
[2577.707s][debug][gc,phases      ] GC(71)     Total                          Min: 0, Avg:  1.2, Max: 5, Diff: 5, Sum: 5, Workers: 4
[2577.707s][debug][gc,phases      ] GC(71)   JVMTI Tag Weak OopStorage      Min:  0.0, Avg:  0.0, Max:  0.0, Diff:  0.0, Sum:  0.0, Workers: 4
[2577.707s][debug][gc,phases      ] GC(71)     Dead                           Min: 0, Avg:  0.0, Max: 0, Diff: 0, Sum: 0, Workers: 4
[2577.707s][debug][gc,phases      ] GC(71)     Total                          Min: 0, Avg:  0.0, Max: 0, Diff: 0, Sum: 0, Workers: 4
[2577.707s][debug][gc,phases      ] GC(71)   StringTable Weak               Min:  0.1, Avg:  0.1, Max:  0.1, Diff:  0.0, Sum:  0.5, Workers: 4
[2577.707s][debug][gc,phases      ] GC(71)     Dead                           Min: 0, Avg:  0.0, Max: 0, Diff: 0, Sum: 0, Workers: 4
[2577.707s][debug][gc,phases      ] GC(71)     Total                          Min: 11172, Avg: 11560.8, Max: 12416, Diff: 1244, Sum: 46243, Workers: 4
[2577.707s][debug][gc,phases      ] GC(71)   ResolvedMethodTable Weak       Min:  0.0, Avg:  0.0, Max:  0.0, Diff:  0.0, Sum:  0.2, Workers: 4
[2577.707s][debug][gc,phases      ] GC(71)     Dead                           Min: 0, Avg:  4.0, Max: 16, Diff: 16, Sum: 16, Workers: 4
[2577.707s][debug][gc,phases      ] GC(71)     Total                          Min: 3629, Avg: 3812.2, Max: 4011, Diff: 382, Sum: 15249, Workers: 4
[2577.707s][debug][gc,phases      ] GC(71)   JNI Weak                       Min:  0.0, Avg:  0.0, Max:  0.0, Diff:  0.0, Sum:  0.0, Workers: 4
[2577.707s][debug][gc,phases      ] GC(71)     Dead                           Min: 0, Avg:  0.0, Max: 0, Diff: 0, Sum: 0, Workers: 4
[2577.707s][debug][gc,phases      ] GC(71)     Total                          Min: 0, Avg: 13.0, Max: 48, Diff: 48, Sum: 52, Workers: 4
[2577.707s][debug][gc,phases      ] GC(71)   StringDedup Table Weak         Min:  0.0, Avg:  0.0, Max:  0.0, Diff:  0.0, Sum:  0.0, Workers: 4
[2577.708s][debug][gc,phases      ] GC(71)     Dead                           Min: 0, Avg:  0.0, Max: 0, Diff: 0, Sum: 0, Workers: 4
[2577.708s][debug][gc,phases      ] GC(71)     Total                          Min: 0, Avg:  0.0, Max: 0, Diff: 0, Sum: 0, Workers: 4
[2577.708s][debug][gc,phases      ] GC(71)   StringDedup Requests0 Weak     Min:  0.0, Avg:  0.0, Max:  0.0, Diff:  0.0, Sum:  0.0, Workers: 4
[2577.708s][debug][gc,phases      ] GC(71)     Dead                           Min: 0, Avg:  0.0, Max: 0, Diff: 0, Sum: 0, Workers: 4
[2577.708s][debug][gc,phases      ] GC(71)     Total                          Min: 0, Avg:  0.0, Max: 0, Diff: 0, Sum: 0, Workers: 4
[2577.708s][debug][gc,phases      ] GC(71)   StringDedup Requests1 Weak     Min:  0.0, Avg:  0.0, Max:  0.0, Diff:  0.0, Sum:  0.0, Workers: 4
[2577.708s][debug][gc,phases      ] GC(71)     Dead                           Min: 0, Avg:  0.0, Max: 0, Diff: 0, Sum: 0, Workers: 4
[2577.708s][debug][gc,phases      ] GC(71)     Total                          Min: 0, Avg:  0.0, Max: 0, Diff: 0, Sum: 0, Workers: 4
[2577.708s][debug][gc,phases      ] GC(71)   Weak JFR Old Object Samples    Min:  0.0, Avg:  0.0, Max:  0.0, Diff:  0.0, Sum:  0.0, Workers: 4
[2577.708s][debug][gc,phases      ] GC(71)     Dead                           Min: 0, Avg:  0.0, Max: 0, Diff: 0, Sum: 0, Workers: 4
[2577.708s][debug][gc,phases      ] GC(71)     Total                          Min: 0, Avg:  0.0, Max: 0, Diff: 0, Sum: 0, Workers: 4
[2577.708s][debug][gc,phases      ] GC(71) Weak Processing 0.376ms
[2577.708s][debug][gc,age         ] GC(71) Desired survivor size 45613056 bytes, new threshold 1 (max threshold 15)
[2577.708s][info ][gc,heap        ] GC(71) PSYoungGen: 2003888K(2043392K)->10384K(2052608K) Eden: 1993216K(1993216K)->0K(2005504K) From: 10672K(50176K)->10384K(47104K)
[2577.708s][info ][gc,heap        ] GC(71) ParOldGen: 371224K(513024K)->374925K(513024K)
[2577.708s][info ][gc,metaspace   ] GC(71) Metaspace: 106264K(107584K)->106264K(107584K) NonClass: 90237K(90944K)->90237K(90944K) Class: 16026K(16640K)->16026K(16640K)
[2577.708s][info ][gc             ] GC(71) Pause Young (Allocation Failure) 2319M->376M(2505M) 9.029ms
[2577.708s][info ][gc,cpu         ] GC(71) User=0.03s Sys=0.00s Real=0.01s
[2577.708s][info ][safepoint      ] Safepoint "ParallelGCFailedAllocation", Time since last: 14525974566 ns, Reaching safepoint: 7900 ns, Cleanup: 4800 ns, At safepoint: 9099008 ns, Total: 9111708 ns
[2580.708s][info ][safepoint      ] Safepoint "Cleanup", Time since last: 3000231818 ns, Reaching safepoint: 82099 ns, Cleanup: 11900 ns, At safepoint: 9000 ns, Total: 102999 ns
[2601.910s][info ][safepoint      ] Safepoint "Cleanup", Time since last: 21202313501 ns, Reaching safepoint: 79800 ns, Cleanup: 12699 ns, At safepoint: 8800 ns, Total: 101299 ns
[2602.911s][info ][safepoint      ] Safepoint "Cleanup", Time since last: 1000122391 ns, Reaching safepoint: 79499 ns, Cleanup: 12800 ns, At safepoint: 6900 ns, Total: 99199 ns
[2603.911s][info ][safepoint      ] Safepoint "Cleanup", Time since last: 1000118726 ns, Reaching safepoint: 78200 ns, Cleanup: 11799 ns, At safepoint: 7100 ns, Total: 97099 ns
[2604.911s][info ][safepoint      ] Safepoint "Cleanup", Time since last: 1000136589 ns, Reaching safepoint: 80299 ns, Cleanup: 9900 ns, At safepoint: 6100 ns, Total: 96299 ns
[2618.912s][info ][safepoint      ] Safepoint "Cleanup", Time since last: 14001081989 ns, Reaching safepoint: 100698 ns, Cleanup: 26900 ns, At safepoint: 16000 ns, Total: 143598 ns
[2619.913s][info ][safepoint      ] Safepoint "Cleanup", Time since last: 1000141421 ns, Reaching safepoint: 80200 ns, Cleanup: 11999 ns, At safepoint: 9300 ns, Total: 101499 ns
[2621.913s][info ][safepoint      ] Safepoint "Cleanup", Time since last: 2000185139 ns, Reaching safepoint: 80699 ns, Cleanup: 12500 ns, At safepoint: 9200 ns, Total: 102399 ns
[2626.710s][info ][gc,start       ] GC(72) Pause Young (Allocation Failure)
[2626.718s][debug][gc,phases      ] GC(72) Scavenge 8.119ms
[2626.718s][debug][gc,ref         ] GC(72) Skipped SoftWeakFinalRefsPhase of Reference Processing: no references
[2626.718s][debug][gc,ref         ] GC(72) Skipped KeepAliveFinalRefsPhase of Reference Processing: no references
[2626.719s][debug][gc,ref         ] GC(72) ReferenceProcessor::execute queues: 1, RefProcThreadModel::Single, marks_oops_alive: false
[2626.719s][debug][gc,phases      ] GC(72) Reference Processing 0.097ms
[2626.719s][debug][gc,phases      ] GC(72)   VM Weak                        Min:  0.0, Avg:  0.0, Max:  0.0, Diff:  0.0, Sum:  0.0, Workers: 4
[2626.719s][debug][gc,phases      ] GC(72)     Dead                           Min: 0, Avg:  0.0, Max: 0, Diff: 0, Sum: 0, Workers: 4
[2626.719s][debug][gc,phases      ] GC(72)     Total                          Min: 0, Avg: 243.0, Max: 640, Diff: 640, Sum: 972, Workers: 4
[2626.719s][debug][gc,phases      ] GC(72)   ObjectSynchronizer Weak        Min:  0.0, Avg:  0.0, Max:  0.0, Diff:  0.0, Sum:  0.0, Workers: 4
[2626.719s][debug][gc,phases      ] GC(72)     Dead                           Min: 0, Avg:  0.0, Max: 0, Diff: 0, Sum: 0, Workers: 4
[2626.719s][debug][gc,phases      ] GC(72)     Total                          Min: 0, Avg:  0.8, Max: 3, Diff: 3, Sum: 3, Workers: 4
[2626.719s][debug][gc,phases      ] GC(72)   JVMTI Tag Weak OopStorage      Min:  0.0, Avg:  0.0, Max:  0.0, Diff:  0.0, Sum:  0.0, Workers: 4
[2626.719s][debug][gc,phases      ] GC(72)     Dead                           Min: 0, Avg:  0.0, Max: 0, Diff: 0, Sum: 0, Workers: 4
[2626.719s][debug][gc,phases      ] GC(72)     Total                          Min: 0, Avg:  0.0, Max: 0, Diff: 0, Sum: 0, Workers: 4
[2626.719s][debug][gc,phases      ] GC(72)   StringTable Weak               Min:  0.0, Avg:  0.1, Max:  0.1, Diff:  0.1, Sum:  0.4, Workers: 4
[2626.719s][debug][gc,phases      ] GC(72)     Dead                           Min: 0, Avg:  0.0, Max: 0, Diff: 0, Sum: 0, Workers: 4
[2626.719s][debug][gc,phases      ] GC(72)     Total                          Min: 0, Avg: 11560.8, Max: 19135, Diff: 19135, Sum: 46243, Workers: 4
[2626.719s][debug][gc,phases      ] GC(72)   ResolvedMethodTable Weak       Min:  0.0, Avg:  0.0, Max:  0.0, Diff:  0.0, Sum:  0.1, Workers: 4
[2626.719s][debug][gc,phases      ] GC(72)     Dead                           Min: 0, Avg:  4.0, Max: 16, Diff: 16, Sum: 16, Workers: 4
[2626.719s][debug][gc,phases      ] GC(72)     Total                          Min: 0, Avg: 3812.2, Max: 6205, Diff: 6205, Sum: 15249, Workers: 4
[2626.719s][debug][gc,phases      ] GC(72)   JNI Weak                       Min:  0.0, Avg:  0.0, Max:  0.0, Diff:  0.0, Sum:  0.0, Workers: 4
[2626.719s][debug][gc,phases      ] GC(72)     Dead                           Min: 0, Avg:  0.0, Max: 0, Diff: 0, Sum: 0, Workers: 4
[2626.719s][debug][gc,phases      ] GC(72)     Total                          Min: 0, Avg: 13.0, Max: 48, Diff: 48, Sum: 52, Workers: 4
[2626.719s][debug][gc,phases      ] GC(72)   StringDedup Table Weak         Min:  0.0, Avg:  0.0, Max:  0.0, Diff:  0.0, Sum:  0.0, Workers: 4
[2626.719s][debug][gc,phases      ] GC(72)     Dead                           Min: 0, Avg:  0.0, Max: 0, Diff: 0, Sum: 0, Workers: 4
[2626.719s][debug][gc,phases      ] GC(72)     Total                          Min: 0, Avg:  0.0, Max: 0, Diff: 0, Sum: 0, Workers: 4
[2626.719s][debug][gc,phases      ] GC(72)   StringDedup Requests0 Weak     Min:  0.0, Avg:  0.0, Max:  0.0, Diff:  0.0, Sum:  0.0, Workers: 4
[2626.719s][debug][gc,phases      ] GC(72)     Dead                           Min: 0, Avg:  0.0, Max: 0, Diff: 0, Sum: 0, Workers: 4
[2626.719s][debug][gc,phases      ] GC(72)     Total                          Min: 0, Avg:  0.0, Max: 0, Diff: 0, Sum: 0, Workers: 4
[2626.719s][debug][gc,phases      ] GC(72)   StringDedup Requests1 Weak     Min:  0.0, Avg:  0.0, Max:  0.0, Diff:  0.0, Sum:  0.0, Workers: 4
[2626.719s][debug][gc,phases      ] GC(72)     Dead                           Min: 0, Avg:  0.0, Max: 0, Diff: 0, Sum: 0, Workers: 4
[2626.719s][debug][gc,phases      ] GC(72)     Total                          Min: 0, Avg:  0.0, Max: 0, Diff: 0, Sum: 0, Workers: 4
[2626.719s][debug][gc,phases      ] GC(72)   Weak JFR Old Object Samples    Min:  0.0, Avg:  0.0, Max:  0.0, Diff:  0.0, Sum:  0.0, Workers: 4
[2626.719s][debug][gc,phases      ] GC(72)     Dead                           Min: 0, Avg:  0.0, Max: 0, Diff: 0, Sum: 0, Workers: 4
[2626.719s][debug][gc,phases      ] GC(72)     Total                          Min: 0, Avg:  0.0, Max: 0, Diff: 0, Sum: 0, Workers: 4
[2626.719s][debug][gc,phases      ] GC(72) Weak Processing 0.398ms
[2626.719s][debug][gc,age         ] GC(72) Desired survivor size 42991616 bytes, new threshold 1 (max threshold 15)
[2626.719s][info ][gc,heap        ] GC(72) PSYoungGen: 2015888K(2052608K)->10672K(2050048K) Eden: 2005504K(2005504K)->0K(2005504K) From: 10384K(47104K)->10672K(44544K)
[2626.719s][info ][gc,heap        ] GC(72) ParOldGen: 374925K(513024K)->377590K(513024K)
[2626.719s][info ][gc,metaspace   ] GC(72) Metaspace: 106284K(107584K)->106284K(107584K) NonClass: 90257K(90944K)->90257K(90944K) Class: 16026K(16640K)->16026K(16640K)
[2626.719s][info ][gc             ] GC(72) Pause Young (Allocation Failure) 2334M->379M(2503M) 8.732ms
[2626.719s][info ][gc,cpu         ] GC(72) User=0.03s Sys=0.00s Real=0.01s
[2626.719s][info ][safepoint      ] Safepoint "ParallelGCFailedAllocation", Time since last: 4797322527 ns, Reaching safepoint: 77500 ns, Cleanup: 4699 ns, At safepoint: 8824404 ns, Total: 8906603 ns
[2646.927s][info ][safepoint      ] Safepoint "Cleanup", Time since last: 20207676810 ns, Reaching safepoint: 8900 ns, Cleanup: 12200 ns, At safepoint: 2400 ns, Total: 23500 ns
[2670.929s][info ][safepoint      ] Safepoint "Cleanup", Time since last: 24001833664 ns, Reaching safepoint: 8300 ns, Cleanup: 13000 ns, At safepoint: 2600 ns, Total: 23900 ns
[2672.729s][info ][gc,start       ] GC(73) Pause Young (Allocation Failure)
[2672.737s][debug][gc,phases      ] GC(73) Scavenge 7.726ms
[2672.737s][debug][gc,ref         ] GC(73) Skipped SoftWeakFinalRefsPhase of Reference Processing: no references
[2672.737s][debug][gc,ref         ] GC(73) Skipped KeepAliveFinalRefsPhase of Reference Processing: no references
[2672.737s][debug][gc,ref         ] GC(73) ReferenceProcessor::execute queues: 1, RefProcThreadModel::Single, marks_oops_alive: false
[2672.737s][debug][gc,phases      ] GC(73) Reference Processing 0.102ms
[2672.737s][debug][gc,phases      ] GC(73)   VM Weak                        Min:  0.0, Avg:  0.0, Max:  0.0, Diff:  0.0, Sum:  0.0, Workers: 4
[2672.737s][debug][gc,phases      ] GC(73)     Dead                           Min: 0, Avg:  0.0, Max: 0, Diff: 0, Sum: 0, Workers: 4
[2672.737s][debug][gc,phases      ] GC(73)     Total                          Min: 0, Avg: 243.0, Max: 640, Diff: 640, Sum: 972, Workers: 4
[2672.737s][debug][gc,phases      ] GC(73)   ObjectSynchronizer Weak        Min:  0.0, Avg:  0.0, Max:  0.0, Diff:  0.0, Sum:  0.0, Workers: 4
[2672.737s][debug][gc,phases      ] GC(73)     Dead                           Min: 0, Avg:  0.0, Max: 0, Diff: 0, Sum: 0, Workers: 4
[2672.737s][debug][gc,phases      ] GC(73)     Total                          Min: 0, Avg:  1.0, Max: 4, Diff: 4, Sum: 4, Workers: 4
[2672.737s][debug][gc,phases      ] GC(73)   JVMTI Tag Weak OopStorage      Min:  0.0, Avg:  0.0, Max:  0.0, Diff:  0.0, Sum:  0.0, Workers: 4
[2672.737s][debug][gc,phases      ] GC(73)     Dead                           Min: 0, Avg:  0.0, Max: 0, Diff: 0, Sum: 0, Workers: 4
[2672.737s][debug][gc,phases      ] GC(73)     Total                          Min: 0, Avg:  0.0, Max: 0, Diff: 0, Sum: 0, Workers: 4
[2672.737s][debug][gc,phases      ] GC(73)   StringTable Weak               Min:  0.0, Avg:  0.1, Max:  0.2, Diff:  0.2, Sum:  0.5, Workers: 4
[2672.737s][debug][gc,phases      ] GC(73)     Dead                           Min: 0, Avg:  0.0, Max: 0, Diff: 0, Sum: 0, Workers: 4
[2672.737s][debug][gc,phases      ] GC(73)     Total                          Min: 0, Avg: 11562.8, Max: 15552, Diff: 15552, Sum: 46251, Workers: 4
[2672.737s][debug][gc,phases      ] GC(73)   ResolvedMethodTable Weak       Min:  0.0, Avg:  0.0, Max:  0.1, Diff:  0.1, Sum:  0.2, Workers: 4
[2672.737s][debug][gc,phases      ] GC(73)     Dead                           Min: 0, Avg:  4.0, Max: 16, Diff: 16, Sum: 16, Workers: 4
[2672.737s][debug][gc,phases      ] GC(73)     Total                          Min: 0, Avg: 3812.2, Max: 5263, Diff: 5263, Sum: 15249, Workers: 4
[2672.737s][debug][gc,phases      ] GC(73)   JNI Weak                       Min:  0.0, Avg:  0.0, Max:  0.0, Diff:  0.0, Sum:  0.0, Workers: 4
[2672.737s][debug][gc,phases      ] GC(73)     Dead                           Min: 0, Avg:  0.0, Max: 0, Diff: 0, Sum: 0, Workers: 4
[2672.737s][debug][gc,phases      ] GC(73)     Total                          Min: 0, Avg: 13.0, Max: 48, Diff: 48, Sum: 52, Workers: 4
[2672.737s][debug][gc,phases      ] GC(73)   StringDedup Table Weak         Min:  0.0, Avg:  0.0, Max:  0.0, Diff:  0.0, Sum:  0.0, Workers: 4
[2672.737s][debug][gc,phases      ] GC(73)     Dead                           Min: 0, Avg:  0.0, Max: 0, Diff: 0, Sum: 0, Workers: 4
[2672.737s][debug][gc,phases      ] GC(73)     Total                          Min: 0, Avg:  0.0, Max: 0, Diff: 0, Sum: 0, Workers: 4
[2672.737s][debug][gc,phases      ] GC(73)   StringDedup Requests0 Weak     Min:  0.0, Avg:  0.0, Max:  0.0, Diff:  0.0, Sum:  0.0, Workers: 4
[2672.737s][debug][gc,phases      ] GC(73)     Dead                           Min: 0, Avg:  0.0, Max: 0, Diff: 0, Sum: 0, Workers: 4
[2672.737s][debug][gc,phases      ] GC(73)     Total                          Min: 0, Avg:  0.0, Max: 0, Diff: 0, Sum: 0, Workers: 4
[2672.737s][debug][gc,phases      ] GC(73)   StringDedup Requests1 Weak     Min:  0.0, Avg:  0.0, Max:  0.0, Diff:  0.0, Sum:  0.0, Workers: 4
[2672.737s][debug][gc,phases      ] GC(73)     Dead                           Min: 0, Avg:  0.0, Max: 0, Diff: 0, Sum: 0, Workers: 4
[2672.737s][debug][gc,phases      ] GC(73)     Total                          Min: 0, Avg:  0.0, Max: 0, Diff: 0, Sum: 0, Workers: 4
[2672.737s][debug][gc,phases      ] GC(73)   Weak JFR Old Object Samples    Min:  0.0, Avg:  0.0, Max:  0.0, Diff:  0.0, Sum:  0.0, Workers: 4
[2672.737s][debug][gc,phases      ] GC(73)     Dead                           Min: 0, Avg:  0.0, Max: 0, Diff: 0, Sum: 0, Workers: 4
[2672.737s][debug][gc,phases      ] GC(73)     Total                          Min: 0, Avg:  0.0, Max: 0, Diff: 0, Sum: 0, Workers: 4
[2672.737s][debug][gc,phases      ] GC(73) Weak Processing 0.437ms
[2672.737s][debug][gc,age         ] GC(73) Desired survivor size 40894464 bytes, new threshold 1 (max threshold 15)
[2672.737s][info ][gc,heap        ] GC(73) PSYoungGen: 2016176K(2050048K)->9760K(2057216K) Eden: 2005504K(2005504K)->0K(2015232K) From: 10672K(44544K)->9760K(41984K)
[2672.737s][info ][gc,heap        ] GC(73) ParOldGen: 377590K(513024K)->380352K(513024K)
[2672.737s][info ][gc,metaspace   ] GC(73) Metaspace: 106291K(107584K)->106291K(107584K) NonClass: 90264K(90944K)->90264K(90944K) Class: 16026K(16640K)->16026K(16640K)
[2672.737s][info ][gc             ] GC(73) Pause Young (Allocation Failure) 2337M->380M(2510M) 8.375ms
[2672.737s][info ][gc,cpu         ] GC(73) User=0.03s Sys=0.00s Real=0.00s
[2672.737s][info ][safepoint      ] Safepoint "ParallelGCFailedAllocation", Time since last: 1800378526 ns, Reaching safepoint: 6700 ns, Cleanup: 4700 ns, At safepoint: 8446818 ns, Total: 8458218 ns
[2691.741s][info ][safepoint      ] Safepoint "Cleanup", Time since last: 19003779322 ns, Reaching safepoint: 6500 ns, Cleanup: 7400 ns, At safepoint: 2400 ns, Total: 16300 ns
[2698.742s][info ][safepoint      ] Safepoint "Cleanup", Time since last: 7000505823 ns, Reaching safepoint: 7400 ns, Cleanup: 11400 ns, At safepoint: 2500 ns, Total: 21300 ns
[2713.950s][info ][safepoint      ] Safepoint "Cleanup", Time since last: 15208135748 ns, Reaching safepoint: 8299 ns, Cleanup: 15600 ns, At safepoint: 2600 ns, Total: 26499 ns
[2716.950s][info ][safepoint      ] Safepoint "Cleanup", Time since last: 3000525526 ns, Reaching safepoint: 7600 ns, Cleanup: 14500 ns, At safepoint: 2600 ns, Total: 24700 ns
[2720.270s][info ][gc,start       ] GC(74) Pause Young (Allocation Failure)
[2720.291s][debug][gc,phases      ] GC(74) Scavenge 21.796ms
[2720.291s][debug][gc,ref         ] GC(74) Skipped SoftWeakFinalRefsPhase of Reference Processing: no references
[2720.291s][debug][gc,ref         ] GC(74) Skipped KeepAliveFinalRefsPhase of Reference Processing: no references
[2720.292s][debug][gc,ref         ] GC(74) ReferenceProcessor::execute queues: 1, RefProcThreadModel::Single, marks_oops_alive: false
[2720.292s][debug][gc,phases      ] GC(74) Reference Processing 0.115ms
[2720.293s][debug][gc,phases      ] GC(74)   VM Weak                        Min:  0.0, Avg:  0.0, Max:  0.0, Diff:  0.0, Sum:  0.0, Workers: 4
[2720.293s][debug][gc,phases      ] GC(74)     Dead                           Min: 0, Avg:  0.0, Max: 0, Diff: 0, Sum: 0, Workers: 4
[2720.293s][debug][gc,phases      ] GC(74)     Total                          Min: 0, Avg: 243.0, Max: 972, Diff: 972, Sum: 972, Workers: 4
[2720.293s][debug][gc,phases      ] GC(74)   ObjectSynchronizer Weak        Min:  0.0, Avg:  0.0, Max:  0.0, Diff:  0.0, Sum:  0.0, Workers: 4
[2720.293s][debug][gc,phases      ] GC(74)     Dead                           Min: 0, Avg:  0.0, Max: 0, Diff: 0, Sum: 0, Workers: 4
[2720.293s][debug][gc,phases      ] GC(74)     Total                          Min: 0, Avg:  0.8, Max: 3, Diff: 3, Sum: 3, Workers: 4
[2720.293s][debug][gc,phases      ] GC(74)   JVMTI Tag Weak OopStorage      Min:  0.0, Avg:  0.0, Max:  0.0, Diff:  0.0, Sum:  0.0, Workers: 4
[2720.293s][debug][gc,phases      ] GC(74)     Dead                           Min: 0, Avg:  0.0, Max: 0, Diff: 0, Sum: 0, Workers: 4
[2720.293s][debug][gc,phases      ] GC(74)     Total                          Min: 0, Avg:  0.0, Max: 0, Diff: 0, Sum: 0, Workers: 4
[2720.293s][debug][gc,phases      ] GC(74)   StringTable Weak               Min:  0.0, Avg:  0.1, Max:  0.4, Diff:  0.4, Sum:  0.4, Workers: 4
[2720.293s][debug][gc,phases      ] GC(74)     Dead                           Min: 0, Avg:  0.0, Max: 0, Diff: 0, Sum: 0, Workers: 4
[2720.293s][debug][gc,phases      ] GC(74)     Total                          Min: 0, Avg: 11563.2, Max: 46253, Diff: 46253, Sum: 46253, Workers: 4
[2720.293s][debug][gc,phases      ] GC(74)   ResolvedMethodTable Weak       Min:  0.0, Avg:  0.0, Max:  0.1, Diff:  0.1, Sum:  0.1, Workers: 4
[2720.293s][debug][gc,phases      ] GC(74)     Dead                           Min: 0, Avg:  4.0, Max: 16, Diff: 16, Sum: 16, Workers: 4
[2720.293s][debug][gc,phases      ] GC(74)     Total                          Min: 0, Avg: 3812.2, Max: 15249, Diff: 15249, Sum: 15249, Workers: 4
[2720.293s][debug][gc,phases      ] GC(74)   JNI Weak                       Min:  0.0, Avg:  0.0, Max:  0.0, Diff:  0.0, Sum:  0.0, Workers: 4
[2720.293s][debug][gc,phases      ] GC(74)     Dead                           Min: 0, Avg:  0.0, Max: 0, Diff: 0, Sum: 0, Workers: 4
[2720.293s][debug][gc,phases      ] GC(74)     Total                          Min: 0, Avg: 13.0, Max: 52, Diff: 52, Sum: 52, Workers: 4
[2720.293s][debug][gc,phases      ] GC(74)   StringDedup Table Weak         Min:  0.0, Avg:  0.0, Max:  0.0, Diff:  0.0, Sum:  0.0, Workers: 4
[2720.293s][debug][gc,phases      ] GC(74)     Dead                           Min: 0, Avg:  0.0, Max: 0, Diff: 0, Sum: 0, Workers: 4
[2720.293s][debug][gc,phases      ] GC(74)     Total                          Min: 0, Avg:  0.0, Max: 0, Diff: 0, Sum: 0, Workers: 4
[2720.293s][debug][gc,phases      ] GC(74)   StringDedup Requests0 Weak     Min:  0.0, Avg:  0.0, Max:  0.0, Diff:  0.0, Sum:  0.0, Workers: 4
[2720.293s][debug][gc,phases      ] GC(74)     Dead                           Min: 0, Avg:  0.0, Max: 0, Diff: 0, Sum: 0, Workers: 4
[2720.293s][debug][gc,phases      ] GC(74)     Total                          Min: 0, Avg:  0.0, Max: 0, Diff: 0, Sum: 0, Workers: 4
[2720.293s][debug][gc,phases      ] GC(74)   StringDedup Requests1 Weak     Min:  0.0, Avg:  0.0, Max:  0.0, Diff:  0.0, Sum:  0.0, Workers: 4
[2720.293s][debug][gc,phases      ] GC(74)     Dead                           Min: 0, Avg:  0.0, Max: 0, Diff: 0, Sum: 0, Workers: 4
[2720.293s][debug][gc,phases      ] GC(74)     Total                          Min: 0, Avg:  0.0, Max: 0, Diff: 0, Sum: 0, Workers: 4
[2720.293s][debug][gc,phases      ] GC(74)   Weak JFR Old Object Samples    Min:  0.0, Avg:  0.0, Max:  0.0, Diff:  0.0, Sum:  0.0, Workers: 4
[2720.293s][debug][gc,phases      ] GC(74)     Dead                           Min: 0, Avg:  0.0, Max: 0, Diff: 0, Sum: 0, Workers: 4
[2720.293s][debug][gc,phases      ] GC(74)     Total                          Min: 0, Avg:  0.0, Max: 0, Diff: 0, Sum: 0, Workers: 4
[2720.293s][debug][gc,phases      ] GC(74) Weak Processing 1.495ms
[2720.293s][debug][gc,age         ] GC(74) Desired survivor size 38797312 bytes, new threshold 1 (max threshold 15)
[2720.293s][info ][gc,heap        ] GC(74) PSYoungGen: 2024992K(2057216K)->9920K(2055168K) Eden: 2015232K(2015232K)->0K(2015232K) From: 9760K(41984K)->9920K(39936K)
[2720.293s][info ][gc,heap        ] GC(74) ParOldGen: 380352K(513024K)->382825K(513024K)
[2720.293s][info ][gc,metaspace   ] GC(74) Metaspace: 106301K(107648K)->106301K(107648K) NonClass: 90274K(91008K)->90274K(91008K) Class: 16026K(16640K)->16026K(16640K)
[2720.293s][info ][gc             ] GC(74) Pause Young (Allocation Failure) 2348M->383M(2508M) 23.540ms
[2720.293s][info ][gc,cpu         ] GC(74) User=0.03s Sys=0.00s Real=0.02s
[2720.293s][info ][safepoint      ] Safepoint "ParallelGCFailedAllocation", Time since last: 3318967468 ns, Reaching safepoint: 86499 ns, Cleanup: 5600 ns, At safepoint: 23657094 ns, Total: 23749193 ns
[2728.304s][info ][safepoint      ] Safepoint "Cleanup", Time since last: 8010587683 ns, Reaching safepoint: 8200 ns, Cleanup: 12399 ns, At safepoint: 24000 ns, Total: 44599 ns
[2748.306s][info ][safepoint      ] Safepoint "Cleanup", Time since last: 20001681439 ns, Reaching safepoint: 7900 ns, Cleanup: 12899 ns, At safepoint: 2500 ns, Total: 23299 ns
[2759.307s][info ][safepoint      ] Safepoint "Cleanup", Time since last: 11001609991 ns, Reaching safepoint: 81299 ns, Cleanup: 12500 ns, At safepoint: 28400 ns, Total: 122199 ns
[2767.711s][info ][gc,start       ] GC(75) Pause Young (Allocation Failure)
[2767.734s][debug][gc,phases      ] GC(75) Scavenge 23.229ms
[2767.734s][debug][gc,ref         ] GC(75) Skipped SoftWeakFinalRefsPhase of Reference Processing: no references
[2767.734s][debug][gc,ref         ] GC(75) Skipped KeepAliveFinalRefsPhase of Reference Processing: no references
[2767.734s][debug][gc,ref         ] GC(75) Skipped PhantomRefsPhase of Reference Processing: no references
[2767.734s][debug][gc,phases      ] GC(75) Reference Processing 0.033ms
[2767.734s][debug][gc,phases      ] GC(75)   VM Weak                        Min:  0.0, Avg:  0.0, Max:  0.0, Diff:  0.0, Sum:  0.0, Workers: 4
[2767.734s][debug][gc,phases      ] GC(75)     Dead                           Min: 0, Avg:  0.0, Max: 0, Diff: 0, Sum: 0, Workers: 4
[2767.734s][debug][gc,phases      ] GC(75)     Total                          Min: 0, Avg: 243.0, Max: 972, Diff: 972, Sum: 972, Workers: 4
[2767.734s][debug][gc,phases      ] GC(75)   ObjectSynchronizer Weak        Min:  0.0, Avg:  0.0, Max:  0.0, Diff:  0.0, Sum:  0.0, Workers: 4
[2767.734s][debug][gc,phases      ] GC(75)     Dead                           Min: 0, Avg:  0.0, Max: 0, Diff: 0, Sum: 0, Workers: 4
[2767.734s][debug][gc,phases      ] GC(75)     Total                          Min: 0, Avg:  0.8, Max: 3, Diff: 3, Sum: 3, Workers: 4
[2767.734s][debug][gc,phases      ] GC(75)   JVMTI Tag Weak OopStorage      Min:  0.0, Avg:  0.0, Max:  0.0, Diff:  0.0, Sum:  0.0, Workers: 4
[2767.734s][debug][gc,phases      ] GC(75)     Dead                           Min: 0, Avg:  0.0, Max: 0, Diff: 0, Sum: 0, Workers: 4
[2767.734s][debug][gc,phases      ] GC(75)     Total                          Min: 0, Avg:  0.0, Max: 0, Diff: 0, Sum: 0, Workers: 4
[2767.734s][debug][gc,phases      ] GC(75)   StringTable Weak               Min:  0.0, Avg:  0.1, Max:  0.2, Diff:  0.2, Sum:  0.5, Workers: 4
[2767.734s][debug][gc,phases      ] GC(75)     Dead                           Min: 0, Avg:  0.0, Max: 0, Diff: 0, Sum: 0, Workers: 4
[2767.734s][debug][gc,phases      ] GC(75)     Total                          Min: 0, Avg: 11563.2, Max: 25919, Diff: 25919, Sum: 46253, Workers: 4
[2767.734s][debug][gc,phases      ] GC(75)   ResolvedMethodTable Weak       Min:  0.0, Avg:  0.0, Max:  0.1, Diff:  0.1, Sum:  0.2, Workers: 4
[2767.734s][debug][gc,phases      ] GC(75)     Dead                           Min: 0, Avg:  4.0, Max: 16, Diff: 16, Sum: 16, Workers: 4
[2767.734s][debug][gc,phases      ] GC(75)     Total                          Min: 0, Avg: 3812.2, Max: 7682, Diff: 7682, Sum: 15249, Workers: 4
[2767.735s][debug][gc,phases      ] GC(75)   JNI Weak                       Min:  0.0, Avg:  0.0, Max:  0.0, Diff:  0.0, Sum:  0.0, Workers: 4
[2767.735s][debug][gc,phases      ] GC(75)     Dead                           Min: 0, Avg:  0.0, Max: 0, Diff: 0, Sum: 0, Workers: 4
[2767.735s][debug][gc,phases      ] GC(75)     Total                          Min: 0, Avg: 13.0, Max: 48, Diff: 48, Sum: 52, Workers: 4
[2767.735s][debug][gc,phases      ] GC(75)   StringDedup Table Weak         Min:  0.0, Avg:  0.0, Max:  0.0, Diff:  0.0, Sum:  0.0, Workers: 4
[2767.735s][debug][gc,phases      ] GC(75)     Dead                           Min: 0, Avg:  0.0, Max: 0, Diff: 0, Sum: 0, Workers: 4
[2767.735s][debug][gc,phases      ] GC(75)     Total                          Min: 0, Avg:  0.0, Max: 0, Diff: 0, Sum: 0, Workers: 4
[2767.735s][debug][gc,phases      ] GC(75)   StringDedup Requests0 Weak     Min:  0.0, Avg:  0.0, Max:  0.0, Diff:  0.0, Sum:  0.0, Workers: 4
[2767.735s][debug][gc,phases      ] GC(75)     Dead                           Min: 0, Avg:  0.0, Max: 0, Diff: 0, Sum: 0, Workers: 4
[2767.735s][debug][gc,phases      ] GC(75)     Total                          Min: 0, Avg:  0.0, Max: 0, Diff: 0, Sum: 0, Workers: 4
[2767.735s][debug][gc,phases      ] GC(75)   StringDedup Requests1 Weak     Min:  0.0, Avg:  0.0, Max:  0.0, Diff:  0.0, Sum:  0.0, Workers: 4
[2767.735s][debug][gc,phases      ] GC(75)     Dead                           Min: 0, Avg:  0.0, Max: 0, Diff: 0, Sum: 0, Workers: 4
[2767.735s][debug][gc,phases      ] GC(75)     Total                          Min: 0, Avg:  0.0, Max: 0, Diff: 0, Sum: 0, Workers: 4
[2767.735s][debug][gc,phases      ] GC(75)   Weak JFR Old Object Samples    Min:  0.0, Avg:  0.0, Max:  0.0, Diff:  0.0, Sum:  0.0, Workers: 4
[2767.735s][debug][gc,phases      ] GC(75)     Dead                           Min: 0, Avg:  0.0, Max: 0, Diff: 0, Sum: 0, Workers: 4
[2767.735s][debug][gc,phases      ] GC(75)     Total                          Min: 0, Avg:  0.0, Max: 0, Diff: 0, Sum: 0, Workers: 4
[2767.735s][debug][gc,phases      ] GC(75) Weak Processing 0.669ms
[2767.735s][debug][gc,age         ] GC(75) Desired survivor size 36700160 bytes, new threshold 1 (max threshold 15)
[2767.735s][info ][gc,heap        ] GC(75) PSYoungGen: 2025152K(2055168K)->9376K(2061312K) Eden: 2015232K(2015232K)->0K(2023424K) From: 9920K(39936K)->9376K(37888K)
[2767.735s][info ][gc,heap        ] GC(75) ParOldGen: 382825K(513024K)->384954K(513024K)
[2767.735s][info ][gc,metaspace   ] GC(75) Metaspace: 106302K(107648K)->106302K(107648K) NonClass: 90275K(91008K)->90275K(91008K) Class: 16026K(16640K)->16026K(16640K)
[2767.735s][info ][gc             ] GC(75) Pause Young (Allocation Failure) 2351M->385M(2514M) 24.114ms
[2767.735s][info ][gc,cpu         ] GC(75) User=0.03s Sys=0.00s Real=0.02s
[2767.735s][info ][safepoint      ] Safepoint "ParallelGCFailedAllocation", Time since last: 8403195102 ns, Reaching safepoint: 82400 ns, Cleanup: 5800 ns, At safepoint: 24209201 ns, Total: 24297401 ns
[2772.735s][info ][safepoint      ] Safepoint "Cleanup", Time since last: 5000360126 ns, Reaching safepoint: 9000 ns, Cleanup: 21500 ns, At safepoint: 2800 ns, Total: 33300 ns
[2811.738s][info ][safepoint      ] Safepoint "Cleanup", Time since last: 39003067745 ns, Reaching safepoint: 7099 ns, Cleanup: 13900 ns, At safepoint: 2900 ns, Total: 23899 ns
[2817.645s][info ][gc,start       ] GC(76) Pause Young (Allocation Failure)
[2817.655s][debug][gc,phases      ] GC(76) Scavenge 9.859ms
[2817.655s][debug][gc,ref         ] GC(76) Skipped SoftWeakFinalRefsPhase of Reference Processing: no references
[2817.655s][debug][gc,ref         ] GC(76) Skipped KeepAliveFinalRefsPhase of Reference Processing: no references
[2817.655s][debug][gc,ref         ] GC(76) Skipped PhantomRefsPhase of Reference Processing: no references
[2817.655s][debug][gc,phases      ] GC(76) Reference Processing 0.022ms
[2817.655s][debug][gc,phases      ] GC(76)   VM Weak                        Min:  0.0, Avg:  0.0, Max:  0.0, Diff:  0.0, Sum:  0.0, Workers: 4
[2817.655s][debug][gc,phases      ] GC(76)     Dead                           Min: 0, Avg:  0.0, Max: 0, Diff: 0, Sum: 0, Workers: 4
[2817.655s][debug][gc,phases      ] GC(76)     Total                          Min: 0, Avg: 243.0, Max: 896, Diff: 896, Sum: 972, Workers: 4
[2817.655s][debug][gc,phases      ] GC(76)   ObjectSynchronizer Weak        Min:  0.0, Avg:  0.0, Max:  0.0, Diff:  0.0, Sum:  0.0, Workers: 4
[2817.655s][debug][gc,phases      ] GC(76)     Dead                           Min: 0, Avg:  0.0, Max: 0, Diff: 0, Sum: 0, Workers: 4
[2817.655s][debug][gc,phases      ] GC(76)     Total                          Min: 0, Avg:  1.0, Max: 4, Diff: 4, Sum: 4, Workers: 4
[2817.655s][debug][gc,phases      ] GC(76)   JVMTI Tag Weak OopStorage      Min:  0.0, Avg:  0.0, Max:  0.0, Diff:  0.0, Sum:  0.0, Workers: 4
[2817.655s][debug][gc,phases      ] GC(76)     Dead                           Min: 0, Avg:  0.0, Max: 0, Diff: 0, Sum: 0, Workers: 4
[2817.655s][debug][gc,phases      ] GC(76)     Total                          Min: 0, Avg:  0.0, Max: 0, Diff: 0, Sum: 0, Workers: 4
[2817.655s][debug][gc,phases      ] GC(76)   StringTable Weak               Min:  0.0, Avg:  0.1, Max:  0.2, Diff:  0.2, Sum:  0.5, Workers: 4
[2817.655s][debug][gc,phases      ] GC(76)     Dead                           Min: 0, Avg:  0.0, Max: 0, Diff: 0, Sum: 0, Workers: 4
[2817.655s][debug][gc,phases      ] GC(76)     Total                          Min: 0, Avg: 11563.5, Max: 17344, Diff: 17344, Sum: 46254, Workers: 4
[2817.655s][debug][gc,phases      ] GC(76)   ResolvedMethodTable Weak       Min:  0.0, Avg:  0.0, Max:  0.1, Diff:  0.1, Sum:  0.2, Workers: 4
[2817.655s][debug][gc,phases      ] GC(76)     Dead                           Min: 0, Avg:  4.0, Max: 16, Diff: 16, Sum: 16, Workers: 4
[2817.655s][debug][gc,phases      ] GC(76)     Total                          Min: 0, Avg: 3812.2, Max: 6779, Diff: 6779, Sum: 15249, Workers: 4
[2817.655s][debug][gc,phases      ] GC(76)   JNI Weak                       Min:  0.0, Avg:  0.0, Max:  0.0, Diff:  0.0, Sum:  0.0, Workers: 4
[2817.655s][debug][gc,phases      ] GC(76)     Dead                           Min: 0, Avg:  0.0, Max: 0, Diff: 0, Sum: 0, Workers: 4
[2817.655s][debug][gc,phases      ] GC(76)     Total                          Min: 0, Avg: 13.0, Max: 48, Diff: 48, Sum: 52, Workers: 4
[2817.655s][debug][gc,phases      ] GC(76)   StringDedup Table Weak         Min:  0.0, Avg:  0.0, Max:  0.0, Diff:  0.0, Sum:  0.0, Workers: 4
[2817.655s][debug][gc,phases      ] GC(76)     Dead                           Min: 0, Avg:  0.0, Max: 0, Diff: 0, Sum: 0, Workers: 4
[2817.655s][debug][gc,phases      ] GC(76)     Total                          Min: 0, Avg:  0.0, Max: 0, Diff: 0, Sum: 0, Workers: 4
[2817.655s][debug][gc,phases      ] GC(76)   StringDedup Requests0 Weak     Min:  0.0, Avg:  0.0, Max:  0.0, Diff:  0.0, Sum:  0.0, Workers: 4
[2817.655s][debug][gc,phases      ] GC(76)     Dead                           Min: 0, Avg:  0.0, Max: 0, Diff: 0, Sum: 0, Workers: 4
[2817.655s][debug][gc,phases      ] GC(76)     Total                          Min: 0, Avg:  0.0, Max: 0, Diff: 0, Sum: 0, Workers: 4
[2817.655s][debug][gc,phases      ] GC(76)   StringDedup Requests1 Weak     Min:  0.0, Avg:  0.0, Max:  0.0, Diff:  0.0, Sum:  0.0, Workers: 4
[2817.656s][debug][gc,phases      ] GC(76)     Dead                           Min: 0, Avg:  0.0, Max: 0, Diff: 0, Sum: 0, Workers: 4
[2817.656s][debug][gc,phases      ] GC(76)     Total                          Min: 0, Avg:  0.0, Max: 0, Diff: 0, Sum: 0, Workers: 4
[2817.656s][debug][gc,phases      ] GC(76)   Weak JFR Old Object Samples    Min:  0.0, Avg:  0.0, Max:  0.0, Diff:  0.0, Sum:  0.0, Workers: 4
[2817.656s][debug][gc,phases      ] GC(76)     Dead                           Min: 0, Avg:  0.0, Max: 0, Diff: 0, Sum: 0, Workers: 4
[2817.656s][debug][gc,phases      ] GC(76)     Total                          Min: 0, Avg:  0.0, Max: 0, Diff: 0, Sum: 0, Workers: 4
[2817.656s][debug][gc,phases      ] GC(76) Weak Processing 0.577ms
[2817.656s][debug][gc,age         ] GC(76) Desired survivor size 35127296 bytes, new threshold 1 (max threshold 15)
[2817.656s][info ][gc,heap        ] GC(76) PSYoungGen: 2032800K(2061312K)->8400K(2059264K) Eden: 2023424K(2023424K)->0K(2023424K) From: 9376K(37888K)->8400K(35840K)
[2817.656s][info ][gc,heap        ] GC(76) ParOldGen: 384954K(513024K)->386767K(513024K)
[2817.656s][info ][gc,metaspace   ] GC(76) Metaspace: 106315K(107648K)->106315K(107648K) NonClass: 90288K(91008K)->90288K(91008K) Class: 16026K(16640K)->16026K(16640K)
[2817.656s][info ][gc             ] GC(76) Pause Young (Allocation Failure) 2361M->385M(2512M) 10.642ms
[2817.656s][info ][gc,cpu         ] GC(76) User=0.02s Sys=0.01s Real=0.01s
[2817.656s][info ][safepoint      ] Safepoint "ParallelGCFailedAllocation", Time since last: 5906676006 ns, Reaching safepoint: 8600 ns, Cleanup: 6200 ns, At safepoint: 10754723 ns, Total: 10769523 ns
[2826.021s][info ][safepoint      ] Safepoint "Cleanup", Time since last: 8365429951 ns, Reaching safepoint: 8400 ns, Cleanup: 12200 ns, At safepoint: 2600 ns, Total: 23200 ns
[2827.021s][info ][safepoint      ] Safepoint "Cleanup", Time since last: 1000120087 ns, Reaching safepoint: 8300 ns, Cleanup: 16500 ns, At safepoint: 3000 ns, Total: 27800 ns
[2830.022s][info ][safepoint      ] Safepoint "Cleanup", Time since last: 3000289780 ns, Reaching safepoint: 7000 ns, Cleanup: 13100 ns, At safepoint: 2700 ns, Total: 22800 ns
[2832.022s][info ][safepoint      ] Safepoint "Cleanup", Time since last: 2000314905 ns, Reaching safepoint: 6699 ns, Cleanup: 12200 ns, At safepoint: 2200 ns, Total: 21099 ns
[2844.023s][info ][safepoint      ] Safepoint "Cleanup", Time since last: 12000964178 ns, Reaching safepoint: 7600 ns, Cleanup: 13500 ns, At safepoint: 2300 ns, Total: 23400 ns
[2860.024s][info ][safepoint      ] Safepoint "Cleanup", Time since last: 16001277302 ns, Reaching safepoint: 6800 ns, Cleanup: 11500 ns, At safepoint: 2600 ns, Total: 20900 ns
[2861.024s][info ][safepoint      ] Safepoint "Cleanup", Time since last: 1000121272 ns, Reaching safepoint: 7600 ns, Cleanup: 19699 ns, At safepoint: 2000 ns, Total: 29299 ns
[2864.113s][info ][gc,start       ] GC(77) Pause Young (Allocation Failure)
[2864.122s][debug][gc,phases      ] GC(77) Scavenge 8.963ms
[2864.122s][debug][gc,ref         ] GC(77) Skipped SoftWeakFinalRefsPhase of Reference Processing: no references
[2864.122s][debug][gc,ref         ] GC(77) Skipped KeepAliveFinalRefsPhase of Reference Processing: no references
[2864.122s][debug][gc,ref         ] GC(77) ReferenceProcessor::execute queues: 1, RefProcThreadModel::Single, marks_oops_alive: false
[2864.122s][debug][gc,phases      ] GC(77) Reference Processing 0.116ms
[2864.122s][debug][gc,phases      ] GC(77)   VM Weak                        Min:  0.0, Avg:  0.0, Max:  0.0, Diff:  0.0, Sum:  0.0, Workers: 4
[2864.122s][debug][gc,phases      ] GC(77)     Dead                           Min: 0, Avg:  0.0, Max: 0, Diff: 0, Sum: 0, Workers: 4
[2864.122s][debug][gc,phases      ] GC(77)     Total                          Min: 0, Avg: 243.0, Max: 780, Diff: 780, Sum: 972, Workers: 4
[2864.122s][debug][gc,phases      ] GC(77)   ObjectSynchronizer Weak        Min:  0.0, Avg:  0.0, Max:  0.0, Diff:  0.0, Sum:  0.0, Workers: 4
[2864.122s][debug][gc,phases      ] GC(77)     Dead                           Min: 0, Avg:  0.0, Max: 0, Diff: 0, Sum: 0, Workers: 4
[2864.122s][debug][gc,phases      ] GC(77)     Total                          Min: 0, Avg:  1.0, Max: 4, Diff: 4, Sum: 4, Workers: 4
[2864.122s][debug][gc,phases      ] GC(77)   JVMTI Tag Weak OopStorage      Min:  0.0, Avg:  0.0, Max:  0.0, Diff:  0.0, Sum:  0.0, Workers: 4
[2864.122s][debug][gc,phases      ] GC(77)     Dead                           Min: 0, Avg:  0.0, Max: 0, Diff: 0, Sum: 0, Workers: 4
[2864.122s][debug][gc,phases      ] GC(77)     Total                          Min: 0, Avg:  0.0, Max: 0, Diff: 0, Sum: 0, Workers: 4
[2864.122s][debug][gc,phases      ] GC(77)   StringTable Weak               Min:  0.1, Avg:  0.1, Max:  0.1, Diff:  0.0, Sum:  0.5, Workers: 4
[2864.122s][debug][gc,phases      ] GC(77)     Dead                           Min: 0, Avg:  0.0, Max: 0, Diff: 0, Sum: 0, Workers: 4
[2864.122s][debug][gc,phases      ] GC(77)     Total                          Min: 10816, Avg: 11563.5, Max: 12479, Diff: 1663, Sum: 46254, Workers: 4
[2864.122s][debug][gc,phases      ] GC(77)   ResolvedMethodTable Weak       Min:  0.0, Avg:  0.0, Max:  0.0, Diff:  0.0, Sum:  0.2, Workers: 4
[2864.122s][debug][gc,phases      ] GC(77)     Dead                           Min: 0, Avg:  4.0, Max: 16, Diff: 16, Sum: 16, Workers: 4
[2864.122s][debug][gc,phases      ] GC(77)     Total                          Min: 3528, Avg: 3812.2, Max: 4041, Diff: 513, Sum: 15249, Workers: 4
[2864.122s][debug][gc,phases      ] GC(77)   JNI Weak                       Min:  0.0, Avg:  0.0, Max:  0.0, Diff:  0.0, Sum:  0.0, Workers: 4
[2864.122s][debug][gc,phases      ] GC(77)     Dead                           Min: 0, Avg:  0.0, Max: 0, Diff: 0, Sum: 0, Workers: 4
[2864.122s][debug][gc,phases      ] GC(77)     Total                          Min: 0, Avg: 13.0, Max: 48, Diff: 48, Sum: 52, Workers: 4
[2864.122s][debug][gc,phases      ] GC(77)   StringDedup Table Weak         Min:  0.0, Avg:  0.0, Max:  0.0, Diff:  0.0, Sum:  0.0, Workers: 4
[2864.122s][debug][gc,phases      ] GC(77)     Dead                           Min: 0, Avg:  0.0, Max: 0, Diff: 0, Sum: 0, Workers: 4
[2864.122s][debug][gc,phases      ] GC(77)     Total                          Min: 0, Avg:  0.0, Max: 0, Diff: 0, Sum: 0, Workers: 4
[2864.122s][debug][gc,phases      ] GC(77)   StringDedup Requests0 Weak     Min:  0.0, Avg:  0.0, Max:  0.0, Diff:  0.0, Sum:  0.0, Workers: 4
[2864.122s][debug][gc,phases      ] GC(77)     Dead                           Min: 0, Avg:  0.0, Max: 0, Diff: 0, Sum: 0, Workers: 4
[2864.122s][debug][gc,phases      ] GC(77)     Total                          Min: 0, Avg:  0.0, Max: 0, Diff: 0, Sum: 0, Workers: 4
[2864.122s][debug][gc,phases      ] GC(77)   StringDedup Requests1 Weak     Min:  0.0, Avg:  0.0, Max:  0.0, Diff:  0.0, Sum:  0.0, Workers: 4
[2864.122s][debug][gc,phases      ] GC(77)     Dead                           Min: 0, Avg:  0.0, Max: 0, Diff: 0, Sum: 0, Workers: 4
[2864.122s][debug][gc,phases      ] GC(77)     Total                          Min: 0, Avg:  0.0, Max: 0, Diff: 0, Sum: 0, Workers: 4
[2864.122s][debug][gc,phases      ] GC(77)   Weak JFR Old Object Samples    Min:  0.0, Avg:  0.0, Max:  0.0, Diff:  0.0, Sum:  0.0, Workers: 4
[2864.122s][debug][gc,phases      ] GC(77)     Dead                           Min: 0, Avg:  0.0, Max: 0, Diff: 0, Sum: 0, Workers: 4
[2864.122s][debug][gc,phases      ] GC(77)     Total                          Min: 0, Avg:  0.0, Max: 0, Diff: 0, Sum: 0, Workers: 4
[2864.122s][debug][gc,phases      ] GC(77) Weak Processing 0.382ms
[2864.122s][debug][gc,age         ] GC(77) Desired survivor size 33030144 bytes, new threshold 1 (max threshold 15)
[2864.122s][info ][gc,heap        ] GC(77) PSYoungGen: 2031824K(2059264K)->9840K(2064896K) Eden: 2023424K(2023424K)->0K(2030592K) From: 8400K(35840K)->9840K(34304K)
[2864.122s][info ][gc,heap        ] GC(77) ParOldGen: 386767K(513024K)->387975K(513024K)
[2864.122s][info ][gc,metaspace   ] GC(77) Metaspace: 106319K(107648K)->106319K(107648K) NonClass: 90292K(91008K)->90292K(91008K) Class: 16026K(16640K)->16026K(16640K)
[2864.122s][info ][gc             ] GC(77) Pause Young (Allocation Failure) 2361M->388M(2517M) 9.581ms
[2864.122s][info ][gc,cpu         ] GC(77) User=0.04s Sys=0.00s Real=0.01s
[2864.122s][info ][safepoint      ] Safepoint "ParallelGCFailedAllocation", Time since last: 3088143240 ns, Reaching safepoint: 77800 ns, Cleanup: 4200 ns, At safepoint: 9652547 ns, Total: 9734547 ns
[2866.122s][info ][safepoint      ] Safepoint "Cleanup", Time since last: 2000158345 ns, Reaching safepoint: 6300 ns, Cleanup: 10800 ns, At safepoint: 1700 ns, Total: 18800 ns
[2882.040s][info ][safepoint      ] Safepoint "Cleanup", Time since last: 15917627856 ns, Reaching safepoint: 7500 ns, Cleanup: 13600 ns, At safepoint: 2800 ns, Total: 23900 ns
[2883.040s][info ][safepoint      ] Safepoint "Cleanup", Time since last: 1000125257 ns, Reaching safepoint: 7700 ns, Cleanup: 14500 ns, At safepoint: 2300 ns, Total: 24500 ns
[2885.040s][info ][safepoint      ] Safepoint "Cleanup", Time since last: 2000191269 ns, Reaching safepoint: 7800 ns, Cleanup: 13200 ns, At safepoint: 2500 ns, Total: 23500 ns
[2894.041s][info ][safepoint      ] Safepoint "Cleanup", Time since last: 9000745836 ns, Reaching safepoint: 7700 ns, Cleanup: 12700 ns, At safepoint: 2300 ns, Total: 22700 ns
[2895.041s][info ][safepoint      ] Safepoint "Cleanup", Time since last: 1000128439 ns, Reaching safepoint: 6900 ns, Cleanup: 11200 ns, At safepoint: 2300 ns, Total: 20400 ns
[2906.042s][info ][safepoint      ] Safepoint "Cleanup", Time since last: 11000849989 ns, Reaching safepoint: 7999 ns, Cleanup: 18700 ns, At safepoint: 2400 ns, Total: 29099 ns
[2907.042s][info ][safepoint      ] Safepoint "Cleanup", Time since last: 1000127545 ns, Reaching safepoint: 7800 ns, Cleanup: 13800 ns, At safepoint: 2400 ns, Total: 24000 ns
[2910.560s][info ][gc,start       ] GC(78) Pause Young (Allocation Failure)
[2910.569s][debug][gc,phases      ] GC(78) Scavenge 8.632ms
[2910.569s][debug][gc,ref         ] GC(78) Skipped SoftWeakFinalRefsPhase of Reference Processing: no references
[2910.569s][debug][gc,ref         ] GC(78) Skipped KeepAliveFinalRefsPhase of Reference Processing: no references
[2910.569s][debug][gc,ref         ] GC(78) Skipped PhantomRefsPhase of Reference Processing: no references
[2910.569s][debug][gc,phases      ] GC(78) Reference Processing 0.022ms
[2910.569s][debug][gc,phases      ] GC(78)   VM Weak                        Min:  0.0, Avg:  0.0, Max:  0.0, Diff:  0.0, Sum:  0.0, Workers: 4
[2910.569s][debug][gc,phases      ] GC(78)     Dead                           Min: 0, Avg:  0.0, Max: 0, Diff: 0, Sum: 0, Workers: 4
[2910.569s][debug][gc,phases      ] GC(78)     Total                          Min: 0, Avg: 243.0, Max: 652, Diff: 652, Sum: 972, Workers: 4
[2910.569s][debug][gc,phases      ] GC(78)   ObjectSynchronizer Weak        Min:  0.0, Avg:  0.0, Max:  0.0, Diff:  0.0, Sum:  0.0, Workers: 4
[2910.569s][debug][gc,phases      ] GC(78)     Dead                           Min: 0, Avg:  0.0, Max: 0, Diff: 0, Sum: 0, Workers: 4
[2910.569s][debug][gc,phases      ] GC(78)     Total                          Min: 0, Avg:  1.0, Max: 4, Diff: 4, Sum: 4, Workers: 4
[2910.569s][debug][gc,phases      ] GC(78)   JVMTI Tag Weak OopStorage      Min:  0.0, Avg:  0.0, Max:  0.0, Diff:  0.0, Sum:  0.0, Workers: 4
[2910.569s][debug][gc,phases      ] GC(78)     Dead                           Min: 0, Avg:  0.0, Max: 0, Diff: 0, Sum: 0, Workers: 4
[2910.569s][debug][gc,phases      ] GC(78)     Total                          Min: 0, Avg:  0.0, Max: 0, Diff: 0, Sum: 0, Workers: 4
[2910.569s][debug][gc,phases      ] GC(78)   StringTable Weak               Min:  0.0, Avg:  0.1, Max:  0.1, Diff:  0.1, Sum:  0.4, Workers: 4
[2910.569s][debug][gc,phases      ] GC(78)     Dead                           Min: 0, Avg:  0.0, Max: 0, Diff: 0, Sum: 0, Workers: 4
[2910.569s][debug][gc,phases      ] GC(78)     Total                          Min: 0, Avg: 11563.8, Max: 20479, Diff: 20479, Sum: 46255, Workers: 4
[2910.569s][debug][gc,phases      ] GC(78)   ResolvedMethodTable Weak       Min:  0.0, Avg:  0.0, Max:  0.1, Diff:  0.1, Sum:  0.2, Workers: 4
[2910.569s][debug][gc,phases      ] GC(78)     Dead                           Min: 0, Avg:  4.0, Max: 16, Diff: 16, Sum: 16, Workers: 4
[2910.569s][debug][gc,phases      ] GC(78)     Total                          Min: 0, Avg: 3812.2, Max: 6328, Diff: 6328, Sum: 15249, Workers: 4
[2910.569s][debug][gc,phases      ] GC(78)   JNI Weak                       Min:  0.0, Avg:  0.0, Max:  0.0, Diff:  0.0, Sum:  0.0, Workers: 4
[2910.569s][debug][gc,phases      ] GC(78)     Dead                           Min: 0, Avg:  0.0, Max: 0, Diff: 0, Sum: 0, Workers: 4
[2910.569s][debug][gc,phases      ] GC(78)     Total                          Min: 0, Avg: 13.0, Max: 48, Diff: 48, Sum: 52, Workers: 4
[2910.569s][debug][gc,phases      ] GC(78)   StringDedup Table Weak         Min:  0.0, Avg:  0.0, Max:  0.0, Diff:  0.0, Sum:  0.0, Workers: 4
[2910.569s][debug][gc,phases      ] GC(78)     Dead                           Min: 0, Avg:  0.0, Max: 0, Diff: 0, Sum: 0, Workers: 4
[2910.569s][debug][gc,phases      ] GC(78)     Total                          Min: 0, Avg:  0.0, Max: 0, Diff: 0, Sum: 0, Workers: 4
[2910.569s][debug][gc,phases      ] GC(78)   StringDedup Requests0 Weak     Min:  0.0, Avg:  0.0, Max:  0.0, Diff:  0.0, Sum:  0.0, Workers: 4
[2910.569s][debug][gc,phases      ] GC(78)     Dead                           Min: 0, Avg:  0.0, Max: 0, Diff: 0, Sum: 0, Workers: 4
[2910.569s][debug][gc,phases      ] GC(78)     Total                          Min: 0, Avg:  0.0, Max: 0, Diff: 0, Sum: 0, Workers: 4
[2910.569s][debug][gc,phases      ] GC(78)   StringDedup Requests1 Weak     Min:  0.0, Avg:  0.0, Max:  0.0, Diff:  0.0, Sum:  0.0, Workers: 4
[2910.569s][debug][gc,phases      ] GC(78)     Dead                           Min: 0, Avg:  0.0, Max: 0, Diff: 0, Sum: 0, Workers: 4
[2910.569s][debug][gc,phases      ] GC(78)     Total                          Min: 0, Avg:  0.0, Max: 0, Diff: 0, Sum: 0, Workers: 4
[2910.569s][debug][gc,phases      ] GC(78)   Weak JFR Old Object Samples    Min:  0.0, Avg:  0.0, Max:  0.0, Diff:  0.0, Sum:  0.0, Workers: 4
[2910.569s][debug][gc,phases      ] GC(78)     Dead                           Min: 0, Avg:  0.0, Max: 0, Diff: 0, Sum: 0, Workers: 4
[2910.569s][debug][gc,phases      ] GC(78)     Total                          Min: 0, Avg:  0.0, Max: 0, Diff: 0, Sum: 0, Workers: 4
[2910.569s][debug][gc,phases      ] GC(78) Weak Processing 0.411ms
[2910.569s][debug][gc,age         ] GC(78) Desired survivor size 31457280 bytes, new threshold 1 (max threshold 15)
[2910.570s][info ][gc,heap        ] GC(78) PSYoungGen: 2040432K(2064896K)->10608K(2062848K) Eden: 2030592K(2030592K)->0K(2030592K) From: 9840K(34304K)->10608K(32256K)
[2910.570s][info ][gc,heap        ] GC(78) ParOldGen: 387975K(513024K)->389804K(513024K)
[2910.570s][info ][gc,metaspace   ] GC(78) Metaspace: 106320K(107648K)->106320K(107648K) NonClass: 90293K(91008K)->90293K(91008K) Class: 16026K(16640K)->16026K(16640K)
[2910.570s][info ][gc             ] GC(78) Pause Young (Allocation Failure) 2371M->391M(2515M) 9.194ms
[2910.570s][info ][gc,cpu         ] GC(78) User=0.03s Sys=0.00s Real=0.01s
[2910.570s][info ][safepoint      ] Safepoint "ParallelGCFailedAllocation", Time since last: 3517833655 ns, Reaching safepoint: 85900 ns, Cleanup: 6700 ns, At safepoint: 9274538 ns, Total: 9367138 ns
[2915.570s][info ][safepoint      ] Safepoint "Cleanup", Time since last: 5000377140 ns, Reaching safepoint: 6100 ns, Cleanup: 9500 ns, At safepoint: 1900 ns, Total: 17500 ns
[2931.571s][info ][safepoint      ] Safepoint "Cleanup", Time since last: 16001190333 ns, Reaching safepoint: 6100 ns, Cleanup: 10300 ns, At safepoint: 2400 ns, Total: 18800 ns
[2954.059s][info ][safepoint      ] Safepoint "Cleanup", Time since last: 22487665305 ns, Reaching safepoint: 81499 ns, Cleanup: 10700 ns, At safepoint: 4900 ns, Total: 97099 ns
[2955.059s][info ][safepoint      ] Safepoint "Cleanup", Time since last: 1000130601 ns, Reaching safepoint: 88499 ns, Cleanup: 12300 ns, At safepoint: 9100 ns, Total: 109899 ns
[2959.409s][info ][gc,start       ] GC(79) Pause Young (Allocation Failure)
[2959.417s][debug][gc,phases      ] GC(79) Scavenge 7.682ms
[2959.417s][debug][gc,ref         ] GC(79) Skipped SoftWeakFinalRefsPhase of Reference Processing: no references
[2959.417s][debug][gc,ref         ] GC(79) Skipped KeepAliveFinalRefsPhase of Reference Processing: no references
[2959.417s][debug][gc,ref         ] GC(79) Skipped PhantomRefsPhase of Reference Processing: no references
[2959.417s][debug][gc,phases      ] GC(79) Reference Processing 0.018ms
[2959.417s][debug][gc,phases      ] GC(79)   VM Weak                        Min:  0.0, Avg:  0.0, Max:  0.0, Diff:  0.0, Sum:  0.0, Workers: 4
[2959.417s][debug][gc,phases      ] GC(79)     Dead                           Min: 0, Avg:  0.0, Max: 0, Diff: 0, Sum: 0, Workers: 4
[2959.417s][debug][gc,phases      ] GC(79)     Total                          Min: 0, Avg: 243.0, Max: 640, Diff: 640, Sum: 972, Workers: 4
[2959.417s][debug][gc,phases      ] GC(79)   ObjectSynchronizer Weak        Min:  0.0, Avg:  0.0, Max:  0.0, Diff:  0.0, Sum:  0.0, Workers: 4
[2959.417s][debug][gc,phases      ] GC(79)     Dead                           Min: 0, Avg:  0.0, Max: 0, Diff: 0, Sum: 0, Workers: 4
[2959.417s][debug][gc,phases      ] GC(79)     Total                          Min: 0, Avg:  0.8, Max: 3, Diff: 3, Sum: 3, Workers: 4
[2959.417s][debug][gc,phases      ] GC(79)   JVMTI Tag Weak OopStorage      Min:  0.0, Avg:  0.0, Max:  0.0, Diff:  0.0, Sum:  0.0, Workers: 4
[2959.417s][debug][gc,phases      ] GC(79)     Dead                           Min: 0, Avg:  0.0, Max: 0, Diff: 0, Sum: 0, Workers: 4
[2959.417s][debug][gc,phases      ] GC(79)     Total                          Min: 0, Avg:  0.0, Max: 0, Diff: 0, Sum: 0, Workers: 4
[2959.417s][debug][gc,phases      ] GC(79)   StringTable Weak               Min:  0.1, Avg:  0.1, Max:  0.1, Diff:  0.0, Sum:  0.5, Workers: 4
[2959.417s][debug][gc,phases      ] GC(79)     Dead                           Min: 0, Avg:  0.0, Max: 0, Diff: 0, Sum: 0, Workers: 4
[2959.417s][debug][gc,phases      ] GC(79)     Total                          Min: 11136, Avg: 11563.8, Max: 12160, Diff: 1024, Sum: 46255, Workers: 4
[2959.417s][debug][gc,phases      ] GC(79)   ResolvedMethodTable Weak       Min:  0.0, Avg:  0.0, Max:  0.0, Diff:  0.0, Sum:  0.2, Workers: 4
[2959.417s][debug][gc,phases      ] GC(79)     Dead                           Min: 0, Avg:  4.0, Max: 16, Diff: 16, Sum: 16, Workers: 4
[2959.417s][debug][gc,phases      ] GC(79)     Total                          Min: 3690, Avg: 3812.2, Max: 3974, Diff: 284, Sum: 15249, Workers: 4
[2959.417s][debug][gc,phases      ] GC(79)   JNI Weak                       Min:  0.0, Avg:  0.0, Max:  0.0, Diff:  0.0, Sum:  0.0, Workers: 4
[2959.417s][debug][gc,phases      ] GC(79)     Dead                           Min: 0, Avg:  0.0, Max: 0, Diff: 0, Sum: 0, Workers: 4
[2959.417s][debug][gc,phases      ] GC(79)     Total                          Min: 0, Avg: 13.0, Max: 48, Diff: 48, Sum: 52, Workers: 4
[2959.417s][debug][gc,phases      ] GC(79)   StringDedup Table Weak         Min:  0.0, Avg:  0.0, Max:  0.0, Diff:  0.0, Sum:  0.0, Workers: 4
[2959.417s][debug][gc,phases      ] GC(79)     Dead                           Min: 0, Avg:  0.0, Max: 0, Diff: 0, Sum: 0, Workers: 4
[2959.417s][debug][gc,phases      ] GC(79)     Total                          Min: 0, Avg:  0.0, Max: 0, Diff: 0, Sum: 0, Workers: 4
[2959.417s][debug][gc,phases      ] GC(79)   StringDedup Requests0 Weak     Min:  0.0, Avg:  0.0, Max:  0.0, Diff:  0.0, Sum:  0.0, Workers: 4
[2959.417s][debug][gc,phases      ] GC(79)     Dead                           Min: 0, Avg:  0.0, Max: 0, Diff: 0, Sum: 0, Workers: 4
[2959.417s][debug][gc,phases      ] GC(79)     Total                          Min: 0, Avg:  0.0, Max: 0, Diff: 0, Sum: 0, Workers: 4
[2959.417s][debug][gc,phases      ] GC(79)   StringDedup Requests1 Weak     Min:  0.0, Avg:  0.0, Max:  0.0, Diff:  0.0, Sum:  0.0, Workers: 4
[2959.417s][debug][gc,phases      ] GC(79)     Dead                           Min: 0, Avg:  0.0, Max: 0, Diff: 0, Sum: 0, Workers: 4
[2959.417s][debug][gc,phases      ] GC(79)     Total                          Min: 0, Avg:  0.0, Max: 0, Diff: 0, Sum: 0, Workers: 4
[2959.417s][debug][gc,phases      ] GC(79)   Weak JFR Old Object Samples    Min:  0.0, Avg:  0.0, Max:  0.0, Diff:  0.0, Sum:  0.0, Workers: 4
[2959.417s][debug][gc,phases      ] GC(79)     Dead                           Min: 0, Avg:  0.0, Max: 0, Diff: 0, Sum: 0, Workers: 4
[2959.417s][debug][gc,phases      ] GC(79)     Total                          Min: 0, Avg:  0.0, Max: 0, Diff: 0, Sum: 0, Workers: 4
[2959.417s][debug][gc,phases      ] GC(79) Weak Processing 0.343ms
[2959.417s][debug][gc,age         ] GC(79) Desired survivor size 29884416 bytes, new threshold 1 (max threshold 15)
[2959.417s][info ][gc,heap        ] GC(79) PSYoungGen: 2041200K(2062848K)->10000K(2067968K) Eden: 2030592K(2030592K)->0K(2037248K) From: 10608K(32256K)->10000K(30720K)
[2959.417s][info ][gc,heap        ] GC(79) ParOldGen: 389804K(513024K)->391669K(513024K)
[2959.417s][info ][gc,metaspace   ] GC(79) Metaspace: 106325K(107648K)->106325K(107648K) NonClass: 90298K(91008K)->90298K(91008K) Class: 16026K(16640K)->16026K(16640K)
[2959.417s][info ][gc             ] GC(79) Pause Young (Allocation Failure) 2374M->392M(2520M) 8.185ms
[2959.417s][info ][gc,cpu         ] GC(79) User=0.03s Sys=0.00s Real=0.00s
[2959.417s][info ][safepoint      ] Safepoint "ParallelGCFailedAllocation", Time since last: 4350002797 ns, Reaching safepoint: 8300 ns, Cleanup: 5800 ns, At safepoint: 8255846 ns, Total: 8269946 ns
[2991.420s][info ][safepoint      ] Safepoint "Cleanup", Time since last: 32002336713 ns, Reaching safepoint: 80200 ns, Cleanup: 13200 ns, At safepoint: 7500 ns, Total: 100900 ns
[2993.420s][info ][safepoint      ] Safepoint "Cleanup", Time since last: 2000215971 ns, Reaching safepoint: 6100 ns, Cleanup: 11000 ns, At safepoint: 2100 ns, Total: 19200 ns
[2996.420s][info ][safepoint      ] Safepoint "Cleanup", Time since last: 3000258321 ns, Reaching safepoint: 7300 ns, Cleanup: 13000 ns, At safepoint: 2000 ns, Total: 22300 ns
[3001.075s][info ][safepoint      ] Safepoint "Cleanup", Time since last: 4655019194 ns, Reaching safepoint: 4800 ns, Cleanup: 10500 ns, At safepoint: 2900 ns, Total: 18200 ns
[3007.410s][info ][gc,start       ] GC(80) Pause Young (Allocation Failure)
[3007.418s][debug][gc,phases      ] GC(80) Scavenge 7.608ms
[3007.418s][debug][gc,ref         ] GC(80) Skipped SoftWeakFinalRefsPhase of Reference Processing: no references
[3007.418s][debug][gc,ref         ] GC(80) Skipped KeepAliveFinalRefsPhase of Reference Processing: no references
[3007.418s][debug][gc,ref         ] GC(80) Skipped PhantomRefsPhase of Reference Processing: no references
[3007.418s][debug][gc,phases      ] GC(80) Reference Processing 0.030ms
[3007.418s][debug][gc,phases      ] GC(80)   VM Weak                        Min:  0.0, Avg:  0.0, Max:  0.0, Diff:  0.0, Sum:  0.0, Workers: 4
[3007.418s][debug][gc,phases      ] GC(80)     Dead                           Min: 0, Avg:  0.0, Max: 0, Diff: 0, Sum: 0, Workers: 4
[3007.418s][debug][gc,phases      ] GC(80)     Total                          Min: 0, Avg: 243.0, Max: 512, Diff: 512, Sum: 972, Workers: 4
[3007.418s][debug][gc,phases      ] GC(80)   ObjectSynchronizer Weak        Min:  0.0, Avg:  0.0, Max:  0.0, Diff:  0.0, Sum:  0.0, Workers: 4
[3007.418s][debug][gc,phases      ] GC(80)     Dead                           Min: 0, Avg:  0.0, Max: 0, Diff: 0, Sum: 0, Workers: 4
[3007.418s][debug][gc,phases      ] GC(80)     Total                          Min: 0, Avg:  0.8, Max: 3, Diff: 3, Sum: 3, Workers: 4
[3007.418s][debug][gc,phases      ] GC(80)   JVMTI Tag Weak OopStorage      Min:  0.0, Avg:  0.0, Max:  0.0, Diff:  0.0, Sum:  0.0, Workers: 4
[3007.418s][debug][gc,phases      ] GC(80)     Dead                           Min: 0, Avg:  0.0, Max: 0, Diff: 0, Sum: 0, Workers: 4
[3007.418s][debug][gc,phases      ] GC(80)     Total                          Min: 0, Avg:  0.0, Max: 0, Diff: 0, Sum: 0, Workers: 4
[3007.418s][debug][gc,phases      ] GC(80)   StringTable Weak               Min:  0.0, Avg:  0.1, Max:  0.2, Diff:  0.2, Sum:  0.5, Workers: 4
[3007.418s][debug][gc,phases      ] GC(80)     Dead                           Min: 0, Avg:  0.0, Max: 0, Diff: 0, Sum: 0, Workers: 4
[3007.418s][debug][gc,phases      ] GC(80)     Total                          Min: 0, Avg: 11564.0, Max: 16128, Diff: 16128, Sum: 46256, Workers: 4
[3007.418s][debug][gc,phases      ] GC(80)   ResolvedMethodTable Weak       Min:  0.0, Avg:  0.0, Max:  0.1, Diff:  0.1, Sum:  0.2, Workers: 4
[3007.418s][debug][gc,phases      ] GC(80)     Dead                           Min: 0, Avg:  4.0, Max: 16, Diff: 16, Sum: 16, Workers: 4
[3007.418s][debug][gc,phases      ] GC(80)     Total                          Min: 0, Avg: 3812.2, Max: 5267, Diff: 5267, Sum: 15249, Workers: 4
[3007.418s][debug][gc,phases      ] GC(80)   JNI Weak                       Min:  0.0, Avg:  0.0, Max:  0.0, Diff:  0.0, Sum:  0.0, Workers: 4
[3007.418s][debug][gc,phases      ] GC(80)     Dead                           Min: 0, Avg:  0.0, Max: 0, Diff: 0, Sum: 0, Workers: 4
[3007.418s][debug][gc,phases      ] GC(80)     Total                          Min: 0, Avg: 13.0, Max: 48, Diff: 48, Sum: 52, Workers: 4
[3007.418s][debug][gc,phases      ] GC(80)   StringDedup Table Weak         Min:  0.0, Avg:  0.0, Max:  0.0, Diff:  0.0, Sum:  0.0, Workers: 4
[3007.418s][debug][gc,phases      ] GC(80)     Dead                           Min: 0, Avg:  0.0, Max: 0, Diff: 0, Sum: 0, Workers: 4
[3007.418s][debug][gc,phases      ] GC(80)     Total                          Min: 0, Avg:  0.0, Max: 0, Diff: 0, Sum: 0, Workers: 4
[3007.418s][debug][gc,phases      ] GC(80)   StringDedup Requests0 Weak     Min:  0.0, Avg:  0.0, Max:  0.0, Diff:  0.0, Sum:  0.0, Workers: 4
[3007.418s][debug][gc,phases      ] GC(80)     Dead                           Min: 0, Avg:  0.0, Max: 0, Diff: 0, Sum: 0, Workers: 4
[3007.418s][debug][gc,phases      ] GC(80)     Total                          Min: 0, Avg:  0.0, Max: 0, Diff: 0, Sum: 0, Workers: 4
[3007.418s][debug][gc,phases      ] GC(80)   StringDedup Requests1 Weak     Min:  0.0, Avg:  0.0, Max:  0.0, Diff:  0.0, Sum:  0.0, Workers: 4
[3007.418s][debug][gc,phases      ] GC(80)     Dead                           Min: 0, Avg:  0.0, Max: 0, Diff: 0, Sum: 0, Workers: 4
[3007.418s][debug][gc,phases      ] GC(80)     Total                          Min: 0, Avg:  0.0, Max: 0, Diff: 0, Sum: 0, Workers: 4
[3007.418s][debug][gc,phases      ] GC(80)   Weak JFR Old Object Samples    Min:  0.0, Avg:  0.0, Max:  0.0, Diff:  0.0, Sum:  0.0, Workers: 4
[3007.418s][debug][gc,phases      ] GC(80)     Dead                           Min: 0, Avg:  0.0, Max: 0, Diff: 0, Sum: 0, Workers: 4
[3007.418s][debug][gc,phases      ] GC(80)     Total                          Min: 0, Avg:  0.0, Max: 0, Diff: 0, Sum: 0, Workers: 4
[3007.418s][debug][gc,phases      ] GC(80) Weak Processing 0.504ms
[3007.418s][debug][gc,age         ] GC(80) Desired survivor size 27787264 bytes, new threshold 1 (max threshold 15)
[3007.418s][info ][gc,heap        ] GC(80) PSYoungGen: 2047248K(2067968K)->10656K(2066432K) Eden: 2037248K(2037248K)->0K(2037248K) From: 10000K(30720K)->10656K(29184K)
[3007.418s][info ][gc,heap        ] GC(80) ParOldGen: 391669K(513024K)->393590K(513024K)
[3007.418s][info ][gc,metaspace   ] GC(80) Metaspace: 106328K(107648K)->106328K(107648K) NonClass: 90301K(91008K)->90301K(91008K) Class: 16026K(16640K)->16026K(16640K)
[3007.418s][info ][gc             ] GC(80) Pause Young (Allocation Failure) 2381M->394M(2519M) 8.259ms
[3007.418s][info ][gc,cpu         ] GC(80) User=0.03s Sys=0.00s Real=0.00s
[3007.418s][info ][safepoint      ] Safepoint "ParallelGCFailedAllocation", Time since last: 6334502813 ns, Reaching safepoint: 80400 ns, Cleanup: 5000 ns, At safepoint: 8337147 ns, Total: 8422547 ns
[3013.419s][info ][safepoint      ] Safepoint "Cleanup", Time since last: 6000452475 ns, Reaching safepoint: 6300 ns, Cleanup: 17200 ns, At safepoint: 1800 ns, Total: 25300 ns
[3014.419s][info ][safepoint      ] Safepoint "Cleanup", Time since last: 1000106766 ns, Reaching safepoint: 9000 ns, Cleanup: 41200 ns, At safepoint: 2700 ns, Total: 52900 ns
[3016.419s][info ][safepoint      ] Safepoint "Cleanup", Time since last: 2000199531 ns, Reaching safepoint: 7400 ns, Cleanup: 13600 ns, At safepoint: 1800 ns, Total: 22800 ns
[3017.420s][info ][safepoint      ] Safepoint "Cleanup", Time since last: 1000114666 ns, Reaching safepoint: 152199 ns, Cleanup: 13800 ns, At safepoint: 9000 ns, Total: 174999 ns
[3022.420s][info ][safepoint      ] Safepoint "Cleanup", Time since last: 5000396301 ns, Reaching safepoint: 25699 ns, Cleanup: 12900 ns, At safepoint: 2500 ns, Total: 41099 ns
[3043.422s][info ][safepoint      ] Safepoint "Cleanup", Time since last: 21001559307 ns, Reaching safepoint: 6699 ns, Cleanup: 9500 ns, At safepoint: 2000 ns, Total: 18199 ns
[3051.422s][info ][safepoint      ] Safepoint "Cleanup", Time since last: 8000658315 ns, Reaching safepoint: 8300 ns, Cleanup: 13600 ns, At safepoint: 2400 ns, Total: 24300 ns
[3054.423s][info ][safepoint      ] Safepoint "Cleanup", Time since last: 3000271800 ns, Reaching safepoint: 8400 ns, Cleanup: 12900 ns, At safepoint: 2500 ns, Total: 23800 ns
[3055.360s][info ][gc,start       ] GC(81) Pause Young (Allocation Failure)
[3055.369s][debug][gc,phases      ] GC(81) Scavenge 8.182ms
[3055.369s][debug][gc,ref         ] GC(81) ReferenceProcessor::execute queues: 1, RefProcThreadModel::Single, marks_oops_alive: false
[3055.369s][debug][gc,ref         ] GC(81) Skipped KeepAliveFinalRefsPhase of Reference Processing: no references
[3055.369s][debug][gc,ref         ] GC(81) ReferenceProcessor::execute queues: 1, RefProcThreadModel::Single, marks_oops_alive: false
[3055.369s][debug][gc,phases      ] GC(81) Reference Processing 0.106ms
[3055.369s][debug][gc,phases      ] GC(81)   VM Weak                        Min:  0.0, Avg:  0.0, Max:  0.0, Diff:  0.0, Sum:  0.0, Workers: 4
[3055.369s][debug][gc,phases      ] GC(81)     Dead                           Min: 0, Avg:  0.0, Max: 0, Diff: 0, Sum: 0, Workers: 4
[3055.369s][debug][gc,phases      ] GC(81)     Total                          Min: 0, Avg: 243.2, Max: 704, Diff: 704, Sum: 973, Workers: 4
[3055.369s][debug][gc,phases      ] GC(81)   ObjectSynchronizer Weak        Min:  0.0, Avg:  0.0, Max:  0.0, Diff:  0.0, Sum:  0.0, Workers: 4
[3055.369s][debug][gc,phases      ] GC(81)     Dead                           Min: 0, Avg:  0.0, Max: 0, Diff: 0, Sum: 0, Workers: 4
[3055.369s][debug][gc,phases      ] GC(81)     Total                          Min: 0, Avg:  1.0, Max: 4, Diff: 4, Sum: 4, Workers: 4
[3055.369s][debug][gc,phases      ] GC(81)   JVMTI Tag Weak OopStorage      Min:  0.0, Avg:  0.0, Max:  0.0, Diff:  0.0, Sum:  0.0, Workers: 4
[3055.369s][debug][gc,phases      ] GC(81)     Dead                           Min: 0, Avg:  0.0, Max: 0, Diff: 0, Sum: 0, Workers: 4
[3055.369s][debug][gc,phases      ] GC(81)     Total                          Min: 0, Avg:  0.0, Max: 0, Diff: 0, Sum: 0, Workers: 4
[3055.369s][debug][gc,phases      ] GC(81)   StringTable Weak               Min:  0.0, Avg:  0.1, Max:  0.1, Diff:  0.1, Sum:  0.4, Workers: 4
[3055.369s][debug][gc,phases      ] GC(81)     Dead                           Min: 0, Avg:  0.0, Max: 0, Diff: 0, Sum: 0, Workers: 4
[3055.369s][debug][gc,phases      ] GC(81)     Total                          Min: 0, Avg: 11565.0, Max: 20671, Diff: 20671, Sum: 46260, Workers: 4
[3055.369s][debug][gc,phases      ] GC(81)   ResolvedMethodTable Weak       Min:  0.0, Avg:  0.1, Max:  0.1, Diff:  0.1, Sum:  0.2, Workers: 4
[3055.369s][debug][gc,phases      ] GC(81)     Dead                           Min: 0, Avg:  4.0, Max: 16, Diff: 16, Sum: 16, Workers: 4
[3055.369s][debug][gc,phases      ] GC(81)     Total                          Min: 0, Avg: 3813.2, Max: 6795, Diff: 6795, Sum: 15253, Workers: 4
[3055.369s][debug][gc,phases      ] GC(81)   JNI Weak                       Min:  0.0, Avg:  0.0, Max:  0.0, Diff:  0.0, Sum:  0.0, Workers: 4
[3055.369s][debug][gc,phases      ] GC(81)     Dead                           Min: 0, Avg:  0.0, Max: 0, Diff: 0, Sum: 0, Workers: 4
[3055.369s][debug][gc,phases      ] GC(81)     Total                          Min: 0, Avg: 13.0, Max: 48, Diff: 48, Sum: 52, Workers: 4
[3055.369s][debug][gc,phases      ] GC(81)   StringDedup Table Weak         Min:  0.0, Avg:  0.0, Max:  0.0, Diff:  0.0, Sum:  0.0, Workers: 4
[3055.369s][debug][gc,phases      ] GC(81)     Dead                           Min: 0, Avg:  0.0, Max: 0, Diff: 0, Sum: 0, Workers: 4
[3055.369s][debug][gc,phases      ] GC(81)     Total                          Min: 0, Avg:  0.0, Max: 0, Diff: 0, Sum: 0, Workers: 4
[3055.369s][debug][gc,phases      ] GC(81)   StringDedup Requests0 Weak     Min:  0.0, Avg:  0.0, Max:  0.0, Diff:  0.0, Sum:  0.0, Workers: 4
[3055.369s][debug][gc,phases      ] GC(81)     Dead                           Min: 0, Avg:  0.0, Max: 0, Diff: 0, Sum: 0, Workers: 4
[3055.369s][debug][gc,phases      ] GC(81)     Total                          Min: 0, Avg:  0.0, Max: 0, Diff: 0, Sum: 0, Workers: 4
[3055.369s][debug][gc,phases      ] GC(81)   StringDedup Requests1 Weak     Min:  0.0, Avg:  0.0, Max:  0.0, Diff:  0.0, Sum:  0.0, Workers: 4
[3055.369s][debug][gc,phases      ] GC(81)     Dead                           Min: 0, Avg:  0.0, Max: 0, Diff: 0, Sum: 0, Workers: 4
[3055.369s][debug][gc,phases      ] GC(81)     Total                          Min: 0, Avg:  0.0, Max: 0, Diff: 0, Sum: 0, Workers: 4
[3055.369s][debug][gc,phases      ] GC(81)   Weak JFR Old Object Samples    Min:  0.0, Avg:  0.0, Max:  0.0, Diff:  0.0, Sum:  0.0, Workers: 4
[3055.369s][debug][gc,phases      ] GC(81)     Dead                           Min: 0, Avg:  0.0, Max: 0, Diff: 0, Sum: 0, Workers: 4
[3055.369s][debug][gc,phases      ] GC(81)     Total                          Min: 0, Avg:  0.0, Max: 0, Diff: 0, Sum: 0, Workers: 4
[3055.369s][debug][gc,phases      ] GC(81) Weak Processing 0.458ms
[3055.369s][debug][gc,age         ] GC(81) Desired survivor size 26738688 bytes, new threshold 1 (max threshold 15)
[3055.369s][info ][gc,heap        ] GC(81) PSYoungGen: 2047904K(2066432K)->10512K(2071040K) Eden: 2037248K(2037248K)->0K(2043904K) From: 10656K(29184K)->10512K(27136K)
[3055.369s][info ][gc,heap        ] GC(81) ParOldGen: 393590K(513024K)->395331K(513024K)
[3055.369s][info ][gc,metaspace   ] GC(81) Metaspace: 106360K(107648K)->106360K(107648K) NonClass: 90332K(91008K)->90332K(91008K) Class: 16027K(16640K)->16027K(16640K)
[3055.369s][info ][gc             ] GC(81) Pause Young (Allocation Failure) 2384M->396M(2523M) 8.857ms
[3055.369s][info ][gc,cpu         ] GC(81) User=0.03s Sys=0.00s Real=0.01s
[3055.369s][info ][safepoint      ] Safepoint "ParallelGCFailedAllocation", Time since last: 937685278 ns, Reaching safepoint: 81100 ns, Cleanup: 10900 ns, At safepoint: 8958845 ns, Total: 9050845 ns
[3064.095s][info ][safepoint      ] Safepoint "Cleanup", Time since last: 8725591344 ns, Reaching safepoint: 7300 ns, Cleanup: 10000 ns, At safepoint: 2500 ns, Total: 19800 ns
[3068.095s][info ][safepoint      ] Safepoint "Cleanup", Time since last: 4000325110 ns, Reaching safepoint: 7200 ns, Cleanup: 10800 ns, At safepoint: 2400 ns, Total: 20400 ns
[3102.165s][info ][gc,start       ] GC(82) Pause Young (Allocation Failure)
[3102.174s][debug][gc,phases      ] GC(82) Scavenge 8.359ms
[3102.174s][debug][gc,ref         ] GC(82) Skipped SoftWeakFinalRefsPhase of Reference Processing: no references
[3102.174s][debug][gc,ref         ] GC(82) Skipped KeepAliveFinalRefsPhase of Reference Processing: no references
[3102.174s][debug][gc,ref         ] GC(82) ReferenceProcessor::execute queues: 1, RefProcThreadModel::Single, marks_oops_alive: false
[3102.174s][debug][gc,phases      ] GC(82) Reference Processing 0.104ms
[3102.174s][debug][gc,phases      ] GC(82)   VM Weak                        Min:  0.0, Avg:  0.0, Max:  0.0, Diff:  0.0, Sum:  0.0, Workers: 4
[3102.174s][debug][gc,phases      ] GC(82)     Dead                           Min: 0, Avg:  0.0, Max: 0, Diff: 0, Sum: 0, Workers: 4
[3102.174s][debug][gc,phases      ] GC(82)     Total                          Min: 0, Avg: 243.2, Max: 960, Diff: 960, Sum: 973, Workers: 4
[3102.174s][debug][gc,phases      ] GC(82)   ObjectSynchronizer Weak        Min:  0.0, Avg:  0.0, Max:  0.0, Diff:  0.0, Sum:  0.0, Workers: 4
[3102.174s][debug][gc,phases      ] GC(82)     Dead                           Min: 0, Avg:  0.0, Max: 0, Diff: 0, Sum: 0, Workers: 4
[3102.174s][debug][gc,phases      ] GC(82)     Total                          Min: 0, Avg:  1.0, Max: 4, Diff: 4, Sum: 4, Workers: 4
[3102.174s][debug][gc,phases      ] GC(82)   JVMTI Tag Weak OopStorage      Min:  0.0, Avg:  0.0, Max:  0.0, Diff:  0.0, Sum:  0.0, Workers: 4
[3102.174s][debug][gc,phases      ] GC(82)     Dead                           Min: 0, Avg:  0.0, Max: 0, Diff: 0, Sum: 0, Workers: 4
[3102.174s][debug][gc,phases      ] GC(82)     Total                          Min: 0, Avg:  0.0, Max: 0, Diff: 0, Sum: 0, Workers: 4
[3102.174s][debug][gc,phases      ] GC(82)   StringTable Weak               Min:  0.0, Avg:  0.1, Max:  0.1, Diff:  0.1, Sum:  0.4, Workers: 4
[3102.174s][debug][gc,phases      ] GC(82)     Dead                           Min: 0, Avg:  0.0, Max: 0, Diff: 0, Sum: 0, Workers: 4
[3102.174s][debug][gc,phases      ] GC(82)     Total                          Min: 0, Avg: 11565.0, Max: 18816, Diff: 18816, Sum: 46260, Workers: 4
[3102.174s][debug][gc,phases      ] GC(82)   ResolvedMethodTable Weak       Min:  0.0, Avg:  0.0, Max:  0.1, Diff:  0.1, Sum:  0.2, Workers: 4
[3102.174s][debug][gc,phases      ] GC(82)     Dead                           Min: 0, Avg:  4.0, Max: 16, Diff: 16, Sum: 16, Workers: 4
[3102.174s][debug][gc,phases      ] GC(82)     Total                          Min: 0, Avg: 3813.2, Max: 6294, Diff: 6294, Sum: 15253, Workers: 4
[3102.174s][debug][gc,phases      ] GC(82)   JNI Weak                       Min:  0.0, Avg:  0.0, Max:  0.0, Diff:  0.0, Sum:  0.0, Workers: 4
[3102.174s][debug][gc,phases      ] GC(82)     Dead                           Min: 0, Avg:  0.0, Max: 0, Diff: 0, Sum: 0, Workers: 4
[3102.174s][debug][gc,phases      ] GC(82)     Total                          Min: 0, Avg: 13.0, Max: 48, Diff: 48, Sum: 52, Workers: 4
[3102.174s][debug][gc,phases      ] GC(82)   StringDedup Table Weak         Min:  0.0, Avg:  0.0, Max:  0.0, Diff:  0.0, Sum:  0.0, Workers: 4
[3102.174s][debug][gc,phases      ] GC(82)     Dead                           Min: 0, Avg:  0.0, Max: 0, Diff: 0, Sum: 0, Workers: 4
[3102.174s][debug][gc,phases      ] GC(82)     Total                          Min: 0, Avg:  0.0, Max: 0, Diff: 0, Sum: 0, Workers: 4
[3102.174s][debug][gc,phases      ] GC(82)   StringDedup Requests0 Weak     Min:  0.0, Avg:  0.0, Max:  0.0, Diff:  0.0, Sum:  0.0, Workers: 4
[3102.174s][debug][gc,phases      ] GC(82)     Dead                           Min: 0, Avg:  0.0, Max: 0, Diff: 0, Sum: 0, Workers: 4
[3102.174s][debug][gc,phases      ] GC(82)     Total                          Min: 0, Avg:  0.0, Max: 0, Diff: 0, Sum: 0, Workers: 4
[3102.174s][debug][gc,phases      ] GC(82)   StringDedup Requests1 Weak     Min:  0.0, Avg:  0.0, Max:  0.0, Diff:  0.0, Sum:  0.0, Workers: 4
[3102.174s][debug][gc,phases      ] GC(82)     Dead                           Min: 0, Avg:  0.0, Max: 0, Diff: 0, Sum: 0, Workers: 4
[3102.174s][debug][gc,phases      ] GC(82)     Total                          Min: 0, Avg:  0.0, Max: 0, Diff: 0, Sum: 0, Workers: 4
[3102.174s][debug][gc,phases      ] GC(82)   Weak JFR Old Object Samples    Min:  0.0, Avg:  0.0, Max:  0.0, Diff:  0.0, Sum:  0.0, Workers: 4
[3102.174s][debug][gc,phases      ] GC(82)     Dead                           Min: 0, Avg:  0.0, Max: 0, Diff: 0, Sum: 0, Workers: 4
[3102.174s][debug][gc,phases      ] GC(82)     Total                          Min: 0, Avg:  0.0, Max: 0, Diff: 0, Sum: 0, Workers: 4
[3102.174s][debug][gc,phases      ] GC(82) Weak Processing 0.403ms
[3102.174s][debug][gc,age         ] GC(82) Desired survivor size 25165824 bytes, new threshold 1 (max threshold 15)
[3102.174s][info ][gc,heap        ] GC(82) PSYoungGen: 2054416K(2071040K)->10464K(2070016K) Eden: 2043904K(2043904K)->0K(2043904K) From: 10512K(27136K)->10464K(26112K)
[3102.174s][info ][gc,heap        ] GC(82) ParOldGen: 395331K(513024K)->396815K(513024K)
[3102.174s][info ][gc,metaspace   ] GC(82) Metaspace: 106365K(107648K)->106365K(107648K) NonClass: 90337K(91008K)->90337K(91008K) Class: 16027K(16640K)->16027K(16640K)
[3102.174s][info ][gc             ] GC(82) Pause Young (Allocation Failure) 2392M->397M(2522M) 8.996ms
[3102.174s][info ][gc,cpu         ] GC(82) User=0.03s Sys=0.00s Real=0.01s
[3102.174s][info ][safepoint      ] Safepoint "ParallelGCFailedAllocation", Time since last: 34069880340 ns, Reaching safepoint: 8500 ns, Cleanup: 5300 ns, At safepoint: 9066645 ns, Total: 9080445 ns
[3128.113s][info ][safepoint      ] Safepoint "Cleanup", Time since last: 25939173359 ns, Reaching safepoint: 80300 ns, Cleanup: 10400 ns, At safepoint: 6600 ns, Total: 97300 ns
[3138.114s][info ][safepoint      ] Safepoint "Cleanup", Time since last: 10000825216 ns, Reaching safepoint: 80500 ns, Cleanup: 9000 ns, At safepoint: 7199 ns, Total: 96699 ns
[3149.565s][info ][gc,start       ] GC(83) Pause Young (Allocation Failure)
[3149.573s][debug][gc,phases      ] GC(83) Scavenge 8.417ms
[3149.573s][debug][gc,ref         ] GC(83) Skipped SoftWeakFinalRefsPhase of Reference Processing: no references
[3149.573s][debug][gc,ref         ] GC(83) Skipped KeepAliveFinalRefsPhase of Reference Processing: no references
[3149.573s][debug][gc,ref         ] GC(83) ReferenceProcessor::execute queues: 1, RefProcThreadModel::Single, marks_oops_alive: false
[3149.573s][debug][gc,phases      ] GC(83) Reference Processing 0.100ms
[3149.574s][debug][gc,phases      ] GC(83)   VM Weak                        Min:  0.0, Avg:  0.0, Max:  0.0, Diff:  0.0, Sum:  0.0, Workers: 4
[3149.574s][debug][gc,phases      ] GC(83)     Dead                           Min: 0, Avg:  0.0, Max: 0, Diff: 0, Sum: 0, Workers: 4
[3149.574s][debug][gc,phases      ] GC(83)     Total                          Min: 0, Avg: 243.2, Max: 909, Diff: 909, Sum: 973, Workers: 4
[3149.574s][debug][gc,phases      ] GC(83)   ObjectSynchronizer Weak        Min:  0.0, Avg:  0.0, Max:  0.0, Diff:  0.0, Sum:  0.0, Workers: 4
[3149.574s][debug][gc,phases      ] GC(83)     Dead                           Min: 0, Avg:  0.0, Max: 0, Diff: 0, Sum: 0, Workers: 4
[3149.574s][debug][gc,phases      ] GC(83)     Total                          Min: 0, Avg:  1.0, Max: 4, Diff: 4, Sum: 4, Workers: 4
[3149.574s][debug][gc,phases      ] GC(83)   JVMTI Tag Weak OopStorage      Min:  0.0, Avg:  0.0, Max:  0.0, Diff:  0.0, Sum:  0.0, Workers: 4
[3149.574s][debug][gc,phases      ] GC(83)     Dead                           Min: 0, Avg:  0.0, Max: 0, Diff: 0, Sum: 0, Workers: 4
[3149.574s][debug][gc,phases      ] GC(83)     Total                          Min: 0, Avg:  0.0, Max: 0, Diff: 0, Sum: 0, Workers: 4
[3149.574s][debug][gc,phases      ] GC(83)   StringTable Weak               Min:  0.0, Avg:  0.1, Max:  0.2, Diff:  0.2, Sum:  0.5, Workers: 4
[3149.574s][debug][gc,phases      ] GC(83)     Dead                           Min: 0, Avg:  0.0, Max: 0, Diff: 0, Sum: 0, Workers: 4
[3149.574s][debug][gc,phases      ] GC(83)     Total                          Min: 949, Avg: 11565.0, Max: 17728, Diff: 16779, Sum: 46260, Workers: 4
[3149.574s][debug][gc,phases      ] GC(83)   ResolvedMethodTable Weak       Min:  0.0, Avg:  0.0, Max:  0.0, Diff:  0.0, Sum:  0.2, Workers: 4
[3149.574s][debug][gc,phases      ] GC(83)     Dead                           Min: 0, Avg:  4.0, Max: 16, Diff: 16, Sum: 16, Workers: 4
[3149.574s][debug][gc,phases      ] GC(83)     Total                          Min: 3641, Avg: 3813.2, Max: 3947, Diff: 306, Sum: 15253, Workers: 4
[3149.574s][debug][gc,phases      ] GC(83)   JNI Weak                       Min:  0.0, Avg:  0.0, Max:  0.0, Diff:  0.0, Sum:  0.0, Workers: 4
[3149.574s][debug][gc,phases      ] GC(83)     Dead                           Min: 0, Avg:  0.0, Max: 0, Diff: 0, Sum: 0, Workers: 4
[3149.574s][debug][gc,phases      ] GC(83)     Total                          Min: 0, Avg: 13.0, Max: 48, Diff: 48, Sum: 52, Workers: 4
[3149.574s][debug][gc,phases      ] GC(83)   StringDedup Table Weak         Min:  0.0, Avg:  0.0, Max:  0.0, Diff:  0.0, Sum:  0.0, Workers: 4
[3149.574s][debug][gc,phases      ] GC(83)     Dead                           Min: 0, Avg:  0.0, Max: 0, Diff: 0, Sum: 0, Workers: 4
[3149.574s][debug][gc,phases      ] GC(83)     Total                          Min: 0, Avg:  0.0, Max: 0, Diff: 0, Sum: 0, Workers: 4
[3149.574s][debug][gc,phases      ] GC(83)   StringDedup Requests0 Weak     Min:  0.0, Avg:  0.0, Max:  0.0, Diff:  0.0, Sum:  0.0, Workers: 4
[3149.574s][debug][gc,phases      ] GC(83)     Dead                           Min: 0, Avg:  0.0, Max: 0, Diff: 0, Sum: 0, Workers: 4
[3149.574s][debug][gc,phases      ] GC(83)     Total                          Min: 0, Avg:  0.0, Max: 0, Diff: 0, Sum: 0, Workers: 4
[3149.574s][debug][gc,phases      ] GC(83)   StringDedup Requests1 Weak     Min:  0.0, Avg:  0.0, Max:  0.0, Diff:  0.0, Sum:  0.0, Workers: 4
[3149.574s][debug][gc,phases      ] GC(83)     Dead                           Min: 0, Avg:  0.0, Max: 0, Diff: 0, Sum: 0, Workers: 4
[3149.574s][debug][gc,phases      ] GC(83)     Total                          Min: 0, Avg:  0.0, Max: 0, Diff: 0, Sum: 0, Workers: 4
[3149.574s][debug][gc,phases      ] GC(83)   Weak JFR Old Object Samples    Min:  0.0, Avg:  0.0, Max:  0.0, Diff:  0.0, Sum:  0.0, Workers: 4
[3149.574s][debug][gc,phases      ] GC(83)     Dead                           Min: 0, Avg:  0.0, Max: 0, Diff: 0, Sum: 0, Workers: 4
[3149.574s][debug][gc,phases      ] GC(83)     Total                          Min: 0, Avg:  0.0, Max: 0, Diff: 0, Sum: 0, Workers: 4
[3149.574s][debug][gc,phases      ] GC(83) Weak Processing 0.443ms
[3149.574s][debug][gc,age         ] GC(83) Desired survivor size 24117248 bytes, new threshold 1 (max threshold 15)
[3149.574s][info ][gc,heap        ] GC(83) PSYoungGen: 2054368K(2070016K)->10112K(2073600K) Eden: 2043904K(2043904K)->0K(2049024K) From: 10464K(26112K)->10112K(24576K)
[3149.574s][info ][gc,heap        ] GC(83) ParOldGen: 396815K(513024K)->398540K(513024K)
[3149.574s][info ][gc,metaspace   ] GC(83) Metaspace: 106370K(107648K)->106370K(107648K) NonClass: 90342K(91008K)->90342K(91008K) Class: 16027K(16640K)->16027K(16640K)
[3149.574s][info ][gc             ] GC(83) Pause Young (Allocation Failure) 2393M->399M(2526M) 9.090ms
[3149.574s][info ][gc,cpu         ] GC(83) User=0.03s Sys=0.00s Real=0.01s
[3149.574s][info ][safepoint      ] Safepoint "ParallelGCFailedAllocation", Time since last: 11450388422 ns, Reaching safepoint: 5900 ns, Cleanup: 5700 ns, At safepoint: 9182653 ns, Total: 9194253 ns
[3159.575s][info ][safepoint      ] Safepoint "Cleanup", Time since last: 10000879475 ns, Reaching safepoint: 6800 ns, Cleanup: 12400 ns, At safepoint: 2000 ns, Total: 21200 ns
[3197.132s][info ][safepoint      ] Safepoint "Cleanup", Time since last: 37556821285 ns, Reaching safepoint: 6600 ns, Cleanup: 10700 ns, At safepoint: 27600 ns, Total: 44900 ns
[3199.311s][info ][gc,start       ] GC(84) Pause Young (Allocation Failure)
[3199.319s][debug][gc,phases      ] GC(84) Scavenge 7.891ms
[3199.319s][debug][gc,ref         ] GC(84) Skipped SoftWeakFinalRefsPhase of Reference Processing: no references
[3199.319s][debug][gc,ref         ] GC(84) Skipped KeepAliveFinalRefsPhase of Reference Processing: no references
[3199.319s][debug][gc,ref         ] GC(84) ReferenceProcessor::execute queues: 1, RefProcThreadModel::Single, marks_oops_alive: false
[3199.319s][debug][gc,phases      ] GC(84) Reference Processing 0.103ms
[3199.320s][debug][gc,phases      ] GC(84)   VM Weak                        Min:  0.0, Avg:  0.0, Max:  0.0, Diff:  0.0, Sum:  0.0, Workers: 4
[3199.320s][debug][gc,phases      ] GC(84)     Dead                           Min: 0, Avg:  0.0, Max: 0, Diff: 0, Sum: 0, Workers: 4
[3199.320s][debug][gc,phases      ] GC(84)     Total                          Min: 0, Avg: 243.2, Max: 512, Diff: 512, Sum: 973, Workers: 4
[3199.320s][debug][gc,phases      ] GC(84)   ObjectSynchronizer Weak        Min:  0.0, Avg:  0.0, Max:  0.0, Diff:  0.0, Sum:  0.0, Workers: 4
[3199.320s][debug][gc,phases      ] GC(84)     Dead                           Min: 0, Avg:  0.0, Max: 0, Diff: 0, Sum: 0, Workers: 4
[3199.320s][debug][gc,phases      ] GC(84)     Total                          Min: 0, Avg:  0.8, Max: 3, Diff: 3, Sum: 3, Workers: 4
[3199.320s][debug][gc,phases      ] GC(84)   JVMTI Tag Weak OopStorage      Min:  0.0, Avg:  0.0, Max:  0.0, Diff:  0.0, Sum:  0.0, Workers: 4
[3199.320s][debug][gc,phases      ] GC(84)     Dead                           Min: 0, Avg:  0.0, Max: 0, Diff: 0, Sum: 0, Workers: 4
[3199.320s][debug][gc,phases      ] GC(84)     Total                          Min: 0, Avg:  0.0, Max: 0, Diff: 0, Sum: 0, Workers: 4
[3199.320s][debug][gc,phases      ] GC(84)   StringTable Weak               Min:  0.0, Avg:  0.1, Max:  0.1, Diff:  0.1, Sum:  0.4, Workers: 4
[3199.320s][debug][gc,phases      ] GC(84)     Dead                           Min: 0, Avg:  0.0, Max: 0, Diff: 0, Sum: 0, Workers: 4
[3199.320s][debug][gc,phases      ] GC(84)     Total                          Min: 0, Avg: 11565.0, Max: 19572, Diff: 19572, Sum: 46260, Workers: 4
[3199.320s][debug][gc,phases      ] GC(84)   ResolvedMethodTable Weak       Min:  0.0, Avg:  0.0, Max:  0.1, Diff:  0.1, Sum:  0.2, Workers: 4
[3199.320s][debug][gc,phases      ] GC(84)     Dead                           Min: 0, Avg:  4.0, Max: 16, Diff: 16, Sum: 16, Workers: 4
[3199.320s][debug][gc,phases      ] GC(84)     Total                          Min: 0, Avg: 3813.2, Max: 6336, Diff: 6336, Sum: 15253, Workers: 4
[3199.320s][debug][gc,phases      ] GC(84)   JNI Weak                       Min:  0.0, Avg:  0.0, Max:  0.0, Diff:  0.0, Sum:  0.0, Workers: 4
[3199.320s][debug][gc,phases      ] GC(84)     Dead                           Min: 0, Avg:  0.0, Max: 0, Diff: 0, Sum: 0, Workers: 4
[3199.320s][debug][gc,phases      ] GC(84)     Total                          Min: 0, Avg: 13.0, Max: 48, Diff: 48, Sum: 52, Workers: 4
[3199.320s][debug][gc,phases      ] GC(84)   StringDedup Table Weak         Min:  0.0, Avg:  0.0, Max:  0.0, Diff:  0.0, Sum:  0.0, Workers: 4
[3199.320s][debug][gc,phases      ] GC(84)     Dead                           Min: 0, Avg:  0.0, Max: 0, Diff: 0, Sum: 0, Workers: 4
[3199.320s][debug][gc,phases      ] GC(84)     Total                          Min: 0, Avg:  0.0, Max: 0, Diff: 0, Sum: 0, Workers: 4
[3199.320s][debug][gc,phases      ] GC(84)   StringDedup Requests0 Weak     Min:  0.0, Avg:  0.0, Max:  0.0, Diff:  0.0, Sum:  0.0, Workers: 4
[3199.320s][debug][gc,phases      ] GC(84)     Dead                           Min: 0, Avg:  0.0, Max: 0, Diff: 0, Sum: 0, Workers: 4
[3199.320s][debug][gc,phases      ] GC(84)     Total                          Min: 0, Avg:  0.0, Max: 0, Diff: 0, Sum: 0, Workers: 4
[3199.320s][debug][gc,phases      ] GC(84)   StringDedup Requests1 Weak     Min:  0.0, Avg:  0.0, Max:  0.0, Diff:  0.0, Sum:  0.0, Workers: 4
[3199.320s][debug][gc,phases      ] GC(84)     Dead                           Min: 0, Avg:  0.0, Max: 0, Diff: 0, Sum: 0, Workers: 4
[3199.320s][debug][gc,phases      ] GC(84)     Total                          Min: 0, Avg:  0.0, Max: 0, Diff: 0, Sum: 0, Workers: 4
[3199.320s][debug][gc,phases      ] GC(84)   Weak JFR Old Object Samples    Min:  0.0, Avg:  0.0, Max:  0.0, Diff:  0.0, Sum:  0.0, Workers: 4
[3199.320s][debug][gc,phases      ] GC(84)     Dead                           Min: 0, Avg:  0.0, Max: 0, Diff: 0, Sum: 0, Workers: 4
[3199.320s][debug][gc,phases      ] GC(84)     Total                          Min: 0, Avg:  0.0, Max: 0, Diff: 0, Sum: 0, Workers: 4
[3199.320s][debug][gc,phases      ] GC(84) Weak Processing 0.392ms
[3199.320s][debug][gc,age         ] GC(84) Desired survivor size 23068672 bytes, new threshold 1 (max threshold 15)
[3199.320s][info ][gc,heap        ] GC(84) PSYoungGen: 2059136K(2073600K)->9728K(2072576K) Eden: 2049024K(2049024K)->0K(2049024K) From: 10112K(24576K)->9728K(23552K)
[3199.320s][info ][gc,heap        ] GC(84) ParOldGen: 398540K(513024K)->400473K(513024K)
[3199.320s][info ][gc,metaspace   ] GC(84) Metaspace: 106370K(107648K)->106370K(107648K) NonClass: 90342K(91008K)->90342K(91008K) Class: 16027K(16640K)->16027K(16640K)
[3199.320s][info ][gc             ] GC(84) Pause Young (Allocation Failure) 2400M->400M(2525M) 8.500ms
[3199.320s][info ][gc,cpu         ] GC(84) User=0.03s Sys=0.00s Real=0.01s
[3199.320s][info ][safepoint      ] Safepoint "ParallelGCFailedAllocation", Time since last: 2179492984 ns, Reaching safepoint: 81500 ns, Cleanup: 4900 ns, At safepoint: 8568452 ns, Total: 8654852 ns
[3216.321s][info ][safepoint      ] Safepoint "Cleanup", Time since last: 17001214482 ns, Reaching safepoint: 6800 ns, Cleanup: 17700 ns, At safepoint: 2000 ns, Total: 26500 ns
[3219.321s][info ][safepoint      ] Safepoint "Cleanup", Time since last: 3000266806 ns, Reaching safepoint: 7000 ns, Cleanup: 10500 ns, At safepoint: 2200 ns, Total: 19700 ns
[3223.322s][info ][safepoint      ] Safepoint "Cleanup", Time since last: 4000328825 ns, Reaching safepoint: 7600 ns, Cleanup: 15600 ns, At safepoint: 2399 ns, Total: 25599 ns
[3224.322s][info ][safepoint      ] Safepoint "Cleanup", Time since last: 1000118010 ns, Reaching safepoint: 7700 ns, Cleanup: 12100 ns, At safepoint: 2300 ns, Total: 22100 ns
[3227.322s][info ][safepoint      ] Safepoint "Cleanup", Time since last: 3000316427 ns, Reaching safepoint: 8300 ns, Cleanup: 13100 ns, At safepoint: 2700 ns, Total: 24100 ns
[3239.323s][info ][safepoint      ] Safepoint "Cleanup", Time since last: 12000953588 ns, Reaching safepoint: 6500 ns, Cleanup: 10900 ns, At safepoint: 2400 ns, Total: 19800 ns
[3247.513s][info ][gc,start       ] GC(85) Pause Young (Allocation Failure)
[3247.521s][debug][gc,phases      ] GC(85) Scavenge 8.066ms
[3247.521s][debug][gc,ref         ] GC(85) Skipped SoftWeakFinalRefsPhase of Reference Processing: no references
[3247.521s][debug][gc,ref         ] GC(85) Skipped KeepAliveFinalRefsPhase of Reference Processing: no references
[3247.521s][debug][gc,ref         ] GC(85) ReferenceProcessor::execute queues: 1, RefProcThreadModel::Single, marks_oops_alive: false
[3247.521s][debug][gc,phases      ] GC(85) Reference Processing 0.103ms
[3247.521s][debug][gc,phases      ] GC(85)   VM Weak                        Min:  0.0, Avg:  0.0, Max:  0.0, Diff:  0.0, Sum:  0.0, Workers: 4
[3247.521s][debug][gc,phases      ] GC(85)     Dead                           Min: 0, Avg:  0.0, Max: 0, Diff: 0, Sum: 0, Workers: 4
[3247.521s][debug][gc,phases      ] GC(85)     Total                          Min: 0, Avg: 243.2, Max: 576, Diff: 576, Sum: 973, Workers: 4
[3247.521s][debug][gc,phases      ] GC(85)   ObjectSynchronizer Weak        Min:  0.0, Avg:  0.0, Max:  0.0, Diff:  0.0, Sum:  0.0, Workers: 4
[3247.521s][debug][gc,phases      ] GC(85)     Dead                           Min: 0, Avg:  0.0, Max: 0, Diff: 0, Sum: 0, Workers: 4
[3247.521s][debug][gc,phases      ] GC(85)     Total                          Min: 0, Avg:  0.8, Max: 3, Diff: 3, Sum: 3, Workers: 4
[3247.521s][debug][gc,phases      ] GC(85)   JVMTI Tag Weak OopStorage      Min:  0.0, Avg:  0.0, Max:  0.0, Diff:  0.0, Sum:  0.0, Workers: 4
[3247.521s][debug][gc,phases      ] GC(85)     Dead                           Min: 0, Avg:  0.0, Max: 0, Diff: 0, Sum: 0, Workers: 4
[3247.521s][debug][gc,phases      ] GC(85)     Total                          Min: 0, Avg:  0.0, Max: 0, Diff: 0, Sum: 0, Workers: 4
[3247.521s][debug][gc,phases      ] GC(85)   StringTable Weak               Min:  0.0, Avg:  0.1, Max:  0.2, Diff:  0.2, Sum:  0.4, Workers: 4
[3247.521s][debug][gc,phases      ] GC(85)     Dead                           Min: 0, Avg:  0.0, Max: 0, Diff: 0, Sum: 0, Workers: 4
[3247.521s][debug][gc,phases      ] GC(85)     Total                          Min: 0, Avg: 11565.2, Max: 21375, Diff: 21375, Sum: 46261, Workers: 4
[3247.521s][debug][gc,phases      ] GC(85)   ResolvedMethodTable Weak       Min:  0.0, Avg:  0.0, Max:  0.1, Diff:  0.1, Sum:  0.1, Workers: 4
[3247.521s][debug][gc,phases      ] GC(85)     Dead                           Min: 0, Avg:  4.0, Max: 16, Diff: 16, Sum: 16, Workers: 4
[3247.521s][debug][gc,phases      ] GC(85)     Total                          Min: 0, Avg: 3813.2, Max: 6598, Diff: 6598, Sum: 15253, Workers: 4
[3247.521s][debug][gc,phases      ] GC(85)   JNI Weak                       Min:  0.0, Avg:  0.0, Max:  0.0, Diff:  0.0, Sum:  0.0, Workers: 4
[3247.521s][debug][gc,phases      ] GC(85)     Dead                           Min: 0, Avg:  0.0, Max: 0, Diff: 0, Sum: 0, Workers: 4
[3247.521s][debug][gc,phases      ] GC(85)     Total                          Min: 0, Avg: 13.0, Max: 52, Diff: 52, Sum: 52, Workers: 4
[3247.522s][debug][gc,phases      ] GC(85)   StringDedup Table Weak         Min:  0.0, Avg:  0.0, Max:  0.0, Diff:  0.0, Sum:  0.0, Workers: 4
[3247.522s][debug][gc,phases      ] GC(85)     Dead                           Min: 0, Avg:  0.0, Max: 0, Diff: 0, Sum: 0, Workers: 4
[3247.522s][debug][gc,phases      ] GC(85)     Total                          Min: 0, Avg:  0.0, Max: 0, Diff: 0, Sum: 0, Workers: 4
[3247.522s][debug][gc,phases      ] GC(85)   StringDedup Requests0 Weak     Min:  0.0, Avg:  0.0, Max:  0.0, Diff:  0.0, Sum:  0.0, Workers: 4
[3247.522s][debug][gc,phases      ] GC(85)     Dead                           Min: 0, Avg:  0.0, Max: 0, Diff: 0, Sum: 0, Workers: 4
[3247.522s][debug][gc,phases      ] GC(85)     Total                          Min: 0, Avg:  0.0, Max: 0, Diff: 0, Sum: 0, Workers: 4
[3247.522s][debug][gc,phases      ] GC(85)   StringDedup Requests1 Weak     Min:  0.0, Avg:  0.0, Max:  0.0, Diff:  0.0, Sum:  0.0, Workers: 4
[3247.522s][debug][gc,phases      ] GC(85)     Dead                           Min: 0, Avg:  0.0, Max: 0, Diff: 0, Sum: 0, Workers: 4
[3247.522s][debug][gc,phases      ] GC(85)     Total                          Min: 0, Avg:  0.0, Max: 0, Diff: 0, Sum: 0, Workers: 4
[3247.522s][debug][gc,phases      ] GC(85)   Weak JFR Old Object Samples    Min:  0.0, Avg:  0.0, Max:  0.0, Diff:  0.0, Sum:  0.0, Workers: 4
[3247.522s][debug][gc,phases      ] GC(85)     Dead                           Min: 0, Avg:  0.0, Max: 0, Diff: 0, Sum: 0, Workers: 4
[3247.522s][debug][gc,phases      ] GC(85)     Total                          Min: 0, Avg:  0.0, Max: 0, Diff: 0, Sum: 0, Workers: 4
[3247.522s][debug][gc,phases      ] GC(85) Weak Processing 0.408ms
[3247.522s][debug][gc,age         ] GC(85) Desired survivor size 22020096 bytes, new threshold 1 (max threshold 15)
[3247.522s][info ][gc,heap        ] GC(85) PSYoungGen: 2058752K(2072576K)->9072K(2075648K) Eden: 2049024K(2049024K)->0K(2053120K) From: 9728K(23552K)->9072K(22528K)
[3247.522s][info ][gc,heap        ] GC(85) ParOldGen: 400473K(513024K)->401709K(513024K)
[3247.522s][info ][gc,metaspace   ] GC(85) Metaspace: 106371K(107648K)->106371K(107648K) NonClass: 90344K(91008K)->90344K(91008K) Class: 16027K(16640K)->16027K(16640K)
[3247.522s][info ][gc             ] GC(85) Pause Young (Allocation Failure) 2401M->401M(2528M) 8.720ms
[3247.522s][info ][gc,cpu         ] GC(85) User=0.03s Sys=0.00s Real=0.01s
[3247.522s][info ][safepoint      ] Safepoint "ParallelGCFailedAllocation", Time since last: 8189603617 ns, Reaching safepoint: 7800 ns, Cleanup: 5700 ns, At safepoint: 8824459 ns, Total: 8837959 ns
[3289.525s][info ][safepoint      ] Safepoint "Cleanup", Time since last: 42003057677 ns, Reaching safepoint: 6100 ns, Cleanup: 10300 ns, At safepoint: 1900 ns, Total: 18300 ns
[3296.760s][info ][gc,start       ] GC(86) Pause Young (Allocation Failure)
[3296.769s][debug][gc,phases      ] GC(86) Scavenge 8.502ms
[3296.769s][debug][gc,ref         ] GC(86) Skipped SoftWeakFinalRefsPhase of Reference Processing: no references
[3296.769s][debug][gc,ref         ] GC(86) Skipped KeepAliveFinalRefsPhase of Reference Processing: no references
[3296.769s][debug][gc,ref         ] GC(86) Skipped PhantomRefsPhase of Reference Processing: no references
[3296.769s][debug][gc,phases      ] GC(86) Reference Processing 0.022ms
[3296.769s][debug][gc,phases      ] GC(86)   VM Weak                        Min:  0.0, Avg:  0.0, Max:  0.0, Diff:  0.0, Sum:  0.0, Workers: 4
[3296.769s][debug][gc,phases      ] GC(86)     Dead                           Min: 0, Avg:  0.0, Max: 0, Diff: 0, Sum: 0, Workers: 4
[3296.769s][debug][gc,phases      ] GC(86)     Total                          Min: 0, Avg: 243.2, Max: 704, Diff: 704, Sum: 973, Workers: 4
[3296.769s][debug][gc,phases      ] GC(86)   ObjectSynchronizer Weak        Min:  0.0, Avg:  0.0, Max:  0.0, Diff:  0.0, Sum:  0.0, Workers: 4
[3296.769s][debug][gc,phases      ] GC(86)     Dead                           Min: 0, Avg:  0.0, Max: 0, Diff: 0, Sum: 0, Workers: 4
[3296.769s][debug][gc,phases      ] GC(86)     Total                          Min: 0, Avg:  1.0, Max: 4, Diff: 4, Sum: 4, Workers: 4
[3296.769s][debug][gc,phases      ] GC(86)   JVMTI Tag Weak OopStorage      Min:  0.0, Avg:  0.0, Max:  0.0, Diff:  0.0, Sum:  0.0, Workers: 4
[3296.769s][debug][gc,phases      ] GC(86)     Dead                           Min: 0, Avg:  0.0, Max: 0, Diff: 0, Sum: 0, Workers: 4
[3296.769s][debug][gc,phases      ] GC(86)     Total                          Min: 0, Avg:  0.0, Max: 0, Diff: 0, Sum: 0, Workers: 4
[3296.769s][debug][gc,phases      ] GC(86)   StringTable Weak               Min:  0.0, Avg:  0.1, Max:  0.1, Diff:  0.1, Sum:  0.4, Workers: 4
[3296.769s][debug][gc,phases      ] GC(86)     Dead                           Min: 0, Avg:  0.0, Max: 0, Diff: 0, Sum: 0, Workers: 4
[3296.769s][debug][gc,phases      ] GC(86)     Total                          Min: 0, Avg: 11574.0, Max: 19136, Diff: 19136, Sum: 46296, Workers: 4
[3296.769s][debug][gc,phases      ] GC(86)   ResolvedMethodTable Weak       Min:  0.0, Avg:  0.0, Max:  0.0, Diff:  0.0, Sum:  0.1, Workers: 4
[3296.769s][debug][gc,phases      ] GC(86)     Dead                           Min: 0, Avg:  4.0, Max: 16, Diff: 16, Sum: 16, Workers: 4
[3296.769s][debug][gc,phases      ] GC(86)     Total                          Min: 0, Avg: 3813.2, Max: 6149, Diff: 6149, Sum: 15253, Workers: 4
[3296.769s][debug][gc,phases      ] GC(86)   JNI Weak                       Min:  0.0, Avg:  0.0, Max:  0.0, Diff:  0.0, Sum:  0.0, Workers: 4
[3296.769s][debug][gc,phases      ] GC(86)     Dead                           Min: 0, Avg:  0.0, Max: 0, Diff: 0, Sum: 0, Workers: 4
[3296.769s][debug][gc,phases      ] GC(86)     Total                          Min: 0, Avg: 13.0, Max: 48, Diff: 48, Sum: 52, Workers: 4
[3296.769s][debug][gc,phases      ] GC(86)   StringDedup Table Weak         Min:  0.0, Avg:  0.0, Max:  0.0, Diff:  0.0, Sum:  0.0, Workers: 4
[3296.769s][debug][gc,phases      ] GC(86)     Dead                           Min: 0, Avg:  0.0, Max: 0, Diff: 0, Sum: 0, Workers: 4
[3296.769s][debug][gc,phases      ] GC(86)     Total                          Min: 0, Avg:  0.0, Max: 0, Diff: 0, Sum: 0, Workers: 4
[3296.769s][debug][gc,phases      ] GC(86)   StringDedup Requests0 Weak     Min:  0.0, Avg:  0.0, Max:  0.0, Diff:  0.0, Sum:  0.0, Workers: 4
[3296.769s][debug][gc,phases      ] GC(86)     Dead                           Min: 0, Avg:  0.0, Max: 0, Diff: 0, Sum: 0, Workers: 4
[3296.769s][debug][gc,phases      ] GC(86)     Total                          Min: 0, Avg:  0.0, Max: 0, Diff: 0, Sum: 0, Workers: 4
[3296.769s][debug][gc,phases      ] GC(86)   StringDedup Requests1 Weak     Min:  0.0, Avg:  0.0, Max:  0.0, Diff:  0.0, Sum:  0.0, Workers: 4
[3296.769s][debug][gc,phases      ] GC(86)     Dead                           Min: 0, Avg:  0.0, Max: 0, Diff: 0, Sum: 0, Workers: 4
[3296.769s][debug][gc,phases      ] GC(86)     Total                          Min: 0, Avg:  0.0, Max: 0, Diff: 0, Sum: 0, Workers: 4
[3296.769s][debug][gc,phases      ] GC(86)   Weak JFR Old Object Samples    Min:  0.0, Avg:  0.0, Max:  0.0, Diff:  0.0, Sum:  0.0, Workers: 4
[3296.769s][debug][gc,phases      ] GC(86)     Dead                           Min: 0, Avg:  0.0, Max: 0, Diff: 0, Sum: 0, Workers: 4
[3296.769s][debug][gc,phases      ] GC(86)     Total                          Min: 0, Avg:  0.0, Max: 0, Diff: 0, Sum: 0, Workers: 4
[3296.769s][debug][gc,phases      ] GC(86) Weak Processing 0.406ms
[3296.769s][debug][gc,age         ] GC(86) Desired survivor size 21495808 bytes, new threshold 1 (max threshold 15)
[3296.769s][info ][gc,heap        ] GC(86) PSYoungGen: 2062192K(2075648K)->9152K(2074624K) Eden: 2053120K(2053120K)->0K(2053120K) From: 9072K(22528K)->9152K(21504K)
[3296.769s][info ][gc,heap        ] GC(86) ParOldGen: 401709K(513024K)->403238K(513024K)
[3296.769s][info ][gc,metaspace   ] GC(86) Metaspace: 106396K(107712K)->106396K(107712K) NonClass: 90368K(91072K)->90368K(91072K) Class: 16027K(16640K)->16027K(16640K)
[3296.769s][info ][gc             ] GC(86) Pause Young (Allocation Failure) 2406M->402M(2527M) 9.049ms
[3296.769s][info ][gc,cpu         ] GC(86) User=0.04s Sys=0.00s Real=0.01s
[3296.769s][info ][safepoint      ] Safepoint "ParallelGCFailedAllocation", Time since last: 7235208729 ns, Reaching safepoint: 100399 ns, Cleanup: 5500 ns, At safepoint: 9120352 ns, Total: 9226251 ns
[3299.769s][info ][safepoint      ] Safepoint "Cleanup", Time since last: 3000235530 ns, Reaching safepoint: 5500 ns, Cleanup: 8300 ns, At safepoint: 2200 ns, Total: 16000 ns
[3314.168s][info ][safepoint      ] Safepoint "Cleanup", Time since last: 14398651542 ns, Reaching safepoint: 7300 ns, Cleanup: 18200 ns, At safepoint: 2000 ns, Total: 27500 ns
[3317.168s][info ][safepoint      ] Safepoint "Cleanup", Time since last: 3000242193 ns, Reaching safepoint: 78400 ns, Cleanup: 10800 ns, At safepoint: 7500 ns, Total: 96700 ns
[3319.169s][info ][safepoint      ] Safepoint "Cleanup", Time since last: 2000189307 ns, Reaching safepoint: 7200 ns, Cleanup: 10300 ns, At safepoint: 2600 ns, Total: 20100 ns
[3343.894s][info ][gc,start       ] GC(87) Pause Young (Allocation Failure)
[3343.902s][debug][gc,phases      ] GC(87) Scavenge 7.778ms
[3343.902s][debug][gc,ref         ] GC(87) Skipped SoftWeakFinalRefsPhase of Reference Processing: no references
[3343.902s][debug][gc,ref         ] GC(87) Skipped KeepAliveFinalRefsPhase of Reference Processing: no references
[3343.902s][debug][gc,ref         ] GC(87) ReferenceProcessor::execute queues: 1, RefProcThreadModel::Single, marks_oops_alive: false
[3343.902s][debug][gc,phases      ] GC(87) Reference Processing 0.101ms
[3343.902s][debug][gc,phases      ] GC(87)   VM Weak                        Min:  0.0, Avg:  0.0, Max:  0.0, Diff:  0.0, Sum:  0.0, Workers: 4
[3343.902s][debug][gc,phases      ] GC(87)     Dead                           Min: 0, Avg:  0.0, Max: 0, Diff: 0, Sum: 0, Workers: 4
[3343.902s][debug][gc,phases      ] GC(87)     Total                          Min: 0, Avg: 243.2, Max: 781, Diff: 781, Sum: 973, Workers: 4
[3343.902s][debug][gc,phases      ] GC(87)   ObjectSynchronizer Weak        Min:  0.0, Avg:  0.0, Max:  0.0, Diff:  0.0, Sum:  0.0, Workers: 4
[3343.902s][debug][gc,phases      ] GC(87)     Dead                           Min: 0, Avg:  0.0, Max: 0, Diff: 0, Sum: 0, Workers: 4
[3343.902s][debug][gc,phases      ] GC(87)     Total                          Min: 0, Avg:  1.0, Max: 4, Diff: 4, Sum: 4, Workers: 4
[3343.902s][debug][gc,phases      ] GC(87)   JVMTI Tag Weak OopStorage      Min:  0.0, Avg:  0.0, Max:  0.0, Diff:  0.0, Sum:  0.0, Workers: 4
[3343.902s][debug][gc,phases      ] GC(87)     Dead                           Min: 0, Avg:  0.0, Max: 0, Diff: 0, Sum: 0, Workers: 4
[3343.902s][debug][gc,phases      ] GC(87)     Total                          Min: 0, Avg:  0.0, Max: 0, Diff: 0, Sum: 0, Workers: 4
[3343.902s][debug][gc,phases      ] GC(87)   StringTable Weak               Min:  0.0, Avg:  0.1, Max:  0.1, Diff:  0.1, Sum:  0.4, Workers: 4
[3343.902s][debug][gc,phases      ] GC(87)     Dead                           Min: 0, Avg:  0.0, Max: 0, Diff: 0, Sum: 0, Workers: 4
[3343.903s][debug][gc,phases      ] GC(87)     Total                          Min: 0, Avg: 11574.0, Max: 19992, Diff: 19992, Sum: 46296, Workers: 4
[3343.903s][debug][gc,phases      ] GC(87)   ResolvedMethodTable Weak       Min:  0.0, Avg:  0.0, Max:  0.0, Diff:  0.0, Sum:  0.1, Workers: 4
[3343.903s][debug][gc,phases      ] GC(87)     Dead                           Min: 0, Avg:  4.0, Max: 16, Diff: 16, Sum: 16, Workers: 4
[3343.903s][debug][gc,phases      ] GC(87)     Total                          Min: 0, Avg: 3813.2, Max: 6619, Diff: 6619, Sum: 15253, Workers: 4
[3343.903s][debug][gc,phases      ] GC(87)   JNI Weak                       Min:  0.0, Avg:  0.0, Max:  0.0, Diff:  0.0, Sum:  0.0, Workers: 4
[3343.903s][debug][gc,phases      ] GC(87)     Dead                           Min: 0, Avg:  0.0, Max: 0, Diff: 0, Sum: 0, Workers: 4
[3343.903s][debug][gc,phases      ] GC(87)     Total                          Min: 0, Avg: 13.0, Max: 48, Diff: 48, Sum: 52, Workers: 4
[3343.903s][debug][gc,phases      ] GC(87)   StringDedup Table Weak         Min:  0.0, Avg:  0.0, Max:  0.0, Diff:  0.0, Sum:  0.0, Workers: 4
[3343.903s][debug][gc,phases      ] GC(87)     Dead                           Min: 0, Avg:  0.0, Max: 0, Diff: 0, Sum: 0, Workers: 4
[3343.903s][debug][gc,phases      ] GC(87)     Total                          Min: 0, Avg:  0.0, Max: 0, Diff: 0, Sum: 0, Workers: 4
[3343.903s][debug][gc,phases      ] GC(87)   StringDedup Requests0 Weak     Min:  0.0, Avg:  0.0, Max:  0.0, Diff:  0.0, Sum:  0.0, Workers: 4
[3343.903s][debug][gc,phases      ] GC(87)     Dead                           Min: 0, Avg:  0.0, Max: 0, Diff: 0, Sum: 0, Workers: 4
[3343.903s][debug][gc,phases      ] GC(87)     Total                          Min: 0, Avg:  0.0, Max: 0, Diff: 0, Sum: 0, Workers: 4
[3343.903s][debug][gc,phases      ] GC(87)   StringDedup Requests1 Weak     Min:  0.0, Avg:  0.0, Max:  0.0, Diff:  0.0, Sum:  0.0, Workers: 4
[3343.903s][debug][gc,phases      ] GC(87)     Dead                           Min: 0, Avg:  0.0, Max: 0, Diff: 0, Sum: 0, Workers: 4
[3343.903s][debug][gc,phases      ] GC(87)     Total                          Min: 0, Avg:  0.0, Max: 0, Diff: 0, Sum: 0, Workers: 4
[3343.903s][debug][gc,phases      ] GC(87)   Weak JFR Old Object Samples    Min:  0.0, Avg:  0.0, Max:  0.0, Diff:  0.0, Sum:  0.0, Workers: 4
[3343.903s][debug][gc,phases      ] GC(87)     Dead                           Min: 0, Avg:  0.0, Max: 0, Diff: 0, Sum: 0, Workers: 4
[3343.903s][debug][gc,phases      ] GC(87)     Total                          Min: 0, Avg:  0.0, Max: 0, Diff: 0, Sum: 0, Workers: 4
[3343.903s][debug][gc,phases      ] GC(87) Weak Processing 0.398ms
[3343.903s][debug][gc,age         ] GC(87) Desired survivor size 20447232 bytes, new threshold 1 (max threshold 15)
[3343.903s][info ][gc,heap        ] GC(87) PSYoungGen: 2062272K(2074624K)->9568K(2077184K) Eden: 2053120K(2053120K)->0K(2056192K) From: 9152K(21504K)->9568K(20992K)
[3343.903s][info ][gc,heap        ] GC(87) ParOldGen: 403238K(513024K)->404846K(513024K)
[3343.903s][info ][gc,metaspace   ] GC(87) Metaspace: 106399K(107712K)->106399K(107712K) NonClass: 90371K(91072K)->90371K(91072K) Class: 16027K(16640K)->16027K(16640K)
[3343.903s][info ][gc             ] GC(87) Pause Young (Allocation Failure) 2407M->404M(2529M) 8.408ms
[3343.903s][info ][gc,cpu         ] GC(87) User=0.03s Sys=0.00s Real=0.01s
[3343.903s][info ][safepoint      ] Safepoint "ParallelGCFailedAllocation", Time since last: 24725555397 ns, Reaching safepoint: 7100 ns, Cleanup: 5600 ns, At safepoint: 8481355 ns, Total: 8494055 ns
[3375.186s][info ][safepoint      ] Safepoint "Cleanup", Time since last: 31283115708 ns, Reaching safepoint: 7600 ns, Cleanup: 13200 ns, At safepoint: 2300 ns, Total: 23100 ns
[3376.186s][info ][safepoint      ] Safepoint "Cleanup", Time since last: 1000134367 ns, Reaching safepoint: 8000 ns, Cleanup: 14300 ns, At safepoint: 2600 ns, Total: 24900 ns
[3393.322s][info ][gc,start       ] GC(88) Pause Young (Allocation Failure)
[3393.330s][debug][gc,phases      ] GC(88) Scavenge 7.854ms
[3393.330s][debug][gc,ref         ] GC(88) Skipped SoftWeakFinalRefsPhase of Reference Processing: no references
[3393.330s][debug][gc,ref         ] GC(88) Skipped KeepAliveFinalRefsPhase of Reference Processing: no references
[3393.330s][debug][gc,ref         ] GC(88) ReferenceProcessor::execute queues: 1, RefProcThreadModel::Single, marks_oops_alive: false
[3393.330s][debug][gc,phases      ] GC(88) Reference Processing 0.100ms
[3393.330s][debug][gc,phases      ] GC(88)   VM Weak                        Min:  0.0, Avg:  0.0, Max:  0.0, Diff:  0.0, Sum:  0.0, Workers: 4
[3393.330s][debug][gc,phases      ] GC(88)     Dead                           Min: 0, Avg:  0.0, Max: 0, Diff: 0, Sum: 0, Workers: 4
[3393.330s][debug][gc,phases      ] GC(88)     Total                          Min: 0, Avg: 243.2, Max: 832, Diff: 832, Sum: 973, Workers: 4
[3393.330s][debug][gc,phases      ] GC(88)   ObjectSynchronizer Weak        Min:  0.0, Avg:  0.0, Max:  0.0, Diff:  0.0, Sum:  0.0, Workers: 4
[3393.330s][debug][gc,phases      ] GC(88)     Dead                           Min: 0, Avg:  0.0, Max: 0, Diff: 0, Sum: 0, Workers: 4
[3393.330s][debug][gc,phases      ] GC(88)     Total                          Min: 0, Avg:  1.0, Max: 4, Diff: 4, Sum: 4, Workers: 4
[3393.330s][debug][gc,phases      ] GC(88)   JVMTI Tag Weak OopStorage      Min:  0.0, Avg:  0.0, Max:  0.0, Diff:  0.0, Sum:  0.0, Workers: 4
[3393.330s][debug][gc,phases      ] GC(88)     Dead                           Min: 0, Avg:  0.0, Max: 0, Diff: 0, Sum: 0, Workers: 4
[3393.330s][debug][gc,phases      ] GC(88)     Total                          Min: 0, Avg:  0.0, Max: 0, Diff: 0, Sum: 0, Workers: 4
[3393.330s][debug][gc,phases      ] GC(88)   StringTable Weak               Min:  0.0, Avg:  0.1, Max:  0.1, Diff:  0.1, Sum:  0.4, Workers: 4
[3393.330s][debug][gc,phases      ] GC(88)     Dead                           Min: 0, Avg:  0.0, Max: 0, Diff: 0, Sum: 0, Workers: 4
[3393.330s][debug][gc,phases      ] GC(88)     Total                          Min: 0, Avg: 11574.0, Max: 19968, Diff: 19968, Sum: 46296, Workers: 4
[3393.330s][debug][gc,phases      ] GC(88)   ResolvedMethodTable Weak       Min:  0.0, Avg:  0.0, Max:  0.1, Diff:  0.1, Sum:  0.2, Workers: 4
[3393.330s][debug][gc,phases      ] GC(88)     Dead                           Min: 0, Avg:  4.0, Max: 16, Diff: 16, Sum: 16, Workers: 4
[3393.330s][debug][gc,phases      ] GC(88)     Total                          Min: 0, Avg: 3813.2, Max: 6282, Diff: 6282, Sum: 15253, Workers: 4
[3393.330s][debug][gc,phases      ] GC(88)   JNI Weak                       Min:  0.0, Avg:  0.0, Max:  0.0, Diff:  0.0, Sum:  0.0, Workers: 4
[3393.330s][debug][gc,phases      ] GC(88)     Dead                           Min: 0, Avg:  0.0, Max: 0, Diff: 0, Sum: 0, Workers: 4
[3393.330s][debug][gc,phases      ] GC(88)     Total                          Min: 0, Avg: 13.0, Max: 48, Diff: 48, Sum: 52, Workers: 4
[3393.330s][debug][gc,phases      ] GC(88)   StringDedup Table Weak         Min:  0.0, Avg:  0.0, Max:  0.0, Diff:  0.0, Sum:  0.0, Workers: 4
[3393.330s][debug][gc,phases      ] GC(88)     Dead                           Min: 0, Avg:  0.0, Max: 0, Diff: 0, Sum: 0, Workers: 4
[3393.330s][debug][gc,phases      ] GC(88)     Total                          Min: 0, Avg:  0.0, Max: 0, Diff: 0, Sum: 0, Workers: 4
[3393.330s][debug][gc,phases      ] GC(88)   StringDedup Requests0 Weak     Min:  0.0, Avg:  0.0, Max:  0.0, Diff:  0.0, Sum:  0.0, Workers: 4
[3393.330s][debug][gc,phases      ] GC(88)     Dead                           Min: 0, Avg:  0.0, Max: 0, Diff: 0, Sum: 0, Workers: 4
[3393.330s][debug][gc,phases      ] GC(88)     Total                          Min: 0, Avg:  0.0, Max: 0, Diff: 0, Sum: 0, Workers: 4
[3393.330s][debug][gc,phases      ] GC(88)   StringDedup Requests1 Weak     Min:  0.0, Avg:  0.0, Max:  0.0, Diff:  0.0, Sum:  0.0, Workers: 4
[3393.330s][debug][gc,phases      ] GC(88)     Dead                           Min: 0, Avg:  0.0, Max: 0, Diff: 0, Sum: 0, Workers: 4
[3393.331s][debug][gc,phases      ] GC(88)     Total                          Min: 0, Avg:  0.0, Max: 0, Diff: 0, Sum: 0, Workers: 4
[3393.331s][debug][gc,phases      ] GC(88)   Weak JFR Old Object Samples    Min:  0.0, Avg:  0.0, Max:  0.0, Diff:  0.0, Sum:  0.0, Workers: 4
[3393.331s][debug][gc,phases      ] GC(88)     Dead                           Min: 0, Avg:  0.0, Max: 0, Diff: 0, Sum: 0, Workers: 4
[3393.331s][debug][gc,phases      ] GC(88)     Total                          Min: 0, Avg:  0.0, Max: 0, Diff: 0, Sum: 0, Workers: 4
[3393.331s][debug][gc,phases      ] GC(88) Weak Processing 0.411ms
[3393.331s][debug][gc,age         ] GC(88) Desired survivor size 19922944 bytes, new threshold 1 (max threshold 15)
[3393.331s][info ][gc,heap        ] GC(88) PSYoungGen: 2065760K(2077184K)->9712K(2076160K) Eden: 2056192K(2056192K)->0K(2056192K) From: 9568K(20992K)->9712K(19968K)
[3393.331s][info ][gc,heap        ] GC(88) ParOldGen: 404846K(513024K)->406455K(513024K)
[3393.331s][info ][gc,metaspace   ] GC(88) Metaspace: 106401K(107712K)->106401K(107712K) NonClass: 90373K(91072K)->90373K(91072K) Class: 16027K(16640K)->16027K(16640K)
[3393.331s][info ][gc             ] GC(88) Pause Young (Allocation Failure) 2412M->406M(2528M) 8.500ms
[3393.331s][info ][gc,cpu         ] GC(88) User=0.03s Sys=0.00s Real=0.01s
[3393.331s][info ][safepoint      ] Safepoint "ParallelGCFailedAllocation", Time since last: 17136061458 ns, Reaching safepoint: 5500 ns, Cleanup: 4700 ns, At safepoint: 8572759 ns, Total: 8582959 ns
[3400.331s][info ][safepoint      ] Safepoint "Cleanup", Time since last: 7000505460 ns, Reaching safepoint: 5400 ns, Cleanup: 10500 ns, At safepoint: 2000 ns, Total: 17900 ns
[3405.332s][info ][safepoint      ] Safepoint "Cleanup", Time since last: 5000381599 ns, Reaching safepoint: 5599 ns, Cleanup: 9600 ns, At safepoint: 24300 ns, Total: 39499 ns
[3408.332s][info ][safepoint      ] Safepoint "Cleanup", Time since last: 3000246682 ns, Reaching safepoint: 5700 ns, Cleanup: 11900 ns, At safepoint: 2000 ns, Total: 19600 ns
[3414.332s][info ][safepoint      ] Safepoint "Cleanup", Time since last: 6000474152 ns, Reaching safepoint: 6700 ns, Cleanup: 11900 ns, At safepoint: 2100 ns, Total: 20700 ns
[3422.203s][info ][safepoint      ] Safepoint "Cleanup", Time since last: 7870728315 ns, Reaching safepoint: 6300 ns, Cleanup: 11400 ns, At safepoint: 2500 ns, Total: 20200 ns
[3429.204s][info ][safepoint      ] Safepoint "Cleanup", Time since last: 7000543398 ns, Reaching safepoint: 7100 ns, Cleanup: 13200 ns, At safepoint: 2500 ns, Total: 22800 ns
[3445.061s][info ][gc,start       ] GC(89) Pause Young (Allocation Failure)
[3445.069s][debug][gc,phases      ] GC(89) Scavenge 8.213ms
[3445.070s][debug][gc,ref         ] GC(89) ReferenceProcessor::execute queues: 1, RefProcThreadModel::Single, marks_oops_alive: false
[3445.070s][debug][gc,ref         ] GC(89) Skipped KeepAliveFinalRefsPhase of Reference Processing: no references
[3445.070s][debug][gc,ref         ] GC(89) ReferenceProcessor::execute queues: 1, RefProcThreadModel::Single, marks_oops_alive: false
[3445.070s][debug][gc,phases      ] GC(89) Reference Processing 0.102ms
[3445.070s][debug][gc,phases      ] GC(89)   VM Weak                        Min:  0.0, Avg:  0.0, Max:  0.0, Diff:  0.0, Sum:  0.0, Workers: 4
[3445.070s][debug][gc,phases      ] GC(89)     Dead                           Min: 0, Avg:  0.0, Max: 0, Diff: 0, Sum: 0, Workers: 4
[3445.070s][debug][gc,phases      ] GC(89)     Total                          Min: 0, Avg: 243.2, Max: 973, Diff: 973, Sum: 973, Workers: 4
[3445.070s][debug][gc,phases      ] GC(89)   ObjectSynchronizer Weak        Min:  0.0, Avg:  0.0, Max:  0.0, Diff:  0.0, Sum:  0.0, Workers: 4
[3445.070s][debug][gc,phases      ] GC(89)     Dead                           Min: 0, Avg:  0.0, Max: 0, Diff: 0, Sum: 0, Workers: 4
[3445.070s][debug][gc,phases      ] GC(89)     Total                          Min: 0, Avg:  0.8, Max: 3, Diff: 3, Sum: 3, Workers: 4
[3445.070s][debug][gc,phases      ] GC(89)   JVMTI Tag Weak OopStorage      Min:  0.0, Avg:  0.0, Max:  0.0, Diff:  0.0, Sum:  0.0, Workers: 4
[3445.070s][debug][gc,phases      ] GC(89)     Dead                           Min: 0, Avg:  0.0, Max: 0, Diff: 0, Sum: 0, Workers: 4
[3445.070s][debug][gc,phases      ] GC(89)     Total                          Min: 0, Avg:  0.0, Max: 0, Diff: 0, Sum: 0, Workers: 4
[3445.070s][debug][gc,phases      ] GC(89)   StringTable Weak               Min:  0.0, Avg:  0.1, Max:  0.1, Diff:  0.1, Sum:  0.4, Workers: 4
[3445.070s][debug][gc,phases      ] GC(89)     Dead                           Min: 0, Avg:  0.0, Max: 0, Diff: 0, Sum: 0, Workers: 4
[3445.070s][debug][gc,phases      ] GC(89)     Total                          Min: 0, Avg: 11574.2, Max: 18752, Diff: 18752, Sum: 46297, Workers: 4
[3445.070s][debug][gc,phases      ] GC(89)   ResolvedMethodTable Weak       Min:  0.0, Avg:  0.0, Max:  0.0, Diff:  0.0, Sum:  0.1, Workers: 4
[3445.070s][debug][gc,phases      ] GC(89)     Dead                           Min: 0, Avg:  4.0, Max: 16, Diff: 16, Sum: 16, Workers: 4
[3445.070s][debug][gc,phases      ] GC(89)     Total                          Min: 0, Avg: 3813.8, Max: 6157, Diff: 6157, Sum: 15255, Workers: 4
[3445.070s][debug][gc,phases      ] GC(89)   JNI Weak                       Min:  0.0, Avg:  0.0, Max:  0.0, Diff:  0.0, Sum:  0.0, Workers: 4
[3445.070s][debug][gc,phases      ] GC(89)     Dead                           Min: 0, Avg:  0.0, Max: 0, Diff: 0, Sum: 0, Workers: 4
[3445.070s][debug][gc,phases      ] GC(89)     Total                          Min: 0, Avg: 13.0, Max: 48, Diff: 48, Sum: 52, Workers: 4
[3445.070s][debug][gc,phases      ] GC(89)   StringDedup Table Weak         Min:  0.0, Avg:  0.0, Max:  0.0, Diff:  0.0, Sum:  0.0, Workers: 4
[3445.070s][debug][gc,phases      ] GC(89)     Dead                           Min: 0, Avg:  0.0, Max: 0, Diff: 0, Sum: 0, Workers: 4
[3445.070s][debug][gc,phases      ] GC(89)     Total                          Min: 0, Avg:  0.0, Max: 0, Diff: 0, Sum: 0, Workers: 4
[3445.070s][debug][gc,phases      ] GC(89)   StringDedup Requests0 Weak     Min:  0.0, Avg:  0.0, Max:  0.0, Diff:  0.0, Sum:  0.0, Workers: 4
[3445.070s][debug][gc,phases      ] GC(89)     Dead                           Min: 0, Avg:  0.0, Max: 0, Diff: 0, Sum: 0, Workers: 4
[3445.070s][debug][gc,phases      ] GC(89)     Total                          Min: 0, Avg:  0.0, Max: 0, Diff: 0, Sum: 0, Workers: 4
[3445.070s][debug][gc,phases      ] GC(89)   StringDedup Requests1 Weak     Min:  0.0, Avg:  0.0, Max:  0.0, Diff:  0.0, Sum:  0.0, Workers: 4
[3445.070s][debug][gc,phases      ] GC(89)     Dead                           Min: 0, Avg:  0.0, Max: 0, Diff: 0, Sum: 0, Workers: 4
[3445.070s][debug][gc,phases      ] GC(89)     Total                          Min: 0, Avg:  0.0, Max: 0, Diff: 0, Sum: 0, Workers: 4
[3445.070s][debug][gc,phases      ] GC(89)   Weak JFR Old Object Samples    Min:  0.0, Avg:  0.0, Max:  0.0, Diff:  0.0, Sum:  0.0, Workers: 4
[3445.070s][debug][gc,phases      ] GC(89)     Dead                           Min: 0, Avg:  0.0, Max: 0, Diff: 0, Sum: 0, Workers: 4
[3445.070s][debug][gc,phases      ] GC(89)     Total                          Min: 0, Avg:  0.0, Max: 0, Diff: 0, Sum: 0, Workers: 4
[3445.070s][debug][gc,phases      ] GC(89) Weak Processing 0.400ms
[3445.070s][debug][gc,age         ] GC(89) Desired survivor size 18874368 bytes, new threshold 1 (max threshold 15)
[3445.070s][info ][gc,heap        ] GC(89) PSYoungGen: 2065904K(2076160K)->9712K(2078720K) Eden: 2056191K(2056192K)->0K(2059264K) From: 9712K(19968K)->9712K(19456K)
[3445.070s][info ][gc,heap        ] GC(89) ParOldGen: 406455K(513024K)->408184K(513024K)
[3445.070s][info ][gc,metaspace   ] GC(89) Metaspace: 106414K(107712K)->106414K(107712K) NonClass: 90386K(91072K)->90386K(91072K) Class: 16028K(16640K)->16028K(16640K)
[3445.070s][info ][gc             ] GC(89) Pause Young (Allocation Failure) 2414M->408M(2531M) 8.814ms
[3445.070s][info ][gc,cpu         ] GC(89) User=0.03s Sys=0.00s Real=0.01s
[3445.070s][info ][safepoint      ] Safepoint "ParallelGCFailedAllocation", Time since last: 15857477697 ns, Reaching safepoint: 5900 ns, Cleanup: 4300 ns, At safepoint: 8899754 ns, Total: 8909954 ns
[3462.071s][info ][safepoint      ] Safepoint "Cleanup", Time since last: 17001216568 ns, Reaching safepoint: 4600 ns, Cleanup: 10200 ns, At safepoint: 2000 ns, Total: 16800 ns
[3464.071s][info ][safepoint      ] Safepoint "Cleanup", Time since last: 2000184252 ns, Reaching safepoint: 4900 ns, Cleanup: 17200 ns, At safepoint: 2100 ns, Total: 24200 ns
[3466.072s][info ][safepoint      ] Safepoint "Cleanup", Time since last: 2000180852 ns, Reaching safepoint: 6400 ns, Cleanup: 9700 ns, At safepoint: 27399 ns, Total: 43499 ns
[3470.072s][info ][safepoint      ] Safepoint "Cleanup", Time since last: 4000330638 ns, Reaching safepoint: 6300 ns, Cleanup: 9900 ns, At safepoint: 2100 ns, Total: 18300 ns
[3478.073s][info ][safepoint      ] Safepoint "Cleanup", Time since last: 8000628799 ns, Reaching safepoint: 6400 ns, Cleanup: 10800 ns, At safepoint: 1900 ns, Total: 19100 ns
[3493.221s][info ][safepoint      ] Safepoint "Cleanup", Time since last: 15148799494 ns, Reaching safepoint: 6200 ns, Cleanup: 9700 ns, At safepoint: 2200 ns, Total: 18100 ns
[3494.682s][info ][gc,start       ] GC(90) Pause Young (Allocation Failure)
[3494.692s][debug][gc,phases      ] GC(90) Scavenge 9.354ms
[3494.692s][debug][gc,ref         ] GC(90) Skipped SoftWeakFinalRefsPhase of Reference Processing: no references
[3494.692s][debug][gc,ref         ] GC(90) Skipped KeepAliveFinalRefsPhase of Reference Processing: no references
[3494.692s][debug][gc,ref         ] GC(90) ReferenceProcessor::execute queues: 1, RefProcThreadModel::Single, marks_oops_alive: false
[3494.692s][debug][gc,phases      ] GC(90) Reference Processing 0.156ms
[3494.692s][debug][gc,phases      ] GC(90)   VM Weak                        Min:  0.0, Avg:  0.0, Max:  0.0, Diff:  0.0, Sum:  0.0, Workers: 4
[3494.692s][debug][gc,phases      ] GC(90)     Dead                           Min: 0, Avg:  0.0, Max: 0, Diff: 0, Sum: 0, Workers: 4
[3494.692s][debug][gc,phases      ] GC(90)     Total                          Min: 0, Avg: 243.2, Max: 717, Diff: 717, Sum: 973, Workers: 4
[3494.692s][debug][gc,phases      ] GC(90)   ObjectSynchronizer Weak        Min:  0.0, Avg:  0.0, Max:  0.0, Diff:  0.0, Sum:  0.0, Workers: 4
[3494.692s][debug][gc,phases      ] GC(90)     Dead                           Min: 0, Avg:  0.0, Max: 0, Diff: 0, Sum: 0, Workers: 4
[3494.692s][debug][gc,phases      ] GC(90)     Total                          Min: 0, Avg:  1.0, Max: 4, Diff: 4, Sum: 4, Workers: 4
[3494.692s][debug][gc,phases      ] GC(90)   JVMTI Tag Weak OopStorage      Min:  0.0, Avg:  0.0, Max:  0.0, Diff:  0.0, Sum:  0.0, Workers: 4
[3494.692s][debug][gc,phases      ] GC(90)     Dead                           Min: 0, Avg:  0.0, Max: 0, Diff: 0, Sum: 0, Workers: 4
[3494.692s][debug][gc,phases      ] GC(90)     Total                          Min: 0, Avg:  0.0, Max: 0, Diff: 0, Sum: 0, Workers: 4
[3494.692s][debug][gc,phases      ] GC(90)   StringTable Weak               Min:  0.0, Avg:  0.1, Max:  0.2, Diff:  0.2, Sum:  0.5, Workers: 4
[3494.692s][debug][gc,phases      ] GC(90)     Dead                           Min: 0, Avg:  0.0, Max: 0, Diff: 0, Sum: 0, Workers: 4
[3494.692s][debug][gc,phases      ] GC(90)     Total                          Min: 0, Avg: 11574.5, Max: 15834, Diff: 15834, Sum: 46298, Workers: 4
[3494.692s][debug][gc,phases      ] GC(90)   ResolvedMethodTable Weak       Min:  0.0, Avg:  0.1, Max:  0.1, Diff:  0.1, Sum:  0.2, Workers: 4
[3494.692s][debug][gc,phases      ] GC(90)     Dead                           Min: 0, Avg:  4.0, Max: 16, Diff: 16, Sum: 16, Workers: 4
[3494.692s][debug][gc,phases      ] GC(90)     Total                          Min: 0, Avg: 3813.8, Max: 6022, Diff: 6022, Sum: 15255, Workers: 4
[3494.692s][debug][gc,phases      ] GC(90)   JNI Weak                       Min:  0.0, Avg:  0.0, Max:  0.0, Diff:  0.0, Sum:  0.0, Workers: 4
[3494.692s][debug][gc,phases      ] GC(90)     Dead                           Min: 0, Avg:  0.0, Max: 0, Diff: 0, Sum: 0, Workers: 4
[3494.692s][debug][gc,phases      ] GC(90)     Total                          Min: 0, Avg: 13.0, Max: 48, Diff: 48, Sum: 52, Workers: 4
[3494.692s][debug][gc,phases      ] GC(90)   StringDedup Table Weak         Min:  0.0, Avg:  0.0, Max:  0.0, Diff:  0.0, Sum:  0.0, Workers: 4
[3494.692s][debug][gc,phases      ] GC(90)     Dead                           Min: 0, Avg:  0.0, Max: 0, Diff: 0, Sum: 0, Workers: 4
[3494.692s][debug][gc,phases      ] GC(90)     Total                          Min: 0, Avg:  0.0, Max: 0, Diff: 0, Sum: 0, Workers: 4
[3494.692s][debug][gc,phases      ] GC(90)   StringDedup Requests0 Weak     Min:  0.0, Avg:  0.0, Max:  0.0, Diff:  0.0, Sum:  0.0, Workers: 4
[3494.692s][debug][gc,phases      ] GC(90)     Dead                           Min: 0, Avg:  0.0, Max: 0, Diff: 0, Sum: 0, Workers: 4
[3494.693s][debug][gc,phases      ] GC(90)     Total                          Min: 0, Avg:  0.0, Max: 0, Diff: 0, Sum: 0, Workers: 4
[3494.693s][debug][gc,phases      ] GC(90)   StringDedup Requests1 Weak     Min:  0.0, Avg:  0.0, Max:  0.0, Diff:  0.0, Sum:  0.0, Workers: 4
[3494.693s][debug][gc,phases      ] GC(90)     Dead                           Min: 0, Avg:  0.0, Max: 0, Diff: 0, Sum: 0, Workers: 4
[3494.693s][debug][gc,phases      ] GC(90)     Total                          Min: 0, Avg:  0.0, Max: 0, Diff: 0, Sum: 0, Workers: 4
[3494.693s][debug][gc,phases      ] GC(90)   Weak JFR Old Object Samples    Min:  0.0, Avg:  0.0, Max:  0.0, Diff:  0.0, Sum:  0.0, Workers: 4
[3494.693s][debug][gc,phases      ] GC(90)     Dead                           Min: 0, Avg:  0.0, Max: 0, Diff: 0, Sum: 0, Workers: 4
[3494.693s][debug][gc,phases      ] GC(90)     Total                          Min: 0, Avg:  0.0, Max: 0, Diff: 0, Sum: 0, Workers: 4
[3494.693s][debug][gc,phases      ] GC(90) Weak Processing 0.556ms
[3494.693s][debug][gc,age         ] GC(90) Desired survivor size 18350080 bytes, new threshold 1 (max threshold 15)
[3494.693s][info ][gc,heap        ] GC(90) PSYoungGen: 2068976K(2078720K)->8848K(2077696K) Eden: 2059264K(2059264K)->0K(2059264K) From: 9712K(19456K)->8848K(18432K)
[3494.693s][info ][gc,heap        ] GC(90) ParOldGen: 408184K(513024K)->410252K(513024K)
[3494.693s][info ][gc,metaspace   ] GC(90) Metaspace: 106423K(107712K)->106423K(107712K) NonClass: 90395K(91072K)->90395K(91072K) Class: 16028K(16640K)->16028K(16640K)
[3494.693s][info ][gc             ] GC(90) Pause Young (Allocation Failure) 2419M->409M(2530M) 10.202ms
[3494.693s][info ][gc,cpu         ] GC(90) User=0.03s Sys=0.01s Real=0.01s
[3494.693s][info ][safepoint      ] Safepoint "ParallelGCFailedAllocation", Time since last: 1460860846 ns, Reaching safepoint: 5000 ns, Cleanup: 4900 ns, At safepoint: 10276249 ns, Total: 10286149 ns
[3495.693s][info ][safepoint      ] Safepoint "Cleanup", Time since last: 1000093033 ns, Reaching safepoint: 5500 ns, Cleanup: 10700 ns, At safepoint: 22500 ns, Total: 38700 ns
[3496.693s][info ][safepoint      ] Safepoint "Cleanup", Time since last: 1000108434 ns, Reaching safepoint: 6400 ns, Cleanup: 11100 ns, At safepoint: 1900 ns, Total: 19400 ns
[3511.694s][info ][safepoint      ] Safepoint "Cleanup", Time since last: 15001184560 ns, Reaching safepoint: 6800 ns, Cleanup: 10600 ns, At safepoint: 2300 ns, Total: 19700 ns
[3543.239s][info ][safepoint      ] Safepoint "Cleanup", Time since last: 31544754916 ns, Reaching safepoint: 7000 ns, Cleanup: 11600 ns, At safepoint: 2300 ns, Total: 20900 ns
[3544.511s][info ][gc,start       ] GC(91) Pause Young (Allocation Failure)
[3544.518s][debug][gc,phases      ] GC(91) Scavenge 7.583ms
[3544.518s][debug][gc,ref         ] GC(91) Skipped SoftWeakFinalRefsPhase of Reference Processing: no references
[3544.518s][debug][gc,ref         ] GC(91) Skipped KeepAliveFinalRefsPhase of Reference Processing: no references
[3544.518s][debug][gc,ref         ] GC(91) Skipped PhantomRefsPhase of Reference Processing: no references
[3544.518s][debug][gc,phases      ] GC(91) Reference Processing 0.021ms
[3544.519s][debug][gc,phases      ] GC(91)   VM Weak                        Min:  0.0, Avg:  0.0, Max:  0.0, Diff:  0.0, Sum:  0.0, Workers: 4
[3544.519s][debug][gc,phases      ] GC(91)     Dead                           Min: 0, Avg:  0.0, Max: 0, Diff: 0, Sum: 0, Workers: 4
[3544.519s][debug][gc,phases      ] GC(91)     Total                          Min: 0, Avg: 243.2, Max: 909, Diff: 909, Sum: 973, Workers: 4
[3544.519s][debug][gc,phases      ] GC(91)   ObjectSynchronizer Weak        Min:  0.0, Avg:  0.0, Max:  0.0, Diff:  0.0, Sum:  0.0, Workers: 4
[3544.519s][debug][gc,phases      ] GC(91)     Dead                           Min: 0, Avg:  0.0, Max: 0, Diff: 0, Sum: 0, Workers: 4
[3544.519s][debug][gc,phases      ] GC(91)     Total                          Min: 0, Avg:  0.8, Max: 3, Diff: 3, Sum: 3, Workers: 4
[3544.519s][debug][gc,phases      ] GC(91)   JVMTI Tag Weak OopStorage      Min:  0.0, Avg:  0.0, Max:  0.0, Diff:  0.0, Sum:  0.0, Workers: 4
[3544.519s][debug][gc,phases      ] GC(91)     Dead                           Min: 0, Avg:  0.0, Max: 0, Diff: 0, Sum: 0, Workers: 4
[3544.519s][debug][gc,phases      ] GC(91)     Total                          Min: 0, Avg:  0.0, Max: 0, Diff: 0, Sum: 0, Workers: 4
[3544.519s][debug][gc,phases      ] GC(91)   StringTable Weak               Min:  0.0, Avg:  0.1, Max:  0.1, Diff:  0.1, Sum:  0.4, Workers: 4
[3544.519s][debug][gc,phases      ] GC(91)     Dead                           Min: 0, Avg:  0.0, Max: 0, Diff: 0, Sum: 0, Workers: 4
[3544.519s][debug][gc,phases      ] GC(91)     Total                          Min: 0, Avg: 11574.5, Max: 19136, Diff: 19136, Sum: 46298, Workers: 4
[3544.519s][debug][gc,phases      ] GC(91)   ResolvedMethodTable Weak       Min:  0.0, Avg:  0.0, Max:  0.0, Diff:  0.0, Sum:  0.1, Workers: 4
[3544.519s][debug][gc,phases      ] GC(91)     Dead                           Min: 0, Avg:  4.0, Max: 16, Diff: 16, Sum: 16, Workers: 4
[3544.519s][debug][gc,phases      ] GC(91)     Total                          Min: 0, Avg: 3813.8, Max: 6266, Diff: 6266, Sum: 15255, Workers: 4
[3544.519s][debug][gc,phases      ] GC(91)   JNI Weak                       Min:  0.0, Avg:  0.0, Max:  0.0, Diff:  0.0, Sum:  0.0, Workers: 4
[3544.519s][debug][gc,phases      ] GC(91)     Dead                           Min: 0, Avg:  0.0, Max: 0, Diff: 0, Sum: 0, Workers: 4
[3544.519s][debug][gc,phases      ] GC(91)     Total                          Min: 0, Avg: 13.0, Max: 48, Diff: 48, Sum: 52, Workers: 4
[3544.519s][debug][gc,phases      ] GC(91)   StringDedup Table Weak         Min:  0.0, Avg:  0.0, Max:  0.0, Diff:  0.0, Sum:  0.0, Workers: 4
[3544.519s][debug][gc,phases      ] GC(91)     Dead                           Min: 0, Avg:  0.0, Max: 0, Diff: 0, Sum: 0, Workers: 4
[3544.519s][debug][gc,phases      ] GC(91)     Total                          Min: 0, Avg:  0.0, Max: 0, Diff: 0, Sum: 0, Workers: 4
[3544.519s][debug][gc,phases      ] GC(91)   StringDedup Requests0 Weak     Min:  0.0, Avg:  0.0, Max:  0.0, Diff:  0.0, Sum:  0.0, Workers: 4
[3544.519s][debug][gc,phases      ] GC(91)     Dead                           Min: 0, Avg:  0.0, Max: 0, Diff: 0, Sum: 0, Workers: 4
[3544.519s][debug][gc,phases      ] GC(91)     Total                          Min: 0, Avg:  0.0, Max: 0, Diff: 0, Sum: 0, Workers: 4
[3544.519s][debug][gc,phases      ] GC(91)   StringDedup Requests1 Weak     Min:  0.0, Avg:  0.0, Max:  0.0, Diff:  0.0, Sum:  0.0, Workers: 4
[3544.519s][debug][gc,phases      ] GC(91)     Dead                           Min: 0, Avg:  0.0, Max: 0, Diff: 0, Sum: 0, Workers: 4
[3544.519s][debug][gc,phases      ] GC(91)     Total                          Min: 0, Avg:  0.0, Max: 0, Diff: 0, Sum: 0, Workers: 4
[3544.519s][debug][gc,phases      ] GC(91)   Weak JFR Old Object Samples    Min:  0.0, Avg:  0.0, Max:  0.0, Diff:  0.0, Sum:  0.0, Workers: 4
[3544.519s][debug][gc,phases      ] GC(91)     Dead                           Min: 0, Avg:  0.0, Max: 0, Diff: 0, Sum: 0, Workers: 4
[3544.519s][debug][gc,phases      ] GC(91)     Total                          Min: 0, Avg:  0.0, Max: 0, Diff: 0, Sum: 0, Workers: 4
[3544.519s][debug][gc,phases      ] GC(91) Weak Processing 0.386ms
[3544.519s][debug][gc,age         ] GC(91) Desired survivor size 17825792 bytes, new threshold 1 (max threshold 15)
[3544.519s][info ][gc,heap        ] GC(91) PSYoungGen: 2068112K(2077696K)->9024K(2079744K) Eden: 2059264K(2059264K)->0K(2061824K) From: 8848K(18432K)->9024K(17920K)
[3544.519s][info ][gc,heap        ] GC(91) ParOldGen: 410252K(513024K)->411873K(513024K)
[3544.519s][info ][gc,metaspace   ] GC(91) Metaspace: 106423K(107712K)->106423K(107712K) NonClass: 90395K(91072K)->90395K(91072K) Class: 16028K(16640K)->16028K(16640K)
[3544.519s][info ][gc             ] GC(91) Pause Young (Allocation Failure) 2420M->411M(2532M) 8.107ms
[3544.519s][info ][gc,cpu         ] GC(91) User=0.03s Sys=0.00s Real=0.00s
[3544.519s][info ][safepoint      ] Safepoint "ParallelGCFailedAllocation", Time since last: 1271815321 ns, Reaching safepoint: 6900 ns, Cleanup: 5300 ns, At safepoint: 8179658 ns, Total: 8191858 ns
[3565.521s][info ][safepoint      ] Safepoint "Cleanup", Time since last: 21001713579 ns, Reaching safepoint: 6300 ns, Cleanup: 10600 ns, At safepoint: 2400 ns, Total: 19300 ns
[3566.521s][info ][safepoint      ] Safepoint "Cleanup", Time since last: 1000120763 ns, Reaching safepoint: 6200 ns, Cleanup: 11999 ns, At safepoint: 2300 ns, Total: 20499 ns
[3567.521s][info ][safepoint      ] Safepoint "Cleanup", Time since last: 1000120163 ns, Reaching safepoint: 5900 ns, Cleanup: 12700 ns, At safepoint: 2000 ns, Total: 20600 ns
[3588.523s][info ][safepoint      ] Safepoint "Cleanup", Time since last: 21001614958 ns, Reaching safepoint: 6100 ns, Cleanup: 10900 ns, At safepoint: 2500 ns, Total: 19500 ns
[3590.523s][info ][safepoint      ] Safepoint "Cleanup", Time since last: 2000196618 ns, Reaching safepoint: 6400 ns, Cleanup: 11900 ns, At safepoint: 2100 ns, Total: 20400 ns
[3591.523s][info ][safepoint      ] Safepoint "Cleanup", Time since last: 1000116674 ns, Reaching safepoint: 6500 ns, Cleanup: 7300 ns, At safepoint: 2300 ns, Total: 16100 ns
[3592.217s][info ][gc,start       ] GC(92) Pause Young (Allocation Failure)
[3592.226s][debug][gc,phases      ] GC(92) Scavenge 9.005ms
[3592.226s][debug][gc,ref         ] GC(92) Skipped SoftWeakFinalRefsPhase of Reference Processing: no references
[3592.226s][debug][gc,ref         ] GC(92) Skipped KeepAliveFinalRefsPhase of Reference Processing: no references
[3592.226s][debug][gc,ref         ] GC(92) ReferenceProcessor::execute queues: 1, RefProcThreadModel::Single, marks_oops_alive: false
[3592.226s][debug][gc,phases      ] GC(92) Reference Processing 0.117ms
[3592.226s][debug][gc,phases      ] GC(92)   VM Weak                        Min:  0.0, Avg:  0.0, Max:  0.0, Diff:  0.0, Sum:  0.0, Workers: 4
[3592.226s][debug][gc,phases      ] GC(92)     Dead                           Min: 0, Avg:  0.0, Max: 0, Diff: 0, Sum: 0, Workers: 4
[3592.226s][debug][gc,phases      ] GC(92)     Total                          Min: 0, Avg: 243.2, Max: 717, Diff: 717, Sum: 973, Workers: 4
[3592.226s][debug][gc,phases      ] GC(92)   ObjectSynchronizer Weak        Min:  0.0, Avg:  0.0, Max:  0.0, Diff:  0.0, Sum:  0.0, Workers: 4
[3592.226s][debug][gc,phases      ] GC(92)     Dead                           Min: 0, Avg:  0.0, Max: 0, Diff: 0, Sum: 0, Workers: 4
[3592.226s][debug][gc,phases      ] GC(92)     Total                          Min: 0, Avg:  1.0, Max: 4, Diff: 4, Sum: 4, Workers: 4
[3592.226s][debug][gc,phases      ] GC(92)   JVMTI Tag Weak OopStorage      Min:  0.0, Avg:  0.0, Max:  0.0, Diff:  0.0, Sum:  0.0, Workers: 4
[3592.226s][debug][gc,phases      ] GC(92)     Dead                           Min: 0, Avg:  0.0, Max: 0, Diff: 0, Sum: 0, Workers: 4
[3592.226s][debug][gc,phases      ] GC(92)     Total                          Min: 0, Avg:  0.0, Max: 0, Diff: 0, Sum: 0, Workers: 4
[3592.226s][debug][gc,phases      ] GC(92)   StringTable Weak               Min:  0.0, Avg:  0.1, Max:  0.1, Diff:  0.1, Sum:  0.4, Workers: 4
[3592.226s][debug][gc,phases      ] GC(92)     Dead                           Min: 0, Avg:  0.0, Max: 0, Diff: 0, Sum: 0, Workers: 4
[3592.226s][debug][gc,phases      ] GC(92)     Total                          Min: 0, Avg: 11574.5, Max: 20570, Diff: 20570, Sum: 46298, Workers: 4
[3592.226s][debug][gc,phases      ] GC(92)   ResolvedMethodTable Weak       Min:  0.0, Avg:  0.0, Max:  0.1, Diff:  0.1, Sum:  0.2, Workers: 4
[3592.226s][debug][gc,phases      ] GC(92)     Dead                           Min: 0, Avg:  4.0, Max: 16, Diff: 16, Sum: 16, Workers: 4
[3592.226s][debug][gc,phases      ] GC(92)     Total                          Min: 0, Avg: 3813.8, Max: 6434, Diff: 6434, Sum: 15255, Workers: 4
[3592.226s][debug][gc,phases      ] GC(92)   JNI Weak                       Min:  0.0, Avg:  0.0, Max:  0.0, Diff:  0.0, Sum:  0.0, Workers: 4
[3592.226s][debug][gc,phases      ] GC(92)     Dead                           Min: 0, Avg:  0.0, Max: 0, Diff: 0, Sum: 0, Workers: 4
[3592.226s][debug][gc,phases      ] GC(92)     Total                          Min: 0, Avg: 13.0, Max: 48, Diff: 48, Sum: 52, Workers: 4
[3592.226s][debug][gc,phases      ] GC(92)   StringDedup Table Weak         Min:  0.0, Avg:  0.0, Max:  0.0, Diff:  0.0, Sum:  0.0, Workers: 4
[3592.226s][debug][gc,phases      ] GC(92)     Dead                           Min: 0, Avg:  0.0, Max: 0, Diff: 0, Sum: 0, Workers: 4
[3592.226s][debug][gc,phases      ] GC(92)     Total                          Min: 0, Avg:  0.0, Max: 0, Diff: 0, Sum: 0, Workers: 4
[3592.226s][debug][gc,phases      ] GC(92)   StringDedup Requests0 Weak     Min:  0.0, Avg:  0.0, Max:  0.0, Diff:  0.0, Sum:  0.0, Workers: 4
[3592.226s][debug][gc,phases      ] GC(92)     Dead                           Min: 0, Avg:  0.0, Max: 0, Diff: 0, Sum: 0, Workers: 4
[3592.226s][debug][gc,phases      ] GC(92)     Total                          Min: 0, Avg:  0.0, Max: 0, Diff: 0, Sum: 0, Workers: 4
[3592.226s][debug][gc,phases      ] GC(92)   StringDedup Requests1 Weak     Min:  0.0, Avg:  0.0, Max:  0.0, Diff:  0.0, Sum:  0.0, Workers: 4
[3592.226s][debug][gc,phases      ] GC(92)     Dead                           Min: 0, Avg:  0.0, Max: 0, Diff: 0, Sum: 0, Workers: 4
[3592.226s][debug][gc,phases      ] GC(92)     Total                          Min: 0, Avg:  0.0, Max: 0, Diff: 0, Sum: 0, Workers: 4
[3592.226s][debug][gc,phases      ] GC(92)   Weak JFR Old Object Samples    Min:  0.0, Avg:  0.0, Max:  0.0, Diff:  0.0, Sum:  0.0, Workers: 4
[3592.226s][debug][gc,phases      ] GC(92)     Dead                           Min: 0, Avg:  0.0, Max: 0, Diff: 0, Sum: 0, Workers: 4
[3592.226s][debug][gc,phases      ] GC(92)     Total                          Min: 0, Avg:  0.0, Max: 0, Diff: 0, Sum: 0, Workers: 4
[3592.226s][debug][gc,phases      ] GC(92) Weak Processing 0.406ms
[3592.226s][debug][gc,age         ] GC(92) Desired survivor size 18350080 bytes, new threshold 1 (max threshold 15)
[3592.226s][info ][gc,heap        ] GC(92) PSYoungGen: 2070848K(2079744K)->12496K(2079232K) Eden: 2061824K(2061824K)->0K(2061824K) From: 9024K(17920K)->12496K(17408K)
[3592.226s][info ][gc,heap        ] GC(92) ParOldGen: 411873K(513024K)->413618K(513024K)
[3592.226s][info ][gc,metaspace   ] GC(92) Metaspace: 106425K(107712K)->106425K(107712K) NonClass: 90397K(91072K)->90397K(91072K) Class: 16028K(16640K)->16028K(16640K)
[3592.226s][info ][gc             ] GC(92) Pause Young (Allocation Failure) 2424M->416M(2531M) 9.637ms
[3592.226s][info ][gc,cpu         ] GC(92) User=0.04s Sys=0.00s Real=0.01s
[3592.226s][info ][safepoint      ] Safepoint "ParallelGCFailedAllocation", Time since last: 693861581 ns, Reaching safepoint: 5300 ns, Cleanup: 4500 ns, At safepoint: 9704292 ns, Total: 9714092 ns
[3600.227s][info ][safepoint      ] Safepoint "Cleanup", Time since last: 8000580800 ns, Reaching safepoint: 5700 ns, Cleanup: 9800 ns, At safepoint: 2399 ns, Total: 17899 ns
[3609.259s][info ][safepoint      ] Safepoint "Cleanup", Time since last: 9032056224 ns, Reaching safepoint: 83900 ns, Cleanup: 14399 ns, At safepoint: 8000 ns, Total: 106299 ns
[3612.260s][info ][safepoint      ] Safepoint "Cleanup", Time since last: 3001087597 ns, Reaching safepoint: 80299 ns, Cleanup: 21300 ns, At safepoint: 8300 ns, Total: 109899 ns
[3614.261s][info ][safepoint      ] Safepoint "Cleanup", Time since last: 2000177528 ns, Reaching safepoint: 392896 ns, Cleanup: 19800 ns, At safepoint: 9299 ns, Total: 421995 ns
[3617.261s][info ][safepoint      ] Safepoint "Cleanup", Time since last: 3000254443 ns, Reaching safepoint: 79499 ns, Cleanup: 13000 ns, At safepoint: 11700 ns, Total: 104199 ns
[3625.268s][info ][safepoint      ] Safepoint "Cleanup", Time since last: 8006623760 ns, Reaching safepoint: 81299 ns, Cleanup: 12900 ns, At safepoint: 24300 ns, Total: 118499 ns
[3632.271s][info ][safepoint      ] Safepoint "Cleanup", Time since last: 7000844974 ns, Reaching safepoint: 2086978 ns, Cleanup: 11299 ns, At safepoint: 11400 ns, Total: 2109677 ns
[3640.324s][info ][gc,start       ] GC(93) Pause Young (Allocation Failure)
[3640.351s][debug][gc,phases      ] GC(93) Scavenge 26.485ms
[3640.351s][debug][gc,ref         ] GC(93) Skipped SoftWeakFinalRefsPhase of Reference Processing: no references
[3640.351s][debug][gc,ref         ] GC(93) Skipped KeepAliveFinalRefsPhase of Reference Processing: no references
[3640.351s][debug][gc,ref         ] GC(93) ReferenceProcessor::execute queues: 1, RefProcThreadModel::Single, marks_oops_alive: false
[3640.351s][debug][gc,phases      ] GC(93) Reference Processing 0.114ms
[3640.351s][debug][gc,phases      ] GC(93)   VM Weak                        Min:  0.0, Avg:  0.0, Max:  0.0, Diff:  0.0, Sum:  0.0, Workers: 4
[3640.351s][debug][gc,phases      ] GC(93)     Dead                           Min: 0, Avg:  0.0, Max: 0, Diff: 0, Sum: 0, Workers: 4
[3640.351s][debug][gc,phases      ] GC(93)     Total                          Min: 0, Avg: 243.2, Max: 973, Diff: 973, Sum: 973, Workers: 4
[3640.351s][debug][gc,phases      ] GC(93)   ObjectSynchronizer Weak        Min:  0.0, Avg:  0.0, Max:  0.0, Diff:  0.0, Sum:  0.0, Workers: 4
[3640.351s][debug][gc,phases      ] GC(93)     Dead                           Min: 0, Avg:  0.0, Max: 0, Diff: 0, Sum: 0, Workers: 4
[3640.351s][debug][gc,phases      ] GC(93)     Total                          Min: 0, Avg:  1.0, Max: 4, Diff: 4, Sum: 4, Workers: 4
[3640.351s][debug][gc,phases      ] GC(93)   JVMTI Tag Weak OopStorage      Min:  0.0, Avg:  0.0, Max:  0.0, Diff:  0.0, Sum:  0.0, Workers: 4
[3640.351s][debug][gc,phases      ] GC(93)     Dead                           Min: 0, Avg:  0.0, Max: 0, Diff: 0, Sum: 0, Workers: 4
[3640.351s][debug][gc,phases      ] GC(93)     Total                          Min: 0, Avg:  0.0, Max: 0, Diff: 0, Sum: 0, Workers: 4
[3640.352s][debug][gc,phases      ] GC(93)   StringTable Weak               Min:  0.0, Avg:  0.1, Max:  0.4, Diff:  0.4, Sum:  0.4, Workers: 4
[3640.352s][debug][gc,phases      ] GC(93)     Dead                           Min: 0, Avg:  0.0, Max: 0, Diff: 0, Sum: 0, Workers: 4
[3640.352s][debug][gc,phases      ] GC(93)     Total                          Min: 0, Avg: 11575.5, Max: 46302, Diff: 46302, Sum: 46302, Workers: 4
[3640.352s][debug][gc,phases      ] GC(93)   ResolvedMethodTable Weak       Min:  0.0, Avg:  0.0, Max:  0.1, Diff:  0.1, Sum:  0.1, Workers: 4
[3640.352s][debug][gc,phases      ] GC(93)     Dead                           Min: 0, Avg:  6.0, Max: 24, Diff: 24, Sum: 24, Workers: 4
[3640.352s][debug][gc,phases      ] GC(93)     Total                          Min: 0, Avg: 3813.8, Max: 15255, Diff: 15255, Sum: 15255, Workers: 4
[3640.352s][debug][gc,phases      ] GC(93)   JNI Weak                       Min:  0.0, Avg:  0.0, Max:  0.0, Diff:  0.0, Sum:  0.0, Workers: 4
[3640.352s][debug][gc,phases      ] GC(93)     Dead                           Min: 0, Avg:  0.0, Max: 0, Diff: 0, Sum: 0, Workers: 4
[3640.352s][debug][gc,phases      ] GC(93)     Total                          Min: 0, Avg: 13.0, Max: 52, Diff: 52, Sum: 52, Workers: 4
[3640.352s][debug][gc,phases      ] GC(93)   StringDedup Table Weak         Min:  0.0, Avg:  0.0, Max:  0.0, Diff:  0.0, Sum:  0.0, Workers: 4
[3640.352s][debug][gc,phases      ] GC(93)     Dead                           Min: 0, Avg:  0.0, Max: 0, Diff: 0, Sum: 0, Workers: 4
[3640.352s][debug][gc,phases      ] GC(93)     Total                          Min: 0, Avg:  0.0, Max: 0, Diff: 0, Sum: 0, Workers: 4
[3640.352s][debug][gc,phases      ] GC(93)   StringDedup Requests0 Weak     Min:  0.0, Avg:  0.0, Max:  0.0, Diff:  0.0, Sum:  0.0, Workers: 4
[3640.352s][debug][gc,phases      ] GC(93)     Dead                           Min: 0, Avg:  0.0, Max: 0, Diff: 0, Sum: 0, Workers: 4
[3640.352s][debug][gc,phases      ] GC(93)     Total                          Min: 0, Avg:  0.0, Max: 0, Diff: 0, Sum: 0, Workers: 4
[3640.352s][debug][gc,phases      ] GC(93)   StringDedup Requests1 Weak     Min:  0.0, Avg:  0.0, Max:  0.0, Diff:  0.0, Sum:  0.0, Workers: 4
[3640.352s][debug][gc,phases      ] GC(93)     Dead                           Min: 0, Avg:  0.0, Max: 0, Diff: 0, Sum: 0, Workers: 4
[3640.352s][debug][gc,phases      ] GC(93)     Total                          Min: 0, Avg:  0.0, Max: 0, Diff: 0, Sum: 0, Workers: 4
[3640.352s][debug][gc,phases      ] GC(93)   Weak JFR Old Object Samples    Min:  0.0, Avg:  0.0, Max:  0.0, Diff:  0.0, Sum:  0.0, Workers: 4
[3640.352s][debug][gc,phases      ] GC(93)     Dead                           Min: 0, Avg:  0.0, Max: 0, Diff: 0, Sum: 0, Workers: 4
[3640.352s][debug][gc,phases      ] GC(93)     Total                          Min: 0, Avg:  0.0, Max: 0, Diff: 0, Sum: 0, Workers: 4
[3640.352s][debug][gc,phases      ] GC(93) Weak Processing 0.870ms
[3640.352s][debug][gc,age         ] GC(93) Desired survivor size 17301504 bytes, new threshold 1 (max threshold 15)
[3640.352s][info ][gc,heap        ] GC(93) PSYoungGen: 2074320K(2079232K)->9424K(2080256K) Eden: 2061824K(2061824K)->0K(2062336K) From: 12496K(17408K)->9424K(17920K)
[3640.352s][info ][gc,heap        ] GC(93) ParOldGen: 413618K(513024K)->418463K(513024K)
[3640.352s][info ][gc,metaspace   ] GC(93) Metaspace: 106433K(107712K)->106433K(107712K) NonClass: 90404K(91072K)->90404K(91072K) Class: 16028K(16640K)->16028K(16640K)
[3640.352s][info ][gc             ] GC(93) Pause Young (Allocation Failure) 2429M->417M(2532M) 27.613ms
[3640.352s][info ][gc,cpu         ] GC(93) User=0.03s Sys=0.00s Real=0.03s
[3640.352s][info ][safepoint      ] Safepoint "ParallelGCFailedAllocation", Time since last: 8052955531 ns, Reaching safepoint: 5900 ns, Cleanup: 5500 ns, At safepoint: 27695520 ns, Total: 27706920 ns
[3660.375s][info ][safepoint      ] Safepoint "Cleanup", Time since last: 20021197393 ns, Reaching safepoint: 2122280 ns, Cleanup: 13199 ns, At safepoint: 12300 ns, Total: 2147779 ns
[3661.378s][info ][safepoint      ] Safepoint "Cleanup", Time since last: 1002493286 ns, Reaching safepoint: 77799 ns, Cleanup: 13500 ns, At safepoint: 19500 ns, Total: 110799 ns
[3662.378s][info ][safepoint      ] Safepoint "Cleanup", Time since last: 1000142009 ns, Reaching safepoint: 78699 ns, Cleanup: 22400 ns, At safepoint: 6000 ns, Total: 107099 ns
[3664.381s][info ][safepoint      ] Safepoint "Cleanup", Time since last: 2000189018 ns, Reaching safepoint: 3101670 ns, Cleanup: 13600 ns, At safepoint: 12500 ns, Total: 3127770 ns
[3672.386s][info ][safepoint      ] Safepoint "Cleanup", Time since last: 8001548648 ns, Reaching safepoint: 80499 ns, Cleanup: 10300 ns, At safepoint: 2866477 ns, Total: 2957276 ns
[3689.392s][info ][safepoint      ] Safepoint "Cleanup", Time since last: 17006320946 ns, Reaching safepoint: 9900 ns, Cleanup: 20100 ns, At safepoint: 3000 ns, Total: 33000 ns
[3689.562s][info ][gc,start       ] GC(94) Pause Young (Allocation Failure)
[3689.601s][debug][gc,phases      ] GC(94) Scavenge 39.340ms
[3689.605s][debug][gc,ref         ] GC(94) Skipped SoftWeakFinalRefsPhase of Reference Processing: no references
[3689.605s][debug][gc,ref         ] GC(94) Skipped KeepAliveFinalRefsPhase of Reference Processing: no references
[3689.605s][debug][gc,ref         ] GC(94) Skipped PhantomRefsPhase of Reference Processing: no references
[3689.605s][debug][gc,phases      ] GC(94) Reference Processing 0.055ms
[3689.606s][debug][gc,phases      ] GC(94)   VM Weak                        Min:  0.0, Avg:  0.0, Max:  0.0, Diff:  0.0, Sum:  0.0, Workers: 4
[3689.606s][debug][gc,phases      ] GC(94)     Dead                           Min: 0, Avg:  0.0, Max: 0, Diff: 0, Sum: 0, Workers: 4
[3689.606s][debug][gc,phases      ] GC(94)     Total                          Min: 0, Avg: 243.2, Max: 973, Diff: 973, Sum: 973, Workers: 4
[3689.606s][debug][gc,phases      ] GC(94)   ObjectSynchronizer Weak        Min:  0.0, Avg:  0.0, Max:  0.0, Diff:  0.0, Sum:  0.0, Workers: 4
[3689.606s][debug][gc,phases      ] GC(94)     Dead                           Min: 0, Avg:  0.0, Max: 0, Diff: 0, Sum: 0, Workers: 4
[3689.606s][debug][gc,phases      ] GC(94)     Total                          Min: 0, Avg:  0.8, Max: 3, Diff: 3, Sum: 3, Workers: 4
[3689.606s][debug][gc,phases      ] GC(94)   JVMTI Tag Weak OopStorage      Min:  0.0, Avg:  0.0, Max:  0.0, Diff:  0.0, Sum:  0.0, Workers: 4
[3689.606s][debug][gc,phases      ] GC(94)     Dead                           Min: 0, Avg:  0.0, Max: 0, Diff: 0, Sum: 0, Workers: 4
[3689.606s][debug][gc,phases      ] GC(94)     Total                          Min: 0, Avg:  0.0, Max: 0, Diff: 0, Sum: 0, Workers: 4
[3689.606s][debug][gc,phases      ] GC(94)   StringTable Weak               Min:  0.0, Avg:  0.1, Max:  0.5, Diff:  0.5, Sum:  0.5, Workers: 4
[3689.606s][debug][gc,phases      ] GC(94)     Dead                           Min: 0, Avg:  0.0, Max: 0, Diff: 0, Sum: 0, Workers: 4
[3689.606s][debug][gc,phases      ] GC(94)     Total                          Min: 0, Avg: 11575.5, Max: 46302, Diff: 46302, Sum: 46302, Workers: 4
[3689.606s][debug][gc,phases      ] GC(94)   ResolvedMethodTable Weak       Min:  0.0, Avg:  0.0, Max:  0.2, Diff:  0.2, Sum:  0.2, Workers: 4
[3689.606s][debug][gc,phases      ] GC(94)     Dead                           Min: 0, Avg:  4.5, Max: 18, Diff: 18, Sum: 18, Workers: 4
[3689.606s][debug][gc,phases      ] GC(94)     Total                          Min: 0, Avg: 3813.8, Max: 15255, Diff: 15255, Sum: 15255, Workers: 4
[3689.606s][debug][gc,phases      ] GC(94)   JNI Weak                       Min:  0.0, Avg:  0.0, Max:  0.0, Diff:  0.0, Sum:  0.0, Workers: 4
[3689.606s][debug][gc,phases      ] GC(94)     Dead                           Min: 0, Avg:  0.0, Max: 0, Diff: 0, Sum: 0, Workers: 4
[3689.606s][debug][gc,phases      ] GC(94)     Total                          Min: 0, Avg: 13.0, Max: 52, Diff: 52, Sum: 52, Workers: 4
[3689.606s][debug][gc,phases      ] GC(94)   StringDedup Table Weak         Min:  0.0, Avg:  0.0, Max:  0.0, Diff:  0.0, Sum:  0.0, Workers: 4
[3689.606s][debug][gc,phases      ] GC(94)     Dead                           Min: 0, Avg:  0.0, Max: 0, Diff: 0, Sum: 0, Workers: 4
[3689.606s][debug][gc,phases      ] GC(94)     Total                          Min: 0, Avg:  0.0, Max: 0, Diff: 0, Sum: 0, Workers: 4
[3689.606s][debug][gc,phases      ] GC(94)   StringDedup Requests0 Weak     Min:  0.0, Avg:  0.0, Max:  0.0, Diff:  0.0, Sum:  0.0, Workers: 4
[3689.606s][debug][gc,phases      ] GC(94)     Dead                           Min: 0, Avg:  0.0, Max: 0, Diff: 0, Sum: 0, Workers: 4
[3689.606s][debug][gc,phases      ] GC(94)     Total                          Min: 0, Avg:  0.0, Max: 0, Diff: 0, Sum: 0, Workers: 4
[3689.606s][debug][gc,phases      ] GC(94)   StringDedup Requests1 Weak     Min:  0.0, Avg:  0.0, Max:  0.0, Diff:  0.0, Sum:  0.0, Workers: 4
[3689.606s][debug][gc,phases      ] GC(94)     Dead                           Min: 0, Avg:  0.0, Max: 0, Diff: 0, Sum: 0, Workers: 4
[3689.606s][debug][gc,phases      ] GC(94)     Total                          Min: 0, Avg:  0.0, Max: 0, Diff: 0, Sum: 0, Workers: 4
[3689.606s][debug][gc,phases      ] GC(94)   Weak JFR Old Object Samples    Min:  0.0, Avg:  0.0, Max:  0.0, Diff:  0.0, Sum:  0.0, Workers: 4
[3689.606s][debug][gc,phases      ] GC(94)     Dead                           Min: 0, Avg:  0.0, Max: 0, Diff: 0, Sum: 0, Workers: 4
[3689.606s][debug][gc,phases      ] GC(94)     Total                          Min: 0, Avg:  0.0, Max: 0, Diff: 0, Sum: 0, Workers: 4
[3689.606s][debug][gc,phases      ] GC(94) Weak Processing 1.029ms
[3689.606s][debug][gc,age         ] GC(94) Desired survivor size 16777216 bytes, new threshold 1 (max threshold 15)
[3689.606s][info ][gc,heap        ] GC(94) PSYoungGen: 2071760K(2080256K)->10496K(2079232K) Eden: 2062336K(2062336K)->0K(2062336K) From: 9424K(17920K)->10496K(16896K)
[3689.606s][info ][gc,heap        ] GC(94) ParOldGen: 418463K(513024K)->420920K(513024K)
[3689.606s][info ][gc,metaspace   ] GC(94) Metaspace: 106434K(107712K)->106434K(107712K) NonClass: 90405K(91072K)->90405K(91072K) Class: 16028K(16640K)->16028K(16640K)
[3689.606s][info ][gc             ] GC(94) Pause Young (Allocation Failure) 2431M->421M(2531M) 44.886ms
[3689.606s][info ][gc,cpu         ] GC(94) User=0.04s Sys=0.01s Real=0.04s
[3689.607s][info ][safepoint      ] Safepoint "ParallelGCFailedAllocation", Time since last: 169211881 ns, Reaching safepoint: 95400 ns, Cleanup: 4000 ns, At safepoint: 45671690 ns, Total: 45771090 ns
[3702.614s][info ][safepoint      ] Safepoint "Cleanup", Time since last: 13007112622 ns, Reaching safepoint: 80699 ns, Cleanup: 14200 ns, At safepoint: 11500 ns, Total: 106399 ns
[3709.618s][info ][safepoint      ] Safepoint "Cleanup", Time since last: 7003694176 ns, Reaching safepoint: 6800 ns, Cleanup: 11400 ns, At safepoint: 2600 ns, Total: 20800 ns
[3738.624s][info ][safepoint      ] Safepoint "Cleanup", Time since last: 29006264998 ns, Reaching safepoint: 7000 ns, Cleanup: 13499 ns, At safepoint: 2800 ns, Total: 23299 ns
[3739.059s][info ][gc,start       ] GC(95) Pause Young (Allocation Failure)
[3739.067s][debug][gc,phases      ] GC(95) Scavenge 8.700ms
[3739.067s][debug][gc,ref         ] GC(95) Skipped SoftWeakFinalRefsPhase of Reference Processing: no references
[3739.067s][debug][gc,ref         ] GC(95) Skipped KeepAliveFinalRefsPhase of Reference Processing: no references
[3739.068s][debug][gc,ref         ] GC(95) ReferenceProcessor::execute queues: 1, RefProcThreadModel::Single, marks_oops_alive: false
[3739.068s][debug][gc,phases      ] GC(95) Reference Processing 0.099ms
[3739.068s][debug][gc,phases      ] GC(95)   VM Weak                        Min:  0.0, Avg:  0.0, Max:  0.0, Diff:  0.0, Sum:  0.0, Workers: 4
[3739.068s][debug][gc,phases      ] GC(95)     Dead                           Min: 0, Avg:  0.0, Max: 0, Diff: 0, Sum: 0, Workers: 4
[3739.068s][debug][gc,phases      ] GC(95)     Total                          Min: 0, Avg: 243.2, Max: 768, Diff: 768, Sum: 973, Workers: 4
[3739.068s][debug][gc,phases      ] GC(95)   ObjectSynchronizer Weak        Min:  0.0, Avg:  0.0, Max:  0.0, Diff:  0.0, Sum:  0.0, Workers: 4
[3739.068s][debug][gc,phases      ] GC(95)     Dead                           Min: 0, Avg:  0.0, Max: 0, Diff: 0, Sum: 0, Workers: 4
[3739.068s][debug][gc,phases      ] GC(95)     Total                          Min: 0, Avg:  0.8, Max: 3, Diff: 3, Sum: 3, Workers: 4
[3739.068s][debug][gc,phases      ] GC(95)   JVMTI Tag Weak OopStorage      Min:  0.0, Avg:  0.0, Max:  0.0, Diff:  0.0, Sum:  0.0, Workers: 4
[3739.068s][debug][gc,phases      ] GC(95)     Dead                           Min: 0, Avg:  0.0, Max: 0, Diff: 0, Sum: 0, Workers: 4
[3739.068s][debug][gc,phases      ] GC(95)     Total                          Min: 0, Avg:  0.0, Max: 0, Diff: 0, Sum: 0, Workers: 4
[3739.068s][debug][gc,phases      ] GC(95)   StringTable Weak               Min:  0.0, Avg:  0.1, Max:  0.1, Diff:  0.1, Sum:  0.4, Workers: 4
[3739.068s][debug][gc,phases      ] GC(95)     Dead                           Min: 0, Avg:  0.0, Max: 0, Diff: 0, Sum: 0, Workers: 4
[3739.068s][debug][gc,phases      ] GC(95)     Total                          Min: 0, Avg: 11575.5, Max: 21248, Diff: 21248, Sum: 46302, Workers: 4
[3739.068s][debug][gc,phases      ] GC(95)   ResolvedMethodTable Weak       Min:  0.0, Avg:  0.0, Max:  0.0, Diff:  0.0, Sum:  0.1, Workers: 4
[3739.068s][debug][gc,phases      ] GC(95)     Dead                           Min: 0, Avg:  4.0, Max: 16, Diff: 16, Sum: 16, Workers: 4
[3739.068s][debug][gc,phases      ] GC(95)     Total                          Min: 0, Avg: 3813.8, Max: 6679, Diff: 6679, Sum: 15255, Workers: 4
[3739.068s][debug][gc,phases      ] GC(95)   JNI Weak                       Min:  0.0, Avg:  0.0, Max:  0.0, Diff:  0.0, Sum:  0.0, Workers: 4
[3739.068s][debug][gc,phases      ] GC(95)     Dead                           Min: 0, Avg:  0.0, Max: 0, Diff: 0, Sum: 0, Workers: 4
[3739.068s][debug][gc,phases      ] GC(95)     Total                          Min: 0, Avg: 13.0, Max: 48, Diff: 48, Sum: 52, Workers: 4
[3739.068s][debug][gc,phases      ] GC(95)   StringDedup Table Weak         Min:  0.0, Avg:  0.0, Max:  0.0, Diff:  0.0, Sum:  0.0, Workers: 4
[3739.068s][debug][gc,phases      ] GC(95)     Dead                           Min: 0, Avg:  0.0, Max: 0, Diff: 0, Sum: 0, Workers: 4
[3739.068s][debug][gc,phases      ] GC(95)     Total                          Min: 0, Avg:  0.0, Max: 0, Diff: 0, Sum: 0, Workers: 4
[3739.068s][debug][gc,phases      ] GC(95)   StringDedup Requests0 Weak     Min:  0.0, Avg:  0.0, Max:  0.0, Diff:  0.0, Sum:  0.0, Workers: 4
[3739.068s][debug][gc,phases      ] GC(95)     Dead                           Min: 0, Avg:  0.0, Max: 0, Diff: 0, Sum: 0, Workers: 4
[3739.068s][debug][gc,phases      ] GC(95)     Total                          Min: 0, Avg:  0.0, Max: 0, Diff: 0, Sum: 0, Workers: 4
[3739.068s][debug][gc,phases      ] GC(95)   StringDedup Requests1 Weak     Min:  0.0, Avg:  0.0, Max:  0.0, Diff:  0.0, Sum:  0.0, Workers: 4
[3739.068s][debug][gc,phases      ] GC(95)     Dead                           Min: 0, Avg:  0.0, Max: 0, Diff: 0, Sum: 0, Workers: 4
[3739.068s][debug][gc,phases      ] GC(95)     Total                          Min: 0, Avg:  0.0, Max: 0, Diff: 0, Sum: 0, Workers: 4
[3739.068s][debug][gc,phases      ] GC(95)   Weak JFR Old Object Samples    Min:  0.0, Avg:  0.0, Max:  0.0, Diff:  0.0, Sum:  0.0, Workers: 4
[3739.068s][debug][gc,phases      ] GC(95)     Dead                           Min: 0, Avg:  0.0, Max: 0, Diff: 0, Sum: 0, Workers: 4
[3739.068s][debug][gc,phases      ] GC(95)     Total                          Min: 0, Avg:  0.0, Max: 0, Diff: 0, Sum: 0, Workers: 4
[3739.068s][debug][gc,phases      ] GC(95) Weak Processing 0.413ms
[3739.068s][debug][gc,age         ] GC(95) Desired survivor size 16777216 bytes, new threshold 1 (max threshold 15)
[3739.068s][info ][gc,heap        ] GC(95) PSYoungGen: 2072832K(2079232K)->8368K(2080768K) Eden: 2062336K(2062336K)->0K(2064384K) From: 10496K(16896K)->8368K(16384K)
[3739.068s][info ][gc,heap        ] GC(95) ParOldGen: 420920K(513024K)->423378K(513024K)
[3739.068s][info ][gc,metaspace   ] GC(95) Metaspace: 106443K(107776K)->106443K(107776K) NonClass: 90415K(91136K)->90415K(91136K) Class: 16028K(16640K)->16028K(16640K)
[3739.068s][info ][gc             ] GC(95) Pause Young (Allocation Failure) 2435M->421M(2533M) 9.311ms
[3739.068s][info ][gc,cpu         ] GC(95) User=0.03s Sys=0.00s Real=0.01s
[3739.068s][info ][safepoint      ] Safepoint "ParallelGCFailedAllocation", Time since last: 434283383 ns, Reaching safepoint: 79600 ns, Cleanup: 4500 ns, At safepoint: 9381122 ns, Total: 9465222 ns
[3740.070s][info ][safepoint      ] Safepoint "Cleanup", Time since last: 1001868955 ns, Reaching safepoint: 83400 ns, Cleanup: 10299 ns, At safepoint: 5600 ns, Total: 99299 ns
[3779.077s][info ][safepoint      ] Safepoint "Cleanup", Time since last: 39006523797 ns, Reaching safepoint: 6600 ns, Cleanup: 10999 ns, At safepoint: 2700 ns, Total: 20299 ns
[3793.081s][info ][gc,start       ] GC(96) Pause Young (Allocation Failure)
[3793.090s][debug][gc,phases      ] GC(96) Scavenge 9.375ms
[3793.090s][debug][gc,ref         ] GC(96) Skipped SoftWeakFinalRefsPhase of Reference Processing: no references
[3793.090s][debug][gc,ref         ] GC(96) Skipped KeepAliveFinalRefsPhase of Reference Processing: no references
[3793.090s][debug][gc,ref         ] GC(96) ReferenceProcessor::execute queues: 1, RefProcThreadModel::Single, marks_oops_alive: false
[3793.090s][debug][gc,phases      ] GC(96) Reference Processing 0.192ms
[3793.091s][debug][gc,phases      ] GC(96)   VM Weak                        Min:  0.0, Avg:  0.0, Max:  0.0, Diff:  0.0, Sum:  0.0, Workers: 4
[3793.091s][debug][gc,phases      ] GC(96)     Dead                           Min: 0, Avg:  0.0, Max: 0, Diff: 0, Sum: 0, Workers: 4
[3793.091s][debug][gc,phases      ] GC(96)     Total                          Min: 0, Avg: 243.2, Max: 973, Diff: 973, Sum: 973, Workers: 4
[3793.091s][debug][gc,phases      ] GC(96)   ObjectSynchronizer Weak        Min:  0.0, Avg:  0.0, Max:  0.0, Diff:  0.0, Sum:  0.0, Workers: 4
[3793.091s][debug][gc,phases      ] GC(96)     Dead                           Min: 0, Avg:  0.0, Max: 0, Diff: 0, Sum: 0, Workers: 4
[3793.091s][debug][gc,phases      ] GC(96)     Total                          Min: 0, Avg:  0.8, Max: 3, Diff: 3, Sum: 3, Workers: 4
[3793.091s][debug][gc,phases      ] GC(96)   JVMTI Tag Weak OopStorage      Min:  0.0, Avg:  0.0, Max:  0.0, Diff:  0.0, Sum:  0.0, Workers: 4
[3793.091s][debug][gc,phases      ] GC(96)     Dead                           Min: 0, Avg:  0.0, Max: 0, Diff: 0, Sum: 0, Workers: 4
[3793.091s][debug][gc,phases      ] GC(96)     Total                          Min: 0, Avg:  0.0, Max: 0, Diff: 0, Sum: 0, Workers: 4
[3793.091s][debug][gc,phases      ] GC(96)   StringTable Weak               Min:  0.0, Avg:  0.1, Max:  0.2, Diff:  0.2, Sum:  0.4, Workers: 4
[3793.091s][debug][gc,phases      ] GC(96)     Dead                           Min: 0, Avg:  0.0, Max: 0, Diff: 0, Sum: 0, Workers: 4
[3793.091s][debug][gc,phases      ] GC(96)     Total                          Min: 0, Avg: 11575.5, Max: 17758, Diff: 17758, Sum: 46302, Workers: 4
[3793.091s][debug][gc,phases      ] GC(96)   ResolvedMethodTable Weak       Min:  0.0, Avg:  0.0, Max:  0.1, Diff:  0.1, Sum:  0.2, Workers: 4
[3793.091s][debug][gc,phases      ] GC(96)     Dead                           Min: 0, Avg:  4.0, Max: 16, Diff: 16, Sum: 16, Workers: 4
[3793.091s][debug][gc,phases      ] GC(96)     Total                          Min: 0, Avg: 3813.8, Max: 5305, Diff: 5305, Sum: 15255, Workers: 4
[3793.091s][debug][gc,phases      ] GC(96)   JNI Weak                       Min:  0.0, Avg:  0.0, Max:  0.0, Diff:  0.0, Sum:  0.0, Workers: 4
[3793.091s][debug][gc,phases      ] GC(96)     Dead                           Min: 0, Avg:  0.0, Max: 0, Diff: 0, Sum: 0, Workers: 4
[3793.091s][debug][gc,phases      ] GC(96)     Total                          Min: 0, Avg: 13.0, Max: 48, Diff: 48, Sum: 52, Workers: 4
[3793.091s][debug][gc,phases      ] GC(96)   StringDedup Table Weak         Min:  0.0, Avg:  0.0, Max:  0.0, Diff:  0.0, Sum:  0.0, Workers: 4
[3793.091s][debug][gc,phases      ] GC(96)     Dead                           Min: 0, Avg:  0.0, Max: 0, Diff: 0, Sum: 0, Workers: 4
[3793.091s][debug][gc,phases      ] GC(96)     Total                          Min: 0, Avg:  0.0, Max: 0, Diff: 0, Sum: 0, Workers: 4
[3793.091s][debug][gc,phases      ] GC(96)   StringDedup Requests0 Weak     Min:  0.0, Avg:  0.0, Max:  0.0, Diff:  0.0, Sum:  0.0, Workers: 4
[3793.091s][debug][gc,phases      ] GC(96)     Dead                           Min: 0, Avg:  0.0, Max: 0, Diff: 0, Sum: 0, Workers: 4
[3793.091s][debug][gc,phases      ] GC(96)     Total                          Min: 0, Avg:  0.0, Max: 0, Diff: 0, Sum: 0, Workers: 4
[3793.091s][debug][gc,phases      ] GC(96)   StringDedup Requests1 Weak     Min:  0.0, Avg:  0.0, Max:  0.0, Diff:  0.0, Sum:  0.0, Workers: 4
[3793.091s][debug][gc,phases      ] GC(96)     Dead                           Min: 0, Avg:  0.0, Max: 0, Diff: 0, Sum: 0, Workers: 4
[3793.091s][debug][gc,phases      ] GC(96)     Total                          Min: 0, Avg:  0.0, Max: 0, Diff: 0, Sum: 0, Workers: 4
[3793.091s][debug][gc,phases      ] GC(96)   Weak JFR Old Object Samples    Min:  0.0, Avg:  0.0, Max:  0.0, Diff:  0.0, Sum:  0.0, Workers: 4
[3793.091s][debug][gc,phases      ] GC(96)     Dead                           Min: 0, Avg:  0.0, Max: 0, Diff: 0, Sum: 0, Workers: 4
[3793.091s][debug][gc,phases      ] GC(96)     Total                          Min: 0, Avg:  0.0, Max: 0, Diff: 0, Sum: 0, Workers: 4
[3793.091s][debug][gc,phases      ] GC(96) Weak Processing 0.604ms
[3793.091s][debug][gc,age         ] GC(96) Desired survivor size 16252928 bytes, new threshold 1 (max threshold 15)
[3793.091s][info ][gc,heap        ] GC(96) PSYoungGen: 2072752K(2080768K)->8384K(2080768K) Eden: 2064384K(2064384K)->0K(2064384K) From: 8368K(16384K)->8384K(16384K)
[3793.091s][info ][gc,heap        ] GC(96) ParOldGen: 423378K(513024K)->424878K(513024K)
[3793.091s][info ][gc,metaspace   ] GC(96) Metaspace: 106448K(107840K)->106448K(107840K) NonClass: 90420K(91200K)->90420K(91200K) Class: 16028K(16640K)->16028K(16640K)
[3793.091s][info ][gc             ] GC(96) Pause Young (Allocation Failure) 2437M->423M(2533M) 10.336ms
[3793.091s][info ][gc,cpu         ] GC(96) User=0.03s Sys=0.01s Real=0.01s
[3793.091s][info ][safepoint      ] Safepoint "ParallelGCFailedAllocation", Time since last: 14003903852 ns, Reaching safepoint: 7400 ns, Cleanup: 4900 ns, At safepoint: 10473725 ns, Total: 10486025 ns
[3807.092s][info ][safepoint      ] Safepoint "Cleanup", Time since last: 14001110824 ns, Reaching safepoint: 6200 ns, Cleanup: 9400 ns, At safepoint: 1900 ns, Total: 17500 ns
[3822.093s][info ][safepoint      ] Safepoint "Cleanup", Time since last: 15001139048 ns, Reaching safepoint: 7300 ns, Cleanup: 12200 ns, At safepoint: 2500 ns, Total: 22000 ns
[3849.013s][info ][gc,start       ] GC(97) Pause Young (Allocation Failure)
[3849.020s][debug][gc,phases      ] GC(97) Scavenge 7.185ms
[3849.020s][debug][gc,ref         ] GC(97) Skipped SoftWeakFinalRefsPhase of Reference Processing: no references
[3849.020s][debug][gc,ref         ] GC(97) Skipped KeepAliveFinalRefsPhase of Reference Processing: no references
[3849.020s][debug][gc,ref         ] GC(97) ReferenceProcessor::execute queues: 1, RefProcThreadModel::Single, marks_oops_alive: false
[3849.020s][debug][gc,phases      ] GC(97) Reference Processing 0.099ms
[3849.021s][debug][gc,phases      ] GC(97)   VM Weak                        Min:  0.0, Avg:  0.0, Max:  0.0, Diff:  0.0, Sum:  0.0, Workers: 4
[3849.021s][debug][gc,phases      ] GC(97)     Dead                           Min: 0, Avg:  0.0, Max: 0, Diff: 0, Sum: 0, Workers: 4
[3849.021s][debug][gc,phases      ] GC(97)     Total                          Min: 0, Avg: 243.2, Max: 653, Diff: 653, Sum: 973, Workers: 4
[3849.021s][debug][gc,phases      ] GC(97)   ObjectSynchronizer Weak        Min:  0.0, Avg:  0.0, Max:  0.0, Diff:  0.0, Sum:  0.0, Workers: 4
[3849.021s][debug][gc,phases      ] GC(97)     Dead                           Min: 0, Avg:  0.0, Max: 0, Diff: 0, Sum: 0, Workers: 4
[3849.021s][debug][gc,phases      ] GC(97)     Total                          Min: 0, Avg:  0.8, Max: 3, Diff: 3, Sum: 3, Workers: 4
[3849.021s][debug][gc,phases      ] GC(97)   JVMTI Tag Weak OopStorage      Min:  0.0, Avg:  0.0, Max:  0.0, Diff:  0.0, Sum:  0.0, Workers: 4
[3849.021s][debug][gc,phases      ] GC(97)     Dead                           Min: 0, Avg:  0.0, Max: 0, Diff: 0, Sum: 0, Workers: 4
[3849.021s][debug][gc,phases      ] GC(97)     Total                          Min: 0, Avg:  0.0, Max: 0, Diff: 0, Sum: 0, Workers: 4
[3849.021s][debug][gc,phases      ] GC(97)   StringTable Weak               Min:  0.0, Avg:  0.1, Max:  0.1, Diff:  0.1, Sum:  0.4, Workers: 4
[3849.021s][debug][gc,phases      ] GC(97)     Dead                           Min: 0, Avg:  0.0, Max: 0, Diff: 0, Sum: 0, Workers: 4
[3849.021s][debug][gc,phases      ] GC(97)     Total                          Min: 0, Avg: 11575.5, Max: 19742, Diff: 19742, Sum: 46302, Workers: 4
[3849.021s][debug][gc,phases      ] GC(97)   ResolvedMethodTable Weak       Min:  0.0, Avg:  0.0, Max:  0.0, Diff:  0.0, Sum:  0.1, Workers: 4
[3849.021s][debug][gc,phases      ] GC(97)     Dead                           Min: 0, Avg:  4.0, Max: 16, Diff: 16, Sum: 16, Workers: 4
[3849.021s][debug][gc,phases      ] GC(97)     Total                          Min: 0, Avg: 3813.8, Max: 6213, Diff: 6213, Sum: 15255, Workers: 4
[3849.021s][debug][gc,phases      ] GC(97)   JNI Weak                       Min:  0.0, Avg:  0.0, Max:  0.0, Diff:  0.0, Sum:  0.0, Workers: 4
[3849.021s][debug][gc,phases      ] GC(97)     Dead                           Min: 0, Avg:  0.0, Max: 0, Diff: 0, Sum: 0, Workers: 4
[3849.021s][debug][gc,phases      ] GC(97)     Total                          Min: 0, Avg: 13.0, Max: 48, Diff: 48, Sum: 52, Workers: 4
[3849.021s][debug][gc,phases      ] GC(97)   StringDedup Table Weak         Min:  0.0, Avg:  0.0, Max:  0.0, Diff:  0.0, Sum:  0.0, Workers: 4
[3849.021s][debug][gc,phases      ] GC(97)     Dead                           Min: 0, Avg:  0.0, Max: 0, Diff: 0, Sum: 0, Workers: 4
[3849.021s][debug][gc,phases      ] GC(97)     Total                          Min: 0, Avg:  0.0, Max: 0, Diff: 0, Sum: 0, Workers: 4
[3849.021s][debug][gc,phases      ] GC(97)   StringDedup Requests0 Weak     Min:  0.0, Avg:  0.0, Max:  0.0, Diff:  0.0, Sum:  0.0, Workers: 4
[3849.021s][debug][gc,phases      ] GC(97)     Dead                           Min: 0, Avg:  0.0, Max: 0, Diff: 0, Sum: 0, Workers: 4
[3849.021s][debug][gc,phases      ] GC(97)     Total                          Min: 0, Avg:  0.0, Max: 0, Diff: 0, Sum: 0, Workers: 4
[3849.021s][debug][gc,phases      ] GC(97)   StringDedup Requests1 Weak     Min:  0.0, Avg:  0.0, Max:  0.0, Diff:  0.0, Sum:  0.0, Workers: 4
[3849.021s][debug][gc,phases      ] GC(97)     Dead                           Min: 0, Avg:  0.0, Max: 0, Diff: 0, Sum: 0, Workers: 4
[3849.021s][debug][gc,phases      ] GC(97)     Total                          Min: 0, Avg:  0.0, Max: 0, Diff: 0, Sum: 0, Workers: 4
[3849.021s][debug][gc,phases      ] GC(97)   Weak JFR Old Object Samples    Min:  0.0, Avg:  0.0, Max:  0.0, Diff:  0.0, Sum:  0.0, Workers: 4
[3849.021s][debug][gc,phases      ] GC(97)     Dead                           Min: 0, Avg:  0.0, Max: 0, Diff: 0, Sum: 0, Workers: 4
[3849.021s][debug][gc,phases      ] GC(97)     Total                          Min: 0, Avg:  0.0, Max: 0, Diff: 0, Sum: 0, Workers: 4
[3849.021s][debug][gc,phases      ] GC(97) Weak Processing 0.411ms
[3849.021s][debug][gc,age         ] GC(97) Desired survivor size 16252928 bytes, new threshold 1 (max threshold 15)
[3849.021s][info ][gc,heap        ] GC(97) PSYoungGen: 2072768K(2080768K)->7440K(2081280K) Eden: 2064384K(2064384K)->0K(2065408K) From: 8384K(16384K)->7440K(15872K)
[3849.021s][info ][gc,heap        ] GC(97) ParOldGen: 424878K(513024K)->426495K(513024K)
[3849.021s][info ][gc,metaspace   ] GC(97) Metaspace: 106454K(107840K)->106454K(107840K) NonClass: 90425K(91200K)->90425K(91200K) Class: 16028K(16640K)->16028K(16640K)
[3849.021s][info ][gc             ] GC(97) Pause Young (Allocation Failure) 2439M->423M(2533M) 7.796ms
[3849.021s][info ][gc,cpu         ] GC(97) User=0.03s Sys=0.01s Real=0.01s
[3849.021s][info ][safepoint      ] Safepoint "ParallelGCFailedAllocation", Time since last: 26919611512 ns, Reaching safepoint: 6200 ns, Cleanup: 5000 ns, At safepoint: 7895747 ns, Total: 7906947 ns
[3853.021s][info ][safepoint      ] Safepoint "Cleanup", Time since last: 4000290505 ns, Reaching safepoint: 5600 ns, Cleanup: 8900 ns, At safepoint: 2200 ns, Total: 16700 ns
[3877.023s][info ][safepoint      ] Safepoint "Cleanup", Time since last: 24001884498 ns, Reaching safepoint: 6600 ns, Cleanup: 11500 ns, At safepoint: 2600 ns, Total: 20700 ns
[3880.023s][info ][safepoint      ] Safepoint "Cleanup", Time since last: 3000257165 ns, Reaching safepoint: 6100 ns, Cleanup: 11000 ns, At safepoint: 2300 ns, Total: 19400 ns
[3881.023s][info ][safepoint      ] Safepoint "Cleanup", Time since last: 1000116021 ns, Reaching safepoint: 5900 ns, Cleanup: 10600 ns, At safepoint: 2300 ns, Total: 18800 ns
[3885.024s][info ][safepoint      ] Safepoint "Cleanup", Time since last: 4000323935 ns, Reaching safepoint: 6600 ns, Cleanup: 10700 ns, At safepoint: 2500 ns, Total: 19800 ns
[3899.106s][info ][gc,start       ] GC(98) Pause Young (Allocation Failure)
[3899.113s][debug][gc,phases      ] GC(98) Scavenge 7.825ms
[3899.113s][debug][gc,ref         ] GC(98) Skipped SoftWeakFinalRefsPhase of Reference Processing: no references
[3899.114s][debug][gc,ref         ] GC(98) Skipped KeepAliveFinalRefsPhase of Reference Processing: no references
[3899.114s][debug][gc,ref         ] GC(98) ReferenceProcessor::execute queues: 1, RefProcThreadModel::Single, marks_oops_alive: false
[3899.114s][debug][gc,phases      ] GC(98) Reference Processing 0.098ms
[3899.114s][debug][gc,phases      ] GC(98)   VM Weak                        Min:  0.0, Avg:  0.0, Max:  0.0, Diff:  0.0, Sum:  0.0, Workers: 4
[3899.114s][debug][gc,phases      ] GC(98)     Dead                           Min: 0, Avg:  0.0, Max: 0, Diff: 0, Sum: 0, Workers: 4
[3899.114s][debug][gc,phases      ] GC(98)     Total                          Min: 0, Avg: 243.2, Max: 768, Diff: 768, Sum: 973, Workers: 4
[3899.114s][debug][gc,phases      ] GC(98)   ObjectSynchronizer Weak        Min:  0.0, Avg:  0.0, Max:  0.0, Diff:  0.0, Sum:  0.0, Workers: 4
[3899.114s][debug][gc,phases      ] GC(98)     Dead                           Min: 0, Avg:  0.0, Max: 0, Diff: 0, Sum: 0, Workers: 4
[3899.114s][debug][gc,phases      ] GC(98)     Total                          Min: 0, Avg:  1.0, Max: 4, Diff: 4, Sum: 4, Workers: 4
[3899.114s][debug][gc,phases      ] GC(98)   JVMTI Tag Weak OopStorage      Min:  0.0, Avg:  0.0, Max:  0.0, Diff:  0.0, Sum:  0.0, Workers: 4
[3899.114s][debug][gc,phases      ] GC(98)     Dead                           Min: 0, Avg:  0.0, Max: 0, Diff: 0, Sum: 0, Workers: 4
[3899.114s][debug][gc,phases      ] GC(98)     Total                          Min: 0, Avg:  0.0, Max: 0, Diff: 0, Sum: 0, Workers: 4
[3899.114s][debug][gc,phases      ] GC(98)   StringTable Weak               Min:  0.0, Avg:  0.1, Max:  0.1, Diff:  0.1, Sum:  0.4, Workers: 4
[3899.114s][debug][gc,phases      ] GC(98)     Dead                           Min: 0, Avg:  0.0, Max: 0, Diff: 0, Sum: 0, Workers: 4
[3899.114s][debug][gc,phases      ] GC(98)     Total                          Min: 0, Avg: 11575.5, Max: 20672, Diff: 20672, Sum: 46302, Workers: 4
[3899.114s][debug][gc,phases      ] GC(98)   ResolvedMethodTable Weak       Min:  0.0, Avg:  0.0, Max:  0.0, Diff:  0.0, Sum:  0.1, Workers: 4
[3899.114s][debug][gc,phases      ] GC(98)     Dead                           Min: 0, Avg:  4.0, Max: 16, Diff: 16, Sum: 16, Workers: 4
[3899.114s][debug][gc,phases      ] GC(98)     Total                          Min: 0, Avg: 3813.8, Max: 6181, Diff: 6181, Sum: 15255, Workers: 4
[3899.114s][debug][gc,phases      ] GC(98)   JNI Weak                       Min:  0.0, Avg:  0.0, Max:  0.0, Diff:  0.0, Sum:  0.0, Workers: 4
[3899.114s][debug][gc,phases      ] GC(98)     Dead                           Min: 0, Avg:  0.0, Max: 0, Diff: 0, Sum: 0, Workers: 4
[3899.114s][debug][gc,phases      ] GC(98)     Total                          Min: 0, Avg: 13.0, Max: 48, Diff: 48, Sum: 52, Workers: 4
[3899.114s][debug][gc,phases      ] GC(98)   StringDedup Table Weak         Min:  0.0, Avg:  0.0, Max:  0.0, Diff:  0.0, Sum:  0.0, Workers: 4
[3899.114s][debug][gc,phases      ] GC(98)     Dead                           Min: 0, Avg:  0.0, Max: 0, Diff: 0, Sum: 0, Workers: 4
[3899.114s][debug][gc,phases      ] GC(98)     Total                          Min: 0, Avg:  0.0, Max: 0, Diff: 0, Sum: 0, Workers: 4
[3899.114s][debug][gc,phases      ] GC(98)   StringDedup Requests0 Weak     Min:  0.0, Avg:  0.0, Max:  0.0, Diff:  0.0, Sum:  0.0, Workers: 4
[3899.114s][debug][gc,phases      ] GC(98)     Dead                           Min: 0, Avg:  0.0, Max: 0, Diff: 0, Sum: 0, Workers: 4
[3899.114s][debug][gc,phases      ] GC(98)     Total                          Min: 0, Avg:  0.0, Max: 0, Diff: 0, Sum: 0, Workers: 4
[3899.114s][debug][gc,phases      ] GC(98)   StringDedup Requests1 Weak     Min:  0.0, Avg:  0.0, Max:  0.0, Diff:  0.0, Sum:  0.0, Workers: 4
[3899.114s][debug][gc,phases      ] GC(98)     Dead                           Min: 0, Avg:  0.0, Max: 0, Diff: 0, Sum: 0, Workers: 4
[3899.114s][debug][gc,phases      ] GC(98)     Total                          Min: 0, Avg:  0.0, Max: 0, Diff: 0, Sum: 0, Workers: 4
[3899.114s][debug][gc,phases      ] GC(98)   Weak JFR Old Object Samples    Min:  0.0, Avg:  0.0, Max:  0.0, Diff:  0.0, Sum:  0.0, Workers: 4
[3899.114s][debug][gc,phases      ] GC(98)     Dead                           Min: 0, Avg:  0.0, Max: 0, Diff: 0, Sum: 0, Workers: 4
[3899.114s][debug][gc,phases      ] GC(98)     Total                          Min: 0, Avg:  0.0, Max: 0, Diff: 0, Sum: 0, Workers: 4
[3899.114s][debug][gc,phases      ] GC(98) Weak Processing 0.397ms
[3899.114s][debug][gc,age         ] GC(98) Desired survivor size 15728640 bytes, new threshold 1 (max threshold 15)
[3899.114s][info ][gc,heap        ] GC(98) PSYoungGen: 2072848K(2081280K)->8432K(2081280K) Eden: 2065408K(2065408K)->0K(2065408K) From: 7440K(15872K)->8432K(15872K)
[3899.114s][info ][gc,heap        ] GC(98) ParOldGen: 426495K(513024K)->427151K(513024K)
[3899.114s][info ][gc,metaspace   ] GC(98) Metaspace: 106471K(107840K)->106471K(107840K) NonClass: 90443K(91200K)->90443K(91200K) Class: 16028K(16640K)->16028K(16640K)
[3899.114s][info ][gc             ] GC(98) Pause Young (Allocation Failure) 2440M->425M(2533M) 8.439ms
[3899.114s][info ][gc,cpu         ] GC(98) User=0.03s Sys=0.00s Real=0.01s
[3899.114s][info ][safepoint      ] Safepoint "ParallelGCFailedAllocation", Time since last: 14081814496 ns, Reaching safepoint: 7300 ns, Cleanup: 5400 ns, At safepoint: 8508938 ns, Total: 8521638 ns
[3912.516s][info ][safepoint      ] Safepoint "Cleanup", Time since last: 13401712001 ns, Reaching safepoint: 6999 ns, Cleanup: 14000 ns, At safepoint: 2400 ns, Total: 23399 ns
[3913.516s][info ][safepoint      ] Safepoint "Cleanup", Time since last: 1000116087 ns, Reaching safepoint: 6400 ns, Cleanup: 11200 ns, At safepoint: 2300 ns, Total: 19900 ns
[3915.516s][info ][safepoint      ] Safepoint "Cleanup", Time since last: 2000210094 ns, Reaching safepoint: 7600 ns, Cleanup: 13300 ns, At safepoint: 2500 ns, Total: 23400 ns
[3940.518s][info ][safepoint      ] Safepoint "Cleanup", Time since last: 25002134828 ns, Reaching safepoint: 6400 ns, Cleanup: 11100 ns, At safepoint: 2300 ns, Total: 19800 ns
[3948.522s][info ][safepoint      ] Safepoint "Cleanup", Time since last: 8003834669 ns, Reaching safepoint: 94600 ns, Cleanup: 13299 ns, At safepoint: 29400 ns, Total: 137299 ns
[3949.522s][info ][safepoint      ] Safepoint "Cleanup", Time since last: 1000113950 ns, Reaching safepoint: 6800 ns, Cleanup: 10000 ns, At safepoint: 2100 ns, Total: 18900 ns
[3950.517s][info ][gc,start       ] GC(99) Pause Young (Allocation Failure)
[3950.533s][debug][gc,phases      ] GC(99) Scavenge 15.523ms
[3950.533s][debug][gc,ref         ] GC(99) Skipped SoftWeakFinalRefsPhase of Reference Processing: no references
[3950.533s][debug][gc,ref         ] GC(99) Skipped KeepAliveFinalRefsPhase of Reference Processing: no references
[3950.533s][debug][gc,ref         ] GC(99) ReferenceProcessor::execute queues: 1, RefProcThreadModel::Single, marks_oops_alive: false
[3950.533s][debug][gc,phases      ] GC(99) Reference Processing 0.127ms
[3950.534s][debug][gc,phases      ] GC(99)   VM Weak                        Min:  0.0, Avg:  0.0, Max:  0.0, Diff:  0.0, Sum:  0.0, Workers: 4
[3950.534s][debug][gc,phases      ] GC(99)     Dead                           Min: 0, Avg:  0.0, Max: 0, Diff: 0, Sum: 0, Workers: 4
[3950.534s][debug][gc,phases      ] GC(99)     Total                          Min: 0, Avg: 243.2, Max: 973, Diff: 973, Sum: 973, Workers: 4
[3950.534s][debug][gc,phases      ] GC(99)   ObjectSynchronizer Weak        Min:  0.0, Avg:  0.0, Max:  0.0, Diff:  0.0, Sum:  0.0, Workers: 4
[3950.534s][debug][gc,phases      ] GC(99)     Dead                           Min: 0, Avg:  0.0, Max: 0, Diff: 0, Sum: 0, Workers: 4
[3950.534s][debug][gc,phases      ] GC(99)     Total                          Min: 0, Avg:  1.0, Max: 4, Diff: 4, Sum: 4, Workers: 4
[3950.534s][debug][gc,phases      ] GC(99)   JVMTI Tag Weak OopStorage      Min:  0.0, Avg:  0.0, Max:  0.0, Diff:  0.0, Sum:  0.0, Workers: 4
[3950.534s][debug][gc,phases      ] GC(99)     Dead                           Min: 0, Avg:  0.0, Max: 0, Diff: 0, Sum: 0, Workers: 4
[3950.534s][debug][gc,phases      ] GC(99)     Total                          Min: 0, Avg:  0.0, Max: 0, Diff: 0, Sum: 0, Workers: 4
[3950.534s][debug][gc,phases      ] GC(99)   StringTable Weak               Min:  0.0, Avg:  0.1, Max:  0.4, Diff:  0.4, Sum:  0.4, Workers: 4
[3950.534s][debug][gc,phases      ] GC(99)     Dead                           Min: 0, Avg:  0.0, Max: 0, Diff: 0, Sum: 0, Workers: 4
[3950.534s][debug][gc,phases      ] GC(99)     Total                          Min: 0, Avg: 11575.8, Max: 46303, Diff: 46303, Sum: 46303, Workers: 4
[3950.534s][debug][gc,phases      ] GC(99)   ResolvedMethodTable Weak       Min:  0.0, Avg:  0.0, Max:  0.1, Diff:  0.1, Sum:  0.1, Workers: 4
[3950.534s][debug][gc,phases      ] GC(99)     Dead                           Min: 0, Avg:  4.0, Max: 16, Diff: 16, Sum: 16, Workers: 4
[3950.534s][debug][gc,phases      ] GC(99)     Total                          Min: 0, Avg: 3813.8, Max: 15255, Diff: 15255, Sum: 15255, Workers: 4
[3950.534s][debug][gc,phases      ] GC(99)   JNI Weak                       Min:  0.0, Avg:  0.0, Max:  0.0, Diff:  0.0, Sum:  0.0, Workers: 4
[3950.534s][debug][gc,phases      ] GC(99)     Dead                           Min: 0, Avg:  0.0, Max: 0, Diff: 0, Sum: 0, Workers: 4
[3950.534s][debug][gc,phases      ] GC(99)     Total                          Min: 0, Avg: 13.0, Max: 52, Diff: 52, Sum: 52, Workers: 4
[3950.534s][debug][gc,phases      ] GC(99)   StringDedup Table Weak         Min:  0.0, Avg:  0.0, Max:  0.0, Diff:  0.0, Sum:  0.0, Workers: 4
[3950.534s][debug][gc,phases      ] GC(99)     Dead                           Min: 0, Avg:  0.0, Max: 0, Diff: 0, Sum: 0, Workers: 4
[3950.534s][debug][gc,phases      ] GC(99)     Total                          Min: 0, Avg:  0.0, Max: 0, Diff: 0, Sum: 0, Workers: 4
[3950.534s][debug][gc,phases      ] GC(99)   StringDedup Requests0 Weak     Min:  0.0, Avg:  0.0, Max:  0.0, Diff:  0.0, Sum:  0.0, Workers: 4
[3950.534s][debug][gc,phases      ] GC(99)     Dead                           Min: 0, Avg:  0.0, Max: 0, Diff: 0, Sum: 0, Workers: 4
[3950.534s][debug][gc,phases      ] GC(99)     Total                          Min: 0, Avg:  0.0, Max: 0, Diff: 0, Sum: 0, Workers: 4
[3950.534s][debug][gc,phases      ] GC(99)   StringDedup Requests1 Weak     Min:  0.0, Avg:  0.0, Max:  0.0, Diff:  0.0, Sum:  0.0, Workers: 4
[3950.534s][debug][gc,phases      ] GC(99)     Dead                           Min: 0, Avg:  0.0, Max: 0, Diff: 0, Sum: 0, Workers: 4
[3950.534s][debug][gc,phases      ] GC(99)     Total                          Min: 0, Avg:  0.0, Max: 0, Diff: 0, Sum: 0, Workers: 4
[3950.534s][debug][gc,phases      ] GC(99)   Weak JFR Old Object Samples    Min:  0.0, Avg:  0.0, Max:  0.0, Diff:  0.0, Sum:  0.0, Workers: 4
[3950.534s][debug][gc,phases      ] GC(99)     Dead                           Min: 0, Avg:  0.0, Max: 0, Diff: 0, Sum: 0, Workers: 4
[3950.534s][debug][gc,phases      ] GC(99)     Total                          Min: 0, Avg:  0.0, Max: 0, Diff: 0, Sum: 0, Workers: 4
[3950.534s][debug][gc,phases      ] GC(99) Weak Processing 0.892ms
[3950.534s][debug][gc,age         ] GC(99) Desired survivor size 15204352 bytes, new threshold 1 (max threshold 15)
[3950.534s][info ][gc,heap        ] GC(99) PSYoungGen: 2073840K(2081280K)->8432K(2082304K) Eden: 2065408K(2065408K)->0K(2066944K) From: 8432K(15872K)->8432K(15360K)
[3950.534s][info ][gc,heap        ] GC(99) ParOldGen: 427151K(513024K)->428951K(513024K)
[3950.534s][info ][gc,metaspace   ] GC(99) Metaspace: 106479K(107840K)->106479K(107840K) NonClass: 90450K(91200K)->90450K(91200K) Class: 16028K(16640K)->16028K(16640K)
[3950.534s][info ][gc             ] GC(99) Pause Young (Allocation Failure) 2442M->427M(2534M) 16.678ms
[3950.534s][info ][gc,cpu         ] GC(99) User=0.03s Sys=0.00s Real=0.02s
[3950.534s][info ][safepoint      ] Safepoint "ParallelGCFailedAllocation", Time since last: 994998943 ns, Reaching safepoint: 8000 ns, Cleanup: 5300 ns, At safepoint: 16773986 ns, Total: 16787286 ns
[3951.535s][info ][safepoint      ] Safepoint "Cleanup", Time since last: 1000710305 ns, Reaching safepoint: 8700 ns, Cleanup: 12400 ns, At safepoint: 2700 ns, Total: 23800 ns
[3952.535s][info ][safepoint      ] Safepoint "Cleanup", Time since last: 1000117608 ns, Reaching safepoint: 8300 ns, Cleanup: 11300 ns, At safepoint: 3100 ns, Total: 22700 ns
[3954.535s][info ][safepoint      ] Safepoint "Cleanup", Time since last: 2000183017 ns, Reaching safepoint: 6300 ns, Cleanup: 12300 ns, At safepoint: 2500 ns, Total: 21100 ns
[4001.563s][info ][gc,start       ] GC(100) Pause Young (Allocation Failure)
[4001.571s][debug][gc,phases      ] GC(100) Scavenge 7.531ms
[4001.571s][debug][gc,ref         ] GC(100) Skipped SoftWeakFinalRefsPhase of Reference Processing: no references
[4001.571s][debug][gc,ref         ] GC(100) Skipped KeepAliveFinalRefsPhase of Reference Processing: no references
[4001.571s][debug][gc,ref         ] GC(100) ReferenceProcessor::execute queues: 1, RefProcThreadModel::Single, marks_oops_alive: false
[4001.571s][debug][gc,phases      ] GC(100) Reference Processing 0.097ms
[4001.571s][debug][gc,phases      ] GC(100)   VM Weak                        Min:  0.0, Avg:  0.0, Max:  0.0, Diff:  0.0, Sum:  0.0, Workers: 4
[4001.571s][debug][gc,phases      ] GC(100)     Dead                           Min: 0, Avg:  0.0, Max: 0, Diff: 0, Sum: 0, Workers: 4
[4001.571s][debug][gc,phases      ] GC(100)     Total                          Min: 0, Avg: 243.2, Max: 909, Diff: 909, Sum: 973, Workers: 4
[4001.571s][debug][gc,phases      ] GC(100)   ObjectSynchronizer Weak        Min:  0.0, Avg:  0.0, Max:  0.0, Diff:  0.0, Sum:  0.0, Workers: 4
[4001.571s][debug][gc,phases      ] GC(100)     Dead                           Min: 0, Avg:  0.0, Max: 0, Diff: 0, Sum: 0, Workers: 4
[4001.571s][debug][gc,phases      ] GC(100)     Total                          Min: 0, Avg:  0.8, Max: 3, Diff: 3, Sum: 3, Workers: 4
[4001.571s][debug][gc,phases      ] GC(100)   JVMTI Tag Weak OopStorage      Min:  0.0, Avg:  0.0, Max:  0.0, Diff:  0.0, Sum:  0.0, Workers: 4
[4001.571s][debug][gc,phases      ] GC(100)     Dead                           Min: 0, Avg:  0.0, Max: 0, Diff: 0, Sum: 0, Workers: 4
[4001.571s][debug][gc,phases      ] GC(100)     Total                          Min: 0, Avg:  0.0, Max: 0, Diff: 0, Sum: 0, Workers: 4
[4001.571s][debug][gc,phases      ] GC(100)   StringTable Weak               Min:  0.0, Avg:  0.1, Max:  0.1, Diff:  0.1, Sum:  0.4, Workers: 4
[4001.571s][debug][gc,phases      ] GC(100)     Dead                           Min: 0, Avg:  0.0, Max: 0, Diff: 0, Sum: 0, Workers: 4
[4001.571s][debug][gc,phases      ] GC(100)     Total                          Min: 0, Avg: 11575.8, Max: 20447, Diff: 20447, Sum: 46303, Workers: 4
[4001.571s][debug][gc,phases      ] GC(100)   ResolvedMethodTable Weak       Min:  0.0, Avg:  0.0, Max:  0.1, Diff:  0.1, Sum:  0.2, Workers: 4
[4001.571s][debug][gc,phases      ] GC(100)     Dead                           Min: 0, Avg:  4.0, Max: 16, Diff: 16, Sum: 16, Workers: 4
[4001.571s][debug][gc,phases      ] GC(100)     Total                          Min: 0, Avg: 3813.8, Max: 6541, Diff: 6541, Sum: 15255, Workers: 4
[4001.571s][debug][gc,phases      ] GC(100)   JNI Weak                       Min:  0.0, Avg:  0.0, Max:  0.0, Diff:  0.0, Sum:  0.0, Workers: 4
[4001.571s][debug][gc,phases      ] GC(100)     Dead                           Min: 0, Avg:  0.0, Max: 0, Diff: 0, Sum: 0, Workers: 4
[4001.571s][debug][gc,phases      ] GC(100)     Total                          Min: 0, Avg: 13.0, Max: 48, Diff: 48, Sum: 52, Workers: 4
[4001.571s][debug][gc,phases      ] GC(100)   StringDedup Table Weak         Min:  0.0, Avg:  0.0, Max:  0.0, Diff:  0.0, Sum:  0.0, Workers: 4
[4001.571s][debug][gc,phases      ] GC(100)     Dead                           Min: 0, Avg:  0.0, Max: 0, Diff: 0, Sum: 0, Workers: 4
[4001.571s][debug][gc,phases      ] GC(100)     Total                          Min: 0, Avg:  0.0, Max: 0, Diff: 0, Sum: 0, Workers: 4
[4001.571s][debug][gc,phases      ] GC(100)   StringDedup Requests0 Weak     Min:  0.0, Avg:  0.0, Max:  0.0, Diff:  0.0, Sum:  0.0, Workers: 4
[4001.571s][debug][gc,phases      ] GC(100)     Dead                           Min: 0, Avg:  0.0, Max: 0, Diff: 0, Sum: 0, Workers: 4
[4001.571s][debug][gc,phases      ] GC(100)     Total                          Min: 0, Avg:  0.0, Max: 0, Diff: 0, Sum: 0, Workers: 4
[4001.571s][debug][gc,phases      ] GC(100)   StringDedup Requests1 Weak     Min:  0.0, Avg:  0.0, Max:  0.0, Diff:  0.0, Sum:  0.0, Workers: 4
[4001.571s][debug][gc,phases      ] GC(100)     Dead                           Min: 0, Avg:  0.0, Max: 0, Diff: 0, Sum: 0, Workers: 4
[4001.571s][debug][gc,phases      ] GC(100)     Total                          Min: 0, Avg:  0.0, Max: 0, Diff: 0, Sum: 0, Workers: 4
[4001.571s][debug][gc,phases      ] GC(100)   Weak JFR Old Object Samples    Min:  0.0, Avg:  0.0, Max:  0.0, Diff:  0.0, Sum:  0.0, Workers: 4
[4001.571s][debug][gc,phases      ] GC(100)     Dead                           Min: 0, Avg:  0.0, Max: 0, Diff: 0, Sum: 0, Workers: 4
[4001.571s][debug][gc,phases      ] GC(100)     Total                          Min: 0, Avg:  0.0, Max: 0, Diff: 0, Sum: 0, Workers: 4
[4001.571s][debug][gc,phases      ] GC(100) Weak Processing 0.373ms
[4001.571s][debug][gc,age         ] GC(100) Desired survivor size 15204352 bytes, new threshold 1 (max threshold 15)
[4001.571s][info ][gc,heap        ] GC(100) PSYoungGen: 2075376K(2082304K)->8464K(2081792K) Eden: 2066944K(2066944K)->0K(2066944K) From: 8432K(15360K)->8464K(14848K)
[4001.571s][info ][gc,heap        ] GC(100) ParOldGen: 428951K(513024K)->430420K(513024K)
[4001.571s][info ][gc,metaspace   ] GC(100) Metaspace: 106487K(107840K)->106487K(107840K) NonClass: 90459K(91200K)->90459K(91200K) Class: 16028K(16640K)->16028K(16640K)
[4001.571s][info ][gc             ] GC(100) Pause Young (Allocation Failure) 2445M->428M(2534M) 8.152ms
[4001.571s][info ][gc,cpu         ] GC(100) User=0.02s Sys=0.01s Real=0.01s
[4001.572s][info ][safepoint      ] Safepoint "ParallelGCFailedAllocation", Time since last: 47027963713 ns, Reaching safepoint: 7900 ns, Cleanup: 5700 ns, At safepoint: 8219946 ns, Total: 8233546 ns
[4030.601s][info ][safepoint      ] Safepoint "Cleanup", Time since last: 29029433911 ns, Reaching safepoint: 7200 ns, Cleanup: 11900 ns, At safepoint: 2800 ns, Total: 21900 ns
[4037.602s][info ][safepoint      ] Safepoint "Cleanup", Time since last: 7000575627 ns, Reaching safepoint: 7300 ns, Cleanup: 12099 ns, At safepoint: 2600 ns, Total: 21999 ns
[4048.603s][info ][safepoint      ] Safepoint "Cleanup", Time since last: 11001314536 ns, Reaching safepoint: 8000 ns, Cleanup: 15700 ns, At safepoint: 2400 ns, Total: 26100 ns
[4050.525s][info ][gc,start       ] GC(101) Pause Young (Allocation Failure)
[4050.534s][debug][gc,phases      ] GC(101) Scavenge 8.692ms
[4050.534s][debug][gc,ref         ] GC(101) Skipped SoftWeakFinalRefsPhase of Reference Processing: no references
[4050.534s][debug][gc,ref         ] GC(101) Skipped KeepAliveFinalRefsPhase of Reference Processing: no references
[4050.534s][debug][gc,ref         ] GC(101) ReferenceProcessor::execute queues: 1, RefProcThreadModel::Single, marks_oops_alive: false
[4050.534s][debug][gc,phases      ] GC(101) Reference Processing 0.128ms
[4050.535s][debug][gc,phases      ] GC(101)   VM Weak                        Min:  0.0, Avg:  0.0, Max:  0.0, Diff:  0.0, Sum:  0.0, Workers: 4
[4050.535s][debug][gc,phases      ] GC(101)     Dead                           Min: 0, Avg:  0.0, Max: 0, Diff: 0, Sum: 0, Workers: 4
[4050.535s][debug][gc,phases      ] GC(101)     Total                          Min: 0, Avg: 243.2, Max: 576, Diff: 576, Sum: 973, Workers: 4
[4050.535s][debug][gc,phases      ] GC(101)   ObjectSynchronizer Weak        Min:  0.0, Avg:  0.0, Max:  0.0, Diff:  0.0, Sum:  0.0, Workers: 4
[4050.535s][debug][gc,phases      ] GC(101)     Dead                           Min: 0, Avg:  0.0, Max: 0, Diff: 0, Sum: 0, Workers: 4
[4050.535s][debug][gc,phases      ] GC(101)     Total                          Min: 0, Avg:  1.0, Max: 4, Diff: 4, Sum: 4, Workers: 4
[4050.535s][debug][gc,phases      ] GC(101)   JVMTI Tag Weak OopStorage      Min:  0.0, Avg:  0.0, Max:  0.0, Diff:  0.0, Sum:  0.0, Workers: 4
[4050.535s][debug][gc,phases      ] GC(101)     Dead                           Min: 0, Avg:  0.0, Max: 0, Diff: 0, Sum: 0, Workers: 4
[4050.535s][debug][gc,phases      ] GC(101)     Total                          Min: 0, Avg:  0.0, Max: 0, Diff: 0, Sum: 0, Workers: 4
[4050.535s][debug][gc,phases      ] GC(101)   StringTable Weak               Min:  0.0, Avg:  0.1, Max:  0.2, Diff:  0.2, Sum:  0.5, Workers: 4
[4050.535s][debug][gc,phases      ] GC(101)     Dead                           Min: 0, Avg:  0.0, Max: 0, Diff: 0, Sum: 0, Workers: 4
[4050.535s][debug][gc,phases      ] GC(101)     Total                          Min: 0, Avg: 11575.8, Max: 21696, Diff: 21696, Sum: 46303, Workers: 4
[4050.535s][debug][gc,phases      ] GC(101)   ResolvedMethodTable Weak       Min:  0.0, Avg:  0.0, Max:  0.1, Diff:  0.1, Sum:  0.2, Workers: 4
[4050.535s][debug][gc,phases      ] GC(101)     Dead                           Min: 0, Avg:  4.0, Max: 16, Diff: 16, Sum: 16, Workers: 4
[4050.535s][debug][gc,phases      ] GC(101)     Total                          Min: 0, Avg: 3813.8, Max: 5648, Diff: 5648, Sum: 15255, Workers: 4
[4050.535s][debug][gc,phases      ] GC(101)   JNI Weak                       Min:  0.0, Avg:  0.0, Max:  0.0, Diff:  0.0, Sum:  0.0, Workers: 4
[4050.535s][debug][gc,phases      ] GC(101)     Dead                           Min: 0, Avg:  0.0, Max: 0, Diff: 0, Sum: 0, Workers: 4
[4050.535s][debug][gc,phases      ] GC(101)     Total                          Min: 0, Avg: 13.0, Max: 48, Diff: 48, Sum: 52, Workers: 4
[4050.535s][debug][gc,phases      ] GC(101)   StringDedup Table Weak         Min:  0.0, Avg:  0.0, Max:  0.0, Diff:  0.0, Sum:  0.0, Workers: 4
[4050.535s][debug][gc,phases      ] GC(101)     Dead                           Min: 0, Avg:  0.0, Max: 0, Diff: 0, Sum: 0, Workers: 4
[4050.535s][debug][gc,phases      ] GC(101)     Total                          Min: 0, Avg:  0.0, Max: 0, Diff: 0, Sum: 0, Workers: 4
[4050.535s][debug][gc,phases      ] GC(101)   StringDedup Requests0 Weak     Min:  0.0, Avg:  0.0, Max:  0.0, Diff:  0.0, Sum:  0.0, Workers: 4
[4050.535s][debug][gc,phases      ] GC(101)     Dead                           Min: 0, Avg:  0.0, Max: 0, Diff: 0, Sum: 0, Workers: 4
[4050.535s][debug][gc,phases      ] GC(101)     Total                          Min: 0, Avg:  0.0, Max: 0, Diff: 0, Sum: 0, Workers: 4
[4050.535s][debug][gc,phases      ] GC(101)   StringDedup Requests1 Weak     Min:  0.0, Avg:  0.0, Max:  0.0, Diff:  0.0, Sum:  0.0, Workers: 4
[4050.535s][debug][gc,phases      ] GC(101)     Dead                           Min: 0, Avg:  0.0, Max: 0, Diff: 0, Sum: 0, Workers: 4
[4050.535s][debug][gc,phases      ] GC(101)     Total                          Min: 0, Avg:  0.0, Max: 0, Diff: 0, Sum: 0, Workers: 4
[4050.535s][debug][gc,phases      ] GC(101)   Weak JFR Old Object Samples    Min:  0.0, Avg:  0.0, Max:  0.0, Diff:  0.0, Sum:  0.0, Workers: 4
[4050.535s][debug][gc,phases      ] GC(101)     Dead                           Min: 0, Avg:  0.0, Max: 0, Diff: 0, Sum: 0, Workers: 4
[4050.535s][debug][gc,phases      ] GC(101)     Total                          Min: 0, Avg:  0.0, Max: 0, Diff: 0, Sum: 0, Workers: 4
[4050.535s][debug][gc,phases      ] GC(101) Weak Processing 0.512ms
[4050.535s][debug][gc,age         ] GC(101) Desired survivor size 14680064 bytes, new threshold 1 (max threshold 15)
[4050.535s][info ][gc,heap        ] GC(101) PSYoungGen: 2075408K(2081792K)->10064K(2082816K) Eden: 2066944K(2066944K)->0K(2067968K) From: 8464K(14848K)->10064K(14848K)
[4050.535s][info ][gc,heap        ] GC(101) ParOldGen: 430420K(513024K)->431801K(513024K)
[4050.535s][info ][gc,metaspace   ] GC(101) Metaspace: 106489K(107840K)->106489K(107840K) NonClass: 90461K(91200K)->90461K(91200K) Class: 16028K(16640K)->16028K(16640K)
[4050.535s][info ][gc             ] GC(101) Pause Young (Allocation Failure) 2447M->431M(2535M) 9.477ms
[4050.535s][info ][gc,cpu         ] GC(101) User=0.03s Sys=0.00s Real=0.01s
[4050.535s][info ][safepoint      ] Safepoint "ParallelGCFailedAllocation", Time since last: 1922511786 ns, Reaching safepoint: 6200 ns, Cleanup: 4200 ns, At safepoint: 9577047 ns, Total: 9587447 ns
[4054.535s][info ][safepoint      ] Safepoint "Cleanup", Time since last: 4000339040 ns, Reaching safepoint: 5600 ns, Cleanup: 8600 ns, At safepoint: 2000 ns, Total: 16200 ns
[4059.536s][info ][safepoint      ] Safepoint "Cleanup", Time since last: 5000435319 ns, Reaching safepoint: 5100 ns, Cleanup: 8600 ns, At safepoint: 2000 ns, Total: 15700 ns
[4065.920s][info ][safepoint      ] Safepoint "Cleanup", Time since last: 6000476047 ns, Reaching safepoint: 6000 ns, Cleanup: 8800 ns, At safepoint: 383364888 ns, Total: 383379688 ns
[4095.629s][info ][safepoint      ] Safepoint "Cleanup", Time since last: 29709076887 ns, Reaching safepoint: 7500 ns, Cleanup: 11300 ns, At safepoint: 2600 ns, Total: 21400 ns
[4096.629s][info ][safepoint      ] Safepoint "Cleanup", Time since last: 1000118516 ns, Reaching safepoint: 5800 ns, Cleanup: 12900 ns, At safepoint: 2400 ns, Total: 21100 ns
[4098.629s][info ][safepoint      ] Safepoint "Cleanup", Time since last: 2000227431 ns, Reaching safepoint: 6700 ns, Cleanup: 10700 ns, At safepoint: 2300 ns, Total: 19700 ns
[4102.075s][info ][gc,start       ] GC(102) Pause Young (Allocation Failure)
[4102.093s][debug][gc,phases      ] GC(102) Scavenge 18.298ms
[4102.094s][debug][gc,ref         ] GC(102) Skipped SoftWeakFinalRefsPhase of Reference Processing: no references
[4102.094s][debug][gc,ref         ] GC(102) Skipped KeepAliveFinalRefsPhase of Reference Processing: no references
[4102.094s][debug][gc,ref         ] GC(102) ReferenceProcessor::execute queues: 1, RefProcThreadModel::Single, marks_oops_alive: false
[4102.094s][debug][gc,phases      ] GC(102) Reference Processing 0.117ms
[4102.094s][debug][gc,phases      ] GC(102)   VM Weak                        Min:  0.0, Avg:  0.0, Max:  0.0, Diff:  0.0, Sum:  0.0, Workers: 4
[4102.094s][debug][gc,phases      ] GC(102)     Dead                           Min: 0, Avg:  0.0, Max: 0, Diff: 0, Sum: 0, Workers: 4
[4102.094s][debug][gc,phases      ] GC(102)     Total                          Min: 0, Avg: 243.2, Max: 896, Diff: 896, Sum: 973, Workers: 4
[4102.094s][debug][gc,phases      ] GC(102)   ObjectSynchronizer Weak        Min:  0.0, Avg:  0.0, Max:  0.0, Diff:  0.0, Sum:  0.0, Workers: 4
[4102.094s][debug][gc,phases      ] GC(102)     Dead                           Min: 0, Avg:  0.0, Max: 0, Diff: 0, Sum: 0, Workers: 4
[4102.094s][debug][gc,phases      ] GC(102)     Total                          Min: 0, Avg:  1.0, Max: 4, Diff: 4, Sum: 4, Workers: 4
[4102.094s][debug][gc,phases      ] GC(102)   JVMTI Tag Weak OopStorage      Min:  0.0, Avg:  0.0, Max:  0.0, Diff:  0.0, Sum:  0.0, Workers: 4
[4102.094s][debug][gc,phases      ] GC(102)     Dead                           Min: 0, Avg:  0.0, Max: 0, Diff: 0, Sum: 0, Workers: 4
[4102.094s][debug][gc,phases      ] GC(102)     Total                          Min: 0, Avg:  0.0, Max: 0, Diff: 0, Sum: 0, Workers: 4
[4102.094s][debug][gc,phases      ] GC(102)   StringTable Weak               Min:  0.0, Avg:  0.1, Max:  0.2, Diff:  0.2, Sum:  0.5, Workers: 4
[4102.094s][debug][gc,phases      ] GC(102)     Dead                           Min: 0, Avg:  0.0, Max: 0, Diff: 0, Sum: 0, Workers: 4
[4102.094s][debug][gc,phases      ] GC(102)     Total                          Min: 0, Avg: 11575.8, Max: 24671, Diff: 24671, Sum: 46303, Workers: 4
[4102.094s][debug][gc,phases      ] GC(102)   ResolvedMethodTable Weak       Min:  0.0, Avg:  0.0, Max:  0.1, Diff:  0.1, Sum:  0.2, Workers: 4
[4102.094s][debug][gc,phases      ] GC(102)     Dead                           Min: 0, Avg:  4.5, Max: 18, Diff: 18, Sum: 18, Workers: 4
[4102.094s][debug][gc,phases      ] GC(102)     Total                          Min: 0, Avg: 3813.8, Max: 7856, Diff: 7856, Sum: 15255, Workers: 4
[4102.094s][debug][gc,phases      ] GC(102)   JNI Weak                       Min:  0.0, Avg:  0.0, Max:  0.0, Diff:  0.0, Sum:  0.0, Workers: 4
[4102.094s][debug][gc,phases      ] GC(102)     Dead                           Min: 0, Avg:  0.0, Max: 0, Diff: 0, Sum: 0, Workers: 4
[4102.094s][debug][gc,phases      ] GC(102)     Total                          Min: 0, Avg: 13.2, Max: 48, Diff: 48, Sum: 53, Workers: 4
[4102.094s][debug][gc,phases      ] GC(102)   StringDedup Table Weak         Min:  0.0, Avg:  0.0, Max:  0.0, Diff:  0.0, Sum:  0.0, Workers: 4
[4102.094s][debug][gc,phases      ] GC(102)     Dead                           Min: 0, Avg:  0.0, Max: 0, Diff: 0, Sum: 0, Workers: 4
[4102.094s][debug][gc,phases      ] GC(102)     Total                          Min: 0, Avg:  0.0, Max: 0, Diff: 0, Sum: 0, Workers: 4
[4102.094s][debug][gc,phases      ] GC(102)   StringDedup Requests0 Weak     Min:  0.0, Avg:  0.0, Max:  0.0, Diff:  0.0, Sum:  0.0, Workers: 4
[4102.094s][debug][gc,phases      ] GC(102)     Dead                           Min: 0, Avg:  0.0, Max: 0, Diff: 0, Sum: 0, Workers: 4
[4102.094s][debug][gc,phases      ] GC(102)     Total                          Min: 0, Avg:  0.0, Max: 0, Diff: 0, Sum: 0, Workers: 4
[4102.094s][debug][gc,phases      ] GC(102)   StringDedup Requests1 Weak     Min:  0.0, Avg:  0.0, Max:  0.0, Diff:  0.0, Sum:  0.0, Workers: 4
[4102.094s][debug][gc,phases      ] GC(102)     Dead                           Min: 0, Avg:  0.0, Max: 0, Diff: 0, Sum: 0, Workers: 4
[4102.094s][debug][gc,phases      ] GC(102)     Total                          Min: 0, Avg:  0.0, Max: 0, Diff: 0, Sum: 0, Workers: 4
[4102.094s][debug][gc,phases      ] GC(102)   Weak JFR Old Object Samples    Min:  0.0, Avg:  0.0, Max:  0.0, Diff:  0.0, Sum:  0.0, Workers: 4
[4102.094s][debug][gc,phases      ] GC(102)     Dead                           Min: 0, Avg:  0.0, Max: 0, Diff: 0, Sum: 0, Workers: 4
[4102.094s][debug][gc,phases      ] GC(102)     Total                          Min: 0, Avg:  0.0, Max: 0, Diff: 0, Sum: 0, Workers: 4
[4102.094s][debug][gc,phases      ] GC(102) Weak Processing 0.630ms
[4102.094s][debug][gc,age         ] GC(102) Desired survivor size 16777216 bytes, new threshold 1 (max threshold 15)
[4102.094s][info ][gc,heap        ] GC(102) PSYoungGen: 2078016K(2082816K)->14320K(2082304K) Eden: 2067951K(2067968K)->0K(2067968K) From: 10064K(14848K)->14320K(14336K)
[4102.094s][info ][gc,heap        ] GC(102) ParOldGen: 431801K(513024K)->433774K(513024K)
[4102.094s][info ][gc,metaspace   ] GC(102) Metaspace: 106492K(107840K)->106492K(107840K) NonClass: 90464K(91200K)->90464K(91200K) Class: 16028K(16640K)->16028K(16640K)
[4102.094s][info ][gc             ] GC(102) Pause Young (Allocation Failure) 2450M->437M(2534M) 19.189ms
[4102.094s][info ][gc,cpu         ] GC(102) User=0.04s Sys=0.00s Real=0.02s
[4102.095s][info ][safepoint      ] Safepoint "ParallelGCFailedAllocation", Time since last: 3445834426 ns, Reaching safepoint: 92400 ns, Cleanup: 8400 ns, At safepoint: 19808889 ns, Total: 19909689 ns
[4103.095s][info ][safepoint      ] Safepoint "Cleanup", Time since last: 1000106912 ns, Reaching safepoint: 5100 ns, Cleanup: 64000 ns, At safepoint: 2000 ns, Total: 71100 ns
[4104.095s][info ][safepoint      ] Safepoint "Cleanup", Time since last: 1000100912 ns, Reaching safepoint: 6700 ns, Cleanup: 22499 ns, At safepoint: 5600 ns, Total: 34799 ns
[4107.095s][info ][safepoint      ] Safepoint "Cleanup", Time since last: 3000252836 ns, Reaching safepoint: 7000 ns, Cleanup: 10500 ns, At safepoint: 2700 ns, Total: 20200 ns
[4109.096s][info ][safepoint      ] Safepoint "Cleanup", Time since last: 2000196609 ns, Reaching safepoint: 7200 ns, Cleanup: 10800 ns, At safepoint: 2900 ns, Total: 20900 ns
[4109.709s][info ][gc,start       ] GC(103) Pause Young (Allocation Failure)
[4109.750s][debug][gc,phases      ] GC(103) Scavenge 41.469ms
[4109.750s][debug][gc,ref         ] GC(103) Skipped SoftWeakFinalRefsPhase of Reference Processing: no references
[4109.750s][debug][gc,ref         ] GC(103) Skipped KeepAliveFinalRefsPhase of Reference Processing: no references
[4109.750s][debug][gc,ref         ] GC(103) Skipped PhantomRefsPhase of Reference Processing: no references
[4109.750s][debug][gc,phases      ] GC(103) Reference Processing 0.019ms
[4109.751s][debug][gc,phases      ] GC(103)   VM Weak                        Min:  0.0, Avg:  0.0, Max:  0.0, Diff:  0.0, Sum:  0.0, Workers: 4
[4109.751s][debug][gc,phases      ] GC(103)     Dead                           Min: 0, Avg:  0.0, Max: 0, Diff: 0, Sum: 0, Workers: 4
[4109.751s][debug][gc,phases      ] GC(103)     Total                          Min: 0, Avg: 243.2, Max: 973, Diff: 973, Sum: 973, Workers: 4
[4109.751s][debug][gc,phases      ] GC(103)   ObjectSynchronizer Weak        Min:  0.0, Avg:  0.0, Max:  0.0, Diff:  0.0, Sum:  0.0, Workers: 4
[4109.751s][debug][gc,phases      ] GC(103)     Dead                           Min: 0, Avg:  0.0, Max: 0, Diff: 0, Sum: 0, Workers: 4
[4109.751s][debug][gc,phases      ] GC(103)     Total                          Min: 0, Avg:  1.5, Max: 6, Diff: 6, Sum: 6, Workers: 4
[4109.751s][debug][gc,phases      ] GC(103)   JVMTI Tag Weak OopStorage      Min:  0.0, Avg:  0.0, Max:  0.0, Diff:  0.0, Sum:  0.0, Workers: 4
[4109.751s][debug][gc,phases      ] GC(103)     Dead                           Min: 0, Avg:  0.0, Max: 0, Diff: 0, Sum: 0, Workers: 4
[4109.751s][debug][gc,phases      ] GC(103)     Total                          Min: 0, Avg:  0.0, Max: 0, Diff: 0, Sum: 0, Workers: 4
[4109.751s][debug][gc,phases      ] GC(103)   StringTable Weak               Min:  0.0, Avg:  0.1, Max:  0.2, Diff:  0.2, Sum:  0.4, Workers: 4
[4109.751s][debug][gc,phases      ] GC(103)     Dead                           Min: 0, Avg:  0.0, Max: 0, Diff: 0, Sum: 0, Workers: 4
[4109.751s][debug][gc,phases      ] GC(103)     Total                          Min: 0, Avg: 11577.2, Max: 19840, Diff: 19840, Sum: 46309, Workers: 4
[4109.751s][debug][gc,phases      ] GC(103)   ResolvedMethodTable Weak       Min:  0.0, Avg:  0.0, Max:  0.0, Diff:  0.0, Sum:  0.1, Workers: 4
[4109.751s][debug][gc,phases      ] GC(103)     Dead                           Min: 0, Avg:  0.0, Max: 0, Diff: 0, Sum: 0, Workers: 4
[4109.751s][debug][gc,phases      ] GC(103)     Total                          Min: 0, Avg: 3814.2, Max: 6121, Diff: 6121, Sum: 15257, Workers: 4
[4109.751s][debug][gc,phases      ] GC(103)   JNI Weak                       Min:  0.0, Avg:  0.0, Max:  0.0, Diff:  0.0, Sum:  0.0, Workers: 4
[4109.751s][debug][gc,phases      ] GC(103)     Dead                           Min: 0, Avg:  0.0, Max: 0, Diff: 0, Sum: 0, Workers: 4
[4109.751s][debug][gc,phases      ] GC(103)     Total                          Min: 0, Avg: 13.0, Max: 48, Diff: 48, Sum: 52, Workers: 4
[4109.751s][debug][gc,phases      ] GC(103)   StringDedup Table Weak         Min:  0.0, Avg:  0.0, Max:  0.0, Diff:  0.0, Sum:  0.0, Workers: 4
[4109.751s][debug][gc,phases      ] GC(103)     Dead                           Min: 0, Avg:  0.0, Max: 0, Diff: 0, Sum: 0, Workers: 4
[4109.751s][debug][gc,phases      ] GC(103)     Total                          Min: 0, Avg:  0.0, Max: 0, Diff: 0, Sum: 0, Workers: 4
[4109.751s][debug][gc,phases      ] GC(103)   StringDedup Requests0 Weak     Min:  0.0, Avg:  0.0, Max:  0.0, Diff:  0.0, Sum:  0.0, Workers: 4
[4109.751s][debug][gc,phases      ] GC(103)     Dead                           Min: 0, Avg:  0.0, Max: 0, Diff: 0, Sum: 0, Workers: 4
[4109.751s][debug][gc,phases      ] GC(103)     Total                          Min: 0, Avg:  0.0, Max: 0, Diff: 0, Sum: 0, Workers: 4
[4109.751s][debug][gc,phases      ] GC(103)   StringDedup Requests1 Weak     Min:  0.0, Avg:  0.0, Max:  0.0, Diff:  0.0, Sum:  0.0, Workers: 4
[4109.751s][debug][gc,phases      ] GC(103)     Dead                           Min: 0, Avg:  0.0, Max: 0, Diff: 0, Sum: 0, Workers: 4
[4109.751s][debug][gc,phases      ] GC(103)     Total                          Min: 0, Avg:  0.0, Max: 0, Diff: 0, Sum: 0, Workers: 4
[4109.751s][debug][gc,phases      ] GC(103)   Weak JFR Old Object Samples    Min:  0.0, Avg:  0.0, Max:  0.0, Diff:  0.0, Sum:  0.0, Workers: 4
[4109.751s][debug][gc,phases      ] GC(103)     Dead                           Min: 0, Avg:  0.0, Max: 0, Diff: 0, Sum: 0, Workers: 4
[4109.751s][debug][gc,phases      ] GC(103)     Total                          Min: 0, Avg:  0.0, Max: 0, Diff: 0, Sum: 0, Workers: 4
[4109.751s][debug][gc,phases      ] GC(103) Weak Processing 0.400ms
[4109.751s][debug][gc,age         ] GC(103) Desired survivor size 48234496 bytes, new threshold 1 (max threshold 15)
[4109.751s][info ][gc,heap        ] GC(103) PSYoungGen: 2082288K(2082304K)->14816K(2017792K) Eden: 2067968K(2067968K)->0K(2002944K) From: 14320K(14336K)->14816K(14848K)
[4109.751s][info ][gc,heap        ] GC(103) ParOldGen: 433774K(513024K)->513108K(513536K)
[4109.751s][info ][gc,metaspace   ] GC(103) Metaspace: 106531K(107904K)->106531K(107904K) NonClass: 90502K(91264K)->90502K(91264K) Class: 16029K(16640K)->16029K(16640K)
[4109.751s][info ][gc             ] GC(103) Pause Young (Allocation Failure) 2457M->515M(2472M) 42.020ms
[4109.751s][info ][gc,cpu         ] GC(103) User=0.16s Sys=0.01s Real=0.05s
[4109.751s][info ][safepoint      ] Safepoint "ParallelGCFailedAllocation", Time since last: 612928920 ns, Reaching safepoint: 80899 ns, Cleanup: 5800 ns, At safepoint: 42098061 ns, Total: 42184760 ns
[4111.751s][info ][safepoint      ] Safepoint "Cleanup", Time since last: 2000172543 ns, Reaching safepoint: 7000 ns, Cleanup: 12900 ns, At safepoint: 2400 ns, Total: 22300 ns
[4112.751s][info ][safepoint      ] Safepoint "Cleanup", Time since last: 1000124021 ns, Reaching safepoint: 7100 ns, Cleanup: 10700 ns, At safepoint: 2500 ns, Total: 20300 ns
[4113.751s][info ][safepoint      ] Safepoint "Cleanup", Time since last: 1000122522 ns, Reaching safepoint: 7500 ns, Cleanup: 13599 ns, At safepoint: 2600 ns, Total: 23699 ns
[4114.751s][info ][safepoint      ] Safepoint "Cleanup", Time since last: 1000112022 ns, Reaching safepoint: 7200 ns, Cleanup: 10600 ns, At safepoint: 2400 ns, Total: 20200 ns
[4124.752s][info ][safepoint      ] Safepoint "Cleanup", Time since last: 10000754548 ns, Reaching safepoint: 7200 ns, Cleanup: 11000 ns, At safepoint: 2000 ns, Total: 20200 ns
[4126.752s][info ][safepoint      ] Safepoint "Cleanup", Time since last: 2000188269 ns, Reaching safepoint: 7800 ns, Cleanup: 11500 ns, At safepoint: 21300 ns, Total: 40600 ns
[4127.753s][info ][safepoint      ] Safepoint "Cleanup", Time since last: 1000108802 ns, Reaching safepoint: 7800 ns, Cleanup: 20000 ns, At safepoint: 2600 ns, Total: 30400 ns
[4131.753s][info ][safepoint      ] Safepoint "Cleanup", Time since last: 4000336810 ns, Reaching safepoint: 21000 ns, Cleanup: 10500 ns, At safepoint: 2000 ns, Total: 33500 ns
[4135.753s][info ][safepoint      ] Safepoint "Cleanup", Time since last: 4000326864 ns, Reaching safepoint: 8100 ns, Cleanup: 9800 ns, At safepoint: 2800 ns, Total: 20700 ns
[4140.754s][info ][safepoint      ] Safepoint "Cleanup", Time since last: 5000404605 ns, Reaching safepoint: 7300 ns, Cleanup: 14500 ns, At safepoint: 2400 ns, Total: 24200 ns
[4144.652s][info ][safepoint      ] Safepoint "Cleanup", Time since last: 3898042813 ns, Reaching safepoint: 7400 ns, Cleanup: 12200 ns, At safepoint: 2400 ns, Total: 22000 ns
[4149.652s][info ][safepoint      ] Safepoint "Cleanup", Time since last: 5000483834 ns, Reaching safepoint: 8400 ns, Cleanup: 12100 ns, At safepoint: 2400 ns, Total: 22900 ns
[4151.653s][info ][safepoint      ] Safepoint "Cleanup", Time since last: 2000202292 ns, Reaching safepoint: 7600 ns, Cleanup: 18500 ns, At safepoint: 2599 ns, Total: 28699 ns
[4153.653s][info ][safepoint      ] Safepoint "Cleanup", Time since last: 2000202092 ns, Reaching safepoint: 7400 ns, Cleanup: 12500 ns, At safepoint: 2500 ns, Total: 22400 ns
[4157.653s][info ][safepoint      ] Safepoint "Cleanup", Time since last: 4000334352 ns, Reaching safepoint: 8100 ns, Cleanup: 26600 ns, At safepoint: 2100 ns, Total: 36800 ns
[4213.673s][info ][safepoint      ] Safepoint "Cleanup", Time since last: 56019931565 ns, Reaching safepoint: 8700 ns, Cleanup: 13500 ns, At safepoint: 3000 ns, Total: 25200 ns
[4214.673s][info ][safepoint      ] Safepoint "Cleanup", Time since last: 1000140143 ns, Reaching safepoint: 8700 ns, Cleanup: 13900 ns, At safepoint: 2700 ns, Total: 25300 ns
[4258.677s][info ][safepoint      ] Safepoint "Cleanup", Time since last: 44003794990 ns, Reaching safepoint: 9400 ns, Cleanup: 12400 ns, At safepoint: 2800 ns, Total: 24600 ns
[4277.679s][info ][safepoint      ] Safepoint "Cleanup", Time since last: 19001737209 ns, Reaching safepoint: 6900 ns, Cleanup: 12200 ns, At safepoint: 2000 ns, Total: 21100 ns
[4278.462s][info ][gc,start       ] GC(104) Pause Young (Allocation Failure)
[4278.471s][debug][gc,phases      ] GC(104) Scavenge 8.726ms
[4278.471s][debug][gc,ref         ] GC(104) ReferenceProcessor::execute queues: 1, RefProcThreadModel::Single, marks_oops_alive: false
[4278.471s][debug][gc,ref         ] GC(104) Skipped KeepAliveFinalRefsPhase of Reference Processing: no references
[4278.471s][debug][gc,ref         ] GC(104) ReferenceProcessor::execute queues: 1, RefProcThreadModel::Single, marks_oops_alive: false
[4278.471s][debug][gc,phases      ] GC(104) Reference Processing 0.095ms
[4278.472s][debug][gc,phases      ] GC(104)   VM Weak                        Min:  0.0, Avg:  0.0, Max:  0.0, Diff:  0.0, Sum:  0.0, Workers: 4
[4278.472s][debug][gc,phases      ] GC(104)     Dead                           Min: 0, Avg:  0.0, Max: 0, Diff: 0, Sum: 0, Workers: 4
[4278.472s][debug][gc,phases      ] GC(104)     Total                          Min: 0, Avg: 243.2, Max: 576, Diff: 576, Sum: 973, Workers: 4
[4278.472s][debug][gc,phases      ] GC(104)   ObjectSynchronizer Weak        Min:  0.0, Avg:  0.0, Max:  0.0, Diff:  0.0, Sum:  0.0, Workers: 4
[4278.472s][debug][gc,phases      ] GC(104)     Dead                           Min: 0, Avg:  0.2, Max: 1, Diff: 1, Sum: 1, Workers: 4
[4278.472s][debug][gc,phases      ] GC(104)     Total                          Min: 0, Avg:  1.0, Max: 4, Diff: 4, Sum: 4, Workers: 4
[4278.472s][debug][gc,phases      ] GC(104)   JVMTI Tag Weak OopStorage      Min:  0.0, Avg:  0.0, Max:  0.0, Diff:  0.0, Sum:  0.0, Workers: 4
[4278.472s][debug][gc,phases      ] GC(104)     Dead                           Min: 0, Avg:  0.0, Max: 0, Diff: 0, Sum: 0, Workers: 4
[4278.472s][debug][gc,phases      ] GC(104)     Total                          Min: 0, Avg:  0.0, Max: 0, Diff: 0, Sum: 0, Workers: 4
[4278.472s][debug][gc,phases      ] GC(104)   StringTable Weak               Min:  0.0, Avg:  0.1, Max:  0.1, Diff:  0.1, Sum:  0.4, Workers: 4
[4278.472s][debug][gc,phases      ] GC(104)     Dead                           Min: 0, Avg:  0.5, Max: 2, Diff: 2, Sum: 2, Workers: 4
[4278.472s][debug][gc,phases      ] GC(104)     Total                          Min: 0, Avg: 11580.8, Max: 20543, Diff: 20543, Sum: 46323, Workers: 4
[4278.472s][debug][gc,phases      ] GC(104)   ResolvedMethodTable Weak       Min:  0.0, Avg:  0.0, Max:  0.1, Diff:  0.1, Sum:  0.1, Workers: 4
[4278.472s][debug][gc,phases      ] GC(104)     Dead                           Min: 0, Avg: 10.8, Max: 23, Diff: 23, Sum: 43, Workers: 4
[4278.472s][debug][gc,phases      ] GC(104)     Total                          Min: 0, Avg: 3820.2, Max: 6852, Diff: 6852, Sum: 15281, Workers: 4
[4278.472s][debug][gc,phases      ] GC(104)   JNI Weak                       Min:  0.0, Avg:  0.0, Max:  0.0, Diff:  0.0, Sum:  0.0, Workers: 4
[4278.472s][debug][gc,phases      ] GC(104)     Dead                           Min: 0, Avg:  0.0, Max: 0, Diff: 0, Sum: 0, Workers: 4
[4278.472s][debug][gc,phases      ] GC(104)     Total                          Min: 0, Avg: 13.0, Max: 48, Diff: 48, Sum: 52, Workers: 4
[4278.472s][debug][gc,phases      ] GC(104)   StringDedup Table Weak         Min:  0.0, Avg:  0.0, Max:  0.0, Diff:  0.0, Sum:  0.0, Workers: 4
[4278.472s][debug][gc,phases      ] GC(104)     Dead                           Min: 0, Avg:  0.0, Max: 0, Diff: 0, Sum: 0, Workers: 4
[4278.472s][debug][gc,phases      ] GC(104)     Total                          Min: 0, Avg:  0.0, Max: 0, Diff: 0, Sum: 0, Workers: 4
[4278.472s][debug][gc,phases      ] GC(104)   StringDedup Requests0 Weak     Min:  0.0, Avg:  0.0, Max:  0.0, Diff:  0.0, Sum:  0.0, Workers: 4
[4278.472s][debug][gc,phases      ] GC(104)     Dead                           Min: 0, Avg:  0.0, Max: 0, Diff: 0, Sum: 0, Workers: 4
[4278.472s][debug][gc,phases      ] GC(104)     Total                          Min: 0, Avg:  0.0, Max: 0, Diff: 0, Sum: 0, Workers: 4
[4278.472s][debug][gc,phases      ] GC(104)   StringDedup Requests1 Weak     Min:  0.0, Avg:  0.0, Max:  0.0, Diff:  0.0, Sum:  0.0, Workers: 4
[4278.472s][debug][gc,phases      ] GC(104)     Dead                           Min: 0, Avg:  0.0, Max: 0, Diff: 0, Sum: 0, Workers: 4
[4278.472s][debug][gc,phases      ] GC(104)     Total                          Min: 0, Avg:  0.0, Max: 0, Diff: 0, Sum: 0, Workers: 4
[4278.472s][debug][gc,phases      ] GC(104)   Weak JFR Old Object Samples    Min:  0.0, Avg:  0.0, Max:  0.0, Diff:  0.0, Sum:  0.0, Workers: 4
[4278.472s][debug][gc,phases      ] GC(104)     Dead                           Min: 0, Avg:  0.0, Max: 0, Diff: 0, Sum: 0, Workers: 4
[4278.472s][debug][gc,phases      ] GC(104)     Total                          Min: 0, Avg:  0.0, Max: 0, Diff: 0, Sum: 0, Workers: 4
[4278.472s][debug][gc,phases      ] GC(104) Weak Processing 0.366ms
[4278.472s][debug][gc,age         ] GC(104) Desired survivor size 47710208 bytes, new threshold 1 (max threshold 15)
[4278.472s][info ][gc,heap        ] GC(104) PSYoungGen: 2017760K(2017792K)->4368K(2050048K) Eden: 2002944K(2002944K)->0K(2002944K) From: 14816K(14848K)->4368K(47104K)
[4278.472s][info ][gc,heap        ] GC(104) ParOldGen: 513108K(513536K)->523941K(524288K)
[4278.472s][info ][gc,metaspace   ] GC(104) Metaspace: 106586K(107904K)->106586K(107904K) NonClass: 90550K(91264K)->90550K(91264K) Class: 16036K(16640K)->16036K(16640K)
[4278.472s][info ][gc             ] GC(104) Pause Young (Allocation Failure) 2471M->515M(2514M) 9.290ms
[4278.472s][info ][gc,cpu         ] GC(104) User=0.02s Sys=0.01s Real=0.01s
[4278.472s][info ][safepoint      ] Safepoint "ParallelGCFailedAllocation", Time since last: 783269427 ns, Reaching safepoint: 303099 ns, Cleanup: 10700 ns, At safepoint: 9370949 ns, Total: 9684748 ns
[4278.496s][info ][safepoint      ] Safepoint "JFRCheckpoint", Time since last: 24126168 ns, Reaching safepoint: 103999 ns, Cleanup: 10200 ns, At safepoint: 27600 ns, Total: 141799 ns
[4278.499s][info ][gc,heap,exit   ] Heap
[4278.499s][info ][gc,heap,exit   ]  PSYoungGen      total 2050048K, used 104454K [0x0000000780000000, 0x0000000800000000, 0x0000000800000000)
[4278.499s][info ][gc,heap,exit   ]   eden space 2002944K, 4% used [0x0000000780000000,0x00000007861bd8e8,0x00000007fa400000)
[4278.499s][info ][gc,heap,exit   ]   from space 47104K, 9% used [0x00000007fa400000,0x00000007fa844138,0x00000007fd200000)
[4278.499s][info ][gc,heap,exit   ]   to   space 46592K, 0% used [0x00000007fd280000,0x00000007fd280000,0x0000000800000000)
[4278.499s][info ][gc,heap,exit   ]  ParOldGen       total 524288K, used 523941K [0x00000006c0000000, 0x00000006e0000000, 0x0000000780000000)
[4278.499s][info ][gc,heap,exit   ]   object space 524288K, 99% used [0x00000006c0000000,0x00000006dffa9488,0x00000006e0000000)
[4278.499s][info ][gc,heap,exit   ]  Metaspace       used 106631K, committed 107904K, reserved 1179648K
[4278.499s][info ][gc,heap,exit   ]   class space    used 16043K, committed 16640K, reserved 1048576K
