[0.004s][info][gc,init] CardTable entry size: 512
[0.004s][info][gc     ] Using Parallel
[0.006s][info][gc,init] Version: 21.0.7+6-LTS (release)
[0.006s][info][gc,init] CPUs: 4 total, 4 available
[0.006s][info][gc,init] Memory: 15989M
[0.006s][info][gc,init] Large Page Support: Disabled
[0.006s][info][gc,init] NUMA Support: Disabled
[0.006s][info][gc,init] Compressed Oops: Enabled (Zero based)
[0.006s][info][gc,init] Alignments: Space 512K, Generation 512K, Heap 2M
[0.006s][info][gc,init] Heap Min Capacity: 2054M
[0.006s][info][gc,init] Heap Initial Capacity: 2054M
[0.006s][info][gc,init] Heap Max Capacity: 5G
[0.006s][info][gc,init] Pre-touch: Disabled
[0.006s][info][gc,init] Parallel Workers: 4
[0.023s][info][gc,metaspace] CDS archive(s) mapped at: [0x000072f34d000000-0x000072f34dc97000-0x000072f34dc97000), size 13201408, SharedBaseAddress: 0x000072f34d000000, ArchiveRelocationMode: 1.
[0.023s][info][gc,metaspace] Compressed class space mapped at: 0x000072f34e000000-0x000072f38e000000, reserved size: 1073741824
[0.023s][info][gc,metaspace] Narrow klass base: 0x000072f34d000000, Narrow klass shift: 0, Narrow klass range: 0x100000000
[0.287s][info][safepoint   ] Safepoint "ICBufferFull", Time since last: 256519825 ns, Reaching safepoint: 4600 ns, Cleanup: 113003 ns, At safepoint: 9801 ns, Total: 127404 ns
[0.480s][info][safepoint   ] Safepoint "RedefineClasses", Time since last: 186838699 ns, Reaching safepoint: 4000 ns, Cleanup: 110304 ns, At safepoint: 6759506 ns, Total: 6873810 ns
[0.641s][info][safepoint   ] Safepoint "JFRCheckpoint", Time since last: 160981411 ns, Reaching safepoint: 3800 ns, Cleanup: 48301 ns, At safepoint: 11301 ns, Total: 63402 ns
[1.533s][info][safepoint   ] Safepoint "ICBufferFull", Time since last: 891728102 ns, Reaching safepoint: 75703 ns, Cleanup: 103503 ns, At safepoint: 9000 ns, Total: 188206 ns
[1.949s][info][safepoint   ] Safepoint "ICBufferFull", Time since last: 415857386 ns, Reaching safepoint: 4200 ns, Cleanup: 137304 ns, At safepoint: 2400 ns, Total: 143904 ns
[2.219s][info][gc,start    ] GC(0) Pause Young (Metadata GC Threshold)
[2.237s][debug][gc,phases   ] GC(0) Scavenge 17.310ms
[2.237s][debug][gc,ref      ] GC(0) ReferenceProcessor::execute queues: 2, RefProcThreadModel::Multi, marks_oops_alive: false
[2.237s][debug][gc,ref      ] GC(0) ReferenceProcessor::execute queues: 4, RefProcThreadModel::Multi, marks_oops_alive: true
[2.237s][debug][gc,ref      ] GC(0) ReferenceProcessor::execute queues: 1, RefProcThreadModel::Single, marks_oops_alive: false
[2.237s][debug][gc,phases   ] GC(0) Reference Processing 0.450ms
[2.237s][debug][gc,phases   ] GC(0)   VM Weak                        Min:  0.0, Avg:  0.0, Max:  0.0, Diff:  0.0, Sum:  0.0, Workers: 4
[2.237s][debug][gc,phases   ] GC(0)     Dead                           Min: 0, Avg:  0.0, Max: 0, Diff: 0, Sum: 0, Workers: 4
[2.237s][debug][gc,phases   ] GC(0)     Total                          Min: 0, Avg: 59.8, Max: 192, Diff: 192, Sum: 239, Workers: 4
[2.237s][debug][gc,phases   ] GC(0)   ObjectSynchronizer Weak        Min:  0.0, Avg:  0.0, Max:  0.0, Diff:  0.0, Sum:  0.0, Workers: 4
[2.237s][debug][gc,phases   ] GC(0)     Dead                           Min: 0, Avg:  0.2, Max: 1, Diff: 1, Sum: 1, Workers: 4
[2.237s][debug][gc,phases   ] GC(0)     Total                          Min: 0, Avg:  2.2, Max: 9, Diff: 9, Sum: 9, Workers: 4
[2.237s][debug][gc,phases   ] GC(0)   JVMTI Tag Weak OopStorage      Min:  0.0, Avg:  0.0, Max:  0.0, Diff:  0.0, Sum:  0.0, Workers: 4
[2.237s][debug][gc,phases   ] GC(0)     Dead                           Min: 0, Avg:  0.0, Max: 0, Diff: 0, Sum: 0, Workers: 4
[2.237s][debug][gc,phases   ] GC(0)     Total                          Min: 0, Avg:  0.0, Max: 0, Diff: 0, Sum: 0, Workers: 4
[2.237s][debug][gc,phases   ] GC(0)   StringTable Weak               Min:  0.0, Avg:  0.1, Max:  0.1, Diff:  0.1, Sum:  0.3, Workers: 4
[2.237s][debug][gc,phases   ] GC(0)     Dead                           Min: 0, Avg:  7.8, Max: 21, Diff: 21, Sum: 31, Workers: 4
[2.237s][debug][gc,phases   ] GC(0)     Total                          Min: 0, Avg: 1999.0, Max: 3388, Diff: 3388, Sum: 7996, Workers: 4
[2.237s][debug][gc,phases   ] GC(0)   ResolvedMethodTable Weak       Min:  0.0, Avg:  0.0, Max:  0.0, Diff:  0.0, Sum:  0.1, Workers: 4
[2.237s][debug][gc,phases   ] GC(0)     Dead                           Min: 0, Avg: 103.5, Max: 153, Diff: 153, Sum: 414, Workers: 4
[2.237s][debug][gc,phases   ] GC(0)     Total                          Min: 0, Avg: 483.8, Max: 783, Diff: 783, Sum: 1935, Workers: 4
[2.237s][debug][gc,phases   ] GC(0)   JNI Weak                       Min:  0.0, Avg:  0.0, Max:  0.0, Diff:  0.0, Sum:  0.0, Workers: 4
[2.237s][debug][gc,phases   ] GC(0)     Dead                           Min: 0, Avg:  0.0, Max: 0, Diff: 0, Sum: 0, Workers: 4
[2.237s][debug][gc,phases   ] GC(0)     Total                          Min: 0, Avg: 12.0, Max: 48, Diff: 48, Sum: 48, Workers: 4
[2.237s][debug][gc,phases   ] GC(0)   StringDedup Table Weak         Min:  0.0, Avg:  0.0, Max:  0.0, Diff:  0.0, Sum:  0.0, Workers: 4
[2.237s][debug][gc,phases   ] GC(0)     Dead                           Min: 0, Avg:  0.0, Max: 0, Diff: 0, Sum: 0, Workers: 4
[2.237s][debug][gc,phases   ] GC(0)     Total                          Min: 0, Avg:  0.0, Max: 0, Diff: 0, Sum: 0, Workers: 4
[2.237s][debug][gc,phases   ] GC(0)   StringDedup Requests0 Weak     Min:  0.0, Avg:  0.0, Max:  0.0, Diff:  0.0, Sum:  0.0, Workers: 4
[2.237s][debug][gc,phases   ] GC(0)     Dead                           Min: 0, Avg:  0.0, Max: 0, Diff: 0, Sum: 0, Workers: 4
[2.237s][debug][gc,phases   ] GC(0)     Total                          Min: 0, Avg:  0.0, Max: 0, Diff: 0, Sum: 0, Workers: 4
[2.237s][debug][gc,phases   ] GC(0)   StringDedup Requests1 Weak     Min:  0.0, Avg:  0.0, Max:  0.0, Diff:  0.0, Sum:  0.0, Workers: 4
[2.237s][debug][gc,phases   ] GC(0)     Dead                           Min: 0, Avg:  0.0, Max: 0, Diff: 0, Sum: 0, Workers: 4
[2.237s][debug][gc,phases   ] GC(0)     Total                          Min: 0, Avg:  0.0, Max: 0, Diff: 0, Sum: 0, Workers: 4
[2.237s][debug][gc,phases   ] GC(0)   Weak JFR Old Object Samples    Min:  0.0, Avg:  0.0, Max:  0.0, Diff:  0.0, Sum:  0.0, Workers: 4
[2.237s][debug][gc,phases   ] GC(0)     Dead                           Min: 0, Avg:  0.0, Max: 0, Diff: 0, Sum: 0, Workers: 4
[2.237s][debug][gc,phases   ] GC(0)     Total                          Min: 0, Avg:  0.0, Max: 0, Diff: 0, Sum: 0, Workers: 4
[2.237s][debug][gc,phases   ] GC(0) Weak Processing 0.315ms
[2.237s][debug][gc,age      ] GC(0) Desired survivor size 536870912 bytes, new threshold 7 (max threshold 15)
[2.237s][info ][gc,heap     ] GC(0) PSYoungGen: 393061K(1572864K)->37895K(1572864K) Eden: 393061K(1048576K)->0K(1048576K) From: 0K(524288K)->37895K(524288K)
[2.237s][info ][gc,heap     ] GC(0) ParOldGen: 1073K(6144K)->1145K(6144K)
[2.237s][info ][gc,metaspace] GC(0) Metaspace: 21142K(21504K)->21142K(21504K) NonClass: 18801K(19008K)->18801K(19008K) Class: 2341K(2496K)->2341K(2496K)
[2.237s][info ][gc          ] GC(0) Pause Young (Metadata GC Threshold) 384M->38M(1542M) 18.571ms
[2.237s][info ][gc,cpu      ] GC(0) User=0.05s Sys=0.02s Real=0.02s
[2.237s][debug][gc,phases   ] GC(1) Pre Compact 0.009ms
[2.237s][info ][gc,start    ] GC(1) Pause Full (Metadata GC Threshold)
[2.237s][info ][gc,phases,start] GC(1) Marking Phase
[2.247s][debug][gc,phases      ] GC(1) Par Mark 9.641ms
[2.247s][debug][gc,ref         ] GC(1) ReferenceProcessor::execute queues: 2, RefProcThreadModel::Multi, marks_oops_alive: false
[2.247s][debug][gc,ref         ] GC(1) ReferenceProcessor::execute queues: 4, RefProcThreadModel::Multi, marks_oops_alive: true
[2.247s][debug][gc,ref         ] GC(1) ReferenceProcessor::execute queues: 1, RefProcThreadModel::Single, marks_oops_alive: false
[2.247s][debug][gc,phases      ] GC(1) Reference Processing 0.184ms
[2.247s][debug][gc,phases      ] GC(1)   VM Weak                        Min:  0.0, Avg:  0.0, Max:  0.0, Diff:  0.0, Sum:  0.0, Workers: 4
[2.247s][debug][gc,phases      ] GC(1)     Dead                           Min: 0, Avg:  0.0, Max: 0, Diff: 0, Sum: 0, Workers: 4
[2.247s][debug][gc,phases      ] GC(1)     Total                          Min: 0, Avg: 59.8, Max: 128, Diff: 128, Sum: 239, Workers: 4
[2.247s][debug][gc,phases      ] GC(1)   ObjectSynchronizer Weak        Min:  0.0, Avg:  0.0, Max:  0.0, Diff:  0.0, Sum:  0.0, Workers: 4
[2.247s][debug][gc,phases      ] GC(1)     Dead                           Min: 0, Avg:  0.0, Max: 0, Diff: 0, Sum: 0, Workers: 4
[2.247s][debug][gc,phases      ] GC(1)     Total                          Min: 0, Avg:  2.2, Max: 9, Diff: 9, Sum: 9, Workers: 4
[2.247s][debug][gc,phases      ] GC(1)   JVMTI Tag Weak OopStorage      Min:  0.0, Avg:  0.0, Max:  0.0, Diff:  0.0, Sum:  0.0, Workers: 4
[2.247s][debug][gc,phases      ] GC(1)     Dead                           Min: 0, Avg:  0.0, Max: 0, Diff: 0, Sum: 0, Workers: 4
[2.247s][debug][gc,phases      ] GC(1)     Total                          Min: 0, Avg:  0.0, Max: 0, Diff: 0, Sum: 0, Workers: 4
[2.247s][debug][gc,phases      ] GC(1)   StringTable Weak               Min:  0.0, Avg:  0.0, Max:  0.0, Diff:  0.0, Sum:  0.1, Workers: 4
[2.247s][debug][gc,phases      ] GC(1)     Dead                           Min: 0, Avg:  0.0, Max: 0, Diff: 0, Sum: 0, Workers: 4
[2.247s][debug][gc,phases      ] GC(1)     Total                          Min: 1724, Avg: 1999.0, Max: 2304, Diff: 580, Sum: 7996, Workers: 4
[2.247s][debug][gc,phases      ] GC(1)   ResolvedMethodTable Weak       Min:  0.0, Avg:  0.0, Max:  0.0, Diff:  0.0, Sum:  0.0, Workers: 4
[2.247s][debug][gc,phases      ] GC(1)     Dead                           Min: 0, Avg:  0.0, Max: 0, Diff: 0, Sum: 0, Workers: 4
[2.247s][debug][gc,phases      ] GC(1)     Total                          Min: 448, Avg: 483.8, Max: 527, Diff: 79, Sum: 1935, Workers: 4
[2.247s][debug][gc,phases      ] GC(1)   JNI Weak                       Min:  0.0, Avg:  0.0, Max:  0.0, Diff:  0.0, Sum:  0.0, Workers: 4
[2.247s][debug][gc,phases      ] GC(1)     Dead                           Min: 0, Avg:  0.0, Max: 0, Diff: 0, Sum: 0, Workers: 4
[2.247s][debug][gc,phases      ] GC(1)     Total                          Min: 0, Avg: 12.0, Max: 48, Diff: 48, Sum: 48, Workers: 4
[2.247s][debug][gc,phases      ] GC(1)   StringDedup Table Weak         Min:  0.0, Avg:  0.0, Max:  0.0, Diff:  0.0, Sum:  0.0, Workers: 4
[2.247s][debug][gc,phases      ] GC(1)     Dead                           Min: 0, Avg:  0.0, Max: 0, Diff: 0, Sum: 0, Workers: 4
[2.247s][debug][gc,phases      ] GC(1)     Total                          Min: 0, Avg:  0.0, Max: 0, Diff: 0, Sum: 0, Workers: 4
[2.247s][debug][gc,phases      ] GC(1)   StringDedup Requests0 Weak     Min:  0.0, Avg:  0.0, Max:  0.0, Diff:  0.0, Sum:  0.0, Workers: 4
[2.247s][debug][gc,phases      ] GC(1)     Dead                           Min: 0, Avg:  0.0, Max: 0, Diff: 0, Sum: 0, Workers: 4
[2.247s][debug][gc,phases      ] GC(1)     Total                          Min: 0, Avg:  0.0, Max: 0, Diff: 0, Sum: 0, Workers: 4
[2.247s][debug][gc,phases      ] GC(1)   StringDedup Requests1 Weak     Min:  0.0, Avg:  0.0, Max:  0.0, Diff:  0.0, Sum:  0.0, Workers: 4
[2.247s][debug][gc,phases      ] GC(1)     Dead                           Min: 0, Avg:  0.0, Max: 0, Diff: 0, Sum: 0, Workers: 4
[2.247s][debug][gc,phases      ] GC(1)     Total                          Min: 0, Avg:  0.0, Max: 0, Diff: 0, Sum: 0, Workers: 4
[2.248s][debug][gc,phases      ] GC(1)   Weak JFR Old Object Samples    Min:  0.0, Avg:  0.0, Max:  0.0, Diff:  0.0, Sum:  0.0, Workers: 4
[2.248s][debug][gc,phases      ] GC(1)     Dead                           Min: 0, Avg:  0.0, Max: 0, Diff: 0, Sum: 0, Workers: 4
[2.248s][debug][gc,phases      ] GC(1)     Total                          Min: 0, Avg:  0.0, Max: 0, Diff: 0, Sum: 0, Workers: 4
[2.248s][debug][gc,phases      ] GC(1) Weak Processing 0.221ms
[2.248s][debug][gc,phases      ] GC(1) ClassLoaderData 0.031ms
[2.248s][debug][gc,phases      ] GC(1) Trigger cleanups 0.000ms
[2.254s][debug][gc,phases      ] GC(1) Purge Unlinked NMethods 0.002ms
[2.254s][debug][gc,phases      ] GC(1) Unregister NMethods 0.036ms
[2.254s][debug][gc,phases      ] GC(1) Free Code Blobs 0.005ms
[2.254s][debug][gc,phases      ] GC(1) Class Unloading 6.304ms
[2.254s][debug][gc,phases      ] GC(1) Report Object Count 0.001ms
[2.254s][info ][gc,phases      ] GC(1) Marking Phase 16.417ms
[2.254s][info ][gc,phases,start] GC(1) Summary Phase
[2.254s][info ][gc,phases      ] GC(1) Summary Phase 0.006ms
[2.254s][info ][gc,phases,start] GC(1) Adjust Roots
[2.260s][info ][gc,phases      ] GC(1) Adjust Roots 6.546ms
[2.260s][info ][gc,phases,start] GC(1) Compaction Phase
[2.281s][info ][gc,phases      ] GC(1) Compaction Phase 20.594ms
[2.281s][info ][gc,phases,start] GC(1) Post Compact
[2.282s][debug][gc,phases      ] GC(1) Purge Class Loader Data 0.968ms
[2.283s][info ][gc,phases      ] GC(1) Post Compact 2.148ms
[2.283s][info ][gc,heap        ] GC(1) PSYoungGen: 37895K(1572864K)->33582K(1572864K) Eden: 0K(1048576K)->0K(1048576K) From: 37895K(524288K)->33582K(524288K)
[2.283s][info ][gc,heap        ] GC(1) ParOldGen: 1145K(6144K)->5140K(6144K)
[2.283s][info ][gc,metaspace   ] GC(1) Metaspace: 21142K(21504K)->21142K(21504K) NonClass: 18801K(19008K)->18801K(19008K) Class: 2341K(2496K)->2341K(2496K)
[2.283s][info ][gc             ] GC(1) Pause Full (Metadata GC Threshold) 38M->37M(1542M) 45.852ms
[2.283s][info ][gc,cpu         ] GC(1) User=0.13s Sys=0.01s Real=0.04s
[2.283s][info ][safepoint      ] Safepoint "CollectForMetadataAllocation", Time since last: 269503122 ns, Reaching safepoint: 4400 ns, Cleanup: 71802 ns, At safepoint: 64548769 ns, Total: 64624971 ns
[2.721s][info ][safepoint      ] Safepoint "ICBufferFull", Time since last: 437404743 ns, Reaching safepoint: 4001 ns, Cleanup: 122103 ns, At safepoint: 3000 ns, Total: 129104 ns
[3.017s][info ][safepoint      ] Safepoint "ICBufferFull", Time since last: 296017031 ns, Reaching safepoint: 87202 ns, Cleanup: 127204 ns, At safepoint: 8800 ns, Total: 223206 ns
[3.134s][info ][safepoint      ] Safepoint "ICBufferFull", Time since last: 116614658 ns, Reaching safepoint: 4700 ns, Cleanup: 123704 ns, At safepoint: 1900 ns, Total: 130304 ns
[3.287s][info ][safepoint      ] Safepoint "ICBufferFull", Time since last: 152667657 ns, Reaching safepoint: 5000 ns, Cleanup: 142204 ns, At safepoint: 5601 ns, Total: 152805 ns
[3.724s][info ][gc,start       ] GC(2) Pause Young (Metadata GC Threshold)
[3.762s][debug][gc,phases      ] GC(2) Scavenge 37.252ms
[3.762s][debug][gc,ref         ] GC(2) ReferenceProcessor::execute queues: 4, RefProcThreadModel::Multi, marks_oops_alive: false
[3.762s][debug][gc,ref         ] GC(2) ReferenceProcessor::execute queues: 4, RefProcThreadModel::Multi, marks_oops_alive: true
[3.762s][debug][gc,ref         ] GC(2) ReferenceProcessor::execute queues: 2, RefProcThreadModel::Multi, marks_oops_alive: false
[3.763s][debug][gc,phases      ] GC(2) Reference Processing 1.000ms
[3.763s][debug][gc,phases      ] GC(2)   VM Weak                        Min:  0.0, Avg:  0.0, Max:  0.0, Diff:  0.0, Sum:  0.0, Workers: 4
[3.763s][debug][gc,phases      ] GC(2)     Dead                           Min: 0, Avg:  0.0, Max: 0, Diff: 0, Sum: 0, Workers: 4
[3.763s][debug][gc,phases      ] GC(2)     Total                          Min: 0, Avg: 72.5, Max: 256, Diff: 256, Sum: 290, Workers: 4
[3.763s][debug][gc,phases      ] GC(2)   ObjectSynchronizer Weak        Min:  0.0, Avg:  0.0, Max:  0.0, Diff:  0.0, Sum:  0.0, Workers: 4
[3.763s][debug][gc,phases      ] GC(2)     Dead                           Min: 0, Avg:  0.0, Max: 0, Diff: 0, Sum: 0, Workers: 4
[3.763s][debug][gc,phases      ] GC(2)     Total                          Min: 0, Avg:  2.5, Max: 10, Diff: 10, Sum: 10, Workers: 4
[3.763s][debug][gc,phases      ] GC(2)   JVMTI Tag Weak OopStorage      Min:  0.0, Avg:  0.0, Max:  0.0, Diff:  0.0, Sum:  0.0, Workers: 4
[3.763s][debug][gc,phases      ] GC(2)     Dead                           Min: 0, Avg:  0.0, Max: 0, Diff: 0, Sum: 0, Workers: 4
[3.763s][debug][gc,phases      ] GC(2)     Total                          Min: 0, Avg:  0.0, Max: 0, Diff: 0, Sum: 0, Workers: 4
[3.763s][debug][gc,phases      ] GC(2)   StringTable Weak               Min:  0.0, Avg:  0.1, Max:  0.2, Diff:  0.2, Sum:  0.6, Workers: 4
[3.763s][debug][gc,phases      ] GC(2)     Dead                           Min: 0, Avg:  2.8, Max: 5, Diff: 5, Sum: 11, Workers: 4
[3.763s][debug][gc,phases      ] GC(2)     Total                          Min: 0, Avg: 3690.8, Max: 5291, Diff: 5291, Sum: 14763, Workers: 4
[3.763s][debug][gc,phases      ] GC(2)   ResolvedMethodTable Weak       Min:  0.0, Avg:  0.0, Max:  0.1, Diff:  0.1, Sum:  0.2, Workers: 4
[3.763s][debug][gc,phases      ] GC(2)     Dead                           Min: 0, Avg: 432.2, Max: 596, Diff: 596, Sum: 1729, Workers: 4
[3.763s][debug][gc,phases      ] GC(2)     Total                          Min: 0, Avg: 1193.2, Max: 1664, Diff: 1664, Sum: 4773, Workers: 4
[3.763s][debug][gc,phases      ] GC(2)   JNI Weak                       Min:  0.0, Avg:  0.0, Max:  0.0, Diff:  0.0, Sum:  0.0, Workers: 4
[3.763s][debug][gc,phases      ] GC(2)     Dead                           Min: 0, Avg:  0.0, Max: 0, Diff: 0, Sum: 0, Workers: 4
[3.763s][debug][gc,phases      ] GC(2)     Total                          Min: 0, Avg: 12.2, Max: 49, Diff: 49, Sum: 49, Workers: 4
[3.763s][debug][gc,phases      ] GC(2)   StringDedup Table Weak         Min:  0.0, Avg:  0.0, Max:  0.0, Diff:  0.0, Sum:  0.0, Workers: 4
[3.763s][debug][gc,phases      ] GC(2)     Dead                           Min: 0, Avg:  0.0, Max: 0, Diff: 0, Sum: 0, Workers: 4
[3.763s][debug][gc,phases      ] GC(2)     Total                          Min: 0, Avg:  0.0, Max: 0, Diff: 0, Sum: 0, Workers: 4
[3.763s][debug][gc,phases      ] GC(2)   StringDedup Requests0 Weak     Min:  0.0, Avg:  0.0, Max:  0.0, Diff:  0.0, Sum:  0.0, Workers: 4
[3.763s][debug][gc,phases      ] GC(2)     Dead                           Min: 0, Avg:  0.0, Max: 0, Diff: 0, Sum: 0, Workers: 4
[3.763s][debug][gc,phases      ] GC(2)     Total                          Min: 0, Avg:  0.0, Max: 0, Diff: 0, Sum: 0, Workers: 4
[3.763s][debug][gc,phases      ] GC(2)   StringDedup Requests1 Weak     Min:  0.0, Avg:  0.0, Max:  0.0, Diff:  0.0, Sum:  0.0, Workers: 4
[3.763s][debug][gc,phases      ] GC(2)     Dead                           Min: 0, Avg:  0.0, Max: 0, Diff: 0, Sum: 0, Workers: 4
[3.763s][debug][gc,phases      ] GC(2)     Total                          Min: 0, Avg:  0.0, Max: 0, Diff: 0, Sum: 0, Workers: 4
[3.763s][debug][gc,phases      ] GC(2)   Weak JFR Old Object Samples    Min:  0.0, Avg:  0.0, Max:  0.0, Diff:  0.0, Sum:  0.0, Workers: 4
[3.763s][debug][gc,phases      ] GC(2)     Dead                           Min: 0, Avg:  0.0, Max: 0, Diff: 0, Sum: 0, Workers: 4
[3.763s][debug][gc,phases      ] GC(2)     Total                          Min: 0, Avg:  0.0, Max: 0, Diff: 0, Sum: 0, Workers: 4
[3.763s][debug][gc,phases      ] GC(2) Weak Processing 0.454ms
[3.763s][debug][gc,age         ] GC(2) Desired survivor size 536870912 bytes, new threshold 7 (max threshold 15)
[3.763s][info ][gc,heap        ] GC(2) PSYoungGen: 558084K(1572864K)->56404K(1572864K) Eden: 524501K(1048576K)->0K(1048576K) From: 33582K(524288K)->56404K(524288K)
[3.763s][info ][gc,heap        ] GC(2) ParOldGen: 5140K(6144K)->5148K(6144K)
[3.763s][info ][gc,metaspace   ] GC(2) Metaspace: 35435K(35840K)->35435K(35840K) NonClass: 30891K(31104K)->30891K(31104K) Class: 4543K(4736K)->4543K(4736K)
[3.763s][info ][gc             ] GC(2) Pause Young (Metadata GC Threshold) 550M->60M(1542M) 38.842ms
[3.763s][info ][gc,cpu         ] GC(2) User=0.11s Sys=0.02s Real=0.04s
[3.763s][debug][gc,phases      ] GC(3) Pre Compact 0.009ms
[3.763s][info ][gc,start       ] GC(3) Pause Full (Metadata GC Threshold)
[3.763s][info ][gc,phases,start] GC(3) Marking Phase
[3.785s][debug][gc,phases      ] GC(3) Par Mark 22.075ms
[3.785s][debug][gc,ref         ] GC(3) ReferenceProcessor::execute queues: 4, RefProcThreadModel::Multi, marks_oops_alive: false
[3.785s][debug][gc,ref         ] GC(3) ReferenceProcessor::execute queues: 4, RefProcThreadModel::Multi, marks_oops_alive: true
[3.786s][debug][gc,ref         ] GC(3) ReferenceProcessor::execute queues: 1, RefProcThreadModel::Single, marks_oops_alive: false
[3.786s][debug][gc,phases      ] GC(3) Reference Processing 0.322ms
[3.786s][debug][gc,phases      ] GC(3)   VM Weak                        Min:  0.0, Avg:  0.0, Max:  0.0, Diff:  0.0, Sum:  0.0, Workers: 4
[3.786s][debug][gc,phases      ] GC(3)     Dead                           Min: 0, Avg:  0.0, Max: 0, Diff: 0, Sum: 0, Workers: 4
[3.786s][debug][gc,phases      ] GC(3)     Total                          Min: 0, Avg: 72.5, Max: 162, Diff: 162, Sum: 290, Workers: 4
[3.786s][debug][gc,phases      ] GC(3)   ObjectSynchronizer Weak        Min:  0.0, Avg:  0.0, Max:  0.0, Diff:  0.0, Sum:  0.0, Workers: 4
[3.786s][debug][gc,phases      ] GC(3)     Dead                           Min: 0, Avg:  0.0, Max: 0, Diff: 0, Sum: 0, Workers: 4
[3.786s][debug][gc,phases      ] GC(3)     Total                          Min: 0, Avg:  2.5, Max: 10, Diff: 10, Sum: 10, Workers: 4
[3.786s][debug][gc,phases      ] GC(3)   JVMTI Tag Weak OopStorage      Min:  0.0, Avg:  0.0, Max:  0.0, Diff:  0.0, Sum:  0.0, Workers: 4
[3.786s][debug][gc,phases      ] GC(3)     Dead                           Min: 0, Avg:  0.0, Max: 0, Diff: 0, Sum: 0, Workers: 4
[3.786s][debug][gc,phases      ] GC(3)     Total                          Min: 0, Avg:  0.0, Max: 0, Diff: 0, Sum: 0, Workers: 4
[3.786s][debug][gc,phases      ] GC(3)   StringTable Weak               Min:  0.1, Avg:  0.1, Max:  0.1, Diff:  0.0, Sum:  0.3, Workers: 4
[3.786s][debug][gc,phases      ] GC(3)     Dead                           Min: 0, Avg:  0.0, Max: 0, Diff: 0, Sum: 0, Workers: 4
[3.786s][debug][gc,phases      ] GC(3)     Total                          Min: 3456, Avg: 3690.8, Max: 4032, Diff: 576, Sum: 14763, Workers: 4
[3.786s][debug][gc,phases      ] GC(3)   ResolvedMethodTable Weak       Min:  0.0, Avg:  0.0, Max:  0.0, Diff:  0.0, Sum:  0.1, Workers: 4
[3.786s][debug][gc,phases      ] GC(3)     Dead                           Min: 0, Avg:  0.0, Max: 0, Diff: 0, Sum: 0, Workers: 4
[3.786s][debug][gc,phases      ] GC(3)     Total                          Min: 1125, Avg: 1193.2, Max: 1216, Diff: 91, Sum: 4773, Workers: 4
[3.786s][debug][gc,phases      ] GC(3)   JNI Weak                       Min:  0.0, Avg:  0.0, Max:  0.0, Diff:  0.0, Sum:  0.0, Workers: 4
[3.786s][debug][gc,phases      ] GC(3)     Dead                           Min: 0, Avg:  0.0, Max: 0, Diff: 0, Sum: 0, Workers: 4
[3.786s][debug][gc,phases      ] GC(3)     Total                          Min: 0, Avg: 12.2, Max: 49, Diff: 49, Sum: 49, Workers: 4
[3.786s][debug][gc,phases      ] GC(3)   StringDedup Table Weak         Min:  0.0, Avg:  0.0, Max:  0.0, Diff:  0.0, Sum:  0.0, Workers: 4
[3.786s][debug][gc,phases      ] GC(3)     Dead                           Min: 0, Avg:  0.0, Max: 0, Diff: 0, Sum: 0, Workers: 4
[3.786s][debug][gc,phases      ] GC(3)     Total                          Min: 0, Avg:  0.0, Max: 0, Diff: 0, Sum: 0, Workers: 4
[3.786s][debug][gc,phases      ] GC(3)   StringDedup Requests0 Weak     Min:  0.0, Avg:  0.0, Max:  0.0, Diff:  0.0, Sum:  0.0, Workers: 4
[3.786s][debug][gc,phases      ] GC(3)     Dead                           Min: 0, Avg:  0.0, Max: 0, Diff: 0, Sum: 0, Workers: 4
[3.786s][debug][gc,phases      ] GC(3)     Total                          Min: 0, Avg:  0.0, Max: 0, Diff: 0, Sum: 0, Workers: 4
[3.786s][debug][gc,phases      ] GC(3)   StringDedup Requests1 Weak     Min:  0.0, Avg:  0.0, Max:  0.0, Diff:  0.0, Sum:  0.0, Workers: 4
[3.786s][debug][gc,phases      ] GC(3)     Dead                           Min: 0, Avg:  0.0, Max: 0, Diff: 0, Sum: 0, Workers: 4
[3.786s][debug][gc,phases      ] GC(3)     Total                          Min: 0, Avg:  0.0, Max: 0, Diff: 0, Sum: 0, Workers: 4
[3.786s][debug][gc,phases      ] GC(3)   Weak JFR Old Object Samples    Min:  0.0, Avg:  0.0, Max:  0.0, Diff:  0.0, Sum:  0.0, Workers: 4
[3.786s][debug][gc,phases      ] GC(3)     Dead                           Min: 0, Avg:  0.0, Max: 0, Diff: 0, Sum: 0, Workers: 4
[3.786s][debug][gc,phases      ] GC(3)     Total                          Min: 0, Avg:  0.0, Max: 0, Diff: 0, Sum: 0, Workers: 4
[3.786s][debug][gc,phases      ] GC(3) Weak Processing 0.252ms
[3.786s][debug][gc,phases      ] GC(3) ClassLoaderData 0.039ms
[3.786s][debug][gc,phases      ] GC(3) Trigger cleanups 0.000ms
[3.794s][debug][gc,phases      ] GC(3) Purge Unlinked NMethods 0.593ms
[3.794s][debug][gc,phases      ] GC(3) Unregister NMethods 0.034ms
[3.794s][debug][gc,phases      ] GC(3) Free Code Blobs 0.128ms
[3.794s][debug][gc,phases      ] GC(3) Class Unloading 8.567ms
[3.794s][debug][gc,phases      ] GC(3) Report Object Count 0.001ms
[3.794s][info ][gc,phases      ] GC(3) Marking Phase 31.287ms
[3.794s][info ][gc,phases,start] GC(3) Summary Phase
[3.794s][info ][gc,phases      ] GC(3) Summary Phase 0.006ms
[3.794s][info ][gc,phases,start] GC(3) Adjust Roots
[3.799s][info ][gc,phases      ] GC(3) Adjust Roots 4.548ms
[3.799s][info ][gc,phases,start] GC(3) Compaction Phase
[3.905s][info ][gc,phases      ] GC(3) Compaction Phase 105.753ms
[3.905s][info ][gc,phases,start] GC(3) Post Compact
[3.907s][debug][gc,phases      ] GC(3) Purge Class Loader Data 1.323ms
[3.907s][info ][gc,phases      ] GC(3) Post Compact 2.408ms
[3.907s][info ][gc,heap        ] GC(3) PSYoungGen: 56404K(1572864K)->55225K(1572864K) Eden: 0K(1048576K)->0K(1048576K) From: 56404K(524288K)->55225K(524288K)
[3.907s][info ][gc,heap        ] GC(3) ParOldGen: 5148K(6144K)->6068K(6144K)
[3.907s][info ][gc,metaspace   ] GC(3) Metaspace: 35435K(35840K)->35435K(35840K) NonClass: 30891K(31104K)->30891K(31104K) Class: 4543K(4736K)->4543K(4736K)
[3.907s][info ][gc             ] GC(3) Pause Full (Metadata GC Threshold) 60M->59M(1542M) 144.112ms
[3.907s][info ][gc,cpu         ] GC(3) User=0.41s Sys=0.01s Real=0.15s
[3.907s][info ][safepoint      ] Safepoint "CollectForMetadataAllocation", Time since last: 437406943 ns, Reaching safepoint: 4300 ns, Cleanup: 118404 ns, At safepoint: 183075284 ns, Total: 183197988 ns
[4.044s][info ][safepoint      ] Safepoint "ICBufferFull", Time since last: 136664669 ns, Reaching safepoint: 1901 ns, Cleanup: 125303 ns, At safepoint: 1500 ns, Total: 128704 ns
[4.237s][info ][safepoint      ] Safepoint "ICBufferFull", Time since last: 192827283 ns, Reaching safepoint: 4000 ns, Cleanup: 126304 ns, At safepoint: 1900 ns, Total: 132204 ns
[4.449s][info ][safepoint      ] Safepoint "ICBufferFull", Time since last: 211565954 ns, Reaching safepoint: 5100 ns, Cleanup: 147804 ns, At safepoint: 6600 ns, Total: 159504 ns
[4.906s][info ][safepoint      ] Safepoint "ICBufferFull", Time since last: 457377153 ns, Reaching safepoint: 5100 ns, Cleanup: 143505 ns, At safepoint: 5300 ns, Total: 153905 ns
[5.091s][info ][safepoint      ] Safepoint "ICBufferFull", Time since last: 184584483 ns, Reaching safepoint: 4301 ns, Cleanup: 113902 ns, At safepoint: 5300 ns, Total: 123503 ns
[5.374s][info ][safepoint      ] Safepoint "ICBufferFull", Time since last: 282629338 ns, Reaching safepoint: 20100 ns, Cleanup: 122302 ns, At safepoint: 2201 ns, Total: 144603 ns
[5.533s][info ][safepoint      ] Safepoint "ICBufferFull", Time since last: 159421292 ns, Reaching safepoint: 78002 ns, Cleanup: 126702 ns, At safepoint: 6501 ns, Total: 211205 ns
[5.921s][info ][safepoint      ] Safepoint "ICBufferFull", Time since last: 387837310 ns, Reaching safepoint: 4700 ns, Cleanup: 134603 ns, At safepoint: 2000 ns, Total: 141303 ns
[6.291s][info ][gc,start       ] GC(4) Pause Young (Metadata GC Threshold)
[6.333s][debug][gc,phases      ] GC(4) Scavenge 41.756ms
[6.334s][debug][gc,ref         ] GC(4) ReferenceProcessor::execute queues: 4, RefProcThreadModel::Multi, marks_oops_alive: false
[6.335s][debug][gc,ref         ] GC(4) Skipped KeepAliveFinalRefsPhase of Reference Processing: no references
[6.335s][debug][gc,ref         ] GC(4) ReferenceProcessor::execute queues: 4, RefProcThreadModel::Multi, marks_oops_alive: false
[6.335s][debug][gc,phases      ] GC(4) Reference Processing 1.666ms
[6.336s][debug][gc,phases      ] GC(4)   VM Weak                        Min:  0.0, Avg:  0.0, Max:  0.0, Diff:  0.0, Sum:  0.0, Workers: 4
[6.336s][debug][gc,phases      ] GC(4)     Dead                           Min: 0, Avg:  0.0, Max: 0, Diff: 0, Sum: 0, Workers: 4
[6.336s][debug][gc,phases      ] GC(4)     Total                          Min: 0, Avg: 116.0, Max: 320, Diff: 320, Sum: 464, Workers: 4
[6.336s][debug][gc,phases      ] GC(4)   ObjectSynchronizer Weak        Min:  0.0, Avg:  0.0, Max:  0.0, Diff:  0.0, Sum:  0.0, Workers: 4
[6.336s][debug][gc,phases      ] GC(4)     Dead                           Min: 0, Avg:  0.0, Max: 0, Diff: 0, Sum: 0, Workers: 4
[6.336s][debug][gc,phases      ] GC(4)     Total                          Min: 0, Avg:  2.5, Max: 10, Diff: 10, Sum: 10, Workers: 4
[6.336s][debug][gc,phases      ] GC(4)   JVMTI Tag Weak OopStorage      Min:  0.0, Avg:  0.0, Max:  0.0, Diff:  0.0, Sum:  0.0, Workers: 4
[6.336s][debug][gc,phases      ] GC(4)     Dead                           Min: 0, Avg:  0.0, Max: 0, Diff: 0, Sum: 0, Workers: 4
[6.336s][debug][gc,phases      ] GC(4)     Total                          Min: 0, Avg:  0.0, Max: 0, Diff: 0, Sum: 0, Workers: 4
[6.336s][debug][gc,phases      ] GC(4)   StringTable Weak               Min:  0.0, Avg:  0.3, Max:  0.4, Diff:  0.4, Sum:  1.1, Workers: 4
[6.336s][debug][gc,phases      ] GC(4)     Dead                           Min: 0, Avg:  3.8, Max: 7, Diff: 7, Sum: 15, Workers: 4
[6.336s][debug][gc,phases      ] GC(4)     Total                          Min: 0, Avg: 6950.8, Max: 9792, Diff: 9792, Sum: 27803, Workers: 4
[6.336s][debug][gc,phases      ] GC(4)   ResolvedMethodTable Weak       Min:  0.0, Avg:  0.1, Max:  0.2, Diff:  0.2, Sum:  0.5, Workers: 4
[6.336s][debug][gc,phases      ] GC(4)     Dead                           Min: 0, Avg: 982.8, Max: 1427, Diff: 1427, Sum: 3931, Workers: 4
[6.336s][debug][gc,phases      ] GC(4)     Total                          Min: 0, Avg: 2869.2, Max: 4096, Diff: 4096, Sum: 11477, Workers: 4
[6.336s][debug][gc,phases      ] GC(4)   JNI Weak                       Min:  0.0, Avg:  0.0, Max:  0.0, Diff:  0.0, Sum:  0.0, Workers: 4
[6.336s][debug][gc,phases      ] GC(4)     Dead                           Min: 0, Avg:  0.0, Max: 0, Diff: 0, Sum: 0, Workers: 4
[6.336s][debug][gc,phases      ] GC(4)     Total                          Min: 0, Avg: 12.0, Max: 48, Diff: 48, Sum: 48, Workers: 4
[6.336s][debug][gc,phases      ] GC(4)   StringDedup Table Weak         Min:  0.0, Avg:  0.0, Max:  0.0, Diff:  0.0, Sum:  0.0, Workers: 4
[6.336s][debug][gc,phases      ] GC(4)     Dead                           Min: 0, Avg:  0.0, Max: 0, Diff: 0, Sum: 0, Workers: 4
[6.336s][debug][gc,phases      ] GC(4)     Total                          Min: 0, Avg:  0.0, Max: 0, Diff: 0, Sum: 0, Workers: 4
[6.336s][debug][gc,phases      ] GC(4)   StringDedup Requests0 Weak     Min:  0.0, Avg:  0.0, Max:  0.0, Diff:  0.0, Sum:  0.0, Workers: 4
[6.336s][debug][gc,phases      ] GC(4)     Dead                           Min: 0, Avg:  0.0, Max: 0, Diff: 0, Sum: 0, Workers: 4
[6.336s][debug][gc,phases      ] GC(4)     Total                          Min: 0, Avg:  0.0, Max: 0, Diff: 0, Sum: 0, Workers: 4
[6.336s][debug][gc,phases      ] GC(4)   StringDedup Requests1 Weak     Min:  0.0, Avg:  0.0, Max:  0.0, Diff:  0.0, Sum:  0.0, Workers: 4
[6.336s][debug][gc,phases      ] GC(4)     Dead                           Min: 0, Avg:  0.0, Max: 0, Diff: 0, Sum: 0, Workers: 4
[6.336s][debug][gc,phases      ] GC(4)     Total                          Min: 0, Avg:  0.0, Max: 0, Diff: 0, Sum: 0, Workers: 4
[6.336s][debug][gc,phases      ] GC(4)   Weak JFR Old Object Samples    Min:  0.0, Avg:  0.0, Max:  0.0, Diff:  0.0, Sum:  0.0, Workers: 4
[6.336s][debug][gc,phases      ] GC(4)     Dead                           Min: 0, Avg:  0.0, Max: 0, Diff: 0, Sum: 0, Workers: 4
[6.336s][debug][gc,phases      ] GC(4)     Total                          Min: 0, Avg:  0.0, Max: 0, Diff: 0, Sum: 0, Workers: 4
[6.336s][debug][gc,phases      ] GC(4) Weak Processing 0.740ms
[6.336s][debug][gc,age         ] GC(4) Desired survivor size 536870912 bytes, new threshold 7 (max threshold 15)
[6.336s][info ][gc,heap        ] GC(4) PSYoungGen: 439844K(1572864K)->77212K(1572864K) Eden: 384619K(1048576K)->0K(1048576K) From: 55225K(524288K)->77212K(524288K)
[6.336s][info ][gc,heap        ] GC(4) ParOldGen: 6068K(6144K)->6092K(6144K)
[6.336s][info ][gc,metaspace   ] GC(4) Metaspace: 59158K(59776K)->59158K(59776K) NonClass: 49714K(50048K)->49714K(50048K) Class: 9444K(9728K)->9444K(9728K)
[6.336s][info ][gc             ] GC(4) Pause Young (Metadata GC Threshold) 435M->81M(1542M) 44.305ms
[6.336s][info ][gc,cpu         ] GC(4) User=0.14s Sys=0.02s Real=0.05s
[6.336s][debug][gc,phases      ] GC(5) Pre Compact 0.009ms
[6.336s][info ][gc,start       ] GC(5) Pause Full (Metadata GC Threshold)
[6.336s][info ][gc,phases,start] GC(5) Marking Phase
[6.374s][debug][gc,phases      ] GC(5) Par Mark 37.750ms
[6.374s][debug][gc,ref         ] GC(5) ReferenceProcessor::execute queues: 4, RefProcThreadModel::Multi, marks_oops_alive: false
[6.374s][debug][gc,ref         ] GC(5) ReferenceProcessor::execute queues: 4, RefProcThreadModel::Multi, marks_oops_alive: true
[6.374s][debug][gc,ref         ] GC(5) ReferenceProcessor::execute queues: 1, RefProcThreadModel::Single, marks_oops_alive: false
[6.374s][debug][gc,phases      ] GC(5) Reference Processing 0.848ms
[6.375s][debug][gc,phases      ] GC(5)   VM Weak                        Min:  0.0, Avg:  0.0, Max:  0.0, Diff:  0.0, Sum:  0.0, Workers: 4
[6.375s][debug][gc,phases      ] GC(5)     Dead                           Min: 0, Avg:  0.0, Max: 0, Diff: 0, Sum: 0, Workers: 4
[6.375s][debug][gc,phases      ] GC(5)     Total                          Min: 0, Avg: 116.0, Max: 272, Diff: 272, Sum: 464, Workers: 4
[6.375s][debug][gc,phases      ] GC(5)   ObjectSynchronizer Weak        Min:  0.0, Avg:  0.0, Max:  0.0, Diff:  0.0, Sum:  0.0, Workers: 4
[6.375s][debug][gc,phases      ] GC(5)     Dead                           Min: 0, Avg:  0.0, Max: 0, Diff: 0, Sum: 0, Workers: 4
[6.375s][debug][gc,phases      ] GC(5)     Total                          Min: 0, Avg:  2.5, Max: 10, Diff: 10, Sum: 10, Workers: 4
[6.375s][debug][gc,phases      ] GC(5)   JVMTI Tag Weak OopStorage      Min:  0.0, Avg:  0.0, Max:  0.0, Diff:  0.0, Sum:  0.0, Workers: 4
[6.375s][debug][gc,phases      ] GC(5)     Dead                           Min: 0, Avg:  0.0, Max: 0, Diff: 0, Sum: 0, Workers: 4
[6.375s][debug][gc,phases      ] GC(5)     Total                          Min: 0, Avg:  0.0, Max: 0, Diff: 0, Sum: 0, Workers: 4
[6.375s][debug][gc,phases      ] GC(5)   StringTable Weak               Min:  0.0, Avg:  0.1, Max:  0.1, Diff:  0.1, Sum:  0.4, Workers: 4
[6.375s][debug][gc,phases      ] GC(5)     Dead                           Min: 0, Avg:  0.0, Max: 0, Diff: 0, Sum: 0, Workers: 4
[6.375s][debug][gc,phases      ] GC(5)     Total                          Min: 1947, Avg: 6950.8, Max: 9024, Diff: 7077, Sum: 27803, Workers: 4
[6.375s][debug][gc,phases      ] GC(5)   ResolvedMethodTable Weak       Min:  0.0, Avg:  0.0, Max:  0.0, Diff:  0.0, Sum:  0.1, Workers: 4
[6.375s][debug][gc,phases      ] GC(5)     Dead                           Min: 0, Avg:  0.0, Max: 0, Diff: 0, Sum: 0, Workers: 4
[6.375s][debug][gc,phases      ] GC(5)     Total                          Min: 2752, Avg: 2869.2, Max: 3093, Diff: 341, Sum: 11477, Workers: 4
[6.375s][debug][gc,phases      ] GC(5)   JNI Weak                       Min:  0.0, Avg:  0.0, Max:  0.0, Diff:  0.0, Sum:  0.0, Workers: 4
[6.375s][debug][gc,phases      ] GC(5)     Dead                           Min: 0, Avg:  0.0, Max: 0, Diff: 0, Sum: 0, Workers: 4
[6.375s][debug][gc,phases      ] GC(5)     Total                          Min: 0, Avg: 12.0, Max: 48, Diff: 48, Sum: 48, Workers: 4
[6.375s][debug][gc,phases      ] GC(5)   StringDedup Table Weak         Min:  0.0, Avg:  0.0, Max:  0.0, Diff:  0.0, Sum:  0.0, Workers: 4
[6.375s][debug][gc,phases      ] GC(5)     Dead                           Min: 0, Avg:  0.0, Max: 0, Diff: 0, Sum: 0, Workers: 4
[6.375s][debug][gc,phases      ] GC(5)     Total                          Min: 0, Avg:  0.0, Max: 0, Diff: 0, Sum: 0, Workers: 4
[6.375s][debug][gc,phases      ] GC(5)   StringDedup Requests0 Weak     Min:  0.0, Avg:  0.0, Max:  0.0, Diff:  0.0, Sum:  0.0, Workers: 4
[6.375s][debug][gc,phases      ] GC(5)     Dead                           Min: 0, Avg:  0.0, Max: 0, Diff: 0, Sum: 0, Workers: 4
[6.375s][debug][gc,phases      ] GC(5)     Total                          Min: 0, Avg:  0.0, Max: 0, Diff: 0, Sum: 0, Workers: 4
[6.375s][debug][gc,phases      ] GC(5)   StringDedup Requests1 Weak     Min:  0.0, Avg:  0.0, Max:  0.0, Diff:  0.0, Sum:  0.0, Workers: 4
[6.375s][debug][gc,phases      ] GC(5)     Dead                           Min: 0, Avg:  0.0, Max: 0, Diff: 0, Sum: 0, Workers: 4
[6.375s][debug][gc,phases      ] GC(5)     Total                          Min: 0, Avg:  0.0, Max: 0, Diff: 0, Sum: 0, Workers: 4
[6.375s][debug][gc,phases      ] GC(5)   Weak JFR Old Object Samples    Min:  0.0, Avg:  0.0, Max:  0.0, Diff:  0.0, Sum:  0.0, Workers: 4
[6.375s][debug][gc,phases      ] GC(5)     Dead                           Min: 0, Avg:  0.0, Max: 0, Diff: 0, Sum: 0, Workers: 4
[6.375s][debug][gc,phases      ] GC(5)     Total                          Min: 0, Avg:  0.0, Max: 0, Diff: 0, Sum: 0, Workers: 4
[6.375s][debug][gc,phases      ] GC(5) Weak Processing 0.356ms
[6.375s][debug][gc,phases      ] GC(5) ClassLoaderData 0.063ms
[6.375s][debug][gc,phases      ] GC(5) Trigger cleanups 0.000ms
[6.386s][debug][gc,phases      ] GC(5) Purge Unlinked NMethods 0.327ms
[6.386s][debug][gc,phases      ] GC(5) Unregister NMethods 0.247ms
[6.386s][debug][gc,phases      ] GC(5) Free Code Blobs 0.069ms
[6.386s][debug][gc,phases      ] GC(5) Class Unloading 11.050ms
[6.386s][debug][gc,phases      ] GC(5) Report Object Count 0.001ms
[6.386s][info ][gc,phases      ] GC(5) Marking Phase 50.088ms
[6.386s][info ][gc,phases,start] GC(5) Summary Phase
[6.386s][info ][gc,phases      ] GC(5) Summary Phase 0.008ms
[6.386s][info ][gc,phases,start] GC(5) Adjust Roots
[6.397s][info ][gc,phases      ] GC(5) Adjust Roots 11.233ms
[6.397s][info ][gc,phases,start] GC(5) Compaction Phase
[6.724s][info ][gc,phases      ] GC(5) Compaction Phase 327.202ms
[6.724s][info ][gc,phases,start] GC(5) Post Compact
[6.725s][debug][gc,phases      ] GC(5) Purge Class Loader Data 0.309ms
[6.726s][info ][gc,phases      ] GC(5) Post Compact 1.932ms
[6.726s][info ][gc,heap        ] GC(5) PSYoungGen: 77212K(1572864K)->77047K(1572864K) Eden: 0K(1048576K)->0K(1048576K) From: 77212K(524288K)->77047K(524288K)
[6.726s][info ][gc,heap        ] GC(5) ParOldGen: 6092K(6144K)->6051K(6144K)
[6.726s][info ][gc,metaspace   ] GC(5) Metaspace: 59158K(59776K)->59158K(59776K) NonClass: 49714K(50048K)->49714K(50048K) Class: 9444K(9728K)->9444K(9728K)
[6.726s][info ][gc             ] GC(5) Pause Full (Metadata GC Threshold) 81M->81M(1542M) 390.612ms
[6.726s][info ][gc,cpu         ] GC(5) User=0.81s Sys=0.00s Real=0.39s
[6.727s][info ][safepoint      ] Safepoint "CollectForMetadataAllocation", Time since last: 370007842 ns, Reaching safepoint: 3400 ns, Cleanup: 74702 ns, At safepoint: 435269690 ns, Total: 435347792 ns
[7.162s][info ][safepoint      ] Safepoint "ICBufferFull", Time since last: 434744980 ns, Reaching safepoint: 84501 ns, Cleanup: 180704 ns, At safepoint: 7000 ns, Total: 272205 ns
[7.345s][info ][safepoint      ] Safepoint "ICBufferFull", Time since last: 183008580 ns, Reaching safepoint: 79402 ns, Cleanup: 118402 ns, At safepoint: 10300 ns, Total: 208104 ns
[7.391s][info ][safepoint      ] Safepoint "ICBufferFull", Time since last: 46313157 ns, Reaching safepoint: 84402 ns, Cleanup: 116902 ns, At safepoint: 11700 ns, Total: 213004 ns
[7.464s][info ][safepoint      ] Safepoint "ICBufferFull", Time since last: 72377795 ns, Reaching safepoint: 6200 ns, Cleanup: 117503 ns, At safepoint: 9100 ns, Total: 132803 ns
[7.564s][info ][safepoint      ] Safepoint "ICBufferFull", Time since last: 100279671 ns, Reaching safepoint: 6600 ns, Cleanup: 136003 ns, At safepoint: 2700 ns, Total: 145303 ns
[7.723s][info ][safepoint      ] Safepoint "ICBufferFull", Time since last: 158529575 ns, Reaching safepoint: 5600 ns, Cleanup: 133602 ns, At safepoint: 9601 ns, Total: 148803 ns
[7.989s][info ][safepoint      ] Safepoint "ICBufferFull", Time since last: 265680287 ns, Reaching safepoint: 83502 ns, Cleanup: 149403 ns, At safepoint: 8400 ns, Total: 241305 ns
[8.316s][info ][safepoint      ] Safepoint "ICBufferFull", Time since last: 326971654 ns, Reaching safepoint: 90901 ns, Cleanup: 153504 ns, At safepoint: 13200 ns, Total: 257605 ns
[8.547s][info ][safepoint      ] Safepoint "ICBufferFull", Time since last: 230491560 ns, Reaching safepoint: 6001 ns, Cleanup: 138902 ns, At safepoint: 2601 ns, Total: 147504 ns
[8.675s][info ][safepoint      ] Safepoint "ICBufferFull", Time since last: 127510033 ns, Reaching safepoint: 3100 ns, Cleanup: 121303 ns, At safepoint: 1800 ns, Total: 126203 ns
[9.328s][info ][safepoint      ] Safepoint "ICBufferFull", Time since last: 653839211 ns, Reaching safepoint: 5000 ns, Cleanup: 136304 ns, At safepoint: 2100 ns, Total: 143404 ns
[9.485s][info ][safepoint      ] Safepoint "ICBufferFull", Time since last: 156609483 ns, Reaching safepoint: 84002 ns, Cleanup: 119404 ns, At safepoint: 14700 ns, Total: 218106 ns
[10.487s][info ][safepoint      ] Safepoint "Cleanup", Time since last: 1001317077 ns, Reaching safepoint: 80402 ns, Cleanup: 59402 ns, At safepoint: 11001 ns, Total: 150805 ns
[11.487s][info ][safepoint      ] Safepoint "Cleanup", Time since last: 1000118840 ns, Reaching safepoint: 81802 ns, Cleanup: 12801 ns, At safepoint: 12400 ns, Total: 107003 ns
[12.487s][info ][safepoint      ] Safepoint "Cleanup", Time since last: 1000127441 ns, Reaching safepoint: 87102 ns, Cleanup: 17401 ns, At safepoint: 16300 ns, Total: 120803 ns
[12.981s][info ][safepoint      ] Safepoint "ICBufferFull", Time since last: 493514270 ns, Reaching safepoint: 90903 ns, Cleanup: 112904 ns, At safepoint: 18900 ns, Total: 222707 ns
[13.178s][info ][safepoint      ] Safepoint "ICBufferFull", Time since last: 196718504 ns, Reaching safepoint: 6200 ns, Cleanup: 121004 ns, At safepoint: 11400 ns, Total: 138604 ns
[13.390s][info ][safepoint      ] Safepoint "ICBufferFull", Time since last: 212234214 ns, Reaching safepoint: 87303 ns, Cleanup: 116103 ns, At safepoint: 11101 ns, Total: 214507 ns
[14.391s][info ][safepoint      ] Safepoint "Cleanup", Time since last: 1000131553 ns, Reaching safepoint: 9001 ns, Cleanup: 71502 ns, At safepoint: 2600 ns, Total: 83103 ns
[15.391s][info ][safepoint      ] Safepoint "Cleanup", Time since last: 1000119353 ns, Reaching safepoint: 8700 ns, Cleanup: 16701 ns, At safepoint: 2300 ns, Total: 27701 ns
[16.391s][info ][safepoint      ] Safepoint "Cleanup", Time since last: 1000108953 ns, Reaching safepoint: 6900 ns, Cleanup: 43301 ns, At safepoint: 2200 ns, Total: 52401 ns
[17.074s][info ][safepoint      ] Safepoint "ICBufferFull", Time since last: 683335229 ns, Reaching safepoint: 7300 ns, Cleanup: 119404 ns, At safepoint: 7800 ns, Total: 134504 ns
[17.174s][info ][safepoint      ] Safepoint "ICBufferFull", Time since last: 100020076 ns, Reaching safepoint: 7800 ns, Cleanup: 132004 ns, At safepoint: 8200 ns, Total: 148004 ns
[17.247s][info ][safepoint      ] Safepoint "ICBufferFull", Time since last: 72355653 ns, Reaching safepoint: 81002 ns, Cleanup: 103203 ns, At safepoint: 2200 ns, Total: 186405 ns
[17.349s][info ][safepoint      ] Safepoint "ICBufferFull", Time since last: 98282124 ns, Reaching safepoint: 90903 ns, Cleanup: 139804 ns, At safepoint: 3728411 ns, Total: 3959118 ns
[17.359s][info ][safepoint      ] Safepoint "ICBufferFull", Time since last: 2379871 ns, Reaching safepoint: 156404 ns, Cleanup: 14201 ns, At safepoint: 6797702 ns, Total: 6968307 ns
[17.517s][info ][safepoint      ] Safepoint "ICBufferFull", Time since last: 158194406 ns, Reaching safepoint: 87803 ns, Cleanup: 140904 ns, At safepoint: 11300 ns, Total: 240007 ns
[17.646s][info ][safepoint      ] Safepoint "ICBufferFull", Time since last: 128733430 ns, Reaching safepoint: 7000 ns, Cleanup: 148105 ns, At safepoint: 2600 ns, Total: 157705 ns
[17.874s][info ][safepoint      ] Safepoint "ICBufferFull", Time since last: 227409765 ns, Reaching safepoint: 83203 ns, Cleanup: 129404 ns, At safepoint: 12100 ns, Total: 224707 ns
[17.994s][info ][safepoint      ] Safepoint "ICBufferFull", Time since last: 114356902 ns, Reaching safepoint: 89103 ns, Cleanup: 120603 ns, At safepoint: 6243486 ns, Total: 6453192 ns
[18.141s][info ][safepoint      ] Safepoint "ICBufferFull", Time since last: 146779767 ns, Reaching safepoint: 90802 ns, Cleanup: 121304 ns, At safepoint: 16400 ns, Total: 228506 ns
[18.271s][info ][safepoint      ] Safepoint "ICBufferFull", Time since last: 129377249 ns, Reaching safepoint: 91603 ns, Cleanup: 139904 ns, At safepoint: 18901 ns, Total: 250408 ns
[18.397s][info ][safepoint      ] Safepoint "ICBufferFull", Time since last: 125892845 ns, Reaching safepoint: 90903 ns, Cleanup: 147704 ns, At safepoint: 13201 ns, Total: 251808 ns
[18.411s][info ][gc,start       ] GC(6) Pause Young (Metadata GC Threshold)
[18.490s][debug][gc,phases      ] GC(6) Scavenge 78.850ms
[18.490s][debug][gc,ref         ] GC(6) ReferenceProcessor::execute queues: 4, RefProcThreadModel::Multi, marks_oops_alive: false
[18.491s][debug][gc,ref         ] GC(6) ReferenceProcessor::execute queues: 4, RefProcThreadModel::Multi, marks_oops_alive: true
[18.491s][debug][gc,ref         ] GC(6) ReferenceProcessor::execute queues: 4, RefProcThreadModel::Multi, marks_oops_alive: false
[18.491s][debug][gc,phases      ] GC(6) Reference Processing 1.621ms
[18.492s][debug][gc,phases      ] GC(6)   VM Weak                        Min:  0.0, Avg:  0.0, Max:  0.0, Diff:  0.0, Sum:  0.0, Workers: 4
[18.492s][debug][gc,phases      ] GC(6)     Dead                           Min: 0, Avg:  0.0, Max: 0, Diff: 0, Sum: 0, Workers: 4
[18.492s][debug][gc,phases      ] GC(6)     Total                          Min: 64, Avg: 204.5, Max: 384, Diff: 320, Sum: 818, Workers: 4
[18.492s][debug][gc,phases      ] GC(6)   ObjectSynchronizer Weak        Min:  0.0, Avg:  0.0, Max:  0.0, Diff:  0.0, Sum:  0.0, Workers: 4
[18.492s][debug][gc,phases      ] GC(6)     Dead                           Min: 0, Avg:  5.8, Max: 23, Diff: 23, Sum: 23, Workers: 4
[18.492s][debug][gc,phases      ] GC(6)     Total                          Min: 0, Avg: 14.0, Max: 56, Diff: 56, Sum: 56, Workers: 4
[18.492s][debug][gc,phases      ] GC(6)   JVMTI Tag Weak OopStorage      Min:  0.0, Avg:  0.0, Max:  0.0, Diff:  0.0, Sum:  0.0, Workers: 4
[18.492s][debug][gc,phases      ] GC(6)     Dead                           Min: 0, Avg:  0.0, Max: 0, Diff: 0, Sum: 0, Workers: 4
[18.492s][debug][gc,phases      ] GC(6)     Total                          Min: 0, Avg:  0.0, Max: 0, Diff: 0, Sum: 0, Workers: 4
[18.492s][debug][gc,phases      ] GC(6)   StringTable Weak               Min:  0.4, Avg:  0.4, Max:  0.4, Diff:  0.0, Sum:  1.8, Workers: 4
[18.492s][debug][gc,phases      ] GC(6)     Dead                           Min: 5, Avg:  9.5, Max: 16, Diff: 11, Sum: 38, Workers: 4
[18.492s][debug][gc,phases      ] GC(6)     Total                          Min: 10273, Avg: 10968.2, Max: 11904, Diff: 1631, Sum: 43873, Workers: 4
[18.492s][debug][gc,phases      ] GC(6)   ResolvedMethodTable Weak       Min:  0.2, Avg:  0.2, Max:  0.2, Diff:  0.0, Sum:  0.8, Workers: 4
[18.492s][debug][gc,phases      ] GC(6)     Dead                           Min: 831, Avg: 1035.0, Max: 1177, Diff: 346, Sum: 4140, Workers: 4
[18.492s][debug][gc,phases      ] GC(6)     Total                          Min: 4288, Avg: 4408.2, Max: 4480, Diff: 192, Sum: 17633, Workers: 4
[18.492s][debug][gc,phases      ] GC(6)   JNI Weak                       Min:  0.0, Avg:  0.0, Max:  0.0, Diff:  0.0, Sum:  0.0, Workers: 4
[18.492s][debug][gc,phases      ] GC(6)     Dead                           Min: 0, Avg:  0.0, Max: 0, Diff: 0, Sum: 0, Workers: 4
[18.492s][debug][gc,phases      ] GC(6)     Total                          Min: 0, Avg: 25.8, Max: 52, Diff: 52, Sum: 103, Workers: 4
[18.492s][debug][gc,phases      ] GC(6)   StringDedup Table Weak         Min:  0.0, Avg:  0.0, Max:  0.0, Diff:  0.0, Sum:  0.0, Workers: 4
[18.492s][debug][gc,phases      ] GC(6)     Dead                           Min: 0, Avg:  0.0, Max: 0, Diff: 0, Sum: 0, Workers: 4
[18.492s][debug][gc,phases      ] GC(6)     Total                          Min: 0, Avg:  0.0, Max: 0, Diff: 0, Sum: 0, Workers: 4
[18.492s][debug][gc,phases      ] GC(6)   StringDedup Requests0 Weak     Min:  0.0, Avg:  0.0, Max:  0.0, Diff:  0.0, Sum:  0.0, Workers: 4
[18.492s][debug][gc,phases      ] GC(6)     Dead                           Min: 0, Avg:  0.0, Max: 0, Diff: 0, Sum: 0, Workers: 4
[18.492s][debug][gc,phases      ] GC(6)     Total                          Min: 0, Avg:  0.0, Max: 0, Diff: 0, Sum: 0, Workers: 4
[18.492s][debug][gc,phases      ] GC(6)   StringDedup Requests1 Weak     Min:  0.0, Avg:  0.0, Max:  0.0, Diff:  0.0, Sum:  0.0, Workers: 4
[18.492s][debug][gc,phases      ] GC(6)     Dead                           Min: 0, Avg:  0.0, Max: 0, Diff: 0, Sum: 0, Workers: 4
[18.492s][debug][gc,phases      ] GC(6)     Total                          Min: 0, Avg:  0.0, Max: 0, Diff: 0, Sum: 0, Workers: 4
[18.492s][debug][gc,phases      ] GC(6)   Weak JFR Old Object Samples    Min:  0.0, Avg:  0.0, Max:  0.0, Diff:  0.0, Sum:  0.0, Workers: 4
[18.492s][debug][gc,phases      ] GC(6)     Dead                           Min: 0, Avg:  0.0, Max: 0, Diff: 0, Sum: 0, Workers: 4
[18.492s][debug][gc,phases      ] GC(6)     Total                          Min: 0, Avg:  0.0, Max: 0, Diff: 0, Sum: 0, Workers: 4
[18.492s][debug][gc,phases      ] GC(6) Weak Processing 0.854ms
[18.492s][debug][gc,age         ] GC(6) Desired survivor size 536870912 bytes, new threshold 7 (max threshold 15)
[18.492s][info ][gc,heap        ] GC(6) PSYoungGen: 1029138K(1572864K)->137506K(1572864K) Eden: 952090K(1048576K)->0K(1048576K) From: 77047K(524288K)->137506K(524288K)
[18.492s][info ][gc,heap        ] GC(6) ParOldGen: 6051K(6144K)->6396K(6656K)
[18.492s][info ][gc,metaspace   ] GC(6) Metaspace: 98559K(99648K)->98559K(99648K) NonClass: 83224K(83840K)->83224K(83840K) Class: 15334K(15808K)->15334K(15808K)
[18.492s][info ][gc             ] GC(6) Pause Young (Metadata GC Threshold) 1010M->140M(1542M) 81.469ms
[18.492s][info ][gc,cpu         ] GC(6) User=0.25s Sys=0.05s Real=0.08s
[18.492s][debug][gc,phases      ] GC(7) Pre Compact 0.010ms
[18.492s][info ][gc,start       ] GC(7) Pause Full (Metadata GC Threshold)
[18.492s][info ][gc,phases,start] GC(7) Marking Phase
[18.549s][debug][gc,phases      ] GC(7) Par Mark 56.381ms
[18.549s][debug][gc,ref         ] GC(7) ReferenceProcessor::execute queues: 4, RefProcThreadModel::Multi, marks_oops_alive: false
[18.549s][debug][gc,ref         ] GC(7) Skipped KeepAliveFinalRefsPhase of Reference Processing: no references
[18.549s][debug][gc,ref         ] GC(7) ReferenceProcessor::execute queues: 1, RefProcThreadModel::Single, marks_oops_alive: false
[18.549s][debug][gc,phases      ] GC(7) Reference Processing 0.589ms
[18.550s][debug][gc,phases      ] GC(7)   VM Weak                        Min:  0.0, Avg:  0.0, Max:  0.0, Diff:  0.0, Sum:  0.0, Workers: 4
[18.550s][debug][gc,phases      ] GC(7)     Dead                           Min: 0, Avg:  0.2, Max: 1, Diff: 1, Sum: 1, Workers: 4
[18.550s][debug][gc,phases      ] GC(7)     Total                          Min: 0, Avg: 204.5, Max: 384, Diff: 384, Sum: 818, Workers: 4
[18.550s][debug][gc,phases      ] GC(7)   ObjectSynchronizer Weak        Min:  0.0, Avg:  0.0, Max:  0.0, Diff:  0.0, Sum:  0.0, Workers: 4
[18.550s][debug][gc,phases      ] GC(7)     Dead                           Min: 0, Avg:  0.0, Max: 0, Diff: 0, Sum: 0, Workers: 4
[18.550s][debug][gc,phases      ] GC(7)     Total                          Min: 0, Avg: 14.0, Max: 56, Diff: 56, Sum: 56, Workers: 4
[18.550s][debug][gc,phases      ] GC(7)   JVMTI Tag Weak OopStorage      Min:  0.0, Avg:  0.0, Max:  0.0, Diff:  0.0, Sum:  0.0, Workers: 4
[18.550s][debug][gc,phases      ] GC(7)     Dead                           Min: 0, Avg:  0.0, Max: 0, Diff: 0, Sum: 0, Workers: 4
[18.550s][debug][gc,phases      ] GC(7)     Total                          Min: 0, Avg:  0.0, Max: 0, Diff: 0, Sum: 0, Workers: 4
[18.550s][debug][gc,phases      ] GC(7)   StringTable Weak               Min:  0.2, Avg:  0.2, Max:  0.2, Diff:  0.0, Sum:  0.7, Workers: 4
[18.550s][debug][gc,phases      ] GC(7)     Dead                           Min: 0, Avg:  0.0, Max: 0, Diff: 0, Sum: 0, Workers: 4
[18.550s][debug][gc,phases      ] GC(7)     Total                          Min: 10944, Avg: 10968.2, Max: 11008, Diff: 64, Sum: 43873, Workers: 4
[18.550s][debug][gc,phases      ] GC(7)   ResolvedMethodTable Weak       Min:  0.1, Avg:  0.1, Max:  0.1, Diff:  0.0, Sum:  0.2, Workers: 4
[18.550s][debug][gc,phases      ] GC(7)     Dead                           Min: 0, Avg:  0.0, Max: 0, Diff: 0, Sum: 0, Workers: 4
[18.550s][debug][gc,phases      ] GC(7)     Total                          Min: 4224, Avg: 4408.2, Max: 4800, Diff: 576, Sum: 17633, Workers: 4
[18.550s][debug][gc,phases      ] GC(7)   JNI Weak                       Min:  0.0, Avg:  0.0, Max:  0.0, Diff:  0.0, Sum:  0.0, Workers: 4
[18.550s][debug][gc,phases      ] GC(7)     Dead                           Min: 0, Avg:  0.0, Max: 0, Diff: 0, Sum: 0, Workers: 4
[18.550s][debug][gc,phases      ] GC(7)     Total                          Min: 0, Avg: 25.8, Max: 52, Diff: 52, Sum: 103, Workers: 4
[18.550s][debug][gc,phases      ] GC(7)   StringDedup Table Weak         Min:  0.0, Avg:  0.0, Max:  0.0, Diff:  0.0, Sum:  0.0, Workers: 4
[18.550s][debug][gc,phases      ] GC(7)     Dead                           Min: 0, Avg:  0.0, Max: 0, Diff: 0, Sum: 0, Workers: 4
[18.550s][debug][gc,phases      ] GC(7)     Total                          Min: 0, Avg:  0.0, Max: 0, Diff: 0, Sum: 0, Workers: 4
[18.550s][debug][gc,phases      ] GC(7)   StringDedup Requests0 Weak     Min:  0.0, Avg:  0.0, Max:  0.0, Diff:  0.0, Sum:  0.0, Workers: 4
[18.550s][debug][gc,phases      ] GC(7)     Dead                           Min: 0, Avg:  0.0, Max: 0, Diff: 0, Sum: 0, Workers: 4
[18.550s][debug][gc,phases      ] GC(7)     Total                          Min: 0, Avg:  0.0, Max: 0, Diff: 0, Sum: 0, Workers: 4
[18.550s][debug][gc,phases      ] GC(7)   StringDedup Requests1 Weak     Min:  0.0, Avg:  0.0, Max:  0.0, Diff:  0.0, Sum:  0.0, Workers: 4
[18.550s][debug][gc,phases      ] GC(7)     Dead                           Min: 0, Avg:  0.0, Max: 0, Diff: 0, Sum: 0, Workers: 4
[18.550s][debug][gc,phases      ] GC(7)     Total                          Min: 0, Avg:  0.0, Max: 0, Diff: 0, Sum: 0, Workers: 4
[18.550s][debug][gc,phases      ] GC(7)   Weak JFR Old Object Samples    Min:  0.0, Avg:  0.0, Max:  0.0, Diff:  0.0, Sum:  0.0, Workers: 4
[18.550s][debug][gc,phases      ] GC(7)     Dead                           Min: 0, Avg:  0.0, Max: 0, Diff: 0, Sum: 0, Workers: 4
[18.550s][debug][gc,phases      ] GC(7)     Total                          Min: 0, Avg:  0.0, Max: 0, Diff: 0, Sum: 0, Workers: 4
[18.550s][debug][gc,phases      ] GC(7) Weak Processing 0.435ms
[18.550s][debug][gc,phases      ] GC(7) ClassLoaderData 0.202ms
[18.550s][debug][gc,phases      ] GC(7) Trigger cleanups 0.001ms
[18.576s][debug][gc,phases      ] GC(7) Purge Unlinked NMethods 0.416ms
[18.576s][debug][gc,phases      ] GC(7) Unregister NMethods 0.661ms
[18.577s][debug][gc,phases      ] GC(7) Free Code Blobs 0.058ms
[18.586s][debug][gc,phases      ] GC(7) Class Unloading 36.233ms
[18.586s][debug][gc,phases      ] GC(7) Report Object Count 0.001ms
[18.586s][info ][gc,phases      ] GC(7) Marking Phase 93.757ms
[18.586s][info ][gc,phases,start] GC(7) Summary Phase
[18.586s][info ][gc,phases      ] GC(7) Summary Phase 0.009ms
[18.586s][info ][gc,phases,start] GC(7) Adjust Roots
[18.605s][info ][gc,phases      ] GC(7) Adjust Roots 18.879ms
[18.605s][info ][gc,phases,start] GC(7) Compaction Phase
[19.120s][info ][gc,phases      ] GC(7) Compaction Phase 514.620ms
[19.120s][info ][gc,phases,start] GC(7) Post Compact
[19.122s][debug][gc,phases      ] GC(7) Purge Class Loader Data 1.393ms
[19.126s][info ][gc,phases      ] GC(7) Post Compact 6.152ms
[19.126s][info ][gc,heap        ] GC(7) PSYoungGen: 137506K(1572864K)->136869K(1572864K) Eden: 0K(1048576K)->0K(1048576K) From: 137506K(524288K)->136869K(524288K)
[19.126s][info ][gc,heap        ] GC(7) ParOldGen: 6396K(6656K)->6375K(6656K)
[19.126s][info ][gc,metaspace   ] GC(7) Metaspace: 98559K(99648K)->98557K(99648K) NonClass: 83224K(83840K)->83223K(83840K) Class: 15334K(15808K)->15333K(15808K)
[19.126s][info ][gc             ] GC(7) Pause Full (Metadata GC Threshold) 140M->139M(1542M) 633.582ms
[19.126s][info ][gc,cpu         ] GC(7) User=1.32s Sys=0.01s Real=0.64s
[19.126s][info ][safepoint      ] Safepoint "CollectForMetadataAllocation", Time since last: 13592204 ns, Reaching safepoint: 90403 ns, Cleanup: 39001 ns, At safepoint: 715209777 ns, Total: 715339181 ns
[19.271s][info ][safepoint      ] Safepoint "ICBufferFull", Time since last: 145158418 ns, Reaching safepoint: 88903 ns, Cleanup: 143204 ns, At safepoint: 12501 ns, Total: 244608 ns
[19.384s][info ][safepoint      ] Safepoint "ICBufferFull", Time since last: 112726653 ns, Reaching safepoint: 86403 ns, Cleanup: 164005 ns, At safepoint: 11000 ns, Total: 261408 ns
[19.565s][info ][safepoint      ] Safepoint "ICBufferFull", Time since last: 176820060 ns, Reaching safepoint: 91403 ns, Cleanup: 152705 ns, At safepoint: 3105192 ns, Total: 3349300 ns
[19.762s][info ][safepoint      ] Safepoint "ICBufferFull", Time since last: 197464075 ns, Reaching safepoint: 8600 ns, Cleanup: 150604 ns, At safepoint: 3300 ns, Total: 162504 ns
[20.049s][info ][safepoint      ] Safepoint "ICBufferFull", Time since last: 287003039 ns, Reaching safepoint: 7200 ns, Cleanup: 148104 ns, At safepoint: 9401 ns, Total: 164705 ns
[20.433s][info ][safepoint      ] Safepoint "ICBufferFull", Time since last: 383116597 ns, Reaching safepoint: 96103 ns, Cleanup: 131604 ns, At safepoint: 12700 ns, Total: 240407 ns
[20.806s][info ][safepoint      ] Safepoint "ICBufferFull", Time since last: 373330407 ns, Reaching safepoint: 8100 ns, Cleanup: 143604 ns, At safepoint: 10401 ns, Total: 162105 ns
[21.195s][info ][safepoint      ] Safepoint "ICBufferFull", Time since last: 388245212 ns, Reaching safepoint: 86902 ns, Cleanup: 144805 ns, At safepoint: 12900 ns, Total: 244607 ns
[21.580s][info ][safepoint      ] Safepoint "ICBufferFull", Time since last: 384625533 ns, Reaching safepoint: 8601 ns, Cleanup: 160304 ns, At safepoint: 14001 ns, Total: 182906 ns
[21.972s][info ][safepoint      ] Safepoint "ICBufferFull", Time since last: 386046675 ns, Reaching safepoint: 98203 ns, Cleanup: 142904 ns, At safepoint: 5748169 ns, Total: 5989276 ns
[22.250s][info ][safepoint      ] Safepoint "ICBufferFull", Time since last: 278347902 ns, Reaching safepoint: 6800 ns, Cleanup: 134604 ns, At safepoint: 13300 ns, Total: 154704 ns
[22.757s][info ][safepoint      ] Safepoint "ICBufferFull", Time since last: 506296819 ns, Reaching safepoint: 83002 ns, Cleanup: 166205 ns, At safepoint: 13101 ns, Total: 262308 ns
[22.805s][info ][safepoint      ] Safepoint "ParallelGCFailedAllocation", Time since last: 48168619 ns, Reaching safepoint: 8600 ns, Cleanup: 29501 ns, At safepoint: 7700 ns, Total: 45801 ns
[22.805s][info ][gc,start       ] GC(8) Pause Young (GCLocker Initiated GC)
[22.895s][debug][gc,phases      ] GC(8) Scavenge 89.954ms
[22.895s][debug][gc,ref         ] GC(8) ReferenceProcessor::execute queues: 4, RefProcThreadModel::Multi, marks_oops_alive: false
[22.896s][debug][gc,ref         ] GC(8) Skipped KeepAliveFinalRefsPhase of Reference Processing: no references
[22.896s][debug][gc,ref         ] GC(8) ReferenceProcessor::execute queues: 1, RefProcThreadModel::Single, marks_oops_alive: false
[22.896s][debug][gc,phases      ] GC(8) Reference Processing 1.125ms
[22.897s][debug][gc,phases      ] GC(8)   VM Weak                        Min:  0.0, Avg:  0.0, Max:  0.0, Diff:  0.0, Sum:  0.0, Workers: 4
[22.897s][debug][gc,phases      ] GC(8)     Dead                           Min: 0, Avg:  0.0, Max: 0, Diff: 0, Sum: 0, Workers: 4
[22.897s][debug][gc,phases      ] GC(8)     Total                          Min: 64, Avg: 213.8, Max: 384, Diff: 320, Sum: 855, Workers: 4
[22.897s][debug][gc,phases      ] GC(8)   ObjectSynchronizer Weak        Min:  0.0, Avg:  0.0, Max:  0.0, Diff:  0.0, Sum:  0.0, Workers: 4
[22.897s][debug][gc,phases      ] GC(8)     Dead                           Min: 0, Avg:  0.0, Max: 0, Diff: 0, Sum: 0, Workers: 4
[22.897s][debug][gc,phases      ] GC(8)     Total                          Min: 0, Avg: 14.2, Max: 57, Diff: 57, Sum: 57, Workers: 4
[22.897s][debug][gc,phases      ] GC(8)   JVMTI Tag Weak OopStorage      Min:  0.0, Avg:  0.0, Max:  0.0, Diff:  0.0, Sum:  0.0, Workers: 4
[22.897s][debug][gc,phases      ] GC(8)     Dead                           Min: 0, Avg:  0.0, Max: 0, Diff: 0, Sum: 0, Workers: 4
[22.897s][debug][gc,phases      ] GC(8)     Total                          Min: 0, Avg:  0.0, Max: 0, Diff: 0, Sum: 0, Workers: 4
[22.897s][debug][gc,phases      ] GC(8)   StringTable Weak               Min:  0.5, Avg:  0.5, Max:  0.5, Diff:  0.0, Sum:  1.8, Workers: 4
[22.897s][debug][gc,phases      ] GC(8)     Dead                           Min: 0, Avg:  1.5, Max: 3, Diff: 3, Sum: 6, Workers: 4
[22.897s][debug][gc,phases      ] GC(8)     Total                          Min: 10624, Avg: 11112.0, Max: 11808, Diff: 1184, Sum: 44448, Workers: 4
[22.897s][debug][gc,phases      ] GC(8)   ResolvedMethodTable Weak       Min:  0.1, Avg:  0.1, Max:  0.1, Diff:  0.0, Sum:  0.6, Workers: 4
[22.897s][debug][gc,phases      ] GC(8)     Dead                           Min: 21, Avg: 27.2, Max: 36, Diff: 15, Sum: 109, Workers: 4
[22.897s][debug][gc,phases      ] GC(8)     Total                          Min: 3388, Avg: 3481.0, Max: 3538, Diff: 150, Sum: 13924, Workers: 4
[22.897s][debug][gc,phases      ] GC(8)   JNI Weak                       Min:  0.0, Avg:  0.0, Max:  0.0, Diff:  0.0, Sum:  0.0, Workers: 4
[22.897s][debug][gc,phases      ] GC(8)     Dead                           Min: 0, Avg:  0.0, Max: 0, Diff: 0, Sum: 0, Workers: 4
[22.897s][debug][gc,phases      ] GC(8)     Total                          Min: 0, Avg: 18.5, Max: 48, Diff: 48, Sum: 74, Workers: 4
[22.897s][debug][gc,phases      ] GC(8)   StringDedup Table Weak         Min:  0.0, Avg:  0.0, Max:  0.0, Diff:  0.0, Sum:  0.0, Workers: 4
[22.897s][debug][gc,phases      ] GC(8)     Dead                           Min: 0, Avg:  0.0, Max: 0, Diff: 0, Sum: 0, Workers: 4
[22.897s][debug][gc,phases      ] GC(8)     Total                          Min: 0, Avg:  0.0, Max: 0, Diff: 0, Sum: 0, Workers: 4
[22.897s][debug][gc,phases      ] GC(8)   StringDedup Requests0 Weak     Min:  0.0, Avg:  0.0, Max:  0.0, Diff:  0.0, Sum:  0.0, Workers: 4
[22.897s][debug][gc,phases      ] GC(8)     Dead                           Min: 0, Avg:  0.0, Max: 0, Diff: 0, Sum: 0, Workers: 4
[22.897s][debug][gc,phases      ] GC(8)     Total                          Min: 0, Avg:  0.0, Max: 0, Diff: 0, Sum: 0, Workers: 4
[22.897s][debug][gc,phases      ] GC(8)   StringDedup Requests1 Weak     Min:  0.0, Avg:  0.0, Max:  0.0, Diff:  0.0, Sum:  0.0, Workers: 4
[22.897s][debug][gc,phases      ] GC(8)     Dead                           Min: 0, Avg:  0.0, Max: 0, Diff: 0, Sum: 0, Workers: 4
[22.897s][debug][gc,phases      ] GC(8)     Total                          Min: 0, Avg:  0.0, Max: 0, Diff: 0, Sum: 0, Workers: 4
[22.897s][debug][gc,phases      ] GC(8)   Weak JFR Old Object Samples    Min:  0.0, Avg:  0.0, Max:  0.0, Diff:  0.0, Sum:  0.0, Workers: 4
[22.897s][debug][gc,phases      ] GC(8)     Dead                           Min: 0, Avg:  0.0, Max: 0, Diff: 0, Sum: 0, Workers: 4
[22.897s][debug][gc,phases      ] GC(8)     Total                          Min: 0, Avg:  0.0, Max: 0, Diff: 0, Sum: 0, Workers: 4
[22.897s][debug][gc,phases      ] GC(8) Weak Processing 0.814ms
[22.897s][debug][gc,age         ] GC(8) Desired survivor size 206569472 bytes, new threshold 6 (max threshold 15)
[22.897s][info ][gc,heap        ] GC(8) PSYoungGen: 1185445K(1572864K)->180811K(1572864K) Eden: 1048576K(1048576K)->0K(1048576K) From: 136869K(524288K)->180811K(524288K)
[22.897s][info ][gc,heap        ] GC(8) ParOldGen: 6375K(6656K)->6391K(6656K)
[22.897s][info ][gc,metaspace   ] GC(8) Metaspace: 100143K(101248K)->100143K(101248K) NonClass: 84664K(85312K)->84664K(85312K) Class: 15478K(15936K)->15478K(15936K)
[22.897s][info ][gc             ] GC(8) Pause Young (GCLocker Initiated GC) 1163M->182M(1542M) 92.013ms
[22.897s][info ][gc,cpu         ] GC(8) User=0.28s Sys=0.06s Real=0.10s
[22.897s][info ][safepoint      ] Safepoint "ParallelGCSystemGC", Time since last: 75202 ns, Reaching safepoint: 1900 ns, Cleanup: 901 ns, At safepoint: 92359421 ns, Total: 92362222 ns
[23.420s][info ][safepoint      ] Safepoint "ICBufferFull", Time since last: 522224788 ns, Reaching safepoint: 5700 ns, Cleanup: 191105 ns, At safepoint: 8801 ns, Total: 205606 ns
[24.086s][info ][safepoint      ] Safepoint "ICBufferFull", Time since last: 666124127 ns, Reaching safepoint: 5601 ns, Cleanup: 134104 ns, At safepoint: 1700 ns, Total: 141405 ns
[24.816s][info ][safepoint      ] Safepoint "ICBufferFull", Time since last: 730165014 ns, Reaching safepoint: 7401 ns, Cleanup: 143604 ns, At safepoint: 3100 ns, Total: 154105 ns
[25.435s][info ][safepoint      ] Safepoint "ICBufferFull", Time since last: 618526125 ns, Reaching safepoint: 7300 ns, Cleanup: 159105 ns, At safepoint: 3100 ns, Total: 169505 ns
[26.217s][info ][safepoint      ] Safepoint "ICBufferFull", Time since last: 781402325 ns, Reaching safepoint: 7500 ns, Cleanup: 139404 ns, At safepoint: 2300 ns, Total: 149204 ns
[27.217s][info ][safepoint      ] Safepoint "Cleanup", Time since last: 1000135070 ns, Reaching safepoint: 9900 ns, Cleanup: 98703 ns, At safepoint: 8200 ns, Total: 116803 ns
[28.217s][info ][safepoint      ] Safepoint "Cleanup", Time since last: 1000115369 ns, Reaching safepoint: 6100 ns, Cleanup: 48102 ns, At safepoint: 5400 ns, Total: 59602 ns
[29.217s][info ][safepoint      ] Safepoint "Cleanup", Time since last: 1000116033 ns, Reaching safepoint: 8401 ns, Cleanup: 93802 ns, At safepoint: 2800 ns, Total: 105003 ns
[30.217s][info ][safepoint      ] Safepoint "Cleanup", Time since last: 1000118238 ns, Reaching safepoint: 6200 ns, Cleanup: 54001 ns, At safepoint: 2500 ns, Total: 62701 ns
[31.218s][info ][safepoint      ] Safepoint "Cleanup", Time since last: 1000122038 ns, Reaching safepoint: 104302 ns, Cleanup: 160904 ns, At safepoint: 7500 ns, Total: 272706 ns
[32.218s][info ][safepoint      ] Safepoint "Cleanup", Time since last: 1000105338 ns, Reaching safepoint: 7200 ns, Cleanup: 134603 ns, At safepoint: 2500 ns, Total: 144303 ns
[32.355s][info ][gc,start       ] GC(9) Pause Young (Allocation Failure)
[32.466s][debug][gc,phases      ] GC(9) Scavenge 110.500ms
[32.466s][debug][gc,ref         ] GC(9) ReferenceProcessor::execute queues: 4, RefProcThreadModel::Multi, marks_oops_alive: false
[32.467s][debug][gc,ref         ] GC(9) Skipped KeepAliveFinalRefsPhase of Reference Processing: no references
[32.467s][debug][gc,ref         ] GC(9) ReferenceProcessor::execute queues: 1, RefProcThreadModel::Single, marks_oops_alive: false
[32.467s][debug][gc,phases      ] GC(9) Reference Processing 1.323ms
[32.468s][debug][gc,phases      ] GC(9)   VM Weak                        Min:  0.0, Avg:  0.0, Max:  0.0, Diff:  0.0, Sum:  0.0, Workers: 4
[32.468s][debug][gc,phases      ] GC(9)     Dead                           Min: 0, Avg:  0.0, Max: 0, Diff: 0, Sum: 0, Workers: 4
[32.468s][debug][gc,phases      ] GC(9)     Total                          Min: 0, Avg: 214.2, Max: 448, Diff: 448, Sum: 857, Workers: 4
[32.468s][debug][gc,phases      ] GC(9)   ObjectSynchronizer Weak        Min:  0.0, Avg:  0.0, Max:  0.0, Diff:  0.0, Sum:  0.0, Workers: 4
[32.468s][debug][gc,phases      ] GC(9)     Dead                           Min: 0, Avg:  0.0, Max: 0, Diff: 0, Sum: 0, Workers: 4
[32.468s][debug][gc,phases      ] GC(9)     Total                          Min: 0, Avg: 14.2, Max: 57, Diff: 57, Sum: 57, Workers: 4
[32.468s][debug][gc,phases      ] GC(9)   JVMTI Tag Weak OopStorage      Min:  0.0, Avg:  0.0, Max:  0.0, Diff:  0.0, Sum:  0.0, Workers: 4
[32.468s][debug][gc,phases      ] GC(9)     Dead                           Min: 0, Avg:  0.0, Max: 0, Diff: 0, Sum: 0, Workers: 4
[32.468s][debug][gc,phases      ] GC(9)     Total                          Min: 0, Avg:  0.0, Max: 0, Diff: 0, Sum: 0, Workers: 4
[32.468s][debug][gc,phases      ] GC(9)   StringTable Weak               Min:  0.0, Avg:  0.4, Max:  0.5, Diff:  0.5, Sum:  1.5, Workers: 4
[32.468s][debug][gc,phases      ] GC(9)     Dead                           Min: 0, Avg:  0.2, Max: 1, Diff: 1, Sum: 1, Workers: 4
[32.468s][debug][gc,phases      ] GC(9)     Total                          Min: 0, Avg: 11189.8, Max: 17280, Diff: 17280, Sum: 44759, Workers: 4
[32.468s][debug][gc,phases      ] GC(9)   ResolvedMethodTable Weak       Min:  0.0, Avg:  0.1, Max:  0.2, Diff:  0.2, Sum:  0.5, Workers: 4
[32.468s][debug][gc,phases      ] GC(9)     Dead                           Min: 0, Avg:  3.0, Max: 8, Diff: 8, Sum: 12, Workers: 4
[32.468s][debug][gc,phases      ] GC(9)     Total                          Min: 0, Avg: 3501.0, Max: 5795, Diff: 5795, Sum: 14004, Workers: 4
[32.468s][debug][gc,phases      ] GC(9)   JNI Weak                       Min:  0.0, Avg:  0.0, Max:  0.0, Diff:  0.0, Sum:  0.0, Workers: 4
[32.468s][debug][gc,phases      ] GC(9)     Dead                           Min: 0, Avg:  0.0, Max: 0, Diff: 0, Sum: 0, Workers: 4
[32.468s][debug][gc,phases      ] GC(9)     Total                          Min: 0, Avg: 13.5, Max: 48, Diff: 48, Sum: 54, Workers: 4
[32.468s][debug][gc,phases      ] GC(9)   StringDedup Table Weak         Min:  0.0, Avg:  0.0, Max:  0.0, Diff:  0.0, Sum:  0.0, Workers: 4
[32.468s][debug][gc,phases      ] GC(9)     Dead                           Min: 0, Avg:  0.0, Max: 0, Diff: 0, Sum: 0, Workers: 4
[32.468s][debug][gc,phases      ] GC(9)     Total                          Min: 0, Avg:  0.0, Max: 0, Diff: 0, Sum: 0, Workers: 4
[32.468s][debug][gc,phases      ] GC(9)   StringDedup Requests0 Weak     Min:  0.0, Avg:  0.0, Max:  0.0, Diff:  0.0, Sum:  0.0, Workers: 4
[32.468s][debug][gc,phases      ] GC(9)     Dead                           Min: 0, Avg:  0.0, Max: 0, Diff: 0, Sum: 0, Workers: 4
[32.468s][debug][gc,phases      ] GC(9)     Total                          Min: 0, Avg:  0.0, Max: 0, Diff: 0, Sum: 0, Workers: 4
[32.468s][debug][gc,phases      ] GC(9)   StringDedup Requests1 Weak     Min:  0.0, Avg:  0.0, Max:  0.0, Diff:  0.0, Sum:  0.0, Workers: 4
[32.468s][debug][gc,phases      ] GC(9)     Dead                           Min: 0, Avg:  0.0, Max: 0, Diff: 0, Sum: 0, Workers: 4
[32.468s][debug][gc,phases      ] GC(9)     Total                          Min: 0, Avg:  0.0, Max: 0, Diff: 0, Sum: 0, Workers: 4
[32.468s][debug][gc,phases      ] GC(9)   Weak JFR Old Object Samples    Min:  0.0, Avg:  0.0, Max:  0.0, Diff:  0.0, Sum:  0.0, Workers: 4
[32.468s][debug][gc,phases      ] GC(9)     Dead                           Min: 0, Avg:  0.0, Max: 0, Diff: 0, Sum: 0, Workers: 4
[32.468s][debug][gc,phases      ] GC(9)     Total                          Min: 0, Avg:  0.0, Max: 0, Diff: 0, Sum: 0, Workers: 4
[32.468s][debug][gc,phases      ] GC(9) Weak Processing 0.915ms
[32.468s][debug][gc,age         ] GC(9) Desired survivor size 251133952 bytes, new threshold 5 (max threshold 15)
[32.468s][info ][gc,heap        ] GC(9) PSYoungGen: 1229387K(1572864K)->201700K(1808384K) Eden: 1048576K(1048576K)->0K(1606656K) From: 180811K(524288K)->201700K(201728K)
[32.468s][info ][gc,heap        ] GC(9) ParOldGen: 6393K(6656K)->9081K(9216K)
[32.468s][info ][gc,metaspace   ] GC(9) Metaspace: 101053K(102208K)->101053K(102208K) NonClass: 85533K(86208K)->85533K(86208K) Class: 15519K(16000K)->15519K(16000K)
[32.468s][info ][gc             ] GC(9) Pause Young (Allocation Failure) 1206M->205M(1775M) 112.895ms
[32.468s][info ][gc,cpu         ] GC(9) User=0.29s Sys=0.11s Real=0.12s
[32.468s][info ][safepoint      ] Safepoint "ParallelGCFailedAllocation", Time since last: 136681940 ns, Reaching safepoint: 160704 ns, Cleanup: 25000 ns, At safepoint: 112986161 ns, Total: 113171865 ns
[33.468s][info ][safepoint      ] Safepoint "Cleanup", Time since last: 1000086937 ns, Reaching safepoint: 7400 ns, Cleanup: 40301 ns, At safepoint: 3100 ns, Total: 50801 ns
[34.468s][info ][safepoint      ] Safepoint "Cleanup", Time since last: 1000112593 ns, Reaching safepoint: 5800 ns, Cleanup: 34101 ns, At safepoint: 2300 ns, Total: 42201 ns
[35.468s][info ][safepoint      ] Safepoint "Cleanup", Time since last: 1000120745 ns, Reaching safepoint: 8800 ns, Cleanup: 50501 ns, At safepoint: 3201 ns, Total: 62502 ns
[36.469s][info ][safepoint      ] Safepoint "Cleanup", Time since last: 1000148045 ns, Reaching safepoint: 7400 ns, Cleanup: 79002 ns, At safepoint: 3100 ns, Total: 89502 ns
[37.469s][info ][safepoint      ] Safepoint "Cleanup", Time since last: 1000111060 ns, Reaching safepoint: 6301 ns, Cleanup: 34300 ns, At safepoint: 2500 ns, Total: 43101 ns
[38.469s][info ][safepoint      ] Safepoint "Cleanup", Time since last: 1000111922 ns, Reaching safepoint: 8500 ns, Cleanup: 38801 ns, At safepoint: 3600 ns, Total: 50901 ns
[39.618s][info ][safepoint      ] Safepoint "Cleanup", Time since last: 1148966252 ns, Reaching safepoint: 6500 ns, Cleanup: 47701 ns, At safepoint: 2400 ns, Total: 56601 ns
[40.618s][info ][safepoint      ] Safepoint "Cleanup", Time since last: 1000113322 ns, Reaching safepoint: 8100 ns, Cleanup: 22101 ns, At safepoint: 2400 ns, Total: 32601 ns
[41.618s][info ][safepoint      ] Safepoint "Cleanup", Time since last: 1000121021 ns, Reaching safepoint: 9601 ns, Cleanup: 43601 ns, At safepoint: 2700 ns, Total: 55902 ns
[42.618s][info ][safepoint      ] Safepoint "Cleanup", Time since last: 1000124283 ns, Reaching safepoint: 7500 ns, Cleanup: 36701 ns, At safepoint: 2200 ns, Total: 46401 ns
[43.619s][info ][safepoint      ] Safepoint "Cleanup", Time since last: 1000115668 ns, Reaching safepoint: 8201 ns, Cleanup: 38901 ns, At safepoint: 3000 ns, Total: 50102 ns
[44.619s][info ][safepoint      ] Safepoint "Cleanup", Time since last: 1000112468 ns, Reaching safepoint: 8100 ns, Cleanup: 19401 ns, At safepoint: 3300 ns, Total: 30801 ns
[45.619s][info ][safepoint      ] Safepoint "Cleanup", Time since last: 1000120860 ns, Reaching safepoint: 8500 ns, Cleanup: 20001 ns, At safepoint: 3000 ns, Total: 31501 ns
[46.619s][info ][safepoint      ] Safepoint "Cleanup", Time since last: 1000084195 ns, Reaching safepoint: 8300 ns, Cleanup: 26600 ns, At safepoint: 9701 ns, Total: 44601 ns
[47.619s][info ][safepoint      ] Safepoint "Cleanup", Time since last: 1000131996 ns, Reaching safepoint: 9200 ns, Cleanup: 42301 ns, At safepoint: 4300 ns, Total: 55801 ns
[48.619s][info ][safepoint      ] Safepoint "Cleanup", Time since last: 1000123596 ns, Reaching safepoint: 8600 ns, Cleanup: 36401 ns, At safepoint: 2700 ns, Total: 47701 ns
[49.620s][info ][safepoint      ] Safepoint "Cleanup", Time since last: 1000099900 ns, Reaching safepoint: 7400 ns, Cleanup: 68402 ns, At safepoint: 2600 ns, Total: 78402 ns
[50.620s][info ][safepoint      ] Safepoint "Cleanup", Time since last: 1000133447 ns, Reaching safepoint: 7501 ns, Cleanup: 44801 ns, At safepoint: 2900 ns, Total: 55202 ns
[51.620s][info ][safepoint      ] Safepoint "Cleanup", Time since last: 1000111247 ns, Reaching safepoint: 6400 ns, Cleanup: 9600 ns, At safepoint: 2500 ns, Total: 18500 ns
[52.620s][info ][safepoint      ] Safepoint "Cleanup", Time since last: 1000104947 ns, Reaching safepoint: 7300 ns, Cleanup: 30501 ns, At safepoint: 2200 ns, Total: 40001 ns
[53.620s][info ][safepoint      ] Safepoint "Cleanup", Time since last: 1000113293 ns, Reaching safepoint: 8001 ns, Cleanup: 35600 ns, At safepoint: 2400 ns, Total: 46001 ns
[54.620s][info ][safepoint      ] Safepoint "Cleanup", Time since last: 1000115787 ns, Reaching safepoint: 7100 ns, Cleanup: 30201 ns, At safepoint: 2900 ns, Total: 40201 ns
[55.621s][info ][safepoint      ] Safepoint "Cleanup", Time since last: 1000111287 ns, Reaching safepoint: 7300 ns, Cleanup: 40101 ns, At safepoint: 2300 ns, Total: 49701 ns
[56.621s][info ][safepoint      ] Safepoint "Cleanup", Time since last: 1000117759 ns, Reaching safepoint: 7301 ns, Cleanup: 30000 ns, At safepoint: 2800 ns, Total: 40101 ns
[57.621s][info ][safepoint      ] Safepoint "Cleanup", Time since last: 1000115278 ns, Reaching safepoint: 7901 ns, Cleanup: 16300 ns, At safepoint: 2800 ns, Total: 27001 ns
[58.621s][info ][safepoint      ] Safepoint "Cleanup", Time since last: 1000122378 ns, Reaching safepoint: 8901 ns, Cleanup: 29701 ns, At safepoint: 2300 ns, Total: 40902 ns
[59.621s][info ][safepoint      ] Safepoint "Cleanup", Time since last: 1000120278 ns, Reaching safepoint: 7400 ns, Cleanup: 19801 ns, At safepoint: 2500 ns, Total: 29701 ns
[61.080s][info ][safepoint      ] Safepoint "Cleanup", Time since last: 1458737703 ns, Reaching safepoint: 7500 ns, Cleanup: 29201 ns, At safepoint: 2200 ns, Total: 38901 ns
[62.080s][info ][safepoint      ] Safepoint "Cleanup", Time since last: 1000113277 ns, Reaching safepoint: 7500 ns, Cleanup: 41201 ns, At safepoint: 3400 ns, Total: 52101 ns
[63.080s][info ][safepoint      ] Safepoint "Cleanup", Time since last: 1000113068 ns, Reaching safepoint: 7600 ns, Cleanup: 14901 ns, At safepoint: 2600 ns, Total: 25101 ns
[64.080s][info ][safepoint      ] Safepoint "Cleanup", Time since last: 1000127468 ns, Reaching safepoint: 9500 ns, Cleanup: 17501 ns, At safepoint: 2800 ns, Total: 29801 ns
[65.081s][info ][safepoint      ] Safepoint "Cleanup", Time since last: 1000121568 ns, Reaching safepoint: 9900 ns, Cleanup: 23701 ns, At safepoint: 2600 ns, Total: 36201 ns
[66.081s][info ][safepoint      ] Safepoint "Cleanup", Time since last: 1000119968 ns, Reaching safepoint: 9700 ns, Cleanup: 33001 ns, At safepoint: 2200 ns, Total: 44901 ns
[67.081s][info ][safepoint      ] Safepoint "Cleanup", Time since last: 1000115568 ns, Reaching safepoint: 6800 ns, Cleanup: 41501 ns, At safepoint: 2200 ns, Total: 50501 ns
[68.081s][info ][safepoint      ] Safepoint "Cleanup", Time since last: 1000115368 ns, Reaching safepoint: 7800 ns, Cleanup: 33301 ns, At safepoint: 2800 ns, Total: 43901 ns
[69.081s][info ][safepoint      ] Safepoint "Cleanup", Time since last: 1000117868 ns, Reaching safepoint: 7300 ns, Cleanup: 22901 ns, At safepoint: 3100 ns, Total: 33301 ns
[70.081s][info ][safepoint      ] Safepoint "Cleanup", Time since last: 1000125334 ns, Reaching safepoint: 8700 ns, Cleanup: 14201 ns, At safepoint: 2600 ns, Total: 25501 ns
[70.770s][info ][safepoint      ] Safepoint "ICBufferFull", Time since last: 688136924 ns, Reaching safepoint: 149303 ns, Cleanup: 139002 ns, At safepoint: 13500 ns, Total: 301805 ns
[71.770s][info ][safepoint      ] Safepoint "Cleanup", Time since last: 1000108905 ns, Reaching safepoint: 7300 ns, Cleanup: 104503 ns, At safepoint: 3100 ns, Total: 114903 ns
[72.003s][info ][gc,start       ] GC(10) Pause Young (Allocation Failure)
[72.098s][debug][gc,phases      ] GC(10) Scavenge 95.364ms
[72.099s][debug][gc,ref         ] GC(10) ReferenceProcessor::execute queues: 4, RefProcThreadModel::Multi, marks_oops_alive: false
[72.100s][debug][gc,ref         ] GC(10) Skipped KeepAliveFinalRefsPhase of Reference Processing: no references
[72.100s][debug][gc,ref         ] GC(10) ReferenceProcessor::execute queues: 1, RefProcThreadModel::Single, marks_oops_alive: false
[72.100s][debug][gc,phases      ] GC(10) Reference Processing 1.081ms
[72.100s][debug][gc,phases      ] GC(10)   VM Weak                        Min:  0.0, Avg:  0.0, Max:  0.0, Diff:  0.0, Sum:  0.0, Workers: 4
[72.100s][debug][gc,phases      ] GC(10)     Dead                           Min: 0, Avg:  0.0, Max: 0, Diff: 0, Sum: 0, Workers: 4
[72.100s][debug][gc,phases      ] GC(10)     Total                          Min: 64, Avg: 217.5, Max: 448, Diff: 384, Sum: 870, Workers: 4
[72.100s][debug][gc,phases      ] GC(10)   ObjectSynchronizer Weak        Min:  0.0, Avg:  0.0, Max:  0.0, Diff:  0.0, Sum:  0.0, Workers: 4
[72.100s][debug][gc,phases      ] GC(10)     Dead                           Min: 0, Avg:  0.0, Max: 0, Diff: 0, Sum: 0, Workers: 4
[72.100s][debug][gc,phases      ] GC(10)     Total                          Min: 0, Avg:  1.0, Max: 4, Diff: 4, Sum: 4, Workers: 4
[72.100s][debug][gc,phases      ] GC(10)   JVMTI Tag Weak OopStorage      Min:  0.0, Avg:  0.0, Max:  0.0, Diff:  0.0, Sum:  0.0, Workers: 4
[72.100s][debug][gc,phases      ] GC(10)     Dead                           Min: 0, Avg:  0.0, Max: 0, Diff: 0, Sum: 0, Workers: 4
[72.100s][debug][gc,phases      ] GC(10)     Total                          Min: 0, Avg:  0.0, Max: 0, Diff: 0, Sum: 0, Workers: 4
[72.100s][debug][gc,phases      ] GC(10)   StringTable Weak               Min:  0.5, Avg:  0.5, Max:  0.5, Diff:  0.0, Sum:  1.9, Workers: 4
[72.100s][debug][gc,phases      ] GC(10)     Dead                           Min: 0, Avg:  1.0, Max: 3, Diff: 3, Sum: 4, Workers: 4
[72.100s][debug][gc,phases      ] GC(10)     Total                          Min: 10455, Avg: 11253.8, Max: 12032, Diff: 1577, Sum: 45015, Workers: 4
[72.100s][debug][gc,phases      ] GC(10)   ResolvedMethodTable Weak       Min:  0.2, Avg:  0.2, Max:  0.2, Diff:  0.0, Sum:  0.6, Workers: 4
[72.100s][debug][gc,phases      ] GC(10)     Dead                           Min: 2, Avg: 12.0, Max: 34, Diff: 32, Sum: 48, Workers: 4
[72.100s][debug][gc,phases      ] GC(10)     Total                          Min: 3368, Avg: 3542.0, Max: 3649, Diff: 281, Sum: 14168, Workers: 4
[72.100s][debug][gc,phases      ] GC(10)   JNI Weak                       Min:  0.0, Avg:  0.0, Max:  0.0, Diff:  0.0, Sum:  0.0, Workers: 4
[72.100s][debug][gc,phases      ] GC(10)     Dead                           Min: 0, Avg:  0.0, Max: 0, Diff: 0, Sum: 0, Workers: 4
[72.100s][debug][gc,phases      ] GC(10)     Total                          Min: 0, Avg: 13.0, Max: 48, Diff: 48, Sum: 52, Workers: 4
[72.100s][debug][gc,phases      ] GC(10)   StringDedup Table Weak         Min:  0.0, Avg:  0.0, Max:  0.0, Diff:  0.0, Sum:  0.0, Workers: 4
[72.100s][debug][gc,phases      ] GC(10)     Dead                           Min: 0, Avg:  0.0, Max: 0, Diff: 0, Sum: 0, Workers: 4
[72.100s][debug][gc,phases      ] GC(10)     Total                          Min: 0, Avg:  0.0, Max: 0, Diff: 0, Sum: 0, Workers: 4
[72.100s][debug][gc,phases      ] GC(10)   StringDedup Requests0 Weak     Min:  0.0, Avg:  0.0, Max:  0.0, Diff:  0.0, Sum:  0.0, Workers: 4
[72.100s][debug][gc,phases      ] GC(10)     Dead                           Min: 0, Avg:  0.0, Max: 0, Diff: 0, Sum: 0, Workers: 4
[72.100s][debug][gc,phases      ] GC(10)     Total                          Min: 0, Avg:  0.0, Max: 0, Diff: 0, Sum: 0, Workers: 4
[72.100s][debug][gc,phases      ] GC(10)   StringDedup Requests1 Weak     Min:  0.0, Avg:  0.0, Max:  0.0, Diff:  0.0, Sum:  0.0, Workers: 4
[72.100s][debug][gc,phases      ] GC(10)     Dead                           Min: 0, Avg:  0.0, Max: 0, Diff: 0, Sum: 0, Workers: 4
[72.100s][debug][gc,phases      ] GC(10)     Total                          Min: 0, Avg:  0.0, Max: 0, Diff: 0, Sum: 0, Workers: 4
[72.100s][debug][gc,phases      ] GC(10)   Weak JFR Old Object Samples    Min:  0.0, Avg:  0.0, Max:  0.0, Diff:  0.0, Sum:  0.0, Workers: 4
[72.100s][debug][gc,phases      ] GC(10)     Dead                           Min: 0, Avg:  0.0, Max: 0, Diff: 0, Sum: 0, Workers: 4
[72.100s][debug][gc,phases      ] GC(10)     Total                          Min: 0, Avg:  0.0, Max: 0, Diff: 0, Sum: 0, Workers: 4
[72.100s][debug][gc,phases      ] GC(10) Weak Processing 0.864ms
[72.100s][debug][gc,age         ] GC(10) Desired survivor size 250085376 bytes, new threshold 4 (max threshold 15)
[72.100s][info ][gc,heap        ] GC(10) PSYoungGen: 1808356K(1808384K)->149257K(1851904K) Eden: 1606656K(1606656K)->0K(1606656K) From: 201700K(201728K)->149257K(245248K)
[72.100s][info ][gc,heap        ] GC(10) ParOldGen: 9081K(9216K)->63152K(63488K)
[72.100s][info ][gc,metaspace   ] GC(10) Metaspace: 101716K(102848K)->101716K(102848K) NonClass: 86134K(86784K)->86134K(86784K) Class: 15581K(16064K)->15581K(16064K)
[72.100s][info ][gc             ] GC(10) Pause Young (Allocation Failure) 1774M->207M(1870M) 97.464ms
[72.100s][info ][gc,cpu         ] GC(10) User=0.30s Sys=0.05s Real=0.10s
[72.101s][info ][safepoint      ] Safepoint "ParallelGCFailedAllocation", Time since last: 232859906 ns, Reaching safepoint: 85902 ns, Cleanup: 30601 ns, At safepoint: 97554358 ns, Total: 97670861 ns
[73.101s][info ][safepoint      ] Safepoint "Cleanup", Time since last: 1000100823 ns, Reaching safepoint: 81802 ns, Cleanup: 81803 ns, At safepoint: 7800 ns, Total: 171405 ns
[74.101s][info ][safepoint      ] Safepoint "Cleanup", Time since last: 1000133224 ns, Reaching safepoint: 84302 ns, Cleanup: 32501 ns, At safepoint: 7300 ns, Total: 124103 ns
[75.101s][info ][safepoint      ] Safepoint "Cleanup", Time since last: 1000141125 ns, Reaching safepoint: 86502 ns, Cleanup: 20300 ns, At safepoint: 8301 ns, Total: 115103 ns
[76.102s][info ][safepoint      ] Safepoint "Cleanup", Time since last: 1000131024 ns, Reaching safepoint: 85302 ns, Cleanup: 16701 ns, At safepoint: 8200 ns, Total: 110203 ns
[77.102s][info ][safepoint      ] Safepoint "Cleanup", Time since last: 1000149824 ns, Reaching safepoint: 82803 ns, Cleanup: 23200 ns, At safepoint: 8800 ns, Total: 114803 ns
[78.666s][info ][safepoint      ] Safepoint "Cleanup", Time since last: 1563724725 ns, Reaching safepoint: 6200 ns, Cleanup: 100102 ns, At safepoint: 2500 ns, Total: 108802 ns
[79.666s][info ][safepoint      ] Safepoint "Cleanup", Time since last: 1000116333 ns, Reaching safepoint: 7300 ns, Cleanup: 45401 ns, At safepoint: 2600 ns, Total: 55301 ns
[80.666s][info ][safepoint      ] Safepoint "Cleanup", Time since last: 1000125032 ns, Reaching safepoint: 7301 ns, Cleanup: 41401 ns, At safepoint: 2200 ns, Total: 50902 ns
[81.666s][info ][safepoint      ] Safepoint "Cleanup", Time since last: 1000124832 ns, Reaching safepoint: 7200 ns, Cleanup: 14801 ns, At safepoint: 2800 ns, Total: 24801 ns
[82.666s][info ][safepoint      ] Safepoint "Cleanup", Time since last: 1000123432 ns, Reaching safepoint: 7500 ns, Cleanup: 12301 ns, At safepoint: 2200 ns, Total: 22001 ns
[83.666s][info ][safepoint      ] Safepoint "Cleanup", Time since last: 1000115332 ns, Reaching safepoint: 6800 ns, Cleanup: 20601 ns, At safepoint: 2500 ns, Total: 29901 ns
[84.667s][info ][safepoint      ] Safepoint "Cleanup", Time since last: 1000114313 ns, Reaching safepoint: 6600 ns, Cleanup: 15801 ns, At safepoint: 2800 ns, Total: 25201 ns
[85.667s][info ][safepoint      ] Safepoint "Cleanup", Time since last: 1000123998 ns, Reaching safepoint: 6100 ns, Cleanup: 15900 ns, At safepoint: 2401 ns, Total: 24401 ns
[86.667s][info ][safepoint      ] Safepoint "Cleanup", Time since last: 1000117132 ns, Reaching safepoint: 6700 ns, Cleanup: 16700 ns, At safepoint: 2200 ns, Total: 25600 ns
[87.667s][info ][safepoint      ] Safepoint "Cleanup", Time since last: 1000110533 ns, Reaching safepoint: 7000 ns, Cleanup: 26000 ns, At safepoint: 2200 ns, Total: 35200 ns
[88.667s][info ][safepoint      ] Safepoint "Cleanup", Time since last: 1000110633 ns, Reaching safepoint: 7200 ns, Cleanup: 12100 ns, At safepoint: 2200 ns, Total: 21500 ns
[89.667s][info ][safepoint      ] Safepoint "Cleanup", Time since last: 1000112845 ns, Reaching safepoint: 7500 ns, Cleanup: 77802 ns, At safepoint: 2500 ns, Total: 87802 ns
[90.667s][info ][safepoint      ] Safepoint "Cleanup", Time since last: 1000099525 ns, Reaching safepoint: 7400 ns, Cleanup: 15600 ns, At safepoint: 2400 ns, Total: 25400 ns
[91.668s][info ][safepoint      ] Safepoint "Cleanup", Time since last: 1000117825 ns, Reaching safepoint: 27701 ns, Cleanup: 11200 ns, At safepoint: 3000 ns, Total: 41901 ns
[92.668s][info ][safepoint      ] Safepoint "Cleanup", Time since last: 1000129425 ns, Reaching safepoint: 9200 ns, Cleanup: 12801 ns, At safepoint: 2700 ns, Total: 24701 ns
[93.668s][info ][safepoint      ] Safepoint "Cleanup", Time since last: 1000118561 ns, Reaching safepoint: 6400 ns, Cleanup: 12600 ns, At safepoint: 2500 ns, Total: 21500 ns
[94.668s][info ][safepoint      ] Safepoint "Cleanup", Time since last: 1000116725 ns, Reaching safepoint: 7600 ns, Cleanup: 14701 ns, At safepoint: 2500 ns, Total: 24801 ns
[95.668s][info ][safepoint      ] Safepoint "Cleanup", Time since last: 1000120725 ns, Reaching safepoint: 7600 ns, Cleanup: 37901 ns, At safepoint: 2400 ns, Total: 47901 ns
[96.668s][info ][safepoint      ] Safepoint "Cleanup", Time since last: 1000118025 ns, Reaching safepoint: 7200 ns, Cleanup: 19101 ns, At safepoint: 2700 ns, Total: 29001 ns
[97.669s][info ][safepoint      ] Safepoint "Cleanup", Time since last: 1000120625 ns, Reaching safepoint: 6300 ns, Cleanup: 19201 ns, At safepoint: 2900 ns, Total: 28401 ns
[99.622s][info ][safepoint      ] Safepoint "Cleanup", Time since last: 1952949672 ns, Reaching safepoint: 6100 ns, Cleanup: 36401 ns, At safepoint: 1900 ns, Total: 44401 ns
[100.622s][info ][safepoint      ] Safepoint "Cleanup", Time since last: 1000122925 ns, Reaching safepoint: 5400 ns, Cleanup: 9200 ns, At safepoint: 2000 ns, Total: 16600 ns
[101.622s][info ][safepoint      ] Safepoint "Cleanup", Time since last: 1000113377 ns, Reaching safepoint: 7800 ns, Cleanup: 20401 ns, At safepoint: 2400 ns, Total: 30601 ns
[102.622s][info ][safepoint      ] Safepoint "Cleanup", Time since last: 1000120052 ns, Reaching safepoint: 7401 ns, Cleanup: 9800 ns, At safepoint: 3000 ns, Total: 20201 ns
[103.622s][info ][safepoint      ] Safepoint "Cleanup", Time since last: 1000113552 ns, Reaching safepoint: 5700 ns, Cleanup: 13701 ns, At safepoint: 2000 ns, Total: 21401 ns
[104.622s][info ][safepoint      ] Safepoint "Cleanup", Time since last: 1000121852 ns, Reaching safepoint: 7401 ns, Cleanup: 23200 ns, At safepoint: 2300 ns, Total: 32901 ns
[106.622s][info ][safepoint      ] Safepoint "Cleanup", Time since last: 2000181304 ns, Reaching safepoint: 6800 ns, Cleanup: 10200 ns, At safepoint: 2100 ns, Total: 19100 ns
[108.623s][info ][safepoint      ] Safepoint "Cleanup", Time since last: 2000189204 ns, Reaching safepoint: 8100 ns, Cleanup: 15501 ns, At safepoint: 3500 ns, Total: 27101 ns
[109.623s][info ][safepoint      ] Safepoint "Cleanup", Time since last: 1000100514 ns, Reaching safepoint: 7600 ns, Cleanup: 15501 ns, At safepoint: 2500 ns, Total: 25601 ns
[110.623s][info ][safepoint      ] Safepoint "Cleanup", Time since last: 1000114504 ns, Reaching safepoint: 6400 ns, Cleanup: 34800 ns, At safepoint: 2600 ns, Total: 43800 ns
[111.623s][info ][safepoint      ] Safepoint "Cleanup", Time since last: 1000114304 ns, Reaching safepoint: 6900 ns, Cleanup: 49501 ns, At safepoint: 2301 ns, Total: 58702 ns
[112.623s][info ][safepoint      ] Safepoint "Cleanup", Time since last: 1000110803 ns, Reaching safepoint: 6600 ns, Cleanup: 16901 ns, At safepoint: 2400 ns, Total: 25901 ns
[113.623s][info ][safepoint      ] Safepoint "Cleanup", Time since last: 1000114130 ns, Reaching safepoint: 6900 ns, Cleanup: 61101 ns, At safepoint: 2200 ns, Total: 70201 ns
[114.002s][info ][gc,start       ] GC(11) Pause Young (Allocation Failure)
[114.088s][debug][gc,phases      ] GC(11) Scavenge 86.644ms
[114.089s][debug][gc,ref         ] GC(11) ReferenceProcessor::execute queues: 1, RefProcThreadModel::Single, marks_oops_alive: false
[114.089s][debug][gc,ref         ] GC(11) Skipped KeepAliveFinalRefsPhase of Reference Processing: no references
[114.089s][debug][gc,ref         ] GC(11) ReferenceProcessor::execute queues: 1, RefProcThreadModel::Single, marks_oops_alive: false
[114.089s][debug][gc,phases      ] GC(11) Reference Processing 0.261ms
[114.090s][debug][gc,phases      ] GC(11)   VM Weak                        Min:  0.0, Avg:  0.0, Max:  0.0, Diff:  0.0, Sum:  0.0, Workers: 4
[114.090s][debug][gc,phases      ] GC(11)     Dead                           Min: 0, Avg:  0.0, Max: 0, Diff: 0, Sum: 0, Workers: 4
[114.090s][debug][gc,phases      ] GC(11)     Total                          Min: 0, Avg: 219.8, Max: 576, Diff: 576, Sum: 879, Workers: 4
[114.090s][debug][gc,phases      ] GC(11)   ObjectSynchronizer Weak        Min:  0.0, Avg:  0.0, Max:  0.0, Diff:  0.0, Sum:  0.0, Workers: 4
[114.090s][debug][gc,phases      ] GC(11)     Dead                           Min: 0, Avg:  0.0, Max: 0, Diff: 0, Sum: 0, Workers: 4
[114.090s][debug][gc,phases      ] GC(11)     Total                          Min: 0, Avg:  1.0, Max: 4, Diff: 4, Sum: 4, Workers: 4
[114.090s][debug][gc,phases      ] GC(11)   JVMTI Tag Weak OopStorage      Min:  0.0, Avg:  0.0, Max:  0.0, Diff:  0.0, Sum:  0.0, Workers: 4
[114.090s][debug][gc,phases      ] GC(11)     Dead                           Min: 0, Avg:  0.0, Max: 0, Diff: 0, Sum: 0, Workers: 4
[114.090s][debug][gc,phases      ] GC(11)     Total                          Min: 0, Avg:  0.0, Max: 0, Diff: 0, Sum: 0, Workers: 4
[114.090s][debug][gc,phases      ] GC(11)   StringTable Weak               Min:  0.0, Avg:  0.4, Max:  0.7, Diff:  0.7, Sum:  1.7, Workers: 4
[114.090s][debug][gc,phases      ] GC(11)     Dead                           Min: 0, Avg:  0.2, Max: 1, Diff: 1, Sum: 1, Workers: 4
[114.090s][debug][gc,phases      ] GC(11)     Total                          Min: 0, Avg: 11302.8, Max: 15744, Diff: 15744, Sum: 45211, Workers: 4
[114.090s][debug][gc,phases      ] GC(11)   ResolvedMethodTable Weak       Min:  0.0, Avg:  0.1, Max:  0.2, Diff:  0.2, Sum:  0.5, Workers: 4
[114.090s][debug][gc,phases      ] GC(11)     Dead                           Min: 0, Avg: 10.8, Max: 24, Diff: 24, Sum: 43, Workers: 4
[114.090s][debug][gc,phases      ] GC(11)     Total                          Min: 0, Avg: 3571.5, Max: 5121, Diff: 5121, Sum: 14286, Workers: 4
[114.090s][debug][gc,phases      ] GC(11)   JNI Weak                       Min:  0.0, Avg:  0.0, Max:  0.0, Diff:  0.0, Sum:  0.0, Workers: 4
[114.090s][debug][gc,phases      ] GC(11)     Dead                           Min: 0, Avg:  0.0, Max: 0, Diff: 0, Sum: 0, Workers: 4
[114.090s][debug][gc,phases      ] GC(11)     Total                          Min: 0, Avg: 13.0, Max: 48, Diff: 48, Sum: 52, Workers: 4
[114.090s][debug][gc,phases      ] GC(11)   StringDedup Table Weak         Min:  0.0, Avg:  0.0, Max:  0.0, Diff:  0.0, Sum:  0.0, Workers: 4
[114.090s][debug][gc,phases      ] GC(11)     Dead                           Min: 0, Avg:  0.0, Max: 0, Diff: 0, Sum: 0, Workers: 4
[114.090s][debug][gc,phases      ] GC(11)     Total                          Min: 0, Avg:  0.0, Max: 0, Diff: 0, Sum: 0, Workers: 4
[114.090s][debug][gc,phases      ] GC(11)   StringDedup Requests0 Weak     Min:  0.0, Avg:  0.0, Max:  0.0, Diff:  0.0, Sum:  0.0, Workers: 4
[114.090s][debug][gc,phases      ] GC(11)     Dead                           Min: 0, Avg:  0.0, Max: 0, Diff: 0, Sum: 0, Workers: 4
[114.090s][debug][gc,phases      ] GC(11)     Total                          Min: 0, Avg:  0.0, Max: 0, Diff: 0, Sum: 0, Workers: 4
[114.090s][debug][gc,phases      ] GC(11)   StringDedup Requests1 Weak     Min:  0.0, Avg:  0.0, Max:  0.0, Diff:  0.0, Sum:  0.0, Workers: 4
[114.090s][debug][gc,phases      ] GC(11)     Dead                           Min: 0, Avg:  0.0, Max: 0, Diff: 0, Sum: 0, Workers: 4
[114.090s][debug][gc,phases      ] GC(11)     Total                          Min: 0, Avg:  0.0, Max: 0, Diff: 0, Sum: 0, Workers: 4
[114.090s][debug][gc,phases      ] GC(11)   Weak JFR Old Object Samples    Min:  0.0, Avg:  0.0, Max:  0.0, Diff:  0.0, Sum:  0.0, Workers: 4
[114.090s][debug][gc,phases      ] GC(11)     Dead                           Min: 0, Avg:  0.0, Max: 0, Diff: 0, Sum: 0, Workers: 4
[114.090s][debug][gc,phases      ] GC(11)     Total                          Min: 0, Avg:  0.0, Max: 0, Diff: 0, Sum: 0, Workers: 4
[114.090s][debug][gc,phases      ] GC(11) Weak Processing 0.980ms
[114.090s][debug][gc,age         ] GC(11) Desired survivor size 244842496 bytes, new threshold 3 (max threshold 15)
[114.090s][info ][gc,heap        ] GC(11) PSYoungGen: 1755913K(1851904K)->70391K(1858048K) Eden: 1606656K(1606656K)->0K(1613824K) From: 149257K(245248K)->70391K(244224K)
[114.090s][info ][gc,heap        ] GC(11) ParOldGen: 63152K(63488K)->143928K(144384K)
[114.090s][info ][gc,metaspace   ] GC(11) Metaspace: 102322K(103488K)->102322K(103488K) NonClass: 86681K(87360K)->86681K(87360K) Class: 15641K(16128K)->15641K(16128K)
[114.090s][info ][gc             ] GC(11) Pause Young (Allocation Failure) 1776M->209M(1955M) 88.048ms
[114.090s][info ][gc,cpu         ] GC(11) User=0.22s Sys=0.06s Real=0.09s
[114.090s][info ][safepoint      ] Safepoint "ParallelGCFailedAllocation", Time since last: 378178784 ns, Reaching safepoint: 84102 ns, Cleanup: 16200 ns, At safepoint: 88142211 ns, Total: 88242513 ns
[115.090s][info ][safepoint      ] Safepoint "Cleanup", Time since last: 1000090578 ns, Reaching safepoint: 6001 ns, Cleanup: 47001 ns, At safepoint: 2700 ns, Total: 55702 ns
[116.090s][info ][safepoint      ] Safepoint "Cleanup", Time since last: 1000112879 ns, Reaching safepoint: 6600 ns, Cleanup: 26201 ns, At safepoint: 2500 ns, Total: 35301 ns
[117.090s][info ][safepoint      ] Safepoint "Cleanup", Time since last: 1000127080 ns, Reaching safepoint: 6100 ns, Cleanup: 13200 ns, At safepoint: 2400 ns, Total: 21700 ns
[118.090s][info ][safepoint      ] Safepoint "Cleanup", Time since last: 1000111317 ns, Reaching safepoint: 6301 ns, Cleanup: 39600 ns, At safepoint: 2900 ns, Total: 48801 ns
[119.091s][info ][safepoint      ] Safepoint "Cleanup", Time since last: 1000113273 ns, Reaching safepoint: 6501 ns, Cleanup: 36000 ns, At safepoint: 2500 ns, Total: 45001 ns
[120.091s][info ][safepoint      ] Safepoint "Cleanup", Time since last: 1000123996 ns, Reaching safepoint: 6400 ns, Cleanup: 14801 ns, At safepoint: 2400 ns, Total: 23601 ns
[121.099s][info ][safepoint      ] Safepoint "Cleanup", Time since last: 1007899694 ns, Reaching safepoint: 6700 ns, Cleanup: 23300 ns, At safepoint: 2300 ns, Total: 32300 ns
[122.099s][info ][safepoint      ] Safepoint "Cleanup", Time since last: 1000118903 ns, Reaching safepoint: 7100 ns, Cleanup: 47001 ns, At safepoint: 2400 ns, Total: 56501 ns
[123.099s][info ][safepoint      ] Safepoint "Cleanup", Time since last: 1000120203 ns, Reaching safepoint: 7000 ns, Cleanup: 19500 ns, At safepoint: 2000 ns, Total: 28500 ns
[124.099s][info ][safepoint      ] Safepoint "Cleanup", Time since last: 1000119103 ns, Reaching safepoint: 7100 ns, Cleanup: 26401 ns, At safepoint: 2500 ns, Total: 36001 ns
[125.099s][info ][safepoint      ] Safepoint "Cleanup", Time since last: 1000120402 ns, Reaching safepoint: 5500 ns, Cleanup: 30301 ns, At safepoint: 2200 ns, Total: 38001 ns
[126.099s][info ][safepoint      ] Safepoint "Cleanup", Time since last: 1000099016 ns, Reaching safepoint: 7100 ns, Cleanup: 25900 ns, At safepoint: 2700 ns, Total: 35700 ns
[127.100s][info ][safepoint      ] Safepoint "Cleanup", Time since last: 1000113482 ns, Reaching safepoint: 6200 ns, Cleanup: 34500 ns, At safepoint: 2800 ns, Total: 43500 ns
[128.100s][info ][safepoint      ] Safepoint "Cleanup", Time since last: 1000110882 ns, Reaching safepoint: 6200 ns, Cleanup: 35200 ns, At safepoint: 2201 ns, Total: 43601 ns
[129.100s][info ][safepoint      ] Safepoint "Cleanup", Time since last: 1000118889 ns, Reaching safepoint: 80002 ns, Cleanup: 15601 ns, At safepoint: 7200 ns, Total: 102803 ns
[130.100s][info ][safepoint      ] Safepoint "Cleanup", Time since last: 1000126989 ns, Reaching safepoint: 81202 ns, Cleanup: 13100 ns, At safepoint: 6000 ns, Total: 100302 ns
[131.100s][info ][safepoint      ] Safepoint "Cleanup", Time since last: 1000117289 ns, Reaching safepoint: 74302 ns, Cleanup: 25901 ns, At safepoint: 8400 ns, Total: 108603 ns
[132.101s][info ][safepoint      ] Safepoint "Cleanup", Time since last: 1000123489 ns, Reaching safepoint: 82502 ns, Cleanup: 34801 ns, At safepoint: 7900 ns, Total: 125203 ns
[133.101s][info ][safepoint      ] Safepoint "Cleanup", Time since last: 1000121289 ns, Reaching safepoint: 82502 ns, Cleanup: 22300 ns, At safepoint: 6700 ns, Total: 111502 ns
[134.101s][info ][safepoint      ] Safepoint "Cleanup", Time since last: 1000122981 ns, Reaching safepoint: 82702 ns, Cleanup: 12001 ns, At safepoint: 7100 ns, Total: 101803 ns
[135.101s][info ][safepoint      ] Safepoint "Cleanup", Time since last: 1000120622 ns, Reaching safepoint: 82102 ns, Cleanup: 12301 ns, At safepoint: 7300 ns, Total: 101703 ns
[136.102s][info ][safepoint      ] Safepoint "Cleanup", Time since last: 1000144923 ns, Reaching safepoint: 85002 ns, Cleanup: 12001 ns, At safepoint: 9900 ns, Total: 106903 ns
[137.102s][info ][safepoint      ] Safepoint "Cleanup", Time since last: 1000130223 ns, Reaching safepoint: 84102 ns, Cleanup: 12300 ns, At safepoint: 8600 ns, Total: 105002 ns
[138.102s][info ][safepoint      ] Safepoint "Cleanup", Time since last: 1000127423 ns, Reaching safepoint: 84002 ns, Cleanup: 11500 ns, At safepoint: 8501 ns, Total: 104003 ns
[139.102s][info ][safepoint      ] Safepoint "Cleanup", Time since last: 1000130023 ns, Reaching safepoint: 87302 ns, Cleanup: 36901 ns, At safepoint: 9200 ns, Total: 133403 ns
[140.103s][info ][safepoint      ] Safepoint "Cleanup", Time since last: 1000168324 ns, Reaching safepoint: 85502 ns, Cleanup: 26400 ns, At safepoint: 7900 ns, Total: 119802 ns
[141.103s][info ][safepoint      ] Safepoint "Cleanup", Time since last: 1000161624 ns, Reaching safepoint: 86002 ns, Cleanup: 40701 ns, At safepoint: 8200 ns, Total: 134903 ns
[142.103s][info ][safepoint      ] Safepoint "Cleanup", Time since last: 1000158999 ns, Reaching safepoint: 87802 ns, Cleanup: 20701 ns, At safepoint: 8200 ns, Total: 116703 ns
[143.103s][info ][safepoint      ] Safepoint "Cleanup", Time since last: 1000135979 ns, Reaching safepoint: 84802 ns, Cleanup: 29301 ns, At safepoint: 7100 ns, Total: 121203 ns
[145.104s][info ][safepoint      ] Safepoint "Cleanup", Time since last: 2000223958 ns, Reaching safepoint: 84502 ns, Cleanup: 11200 ns, At safepoint: 8000 ns, Total: 103702 ns
[146.104s][info ][safepoint      ] Safepoint "Cleanup", Time since last: 1000148480 ns, Reaching safepoint: 85702 ns, Cleanup: 16500 ns, At safepoint: 7600 ns, Total: 109802 ns
[146.661s][info ][gc,start       ] GC(12) Pause Young (Allocation Failure)
[146.702s][debug][gc,phases      ] GC(12) Scavenge 41.667ms
[146.703s][debug][gc,ref         ] GC(12) ReferenceProcessor::execute queues: 1, RefProcThreadModel::Single, marks_oops_alive: false
[146.703s][debug][gc,ref         ] GC(12) Skipped KeepAliveFinalRefsPhase of Reference Processing: no references
[146.703s][debug][gc,ref         ] GC(12) ReferenceProcessor::execute queues: 1, RefProcThreadModel::Single, marks_oops_alive: false
[146.703s][debug][gc,phases      ] GC(12) Reference Processing 0.162ms
[146.703s][debug][gc,phases      ] GC(12)   VM Weak                        Min:  0.0, Avg:  0.0, Max:  0.0, Diff:  0.0, Sum:  0.0, Workers: 4
[146.703s][debug][gc,phases      ] GC(12)     Dead                           Min: 0, Avg:  0.0, Max: 0, Diff: 0, Sum: 0, Workers: 4
[146.703s][debug][gc,phases      ] GC(12)     Total                          Min: 0, Avg: 220.0, Max: 624, Diff: 624, Sum: 880, Workers: 4
[146.703s][debug][gc,phases      ] GC(12)   ObjectSynchronizer Weak        Min:  0.0, Avg:  0.0, Max:  0.0, Diff:  0.0, Sum:  0.0, Workers: 4
[146.703s][debug][gc,phases      ] GC(12)     Dead                           Min: 0, Avg:  0.0, Max: 0, Diff: 0, Sum: 0, Workers: 4
[146.703s][debug][gc,phases      ] GC(12)     Total                          Min: 0, Avg:  1.2, Max: 5, Diff: 5, Sum: 5, Workers: 4
[146.703s][debug][gc,phases      ] GC(12)   JVMTI Tag Weak OopStorage      Min:  0.0, Avg:  0.0, Max:  0.0, Diff:  0.0, Sum:  0.0, Workers: 4
[146.703s][debug][gc,phases      ] GC(12)     Dead                           Min: 0, Avg:  0.0, Max: 0, Diff: 0, Sum: 0, Workers: 4
[146.703s][debug][gc,phases      ] GC(12)     Total                          Min: 0, Avg:  0.0, Max: 0, Diff: 0, Sum: 0, Workers: 4
[146.703s][debug][gc,phases      ] GC(12)   StringTable Weak               Min:  0.0, Avg:  0.1, Max:  0.2, Diff:  0.2, Sum:  0.5, Workers: 4
[146.703s][debug][gc,phases      ] GC(12)     Dead                           Min: 0, Avg:  0.0, Max: 0, Diff: 0, Sum: 0, Workers: 4
[146.703s][debug][gc,phases      ] GC(12)     Total                          Min: 0, Avg: 11333.0, Max: 15572, Diff: 15572, Sum: 45332, Workers: 4
[146.703s][debug][gc,phases      ] GC(12)   ResolvedMethodTable Weak       Min:  0.0, Avg:  0.1, Max:  0.1, Diff:  0.1, Sum:  0.2, Workers: 4
[146.703s][debug][gc,phases      ] GC(12)     Dead                           Min: 0, Avg:  9.0, Max: 36, Diff: 36, Sum: 36, Workers: 4
[146.703s][debug][gc,phases      ] GC(12)     Total                          Min: 0, Avg: 3576.0, Max: 4954, Diff: 4954, Sum: 14304, Workers: 4
[146.703s][debug][gc,phases      ] GC(12)   JNI Weak                       Min:  0.0, Avg:  0.0, Max:  0.0, Diff:  0.0, Sum:  0.0, Workers: 4
[146.703s][debug][gc,phases      ] GC(12)     Dead                           Min: 0, Avg:  0.0, Max: 0, Diff: 0, Sum: 0, Workers: 4
[146.703s][debug][gc,phases      ] GC(12)     Total                          Min: 0, Avg: 13.0, Max: 48, Diff: 48, Sum: 52, Workers: 4
[146.703s][debug][gc,phases      ] GC(12)   StringDedup Table Weak         Min:  0.0, Avg:  0.0, Max:  0.0, Diff:  0.0, Sum:  0.0, Workers: 4
[146.703s][debug][gc,phases      ] GC(12)     Dead                           Min: 0, Avg:  0.0, Max: 0, Diff: 0, Sum: 0, Workers: 4
[146.703s][debug][gc,phases      ] GC(12)     Total                          Min: 0, Avg:  0.0, Max: 0, Diff: 0, Sum: 0, Workers: 4
[146.703s][debug][gc,phases      ] GC(12)   StringDedup Requests0 Weak     Min:  0.0, Avg:  0.0, Max:  0.0, Diff:  0.0, Sum:  0.0, Workers: 4
[146.703s][debug][gc,phases      ] GC(12)     Dead                           Min: 0, Avg:  0.0, Max: 0, Diff: 0, Sum: 0, Workers: 4
[146.703s][debug][gc,phases      ] GC(12)     Total                          Min: 0, Avg:  0.0, Max: 0, Diff: 0, Sum: 0, Workers: 4
[146.703s][debug][gc,phases      ] GC(12)   StringDedup Requests1 Weak     Min:  0.0, Avg:  0.0, Max:  0.0, Diff:  0.0, Sum:  0.0, Workers: 4
[146.703s][debug][gc,phases      ] GC(12)     Dead                           Min: 0, Avg:  0.0, Max: 0, Diff: 0, Sum: 0, Workers: 4
[146.703s][debug][gc,phases      ] GC(12)     Total                          Min: 0, Avg:  0.0, Max: 0, Diff: 0, Sum: 0, Workers: 4
[146.703s][debug][gc,phases      ] GC(12)   Weak JFR Old Object Samples    Min:  0.0, Avg:  0.0, Max:  0.0, Diff:  0.0, Sum:  0.0, Workers: 4
[146.703s][debug][gc,phases      ] GC(12)     Dead                           Min: 0, Avg:  0.0, Max: 0, Diff: 0, Sum: 0, Workers: 4
[146.703s][debug][gc,phases      ] GC(12)     Total                          Min: 0, Avg:  0.0, Max: 0, Diff: 0, Sum: 0, Workers: 4
[146.703s][debug][gc,phases      ] GC(12) Weak Processing 0.527ms
[146.703s][debug][gc,age         ] GC(12) Desired survivor size 249036800 bytes, new threshold 2 (max threshold 15)
[146.703s][info ][gc,heap        ] GC(12) PSYoungGen: 1684215K(1858048K)->16096K(1852928K) Eden: 1613824K(1613824K)->0K(1613824K) From: 70391K(244224K)->16096K(239104K)
[146.703s][info ][gc,heap        ] GC(12) ParOldGen: 143928K(144384K)->212040K(212480K)
[146.703s][info ][gc,metaspace   ] GC(12) Metaspace: 102541K(103680K)->102541K(103680K) NonClass: 86892K(87552K)->86892K(87552K) Class: 15648K(16128K)->15648K(16128K)
[146.703s][info ][gc             ] GC(12) Pause Young (Allocation Failure) 1785M->222M(2017M) 42.510ms
[146.703s][info ][gc,cpu         ] GC(12) User=0.09s Sys=0.05s Real=0.04s
[146.703s][info ][safepoint      ] Safepoint "ParallelGCFailedAllocation", Time since last: 556513687 ns, Reaching safepoint: 6500 ns, Cleanup: 18300 ns, At safepoint: 42598179 ns, Total: 42622979 ns
[149.704s][info ][safepoint      ] Safepoint "Cleanup", Time since last: 3000247544 ns, Reaching safepoint: 80602 ns, Cleanup: 11100 ns, At safepoint: 6500 ns, Total: 98202 ns
[152.704s][info ][safepoint      ] Safepoint "Cleanup", Time since last: 3000309561 ns, Reaching safepoint: 88602 ns, Cleanup: 16600 ns, At safepoint: 10101 ns, Total: 115303 ns
[154.704s][info ][safepoint      ] Safepoint "Cleanup", Time since last: 2000223907 ns, Reaching safepoint: 85302 ns, Cleanup: 22200 ns, At safepoint: 7201 ns, Total: 114703 ns
[155.705s][info ][safepoint      ] Safepoint "Cleanup", Time since last: 1000139554 ns, Reaching safepoint: 87302 ns, Cleanup: 18100 ns, At safepoint: 11700 ns, Total: 117102 ns
[156.705s][info ][safepoint      ] Safepoint "Cleanup", Time since last: 1000151855 ns, Reaching safepoint: 84102 ns, Cleanup: 16800 ns, At safepoint: 7900 ns, Total: 108802 ns
[158.705s][info ][safepoint      ] Safepoint "Cleanup", Time since last: 2000213922 ns, Reaching safepoint: 90702 ns, Cleanup: 16501 ns, At safepoint: 10000 ns, Total: 117203 ns
[163.706s][info ][safepoint      ] Safepoint "Cleanup", Time since last: 5000471281 ns, Reaching safepoint: 85802 ns, Cleanup: 18000 ns, At safepoint: 6901 ns, Total: 110703 ns
[164.706s][info ][safepoint      ] Safepoint "Cleanup", Time since last: 1000142317 ns, Reaching safepoint: 84502 ns, Cleanup: 14600 ns, At safepoint: 6900 ns, Total: 106002 ns
[167.706s][info ][safepoint      ] Safepoint "Cleanup", Time since last: 3000283393 ns, Reaching safepoint: 79201 ns, Cleanup: 10600 ns, At safepoint: 6700 ns, Total: 96501 ns
[168.707s][info ][safepoint      ] Safepoint "Cleanup", Time since last: 1000154486 ns, Reaching safepoint: 84801 ns, Cleanup: 8000 ns, At safepoint: 7400 ns, Total: 100201 ns
[170.707s][info ][safepoint      ] Safepoint "Cleanup", Time since last: 2000192433 ns, Reaching safepoint: 79302 ns, Cleanup: 12900 ns, At safepoint: 6600 ns, Total: 98802 ns
[171.707s][info ][safepoint      ] Safepoint "Cleanup", Time since last: 1000121089 ns, Reaching safepoint: 78402 ns, Cleanup: 12100 ns, At safepoint: 6400 ns, Total: 96902 ns
[173.707s][info ][safepoint      ] Safepoint "Cleanup", Time since last: 2000184020 ns, Reaching safepoint: 80502 ns, Cleanup: 12600 ns, At safepoint: 6601 ns, Total: 99703 ns
[175.708s][info ][safepoint      ] Safepoint "Cleanup", Time since last: 2000209762 ns, Reaching safepoint: 85602 ns, Cleanup: 11300 ns, At safepoint: 7400 ns, Total: 104302 ns
[176.708s][info ][safepoint      ] Safepoint "Cleanup", Time since last: 1000142982 ns, Reaching safepoint: 87002 ns, Cleanup: 11701 ns, At safepoint: 7900 ns, Total: 106603 ns
[177.708s][info ][safepoint      ] Safepoint "Cleanup", Time since last: 1000152682 ns, Reaching safepoint: 84602 ns, Cleanup: 13300 ns, At safepoint: 7700 ns, Total: 105602 ns
[183.120s][info ][safepoint      ] Safepoint "Cleanup", Time since last: 5411806459 ns, Reaching safepoint: 7001 ns, Cleanup: 15200 ns, At safepoint: 2900 ns, Total: 25101 ns
[184.120s][info ][safepoint      ] Safepoint "Cleanup", Time since last: 1000198861 ns, Reaching safepoint: 6501 ns, Cleanup: 12200 ns, At safepoint: 2800 ns, Total: 21501 ns
[187.121s][info ][safepoint      ] Safepoint "Cleanup", Time since last: 3000257277 ns, Reaching safepoint: 6501 ns, Cleanup: 14300 ns, At safepoint: 2700 ns, Total: 23501 ns
[189.121s][info ][safepoint      ] Safepoint "Cleanup", Time since last: 2000205419 ns, Reaching safepoint: 6500 ns, Cleanup: 11400 ns, At safepoint: 2500 ns, Total: 20400 ns
[190.121s][info ][safepoint      ] Safepoint "Cleanup", Time since last: 1000125148 ns, Reaching safepoint: 7900 ns, Cleanup: 12800 ns, At safepoint: 2300 ns, Total: 23000 ns
[191.602s][info ][gc,start       ] GC(13) Pause Young (Allocation Failure)
[191.611s][debug][gc,phases      ] GC(13) Scavenge 9.115ms
[191.611s][debug][gc,ref         ] GC(13) ReferenceProcessor::execute queues: 1, RefProcThreadModel::Single, marks_oops_alive: false
[191.611s][debug][gc,ref         ] GC(13) Skipped KeepAliveFinalRefsPhase of Reference Processing: no references
[191.611s][debug][gc,ref         ] GC(13) Skipped PhantomRefsPhase of Reference Processing: no references
[191.612s][debug][gc,phases      ] GC(13) Reference Processing 0.113ms
[191.612s][debug][gc,phases      ] GC(13)   VM Weak                        Min:  0.0, Avg:  0.0, Max:  0.0, Diff:  0.0, Sum:  0.0, Workers: 4
[191.612s][debug][gc,phases      ] GC(13)     Dead                           Min: 0, Avg:  0.0, Max: 0, Diff: 0, Sum: 0, Workers: 4
[191.612s][debug][gc,phases      ] GC(13)     Total                          Min: 0, Avg: 220.0, Max: 496, Diff: 496, Sum: 880, Workers: 4
[191.612s][debug][gc,phases      ] GC(13)   ObjectSynchronizer Weak        Min:  0.0, Avg:  0.0, Max:  0.0, Diff:  0.0, Sum:  0.0, Workers: 4
[191.612s][debug][gc,phases      ] GC(13)     Dead                           Min: 0, Avg:  0.0, Max: 0, Diff: 0, Sum: 0, Workers: 4
[191.612s][debug][gc,phases      ] GC(13)     Total                          Min: 0, Avg:  0.8, Max: 3, Diff: 3, Sum: 3, Workers: 4
[191.612s][debug][gc,phases      ] GC(13)   JVMTI Tag Weak OopStorage      Min:  0.0, Avg:  0.0, Max:  0.0, Diff:  0.0, Sum:  0.0, Workers: 4
[191.612s][debug][gc,phases      ] GC(13)     Dead                           Min: 0, Avg:  0.0, Max: 0, Diff: 0, Sum: 0, Workers: 4
[191.612s][debug][gc,phases      ] GC(13)     Total                          Min: 0, Avg:  0.0, Max: 0, Diff: 0, Sum: 0, Workers: 4
[191.612s][debug][gc,phases      ] GC(13)   StringTable Weak               Min:  0.0, Avg:  0.1, Max:  0.2, Diff:  0.2, Sum:  0.5, Workers: 4
[191.612s][debug][gc,phases      ] GC(13)     Dead                           Min: 0, Avg:  0.0, Max: 0, Diff: 0, Sum: 0, Workers: 4
[191.612s][debug][gc,phases      ] GC(13)     Total                          Min: 0, Avg: 11338.5, Max: 15936, Diff: 15936, Sum: 45354, Workers: 4
[191.612s][debug][gc,phases      ] GC(13)   ResolvedMethodTable Weak       Min:  0.0, Avg:  0.0, Max:  0.1, Diff:  0.1, Sum:  0.2, Workers: 4
[191.612s][debug][gc,phases      ] GC(13)     Dead                           Min: 0, Avg:  4.0, Max: 16, Diff: 16, Sum: 16, Workers: 4
[191.612s][debug][gc,phases      ] GC(13)     Total                          Min: 0, Avg: 3576.0, Max: 5140, Diff: 5140, Sum: 14304, Workers: 4
[191.612s][debug][gc,phases      ] GC(13)   JNI Weak                       Min:  0.0, Avg:  0.0, Max:  0.0, Diff:  0.0, Sum:  0.0, Workers: 4
[191.612s][debug][gc,phases      ] GC(13)     Dead                           Min: 0, Avg:  0.0, Max: 0, Diff: 0, Sum: 0, Workers: 4
[191.612s][debug][gc,phases      ] GC(13)     Total                          Min: 0, Avg: 13.0, Max: 48, Diff: 48, Sum: 52, Workers: 4
[191.612s][debug][gc,phases      ] GC(13)   StringDedup Table Weak         Min:  0.0, Avg:  0.0, Max:  0.0, Diff:  0.0, Sum:  0.0, Workers: 4
[191.612s][debug][gc,phases      ] GC(13)     Dead                           Min: 0, Avg:  0.0, Max: 0, Diff: 0, Sum: 0, Workers: 4
[191.612s][debug][gc,phases      ] GC(13)     Total                          Min: 0, Avg:  0.0, Max: 0, Diff: 0, Sum: 0, Workers: 4
[191.612s][debug][gc,phases      ] GC(13)   StringDedup Requests0 Weak     Min:  0.0, Avg:  0.0, Max:  0.0, Diff:  0.0, Sum:  0.0, Workers: 4
[191.612s][debug][gc,phases      ] GC(13)     Dead                           Min: 0, Avg:  0.0, Max: 0, Diff: 0, Sum: 0, Workers: 4
[191.612s][debug][gc,phases      ] GC(13)     Total                          Min: 0, Avg:  0.0, Max: 0, Diff: 0, Sum: 0, Workers: 4
[191.612s][debug][gc,phases      ] GC(13)   StringDedup Requests1 Weak     Min:  0.0, Avg:  0.0, Max:  0.0, Diff:  0.0, Sum:  0.0, Workers: 4
[191.612s][debug][gc,phases      ] GC(13)     Dead                           Min: 0, Avg:  0.0, Max: 0, Diff: 0, Sum: 0, Workers: 4
[191.612s][debug][gc,phases      ] GC(13)     Total                          Min: 0, Avg:  0.0, Max: 0, Diff: 0, Sum: 0, Workers: 4
[191.612s][debug][gc,phases      ] GC(13)   Weak JFR Old Object Samples    Min:  0.0, Avg:  0.0, Max:  0.0, Diff:  0.0, Sum:  0.0, Workers: 4
[191.612s][debug][gc,phases      ] GC(13)     Dead                           Min: 0, Avg:  0.0, Max: 0, Diff: 0, Sum: 0, Workers: 4
[191.612s][debug][gc,phases      ] GC(13)     Total                          Min: 0, Avg:  0.0, Max: 0, Diff: 0, Sum: 0, Workers: 4
[191.612s][debug][gc,phases      ] GC(13) Weak Processing 0.417ms
[191.612s][debug][gc,age         ] GC(13) Desired survivor size 250085376 bytes, new threshold 1 (max threshold 15)
[191.612s][info ][gc,heap        ] GC(13) PSYoungGen: 1629920K(1852928K)->13056K(1851904K) Eden: 1613824K(1613824K)->0K(1608704K) From: 16096K(239104K)->13056K(243200K)
[191.612s][info ][gc,heap        ] GC(13) ParOldGen: 212040K(212480K)->215244K(215552K)
[191.612s][info ][gc,metaspace   ] GC(13) Metaspace: 102598K(103744K)->102598K(103744K) NonClass: 86948K(87616K)->86948K(87616K) Class: 15650K(16128K)->15650K(16128K)
[191.612s][info ][gc             ] GC(13) Pause Young (Allocation Failure) 1798M->222M(2019M) 9.797ms
[191.612s][info ][gc,cpu         ] GC(13) User=0.03s Sys=0.00s Real=0.01s
[191.612s][info ][safepoint      ] Safepoint "ParallelGCFailedAllocation", Time since last: 1481162154 ns, Reaching safepoint: 7800 ns, Cleanup: 5000 ns, At safepoint: 9873702 ns, Total: 9886502 ns
[193.612s][info ][safepoint      ] Safepoint "Cleanup", Time since last: 2000163955 ns, Reaching safepoint: 6200 ns, Cleanup: 9901 ns, At safepoint: 2100 ns, Total: 18201 ns
[194.612s][info ][safepoint      ] Safepoint "Cleanup", Time since last: 1000113528 ns, Reaching safepoint: 6300 ns, Cleanup: 11500 ns, At safepoint: 2600 ns, Total: 20400 ns
[195.612s][info ][safepoint      ] Safepoint "Cleanup", Time since last: 1000131329 ns, Reaching safepoint: 6800 ns, Cleanup: 10000 ns, At safepoint: 2300 ns, Total: 19100 ns
[197.613s][info ][safepoint      ] Safepoint "Cleanup", Time since last: 2000185442 ns, Reaching safepoint: 6200 ns, Cleanup: 11000 ns, At safepoint: 7300 ns, Total: 24500 ns
[199.613s][info ][safepoint      ] Safepoint "Cleanup", Time since last: 2000188575 ns, Reaching safepoint: 7200 ns, Cleanup: 17201 ns, At safepoint: 2500 ns, Total: 26901 ns
[201.613s][info ][safepoint      ] Safepoint "Cleanup", Time since last: 2000191675 ns, Reaching safepoint: 6600 ns, Cleanup: 14700 ns, At safepoint: 2800 ns, Total: 24100 ns
[203.613s][info ][safepoint      ] Safepoint "Cleanup", Time since last: 2000200375 ns, Reaching safepoint: 6001 ns, Cleanup: 12000 ns, At safepoint: 2700 ns, Total: 20701 ns
[204.613s][info ][safepoint      ] Safepoint "Cleanup", Time since last: 1000111088 ns, Reaching safepoint: 6500 ns, Cleanup: 14200 ns, At safepoint: 2400 ns, Total: 23100 ns
[205.614s][info ][safepoint      ] Safepoint "Cleanup", Time since last: 1000118892 ns, Reaching safepoint: 6700 ns, Cleanup: 25000 ns, At safepoint: 2600 ns, Total: 34300 ns
[206.614s][info ][safepoint      ] Safepoint "Cleanup", Time since last: 1000113834 ns, Reaching safepoint: 6200 ns, Cleanup: 20900 ns, At safepoint: 2300 ns, Total: 29400 ns
[207.614s][info ][safepoint      ] Safepoint "Cleanup", Time since last: 1000111634 ns, Reaching safepoint: 6000 ns, Cleanup: 12600 ns, At safepoint: 2400 ns, Total: 21000 ns
[208.614s][info ][safepoint      ] Safepoint "Cleanup", Time since last: 1000107534 ns, Reaching safepoint: 6200 ns, Cleanup: 30000 ns, At safepoint: 2701 ns, Total: 38901 ns
[209.614s][info ][safepoint      ] Safepoint "Cleanup", Time since last: 1000117433 ns, Reaching safepoint: 6800 ns, Cleanup: 13701 ns, At safepoint: 2700 ns, Total: 23201 ns
[210.614s][info ][safepoint      ] Safepoint "Cleanup", Time since last: 1000116370 ns, Reaching safepoint: 6200 ns, Cleanup: 17500 ns, At safepoint: 2100 ns, Total: 25800 ns
[211.614s][info ][safepoint      ] Safepoint "Cleanup", Time since last: 1000121080 ns, Reaching safepoint: 6100 ns, Cleanup: 11300 ns, At safepoint: 2401 ns, Total: 19801 ns
[212.615s][info ][safepoint      ] Safepoint "Cleanup", Time since last: 1000117180 ns, Reaching safepoint: 6700 ns, Cleanup: 32800 ns, At safepoint: 3200 ns, Total: 42700 ns
[213.615s][info ][safepoint      ] Safepoint "Cleanup", Time since last: 1000120079 ns, Reaching safepoint: 6800 ns, Cleanup: 11401 ns, At safepoint: 2300 ns, Total: 20501 ns
[214.615s][info ][safepoint      ] Safepoint "Cleanup", Time since last: 1000117288 ns, Reaching safepoint: 5800 ns, Cleanup: 6800 ns, At safepoint: 2400 ns, Total: 15000 ns
[215.615s][info ][safepoint      ] Safepoint "Cleanup", Time since last: 1000123789 ns, Reaching safepoint: 6700 ns, Cleanup: 11900 ns, At safepoint: 2300 ns, Total: 20900 ns
[216.615s][info ][safepoint      ] Safepoint "Cleanup", Time since last: 1000121688 ns, Reaching safepoint: 6101 ns, Cleanup: 20900 ns, At safepoint: 2500 ns, Total: 29501 ns
[217.615s][info ][safepoint      ] Safepoint "Cleanup", Time since last: 1000125689 ns, Reaching safepoint: 6500 ns, Cleanup: 23900 ns, At safepoint: 2400 ns, Total: 32800 ns
[218.616s][info ][safepoint      ] Safepoint "Cleanup", Time since last: 1000120389 ns, Reaching safepoint: 6200 ns, Cleanup: 30100 ns, At safepoint: 2200 ns, Total: 38500 ns
[219.616s][info ][safepoint      ] Safepoint "Cleanup", Time since last: 1000121989 ns, Reaching safepoint: 7800 ns, Cleanup: 10900 ns, At safepoint: 2300 ns, Total: 21000 ns
[220.616s][info ][safepoint      ] Safepoint "Cleanup", Time since last: 1000121289 ns, Reaching safepoint: 7200 ns, Cleanup: 16200 ns, At safepoint: 2200 ns, Total: 25600 ns
[222.616s][info ][safepoint      ] Safepoint "Cleanup", Time since last: 2000191963 ns, Reaching safepoint: 6501 ns, Cleanup: 11700 ns, At safepoint: 2300 ns, Total: 20501 ns
[224.616s][info ][safepoint      ] Safepoint "Cleanup", Time since last: 2000186942 ns, Reaching safepoint: 7500 ns, Cleanup: 14500 ns, At safepoint: 2801 ns, Total: 24801 ns
[225.616s][info ][safepoint      ] Safepoint "Cleanup", Time since last: 1000136321 ns, Reaching safepoint: 6401 ns, Cleanup: 12200 ns, At safepoint: 2300 ns, Total: 20901 ns
[226.617s][info ][safepoint      ] Safepoint "Cleanup", Time since last: 1000112521 ns, Reaching safepoint: 6900 ns, Cleanup: 13201 ns, At safepoint: 2300 ns, Total: 22401 ns
[227.617s][info ][safepoint      ] Safepoint "Cleanup", Time since last: 1000105421 ns, Reaching safepoint: 6300 ns, Cleanup: 9600 ns, At safepoint: 2401 ns, Total: 18301 ns
[228.617s][info ][safepoint      ] Safepoint "Cleanup", Time since last: 1000116521 ns, Reaching safepoint: 6700 ns, Cleanup: 12700 ns, At safepoint: 2101 ns, Total: 21501 ns
[230.617s][info ][safepoint      ] Safepoint "Cleanup", Time since last: 2000193123 ns, Reaching safepoint: 8400 ns, Cleanup: 12201 ns, At safepoint: 2400 ns, Total: 23001 ns
[236.452s][info ][gc,start       ] GC(14) Pause Young (Allocation Failure)
[236.462s][debug][gc,phases      ] GC(14) Scavenge 9.146ms
[236.462s][debug][gc,ref         ] GC(14) ReferenceProcessor::execute queues: 1, RefProcThreadModel::Single, marks_oops_alive: false
[236.462s][debug][gc,ref         ] GC(14) Skipped KeepAliveFinalRefsPhase of Reference Processing: no references
[236.462s][debug][gc,ref         ] GC(14) ReferenceProcessor::execute queues: 1, RefProcThreadModel::Single, marks_oops_alive: false
[236.462s][debug][gc,phases      ] GC(14) Reference Processing 0.133ms
[236.462s][debug][gc,phases      ] GC(14)   VM Weak                        Min:  0.0, Avg:  0.0, Max:  0.0, Diff:  0.0, Sum:  0.0, Workers: 4
[236.462s][debug][gc,phases      ] GC(14)     Dead                           Min: 0, Avg:  0.0, Max: 0, Diff: 0, Sum: 0, Workers: 4
[236.462s][debug][gc,phases      ] GC(14)     Total                          Min: 0, Avg: 222.0, Max: 504, Diff: 504, Sum: 888, Workers: 4
[236.462s][debug][gc,phases      ] GC(14)   ObjectSynchronizer Weak        Min:  0.0, Avg:  0.0, Max:  0.0, Diff:  0.0, Sum:  0.0, Workers: 4
[236.462s][debug][gc,phases      ] GC(14)     Dead                           Min: 0, Avg:  0.0, Max: 0, Diff: 0, Sum: 0, Workers: 4
[236.462s][debug][gc,phases      ] GC(14)     Total                          Min: 0, Avg:  0.8, Max: 3, Diff: 3, Sum: 3, Workers: 4
[236.462s][debug][gc,phases      ] GC(14)   JVMTI Tag Weak OopStorage      Min:  0.0, Avg:  0.0, Max:  0.0, Diff:  0.0, Sum:  0.0, Workers: 4
[236.462s][debug][gc,phases      ] GC(14)     Dead                           Min: 0, Avg:  0.0, Max: 0, Diff: 0, Sum: 0, Workers: 4
[236.462s][debug][gc,phases      ] GC(14)     Total                          Min: 0, Avg:  0.0, Max: 0, Diff: 0, Sum: 0, Workers: 4
[236.462s][debug][gc,phases      ] GC(14)   StringTable Weak               Min:  0.0, Avg:  0.1, Max:  0.2, Diff:  0.2, Sum:  0.5, Workers: 4
[236.462s][debug][gc,phases      ] GC(14)     Dead                           Min: 0, Avg:  0.5, Max: 1, Diff: 1, Sum: 2, Workers: 4
[236.462s][debug][gc,phases      ] GC(14)     Total                          Min: 0, Avg: 11350.5, Max: 15168, Diff: 15168, Sum: 45402, Workers: 4
[236.462s][debug][gc,phases      ] GC(14)   ResolvedMethodTable Weak       Min:  0.0, Avg:  0.0, Max:  0.1, Diff:  0.1, Sum:  0.2, Workers: 4
[236.462s][debug][gc,phases      ] GC(14)     Dead                           Min: 0, Avg:  5.0, Max: 16, Diff: 16, Sum: 20, Workers: 4
[236.462s][debug][gc,phases      ] GC(14)     Total                          Min: 0, Avg: 3586.0, Max: 5067, Diff: 5067, Sum: 14344, Workers: 4
[236.462s][debug][gc,phases      ] GC(14)   JNI Weak                       Min:  0.0, Avg:  0.0, Max:  0.0, Diff:  0.0, Sum:  0.0, Workers: 4
[236.462s][debug][gc,phases      ] GC(14)     Dead                           Min: 0, Avg:  0.0, Max: 0, Diff: 0, Sum: 0, Workers: 4
[236.462s][debug][gc,phases      ] GC(14)     Total                          Min: 0, Avg: 13.0, Max: 48, Diff: 48, Sum: 52, Workers: 4
[236.462s][debug][gc,phases      ] GC(14)   StringDedup Table Weak         Min:  0.0, Avg:  0.0, Max:  0.0, Diff:  0.0, Sum:  0.0, Workers: 4
[236.462s][debug][gc,phases      ] GC(14)     Dead                           Min: 0, Avg:  0.0, Max: 0, Diff: 0, Sum: 0, Workers: 4
[236.462s][debug][gc,phases      ] GC(14)     Total                          Min: 0, Avg:  0.0, Max: 0, Diff: 0, Sum: 0, Workers: 4
[236.462s][debug][gc,phases      ] GC(14)   StringDedup Requests0 Weak     Min:  0.0, Avg:  0.0, Max:  0.0, Diff:  0.0, Sum:  0.0, Workers: 4
[236.462s][debug][gc,phases      ] GC(14)     Dead                           Min: 0, Avg:  0.0, Max: 0, Diff: 0, Sum: 0, Workers: 4
[236.462s][debug][gc,phases      ] GC(14)     Total                          Min: 0, Avg:  0.0, Max: 0, Diff: 0, Sum: 0, Workers: 4
[236.462s][debug][gc,phases      ] GC(14)   StringDedup Requests1 Weak     Min:  0.0, Avg:  0.0, Max:  0.0, Diff:  0.0, Sum:  0.0, Workers: 4
[236.462s][debug][gc,phases      ] GC(14)     Dead                           Min: 0, Avg:  0.0, Max: 0, Diff: 0, Sum: 0, Workers: 4
[236.462s][debug][gc,phases      ] GC(14)     Total                          Min: 0, Avg:  0.0, Max: 0, Diff: 0, Sum: 0, Workers: 4
[236.462s][debug][gc,phases      ] GC(14)   Weak JFR Old Object Samples    Min:  0.0, Avg:  0.0, Max:  0.0, Diff:  0.0, Sum:  0.0, Workers: 4
[236.462s][debug][gc,phases      ] GC(14)     Dead                           Min: 0, Avg:  0.0, Max: 0, Diff: 0, Sum: 0, Workers: 4
[236.462s][debug][gc,phases      ] GC(14)     Total                          Min: 0, Avg:  0.0, Max: 0, Diff: 0, Sum: 0, Workers: 4
[236.462s][debug][gc,phases      ] GC(14) Weak Processing 0.456ms
[236.462s][debug][gc,age         ] GC(14) Desired survivor size 250609664 bytes, new threshold 1 (max threshold 15)
[236.462s][info ][gc,heap        ] GC(14) PSYoungGen: 1621760K(1851904K)->2784K(1611776K) Eden: 1608704K(1608704K)->0K(1608704K) From: 13056K(243200K)->2784K(3072K)
[236.462s][info ][gc,heap        ] GC(14) ParOldGen: 215244K(215552K)->226929K(227328K)
[236.462s][info ][gc,metaspace   ] GC(14) Metaspace: 102728K(103936K)->102728K(103936K) NonClass: 87063K(87744K)->87063K(87744K) Class: 15665K(16192K)->15665K(16192K)
[236.462s][info ][gc             ] GC(14) Pause Young (Allocation Failure) 1793M->224M(1796M) 9.888ms
[236.462s][info ][gc,cpu         ] GC(14) User=0.02s Sys=0.01s Real=0.01s
[236.462s][info ][safepoint      ] Safepoint "ParallelGCFailedAllocation", Time since last: 5835217895 ns, Reaching safepoint: 86402 ns, Cleanup: 12500 ns, At safepoint: 9965885 ns, Total: 10064787 ns
[239.463s][info ][safepoint      ] Safepoint "Cleanup", Time since last: 3000224281 ns, Reaching safepoint: 6300 ns, Cleanup: 10400 ns, At safepoint: 2300 ns, Total: 19000 ns
[245.463s][info ][safepoint      ] Safepoint "Cleanup", Time since last: 6000479446 ns, Reaching safepoint: 6701 ns, Cleanup: 11600 ns, At safepoint: 2500 ns, Total: 20801 ns
[246.463s][info ][safepoint      ] Safepoint "Cleanup", Time since last: 1000118710 ns, Reaching safepoint: 6701 ns, Cleanup: 15600 ns, At safepoint: 2200 ns, Total: 24501 ns
[248.463s][info ][safepoint      ] Safepoint "Cleanup", Time since last: 2000241821 ns, Reaching safepoint: 7400 ns, Cleanup: 12901 ns, At safepoint: 3000 ns, Total: 23301 ns
[251.464s][info ][safepoint      ] Safepoint "Cleanup", Time since last: 3000263440 ns, Reaching safepoint: 7001 ns, Cleanup: 16100 ns, At safepoint: 2800 ns, Total: 25901 ns
[254.464s][info ][safepoint      ] Safepoint "Cleanup", Time since last: 3000257329 ns, Reaching safepoint: 6100 ns, Cleanup: 10501 ns, At safepoint: 2300 ns, Total: 18901 ns
[256.464s][info ][safepoint      ] Safepoint "Cleanup", Time since last: 2000193637 ns, Reaching safepoint: 8701 ns, Cleanup: 11700 ns, At safepoint: 3100 ns, Total: 23501 ns
[258.464s][info ][safepoint      ] Safepoint "Cleanup", Time since last: 2000185738 ns, Reaching safepoint: 6100 ns, Cleanup: 11700 ns, At safepoint: 2400 ns, Total: 20200 ns
[260.465s][info ][safepoint      ] Safepoint "Cleanup", Time since last: 2000197938 ns, Reaching safepoint: 6800 ns, Cleanup: 25201 ns, At safepoint: 2600 ns, Total: 34601 ns
[263.465s][info ][safepoint      ] Safepoint "Cleanup", Time since last: 3000269696 ns, Reaching safepoint: 6901 ns, Cleanup: 12100 ns, At safepoint: 2300 ns, Total: 21301 ns
[266.465s][info ][safepoint      ] Safepoint "Cleanup", Time since last: 3000302514 ns, Reaching safepoint: 6700 ns, Cleanup: 13100 ns, At safepoint: 2100 ns, Total: 21900 ns
[268.465s][info ][safepoint      ] Safepoint "Cleanup", Time since last: 2000183776 ns, Reaching safepoint: 6400 ns, Cleanup: 11300 ns, At safepoint: 2300 ns, Total: 20000 ns
[272.466s][info ][safepoint      ] Safepoint "Cleanup", Time since last: 4000377182 ns, Reaching safepoint: 6600 ns, Cleanup: 14000 ns, At safepoint: 2400 ns, Total: 23000 ns
[276.466s][info ][safepoint      ] Safepoint "Cleanup", Time since last: 4000329767 ns, Reaching safepoint: 23600 ns, Cleanup: 20100 ns, At safepoint: 2001 ns, Total: 45701 ns
[278.466s][info ][safepoint      ] Safepoint "Cleanup", Time since last: 2000167083 ns, Reaching safepoint: 5200 ns, Cleanup: 6200 ns, At safepoint: 1900 ns, Total: 13300 ns
[279.467s][info ][safepoint      ] Safepoint "Cleanup", Time since last: 1000113940 ns, Reaching safepoint: 6800 ns, Cleanup: 11700 ns, At safepoint: 2300 ns, Total: 20800 ns
[281.605s][info ][gc,start       ] GC(15) Pause Young (Allocation Failure)
[281.609s][debug][gc,phases      ] GC(15) Scavenge 3.581ms
[281.609s][debug][gc,ref         ] GC(15) ReferenceProcessor::execute queues: 1, RefProcThreadModel::Single, marks_oops_alive: false
[281.609s][debug][gc,ref         ] GC(15) Skipped KeepAliveFinalRefsPhase of Reference Processing: no references
[281.609s][debug][gc,ref         ] GC(15) ReferenceProcessor::execute queues: 1, RefProcThreadModel::Single, marks_oops_alive: false
[281.609s][debug][gc,phases      ] GC(15) Reference Processing 0.121ms
[281.609s][debug][gc,phases      ] GC(15)   VM Weak                        Min:  0.0, Avg:  0.0, Max:  0.0, Diff:  0.0, Sum:  0.0, Workers: 4
[281.609s][debug][gc,phases      ] GC(15)     Dead                           Min: 0, Avg:  0.0, Max: 0, Diff: 0, Sum: 0, Workers: 4
[281.609s][debug][gc,phases      ] GC(15)     Total                          Min: 0, Avg: 222.0, Max: 576, Diff: 576, Sum: 888, Workers: 4
[281.609s][debug][gc,phases      ] GC(15)   ObjectSynchronizer Weak        Min:  0.0, Avg:  0.0, Max:  0.0, Diff:  0.0, Sum:  0.0, Workers: 4
[281.609s][debug][gc,phases      ] GC(15)     Dead                           Min: 0, Avg:  0.0, Max: 0, Diff: 0, Sum: 0, Workers: 4
[281.609s][debug][gc,phases      ] GC(15)     Total                          Min: 0, Avg:  0.8, Max: 3, Diff: 3, Sum: 3, Workers: 4
[281.609s][debug][gc,phases      ] GC(15)   JVMTI Tag Weak OopStorage      Min:  0.0, Avg:  0.0, Max:  0.0, Diff:  0.0, Sum:  0.0, Workers: 4
[281.609s][debug][gc,phases      ] GC(15)     Dead                           Min: 0, Avg:  0.0, Max: 0, Diff: 0, Sum: 0, Workers: 4
[281.609s][debug][gc,phases      ] GC(15)     Total                          Min: 0, Avg:  0.0, Max: 0, Diff: 0, Sum: 0, Workers: 4
[281.609s][debug][gc,phases      ] GC(15)   StringTable Weak               Min:  0.0, Avg:  0.1, Max:  0.2, Diff:  0.2, Sum:  0.5, Workers: 4
[281.609s][debug][gc,phases      ] GC(15)     Dead                           Min: 0, Avg:  0.5, Max: 2, Diff: 2, Sum: 2, Workers: 4
[281.609s][debug][gc,phases      ] GC(15)     Total                          Min: 0, Avg: 11359.2, Max: 15743, Diff: 15743, Sum: 45437, Workers: 4
[281.609s][debug][gc,phases      ] GC(15)   ResolvedMethodTable Weak       Min:  0.0, Avg:  0.0, Max:  0.1, Diff:  0.1, Sum:  0.2, Workers: 4
[281.609s][debug][gc,phases      ] GC(15)     Dead                           Min: 0, Avg:  4.8, Max: 19, Diff: 19, Sum: 19, Workers: 4
[281.609s][debug][gc,phases      ] GC(15)     Total                          Min: 0, Avg: 3589.2, Max: 5102, Diff: 5102, Sum: 14357, Workers: 4
[281.609s][debug][gc,phases      ] GC(15)   JNI Weak                       Min:  0.0, Avg:  0.0, Max:  0.0, Diff:  0.0, Sum:  0.0, Workers: 4
[281.609s][debug][gc,phases      ] GC(15)     Dead                           Min: 0, Avg:  0.0, Max: 0, Diff: 0, Sum: 0, Workers: 4
[281.609s][debug][gc,phases      ] GC(15)     Total                          Min: 0, Avg: 13.0, Max: 48, Diff: 48, Sum: 52, Workers: 4
[281.609s][debug][gc,phases      ] GC(15)   StringDedup Table Weak         Min:  0.0, Avg:  0.0, Max:  0.0, Diff:  0.0, Sum:  0.0, Workers: 4
[281.609s][debug][gc,phases      ] GC(15)     Dead                           Min: 0, Avg:  0.0, Max: 0, Diff: 0, Sum: 0, Workers: 4
[281.609s][debug][gc,phases      ] GC(15)     Total                          Min: 0, Avg:  0.0, Max: 0, Diff: 0, Sum: 0, Workers: 4
[281.609s][debug][gc,phases      ] GC(15)   StringDedup Requests0 Weak     Min:  0.0, Avg:  0.0, Max:  0.0, Diff:  0.0, Sum:  0.0, Workers: 4
[281.609s][debug][gc,phases      ] GC(15)     Dead                           Min: 0, Avg:  0.0, Max: 0, Diff: 0, Sum: 0, Workers: 4
[281.609s][debug][gc,phases      ] GC(15)     Total                          Min: 0, Avg:  0.0, Max: 0, Diff: 0, Sum: 0, Workers: 4
[281.609s][debug][gc,phases      ] GC(15)   StringDedup Requests1 Weak     Min:  0.0, Avg:  0.0, Max:  0.0, Diff:  0.0, Sum:  0.0, Workers: 4
[281.609s][debug][gc,phases      ] GC(15)     Dead                           Min: 0, Avg:  0.0, Max: 0, Diff: 0, Sum: 0, Workers: 4
[281.609s][debug][gc,phases      ] GC(15)     Total                          Min: 0, Avg:  0.0, Max: 0, Diff: 0, Sum: 0, Workers: 4
[281.609s][debug][gc,phases      ] GC(15)   Weak JFR Old Object Samples    Min:  0.0, Avg:  0.0, Max:  0.0, Diff:  0.0, Sum:  0.0, Workers: 4
[281.609s][debug][gc,phases      ] GC(15)     Dead                           Min: 0, Avg:  0.0, Max: 0, Diff: 0, Sum: 0, Workers: 4
[281.609s][debug][gc,phases      ] GC(15)     Total                          Min: 0, Avg:  0.0, Max: 0, Diff: 0, Sum: 0, Workers: 4
[281.609s][debug][gc,phases      ] GC(15) Weak Processing 0.436ms
[281.609s][debug][gc,age         ] GC(15) Desired survivor size 249036800 bytes, new threshold 1 (max threshold 15)
[281.609s][info ][gc,heap        ] GC(15) PSYoungGen: 1611488K(1611776K)->2160K(1853952K) Eden: 1608704K(1608704K)->0K(1609216K) From: 2784K(3072K)->2160K(244736K)
[281.610s][info ][gc,heap        ] GC(15) ParOldGen: 226929K(227328K)->228225K(228352K)
[281.610s][info ][gc,metaspace   ] GC(15) Metaspace: 102839K(104000K)->102839K(104000K) NonClass: 87169K(87808K)->87169K(87808K) Class: 15670K(16192K)->15670K(16192K)
[281.610s][info ][gc             ] GC(15) Pause Young (Allocation Failure) 1795M->224M(2033M) 4.284ms
[281.610s][info ][gc,cpu         ] GC(15) User=0.01s Sys=0.00s Real=0.01s
[281.610s][info ][safepoint      ] Safepoint "ParallelGCFailedAllocation", Time since last: 2138611605 ns, Reaching safepoint: 8500 ns, Cleanup: 5700 ns, At safepoint: 4370192 ns, Total: 4384392 ns
[282.610s][info ][safepoint      ] Safepoint "Cleanup", Time since last: 1000089839 ns, Reaching safepoint: 6101 ns, Cleanup: 12900 ns, At safepoint: 2400 ns, Total: 21401 ns
[283.610s][info ][safepoint      ] Safepoint "Cleanup", Time since last: 1000114540 ns, Reaching safepoint: 5900 ns, Cleanup: 8600 ns, At safepoint: 2600 ns, Total: 17100 ns
[284.610s][info ][safepoint      ] Safepoint "Cleanup", Time since last: 1000117740 ns, Reaching safepoint: 6300 ns, Cleanup: 10500 ns, At safepoint: 3000 ns, Total: 19800 ns
[288.610s][info ][safepoint      ] Safepoint "Cleanup", Time since last: 4000343312 ns, Reaching safepoint: 6200 ns, Cleanup: 12100 ns, At safepoint: 2400 ns, Total: 20700 ns
[290.255s][info ][gc,start       ] GC(16) Pause Young (CodeCache GC Threshold)
[290.259s][debug][gc,phases      ] GC(16) Scavenge 3.095ms
[290.259s][debug][gc,ref         ] GC(16) Skipped SoftWeakFinalRefsPhase of Reference Processing: no references
[290.259s][debug][gc,ref         ] GC(16) Skipped KeepAliveFinalRefsPhase of Reference Processing: no references
[290.259s][debug][gc,ref         ] GC(16) Skipped PhantomRefsPhase of Reference Processing: no references
[290.259s][debug][gc,phases      ] GC(16) Reference Processing 0.026ms
[290.259s][debug][gc,phases      ] GC(16)   VM Weak                        Min:  0.0, Avg:  0.0, Max:  0.0, Diff:  0.0, Sum:  0.0, Workers: 4
[290.259s][debug][gc,phases      ] GC(16)     Dead                           Min: 0, Avg:  0.0, Max: 0, Diff: 0, Sum: 0, Workers: 4
[290.259s][debug][gc,phases      ] GC(16)     Total                          Min: 0, Avg: 222.0, Max: 760, Diff: 760, Sum: 888, Workers: 4
[290.259s][debug][gc,phases      ] GC(16)   ObjectSynchronizer Weak        Min:  0.0, Avg:  0.0, Max:  0.0, Diff:  0.0, Sum:  0.0, Workers: 4
[290.259s][debug][gc,phases      ] GC(16)     Dead                           Min: 0, Avg:  0.0, Max: 0, Diff: 0, Sum: 0, Workers: 4
[290.259s][debug][gc,phases      ] GC(16)     Total                          Min: 0, Avg:  0.8, Max: 3, Diff: 3, Sum: 3, Workers: 4
[290.259s][debug][gc,phases      ] GC(16)   JVMTI Tag Weak OopStorage      Min:  0.0, Avg:  0.0, Max:  0.0, Diff:  0.0, Sum:  0.0, Workers: 4
[290.259s][debug][gc,phases      ] GC(16)     Dead                           Min: 0, Avg:  0.0, Max: 0, Diff: 0, Sum: 0, Workers: 4
[290.259s][debug][gc,phases      ] GC(16)     Total                          Min: 0, Avg:  0.0, Max: 0, Diff: 0, Sum: 0, Workers: 4
[290.259s][debug][gc,phases      ] GC(16)   StringTable Weak               Min:  0.0, Avg:  0.1, Max:  0.2, Diff:  0.2, Sum:  0.4, Workers: 4
[290.259s][debug][gc,phases      ] GC(16)     Dead                           Min: 0, Avg:  0.0, Max: 0, Diff: 0, Sum: 0, Workers: 4
[290.259s][debug][gc,phases      ] GC(16)     Total                          Min: 0, Avg: 11359.2, Max: 22974, Diff: 22974, Sum: 45437, Workers: 4
[290.259s][debug][gc,phases      ] GC(16)   ResolvedMethodTable Weak       Min:  0.0, Avg:  0.0, Max:  0.1, Diff:  0.1, Sum:  0.1, Workers: 4
[290.259s][debug][gc,phases      ] GC(16)     Dead                           Min: 0, Avg:  4.0, Max: 14, Diff: 14, Sum: 16, Workers: 4
[290.259s][debug][gc,phases      ] GC(16)     Total                          Min: 0, Avg: 3589.2, Max: 7262, Diff: 7262, Sum: 14357, Workers: 4
[290.259s][debug][gc,phases      ] GC(16)   JNI Weak                       Min:  0.0, Avg:  0.0, Max:  0.0, Diff:  0.0, Sum:  0.0, Workers: 4
[290.259s][debug][gc,phases      ] GC(16)     Dead                           Min: 0, Avg:  0.0, Max: 0, Diff: 0, Sum: 0, Workers: 4
[290.259s][debug][gc,phases      ] GC(16)     Total                          Min: 0, Avg: 13.0, Max: 48, Diff: 48, Sum: 52, Workers: 4
[290.259s][debug][gc,phases      ] GC(16)   StringDedup Table Weak         Min:  0.0, Avg:  0.0, Max:  0.0, Diff:  0.0, Sum:  0.0, Workers: 4
[290.259s][debug][gc,phases      ] GC(16)     Dead                           Min: 0, Avg:  0.0, Max: 0, Diff: 0, Sum: 0, Workers: 4
[290.259s][debug][gc,phases      ] GC(16)     Total                          Min: 0, Avg:  0.0, Max: 0, Diff: 0, Sum: 0, Workers: 4
[290.259s][debug][gc,phases      ] GC(16)   StringDedup Requests0 Weak     Min:  0.0, Avg:  0.0, Max:  0.0, Diff:  0.0, Sum:  0.0, Workers: 4
[290.259s][debug][gc,phases      ] GC(16)     Dead                           Min: 0, Avg:  0.0, Max: 0, Diff: 0, Sum: 0, Workers: 4
[290.259s][debug][gc,phases      ] GC(16)     Total                          Min: 0, Avg:  0.0, Max: 0, Diff: 0, Sum: 0, Workers: 4
[290.259s][debug][gc,phases      ] GC(16)   StringDedup Requests1 Weak     Min:  0.0, Avg:  0.0, Max:  0.0, Diff:  0.0, Sum:  0.0, Workers: 4
[290.259s][debug][gc,phases      ] GC(16)     Dead                           Min: 0, Avg:  0.0, Max: 0, Diff: 0, Sum: 0, Workers: 4
[290.259s][debug][gc,phases      ] GC(16)     Total                          Min: 0, Avg:  0.0, Max: 0, Diff: 0, Sum: 0, Workers: 4
[290.259s][debug][gc,phases      ] GC(16)   Weak JFR Old Object Samples    Min:  0.0, Avg:  0.0, Max:  0.0, Diff:  0.0, Sum:  0.0, Workers: 4
[290.259s][debug][gc,phases      ] GC(16)     Dead                           Min: 0, Avg:  0.0, Max: 0, Diff: 0, Sum: 0, Workers: 4
[290.259s][debug][gc,phases      ] GC(16)     Total                          Min: 0, Avg:  0.0, Max: 0, Diff: 0, Sum: 0, Workers: 4
[290.259s][debug][gc,phases      ] GC(16) Weak Processing 0.531ms
[290.259s][debug][gc,age         ] GC(16) Desired survivor size 245366784 bytes, new threshold 1 (max threshold 15)
[290.259s][info ][gc,heap        ] GC(16) PSYoungGen: 329794K(1853952K)->576K(1852416K) Eden: 327634K(1609216K)->0K(1609216K) From: 2160K(244736K)->576K(243200K)
[290.259s][info ][gc,heap        ] GC(16) ParOldGen: 228225K(228352K)->229930K(230400K)
[290.259s][info ][gc,metaspace   ] GC(16) Metaspace: 102844K(104000K)->102844K(104000K) NonClass: 87174K(87808K)->87174K(87808K) Class: 15670K(16192K)->15670K(16192K)
[290.259s][info ][gc             ] GC(16) Pause Young (CodeCache GC Threshold) 544M->225M(2034M) 3.812ms
[290.259s][info ][gc,cpu         ] GC(16) User=0.01s Sys=0.00s Real=0.01s
[290.259s][debug][gc,phases      ] GC(17) Pre Compact 0.011ms
[290.259s][info ][gc,start       ] GC(17) Pause Full (CodeCache GC Threshold)
[290.259s][info ][gc,phases,start] GC(17) Marking Phase
[290.338s][debug][gc,phases      ] GC(17) Par Mark 78.917ms
[290.339s][debug][gc,ref         ] GC(17) ReferenceProcessor::execute queues: 4, RefProcThreadModel::Multi, marks_oops_alive: false
[290.339s][debug][gc,ref         ] GC(17) Skipped KeepAliveFinalRefsPhase of Reference Processing: no references
[290.339s][debug][gc,ref         ] GC(17) ReferenceProcessor::execute queues: 1, RefProcThreadModel::Single, marks_oops_alive: false
[290.339s][debug][gc,phases      ] GC(17) Reference Processing 1.023ms
[290.340s][debug][gc,phases      ] GC(17)   VM Weak                        Min:  0.0, Avg:  0.0, Max:  0.0, Diff:  0.0, Sum:  0.0, Workers: 4
[290.340s][debug][gc,phases      ] GC(17)     Dead                           Min: 0, Avg:  0.0, Max: 0, Diff: 0, Sum: 0, Workers: 4
[290.340s][debug][gc,phases      ] GC(17)     Total                          Min: 64, Avg: 222.0, Max: 384, Diff: 320, Sum: 888, Workers: 4
[290.340s][debug][gc,phases      ] GC(17)   ObjectSynchronizer Weak        Min:  0.0, Avg:  0.0, Max:  0.0, Diff:  0.0, Sum:  0.0, Workers: 4
[290.340s][debug][gc,phases      ] GC(17)     Dead                           Min: 0, Avg:  0.0, Max: 0, Diff: 0, Sum: 0, Workers: 4
[290.340s][debug][gc,phases      ] GC(17)     Total                          Min: 0, Avg:  0.8, Max: 3, Diff: 3, Sum: 3, Workers: 4
[290.340s][debug][gc,phases      ] GC(17)   JVMTI Tag Weak OopStorage      Min:  0.0, Avg:  0.0, Max:  0.0, Diff:  0.0, Sum:  0.0, Workers: 4
[290.340s][debug][gc,phases      ] GC(17)     Dead                           Min: 0, Avg:  0.0, Max: 0, Diff: 0, Sum: 0, Workers: 4
[290.340s][debug][gc,phases      ] GC(17)     Total                          Min: 0, Avg:  0.0, Max: 0, Diff: 0, Sum: 0, Workers: 4
[290.340s][debug][gc,phases      ] GC(17)   StringTable Weak               Min:  0.2, Avg:  0.2, Max:  0.2, Diff:  0.0, Sum:  0.8, Workers: 4
[290.340s][debug][gc,phases      ] GC(17)     Dead                           Min: 0, Avg:  0.0, Max: 0, Diff: 0, Sum: 0, Workers: 4
[290.340s][debug][gc,phases      ] GC(17)     Total                          Min: 10944, Avg: 11359.2, Max: 11647, Diff: 703, Sum: 45437, Workers: 4
[290.340s][debug][gc,phases      ] GC(17)   ResolvedMethodTable Weak       Min:  0.1, Avg:  0.1, Max:  0.1, Diff:  0.0, Sum:  0.2, Workers: 4
[290.340s][debug][gc,phases      ] GC(17)     Dead                           Min: 0, Avg:  0.0, Max: 0, Diff: 0, Sum: 0, Workers: 4
[290.340s][debug][gc,phases      ] GC(17)     Total                          Min: 3471, Avg: 3589.2, Max: 3667, Diff: 196, Sum: 14357, Workers: 4
[290.340s][debug][gc,phases      ] GC(17)   JNI Weak                       Min:  0.0, Avg:  0.0, Max:  0.0, Diff:  0.0, Sum:  0.0, Workers: 4
[290.340s][debug][gc,phases      ] GC(17)     Dead                           Min: 0, Avg:  0.0, Max: 0, Diff: 0, Sum: 0, Workers: 4
[290.340s][debug][gc,phases      ] GC(17)     Total                          Min: 0, Avg: 13.0, Max: 48, Diff: 48, Sum: 52, Workers: 4
[290.340s][debug][gc,phases      ] GC(17)   StringDedup Table Weak         Min:  0.0, Avg:  0.0, Max:  0.0, Diff:  0.0, Sum:  0.0, Workers: 4
[290.340s][debug][gc,phases      ] GC(17)     Dead                           Min: 0, Avg:  0.0, Max: 0, Diff: 0, Sum: 0, Workers: 4
[290.340s][debug][gc,phases      ] GC(17)     Total                          Min: 0, Avg:  0.0, Max: 0, Diff: 0, Sum: 0, Workers: 4
[290.340s][debug][gc,phases      ] GC(17)   StringDedup Requests0 Weak     Min:  0.0, Avg:  0.0, Max:  0.0, Diff:  0.0, Sum:  0.0, Workers: 4
[290.340s][debug][gc,phases      ] GC(17)     Dead                           Min: 0, Avg:  0.0, Max: 0, Diff: 0, Sum: 0, Workers: 4
[290.340s][debug][gc,phases      ] GC(17)     Total                          Min: 0, Avg:  0.0, Max: 0, Diff: 0, Sum: 0, Workers: 4
[290.340s][debug][gc,phases      ] GC(17)   StringDedup Requests1 Weak     Min:  0.0, Avg:  0.0, Max:  0.0, Diff:  0.0, Sum:  0.0, Workers: 4
[290.340s][debug][gc,phases      ] GC(17)     Dead                           Min: 0, Avg:  0.0, Max: 0, Diff: 0, Sum: 0, Workers: 4
[290.340s][debug][gc,phases      ] GC(17)     Total                          Min: 0, Avg:  0.0, Max: 0, Diff: 0, Sum: 0, Workers: 4
[290.340s][debug][gc,phases      ] GC(17)   Weak JFR Old Object Samples    Min:  0.0, Avg:  0.0, Max:  0.0, Diff:  0.0, Sum:  0.0, Workers: 4
[290.340s][debug][gc,phases      ] GC(17)     Dead                           Min: 0, Avg:  0.0, Max: 0, Diff: 0, Sum: 0, Workers: 4
[290.340s][debug][gc,phases      ] GC(17)     Total                          Min: 0, Avg:  0.0, Max: 0, Diff: 0, Sum: 0, Workers: 4
[290.340s][debug][gc,phases      ] GC(17) Weak Processing 0.480ms
[290.340s][debug][gc,phases      ] GC(17) ClassLoaderData 0.120ms
[290.340s][debug][gc,phases      ] GC(17) Trigger cleanups 0.000ms
[290.387s][debug][gc,phases      ] GC(17) Purge Unlinked NMethods 1.399ms
[290.387s][debug][gc,phases      ] GC(17) Unregister NMethods 0.001ms
[290.387s][debug][gc,phases      ] GC(17) Free Code Blobs 0.174ms
[290.387s][debug][gc,phases      ] GC(17) Class Unloading 47.076ms
[290.387s][debug][gc,phases      ] GC(17) Report Object Count 0.001ms
[290.387s][info ][gc,phases      ] GC(17) Marking Phase 127.569ms
[290.387s][info ][gc,phases,start] GC(17) Summary Phase
[290.387s][info ][gc,phases      ] GC(17) Summary Phase 0.012ms
[290.387s][info ][gc,phases,start] GC(17) Adjust Roots
[290.409s][info ][gc,phases      ] GC(17) Adjust Roots 21.778ms
[290.409s][info ][gc,phases,start] GC(17) Compaction Phase
[290.518s][info ][gc,phases      ] GC(17) Compaction Phase 109.539ms
[290.518s][info ][gc,phases,start] GC(17) Post Compact
[290.520s][debug][gc,phases      ] GC(17) Purge Class Loader Data 0.204ms
[290.520s][info ][gc,phases      ] GC(17) Post Compact 1.479ms
[290.520s][info ][gc,heap        ] GC(17) PSYoungGen: 576K(1852416K)->0K(1852416K) Eden: 0K(1609216K)->0K(1609216K) From: 576K(243200K)->0K(243200K)
[290.520s][info ][gc,heap        ] GC(17) ParOldGen: 229930K(230400K)->220409K(230400K)
[290.520s][info ][gc,metaspace   ] GC(17) Metaspace: 102844K(104000K)->102844K(104000K) NonClass: 87174K(87808K)->87174K(87808K) Class: 15670K(16192K)->15670K(16192K)
[290.520s][info ][gc             ] GC(17) Pause Full (CodeCache GC Threshold) 225M->215M(2034M) 260.530ms
[290.520s][info ][gc,cpu         ] GC(17) User=0.78s Sys=0.01s Real=0.26s
[290.520s][info ][safepoint      ] Safepoint "ParallelGCSystemGC", Time since last: 1644971860 ns, Reaching safepoint: 89802 ns, Cleanup: 4600 ns, At safepoint: 264486471 ns, Total: 264580873 ns
[294.520s][info ][safepoint      ] Safepoint "Cleanup", Time since last: 4000307181 ns, Reaching safepoint: 6201 ns, Cleanup: 71011 ns, At safepoint: 2600 ns, Total: 79812 ns
[295.520s][info ][safepoint      ] Safepoint "Cleanup", Time since last: 1000121469 ns, Reaching safepoint: 6900 ns, Cleanup: 11301 ns, At safepoint: 2300 ns, Total: 20501 ns
[300.521s][info ][safepoint      ] Safepoint "Cleanup", Time since last: 5000388526 ns, Reaching safepoint: 5901 ns, Cleanup: 17700 ns, At safepoint: 2300 ns, Total: 25901 ns
[302.521s][info ][safepoint      ] Safepoint "Cleanup", Time since last: 2000207033 ns, Reaching safepoint: 5401 ns, Cleanup: 10201 ns, At safepoint: 2000 ns, Total: 17602 ns
[303.521s][info ][safepoint      ] Safepoint "Cleanup", Time since last: 1000134489 ns, Reaching safepoint: 6101 ns, Cleanup: 12501 ns, At safepoint: 2300 ns, Total: 20902 ns
[308.522s][info ][safepoint      ] Safepoint "Cleanup", Time since last: 5000390410 ns, Reaching safepoint: 6300 ns, Cleanup: 12401 ns, At safepoint: 2600 ns, Total: 21301 ns
[313.176s][info ][safepoint      ] Safepoint "Cleanup", Time since last: 4654614481 ns, Reaching safepoint: 3600 ns, Cleanup: 16101 ns, At safepoint: 5000 ns, Total: 24701 ns
[314.265s][info ][safepoint      ] Safepoint "Cleanup", Time since last: 1088787375 ns, Reaching safepoint: 7201 ns, Cleanup: 136406 ns, At safepoint: 2500 ns, Total: 146107 ns
[318.266s][info ][safepoint      ] Safepoint "Cleanup", Time since last: 4000334959 ns, Reaching safepoint: 8901 ns, Cleanup: 18800 ns, At safepoint: 2801 ns, Total: 30502 ns
[322.266s][info ][safepoint      ] Safepoint "Cleanup", Time since last: 4000326705 ns, Reaching safepoint: 7300 ns, Cleanup: 12901 ns, At safepoint: 2700 ns, Total: 22901 ns
[327.266s][info ][safepoint      ] Safepoint "Cleanup", Time since last: 5000394349 ns, Reaching safepoint: 6400 ns, Cleanup: 6700 ns, At safepoint: 2400 ns, Total: 15500 ns
[328.266s][info ][safepoint      ] Safepoint "Cleanup", Time since last: 1000117655 ns, Reaching safepoint: 8201 ns, Cleanup: 23800 ns, At safepoint: 2501 ns, Total: 34502 ns
[329.267s][info ][safepoint      ] Safepoint "Cleanup", Time since last: 1000119055 ns, Reaching safepoint: 7200 ns, Cleanup: 18101 ns, At safepoint: 2900 ns, Total: 28201 ns
[330.267s][info ][safepoint      ] Safepoint "Cleanup", Time since last: 1000130918 ns, Reaching safepoint: 7000 ns, Cleanup: 11101 ns, At safepoint: 2300 ns, Total: 20401 ns
[331.267s][info ][safepoint      ] Safepoint "Cleanup", Time since last: 1000117292 ns, Reaching safepoint: 8201 ns, Cleanup: 10500 ns, At safepoint: 2500 ns, Total: 21201 ns
[332.267s][info ][safepoint      ] Safepoint "Cleanup", Time since last: 1000122393 ns, Reaching safepoint: 6900 ns, Cleanup: 10901 ns, At safepoint: 2500 ns, Total: 20301 ns
[334.857s][info ][gc,start       ] GC(18) Pause Young (Allocation Failure)
[334.860s][debug][gc,phases      ] GC(18) Scavenge 3.000ms
[334.860s][debug][gc,ref         ] GC(18) ReferenceProcessor::execute queues: 1, RefProcThreadModel::Single, marks_oops_alive: false
[334.860s][debug][gc,ref         ] GC(18) Skipped KeepAliveFinalRefsPhase of Reference Processing: no references
[334.860s][debug][gc,ref         ] GC(18) ReferenceProcessor::execute queues: 1, RefProcThreadModel::Single, marks_oops_alive: false
[334.860s][debug][gc,phases      ] GC(18) Reference Processing 0.124ms
[334.860s][debug][gc,phases      ] GC(18)   VM Weak                        Min:  0.0, Avg:  0.0, Max:  0.0, Diff:  0.0, Sum:  0.0, Workers: 4
[334.860s][debug][gc,phases      ] GC(18)     Dead                           Min: 0, Avg:  0.0, Max: 0, Diff: 0, Sum: 0, Workers: 4
[334.860s][debug][gc,phases      ] GC(18)     Total                          Min: 0, Avg: 222.5, Max: 890, Diff: 890, Sum: 890, Workers: 4
[334.860s][debug][gc,phases      ] GC(18)   ObjectSynchronizer Weak        Min:  0.0, Avg:  0.0, Max:  0.0, Diff:  0.0, Sum:  0.0, Workers: 4
[334.860s][debug][gc,phases      ] GC(18)     Dead                           Min: 0, Avg:  0.0, Max: 0, Diff: 0, Sum: 0, Workers: 4
[334.860s][debug][gc,phases      ] GC(18)     Total                          Min: 0, Avg:  0.8, Max: 3, Diff: 3, Sum: 3, Workers: 4
[334.860s][debug][gc,phases      ] GC(18)   JVMTI Tag Weak OopStorage      Min:  0.0, Avg:  0.0, Max:  0.0, Diff:  0.0, Sum:  0.0, Workers: 4
[334.860s][debug][gc,phases      ] GC(18)     Dead                           Min: 0, Avg:  0.0, Max: 0, Diff: 0, Sum: 0, Workers: 4
[334.860s][debug][gc,phases      ] GC(18)     Total                          Min: 0, Avg:  0.0, Max: 0, Diff: 0, Sum: 0, Workers: 4
[334.860s][debug][gc,phases      ] GC(18)   StringTable Weak               Min:  0.1, Avg:  0.1, Max:  0.1, Diff:  0.0, Sum:  0.4, Workers: 4
[334.860s][debug][gc,phases      ] GC(18)     Dead                           Min: 0, Avg:  0.5, Max: 2, Diff: 2, Sum: 2, Workers: 4
[334.860s][debug][gc,phases      ] GC(18)     Total                          Min: 10816, Avg: 11391.8, Max: 11712, Diff: 896, Sum: 45567, Workers: 4
[334.860s][debug][gc,phases      ] GC(18)   ResolvedMethodTable Weak       Min:  0.0, Avg:  0.0, Max:  0.0, Diff:  0.0, Sum:  0.2, Workers: 4
[334.860s][debug][gc,phases      ] GC(18)     Dead                           Min: 0, Avg: 15.0, Max: 26, Diff: 26, Sum: 60, Workers: 4
[334.860s][debug][gc,phases      ] GC(18)     Total                          Min: 3435, Avg: 3617.5, Max: 3928, Diff: 493, Sum: 14470, Workers: 4
[334.860s][debug][gc,phases      ] GC(18)   JNI Weak                       Min:  0.0, Avg:  0.0, Max:  0.0, Diff:  0.0, Sum:  0.0, Workers: 4
[334.860s][debug][gc,phases      ] GC(18)     Dead                           Min: 0, Avg:  0.0, Max: 0, Diff: 0, Sum: 0, Workers: 4
[334.860s][debug][gc,phases      ] GC(18)     Total                          Min: 0, Avg: 13.0, Max: 48, Diff: 48, Sum: 52, Workers: 4
[334.860s][debug][gc,phases      ] GC(18)   StringDedup Table Weak         Min:  0.0, Avg:  0.0, Max:  0.0, Diff:  0.0, Sum:  0.0, Workers: 4
[334.860s][debug][gc,phases      ] GC(18)     Dead                           Min: 0, Avg:  0.0, Max: 0, Diff: 0, Sum: 0, Workers: 4
[334.860s][debug][gc,phases      ] GC(18)     Total                          Min: 0, Avg:  0.0, Max: 0, Diff: 0, Sum: 0, Workers: 4
[334.860s][debug][gc,phases      ] GC(18)   StringDedup Requests0 Weak     Min:  0.0, Avg:  0.0, Max:  0.0, Diff:  0.0, Sum:  0.0, Workers: 4
[334.860s][debug][gc,phases      ] GC(18)     Dead                           Min: 0, Avg:  0.0, Max: 0, Diff: 0, Sum: 0, Workers: 4
[334.860s][debug][gc,phases      ] GC(18)     Total                          Min: 0, Avg:  0.0, Max: 0, Diff: 0, Sum: 0, Workers: 4
[334.860s][debug][gc,phases      ] GC(18)   StringDedup Requests1 Weak     Min:  0.0, Avg:  0.0, Max:  0.0, Diff:  0.0, Sum:  0.0, Workers: 4
[334.860s][debug][gc,phases      ] GC(18)     Dead                           Min: 0, Avg:  0.0, Max: 0, Diff: 0, Sum: 0, Workers: 4
[334.860s][debug][gc,phases      ] GC(18)     Total                          Min: 0, Avg:  0.0, Max: 0, Diff: 0, Sum: 0, Workers: 4
[334.860s][debug][gc,phases      ] GC(18)   Weak JFR Old Object Samples    Min:  0.0, Avg:  0.0, Max:  0.0, Diff:  0.0, Sum:  0.0, Workers: 4
[334.860s][debug][gc,phases      ] GC(18)     Dead                           Min: 0, Avg:  0.0, Max: 0, Diff: 0, Sum: 0, Workers: 4
[334.860s][debug][gc,phases      ] GC(18)     Total                          Min: 0, Avg:  0.0, Max: 0, Diff: 0, Sum: 0, Workers: 4
[334.860s][debug][gc,phases      ] GC(18) Weak Processing 0.362ms
[334.860s][debug][gc,age         ] GC(18) Desired survivor size 239075328 bytes, new threshold 1 (max threshold 15)
[334.860s][info ][gc,heap        ] GC(18) PSYoungGen: 1609216K(1852416K)->2592K(1863680K) Eden: 1609216K(1609216K)->0K(1624064K) From: 0K(243200K)->2592K(239616K)
[334.860s][info ][gc,heap        ] GC(18) ParOldGen: 220409K(230400K)->220417K(230400K)
[334.860s][info ][gc,metaspace   ] GC(18) Metaspace: 103394K(104640K)->103394K(104640K) NonClass: 87658K(88320K)->87658K(88320K) Class: 15735K(16320K)->15735K(16320K)
[334.860s][info ][gc             ] GC(18) Pause Young (Allocation Failure) 1786M->217M(2045M) 3.636ms
[334.860s][info ][gc,cpu         ] GC(18) User=0.01s Sys=0.00s Real=0.00s
[334.860s][info ][safepoint      ] Safepoint "ParallelGCFailedAllocation", Time since last: 2589456309 ns, Reaching safepoint: 8001 ns, Cleanup: 4800 ns, At safepoint: 3709363 ns, Total: 3722164 ns
[335.860s][info ][safepoint      ] Safepoint "Cleanup", Time since last: 1000088847 ns, Reaching safepoint: 6900 ns, Cleanup: 12001 ns, At safepoint: 2300 ns, Total: 21201 ns
[336.861s][info ][safepoint      ] Safepoint "Cleanup", Time since last: 1000496865 ns, Reaching safepoint: 85404 ns, Cleanup: 25401 ns, At safepoint: 15201 ns, Total: 126006 ns
[337.861s][info ][safepoint      ] Safepoint "Cleanup", Time since last: 1000110348 ns, Reaching safepoint: 7700 ns, Cleanup: 29302 ns, At safepoint: 2800 ns, Total: 39802 ns
[338.861s][info ][safepoint      ] Safepoint "Cleanup", Time since last: 1000137949 ns, Reaching safepoint: 7201 ns, Cleanup: 15000 ns, At safepoint: 2400 ns, Total: 24601 ns
[339.861s][info ][safepoint      ] Safepoint "Cleanup", Time since last: 1000117549 ns, Reaching safepoint: 7400 ns, Cleanup: 18301 ns, At safepoint: 2600 ns, Total: 28301 ns
[340.862s][info ][safepoint      ] Safepoint "Cleanup", Time since last: 1000112648 ns, Reaching safepoint: 6601 ns, Cleanup: 22001 ns, At safepoint: 3000 ns, Total: 31602 ns
[341.862s][info ][safepoint      ] Safepoint "Cleanup", Time since last: 1000120276 ns, Reaching safepoint: 7600 ns, Cleanup: 12800 ns, At safepoint: 2601 ns, Total: 23001 ns
[342.862s][info ][safepoint      ] Safepoint "Cleanup", Time since last: 1000115948 ns, Reaching safepoint: 7501 ns, Cleanup: 13800 ns, At safepoint: 2700 ns, Total: 24001 ns
[343.862s][info ][safepoint      ] Safepoint "Cleanup", Time since last: 1000115149 ns, Reaching safepoint: 7500 ns, Cleanup: 24001 ns, At safepoint: 2900 ns, Total: 34401 ns
[345.862s][info ][safepoint      ] Safepoint "Cleanup", Time since last: 2000191896 ns, Reaching safepoint: 7200 ns, Cleanup: 14101 ns, At safepoint: 2700 ns, Total: 24001 ns
[346.862s][info ][safepoint      ] Safepoint "Cleanup", Time since last: 1000119249 ns, Reaching safepoint: 7900 ns, Cleanup: 10700 ns, At safepoint: 2300 ns, Total: 20900 ns
[347.862s][info ][safepoint      ] Safepoint "Cleanup", Time since last: 1000118649 ns, Reaching safepoint: 7000 ns, Cleanup: 15201 ns, At safepoint: 2500 ns, Total: 24701 ns
[348.863s][info ][safepoint      ] Safepoint "Cleanup", Time since last: 1000115449 ns, Reaching safepoint: 7500 ns, Cleanup: 28601 ns, At safepoint: 3201 ns, Total: 39302 ns
[350.863s][info ][safepoint      ] Safepoint "Cleanup", Time since last: 2000193522 ns, Reaching safepoint: 7900 ns, Cleanup: 13801 ns, At safepoint: 2600 ns, Total: 24301 ns
[351.863s][info ][safepoint      ] Safepoint "Cleanup", Time since last: 1000119805 ns, Reaching safepoint: 7200 ns, Cleanup: 11001 ns, At safepoint: 2800 ns, Total: 21001 ns
[352.863s][info ][safepoint      ] Safepoint "Cleanup", Time since last: 1000119448 ns, Reaching safepoint: 7800 ns, Cleanup: 11400 ns, At safepoint: 2601 ns, Total: 21801 ns
[353.863s][info ][safepoint      ] Safepoint "Cleanup", Time since last: 1000116570 ns, Reaching safepoint: 7101 ns, Cleanup: 13400 ns, At safepoint: 3100 ns, Total: 23601 ns
[355.863s][info ][safepoint      ] Safepoint "Cleanup", Time since last: 2000192641 ns, Reaching safepoint: 7500 ns, Cleanup: 13700 ns, At safepoint: 2801 ns, Total: 24001 ns
[356.864s][info ][safepoint      ] Safepoint "Cleanup", Time since last: 1000118971 ns, Reaching safepoint: 24701 ns, Cleanup: 15100 ns, At safepoint: 2700 ns, Total: 42501 ns
[357.864s][info ][safepoint      ] Safepoint "Cleanup", Time since last: 1000123739 ns, Reaching safepoint: 7101 ns, Cleanup: 14700 ns, At safepoint: 2700 ns, Total: 24501 ns
[361.173s][info ][safepoint      ] Safepoint "Cleanup", Time since last: 3308666511 ns, Reaching safepoint: 7700 ns, Cleanup: 50902 ns, At safepoint: 2300 ns, Total: 60902 ns
[362.173s][info ][safepoint      ] Safepoint "Cleanup", Time since last: 1000105364 ns, Reaching safepoint: 7200 ns, Cleanup: 57802 ns, At safepoint: 2501 ns, Total: 67503 ns
[363.173s][info ][safepoint      ] Safepoint "Cleanup", Time since last: 1000105964 ns, Reaching safepoint: 7200 ns, Cleanup: 27201 ns, At safepoint: 2600 ns, Total: 37001 ns
[364.173s][info ][safepoint      ] Safepoint "Cleanup", Time since last: 1000102564 ns, Reaching safepoint: 6901 ns, Cleanup: 11900 ns, At safepoint: 2300 ns, Total: 21101 ns
[367.173s][info ][safepoint      ] Safepoint "Cleanup", Time since last: 3000237369 ns, Reaching safepoint: 76501 ns, Cleanup: 9601 ns, At safepoint: 5700 ns, Total: 91802 ns
[369.173s][info ][safepoint      ] Safepoint "Cleanup", Time since last: 2000170295 ns, Reaching safepoint: 6500 ns, Cleanup: 14901 ns, At safepoint: 2300 ns, Total: 23701 ns
[372.174s][info ][safepoint      ] Safepoint "Cleanup", Time since last: 3000250706 ns, Reaching safepoint: 6401 ns, Cleanup: 26701 ns, At safepoint: 2200 ns, Total: 35302 ns
[373.174s][info ][safepoint      ] Safepoint "Cleanup", Time since last: 1000106270 ns, Reaching safepoint: 6900 ns, Cleanup: 9400 ns, At safepoint: 2300 ns, Total: 18600 ns
[374.174s][info ][safepoint      ] Safepoint "Cleanup", Time since last: 1000101034 ns, Reaching safepoint: 5700 ns, Cleanup: 16601 ns, At safepoint: 2300 ns, Total: 24601 ns
[377.006s][info ][gc,start       ] GC(19) Pause Young (Allocation Failure)
[377.010s][debug][gc,phases      ] GC(19) Scavenge 4.019ms
[377.010s][debug][gc,ref         ] GC(19) ReferenceProcessor::execute queues: 1, RefProcThreadModel::Single, marks_oops_alive: false
[377.010s][debug][gc,ref         ] GC(19) Skipped KeepAliveFinalRefsPhase of Reference Processing: no references
[377.010s][debug][gc,ref         ] GC(19) ReferenceProcessor::execute queues: 1, RefProcThreadModel::Single, marks_oops_alive: false
[377.010s][debug][gc,phases      ] GC(19) Reference Processing 0.125ms
[377.010s][debug][gc,phases      ] GC(19)   VM Weak                        Min:  0.0, Avg:  0.0, Max:  0.0, Diff:  0.0, Sum:  0.0, Workers: 4
[377.010s][debug][gc,phases      ] GC(19)     Dead                           Min: 0, Avg:  0.0, Max: 0, Diff: 0, Sum: 0, Workers: 4
[377.010s][debug][gc,phases      ] GC(19)     Total                          Min: 0, Avg: 222.5, Max: 704, Diff: 704, Sum: 890, Workers: 4
[377.010s][debug][gc,phases      ] GC(19)   ObjectSynchronizer Weak        Min:  0.0, Avg:  0.0, Max:  0.0, Diff:  0.0, Sum:  0.0, Workers: 4
[377.010s][debug][gc,phases      ] GC(19)     Dead                           Min: 0, Avg:  0.0, Max: 0, Diff: 0, Sum: 0, Workers: 4
[377.010s][debug][gc,phases      ] GC(19)     Total                          Min: 0, Avg:  1.0, Max: 4, Diff: 4, Sum: 4, Workers: 4
[377.010s][debug][gc,phases      ] GC(19)   JVMTI Tag Weak OopStorage      Min:  0.0, Avg:  0.0, Max:  0.0, Diff:  0.0, Sum:  0.0, Workers: 4
[377.010s][debug][gc,phases      ] GC(19)     Dead                           Min: 0, Avg:  0.0, Max: 0, Diff: 0, Sum: 0, Workers: 4
[377.010s][debug][gc,phases      ] GC(19)     Total                          Min: 0, Avg:  0.0, Max: 0, Diff: 0, Sum: 0, Workers: 4
[377.010s][debug][gc,phases      ] GC(19)   StringTable Weak               Min:  0.0, Avg:  0.1, Max:  0.1, Diff:  0.1, Sum:  0.4, Workers: 4
[377.010s][debug][gc,phases      ] GC(19)     Dead                           Min: 0, Avg:  0.5, Max: 2, Diff: 2, Sum: 2, Workers: 4
[377.010s][debug][gc,phases      ] GC(19)     Total                          Min: 0, Avg: 11406.2, Max: 15424, Diff: 15424, Sum: 45625, Workers: 4
[377.010s][debug][gc,phases      ] GC(19)   ResolvedMethodTable Weak       Min:  0.0, Avg:  0.0, Max:  0.0, Diff:  0.0, Sum:  0.1, Workers: 4
[377.010s][debug][gc,phases      ] GC(19)     Dead                           Min: 0, Avg:  5.8, Max: 18, Diff: 18, Sum: 23, Workers: 4
[377.010s][debug][gc,phases      ] GC(19)     Total                          Min: 0, Avg: 3624.0, Max: 5859, Diff: 5859, Sum: 14496, Workers: 4
[377.010s][debug][gc,phases      ] GC(19)   JNI Weak                       Min:  0.0, Avg:  0.0, Max:  0.0, Diff:  0.0, Sum:  0.0, Workers: 4
[377.010s][debug][gc,phases      ] GC(19)     Dead                           Min: 0, Avg:  0.0, Max: 0, Diff: 0, Sum: 0, Workers: 4
[377.010s][debug][gc,phases      ] GC(19)     Total                          Min: 0, Avg: 13.0, Max: 48, Diff: 48, Sum: 52, Workers: 4
[377.010s][debug][gc,phases      ] GC(19)   StringDedup Table Weak         Min:  0.0, Avg:  0.0, Max:  0.0, Diff:  0.0, Sum:  0.0, Workers: 4
[377.010s][debug][gc,phases      ] GC(19)     Dead                           Min: 0, Avg:  0.0, Max: 0, Diff: 0, Sum: 0, Workers: 4
[377.010s][debug][gc,phases      ] GC(19)     Total                          Min: 0, Avg:  0.0, Max: 0, Diff: 0, Sum: 0, Workers: 4
[377.010s][debug][gc,phases      ] GC(19)   StringDedup Requests0 Weak     Min:  0.0, Avg:  0.0, Max:  0.0, Diff:  0.0, Sum:  0.0, Workers: 4
[377.010s][debug][gc,phases      ] GC(19)     Dead                           Min: 0, Avg:  0.0, Max: 0, Diff: 0, Sum: 0, Workers: 4
[377.010s][debug][gc,phases      ] GC(19)     Total                          Min: 0, Avg:  0.0, Max: 0, Diff: 0, Sum: 0, Workers: 4
[377.010s][debug][gc,phases      ] GC(19)   StringDedup Requests1 Weak     Min:  0.0, Avg:  0.0, Max:  0.0, Diff:  0.0, Sum:  0.0, Workers: 4
[377.010s][debug][gc,phases      ] GC(19)     Dead                           Min: 0, Avg:  0.0, Max: 0, Diff: 0, Sum: 0, Workers: 4
[377.010s][debug][gc,phases      ] GC(19)     Total                          Min: 0, Avg:  0.0, Max: 0, Diff: 0, Sum: 0, Workers: 4
[377.010s][debug][gc,phases      ] GC(19)   Weak JFR Old Object Samples    Min:  0.0, Avg:  0.0, Max:  0.0, Diff:  0.0, Sum:  0.0, Workers: 4
[377.010s][debug][gc,phases      ] GC(19)     Dead                           Min: 0, Avg:  0.0, Max: 0, Diff: 0, Sum: 0, Workers: 4
[377.010s][debug][gc,phases      ] GC(19)     Total                          Min: 0, Avg:  0.0, Max: 0, Diff: 0, Sum: 0, Workers: 4
[377.010s][debug][gc,phases      ] GC(19) Weak Processing 0.398ms
[377.010s][debug][gc,age         ] GC(19) Desired survivor size 232259584 bytes, new threshold 1 (max threshold 15)
[377.010s][info ][gc,heap        ] GC(19) PSYoungGen: 1626656K(1863680K)->3264K(1857536K) Eden: 1624064K(1624064K)->0K(1624064K) From: 2592K(239616K)->3264K(233472K)
[377.010s][info ][gc,heap        ] GC(19) ParOldGen: 220417K(230400K)->221733K(230400K)
[377.010s][info ][gc,metaspace   ] GC(19) Metaspace: 103508K(104768K)->103508K(104768K) NonClass: 87765K(88448K)->87765K(88448K) Class: 15743K(16320K)->15743K(16320K)
[377.010s][info ][gc             ] GC(19) Pause Young (Allocation Failure) 1803M->219M(2039M) 4.705ms
[377.010s][info ][gc,cpu         ] GC(19) User=0.02s Sys=0.00s Real=0.01s
[377.010s][info ][safepoint      ] Safepoint "ParallelGCFailedAllocation", Time since last: 2831506489 ns, Reaching safepoint: 9600 ns, Cleanup: 20301 ns, At safepoint: 4784392 ns, Total: 4814293 ns
[378.010s][info ][safepoint      ] Safepoint "Cleanup", Time since last: 1000092191 ns, Reaching safepoint: 7200 ns, Cleanup: 14000 ns, At safepoint: 2200 ns, Total: 23400 ns
[383.011s][info ][safepoint      ] Safepoint "Cleanup", Time since last: 5000423177 ns, Reaching safepoint: 7600 ns, Cleanup: 16500 ns, At safepoint: 3401 ns, Total: 27501 ns
[384.011s][info ][safepoint      ] Safepoint "Cleanup", Time since last: 1000124925 ns, Reaching safepoint: 88004 ns, Cleanup: 14800 ns, At safepoint: 7100 ns, Total: 109904 ns
[386.011s][info ][safepoint      ] Safepoint "Cleanup", Time since last: 2000160249 ns, Reaching safepoint: 6000 ns, Cleanup: 20201 ns, At safepoint: 2300 ns, Total: 28501 ns
[387.011s][info ][safepoint      ] Safepoint "Cleanup", Time since last: 1000125326 ns, Reaching safepoint: 6900 ns, Cleanup: 34801 ns, At safepoint: 2401 ns, Total: 44102 ns
[388.012s][info ][safepoint      ] Safepoint "Cleanup", Time since last: 1000127484 ns, Reaching safepoint: 6601 ns, Cleanup: 14200 ns, At safepoint: 2400 ns, Total: 23201 ns
[389.012s][info ][safepoint      ] Safepoint "Cleanup", Time since last: 1000121015 ns, Reaching safepoint: 6900 ns, Cleanup: 14801 ns, At safepoint: 2600 ns, Total: 24301 ns
[391.012s][info ][safepoint      ] Safepoint "Cleanup", Time since last: 2000185649 ns, Reaching safepoint: 7701 ns, Cleanup: 8700 ns, At safepoint: 2400 ns, Total: 18801 ns
[393.012s][info ][safepoint      ] Safepoint "Cleanup", Time since last: 2000191504 ns, Reaching safepoint: 7700 ns, Cleanup: 12200 ns, At safepoint: 2500 ns, Total: 22400 ns
[395.012s][info ][safepoint      ] Safepoint "Cleanup", Time since last: 2000177375 ns, Reaching safepoint: 7200 ns, Cleanup: 11200 ns, At safepoint: 2701 ns, Total: 21101 ns
[396.013s][info ][safepoint      ] Safepoint "Cleanup", Time since last: 1000119988 ns, Reaching safepoint: 6100 ns, Cleanup: 10401 ns, At safepoint: 2000 ns, Total: 18501 ns
[397.013s][info ][safepoint      ] Safepoint "Cleanup", Time since last: 1000139489 ns, Reaching safepoint: 4700 ns, Cleanup: 25901 ns, At safepoint: 2600 ns, Total: 33201 ns
[398.013s][info ][safepoint      ] Safepoint "Cleanup", Time since last: 1000110526 ns, Reaching safepoint: 7100 ns, Cleanup: 20801 ns, At safepoint: 2300 ns, Total: 30201 ns
[399.013s][info ][safepoint      ] Safepoint "Cleanup", Time since last: 1000120936 ns, Reaching safepoint: 7500 ns, Cleanup: 17500 ns, At safepoint: 2700 ns, Total: 27700 ns
[400.013s][info ][safepoint      ] Safepoint "Cleanup", Time since last: 1000120436 ns, Reaching safepoint: 7101 ns, Cleanup: 17000 ns, At safepoint: 2800 ns, Total: 26901 ns
[401.013s][info ][safepoint      ] Safepoint "Cleanup", Time since last: 1000115436 ns, Reaching safepoint: 6900 ns, Cleanup: 12701 ns, At safepoint: 2700 ns, Total: 22301 ns
[402.013s][info ][safepoint      ] Safepoint "Cleanup", Time since last: 1000127503 ns, Reaching safepoint: 6700 ns, Cleanup: 17601 ns, At safepoint: 7600 ns, Total: 31901 ns
[403.014s][info ][safepoint      ] Safepoint "Cleanup", Time since last: 1000107171 ns, Reaching safepoint: 7000 ns, Cleanup: 17901 ns, At safepoint: 2500 ns, Total: 27401 ns
[404.014s][info ][safepoint      ] Safepoint "Cleanup", Time since last: 1000133772 ns, Reaching safepoint: 7300 ns, Cleanup: 23801 ns, At safepoint: 2300 ns, Total: 33401 ns
[405.014s][info ][safepoint      ] Safepoint "Cleanup", Time since last: 1000123672 ns, Reaching safepoint: 6500 ns, Cleanup: 13301 ns, At safepoint: 2600 ns, Total: 22401 ns
[406.014s][info ][safepoint      ] Safepoint "Cleanup", Time since last: 1000130770 ns, Reaching safepoint: 7000 ns, Cleanup: 13600 ns, At safepoint: 2700 ns, Total: 23300 ns
[407.014s][info ][safepoint      ] Safepoint "Cleanup", Time since last: 1000127206 ns, Reaching safepoint: 7100 ns, Cleanup: 13400 ns, At safepoint: 2801 ns, Total: 23301 ns
[408.014s][info ][safepoint      ] Safepoint "Cleanup", Time since last: 1000111605 ns, Reaching safepoint: 5600 ns, Cleanup: 10900 ns, At safepoint: 2100 ns, Total: 18600 ns
[409.014s][info ][safepoint      ] Safepoint "Cleanup", Time since last: 1000120906 ns, Reaching safepoint: 7900 ns, Cleanup: 12200 ns, At safepoint: 2700 ns, Total: 22800 ns
[410.015s][info ][safepoint      ] Safepoint "Cleanup", Time since last: 1000120110 ns, Reaching safepoint: 22101 ns, Cleanup: 20401 ns, At safepoint: 2900 ns, Total: 45402 ns
[412.015s][info ][safepoint      ] Safepoint "Cleanup", Time since last: 2000189261 ns, Reaching safepoint: 6500 ns, Cleanup: 15501 ns, At safepoint: 2700 ns, Total: 24701 ns
[413.015s][info ][safepoint      ] Safepoint "Cleanup", Time since last: 1000115581 ns, Reaching safepoint: 7801 ns, Cleanup: 13900 ns, At safepoint: 2800 ns, Total: 24501 ns
[414.015s][info ][safepoint      ] Safepoint "Cleanup", Time since last: 1000117800 ns, Reaching safepoint: 7301 ns, Cleanup: 31101 ns, At safepoint: 2800 ns, Total: 41202 ns
[415.015s][info ][safepoint      ] Safepoint "Cleanup", Time since last: 1000123498 ns, Reaching safepoint: 6800 ns, Cleanup: 34201 ns, At safepoint: 2200 ns, Total: 43201 ns
[416.015s][info ][safepoint      ] Safepoint "Cleanup", Time since last: 1000133399 ns, Reaching safepoint: 7800 ns, Cleanup: 14901 ns, At safepoint: 2500 ns, Total: 25201 ns
[417.016s][info ][safepoint      ] Safepoint "Cleanup", Time since last: 1000134098 ns, Reaching safepoint: 7100 ns, Cleanup: 36202 ns, At safepoint: 2600 ns, Total: 45902 ns
[418.016s][info ][safepoint      ] Safepoint "Cleanup", Time since last: 1000116098 ns, Reaching safepoint: 6700 ns, Cleanup: 36201 ns, At safepoint: 2500 ns, Total: 45401 ns
[419.016s][info ][safepoint      ] Safepoint "Cleanup", Time since last: 1000116398 ns, Reaching safepoint: 6300 ns, Cleanup: 11801 ns, At safepoint: 2300 ns, Total: 20401 ns
[419.774s][info ][gc,start       ] GC(20) Pause Young (Allocation Failure)
[419.777s][debug][gc,phases      ] GC(20) Scavenge 3.193ms
[419.777s][debug][gc,ref         ] GC(20) ReferenceProcessor::execute queues: 1, RefProcThreadModel::Single, marks_oops_alive: false
[419.777s][debug][gc,ref         ] GC(20) Skipped KeepAliveFinalRefsPhase of Reference Processing: no references
[419.777s][debug][gc,ref         ] GC(20) ReferenceProcessor::execute queues: 1, RefProcThreadModel::Single, marks_oops_alive: false
[419.777s][debug][gc,phases      ] GC(20) Reference Processing 0.143ms
[419.777s][debug][gc,phases      ] GC(20)   VM Weak                        Min:  0.0, Avg:  0.0, Max:  0.0, Diff:  0.0, Sum:  0.0, Workers: 4
[419.777s][debug][gc,phases      ] GC(20)     Dead                           Min: 0, Avg:  0.0, Max: 0, Diff: 0, Sum: 0, Workers: 4
[419.777s][debug][gc,phases      ] GC(20)     Total                          Min: 0, Avg: 225.2, Max: 512, Diff: 512, Sum: 901, Workers: 4
[419.777s][debug][gc,phases      ] GC(20)   ObjectSynchronizer Weak        Min:  0.0, Avg:  0.0, Max:  0.0, Diff:  0.0, Sum:  0.0, Workers: 4
[419.777s][debug][gc,phases      ] GC(20)     Dead                           Min: 0, Avg:  0.0, Max: 0, Diff: 0, Sum: 0, Workers: 4
[419.777s][debug][gc,phases      ] GC(20)     Total                          Min: 0, Avg:  1.0, Max: 4, Diff: 4, Sum: 4, Workers: 4
[419.777s][debug][gc,phases      ] GC(20)   JVMTI Tag Weak OopStorage      Min:  0.0, Avg:  0.0, Max:  0.0, Diff:  0.0, Sum:  0.0, Workers: 4
[419.777s][debug][gc,phases      ] GC(20)     Dead                           Min: 0, Avg:  0.0, Max: 0, Diff: 0, Sum: 0, Workers: 4
[419.777s][debug][gc,phases      ] GC(20)     Total                          Min: 0, Avg:  0.0, Max: 0, Diff: 0, Sum: 0, Workers: 4
[419.777s][debug][gc,phases      ] GC(20)   StringTable Weak               Min:  0.1, Avg:  0.1, Max:  0.1, Diff:  0.0, Sum:  0.4, Workers: 4
[419.777s][debug][gc,phases      ] GC(20)     Dead                           Min: 0, Avg:  0.2, Max: 1, Diff: 1, Sum: 1, Workers: 4
[419.777s][debug][gc,phases      ] GC(20)     Total                          Min: 10511, Avg: 11411.5, Max: 11968, Diff: 1457, Sum: 45646, Workers: 4
[419.777s][debug][gc,phases      ] GC(20)   ResolvedMethodTable Weak       Min:  0.0, Avg:  0.0, Max:  0.0, Diff:  0.0, Sum:  0.2, Workers: 4
[419.777s][debug][gc,phases      ] GC(20)     Dead                           Min: 0, Avg:  4.0, Max: 16, Diff: 16, Sum: 16, Workers: 4
[419.777s][debug][gc,phases      ] GC(20)     Total                          Min: 3035, Avg: 3636.2, Max: 4155, Diff: 1120, Sum: 14545, Workers: 4
[419.777s][debug][gc,phases      ] GC(20)   JNI Weak                       Min:  0.0, Avg:  0.0, Max:  0.0, Diff:  0.0, Sum:  0.0, Workers: 4
[419.777s][debug][gc,phases      ] GC(20)     Dead                           Min: 0, Avg:  0.0, Max: 0, Diff: 0, Sum: 0, Workers: 4
[419.777s][debug][gc,phases      ] GC(20)     Total                          Min: 0, Avg: 13.0, Max: 48, Diff: 48, Sum: 52, Workers: 4
[419.777s][debug][gc,phases      ] GC(20)   StringDedup Table Weak         Min:  0.0, Avg:  0.0, Max:  0.0, Diff:  0.0, Sum:  0.0, Workers: 4
[419.777s][debug][gc,phases      ] GC(20)     Dead                           Min: 0, Avg:  0.0, Max: 0, Diff: 0, Sum: 0, Workers: 4
[419.777s][debug][gc,phases      ] GC(20)     Total                          Min: 0, Avg:  0.0, Max: 0, Diff: 0, Sum: 0, Workers: 4
[419.777s][debug][gc,phases      ] GC(20)   StringDedup Requests0 Weak     Min:  0.0, Avg:  0.0, Max:  0.0, Diff:  0.0, Sum:  0.0, Workers: 4
[419.777s][debug][gc,phases      ] GC(20)     Dead                           Min: 0, Avg:  0.0, Max: 0, Diff: 0, Sum: 0, Workers: 4
[419.777s][debug][gc,phases      ] GC(20)     Total                          Min: 0, Avg:  0.0, Max: 0, Diff: 0, Sum: 0, Workers: 4
[419.777s][debug][gc,phases      ] GC(20)   StringDedup Requests1 Weak     Min:  0.0, Avg:  0.0, Max:  0.0, Diff:  0.0, Sum:  0.0, Workers: 4
[419.777s][debug][gc,phases      ] GC(20)     Dead                           Min: 0, Avg:  0.0, Max: 0, Diff: 0, Sum: 0, Workers: 4
[419.777s][debug][gc,phases      ] GC(20)     Total                          Min: 0, Avg:  0.0, Max: 0, Diff: 0, Sum: 0, Workers: 4
[419.777s][debug][gc,phases      ] GC(20)   Weak JFR Old Object Samples    Min:  0.0, Avg:  0.0, Max:  0.0, Diff:  0.0, Sum:  0.0, Workers: 4
[419.777s][debug][gc,phases      ] GC(20)     Dead                           Min: 0, Avg:  0.0, Max: 0, Diff: 0, Sum: 0, Workers: 4
[419.777s][debug][gc,phases      ] GC(20)     Total                          Min: 0, Avg:  0.0, Max: 0, Diff: 0, Sum: 0, Workers: 4
[419.777s][debug][gc,phases      ] GC(20) Weak Processing 0.338ms
[419.777s][debug][gc,age         ] GC(20) Desired survivor size 223870976 bytes, new threshold 1 (max threshold 15)
[419.777s][info ][gc,heap        ] GC(20) PSYoungGen: 1627328K(1857536K)->3104K(1878528K) Eden: 1624064K(1624064K)->0K(1651712K) From: 3264K(233472K)->3104K(226816K)
[419.777s][info ][gc,heap        ] GC(20) ParOldGen: 221733K(230400K)->222965K(230400K)
[419.777s][info ][gc,metaspace   ] GC(20) Metaspace: 103622K(104896K)->103622K(104896K) NonClass: 87865K(88576K)->87865K(88576K) Class: 15757K(16320K)->15757K(16320K)
[419.777s][info ][gc             ] GC(20) Pause Young (Allocation Failure) 1805M->220M(2059M) 3.804ms
[419.777s][info ][gc,cpu         ] GC(20) User=0.01s Sys=0.00s Real=0.01s
[419.777s][info ][safepoint      ] Safepoint "ParallelGCFailedAllocation", Time since last: 757596665 ns, Reaching safepoint: 6301 ns, Cleanup: 8500 ns, At safepoint: 3894438 ns, Total: 3909239 ns
[421.189s][info ][safepoint      ] Safepoint "Cleanup", Time since last: 1411951857 ns, Reaching safepoint: 7500 ns, Cleanup: 13101 ns, At safepoint: 3200 ns, Total: 23801 ns
[422.190s][info ][safepoint      ] Safepoint "Cleanup", Time since last: 1000110616 ns, Reaching safepoint: 7201 ns, Cleanup: 14000 ns, At safepoint: 2400 ns, Total: 23601 ns
[423.190s][info ][safepoint      ] Safepoint "Cleanup", Time since last: 1000115627 ns, Reaching safepoint: 6901 ns, Cleanup: 15400 ns, At safepoint: 2400 ns, Total: 24701 ns
[424.190s][info ][safepoint      ] Safepoint "Cleanup", Time since last: 1000105527 ns, Reaching safepoint: 6800 ns, Cleanup: 14601 ns, At safepoint: 2400 ns, Total: 23801 ns
[426.190s][info ][safepoint      ] Safepoint "Cleanup", Time since last: 2000169852 ns, Reaching safepoint: 6600 ns, Cleanup: 10201 ns, At safepoint: 2700 ns, Total: 19501 ns
[430.190s][info ][safepoint      ] Safepoint "Cleanup", Time since last: 4000319682 ns, Reaching safepoint: 6000 ns, Cleanup: 10800 ns, At safepoint: 18401 ns, Total: 35201 ns
[432.191s][info ][safepoint      ] Safepoint "Cleanup", Time since last: 2000171398 ns, Reaching safepoint: 7100 ns, Cleanup: 10600 ns, At safepoint: 2400 ns, Total: 20100 ns
[434.191s][info ][safepoint      ] Safepoint "Cleanup", Time since last: 2000194599 ns, Reaching safepoint: 6600 ns, Cleanup: 11501 ns, At safepoint: 2300 ns, Total: 20401 ns
[435.191s][info ][safepoint      ] Safepoint "Cleanup", Time since last: 1000107749 ns, Reaching safepoint: 6200 ns, Cleanup: 13001 ns, At safepoint: 2400 ns, Total: 21601 ns
[437.191s][info ][safepoint      ] Safepoint "Cleanup", Time since last: 2000160097 ns, Reaching safepoint: 6201 ns, Cleanup: 18900 ns, At safepoint: 2500 ns, Total: 27601 ns
[438.191s][info ][safepoint      ] Safepoint "Cleanup", Time since last: 1000110583 ns, Reaching safepoint: 7301 ns, Cleanup: 13600 ns, At safepoint: 2600 ns, Total: 23501 ns
[439.191s][info ][safepoint      ] Safepoint "Cleanup", Time since last: 1000108921 ns, Reaching safepoint: 6400 ns, Cleanup: 12401 ns, At safepoint: 2100 ns, Total: 20901 ns
[440.192s][info ][safepoint      ] Safepoint "Cleanup", Time since last: 1000104820 ns, Reaching safepoint: 6401 ns, Cleanup: 14000 ns, At safepoint: 2200 ns, Total: 22601 ns
[442.192s][info ][safepoint      ] Safepoint "Cleanup", Time since last: 2000184740 ns, Reaching safepoint: 6601 ns, Cleanup: 12200 ns, At safepoint: 2500 ns, Total: 21301 ns
[447.192s][info ][safepoint      ] Safepoint "Cleanup", Time since last: 5000378229 ns, Reaching safepoint: 6001 ns, Cleanup: 11101 ns, At safepoint: 2600 ns, Total: 19702 ns
[449.192s][info ][safepoint      ] Safepoint "Cleanup", Time since last: 2000173460 ns, Reaching safepoint: 7400 ns, Cleanup: 11502 ns, At safepoint: 2300 ns, Total: 21202 ns
[455.193s][info ][safepoint      ] Safepoint "Cleanup", Time since last: 6000480256 ns, Reaching safepoint: 6801 ns, Cleanup: 13200 ns, At safepoint: 2200 ns, Total: 22201 ns
[456.193s][info ][safepoint      ] Safepoint "Cleanup", Time since last: 1000105218 ns, Reaching safepoint: 5900 ns, Cleanup: 12401 ns, At safepoint: 2400 ns, Total: 20701 ns
[459.193s][info ][safepoint      ] Safepoint "Cleanup", Time since last: 3000253650 ns, Reaching safepoint: 6800 ns, Cleanup: 10901 ns, At safepoint: 2500 ns, Total: 20201 ns
[461.193s][info ][safepoint      ] Safepoint "Cleanup", Time since last: 2000178534 ns, Reaching safepoint: 6700 ns, Cleanup: 10401 ns, At safepoint: 2600 ns, Total: 19701 ns
[462.194s][info ][safepoint      ] Safepoint "Cleanup", Time since last: 1000119723 ns, Reaching safepoint: 6510 ns, Cleanup: 11116 ns, At safepoint: 2303 ns, Total: 19929 ns
[463.402s][info ][gc,start       ] GC(21) Pause Young (Allocation Failure)
[463.407s][debug][gc,phases      ] GC(21) Scavenge 4.796ms
[463.407s][debug][gc,ref         ] GC(21) ReferenceProcessor::execute queues: 1, RefProcThreadModel::Single, marks_oops_alive: false
[463.407s][debug][gc,ref         ] GC(21) Skipped KeepAliveFinalRefsPhase of Reference Processing: no references
[463.407s][debug][gc,ref         ] GC(21) ReferenceProcessor::execute queues: 1, RefProcThreadModel::Single, marks_oops_alive: false
[463.407s][debug][gc,phases      ] GC(21) Reference Processing 0.127ms
[463.408s][debug][gc,phases      ] GC(21)   VM Weak                        Min:  0.0, Avg:  0.0, Max:  0.0, Diff:  0.0, Sum:  0.0, Workers: 4
[463.408s][debug][gc,phases      ] GC(21)     Dead                           Min: 0, Avg:  0.0, Max: 0, Diff: 0, Sum: 0, Workers: 4
[463.408s][debug][gc,phases      ] GC(21)     Total                          Min: 0, Avg: 226.0, Max: 712, Diff: 712, Sum: 904, Workers: 4
[463.408s][debug][gc,phases      ] GC(21)   ObjectSynchronizer Weak        Min:  0.0, Avg:  0.0, Max:  0.0, Diff:  0.0, Sum:  0.0, Workers: 4
[463.408s][debug][gc,phases      ] GC(21)     Dead                           Min: 0, Avg:  0.0, Max: 0, Diff: 0, Sum: 0, Workers: 4
[463.408s][debug][gc,phases      ] GC(21)     Total                          Min: 0, Avg:  1.0, Max: 4, Diff: 4, Sum: 4, Workers: 4
[463.408s][debug][gc,phases      ] GC(21)   JVMTI Tag Weak OopStorage      Min:  0.0, Avg:  0.0, Max:  0.0, Diff:  0.0, Sum:  0.0, Workers: 4
[463.408s][debug][gc,phases      ] GC(21)     Dead                           Min: 0, Avg:  0.0, Max: 0, Diff: 0, Sum: 0, Workers: 4
[463.408s][debug][gc,phases      ] GC(21)     Total                          Min: 0, Avg:  0.0, Max: 0, Diff: 0, Sum: 0, Workers: 4
[463.408s][debug][gc,phases      ] GC(21)   StringTable Weak               Min:  0.0, Avg:  0.1, Max:  0.1, Diff:  0.1, Sum:  0.4, Workers: 4
[463.408s][debug][gc,phases      ] GC(21)     Dead                           Min: 0, Avg:  0.0, Max: 0, Diff: 0, Sum: 0, Workers: 4
[463.408s][debug][gc,phases      ] GC(21)     Total                          Min: 0, Avg: 11415.2, Max: 16128, Diff: 16128, Sum: 45661, Workers: 4
[463.408s][debug][gc,phases      ] GC(21)   ResolvedMethodTable Weak       Min:  0.0, Avg:  0.0, Max:  0.0, Diff:  0.0, Sum:  0.1, Workers: 4
[463.408s][debug][gc,phases      ] GC(21)     Dead                           Min: 0, Avg:  4.0, Max: 16, Diff: 16, Sum: 16, Workers: 4
[463.408s][debug][gc,phases      ] GC(21)     Total                          Min: 0, Avg: 3638.2, Max: 5071, Diff: 5071, Sum: 14553, Workers: 4
[463.408s][debug][gc,phases      ] GC(21)   JNI Weak                       Min:  0.0, Avg:  0.0, Max:  0.0, Diff:  0.0, Sum:  0.0, Workers: 4
[463.408s][debug][gc,phases      ] GC(21)     Dead                           Min: 0, Avg:  0.0, Max: 0, Diff: 0, Sum: 0, Workers: 4
[463.408s][debug][gc,phases      ] GC(21)     Total                          Min: 0, Avg: 13.0, Max: 48, Diff: 48, Sum: 52, Workers: 4
[463.408s][debug][gc,phases      ] GC(21)   StringDedup Table Weak         Min:  0.0, Avg:  0.0, Max:  0.0, Diff:  0.0, Sum:  0.0, Workers: 4
[463.408s][debug][gc,phases      ] GC(21)     Dead                           Min: 0, Avg:  0.0, Max: 0, Diff: 0, Sum: 0, Workers: 4
[463.408s][debug][gc,phases      ] GC(21)     Total                          Min: 0, Avg:  0.0, Max: 0, Diff: 0, Sum: 0, Workers: 4
[463.408s][debug][gc,phases      ] GC(21)   StringDedup Requests0 Weak     Min:  0.0, Avg:  0.0, Max:  0.0, Diff:  0.0, Sum:  0.0, Workers: 4
[463.408s][debug][gc,phases      ] GC(21)     Dead                           Min: 0, Avg:  0.0, Max: 0, Diff: 0, Sum: 0, Workers: 4
[463.408s][debug][gc,phases      ] GC(21)     Total                          Min: 0, Avg:  0.0, Max: 0, Diff: 0, Sum: 0, Workers: 4
[463.408s][debug][gc,phases      ] GC(21)   StringDedup Requests1 Weak     Min:  0.0, Avg:  0.0, Max:  0.0, Diff:  0.0, Sum:  0.0, Workers: 4
[463.408s][debug][gc,phases      ] GC(21)     Dead                           Min: 0, Avg:  0.0, Max: 0, Diff: 0, Sum: 0, Workers: 4
[463.408s][debug][gc,phases      ] GC(21)     Total                          Min: 0, Avg:  0.0, Max: 0, Diff: 0, Sum: 0, Workers: 4
[463.408s][debug][gc,phases      ] GC(21)   Weak JFR Old Object Samples    Min:  0.0, Avg:  0.0, Max:  0.0, Diff:  0.0, Sum:  0.0, Workers: 4
[463.408s][debug][gc,phases      ] GC(21)     Dead                           Min: 0, Avg:  0.0, Max: 0, Diff: 0, Sum: 0, Workers: 4
[463.408s][debug][gc,phases      ] GC(21)     Total                          Min: 0, Avg:  0.0, Max: 0, Diff: 0, Sum: 0, Workers: 4
[463.408s][debug][gc,phases      ] GC(21) Weak Processing 0.440ms
[463.408s][debug][gc,age         ] GC(21) Desired survivor size 215482368 bytes, new threshold 1 (max threshold 15)
[463.408s][info ][gc,heap        ] GC(21) PSYoungGen: 1654816K(1878528K)->2688K(1870336K) Eden: 1651712K(1651712K)->0K(1651712K) From: 3104K(226816K)->2688K(218624K)
[463.408s][info ][gc,heap        ] GC(21) ParOldGen: 222965K(230400K)->224186K(230400K)
[463.408s][info ][gc,metaspace   ] GC(21) Metaspace: 103679K(104960K)->103679K(104960K) NonClass: 87920K(88640K)->87920K(88640K) Class: 15759K(16320K)->15759K(16320K)
[463.408s][info ][gc             ] GC(21) Pause Young (Allocation Failure) 1833M->221M(2051M) 5.517ms
[463.408s][info ][gc,cpu         ] GC(21) User=0.01s Sys=0.00s Real=0.01s
[463.408s][info ][safepoint      ] Safepoint "ParallelGCFailedAllocation", Time since last: 1208568676 ns, Reaching safepoint: 85912 ns, Cleanup: 14302 ns, At safepoint: 5599070 ns, Total: 5699284 ns
[465.408s][info ][safepoint      ] Safepoint "Cleanup", Time since last: 2000163134 ns, Reaching safepoint: 7101 ns, Cleanup: 16002 ns, At safepoint: 2601 ns, Total: 25704 ns
[467.408s][info ][safepoint      ] Safepoint "Cleanup", Time since last: 2000206939 ns, Reaching safepoint: 6601 ns, Cleanup: 21303 ns, At safepoint: 2900 ns, Total: 30804 ns
[468.408s][info ][safepoint      ] Safepoint "Cleanup", Time since last: 1000128474 ns, Reaching safepoint: 86512 ns, Cleanup: 11601 ns, At safepoint: 8101 ns, Total: 106214 ns
[469.409s][info ][safepoint      ] Safepoint "Cleanup", Time since last: 1000147176 ns, Reaching safepoint: 84712 ns, Cleanup: 12702 ns, At safepoint: 6901 ns, Total: 104315 ns
[471.409s][info ][safepoint      ] Safepoint "Cleanup", Time since last: 2000193352 ns, Reaching safepoint: 7202 ns, Cleanup: 11102 ns, At safepoint: 2500 ns, Total: 20804 ns
[473.409s][info ][safepoint      ] Safepoint "Cleanup", Time since last: 2000193902 ns, Reaching safepoint: 79014 ns, Cleanup: 45109 ns, At safepoint: 6701 ns, Total: 130824 ns
[474.409s][info ][safepoint      ] Safepoint "Cleanup", Time since last: 1000095450 ns, Reaching safepoint: 5801 ns, Cleanup: 20204 ns, At safepoint: 2801 ns, Total: 28806 ns
[475.410s][info ][safepoint      ] Safepoint "Cleanup", Time since last: 1000121469 ns, Reaching safepoint: 8902 ns, Cleanup: 14002 ns, At safepoint: 3701 ns, Total: 26605 ns
[477.410s][info ][safepoint      ] Safepoint "Cleanup", Time since last: 2000198701 ns, Reaching safepoint: 83814 ns, Cleanup: 14102 ns, At safepoint: 12202 ns, Total: 110118 ns
[478.410s][info ][safepoint      ] Safepoint "Cleanup", Time since last: 1000118673 ns, Reaching safepoint: 9802 ns, Cleanup: 18202 ns, At safepoint: 10002 ns, Total: 38006 ns
[479.410s][info ][safepoint      ] Safepoint "Cleanup", Time since last: 1000132816 ns, Reaching safepoint: 6601 ns, Cleanup: 10702 ns, At safepoint: 2800 ns, Total: 20103 ns
[481.207s][info ][safepoint      ] Safepoint "Cleanup", Time since last: 1797017613 ns, Reaching safepoint: 78912 ns, Cleanup: 24103 ns, At safepoint: 6801 ns, Total: 109816 ns
[482.208s][info ][safepoint      ] Safepoint "Cleanup", Time since last: 1000127816 ns, Reaching safepoint: 81412 ns, Cleanup: 17403 ns, At safepoint: 7901 ns, Total: 106716 ns
[485.208s][info ][safepoint      ] Safepoint "Cleanup", Time since last: 3000288331 ns, Reaching safepoint: 84613 ns, Cleanup: 34606 ns, At safepoint: 8501 ns, Total: 127720 ns
[486.208s][info ][safepoint      ] Safepoint "Cleanup", Time since last: 1000129895 ns, Reaching safepoint: 6901 ns, Cleanup: 18102 ns, At safepoint: 2400 ns, Total: 27403 ns
[487.208s][info ][safepoint      ] Safepoint "Cleanup", Time since last: 1000140855 ns, Reaching safepoint: 84510 ns, Cleanup: 10501 ns, At safepoint: 7701 ns, Total: 102712 ns
[489.209s][info ][safepoint      ] Safepoint "Cleanup", Time since last: 2000198500 ns, Reaching safepoint: 7501 ns, Cleanup: 21102 ns, At safepoint: 2201 ns, Total: 30804 ns
[491.209s][info ][safepoint      ] Safepoint "Cleanup", Time since last: 2000196235 ns, Reaching safepoint: 6401 ns, Cleanup: 12102 ns, At safepoint: 2400 ns, Total: 20903 ns
[492.209s][info ][safepoint      ] Safepoint "Cleanup", Time since last: 1000117301 ns, Reaching safepoint: 6601 ns, Cleanup: 12602 ns, At safepoint: 2100 ns, Total: 21303 ns
[495.209s][info ][safepoint      ] Safepoint "Cleanup", Time since last: 3000260576 ns, Reaching safepoint: 6301 ns, Cleanup: 12300 ns, At safepoint: 2601 ns, Total: 21202 ns
[496.209s][info ][safepoint      ] Safepoint "Cleanup", Time since last: 1000124256 ns, Reaching safepoint: 6401 ns, Cleanup: 11401 ns, At safepoint: 2301 ns, Total: 20103 ns
[497.210s][info ][safepoint      ] Safepoint "Cleanup", Time since last: 1000119241 ns, Reaching safepoint: 79711 ns, Cleanup: 10902 ns, At safepoint: 7201 ns, Total: 97814 ns
[498.210s][info ][safepoint      ] Safepoint "Cleanup", Time since last: 1000140144 ns, Reaching safepoint: 85313 ns, Cleanup: 52008 ns, At safepoint: 8601 ns, Total: 145922 ns
[499.210s][info ][safepoint      ] Safepoint "Cleanup", Time since last: 1000119841 ns, Reaching safepoint: 6401 ns, Cleanup: 32605 ns, At safepoint: 2400 ns, Total: 41406 ns
[501.210s][info ][safepoint      ] Safepoint "Cleanup", Time since last: 2000192475 ns, Reaching safepoint: 6501 ns, Cleanup: 17703 ns, At safepoint: 2300 ns, Total: 26504 ns
[502.210s][info ][safepoint      ] Safepoint "Cleanup", Time since last: 1000122836 ns, Reaching safepoint: 6400 ns, Cleanup: 15302 ns, At safepoint: 2301 ns, Total: 24003 ns
[503.211s][info ][safepoint      ] Safepoint "Cleanup", Time since last: 1000123291 ns, Reaching safepoint: 6101 ns, Cleanup: 11501 ns, At safepoint: 2301 ns, Total: 19903 ns
[504.211s][info ][safepoint      ] Safepoint "Cleanup", Time since last: 1000119291 ns, Reaching safepoint: 7000 ns, Cleanup: 13402 ns, At safepoint: 2500 ns, Total: 22902 ns
[505.211s][info ][safepoint      ] Safepoint "Cleanup", Time since last: 1000117491 ns, Reaching safepoint: 6401 ns, Cleanup: 16502 ns, At safepoint: 2400 ns, Total: 25303 ns
[506.202s][info ][gc,start       ] GC(22) Pause Young (Allocation Failure)
[506.207s][debug][gc,phases      ] GC(22) Scavenge 5.265ms
[506.207s][debug][gc,ref         ] GC(22) ReferenceProcessor::execute queues: 1, RefProcThreadModel::Single, marks_oops_alive: false
[506.207s][debug][gc,ref         ] GC(22) Skipped KeepAliveFinalRefsPhase of Reference Processing: no references
[506.207s][debug][gc,ref         ] GC(22) ReferenceProcessor::execute queues: 1, RefProcThreadModel::Single, marks_oops_alive: false
[506.207s][debug][gc,phases      ] GC(22) Reference Processing 0.146ms
[506.207s][debug][gc,phases      ] GC(22)   VM Weak                        Min:  0.0, Avg:  0.0, Max:  0.0, Diff:  0.0, Sum:  0.0, Workers: 4
[506.208s][debug][gc,phases      ] GC(22)     Dead                           Min: 0, Avg:  0.0, Max: 0, Diff: 0, Sum: 0, Workers: 4
[506.208s][debug][gc,phases      ] GC(22)     Total                          Min: 0, Avg: 226.0, Max: 520, Diff: 520, Sum: 904, Workers: 4
[506.208s][debug][gc,phases      ] GC(22)   ObjectSynchronizer Weak        Min:  0.0, Avg:  0.0, Max:  0.0, Diff:  0.0, Sum:  0.0, Workers: 4
[506.208s][debug][gc,phases      ] GC(22)     Dead                           Min: 0, Avg:  0.0, Max: 0, Diff: 0, Sum: 0, Workers: 4
[506.208s][debug][gc,phases      ] GC(22)     Total                          Min: 0, Avg:  1.0, Max: 4, Diff: 4, Sum: 4, Workers: 4
[506.208s][debug][gc,phases      ] GC(22)   JVMTI Tag Weak OopStorage      Min:  0.0, Avg:  0.0, Max:  0.0, Diff:  0.0, Sum:  0.0, Workers: 4
[506.208s][debug][gc,phases      ] GC(22)     Dead                           Min: 0, Avg:  0.0, Max: 0, Diff: 0, Sum: 0, Workers: 4
[506.208s][debug][gc,phases      ] GC(22)     Total                          Min: 0, Avg:  0.0, Max: 0, Diff: 0, Sum: 0, Workers: 4
[506.208s][debug][gc,phases      ] GC(22)   StringTable Weak               Min:  0.0, Avg:  0.1, Max:  0.1, Diff:  0.1, Sum:  0.4, Workers: 4
[506.208s][debug][gc,phases      ] GC(22)     Dead                           Min: 0, Avg:  0.8, Max: 2, Diff: 2, Sum: 3, Workers: 4
[506.208s][debug][gc,phases      ] GC(22)     Total                          Min: 0, Avg: 11429.5, Max: 15616, Diff: 15616, Sum: 45718, Workers: 4
[506.208s][debug][gc,phases      ] GC(22)   ResolvedMethodTable Weak       Min:  0.0, Avg:  0.0, Max:  0.1, Diff:  0.1, Sum:  0.2, Workers: 4
[506.208s][debug][gc,phases      ] GC(22)     Dead                           Min: 0, Avg:  9.0, Max: 26, Diff: 26, Sum: 36, Workers: 4
[506.208s][debug][gc,phases      ] GC(22)     Total                          Min: 0, Avg: 3650.5, Max: 5422, Diff: 5422, Sum: 14602, Workers: 4
[506.208s][debug][gc,phases      ] GC(22)   JNI Weak                       Min:  0.0, Avg:  0.0, Max:  0.0, Diff:  0.0, Sum:  0.0, Workers: 4
[506.208s][debug][gc,phases      ] GC(22)     Dead                           Min: 0, Avg:  0.0, Max: 0, Diff: 0, Sum: 0, Workers: 4
[506.208s][debug][gc,phases      ] GC(22)     Total                          Min: 0, Avg: 13.0, Max: 48, Diff: 48, Sum: 52, Workers: 4
[506.208s][debug][gc,phases      ] GC(22)   StringDedup Table Weak         Min:  0.0, Avg:  0.0, Max:  0.0, Diff:  0.0, Sum:  0.0, Workers: 4
[506.208s][debug][gc,phases      ] GC(22)     Dead                           Min: 0, Avg:  0.0, Max: 0, Diff: 0, Sum: 0, Workers: 4
[506.208s][debug][gc,phases      ] GC(22)     Total                          Min: 0, Avg:  0.0, Max: 0, Diff: 0, Sum: 0, Workers: 4
[506.208s][debug][gc,phases      ] GC(22)   StringDedup Requests0 Weak     Min:  0.0, Avg:  0.0, Max:  0.0, Diff:  0.0, Sum:  0.0, Workers: 4
[506.208s][debug][gc,phases      ] GC(22)     Dead                           Min: 0, Avg:  0.0, Max: 0, Diff: 0, Sum: 0, Workers: 4
[506.208s][debug][gc,phases      ] GC(22)     Total                          Min: 0, Avg:  0.0, Max: 0, Diff: 0, Sum: 0, Workers: 4
[506.208s][debug][gc,phases      ] GC(22)   StringDedup Requests1 Weak     Min:  0.0, Avg:  0.0, Max:  0.0, Diff:  0.0, Sum:  0.0, Workers: 4
[506.208s][debug][gc,phases      ] GC(22)     Dead                           Min: 0, Avg:  0.0, Max: 0, Diff: 0, Sum: 0, Workers: 4
[506.208s][debug][gc,phases      ] GC(22)     Total                          Min: 0, Avg:  0.0, Max: 0, Diff: 0, Sum: 0, Workers: 4
[506.208s][debug][gc,phases      ] GC(22)   Weak JFR Old Object Samples    Min:  0.0, Avg:  0.0, Max:  0.0, Diff:  0.0, Sum:  0.0, Workers: 4
[506.208s][debug][gc,phases      ] GC(22)     Dead                           Min: 0, Avg:  0.0, Max: 0, Diff: 0, Sum: 0, Workers: 4
[506.208s][debug][gc,phases      ] GC(22)     Total                          Min: 0, Avg:  0.0, Max: 0, Diff: 0, Sum: 0, Workers: 4
[506.208s][debug][gc,phases      ] GC(22) Weak Processing 0.628ms
[506.208s][debug][gc,age         ] GC(22) Desired survivor size 206045184 bytes, new threshold 1 (max threshold 15)
[506.208s][info ][gc,heap        ] GC(22) PSYoungGen: 1654400K(1870336K)->3248K(1895936K) Eden: 1651712K(1651712K)->0K(1685504K) From: 2688K(218624K)->3248K(210432K)
[506.208s][info ][gc,heap        ] GC(22) ParOldGen: 224186K(230400K)->224738K(230400K)
[506.208s][info ][gc,metaspace   ] GC(22) Metaspace: 103835K(105088K)->103835K(105088K) NonClass: 88055K(88768K)->88055K(88768K) Class: 15779K(16320K)->15779K(16320K)
[506.208s][info ][gc             ] GC(22) Pause Young (Allocation Failure) 1834M->222M(2076M) 6.180ms
[506.208s][info ][gc,cpu         ] GC(22) User=0.01s Sys=0.00s Real=0.01s
[506.208s][info ][safepoint      ] Safepoint "ParallelGCFailedAllocation", Time since last: 990719607 ns, Reaching safepoint: 83011 ns, Cleanup: 14101 ns, At safepoint: 6257789 ns, Total: 6354901 ns
[507.208s][info ][safepoint      ] Safepoint "Cleanup", Time since last: 1000099237 ns, Reaching safepoint: 7001 ns, Cleanup: 25604 ns, At safepoint: 2700 ns, Total: 35305 ns
[508.208s][info ][safepoint      ] Safepoint "Cleanup", Time since last: 1000119322 ns, Reaching safepoint: 6901 ns, Cleanup: 10602 ns, At safepoint: 2500 ns, Total: 20003 ns
[510.208s][info ][safepoint      ] Safepoint "Cleanup", Time since last: 2000199743 ns, Reaching safepoint: 80810 ns, Cleanup: 29403 ns, At safepoint: 6601 ns, Total: 116814 ns
[511.209s][info ][safepoint      ] Safepoint "Cleanup", Time since last: 1000116247 ns, Reaching safepoint: 6401 ns, Cleanup: 32204 ns, At safepoint: 2800 ns, Total: 41405 ns
[512.209s][info ][safepoint      ] Safepoint "Cleanup", Time since last: 1000125648 ns, Reaching safepoint: 8401 ns, Cleanup: 15702 ns, At safepoint: 2800 ns, Total: 26903 ns
[513.209s][info ][safepoint      ] Safepoint "Cleanup", Time since last: 1000122748 ns, Reaching safepoint: 6701 ns, Cleanup: 25603 ns, At safepoint: 3300 ns, Total: 35604 ns
[514.209s][info ][safepoint      ] Safepoint "Cleanup", Time since last: 1000122204 ns, Reaching safepoint: 6501 ns, Cleanup: 20002 ns, At safepoint: 2401 ns, Total: 28904 ns
[515.209s][info ][safepoint      ] Safepoint "Cleanup", Time since last: 1000115302 ns, Reaching safepoint: 6300 ns, Cleanup: 10902 ns, At safepoint: 2700 ns, Total: 19902 ns
[516.209s][info ][safepoint      ] Safepoint "Cleanup", Time since last: 1000114202 ns, Reaching safepoint: 6001 ns, Cleanup: 22203 ns, At safepoint: 2500 ns, Total: 30704 ns
[517.210s][info ][safepoint      ] Safepoint "Cleanup", Time since last: 1000112702 ns, Reaching safepoint: 7001 ns, Cleanup: 13502 ns, At safepoint: 2700 ns, Total: 23203 ns
[518.210s][info ][safepoint      ] Safepoint "Cleanup", Time since last: 1000117172 ns, Reaching safepoint: 6701 ns, Cleanup: 23603 ns, At safepoint: 2600 ns, Total: 32904 ns
[519.210s][info ][safepoint      ] Safepoint "Cleanup", Time since last: 1000120157 ns, Reaching safepoint: 6800 ns, Cleanup: 23803 ns, At safepoint: 2501 ns, Total: 33104 ns
[520.210s][info ][safepoint      ] Safepoint "Cleanup", Time since last: 1000106955 ns, Reaching safepoint: 7101 ns, Cleanup: 11801 ns, At safepoint: 2200 ns, Total: 21102 ns
[521.210s][info ][safepoint      ] Safepoint "Cleanup", Time since last: 1000118857 ns, Reaching safepoint: 7701 ns, Cleanup: 15102 ns, At safepoint: 3200 ns, Total: 26003 ns
[522.210s][info ][safepoint      ] Safepoint "Cleanup", Time since last: 1000114256 ns, Reaching safepoint: 5201 ns, Cleanup: 10001 ns, At safepoint: 2300 ns, Total: 17502 ns
[523.210s][info ][safepoint      ] Safepoint "Cleanup", Time since last: 1000105355 ns, Reaching safepoint: 6101 ns, Cleanup: 10601 ns, At safepoint: 2300 ns, Total: 19002 ns
[524.210s][info ][safepoint      ] Safepoint "Cleanup", Time since last: 1000117159 ns, Reaching safepoint: 7301 ns, Cleanup: 14902 ns, At safepoint: 2200 ns, Total: 24403 ns
[525.211s][info ][safepoint      ] Safepoint "Cleanup", Time since last: 1000121661 ns, Reaching safepoint: 23104 ns, Cleanup: 9701 ns, At safepoint: 2200 ns, Total: 35005 ns
[526.211s][info ][safepoint      ] Safepoint "Cleanup", Time since last: 1000135710 ns, Reaching safepoint: 6801 ns, Cleanup: 12000 ns, At safepoint: 2500 ns, Total: 21301 ns
[527.211s][info ][safepoint      ] Safepoint "Cleanup", Time since last: 1000126270 ns, Reaching safepoint: 6800 ns, Cleanup: 12001 ns, At safepoint: 8600 ns, Total: 27401 ns
[528.211s][info ][safepoint      ] Safepoint "Cleanup", Time since last: 1000122870 ns, Reaching safepoint: 6900 ns, Cleanup: 26202 ns, At safepoint: 3100 ns, Total: 36202 ns
[529.211s][info ][safepoint      ] Safepoint "Cleanup", Time since last: 1000124335 ns, Reaching safepoint: 7701 ns, Cleanup: 21603 ns, At safepoint: 2600 ns, Total: 31904 ns
[530.211s][info ][safepoint      ] Safepoint "Cleanup", Time since last: 1000101594 ns, Reaching safepoint: 8102 ns, Cleanup: 14302 ns, At safepoint: 3000 ns, Total: 25404 ns
[531.212s][info ][safepoint      ] Safepoint "Cleanup", Time since last: 1000279819 ns, Reaching safepoint: 7201 ns, Cleanup: 12101 ns, At safepoint: 2301 ns, Total: 21603 ns
[532.212s][info ][safepoint      ] Safepoint "Cleanup", Time since last: 1000109395 ns, Reaching safepoint: 6401 ns, Cleanup: 12301 ns, At safepoint: 2801 ns, Total: 21503 ns
[536.212s][info ][safepoint      ] Safepoint "Cleanup", Time since last: 4000330106 ns, Reaching safepoint: 6501 ns, Cleanup: 12601 ns, At safepoint: 2401 ns, Total: 21503 ns
[537.212s][info ][safepoint      ] Safepoint "Cleanup", Time since last: 1000112519 ns, Reaching safepoint: 6601 ns, Cleanup: 11402 ns, At safepoint: 2500 ns, Total: 20503 ns
[540.213s][info ][safepoint      ] Safepoint "Cleanup", Time since last: 3000259650 ns, Reaching safepoint: 7300 ns, Cleanup: 12202 ns, At safepoint: 2600 ns, Total: 22102 ns
[544.225s][info ][safepoint      ] Safepoint "Cleanup", Time since last: 4012137181 ns, Reaching safepoint: 6101 ns, Cleanup: 11501 ns, At safepoint: 2700 ns, Total: 20302 ns
[548.225s][info ][safepoint      ] Safepoint "Cleanup", Time since last: 4000311708 ns, Reaching safepoint: 6200 ns, Cleanup: 16003 ns, At safepoint: 2500 ns, Total: 24703 ns
[550.236s][info ][gc,start       ] GC(23) Pause Young (Allocation Failure)
[550.239s][debug][gc,phases      ] GC(23) Scavenge 2.955ms
[550.239s][debug][gc,ref         ] GC(23) ReferenceProcessor::execute queues: 1, RefProcThreadModel::Single, marks_oops_alive: false
[550.239s][debug][gc,ref         ] GC(23) Skipped KeepAliveFinalRefsPhase of Reference Processing: no references
[550.239s][debug][gc,ref         ] GC(23) ReferenceProcessor::execute queues: 1, RefProcThreadModel::Single, marks_oops_alive: false
[550.239s][debug][gc,phases      ] GC(23) Reference Processing 0.123ms
[550.239s][debug][gc,phases      ] GC(23)   VM Weak                        Min:  0.0, Avg:  0.0, Max:  0.0, Diff:  0.0, Sum:  0.0, Workers: 4
[550.239s][debug][gc,phases      ] GC(23)     Dead                           Min: 0, Avg:  0.0, Max: 0, Diff: 0, Sum: 0, Workers: 4
[550.239s][debug][gc,phases      ] GC(23)     Total                          Min: 0, Avg: 226.0, Max: 584, Diff: 584, Sum: 904, Workers: 4
[550.239s][debug][gc,phases      ] GC(23)   ObjectSynchronizer Weak        Min:  0.0, Avg:  0.0, Max:  0.0, Diff:  0.0, Sum:  0.0, Workers: 4
[550.239s][debug][gc,phases      ] GC(23)     Dead                           Min: 0, Avg:  0.0, Max: 0, Diff: 0, Sum: 0, Workers: 4
[550.239s][debug][gc,phases      ] GC(23)     Total                          Min: 0, Avg:  1.0, Max: 4, Diff: 4, Sum: 4, Workers: 4
[550.239s][debug][gc,phases      ] GC(23)   JVMTI Tag Weak OopStorage      Min:  0.0, Avg:  0.0, Max:  0.0, Diff:  0.0, Sum:  0.0, Workers: 4
[550.239s][debug][gc,phases      ] GC(23)     Dead                           Min: 0, Avg:  0.0, Max: 0, Diff: 0, Sum: 0, Workers: 4
[550.239s][debug][gc,phases      ] GC(23)     Total                          Min: 0, Avg:  0.0, Max: 0, Diff: 0, Sum: 0, Workers: 4
[550.239s][debug][gc,phases      ] GC(23)   StringTable Weak               Min:  0.0, Avg:  0.1, Max:  0.1, Diff:  0.1, Sum:  0.4, Workers: 4
[550.239s][debug][gc,phases      ] GC(23)     Dead                           Min: 0, Avg:  0.2, Max: 1, Diff: 1, Sum: 1, Workers: 4
[550.239s][debug][gc,phases      ] GC(23)     Total                          Min: 0, Avg: 11440.5, Max: 16256, Diff: 16256, Sum: 45762, Workers: 4
[550.239s][debug][gc,phases      ] GC(23)   ResolvedMethodTable Weak       Min:  0.0, Avg:  0.0, Max:  0.0, Diff:  0.0, Sum:  0.1, Workers: 4
[550.239s][debug][gc,phases      ] GC(23)     Dead                           Min: 0, Avg:  4.2, Max: 12, Diff: 12, Sum: 17, Workers: 4
[550.239s][debug][gc,phases      ] GC(23)     Total                          Min: 0, Avg: 3657.8, Max: 5634, Diff: 5634, Sum: 14631, Workers: 4
[550.239s][debug][gc,phases      ] GC(23)   JNI Weak                       Min:  0.0, Avg:  0.0, Max:  0.0, Diff:  0.0, Sum:  0.0, Workers: 4
[550.239s][debug][gc,phases      ] GC(23)     Dead                           Min: 0, Avg:  0.0, Max: 0, Diff: 0, Sum: 0, Workers: 4
[550.239s][debug][gc,phases      ] GC(23)     Total                          Min: 0, Avg: 13.0, Max: 48, Diff: 48, Sum: 52, Workers: 4
[550.239s][debug][gc,phases      ] GC(23)   StringDedup Table Weak         Min:  0.0, Avg:  0.0, Max:  0.0, Diff:  0.0, Sum:  0.0, Workers: 4
[550.239s][debug][gc,phases      ] GC(23)     Dead                           Min: 0, Avg:  0.0, Max: 0, Diff: 0, Sum: 0, Workers: 4
[550.239s][debug][gc,phases      ] GC(23)     Total                          Min: 0, Avg:  0.0, Max: 0, Diff: 0, Sum: 0, Workers: 4
[550.239s][debug][gc,phases      ] GC(23)   StringDedup Requests0 Weak     Min:  0.0, Avg:  0.0, Max:  0.0, Diff:  0.0, Sum:  0.0, Workers: 4
[550.239s][debug][gc,phases      ] GC(23)     Dead                           Min: 0, Avg:  0.0, Max: 0, Diff: 0, Sum: 0, Workers: 4
[550.239s][debug][gc,phases      ] GC(23)     Total                          Min: 0, Avg:  0.0, Max: 0, Diff: 0, Sum: 0, Workers: 4
[550.239s][debug][gc,phases      ] GC(23)   StringDedup Requests1 Weak     Min:  0.0, Avg:  0.0, Max:  0.0, Diff:  0.0, Sum:  0.0, Workers: 4
[550.239s][debug][gc,phases      ] GC(23)     Dead                           Min: 0, Avg:  0.0, Max: 0, Diff: 0, Sum: 0, Workers: 4
[550.239s][debug][gc,phases      ] GC(23)     Total                          Min: 0, Avg:  0.0, Max: 0, Diff: 0, Sum: 0, Workers: 4
[550.239s][debug][gc,phases      ] GC(23)   Weak JFR Old Object Samples    Min:  0.0, Avg:  0.0, Max:  0.0, Diff:  0.0, Sum:  0.0, Workers: 4
[550.239s][debug][gc,phases      ] GC(23)     Dead                           Min: 0, Avg:  0.0, Max: 0, Diff: 0, Sum: 0, Workers: 4
[550.239s][debug][gc,phases      ] GC(23)     Total                          Min: 0, Avg:  0.0, Max: 0, Diff: 0, Sum: 0, Workers: 4
[550.239s][debug][gc,phases      ] GC(23) Weak Processing 0.405ms
[550.240s][debug][gc,age         ] GC(23) Desired survivor size 196608000 bytes, new threshold 1 (max threshold 15)
[550.240s][info ][gc,heap        ] GC(23) PSYoungGen: 1688752K(1895936K)->3216K(1886720K) Eden: 1685504K(1685504K)->0K(1685504K) From: 3248K(210432K)->3216K(201216K)
[550.240s][info ][gc,heap        ] GC(23) ParOldGen: 224738K(230400K)->225622K(230400K)
[550.240s][info ][gc,metaspace   ] GC(23) Metaspace: 104104K(105344K)->104104K(105344K) NonClass: 88299K(88960K)->88299K(88960K) Class: 15804K(16384K)->15804K(16384K)
[550.240s][info ][gc             ] GC(23) Pause Young (Allocation Failure) 1868M->223M(2067M) 3.620ms
[550.240s][info ][gc,cpu         ] GC(23) User=0.01s Sys=0.00s Real=0.00s
[550.240s][info ][safepoint      ] Safepoint "ParallelGCFailedAllocation", Time since last: 2010800612 ns, Reaching safepoint: 5001 ns, Cleanup: 4100 ns, At safepoint: 3690738 ns, Total: 3699839 ns
[551.240s][info ][safepoint      ] Safepoint "Cleanup", Time since last: 1000087474 ns, Reaching safepoint: 6200 ns, Cleanup: 13602 ns, At safepoint: 2500 ns, Total: 22302 ns
[554.240s][info ][safepoint      ] Safepoint "Cleanup", Time since last: 3000253791 ns, Reaching safepoint: 6001 ns, Cleanup: 11601 ns, At safepoint: 2600 ns, Total: 20202 ns
[555.240s][info ][safepoint      ] Safepoint "Cleanup", Time since last: 1000113502 ns, Reaching safepoint: 5901 ns, Cleanup: 30504 ns, At safepoint: 2400 ns, Total: 38805 ns
[556.240s][info ][safepoint      ] Safepoint "Cleanup", Time since last: 1000125304 ns, Reaching safepoint: 77809 ns, Cleanup: 37405 ns, At safepoint: 5700 ns, Total: 120914 ns
[558.241s][info ][safepoint      ] Safepoint "Cleanup", Time since last: 2000188370 ns, Reaching safepoint: 5900 ns, Cleanup: 12002 ns, At safepoint: 2400 ns, Total: 20302 ns
[559.241s][info ][safepoint      ] Safepoint "Cleanup", Time since last: 1000128589 ns, Reaching safepoint: 6800 ns, Cleanup: 10601 ns, At safepoint: 2601 ns, Total: 20002 ns
[560.241s][info ][safepoint      ] Safepoint "Cleanup", Time since last: 1000116287 ns, Reaching safepoint: 8401 ns, Cleanup: 19802 ns, At safepoint: 2400 ns, Total: 30603 ns
[565.241s][info ][safepoint      ] Safepoint "Cleanup", Time since last: 5000384307 ns, Reaching safepoint: 6101 ns, Cleanup: 10601 ns, At safepoint: 3100 ns, Total: 19802 ns
[566.241s][info ][safepoint      ] Safepoint "Cleanup", Time since last: 1000118295 ns, Reaching safepoint: 8901 ns, Cleanup: 14001 ns, At safepoint: 2600 ns, Total: 25502 ns
[568.242s][info ][safepoint      ] Safepoint "Cleanup", Time since last: 2000203553 ns, Reaching safepoint: 80807 ns, Cleanup: 16001 ns, At safepoint: 6100 ns, Total: 102908 ns
[572.242s][info ][safepoint      ] Safepoint "Cleanup", Time since last: 4000316820 ns, Reaching safepoint: 7400 ns, Cleanup: 19303 ns, At safepoint: 2300 ns, Total: 29003 ns
[574.242s][info ][safepoint      ] Safepoint "Cleanup", Time since last: 2000181650 ns, Reaching safepoint: 5900 ns, Cleanup: 15902 ns, At safepoint: 2800 ns, Total: 24602 ns
[575.242s][info ][safepoint      ] Safepoint "Cleanup", Time since last: 1000114789 ns, Reaching safepoint: 6600 ns, Cleanup: 12102 ns, At safepoint: 2300 ns, Total: 21002 ns
[576.243s][info ][safepoint      ] Safepoint "Cleanup", Time since last: 1000105887 ns, Reaching safepoint: 5801 ns, Cleanup: 17702 ns, At safepoint: 2100 ns, Total: 25603 ns
[577.243s][info ][safepoint      ] Safepoint "Cleanup", Time since last: 1000090186 ns, Reaching safepoint: 6501 ns, Cleanup: 18802 ns, At safepoint: 2300 ns, Total: 27603 ns
[580.243s][info ][safepoint      ] Safepoint "Cleanup", Time since last: 3000254555 ns, Reaching safepoint: 6801 ns, Cleanup: 12101 ns, At safepoint: 2600 ns, Total: 21502 ns
[582.243s][info ][safepoint      ] Safepoint "Cleanup", Time since last: 2000179164 ns, Reaching safepoint: 8501 ns, Cleanup: 12601 ns, At safepoint: 3000 ns, Total: 24102 ns
[583.243s][info ][safepoint      ] Safepoint "Cleanup", Time since last: 1000107774 ns, Reaching safepoint: 7201 ns, Cleanup: 14901 ns, At safepoint: 2800 ns, Total: 24902 ns
[588.244s][info ][safepoint      ] Safepoint "Cleanup", Time since last: 5000380953 ns, Reaching safepoint: 7801 ns, Cleanup: 13102 ns, At safepoint: 3000 ns, Total: 23903 ns
[589.244s][info ][safepoint      ] Safepoint "Cleanup", Time since last: 1000115736 ns, Reaching safepoint: 6801 ns, Cleanup: 17702 ns, At safepoint: 2801 ns, Total: 27304 ns
[592.244s][info ][safepoint      ] Safepoint "Cleanup", Time since last: 3000253866 ns, Reaching safepoint: 7701 ns, Cleanup: 21702 ns, At safepoint: 2500 ns, Total: 31903 ns
[593.244s][info ][safepoint      ] Safepoint "Cleanup", Time since last: 1000113897 ns, Reaching safepoint: 6800 ns, Cleanup: 11401 ns, At safepoint: 2801 ns, Total: 21002 ns
[594.652s][info ][gc,start       ] GC(24) Pause Young (Allocation Failure)
[594.656s][debug][gc,phases      ] GC(24) Scavenge 4.269ms
[594.656s][debug][gc,ref         ] GC(24) ReferenceProcessor::execute queues: 1, RefProcThreadModel::Single, marks_oops_alive: false
[594.656s][debug][gc,ref         ] GC(24) Skipped KeepAliveFinalRefsPhase of Reference Processing: no references
[594.656s][debug][gc,ref         ] GC(24) Skipped PhantomRefsPhase of Reference Processing: no references
[594.656s][debug][gc,phases      ] GC(24) Reference Processing 0.128ms
[594.656s][debug][gc,phases      ] GC(24)   VM Weak                        Min:  0.0, Avg:  0.0, Max:  0.0, Diff:  0.0, Sum:  0.0, Workers: 4
[594.656s][debug][gc,phases      ] GC(24)     Dead                           Min: 0, Avg:  0.0, Max: 0, Diff: 0, Sum: 0, Workers: 4
[594.656s][debug][gc,phases      ] GC(24)     Total                          Min: 0, Avg: 226.0, Max: 512, Diff: 512, Sum: 904, Workers: 4
[594.656s][debug][gc,phases      ] GC(24)   ObjectSynchronizer Weak        Min:  0.0, Avg:  0.0, Max:  0.0, Diff:  0.0, Sum:  0.0, Workers: 4
[594.656s][debug][gc,phases      ] GC(24)     Dead                           Min: 0, Avg:  0.0, Max: 0, Diff: 0, Sum: 0, Workers: 4
[594.656s][debug][gc,phases      ] GC(24)     Total                          Min: 0, Avg:  1.0, Max: 4, Diff: 4, Sum: 4, Workers: 4
[594.656s][debug][gc,phases      ] GC(24)   JVMTI Tag Weak OopStorage      Min:  0.0, Avg:  0.0, Max:  0.0, Diff:  0.0, Sum:  0.0, Workers: 4
[594.656s][debug][gc,phases      ] GC(24)     Dead                           Min: 0, Avg:  0.0, Max: 0, Diff: 0, Sum: 0, Workers: 4
[594.656s][debug][gc,phases      ] GC(24)     Total                          Min: 0, Avg:  0.0, Max: 0, Diff: 0, Sum: 0, Workers: 4
[594.656s][debug][gc,phases      ] GC(24)   StringTable Weak               Min:  0.0, Avg:  0.1, Max:  0.2, Diff:  0.2, Sum:  0.5, Workers: 4
[594.656s][debug][gc,phases      ] GC(24)     Dead                           Min: 0, Avg:  0.0, Max: 0, Diff: 0, Sum: 0, Workers: 4
[594.656s][debug][gc,phases      ] GC(24)     Total                          Min: 0, Avg: 11443.8, Max: 15680, Diff: 15680, Sum: 45775, Workers: 4
[594.656s][debug][gc,phases      ] GC(24)   ResolvedMethodTable Weak       Min:  0.0, Avg:  0.0, Max:  0.1, Diff:  0.1, Sum:  0.2, Workers: 4
[594.656s][debug][gc,phases      ] GC(24)     Dead                           Min: 0, Avg:  4.0, Max: 16, Diff: 16, Sum: 16, Workers: 4
[594.656s][debug][gc,phases      ] GC(24)     Total                          Min: 0, Avg: 3657.8, Max: 5643, Diff: 5643, Sum: 14631, Workers: 4
[594.656s][debug][gc,phases      ] GC(24)   JNI Weak                       Min:  0.0, Avg:  0.0, Max:  0.0, Diff:  0.0, Sum:  0.0, Workers: 4
[594.656s][debug][gc,phases      ] GC(24)     Dead                           Min: 0, Avg:  0.0, Max: 0, Diff: 0, Sum: 0, Workers: 4
[594.656s][debug][gc,phases      ] GC(24)     Total                          Min: 0, Avg: 13.0, Max: 48, Diff: 48, Sum: 52, Workers: 4
[594.656s][debug][gc,phases      ] GC(24)   StringDedup Table Weak         Min:  0.0, Avg:  0.0, Max:  0.0, Diff:  0.0, Sum:  0.0, Workers: 4
[594.656s][debug][gc,phases      ] GC(24)     Dead                           Min: 0, Avg:  0.0, Max: 0, Diff: 0, Sum: 0, Workers: 4
[594.656s][debug][gc,phases      ] GC(24)     Total                          Min: 0, Avg:  0.0, Max: 0, Diff: 0, Sum: 0, Workers: 4
[594.656s][debug][gc,phases      ] GC(24)   StringDedup Requests0 Weak     Min:  0.0, Avg:  0.0, Max:  0.0, Diff:  0.0, Sum:  0.0, Workers: 4
[594.656s][debug][gc,phases      ] GC(24)     Dead                           Min: 0, Avg:  0.0, Max: 0, Diff: 0, Sum: 0, Workers: 4
[594.656s][debug][gc,phases      ] GC(24)     Total                          Min: 0, Avg:  0.0, Max: 0, Diff: 0, Sum: 0, Workers: 4
[594.656s][debug][gc,phases      ] GC(24)   StringDedup Requests1 Weak     Min:  0.0, Avg:  0.0, Max:  0.0, Diff:  0.0, Sum:  0.0, Workers: 4
[594.656s][debug][gc,phases      ] GC(24)     Dead                           Min: 0, Avg:  0.0, Max: 0, Diff: 0, Sum: 0, Workers: 4
[594.656s][debug][gc,phases      ] GC(24)     Total                          Min: 0, Avg:  0.0, Max: 0, Diff: 0, Sum: 0, Workers: 4
[594.656s][debug][gc,phases      ] GC(24)   Weak JFR Old Object Samples    Min:  0.0, Avg:  0.0, Max:  0.0, Diff:  0.0, Sum:  0.0, Workers: 4
[594.656s][debug][gc,phases      ] GC(24)     Dead                           Min: 0, Avg:  0.0, Max: 0, Diff: 0, Sum: 0, Workers: 4
[594.656s][debug][gc,phases      ] GC(24)     Total                          Min: 0, Avg:  0.0, Max: 0, Diff: 0, Sum: 0, Workers: 4
[594.656s][debug][gc,phases      ] GC(24) Weak Processing 0.420ms
[594.656s][debug][gc,age         ] GC(24) Desired survivor size 187170816 bytes, new threshold 1 (max threshold 15)
[594.656s][info ][gc,heap        ] GC(24) PSYoungGen: 1688720K(1886720K)->2304K(1914368K) Eden: 1685504K(1685504K)->0K(1722368K) From: 3216K(201216K)->2304K(192000K)
[594.656s][info ][gc,heap        ] GC(24) ParOldGen: 225622K(230400K)->227114K(230400K)
[594.656s][info ][gc,metaspace   ] GC(24) Metaspace: 104125K(105408K)->104125K(105408K) NonClass: 88321K(89024K)->88321K(89024K) Class: 15804K(16384K)->15804K(16384K)
[594.656s][info ][gc             ] GC(24) Pause Young (Allocation Failure) 1869M->224M(2094M) 4.970ms
[594.656s][info ][gc,cpu         ] GC(24) User=0.01s Sys=0.00s Real=0.01s
[594.657s][info ][safepoint      ] Safepoint "ParallelGCFailedAllocation", Time since last: 1407141023 ns, Reaching safepoint: 85509 ns, Cleanup: 5301 ns, At safepoint: 5054447 ns, Total: 5145257 ns
[595.657s][info ][safepoint      ] Safepoint "Cleanup", Time since last: 1000107817 ns, Reaching safepoint: 83309 ns, Cleanup: 11701 ns, At safepoint: 7101 ns, Total: 102111 ns
[597.657s][info ][safepoint      ] Safepoint "Cleanup", Time since last: 2000190731 ns, Reaching safepoint: 78709 ns, Cleanup: 11101 ns, At safepoint: 8201 ns, Total: 98011 ns
[598.657s][info ][safepoint      ] Safepoint "Cleanup", Time since last: 1000138278 ns, Reaching safepoint: 81506 ns, Cleanup: 10901 ns, At safepoint: 6300 ns, Total: 98707 ns
[601.241s][info ][safepoint      ] Safepoint "Cleanup", Time since last: 2584165559 ns, Reaching safepoint: 6000 ns, Cleanup: 14002 ns, At safepoint: 2400 ns, Total: 22402 ns
[604.242s][info ][safepoint      ] Safepoint "Cleanup", Time since last: 3000247456 ns, Reaching safepoint: 6701 ns, Cleanup: 10701 ns, At safepoint: 2500 ns, Total: 19902 ns
[607.242s][info ][safepoint      ] Safepoint "Cleanup", Time since last: 3000245496 ns, Reaching safepoint: 6600 ns, Cleanup: 12301 ns, At safepoint: 2100 ns, Total: 21001 ns
[612.242s][info ][safepoint      ] Safepoint "Cleanup", Time since last: 5000417537 ns, Reaching safepoint: 6100 ns, Cleanup: 9801 ns, At safepoint: 2001 ns, Total: 17902 ns
[613.243s][info ][safepoint      ] Safepoint "Cleanup", Time since last: 1000107380 ns, Reaching safepoint: 6201 ns, Cleanup: 82909 ns, At safepoint: 2200 ns, Total: 91310 ns
[615.243s][info ][safepoint      ] Safepoint "Cleanup", Time since last: 2000174891 ns, Reaching safepoint: 7701 ns, Cleanup: 13601 ns, At safepoint: 2500 ns, Total: 23802 ns
[617.243s][info ][safepoint      ] Safepoint "Cleanup", Time since last: 2000336988 ns, Reaching safepoint: 8601 ns, Cleanup: 15102 ns, At safepoint: 2900 ns, Total: 26603 ns
[622.244s][info ][safepoint      ] Safepoint "Cleanup", Time since last: 5000391695 ns, Reaching safepoint: 7301 ns, Cleanup: 15301 ns, At safepoint: 2500 ns, Total: 25102 ns
[627.244s][info ][safepoint      ] Safepoint "Cleanup", Time since last: 5000398726 ns, Reaching safepoint: 7401 ns, Cleanup: 11301 ns, At safepoint: 2500 ns, Total: 21202 ns
[629.244s][info ][safepoint      ] Safepoint "Cleanup", Time since last: 2000175801 ns, Reaching safepoint: 6900 ns, Cleanup: 11201 ns, At safepoint: 2201 ns, Total: 20302 ns
[633.245s][info ][safepoint      ] Safepoint "Cleanup", Time since last: 4000312822 ns, Reaching safepoint: 6701 ns, Cleanup: 11601 ns, At safepoint: 2200 ns, Total: 20502 ns
[641.701s][info ][gc,start       ] GC(25) Pause Young (Allocation Failure)
[641.705s][debug][gc,phases      ] GC(25) Scavenge 3.326ms
[641.705s][debug][gc,ref         ] GC(25) ReferenceProcessor::execute queues: 1, RefProcThreadModel::Single, marks_oops_alive: false
[641.705s][debug][gc,ref         ] GC(25) Skipped KeepAliveFinalRefsPhase of Reference Processing: no references
[641.705s][debug][gc,ref         ] GC(25) ReferenceProcessor::execute queues: 1, RefProcThreadModel::Single, marks_oops_alive: false
[641.705s][debug][gc,phases      ] GC(25) Reference Processing 0.120ms
[641.705s][debug][gc,phases      ] GC(25)   VM Weak                        Min:  0.0, Avg:  0.0, Max:  0.0, Diff:  0.0, Sum:  0.0, Workers: 4
[641.705s][debug][gc,phases      ] GC(25)     Dead                           Min: 0, Avg:  0.0, Max: 0, Diff: 0, Sum: 0, Workers: 4
[641.705s][debug][gc,phases      ] GC(25)     Total                          Min: 0, Avg: 226.0, Max: 512, Diff: 512, Sum: 904, Workers: 4
[641.705s][debug][gc,phases      ] GC(25)   ObjectSynchronizer Weak        Min:  0.0, Avg:  0.0, Max:  0.0, Diff:  0.0, Sum:  0.0, Workers: 4
[641.705s][debug][gc,phases      ] GC(25)     Dead                           Min: 0, Avg:  0.0, Max: 0, Diff: 0, Sum: 0, Workers: 4
[641.705s][debug][gc,phases      ] GC(25)     Total                          Min: 0, Avg:  0.8, Max: 3, Diff: 3, Sum: 3, Workers: 4
[641.705s][debug][gc,phases      ] GC(25)   JVMTI Tag Weak OopStorage      Min:  0.0, Avg:  0.0, Max:  0.0, Diff:  0.0, Sum:  0.0, Workers: 4
[641.705s][debug][gc,phases      ] GC(25)     Dead                           Min: 0, Avg:  0.0, Max: 0, Diff: 0, Sum: 0, Workers: 4
[641.705s][debug][gc,phases      ] GC(25)     Total                          Min: 0, Avg:  0.0, Max: 0, Diff: 0, Sum: 0, Workers: 4
[641.705s][debug][gc,phases      ] GC(25)   StringTable Weak               Min:  0.0, Avg:  0.1, Max:  0.1, Diff:  0.1, Sum:  0.4, Workers: 4
[641.705s][debug][gc,phases      ] GC(25)     Dead                           Min: 0, Avg:  0.0, Max: 0, Diff: 0, Sum: 0, Workers: 4
[641.705s][debug][gc,phases      ] GC(25)     Total                          Min: 0, Avg: 11444.5, Max: 16082, Diff: 16082, Sum: 45778, Workers: 4
[641.705s][debug][gc,phases      ] GC(25)   ResolvedMethodTable Weak       Min:  0.0, Avg:  0.0, Max:  0.1, Diff:  0.1, Sum:  0.2, Workers: 4
[641.705s][debug][gc,phases      ] GC(25)     Dead                           Min: 0, Avg:  4.2, Max: 17, Diff: 17, Sum: 17, Workers: 4
[641.705s][debug][gc,phases      ] GC(25)     Total                          Min: 0, Avg: 3658.2, Max: 4933, Diff: 4933, Sum: 14633, Workers: 4
[641.705s][debug][gc,phases      ] GC(25)   JNI Weak                       Min:  0.0, Avg:  0.0, Max:  0.0, Diff:  0.0, Sum:  0.0, Workers: 4
[641.705s][debug][gc,phases      ] GC(25)     Dead                           Min: 0, Avg:  0.0, Max: 0, Diff: 0, Sum: 0, Workers: 4
[641.705s][debug][gc,phases      ] GC(25)     Total                          Min: 0, Avg: 13.0, Max: 48, Diff: 48, Sum: 52, Workers: 4
[641.705s][debug][gc,phases      ] GC(25)   StringDedup Table Weak         Min:  0.0, Avg:  0.0, Max:  0.0, Diff:  0.0, Sum:  0.0, Workers: 4
[641.705s][debug][gc,phases      ] GC(25)     Dead                           Min: 0, Avg:  0.0, Max: 0, Diff: 0, Sum: 0, Workers: 4
[641.705s][debug][gc,phases      ] GC(25)     Total                          Min: 0, Avg:  0.0, Max: 0, Diff: 0, Sum: 0, Workers: 4
[641.705s][debug][gc,phases      ] GC(25)   StringDedup Requests0 Weak     Min:  0.0, Avg:  0.0, Max:  0.0, Diff:  0.0, Sum:  0.0, Workers: 4
[641.705s][debug][gc,phases      ] GC(25)     Dead                           Min: 0, Avg:  0.0, Max: 0, Diff: 0, Sum: 0, Workers: 4
[641.705s][debug][gc,phases      ] GC(25)     Total                          Min: 0, Avg:  0.0, Max: 0, Diff: 0, Sum: 0, Workers: 4
[641.705s][debug][gc,phases      ] GC(25)   StringDedup Requests1 Weak     Min:  0.0, Avg:  0.0, Max:  0.0, Diff:  0.0, Sum:  0.0, Workers: 4
[641.705s][debug][gc,phases      ] GC(25)     Dead                           Min: 0, Avg:  0.0, Max: 0, Diff: 0, Sum: 0, Workers: 4
[641.705s][debug][gc,phases      ] GC(25)     Total                          Min: 0, Avg:  0.0, Max: 0, Diff: 0, Sum: 0, Workers: 4
[641.705s][debug][gc,phases      ] GC(25)   Weak JFR Old Object Samples    Min:  0.0, Avg:  0.0, Max:  0.0, Diff:  0.0, Sum:  0.0, Workers: 4
[641.705s][debug][gc,phases      ] GC(25)     Dead                           Min: 0, Avg:  0.0, Max: 0, Diff: 0, Sum: 0, Workers: 4
[641.705s][debug][gc,phases      ] GC(25)     Total                          Min: 0, Avg:  0.0, Max: 0, Diff: 0, Sum: 0, Workers: 4
[641.705s][debug][gc,phases      ] GC(25) Weak Processing 0.395ms
[641.705s][debug][gc,age         ] GC(25) Desired survivor size 177733632 bytes, new threshold 1 (max threshold 15)
[641.705s][info ][gc,heap        ] GC(25) PSYoungGen: 1724672K(1914368K)->2080K(1905152K) Eden: 1722368K(1722368K)->0K(1722368K) From: 2304K(192000K)->2080K(182784K)
[641.705s][info ][gc,heap        ] GC(25) ParOldGen: 227114K(230400K)->228050K(230400K)
[641.705s][info ][gc,metaspace   ] GC(25) Metaspace: 104156K(105408K)->104156K(105408K) NonClass: 88351K(89024K)->88351K(89024K) Class: 15805K(16384K)->15805K(16384K)
[641.705s][info ][gc             ] GC(25) Pause Young (Allocation Failure) 1906M->224M(2085M) 3.990ms
[641.705s][info ][gc,cpu         ] GC(25) User=0.01s Sys=0.00s Real=0.00s
[641.705s][info ][safepoint      ] Safepoint "ParallelGCFailedAllocation", Time since last: 8456756809 ns, Reaching safepoint: 81707 ns, Cleanup: 5000 ns, At safepoint: 4071122 ns, Total: 4157829 ns
[642.706s][info ][safepoint      ] Safepoint "Cleanup", Time since last: 1000108650 ns, Reaching safepoint: 86508 ns, Cleanup: 12402 ns, At safepoint: 7500 ns, Total: 106410 ns
[654.707s][info ][safepoint      ] Safepoint "Cleanup", Time since last: 12000951765 ns, Reaching safepoint: 81207 ns, Cleanup: 10401 ns, At safepoint: 6500 ns, Total: 98108 ns
[656.707s][info ][safepoint      ] Safepoint "Cleanup", Time since last: 2000204269 ns, Reaching safepoint: 80907 ns, Cleanup: 16401 ns, At safepoint: 6001 ns, Total: 103309 ns
[657.707s][info ][safepoint      ] Safepoint "Cleanup", Time since last: 1000143288 ns, Reaching safepoint: 85407 ns, Cleanup: 12201 ns, At safepoint: 7901 ns, Total: 105509 ns
[661.708s][info ][safepoint      ] Safepoint "Cleanup", Time since last: 4000353833 ns, Reaching safepoint: 81607 ns, Cleanup: 11301 ns, At safepoint: 6301 ns, Total: 99209 ns
[662.708s][info ][safepoint      ] Safepoint "Cleanup", Time since last: 1000103437 ns, Reaching safepoint: 77605 ns, Cleanup: 12800 ns, At safepoint: 6801 ns, Total: 97206 ns
[663.708s][info ][safepoint      ] Safepoint "Cleanup", Time since last: 1000124681 ns, Reaching safepoint: 7001 ns, Cleanup: 15200 ns, At safepoint: 2401 ns, Total: 24602 ns
[664.708s][info ][safepoint      ] Safepoint "Cleanup", Time since last: 1000136982 ns, Reaching safepoint: 82804 ns, Cleanup: 11201 ns, At safepoint: 6700 ns, Total: 100705 ns
[679.709s][info ][safepoint      ] Safepoint "Cleanup", Time since last: 15001129706 ns, Reaching safepoint: 6700 ns, Cleanup: 13401 ns, At safepoint: 2501 ns, Total: 22602 ns
[681.710s][info ][safepoint      ] Safepoint "Cleanup", Time since last: 2000184731 ns, Reaching safepoint: 6801 ns, Cleanup: 13400 ns, At safepoint: 3001 ns, Total: 23202 ns
[682.710s][info ][safepoint      ] Safepoint "Cleanup", Time since last: 1000121134 ns, Reaching safepoint: 6601 ns, Cleanup: 12601 ns, At safepoint: 3000 ns, Total: 22202 ns
[685.710s][info ][safepoint      ] Safepoint "Cleanup", Time since last: 3000256359 ns, Reaching safepoint: 6700 ns, Cleanup: 11301 ns, At safepoint: 2700 ns, Total: 20701 ns
[689.298s][info ][gc,start       ] GC(26) Pause Young (Allocation Failure)
[689.300s][debug][gc,phases      ] GC(26) Scavenge 2.306ms
[689.300s][debug][gc,ref         ] GC(26) ReferenceProcessor::execute queues: 1, RefProcThreadModel::Single, marks_oops_alive: false
[689.300s][debug][gc,ref         ] GC(26) Skipped KeepAliveFinalRefsPhase of Reference Processing: no references
[689.300s][debug][gc,ref         ] GC(26) Skipped PhantomRefsPhase of Reference Processing: no references
[689.300s][debug][gc,phases      ] GC(26) Reference Processing 0.120ms
[689.301s][debug][gc,phases      ] GC(26)   VM Weak                        Min:  0.0, Avg:  0.0, Max:  0.0, Diff:  0.0, Sum:  0.0, Workers: 4
[689.301s][debug][gc,phases      ] GC(26)     Dead                           Min: 0, Avg:  0.0, Max: 0, Diff: 0, Sum: 0, Workers: 4
[689.301s][debug][gc,phases      ] GC(26)     Total                          Min: 0, Avg: 226.0, Max: 832, Diff: 832, Sum: 904, Workers: 4
[689.301s][debug][gc,phases      ] GC(26)   ObjectSynchronizer Weak        Min:  0.0, Avg:  0.0, Max:  0.0, Diff:  0.0, Sum:  0.0, Workers: 4
[689.301s][debug][gc,phases      ] GC(26)     Dead                           Min: 0, Avg:  0.0, Max: 0, Diff: 0, Sum: 0, Workers: 4
[689.301s][debug][gc,phases      ] GC(26)     Total                          Min: 0, Avg:  0.8, Max: 3, Diff: 3, Sum: 3, Workers: 4
[689.301s][debug][gc,phases      ] GC(26)   JVMTI Tag Weak OopStorage      Min:  0.0, Avg:  0.0, Max:  0.0, Diff:  0.0, Sum:  0.0, Workers: 4
[689.301s][debug][gc,phases      ] GC(26)     Dead                           Min: 0, Avg:  0.0, Max: 0, Diff: 0, Sum: 0, Workers: 4
[689.301s][debug][gc,phases      ] GC(26)     Total                          Min: 0, Avg:  0.0, Max: 0, Diff: 0, Sum: 0, Workers: 4
[689.301s][debug][gc,phases      ] GC(26)   StringTable Weak               Min:  0.0, Avg:  0.1, Max:  0.1, Diff:  0.1, Sum:  0.4, Workers: 4
[689.301s][debug][gc,phases      ] GC(26)     Dead                           Min: 0, Avg:  0.0, Max: 0, Diff: 0, Sum: 0, Workers: 4
[689.301s][debug][gc,phases      ] GC(26)     Total                          Min: 0, Avg: 11444.5, Max: 16018, Diff: 16018, Sum: 45778, Workers: 4
[689.301s][debug][gc,phases      ] GC(26)   ResolvedMethodTable Weak       Min:  0.0, Avg:  0.0, Max:  0.1, Diff:  0.1, Sum:  0.2, Workers: 4
[689.301s][debug][gc,phases      ] GC(26)     Dead                           Min: 0, Avg:  4.0, Max: 16, Diff: 16, Sum: 16, Workers: 4
[689.301s][debug][gc,phases      ] GC(26)     Total                          Min: 0, Avg: 3658.2, Max: 5025, Diff: 5025, Sum: 14633, Workers: 4
[689.301s][debug][gc,phases      ] GC(26)   JNI Weak                       Min:  0.0, Avg:  0.0, Max:  0.0, Diff:  0.0, Sum:  0.0, Workers: 4
[689.301s][debug][gc,phases      ] GC(26)     Dead                           Min: 0, Avg:  0.0, Max: 0, Diff: 0, Sum: 0, Workers: 4
[689.301s][debug][gc,phases      ] GC(26)     Total                          Min: 0, Avg: 13.0, Max: 48, Diff: 48, Sum: 52, Workers: 4
[689.301s][debug][gc,phases      ] GC(26)   StringDedup Table Weak         Min:  0.0, Avg:  0.0, Max:  0.0, Diff:  0.0, Sum:  0.0, Workers: 4
[689.301s][debug][gc,phases      ] GC(26)     Dead                           Min: 0, Avg:  0.0, Max: 0, Diff: 0, Sum: 0, Workers: 4
[689.301s][debug][gc,phases      ] GC(26)     Total                          Min: 0, Avg:  0.0, Max: 0, Diff: 0, Sum: 0, Workers: 4
[689.301s][debug][gc,phases      ] GC(26)   StringDedup Requests0 Weak     Min:  0.0, Avg:  0.0, Max:  0.0, Diff:  0.0, Sum:  0.0, Workers: 4
[689.301s][debug][gc,phases      ] GC(26)     Dead                           Min: 0, Avg:  0.0, Max: 0, Diff: 0, Sum: 0, Workers: 4
[689.301s][debug][gc,phases      ] GC(26)     Total                          Min: 0, Avg:  0.0, Max: 0, Diff: 0, Sum: 0, Workers: 4
[689.301s][debug][gc,phases      ] GC(26)   StringDedup Requests1 Weak     Min:  0.0, Avg:  0.0, Max:  0.0, Diff:  0.0, Sum:  0.0, Workers: 4
[689.301s][debug][gc,phases      ] GC(26)     Dead                           Min: 0, Avg:  0.0, Max: 0, Diff: 0, Sum: 0, Workers: 4
[689.301s][debug][gc,phases      ] GC(26)     Total                          Min: 0, Avg:  0.0, Max: 0, Diff: 0, Sum: 0, Workers: 4
[689.301s][debug][gc,phases      ] GC(26)   Weak JFR Old Object Samples    Min:  0.0, Avg:  0.0, Max:  0.0, Diff:  0.0, Sum:  0.0, Workers: 4
[689.301s][debug][gc,phases      ] GC(26)     Dead                           Min: 0, Avg:  0.0, Max: 0, Diff: 0, Sum: 0, Workers: 4
[689.301s][debug][gc,phases      ] GC(26)     Total                          Min: 0, Avg:  0.0, Max: 0, Diff: 0, Sum: 0, Workers: 4
[689.301s][debug][gc,phases      ] GC(26) Weak Processing 0.471ms
[689.301s][debug][gc,age         ] GC(26) Desired survivor size 167772160 bytes, new threshold 1 (max threshold 15)
[689.301s][info ][gc,heap        ] GC(26) PSYoungGen: 1724448K(1905152K)->2512K(1933312K) Eden: 1722368K(1722368K)->0K(1759744K) From: 2080K(182784K)->2512K(173568K)
[689.301s][info ][gc,heap        ] GC(26) ParOldGen: 228050K(230400K)->228763K(230400K)
[689.301s][info ][gc,metaspace   ] GC(26) Metaspace: 104170K(105408K)->104170K(105408K) NonClass: 88365K(89024K)->88365K(89024K) Class: 15805K(16384K)->15805K(16384K)
[689.301s][info ][gc             ] GC(26) Pause Young (Allocation Failure) 1906M->225M(2113M) 3.031ms
[689.301s][info ][gc,cpu         ] GC(26) User=0.01s Sys=0.00s Real=0.00s
[689.301s][info ][safepoint      ] Safepoint "ParallelGCFailedAllocation", Time since last: 3587663832 ns, Reaching safepoint: 7200 ns, Cleanup: 4601 ns, At safepoint: 3124177 ns, Total: 3135978 ns
[697.302s][info ][safepoint      ] Safepoint "Cleanup", Time since last: 8000815952 ns, Reaching safepoint: 89407 ns, Cleanup: 12201 ns, At safepoint: 8800 ns, Total: 110408 ns
[704.303s][info ][safepoint      ] Safepoint "Cleanup", Time since last: 7000585144 ns, Reaching safepoint: 83506 ns, Cleanup: 11100 ns, At safepoint: 7601 ns, Total: 102207 ns
[707.303s][info ][safepoint      ] Safepoint "Cleanup", Time since last: 3000278005 ns, Reaching safepoint: 80206 ns, Cleanup: 9901 ns, At safepoint: 7401 ns, Total: 97508 ns
[718.305s][info ][safepoint      ] Safepoint "Cleanup", Time since last: 11001744863 ns, Reaching safepoint: 82805 ns, Cleanup: 13701 ns, At safepoint: 11401 ns, Total: 107907 ns
[719.305s][info ][safepoint      ] Safepoint "Cleanup", Time since last: 1000147338 ns, Reaching safepoint: 98506 ns, Cleanup: 13201 ns, At safepoint: 11301 ns, Total: 123008 ns
[733.161s][info ][safepoint      ] Safepoint "Cleanup", Time since last: 13855463000 ns, Reaching safepoint: 3900 ns, Cleanup: 23402 ns, At safepoint: 5500 ns, Total: 32802 ns
[734.161s][info ][safepoint      ] Safepoint "Cleanup", Time since last: 1000128260 ns, Reaching safepoint: 6301 ns, Cleanup: 32702 ns, At safepoint: 2600 ns, Total: 41603 ns
[735.161s][info ][safepoint      ] Safepoint "Cleanup", Time since last: 1000113283 ns, Reaching safepoint: 5800 ns, Cleanup: 27402 ns, At safepoint: 1900 ns, Total: 35102 ns
[736.161s][info ][safepoint      ] Safepoint "Cleanup", Time since last: 1000114582 ns, Reaching safepoint: 6701 ns, Cleanup: 20201 ns, At safepoint: 2600 ns, Total: 29502 ns
[737.161s][info ][safepoint      ] Safepoint "Cleanup", Time since last: 1000128484 ns, Reaching safepoint: 77804 ns, Cleanup: 25802 ns, At safepoint: 7500 ns, Total: 111106 ns
[738.161s][info ][safepoint      ] Safepoint "Cleanup", Time since last: 1000115183 ns, Reaching safepoint: 5600 ns, Cleanup: 35503 ns, At safepoint: 2200 ns, Total: 43303 ns
[738.505s][info ][gc,start       ] GC(27) Pause Young (Allocation Failure)
[738.508s][debug][gc,phases      ] GC(27) Scavenge 2.718ms
[738.508s][debug][gc,ref         ] GC(27) ReferenceProcessor::execute queues: 1, RefProcThreadModel::Single, marks_oops_alive: false
[738.508s][debug][gc,ref         ] GC(27) Skipped KeepAliveFinalRefsPhase of Reference Processing: no references
[738.508s][debug][gc,ref         ] GC(27) ReferenceProcessor::execute queues: 1, RefProcThreadModel::Single, marks_oops_alive: false
[738.508s][debug][gc,phases      ] GC(27) Reference Processing 0.121ms
[738.508s][debug][gc,phases      ] GC(27)   VM Weak                        Min:  0.0, Avg:  0.0, Max:  0.0, Diff:  0.0, Sum:  0.0, Workers: 4
[738.508s][debug][gc,phases      ] GC(27)     Dead                           Min: 0, Avg:  0.0, Max: 0, Diff: 0, Sum: 0, Workers: 4
[738.508s][debug][gc,phases      ] GC(27)     Total                          Min: 74, Avg: 226.5, Max: 512, Diff: 438, Sum: 906, Workers: 4
[738.508s][debug][gc,phases      ] GC(27)   ObjectSynchronizer Weak        Min:  0.0, Avg:  0.0, Max:  0.0, Diff:  0.0, Sum:  0.0, Workers: 4
[738.508s][debug][gc,phases      ] GC(27)     Dead                           Min: 0, Avg:  0.0, Max: 0, Diff: 0, Sum: 0, Workers: 4
[738.508s][debug][gc,phases      ] GC(27)     Total                          Min: 0, Avg:  0.8, Max: 3, Diff: 3, Sum: 3, Workers: 4
[738.508s][debug][gc,phases      ] GC(27)   JVMTI Tag Weak OopStorage      Min:  0.0, Avg:  0.0, Max:  0.0, Diff:  0.0, Sum:  0.0, Workers: 4
[738.508s][debug][gc,phases      ] GC(27)     Dead                           Min: 0, Avg:  0.0, Max: 0, Diff: 0, Sum: 0, Workers: 4
[738.508s][debug][gc,phases      ] GC(27)     Total                          Min: 0, Avg:  0.0, Max: 0, Diff: 0, Sum: 0, Workers: 4
[738.508s][debug][gc,phases      ] GC(27)   StringTable Weak               Min:  0.1, Avg:  0.1, Max:  0.1, Diff:  0.0, Sum:  0.4, Workers: 4
[738.508s][debug][gc,phases      ] GC(27)     Dead                           Min: 0, Avg:  0.5, Max: 2, Diff: 2, Sum: 2, Workers: 4
[738.508s][debug][gc,phases      ] GC(27)     Total                          Min: 10801, Avg: 11451.8, Max: 11968, Diff: 1167, Sum: 45807, Workers: 4
[738.508s][debug][gc,phases      ] GC(27)   ResolvedMethodTable Weak       Min:  0.0, Avg:  0.0, Max:  0.0, Diff:  0.0, Sum:  0.2, Workers: 4
[738.508s][debug][gc,phases      ] GC(27)     Dead                           Min: 0, Avg:  7.0, Max: 17, Diff: 17, Sum: 28, Workers: 4
[738.508s][debug][gc,phases      ] GC(27)     Total                          Min: 3533, Avg: 3672.0, Max: 3741, Diff: 208, Sum: 14688, Workers: 4
[738.508s][debug][gc,phases      ] GC(27)   JNI Weak                       Min:  0.0, Avg:  0.0, Max:  0.0, Diff:  0.0, Sum:  0.0, Workers: 4
[738.508s][debug][gc,phases      ] GC(27)     Dead                           Min: 0, Avg:  0.0, Max: 0, Diff: 0, Sum: 0, Workers: 4
[738.508s][debug][gc,phases      ] GC(27)     Total                          Min: 0, Avg: 13.0, Max: 48, Diff: 48, Sum: 52, Workers: 4
[738.508s][debug][gc,phases      ] GC(27)   StringDedup Table Weak         Min:  0.0, Avg:  0.0, Max:  0.0, Diff:  0.0, Sum:  0.0, Workers: 4
[738.508s][debug][gc,phases      ] GC(27)     Dead                           Min: 0, Avg:  0.0, Max: 0, Diff: 0, Sum: 0, Workers: 4
[738.508s][debug][gc,phases      ] GC(27)     Total                          Min: 0, Avg:  0.0, Max: 0, Diff: 0, Sum: 0, Workers: 4
[738.508s][debug][gc,phases      ] GC(27)   StringDedup Requests0 Weak     Min:  0.0, Avg:  0.0, Max:  0.0, Diff:  0.0, Sum:  0.0, Workers: 4
[738.508s][debug][gc,phases      ] GC(27)     Dead                           Min: 0, Avg:  0.0, Max: 0, Diff: 0, Sum: 0, Workers: 4
[738.508s][debug][gc,phases      ] GC(27)     Total                          Min: 0, Avg:  0.0, Max: 0, Diff: 0, Sum: 0, Workers: 4
[738.508s][debug][gc,phases      ] GC(27)   StringDedup Requests1 Weak     Min:  0.0, Avg:  0.0, Max:  0.0, Diff:  0.0, Sum:  0.0, Workers: 4
[738.508s][debug][gc,phases      ] GC(27)     Dead                           Min: 0, Avg:  0.0, Max: 0, Diff: 0, Sum: 0, Workers: 4
[738.509s][debug][gc,phases      ] GC(27)     Total                          Min: 0, Avg:  0.0, Max: 0, Diff: 0, Sum: 0, Workers: 4
[738.509s][debug][gc,phases      ] GC(27)   Weak JFR Old Object Samples    Min:  0.0, Avg:  0.0, Max:  0.0, Diff:  0.0, Sum:  0.0, Workers: 4
[738.509s][debug][gc,phases      ] GC(27)     Dead                           Min: 0, Avg:  0.0, Max: 0, Diff: 0, Sum: 0, Workers: 4
[738.509s][debug][gc,phases      ] GC(27)     Total                          Min: 0, Avg:  0.0, Max: 0, Diff: 0, Sum: 0, Workers: 4
[738.509s][debug][gc,phases      ] GC(27) Weak Processing 0.372ms
[738.509s][debug][gc,age         ] GC(27) Desired survivor size 158859264 bytes, new threshold 1 (max threshold 15)
[738.509s][info ][gc,heap        ] GC(27) PSYoungGen: 1762256K(1933312K)->2464K(1923584K) Eden: 1759744K(1759744K)->0K(1759744K) From: 2512K(173568K)->2464K(163840K)
[738.509s][info ][gc,heap        ] GC(27) ParOldGen: 228763K(230400K)->229555K(230400K)
[738.509s][info ][gc,metaspace   ] GC(27) Metaspace: 104259K(105472K)->104259K(105472K) NonClass: 88436K(89088K)->88436K(89088K) Class: 15823K(16384K)->15823K(16384K)
[738.509s][info ][gc             ] GC(27) Pause Young (Allocation Failure) 1944M->226M(2103M) 3.351ms
[738.509s][info ][gc,cpu         ] GC(27) User=0.01s Sys=0.00s Real=0.01s
[738.509s][info ][safepoint      ] Safepoint "ParallelGCFailedAllocation", Time since last: 343784343 ns, Reaching safepoint: 9001 ns, Cleanup: 6200 ns, At safepoint: 3426114 ns, Total: 3441315 ns
[739.509s][info ][safepoint      ] Safepoint "Cleanup", Time since last: 1000110382 ns, Reaching safepoint: 7101 ns, Cleanup: 21901 ns, At safepoint: 3701 ns, Total: 32703 ns
[740.509s][info ][safepoint      ] Safepoint "Cleanup", Time since last: 1000118982 ns, Reaching safepoint: 7201 ns, Cleanup: 11701 ns, At safepoint: 2600 ns, Total: 21502 ns
[741.509s][info ][safepoint      ] Safepoint "Cleanup", Time since last: 1000137600 ns, Reaching safepoint: 79606 ns, Cleanup: 16501 ns, At safepoint: 6800 ns, Total: 102907 ns
[743.509s][info ][safepoint      ] Safepoint "Cleanup", Time since last: 2000216890 ns, Reaching safepoint: 8000 ns, Cleanup: 20601 ns, At safepoint: 2400 ns, Total: 31001 ns
[746.510s][info ][safepoint      ] Safepoint "Cleanup", Time since last: 3000273845 ns, Reaching safepoint: 6500 ns, Cleanup: 11401 ns, At safepoint: 2500 ns, Total: 20401 ns
[747.510s][info ][safepoint      ] Safepoint "Cleanup", Time since last: 1000131931 ns, Reaching safepoint: 85806 ns, Cleanup: 8600 ns, At safepoint: 8301 ns, Total: 102707 ns
[748.510s][info ][safepoint      ] Safepoint "Cleanup", Time since last: 1000126930 ns, Reaching safepoint: 7101 ns, Cleanup: 13801 ns, At safepoint: 2800 ns, Total: 23702 ns
[750.510s][info ][safepoint      ] Safepoint "Cleanup", Time since last: 2000204082 ns, Reaching safepoint: 6300 ns, Cleanup: 20301 ns, At safepoint: 2901 ns, Total: 29502 ns
[752.510s][info ][safepoint      ] Safepoint "Cleanup", Time since last: 2000184826 ns, Reaching safepoint: 6801 ns, Cleanup: 15501 ns, At safepoint: 2300 ns, Total: 24602 ns
[754.511s][info ][safepoint      ] Safepoint "Cleanup", Time since last: 2000182226 ns, Reaching safepoint: 5901 ns, Cleanup: 9800 ns, At safepoint: 2000 ns, Total: 17701 ns
[755.511s][info ][safepoint      ] Safepoint "Cleanup", Time since last: 1000122233 ns, Reaching safepoint: 6600 ns, Cleanup: 12901 ns, At safepoint: 2500 ns, Total: 22001 ns
[759.511s][info ][safepoint      ] Safepoint "Cleanup", Time since last: 4000351362 ns, Reaching safepoint: 6400 ns, Cleanup: 16601 ns, At safepoint: 2800 ns, Total: 25801 ns
[764.512s][info ][safepoint      ] Safepoint "Cleanup", Time since last: 5000413391 ns, Reaching safepoint: 7200 ns, Cleanup: 11801 ns, At safepoint: 2500 ns, Total: 21501 ns
[765.512s][info ][safepoint      ] Safepoint "Cleanup", Time since last: 1000122440 ns, Reaching safepoint: 6101 ns, Cleanup: 10900 ns, At safepoint: 2600 ns, Total: 19601 ns
[766.512s][info ][safepoint      ] Safepoint "Cleanup", Time since last: 1000120659 ns, Reaching safepoint: 6700 ns, Cleanup: 11800 ns, At safepoint: 2701 ns, Total: 21201 ns
[767.512s][info ][safepoint      ] Safepoint "Cleanup", Time since last: 1000121514 ns, Reaching safepoint: 6801 ns, Cleanup: 11800 ns, At safepoint: 2600 ns, Total: 21201 ns
[779.513s][info ][safepoint      ] Safepoint "Cleanup", Time since last: 12000916463 ns, Reaching safepoint: 7201 ns, Cleanup: 12200 ns, At safepoint: 2500 ns, Total: 21901 ns
[784.156s][info ][gc,start       ] GC(28) Pause Young (Allocation Failure)
[784.159s][debug][gc,phases      ] GC(28) Scavenge 2.816ms
[784.159s][debug][gc,ref         ] GC(28) ReferenceProcessor::execute queues: 1, RefProcThreadModel::Single, marks_oops_alive: false
[784.159s][debug][gc,ref         ] GC(28) Skipped KeepAliveFinalRefsPhase of Reference Processing: no references
[784.159s][debug][gc,ref         ] GC(28) Skipped PhantomRefsPhase of Reference Processing: no references
[784.159s][debug][gc,phases      ] GC(28) Reference Processing 0.120ms
[784.159s][debug][gc,phases      ] GC(28)   VM Weak                        Min:  0.0, Avg:  0.0, Max:  0.0, Diff:  0.0, Sum:  0.0, Workers: 4
[784.160s][debug][gc,phases      ] GC(28)     Dead                           Min: 0, Avg:  0.0, Max: 0, Diff: 0, Sum: 0, Workers: 4
[784.160s][debug][gc,phases      ] GC(28)     Total                          Min: 0, Avg: 226.5, Max: 586, Diff: 586, Sum: 906, Workers: 4
[784.160s][debug][gc,phases      ] GC(28)   ObjectSynchronizer Weak        Min:  0.0, Avg:  0.0, Max:  0.0, Diff:  0.0, Sum:  0.0, Workers: 4
[784.160s][debug][gc,phases      ] GC(28)     Dead                           Min: 0, Avg:  0.0, Max: 0, Diff: 0, Sum: 0, Workers: 4
[784.160s][debug][gc,phases      ] GC(28)     Total                          Min: 0, Avg:  0.8, Max: 3, Diff: 3, Sum: 3, Workers: 4
[784.160s][debug][gc,phases      ] GC(28)   JVMTI Tag Weak OopStorage      Min:  0.0, Avg:  0.0, Max:  0.0, Diff:  0.0, Sum:  0.0, Workers: 4
[784.160s][debug][gc,phases      ] GC(28)     Dead                           Min: 0, Avg:  0.0, Max: 0, Diff: 0, Sum: 0, Workers: 4
[784.160s][debug][gc,phases      ] GC(28)     Total                          Min: 0, Avg:  0.0, Max: 0, Diff: 0, Sum: 0, Workers: 4
[784.160s][debug][gc,phases      ] GC(28)   StringTable Weak               Min:  0.0, Avg:  0.1, Max:  0.1, Diff:  0.1, Sum:  0.4, Workers: 4
[784.160s][debug][gc,phases      ] GC(28)     Dead                           Min: 0, Avg:  0.0, Max: 0, Diff: 0, Sum: 0, Workers: 4
[784.160s][debug][gc,phases      ] GC(28)     Total                          Min: 0, Avg: 11453.2, Max: 15934, Diff: 15934, Sum: 45813, Workers: 4
[784.160s][debug][gc,phases      ] GC(28)   ResolvedMethodTable Weak       Min:  0.0, Avg:  0.0, Max:  0.1, Diff:  0.1, Sum:  0.2, Workers: 4
[784.160s][debug][gc,phases      ] GC(28)     Dead                           Min: 0, Avg:  4.0, Max: 13, Diff: 13, Sum: 16, Workers: 4
[784.160s][debug][gc,phases      ] GC(28)     Total                          Min: 0, Avg: 3672.0, Max: 5531, Diff: 5531, Sum: 14688, Workers: 4
[784.160s][debug][gc,phases      ] GC(28)   JNI Weak                       Min:  0.0, Avg:  0.0, Max:  0.0, Diff:  0.0, Sum:  0.0, Workers: 4
[784.160s][debug][gc,phases      ] GC(28)     Dead                           Min: 0, Avg:  0.0, Max: 0, Diff: 0, Sum: 0, Workers: 4
[784.160s][debug][gc,phases      ] GC(28)     Total                          Min: 0, Avg: 13.0, Max: 48, Diff: 48, Sum: 52, Workers: 4
[784.160s][debug][gc,phases      ] GC(28)   StringDedup Table Weak         Min:  0.0, Avg:  0.0, Max:  0.0, Diff:  0.0, Sum:  0.0, Workers: 4
[784.160s][debug][gc,phases      ] GC(28)     Dead                           Min: 0, Avg:  0.0, Max: 0, Diff: 0, Sum: 0, Workers: 4
[784.160s][debug][gc,phases      ] GC(28)     Total                          Min: 0, Avg:  0.0, Max: 0, Diff: 0, Sum: 0, Workers: 4
[784.160s][debug][gc,phases      ] GC(28)   StringDedup Requests0 Weak     Min:  0.0, Avg:  0.0, Max:  0.0, Diff:  0.0, Sum:  0.0, Workers: 4
[784.160s][debug][gc,phases      ] GC(28)     Dead                           Min: 0, Avg:  0.0, Max: 0, Diff: 0, Sum: 0, Workers: 4
[784.160s][debug][gc,phases      ] GC(28)     Total                          Min: 0, Avg:  0.0, Max: 0, Diff: 0, Sum: 0, Workers: 4
[784.160s][debug][gc,phases      ] GC(28)   StringDedup Requests1 Weak     Min:  0.0, Avg:  0.0, Max:  0.0, Diff:  0.0, Sum:  0.0, Workers: 4
[784.160s][debug][gc,phases      ] GC(28)     Dead                           Min: 0, Avg:  0.0, Max: 0, Diff: 0, Sum: 0, Workers: 4
[784.160s][debug][gc,phases      ] GC(28)     Total                          Min: 0, Avg:  0.0, Max: 0, Diff: 0, Sum: 0, Workers: 4
[784.160s][debug][gc,phases      ] GC(28)   Weak JFR Old Object Samples    Min:  0.0, Avg:  0.0, Max:  0.0, Diff:  0.0, Sum:  0.0, Workers: 4
[784.160s][debug][gc,phases      ] GC(28)     Dead                           Min: 0, Avg:  0.0, Max: 0, Diff: 0, Sum: 0, Workers: 4
[784.160s][debug][gc,phases      ] GC(28)     Total                          Min: 0, Avg:  0.0, Max: 0, Diff: 0, Sum: 0, Workers: 4
[784.160s][debug][gc,phases      ] GC(28) Weak Processing 0.451ms
[784.160s][debug][gc,age         ] GC(28) Desired survivor size 149422080 bytes, new threshold 1 (max threshold 15)
[784.160s][info ][gc,heap        ] GC(28) PSYoungGen: 1762208K(1923584K)->2768K(1951232K) Eden: 1759744K(1759744K)->0K(1796096K) From: 2464K(163840K)->2768K(155136K)
[784.160s][info ][gc,heap        ] GC(28) ParOldGen: 229555K(230400K)->230879K(230912K)
[784.160s][info ][gc,metaspace   ] GC(28) Metaspace: 104305K(105536K)->104305K(105536K) NonClass: 88482K(89152K)->88482K(89152K) Class: 15823K(16384K)->15823K(16384K)
[784.160s][info ][gc             ] GC(28) Pause Young (Allocation Failure) 1945M->228M(2131M) 3.532ms
[784.160s][info ][gc,cpu         ] GC(28) User=0.01s Sys=0.01s Real=0.00s
[784.160s][info ][safepoint      ] Safepoint "ParallelGCFailedAllocation", Time since last: 4643139145 ns, Reaching safepoint: 6600 ns, Cleanup: 5400 ns, At safepoint: 3605061 ns, Total: 3617061 ns
[785.160s][info ][safepoint      ] Safepoint "Cleanup", Time since last: 1000094548 ns, Reaching safepoint: 6800 ns, Cleanup: 14401 ns, At safepoint: 2600 ns, Total: 23801 ns
[793.161s][info ][safepoint      ] Safepoint "Cleanup", Time since last: 8000602340 ns, Reaching safepoint: 7400 ns, Cleanup: 12301 ns, At safepoint: 2500 ns, Total: 22201 ns
[801.161s][info ][safepoint      ] Safepoint "Cleanup", Time since last: 8000633582 ns, Reaching safepoint: 8300 ns, Cleanup: 29802 ns, At safepoint: 2900 ns, Total: 41002 ns
[802.161s][info ][safepoint      ] Safepoint "Cleanup", Time since last: 1000127725 ns, Reaching safepoint: 6801 ns, Cleanup: 27901 ns, At safepoint: 2800 ns, Total: 37502 ns
[807.162s][info ][safepoint      ] Safepoint "Cleanup", Time since last: 5000411880 ns, Reaching safepoint: 6600 ns, Cleanup: 12000 ns, At safepoint: 2400 ns, Total: 21000 ns
[808.162s][info ][safepoint      ] Safepoint "Cleanup", Time since last: 1000123500 ns, Reaching safepoint: 7601 ns, Cleanup: 11600 ns, At safepoint: 2600 ns, Total: 21801 ns
[813.162s][info ][safepoint      ] Safepoint "Cleanup", Time since last: 5000413019 ns, Reaching safepoint: 6900 ns, Cleanup: 11201 ns, At safepoint: 2300 ns, Total: 20401 ns
[814.163s][info ][safepoint      ] Safepoint "Cleanup", Time since last: 1000122172 ns, Reaching safepoint: 6400 ns, Cleanup: 11201 ns, At safepoint: 2600 ns, Total: 20201 ns
[815.163s][info ][safepoint      ] Safepoint "Cleanup", Time since last: 1000120045 ns, Reaching safepoint: 6600 ns, Cleanup: 15501 ns, At safepoint: 2400 ns, Total: 24501 ns
[820.163s][info ][safepoint      ] Safepoint "Cleanup", Time since last: 5000395314 ns, Reaching safepoint: 5500 ns, Cleanup: 8201 ns, At safepoint: 2700 ns, Total: 16401 ns
[821.163s][info ][safepoint      ] Safepoint "Cleanup", Time since last: 1000116579 ns, Reaching safepoint: 6600 ns, Cleanup: 11901 ns, At safepoint: 2900 ns, Total: 21401 ns
[824.164s][info ][safepoint      ] Safepoint "Cleanup", Time since last: 3000285684 ns, Reaching safepoint: 7201 ns, Cleanup: 15000 ns, At safepoint: 2600 ns, Total: 24801 ns
[830.003s][info ][gc,start       ] GC(29) Pause Young (Allocation Failure)
[830.007s][debug][gc,phases      ] GC(29) Scavenge 3.585ms
[830.007s][debug][gc,ref         ] GC(29) ReferenceProcessor::execute queues: 1, RefProcThreadModel::Single, marks_oops_alive: false
[830.007s][debug][gc,ref         ] GC(29) Skipped KeepAliveFinalRefsPhase of Reference Processing: no references
[830.007s][debug][gc,ref         ] GC(29) Skipped PhantomRefsPhase of Reference Processing: no references
[830.007s][debug][gc,phases      ] GC(29) Reference Processing 0.113ms
[830.007s][debug][gc,phases      ] GC(29)   VM Weak                        Min:  0.0, Avg:  0.0, Max:  0.0, Diff:  0.0, Sum:  0.0, Workers: 4
[830.007s][debug][gc,phases      ] GC(29)     Dead                           Min: 0, Avg:  0.0, Max: 0, Diff: 0, Sum: 0, Workers: 4
[830.007s][debug][gc,phases      ] GC(29)     Total                          Min: 0, Avg: 226.5, Max: 906, Diff: 906, Sum: 906, Workers: 4
[830.007s][debug][gc,phases      ] GC(29)   ObjectSynchronizer Weak        Min:  0.0, Avg:  0.0, Max:  0.0, Diff:  0.0, Sum:  0.0, Workers: 4
[830.007s][debug][gc,phases      ] GC(29)     Dead                           Min: 0, Avg:  0.0, Max: 0, Diff: 0, Sum: 0, Workers: 4
[830.007s][debug][gc,phases      ] GC(29)     Total                          Min: 0, Avg:  0.8, Max: 3, Diff: 3, Sum: 3, Workers: 4
[830.007s][debug][gc,phases      ] GC(29)   JVMTI Tag Weak OopStorage      Min:  0.0, Avg:  0.0, Max:  0.0, Diff:  0.0, Sum:  0.0, Workers: 4
[830.007s][debug][gc,phases      ] GC(29)     Dead                           Min: 0, Avg:  0.0, Max: 0, Diff: 0, Sum: 0, Workers: 4
[830.007s][debug][gc,phases      ] GC(29)     Total                          Min: 0, Avg:  0.0, Max: 0, Diff: 0, Sum: 0, Workers: 4
[830.007s][debug][gc,phases      ] GC(29)   StringTable Weak               Min:  0.0, Avg:  0.1, Max:  0.1, Diff:  0.1, Sum:  0.4, Workers: 4
[830.007s][debug][gc,phases      ] GC(29)     Dead                           Min: 0, Avg:  0.0, Max: 0, Diff: 0, Sum: 0, Workers: 4
[830.007s][debug][gc,phases      ] GC(29)     Total                          Min: 0, Avg: 11453.2, Max: 16128, Diff: 16128, Sum: 45813, Workers: 4
[830.007s][debug][gc,phases      ] GC(29)   ResolvedMethodTable Weak       Min:  0.0, Avg:  0.0, Max:  0.0, Diff:  0.0, Sum:  0.1, Workers: 4
[830.008s][debug][gc,phases      ] GC(29)     Dead                           Min: 0, Avg:  4.0, Max: 16, Diff: 16, Sum: 16, Workers: 4
[830.008s][debug][gc,phases      ] GC(29)     Total                          Min: 0, Avg: 3672.0, Max: 5302, Diff: 5302, Sum: 14688, Workers: 4
[830.008s][debug][gc,phases      ] GC(29)   JNI Weak                       Min:  0.0, Avg:  0.0, Max:  0.0, Diff:  0.0, Sum:  0.0, Workers: 4
[830.008s][debug][gc,phases      ] GC(29)     Dead                           Min: 0, Avg:  0.0, Max: 0, Diff: 0, Sum: 0, Workers: 4
[830.008s][debug][gc,phases      ] GC(29)     Total                          Min: 0, Avg: 13.0, Max: 48, Diff: 48, Sum: 52, Workers: 4
[830.008s][debug][gc,phases      ] GC(29)   StringDedup Table Weak         Min:  0.0, Avg:  0.0, Max:  0.0, Diff:  0.0, Sum:  0.0, Workers: 4
[830.008s][debug][gc,phases      ] GC(29)     Dead                           Min: 0, Avg:  0.0, Max: 0, Diff: 0, Sum: 0, Workers: 4
[830.008s][debug][gc,phases      ] GC(29)     Total                          Min: 0, Avg:  0.0, Max: 0, Diff: 0, Sum: 0, Workers: 4
[830.008s][debug][gc,phases      ] GC(29)   StringDedup Requests0 Weak     Min:  0.0, Avg:  0.0, Max:  0.0, Diff:  0.0, Sum:  0.0, Workers: 4
[830.008s][debug][gc,phases      ] GC(29)     Dead                           Min: 0, Avg:  0.0, Max: 0, Diff: 0, Sum: 0, Workers: 4
[830.008s][debug][gc,phases      ] GC(29)     Total                          Min: 0, Avg:  0.0, Max: 0, Diff: 0, Sum: 0, Workers: 4
[830.008s][debug][gc,phases      ] GC(29)   StringDedup Requests1 Weak     Min:  0.0, Avg:  0.0, Max:  0.0, Diff:  0.0, Sum:  0.0, Workers: 4
[830.008s][debug][gc,phases      ] GC(29)     Dead                           Min: 0, Avg:  0.0, Max: 0, Diff: 0, Sum: 0, Workers: 4
[830.008s][debug][gc,phases      ] GC(29)     Total                          Min: 0, Avg:  0.0, Max: 0, Diff: 0, Sum: 0, Workers: 4
[830.008s][debug][gc,phases      ] GC(29)   Weak JFR Old Object Samples    Min:  0.0, Avg:  0.0, Max:  0.0, Diff:  0.0, Sum:  0.0, Workers: 4
[830.008s][debug][gc,phases      ] GC(29)     Dead                           Min: 0, Avg:  0.0, Max: 0, Diff: 0, Sum: 0, Workers: 4
[830.008s][debug][gc,phases      ] GC(29)     Total                          Min: 0, Avg:  0.0, Max: 0, Diff: 0, Sum: 0, Workers: 4
[830.008s][debug][gc,phases      ] GC(29) Weak Processing 0.392ms
[830.008s][debug][gc,age         ] GC(29) Desired survivor size 140509184 bytes, new threshold 1 (max threshold 15)
[830.008s][info ][gc,heap        ] GC(29) PSYoungGen: 1798864K(1951232K)->2000K(1942016K) Eden: 1796096K(1796096K)->0K(1796096K) From: 2768K(155136K)->2000K(145920K)
[830.008s][info ][gc,heap        ] GC(29) ParOldGen: 230879K(230912K)->232424K(232448K)
[830.008s][info ][gc,metaspace   ] GC(29) Metaspace: 104343K(105536K)->104343K(105536K) NonClass: 88519K(89152K)->88519K(89152K) Class: 15823K(16384K)->15823K(16384K)
[830.008s][info ][gc             ] GC(29) Pause Young (Allocation Failure) 1982M->228M(2123M) 4.251ms
[830.008s][info ][gc,cpu         ] GC(29) User=0.00s Sys=0.00s Real=0.01s
[830.008s][info ][safepoint      ] Safepoint "ParallelGCFailedAllocation", Time since last: 5839797082 ns, Reaching safepoint: 8301 ns, Cleanup: 5500 ns, At safepoint: 4357028 ns, Total: 4370829 ns
[832.008s][info ][safepoint      ] Safepoint "Cleanup", Time since last: 2000154685 ns, Reaching safepoint: 79104 ns, Cleanup: 10400 ns, At safepoint: 7300 ns, Total: 96804 ns
[834.008s][info ][safepoint      ] Safepoint "Cleanup", Time since last: 2000193509 ns, Reaching safepoint: 79003 ns, Cleanup: 11400 ns, At safepoint: 6901 ns, Total: 97304 ns
[837.009s][info ][safepoint      ] Safepoint "Cleanup", Time since last: 3000280687 ns, Reaching safepoint: 80904 ns, Cleanup: 17201 ns, At safepoint: 17701 ns, Total: 115806 ns
[838.009s][info ][safepoint      ] Safepoint "Cleanup", Time since last: 1000127955 ns, Reaching safepoint: 7400 ns, Cleanup: 11500 ns, At safepoint: 3001 ns, Total: 21901 ns
[839.009s][info ][safepoint      ] Safepoint "Cleanup", Time since last: 1000131905 ns, Reaching safepoint: 81204 ns, Cleanup: 11401 ns, At safepoint: 7400 ns, Total: 100005 ns
[840.009s][info ][safepoint      ] Safepoint "Cleanup", Time since last: 1000121353 ns, Reaching safepoint: 6300 ns, Cleanup: 12501 ns, At safepoint: 2700 ns, Total: 21501 ns
[841.009s][info ][safepoint      ] Safepoint "Cleanup", Time since last: 1000123353 ns, Reaching safepoint: 6401 ns, Cleanup: 12900 ns, At safepoint: 2500 ns, Total: 21801 ns
[852.010s][info ][safepoint      ] Safepoint "Cleanup", Time since last: 11000846316 ns, Reaching safepoint: 6700 ns, Cleanup: 10900 ns, At safepoint: 2200 ns, Total: 19800 ns
[854.010s][info ][safepoint      ] Safepoint "Cleanup", Time since last: 2000202281 ns, Reaching safepoint: 7001 ns, Cleanup: 12500 ns, At safepoint: 2800 ns, Total: 22301 ns
[856.011s][info ][safepoint      ] Safepoint "Cleanup", Time since last: 2000198955 ns, Reaching safepoint: 7101 ns, Cleanup: 16600 ns, At safepoint: 16601 ns, Total: 40302 ns
[860.011s][info ][safepoint      ] Safepoint "Cleanup", Time since last: 4000333322 ns, Reaching safepoint: 7900 ns, Cleanup: 14201 ns, At safepoint: 2400 ns, Total: 24501 ns
[871.012s][info ][safepoint      ] Safepoint "Cleanup", Time since last: 11000839063 ns, Reaching safepoint: 6200 ns, Cleanup: 12301 ns, At safepoint: 3000 ns, Total: 21501 ns
[873.012s][info ][safepoint      ] Safepoint "Cleanup", Time since last: 2000198282 ns, Reaching safepoint: 5600 ns, Cleanup: 20501 ns, At safepoint: 2400 ns, Total: 28501 ns
[875.012s][info ][safepoint      ] Safepoint "Cleanup", Time since last: 2000189892 ns, Reaching safepoint: 6600 ns, Cleanup: 14701 ns, At safepoint: 2600 ns, Total: 23901 ns
[876.341s][info ][gc,start       ] GC(30) Pause Young (Allocation Failure)
[876.344s][debug][gc,phases      ] GC(30) Scavenge 2.578ms
[876.344s][debug][gc,ref         ] GC(30) ReferenceProcessor::execute queues: 1, RefProcThreadModel::Single, marks_oops_alive: false
[876.344s][debug][gc,ref         ] GC(30) Skipped KeepAliveFinalRefsPhase of Reference Processing: no references
[876.344s][debug][gc,ref         ] GC(30) ReferenceProcessor::execute queues: 1, RefProcThreadModel::Single, marks_oops_alive: false
[876.344s][debug][gc,phases      ] GC(30) Reference Processing 0.114ms
[876.345s][debug][gc,phases      ] GC(30)   VM Weak                        Min:  0.0, Avg:  0.0, Max:  0.0, Diff:  0.0, Sum:  0.0, Workers: 4
[876.345s][debug][gc,phases      ] GC(30)     Dead                           Min: 0, Avg:  0.0, Max: 0, Diff: 0, Sum: 0, Workers: 4
[876.345s][debug][gc,phases      ] GC(30)     Total                          Min: 0, Avg: 227.5, Max: 590, Diff: 590, Sum: 910, Workers: 4
[876.345s][debug][gc,phases      ] GC(30)   ObjectSynchronizer Weak        Min:  0.0, Avg:  0.0, Max:  0.0, Diff:  0.0, Sum:  0.0, Workers: 4
[876.345s][debug][gc,phases      ] GC(30)     Dead                           Min: 0, Avg:  0.0, Max: 0, Diff: 0, Sum: 0, Workers: 4
[876.345s][debug][gc,phases      ] GC(30)     Total                          Min: 0, Avg:  0.8, Max: 3, Diff: 3, Sum: 3, Workers: 4
[876.345s][debug][gc,phases      ] GC(30)   JVMTI Tag Weak OopStorage      Min:  0.0, Avg:  0.0, Max:  0.0, Diff:  0.0, Sum:  0.0, Workers: 4
[876.345s][debug][gc,phases      ] GC(30)     Dead                           Min: 0, Avg:  0.0, Max: 0, Diff: 0, Sum: 0, Workers: 4
[876.345s][debug][gc,phases      ] GC(30)     Total                          Min: 0, Avg:  0.0, Max: 0, Diff: 0, Sum: 0, Workers: 4
[876.345s][debug][gc,phases      ] GC(30)   StringTable Weak               Min:  0.0, Avg:  0.1, Max:  0.1, Diff:  0.1, Sum:  0.4, Workers: 4
[876.345s][debug][gc,phases      ] GC(30)     Dead                           Min: 0, Avg:  0.2, Max: 1, Diff: 1, Sum: 1, Workers: 4
[876.345s][debug][gc,phases      ] GC(30)     Total                          Min: 0, Avg: 11456.2, Max: 16705, Diff: 16705, Sum: 45825, Workers: 4
[876.345s][debug][gc,phases      ] GC(30)   ResolvedMethodTable Weak       Min:  0.0, Avg:  0.0, Max:  0.0, Diff:  0.0, Sum:  0.1, Workers: 4
[876.345s][debug][gc,phases      ] GC(30)     Dead                           Min: 0, Avg:  4.0, Max: 16, Diff: 16, Sum: 16, Workers: 4
[876.345s][debug][gc,phases      ] GC(30)     Total                          Min: 0, Avg: 3674.8, Max: 5256, Diff: 5256, Sum: 14699, Workers: 4
[876.345s][debug][gc,phases      ] GC(30)   JNI Weak                       Min:  0.0, Avg:  0.0, Max:  0.0, Diff:  0.0, Sum:  0.0, Workers: 4
[876.345s][debug][gc,phases      ] GC(30)     Dead                           Min: 0, Avg:  0.0, Max: 0, Diff: 0, Sum: 0, Workers: 4
[876.345s][debug][gc,phases      ] GC(30)     Total                          Min: 0, Avg: 13.0, Max: 48, Diff: 48, Sum: 52, Workers: 4
[876.345s][debug][gc,phases      ] GC(30)   StringDedup Table Weak         Min:  0.0, Avg:  0.0, Max:  0.0, Diff:  0.0, Sum:  0.0, Workers: 4
[876.345s][debug][gc,phases      ] GC(30)     Dead                           Min: 0, Avg:  0.0, Max: 0, Diff: 0, Sum: 0, Workers: 4
[876.345s][debug][gc,phases      ] GC(30)     Total                          Min: 0, Avg:  0.0, Max: 0, Diff: 0, Sum: 0, Workers: 4
[876.345s][debug][gc,phases      ] GC(30)   StringDedup Requests0 Weak     Min:  0.0, Avg:  0.0, Max:  0.0, Diff:  0.0, Sum:  0.0, Workers: 4
[876.345s][debug][gc,phases      ] GC(30)     Dead                           Min: 0, Avg:  0.0, Max: 0, Diff: 0, Sum: 0, Workers: 4
[876.345s][debug][gc,phases      ] GC(30)     Total                          Min: 0, Avg:  0.0, Max: 0, Diff: 0, Sum: 0, Workers: 4
[876.345s][debug][gc,phases      ] GC(30)   StringDedup Requests1 Weak     Min:  0.0, Avg:  0.0, Max:  0.0, Diff:  0.0, Sum:  0.0, Workers: 4
[876.345s][debug][gc,phases      ] GC(30)     Dead                           Min: 0, Avg:  0.0, Max: 0, Diff: 0, Sum: 0, Workers: 4
[876.345s][debug][gc,phases      ] GC(30)     Total                          Min: 0, Avg:  0.0, Max: 0, Diff: 0, Sum: 0, Workers: 4
[876.345s][debug][gc,phases      ] GC(30)   Weak JFR Old Object Samples    Min:  0.0, Avg:  0.0, Max:  0.0, Diff:  0.0, Sum:  0.0, Workers: 4
[876.345s][debug][gc,phases      ] GC(30)     Dead                           Min: 0, Avg:  0.0, Max: 0, Diff: 0, Sum: 0, Workers: 4
[876.345s][debug][gc,phases      ] GC(30)     Total                          Min: 0, Avg:  0.0, Max: 0, Diff: 0, Sum: 0, Workers: 4
[876.345s][debug][gc,phases      ] GC(30) Weak Processing 0.420ms
[876.345s][debug][gc,age         ] GC(30) Desired survivor size 132120576 bytes, new threshold 1 (max threshold 15)
[876.345s][info ][gc,heap        ] GC(30) PSYoungGen: 1798096K(1942016K)->2768K(1968128K) Eden: 1796096K(1796096K)->0K(1830912K) From: 2000K(145920K)->2768K(137216K)
[876.345s][info ][gc,heap        ] GC(30) ParOldGen: 232424K(232448K)->233388K(233472K)
[876.345s][info ][gc,metaspace   ] GC(30) Metaspace: 104404K(105600K)->104404K(105600K) NonClass: 88574K(89216K)->88574K(89216K) Class: 15829K(16384K)->15829K(16384K)
[876.345s][info ][gc             ] GC(30) Pause Young (Allocation Failure) 1982M->230M(2150M) 3.235ms
[876.345s][info ][gc,cpu         ] GC(30) User=0.01s Sys=0.00s Real=0.00s
[876.345s][info ][safepoint      ] Safepoint "ParallelGCFailedAllocation", Time since last: 1329138384 ns, Reaching safepoint: 7300 ns, Cleanup: 6001 ns, At safepoint: 3326849 ns, Total: 3340150 ns
[880.345s][info ][safepoint      ] Safepoint "Cleanup", Time since last: 4000299416 ns, Reaching safepoint: 6600 ns, Cleanup: 11801 ns, At safepoint: 2900 ns, Total: 21301 ns
[885.345s][info ][safepoint      ] Safepoint "Cleanup", Time since last: 5000391748 ns, Reaching safepoint: 5800 ns, Cleanup: 12301 ns, At safepoint: 2200 ns, Total: 20301 ns
[889.346s][info ][safepoint      ] Safepoint "Cleanup", Time since last: 4000314658 ns, Reaching safepoint: 5701 ns, Cleanup: 10700 ns, At safepoint: 2400 ns, Total: 18801 ns
[894.346s][info ][safepoint      ] Safepoint "Cleanup", Time since last: 5000391649 ns, Reaching safepoint: 6000 ns, Cleanup: 8400 ns, At safepoint: 2000 ns, Total: 16400 ns
[895.346s][info ][safepoint      ] Safepoint "Cleanup", Time since last: 1000104525 ns, Reaching safepoint: 6101 ns, Cleanup: 10200 ns, At safepoint: 2700 ns, Total: 19001 ns
[897.347s][info ][safepoint      ] Safepoint "Cleanup", Time since last: 2000177349 ns, Reaching safepoint: 6001 ns, Cleanup: 9500 ns, At safepoint: 2200 ns, Total: 17701 ns
[913.348s][info ][safepoint      ] Safepoint "Cleanup", Time since last: 16001160722 ns, Reaching safepoint: 10000 ns, Cleanup: 38101 ns, At safepoint: 2400 ns, Total: 50501 ns
[917.348s][info ][safepoint      ] Safepoint "Cleanup", Time since last: 4000326556 ns, Reaching safepoint: 8600 ns, Cleanup: 22101 ns, At safepoint: 2300 ns, Total: 33001 ns
[918.348s][info ][safepoint      ] Safepoint "Cleanup", Time since last: 1000131736 ns, Reaching safepoint: 8200 ns, Cleanup: 15701 ns, At safepoint: 2400 ns, Total: 26301 ns
[924.057s][info ][gc,start       ] GC(31) Pause Young (Allocation Failure)
[924.061s][debug][gc,phases      ] GC(31) Scavenge 4.455ms
[924.061s][debug][gc,ref         ] GC(31) ReferenceProcessor::execute queues: 1, RefProcThreadModel::Single, marks_oops_alive: false
[924.061s][debug][gc,ref         ] GC(31) Skipped KeepAliveFinalRefsPhase of Reference Processing: no references
[924.061s][debug][gc,ref         ] GC(31) ReferenceProcessor::execute queues: 1, RefProcThreadModel::Single, marks_oops_alive: false
[924.061s][debug][gc,phases      ] GC(31) Reference Processing 0.123ms
[924.062s][debug][gc,phases      ] GC(31)   VM Weak                        Min:  0.0, Avg:  0.0, Max:  0.0, Diff:  0.0, Sum:  0.0, Workers: 4
[924.062s][debug][gc,phases      ] GC(31)     Dead                           Min: 0, Avg:  0.0, Max: 0, Diff: 0, Sum: 0, Workers: 4
[924.062s][debug][gc,phases      ] GC(31)     Total                          Min: 0, Avg: 227.8, Max: 704, Diff: 704, Sum: 911, Workers: 4
[924.062s][debug][gc,phases      ] GC(31)   ObjectSynchronizer Weak        Min:  0.0, Avg:  0.0, Max:  0.0, Diff:  0.0, Sum:  0.0, Workers: 4
[924.062s][debug][gc,phases      ] GC(31)     Dead                           Min: 0, Avg:  0.0, Max: 0, Diff: 0, Sum: 0, Workers: 4
[924.062s][debug][gc,phases      ] GC(31)     Total                          Min: 0, Avg:  0.8, Max: 3, Diff: 3, Sum: 3, Workers: 4
[924.062s][debug][gc,phases      ] GC(31)   JVMTI Tag Weak OopStorage      Min:  0.0, Avg:  0.0, Max:  0.0, Diff:  0.0, Sum:  0.0, Workers: 4
[924.062s][debug][gc,phases      ] GC(31)     Dead                           Min: 0, Avg:  0.0, Max: 0, Diff: 0, Sum: 0, Workers: 4
[924.062s][debug][gc,phases      ] GC(31)     Total                          Min: 0, Avg:  0.0, Max: 0, Diff: 0, Sum: 0, Workers: 4
[924.062s][debug][gc,phases      ] GC(31)   StringTable Weak               Min:  0.0, Avg:  0.1, Max:  0.2, Diff:  0.2, Sum:  0.4, Workers: 4
[924.062s][debug][gc,phases      ] GC(31)     Dead                           Min: 0, Avg:  0.2, Max: 1, Diff: 1, Sum: 1, Workers: 4
[924.062s][debug][gc,phases      ] GC(31)     Total                          Min: 0, Avg: 11490.2, Max: 15808, Diff: 15808, Sum: 45961, Workers: 4
[924.062s][debug][gc,phases      ] GC(31)   ResolvedMethodTable Weak       Min:  0.0, Avg:  0.1, Max:  0.1, Diff:  0.1, Sum:  0.2, Workers: 4
[924.062s][debug][gc,phases      ] GC(31)     Dead                           Min: 0, Avg:  6.8, Max: 27, Diff: 27, Sum: 27, Workers: 4
[924.062s][debug][gc,phases      ] GC(31)     Total                          Min: 0, Avg: 3683.5, Max: 5446, Diff: 5446, Sum: 14734, Workers: 4
[924.062s][debug][gc,phases      ] GC(31)   JNI Weak                       Min:  0.0, Avg:  0.0, Max:  0.0, Diff:  0.0, Sum:  0.0, Workers: 4
[924.062s][debug][gc,phases      ] GC(31)     Dead                           Min: 0, Avg:  0.0, Max: 0, Diff: 0, Sum: 0, Workers: 4
[924.062s][debug][gc,phases      ] GC(31)     Total                          Min: 0, Avg: 13.0, Max: 48, Diff: 48, Sum: 52, Workers: 4
[924.062s][debug][gc,phases      ] GC(31)   StringDedup Table Weak         Min:  0.0, Avg:  0.0, Max:  0.0, Diff:  0.0, Sum:  0.0, Workers: 4
[924.062s][debug][gc,phases      ] GC(31)     Dead                           Min: 0, Avg:  0.0, Max: 0, Diff: 0, Sum: 0, Workers: 4
[924.062s][debug][gc,phases      ] GC(31)     Total                          Min: 0, Avg:  0.0, Max: 0, Diff: 0, Sum: 0, Workers: 4
[924.062s][debug][gc,phases      ] GC(31)   StringDedup Requests0 Weak     Min:  0.0, Avg:  0.0, Max:  0.0, Diff:  0.0, Sum:  0.0, Workers: 4
[924.062s][debug][gc,phases      ] GC(31)     Dead                           Min: 0, Avg:  0.0, Max: 0, Diff: 0, Sum: 0, Workers: 4
[924.062s][debug][gc,phases      ] GC(31)     Total                          Min: 0, Avg:  0.0, Max: 0, Diff: 0, Sum: 0, Workers: 4
[924.062s][debug][gc,phases      ] GC(31)   StringDedup Requests1 Weak     Min:  0.0, Avg:  0.0, Max:  0.0, Diff:  0.0, Sum:  0.0, Workers: 4
[924.062s][debug][gc,phases      ] GC(31)     Dead                           Min: 0, Avg:  0.0, Max: 0, Diff: 0, Sum: 0, Workers: 4
[924.062s][debug][gc,phases      ] GC(31)     Total                          Min: 0, Avg:  0.0, Max: 0, Diff: 0, Sum: 0, Workers: 4
[924.062s][debug][gc,phases      ] GC(31)   Weak JFR Old Object Samples    Min:  0.0, Avg:  0.0, Max:  0.0, Diff:  0.0, Sum:  0.0, Workers: 4
[924.062s][debug][gc,phases      ] GC(31)     Dead                           Min: 0, Avg:  0.0, Max: 0, Diff: 0, Sum: 0, Workers: 4
[924.062s][debug][gc,phases      ] GC(31)     Total                          Min: 0, Avg:  0.0, Max: 0, Diff: 0, Sum: 0, Workers: 4
[924.062s][debug][gc,phases      ] GC(31) Weak Processing 0.452ms
[924.062s][debug][gc,age         ] GC(31) Desired survivor size 123731968 bytes, new threshold 1 (max threshold 15)
[924.062s][info ][gc,heap        ] GC(31) PSYoungGen: 1833680K(1968128K)->2576K(1959936K) Eden: 1830912K(1830912K)->0K(1830912K) From: 2768K(137216K)->2576K(129024K)
[924.062s][info ][gc,heap        ] GC(31) ParOldGen: 233388K(233472K)->234513K(235008K)
[924.062s][info ][gc,metaspace   ] GC(31) Metaspace: 104568K(105792K)->104568K(105792K) NonClass: 88717K(89408K)->88717K(89408K) Class: 15851K(16384K)->15851K(16384K)
[924.062s][info ][gc             ] GC(31) Pause Young (Allocation Failure) 2018M->231M(2143M) 5.179ms
[924.062s][info ][gc,cpu         ] GC(31) User=0.01s Sys=0.00s Real=0.00s
[924.062s][info ][safepoint      ] Safepoint "ParallelGCFailedAllocation", Time since last: 5708396188 ns, Reaching safepoint: 7500 ns, Cleanup: 5100 ns, At safepoint: 5252509 ns, Total: 5265109 ns
[956.064s][info ][safepoint      ] Safepoint "Cleanup", Time since last: 32002316214 ns, Reaching safepoint: 7800 ns, Cleanup: 13401 ns, At safepoint: 2800 ns, Total: 24001 ns
[958.064s][info ][safepoint      ] Safepoint "Cleanup", Time since last: 2000190438 ns, Reaching safepoint: 7000 ns, Cleanup: 12201 ns, At safepoint: 2800 ns, Total: 22001 ns
[968.065s][info ][safepoint      ] Safepoint "Cleanup", Time since last: 10000743939 ns, Reaching safepoint: 7301 ns, Cleanup: 11600 ns, At safepoint: 2800 ns, Total: 21701 ns
[969.065s][info ][safepoint      ] Safepoint "Cleanup", Time since last: 1000119537 ns, Reaching safepoint: 7700 ns, Cleanup: 14800 ns, At safepoint: 2500 ns, Total: 25000 ns
[972.253s][info ][gc,start       ] GC(32) Pause Young (Allocation Failure)
[972.257s][debug][gc,phases      ] GC(32) Scavenge 3.652ms
[972.257s][debug][gc,ref         ] GC(32) ReferenceProcessor::execute queues: 1, RefProcThreadModel::Single, marks_oops_alive: false
[972.257s][debug][gc,ref         ] GC(32) Skipped KeepAliveFinalRefsPhase of Reference Processing: no references
[972.257s][debug][gc,ref         ] GC(32) ReferenceProcessor::execute queues: 1, RefProcThreadModel::Single, marks_oops_alive: false
[972.257s][debug][gc,phases      ] GC(32) Reference Processing 0.134ms
[972.258s][debug][gc,phases      ] GC(32)   VM Weak                        Min:  0.0, Avg:  0.0, Max:  0.0, Diff:  0.0, Sum:  0.0, Workers: 4
[972.258s][debug][gc,phases      ] GC(32)     Dead                           Min: 0, Avg:  0.0, Max: 0, Diff: 0, Sum: 0, Workers: 4
[972.258s][debug][gc,phases      ] GC(32)     Total                          Min: 0, Avg: 227.8, Max: 463, Diff: 463, Sum: 911, Workers: 4
[972.258s][debug][gc,phases      ] GC(32)   ObjectSynchronizer Weak        Min:  0.0, Avg:  0.0, Max:  0.0, Diff:  0.0, Sum:  0.0, Workers: 4
[972.258s][debug][gc,phases      ] GC(32)     Dead                           Min: 0, Avg:  0.0, Max: 0, Diff: 0, Sum: 0, Workers: 4
[972.258s][debug][gc,phases      ] GC(32)     Total                          Min: 0, Avg:  0.8, Max: 3, Diff: 3, Sum: 3, Workers: 4
[972.258s][debug][gc,phases      ] GC(32)   JVMTI Tag Weak OopStorage      Min:  0.0, Avg:  0.0, Max:  0.0, Diff:  0.0, Sum:  0.0, Workers: 4
[972.258s][debug][gc,phases      ] GC(32)     Dead                           Min: 0, Avg:  0.0, Max: 0, Diff: 0, Sum: 0, Workers: 4
[972.258s][debug][gc,phases      ] GC(32)     Total                          Min: 0, Avg:  0.0, Max: 0, Diff: 0, Sum: 0, Workers: 4
[972.258s][debug][gc,phases      ] GC(32)   StringTable Weak               Min:  0.0, Avg:  0.1, Max:  0.1, Diff:  0.1, Sum:  0.4, Workers: 4
[972.258s][debug][gc,phases      ] GC(32)     Dead                           Min: 0, Avg:  0.0, Max: 0, Diff: 0, Sum: 0, Workers: 4
[972.258s][debug][gc,phases      ] GC(32)     Total                          Min: 0, Avg: 11492.2, Max: 16896, Diff: 16896, Sum: 45969, Workers: 4
[972.258s][debug][gc,phases      ] GC(32)   ResolvedMethodTable Weak       Min:  0.0, Avg:  0.0, Max:  0.1, Diff:  0.1, Sum:  0.2, Workers: 4
[972.258s][debug][gc,phases      ] GC(32)     Dead                           Min: 0, Avg:  4.0, Max: 15, Diff: 15, Sum: 16, Workers: 4
[972.258s][debug][gc,phases      ] GC(32)     Total                          Min: 0, Avg: 3683.5, Max: 5391, Diff: 5391, Sum: 14734, Workers: 4
[972.258s][debug][gc,phases      ] GC(32)   JNI Weak                       Min:  0.0, Avg:  0.0, Max:  0.0, Diff:  0.0, Sum:  0.0, Workers: 4
[972.258s][debug][gc,phases      ] GC(32)     Dead                           Min: 0, Avg:  0.0, Max: 0, Diff: 0, Sum: 0, Workers: 4
[972.258s][debug][gc,phases      ] GC(32)     Total                          Min: 0, Avg: 13.0, Max: 48, Diff: 48, Sum: 52, Workers: 4
[972.258s][debug][gc,phases      ] GC(32)   StringDedup Table Weak         Min:  0.0, Avg:  0.0, Max:  0.0, Diff:  0.0, Sum:  0.0, Workers: 4
[972.258s][debug][gc,phases      ] GC(32)     Dead                           Min: 0, Avg:  0.0, Max: 0, Diff: 0, Sum: 0, Workers: 4
[972.258s][debug][gc,phases      ] GC(32)     Total                          Min: 0, Avg:  0.0, Max: 0, Diff: 0, Sum: 0, Workers: 4
[972.258s][debug][gc,phases      ] GC(32)   StringDedup Requests0 Weak     Min:  0.0, Avg:  0.0, Max:  0.0, Diff:  0.0, Sum:  0.0, Workers: 4
[972.258s][debug][gc,phases      ] GC(32)     Dead                           Min: 0, Avg:  0.0, Max: 0, Diff: 0, Sum: 0, Workers: 4
[972.258s][debug][gc,phases      ] GC(32)     Total                          Min: 0, Avg:  0.0, Max: 0, Diff: 0, Sum: 0, Workers: 4
[972.258s][debug][gc,phases      ] GC(32)   StringDedup Requests1 Weak     Min:  0.0, Avg:  0.0, Max:  0.0, Diff:  0.0, Sum:  0.0, Workers: 4
[972.258s][debug][gc,phases      ] GC(32)     Dead                           Min: 0, Avg:  0.0, Max: 0, Diff: 0, Sum: 0, Workers: 4
[972.258s][debug][gc,phases      ] GC(32)     Total                          Min: 0, Avg:  0.0, Max: 0, Diff: 0, Sum: 0, Workers: 4
[972.258s][debug][gc,phases      ] GC(32)   Weak JFR Old Object Samples    Min:  0.0, Avg:  0.0, Max:  0.0, Diff:  0.0, Sum:  0.0, Workers: 4
[972.258s][debug][gc,phases      ] GC(32)     Dead                           Min: 0, Avg:  0.0, Max: 0, Diff: 0, Sum: 0, Workers: 4
[972.258s][debug][gc,phases      ] GC(32)     Total                          Min: 0, Avg:  0.0, Max: 0, Diff: 0, Sum: 0, Workers: 4
[972.258s][debug][gc,phases      ] GC(32) Weak Processing 0.458ms
[972.258s][debug][gc,age         ] GC(32) Desired survivor size 115867648 bytes, new threshold 1 (max threshold 15)
[972.258s][info ][gc,heap        ] GC(32) PSYoungGen: 1833488K(1959936K)->2160K(1984000K) Eden: 1830912K(1830912K)->0K(1863168K) From: 2576K(129024K)->2160K(120832K)
[972.258s][info ][gc,heap        ] GC(32) ParOldGen: 234513K(235008K)->235677K(236032K)
[972.258s][info ][gc,metaspace   ] GC(32) Metaspace: 104580K(105856K)->104580K(105856K) NonClass: 88729K(89472K)->88729K(89472K) Class: 15851K(16384K)->15851K(16384K)
[972.258s][info ][gc             ] GC(32) Pause Young (Allocation Failure) 2019M->232M(2168M) 4.412ms
[972.258s][info ][gc,cpu         ] GC(32) User=0.01s Sys=0.00s Real=0.01s
[972.258s][info ][safepoint      ] Safepoint "ParallelGCFailedAllocation", Time since last: 3187961482 ns, Reaching safepoint: 10001 ns, Cleanup: 5800 ns, At safepoint: 4502158 ns, Total: 4517959 ns
[1005.261s][info ][safepoint      ] Safepoint "Cleanup", Time since last: 33003521293 ns, Reaching safepoint: 6700 ns, Cleanup: 11900 ns, At safepoint: 3100 ns, Total: 21700 ns
[1008.262s][info ][safepoint      ] Safepoint "Cleanup", Time since last: 3000360749 ns, Reaching safepoint: 79202 ns, Cleanup: 8300 ns, At safepoint: 5400 ns, Total: 92902 ns
[1012.262s][info ][safepoint      ] Safepoint "Cleanup", Time since last: 4000336441 ns, Reaching safepoint: 6700 ns, Cleanup: 11100 ns, At safepoint: 2900 ns, Total: 20700 ns
[1015.263s][info ][safepoint      ] Safepoint "Cleanup", Time since last: 3000311285 ns, Reaching safepoint: 6700 ns, Cleanup: 15100 ns, At safepoint: 2600 ns, Total: 24400 ns
[1021.005s][info ][gc,start       ] GC(33) Pause Young (Allocation Failure)
[1021.008s][debug][gc,phases      ] GC(33) Scavenge 3.565ms
[1021.008s][debug][gc,ref         ] GC(33) ReferenceProcessor::execute queues: 1, RefProcThreadModel::Single, marks_oops_alive: false
[1021.008s][debug][gc,ref         ] GC(33) Skipped KeepAliveFinalRefsPhase of Reference Processing: no references
[1021.008s][debug][gc,ref         ] GC(33) ReferenceProcessor::execute queues: 1, RefProcThreadModel::Single, marks_oops_alive: false
[1021.008s][debug][gc,phases      ] GC(33) Reference Processing 0.140ms
[1021.009s][debug][gc,phases      ] GC(33)   VM Weak                        Min:  0.0, Avg:  0.0, Max:  0.0, Diff:  0.0, Sum:  0.0, Workers: 4
[1021.009s][debug][gc,phases      ] GC(33)     Dead                           Min: 0, Avg:  0.0, Max: 0, Diff: 0, Sum: 0, Workers: 4
[1021.009s][debug][gc,phases      ] GC(33)     Total                          Min: 0, Avg: 227.8, Max: 832, Diff: 832, Sum: 911, Workers: 4
[1021.009s][debug][gc,phases      ] GC(33)   ObjectSynchronizer Weak        Min:  0.0, Avg:  0.0, Max:  0.0, Diff:  0.0, Sum:  0.0, Workers: 4
[1021.009s][debug][gc,phases      ] GC(33)     Dead                           Min: 0, Avg:  0.0, Max: 0, Diff: 0, Sum: 0, Workers: 4
[1021.009s][debug][gc,phases      ] GC(33)     Total                          Min: 0, Avg:  0.8, Max: 3, Diff: 3, Sum: 3, Workers: 4
[1021.009s][debug][gc,phases      ] GC(33)   JVMTI Tag Weak OopStorage      Min:  0.0, Avg:  0.0, Max:  0.0, Diff:  0.0, Sum:  0.0, Workers: 4
[1021.009s][debug][gc,phases      ] GC(33)     Dead                           Min: 0, Avg:  0.0, Max: 0, Diff: 0, Sum: 0, Workers: 4
[1021.009s][debug][gc,phases      ] GC(33)     Total                          Min: 0, Avg:  0.0, Max: 0, Diff: 0, Sum: 0, Workers: 4
[1021.009s][debug][gc,phases      ] GC(33)   StringTable Weak               Min:  0.0, Avg:  0.1, Max:  0.2, Diff:  0.2, Sum:  0.5, Workers: 4
[1021.009s][debug][gc,phases      ] GC(33)     Dead                           Min: 0, Avg:  0.0, Max: 0, Diff: 0, Sum: 0, Workers: 4
[1021.009s][debug][gc,phases      ] GC(33)     Total                          Min: 0, Avg: 11493.5, Max: 23808, Diff: 23808, Sum: 45974, Workers: 4
[1021.009s][debug][gc,phases      ] GC(33)   ResolvedMethodTable Weak       Min:  0.0, Avg:  0.0, Max:  0.1, Diff:  0.1, Sum:  0.2, Workers: 4
[1021.009s][debug][gc,phases      ] GC(33)     Dead                           Min: 0, Avg:  4.2, Max: 17, Diff: 17, Sum: 17, Workers: 4
[1021.009s][debug][gc,phases      ] GC(33)     Total                          Min: 0, Avg: 3683.8, Max: 7410, Diff: 7410, Sum: 14735, Workers: 4
[1021.009s][debug][gc,phases      ] GC(33)   JNI Weak                       Min:  0.0, Avg:  0.0, Max:  0.0, Diff:  0.0, Sum:  0.0, Workers: 4
[1021.009s][debug][gc,phases      ] GC(33)     Dead                           Min: 0, Avg:  0.0, Max: 0, Diff: 0, Sum: 0, Workers: 4
[1021.009s][debug][gc,phases      ] GC(33)     Total                          Min: 0, Avg: 13.0, Max: 48, Diff: 48, Sum: 52, Workers: 4
[1021.009s][debug][gc,phases      ] GC(33)   StringDedup Table Weak         Min:  0.0, Avg:  0.0, Max:  0.0, Diff:  0.0, Sum:  0.0, Workers: 4
[1021.009s][debug][gc,phases      ] GC(33)     Dead                           Min: 0, Avg:  0.0, Max: 0, Diff: 0, Sum: 0, Workers: 4
[1021.009s][debug][gc,phases      ] GC(33)     Total                          Min: 0, Avg:  0.0, Max: 0, Diff: 0, Sum: 0, Workers: 4
[1021.009s][debug][gc,phases      ] GC(33)   StringDedup Requests0 Weak     Min:  0.0, Avg:  0.0, Max:  0.0, Diff:  0.0, Sum:  0.0, Workers: 4
[1021.009s][debug][gc,phases      ] GC(33)     Dead                           Min: 0, Avg:  0.0, Max: 0, Diff: 0, Sum: 0, Workers: 4
[1021.009s][debug][gc,phases      ] GC(33)     Total                          Min: 0, Avg:  0.0, Max: 0, Diff: 0, Sum: 0, Workers: 4
[1021.009s][debug][gc,phases      ] GC(33)   StringDedup Requests1 Weak     Min:  0.0, Avg:  0.0, Max:  0.0, Diff:  0.0, Sum:  0.0, Workers: 4
[1021.009s][debug][gc,phases      ] GC(33)     Dead                           Min: 0, Avg:  0.0, Max: 0, Diff: 0, Sum: 0, Workers: 4
[1021.009s][debug][gc,phases      ] GC(33)     Total                          Min: 0, Avg:  0.0, Max: 0, Diff: 0, Sum: 0, Workers: 4
[1021.009s][debug][gc,phases      ] GC(33)   Weak JFR Old Object Samples    Min:  0.0, Avg:  0.0, Max:  0.0, Diff:  0.0, Sum:  0.0, Workers: 4
[1021.009s][debug][gc,phases      ] GC(33)     Dead                           Min: 0, Avg:  0.0, Max: 0, Diff: 0, Sum: 0, Workers: 4
[1021.009s][debug][gc,phases      ] GC(33)     Total                          Min: 0, Avg:  0.0, Max: 0, Diff: 0, Sum: 0, Workers: 4
[1021.009s][debug][gc,phases      ] GC(33) Weak Processing 0.602ms
[1021.009s][debug][gc,age         ] GC(33) Desired survivor size 108527616 bytes, new threshold 1 (max threshold 15)
[1021.009s][info ][gc,heap        ] GC(33) PSYoungGen: 1865328K(1984000K)->2096K(1976320K) Eden: 1863168K(1863168K)->0K(1863168K) From: 2160K(120832K)->2096K(113152K)
[1021.009s][info ][gc,heap        ] GC(33) ParOldGen: 235677K(236032K)->236521K(236544K)
[1021.009s][info ][gc,metaspace   ] GC(33) Metaspace: 104586K(105856K)->104586K(105856K) NonClass: 88735K(89472K)->88735K(89472K) Class: 15851K(16384K)->15851K(16384K)
[1021.009s][info ][gc             ] GC(33) Pause Young (Allocation Failure) 2051M->233M(2161M) 4.468ms
[1021.009s][info ][gc,cpu         ] GC(33) User=0.02s Sys=0.00s Real=0.01s
[1021.009s][info ][safepoint      ] Safepoint "ParallelGCFailedAllocation", Time since last: 5741997530 ns, Reaching safepoint: 8800 ns, Cleanup: 5500 ns, At safepoint: 4617539 ns, Total: 4631839 ns
[1022.009s][info ][safepoint      ] Safepoint "Cleanup", Time since last: 1000103102 ns, Reaching safepoint: 9101 ns, Cleanup: 13300 ns, At safepoint: 3200 ns, Total: 25601 ns
[1029.010s][info ][safepoint      ] Safepoint "Cleanup", Time since last: 7000592987 ns, Reaching safepoint: 7300 ns, Cleanup: 14200 ns, At safepoint: 2300 ns, Total: 23800 ns
[1030.010s][info ][safepoint      ] Safepoint "Cleanup", Time since last: 1000120768 ns, Reaching safepoint: 6700 ns, Cleanup: 13800 ns, At safepoint: 2600 ns, Total: 23100 ns
[1037.011s][info ][safepoint      ] Safepoint "Cleanup", Time since last: 7000577619 ns, Reaching safepoint: 7200 ns, Cleanup: 11900 ns, At safepoint: 2800 ns, Total: 21900 ns
[1038.011s][info ][safepoint      ] Safepoint "Cleanup", Time since last: 1000136950 ns, Reaching safepoint: 79202 ns, Cleanup: 12201 ns, At safepoint: 7100 ns, Total: 98503 ns
[1062.013s][info ][safepoint      ] Safepoint "Cleanup", Time since last: 24001834155 ns, Reaching safepoint: 83903 ns, Cleanup: 10700 ns, At safepoint: 10800 ns, Total: 105403 ns
[1065.013s][info ][safepoint      ] Safepoint "Cleanup", Time since last: 3000266145 ns, Reaching safepoint: 7000 ns, Cleanup: 18101 ns, At safepoint: 2900 ns, Total: 28001 ns
[1068.013s][info ][safepoint      ] Safepoint "Cleanup", Time since last: 3000259605 ns, Reaching safepoint: 5801 ns, Cleanup: 10600 ns, At safepoint: 2800 ns, Total: 19201 ns
[1069.805s][info ][gc,start       ] GC(34) Pause Young (Allocation Failure)
[1069.808s][debug][gc,phases      ] GC(34) Scavenge 3.606ms
[1069.808s][debug][gc,ref         ] GC(34) ReferenceProcessor::execute queues: 1, RefProcThreadModel::Single, marks_oops_alive: false
[1069.808s][debug][gc,ref         ] GC(34) Skipped KeepAliveFinalRefsPhase of Reference Processing: no references
[1069.808s][debug][gc,ref         ] GC(34) ReferenceProcessor::execute queues: 1, RefProcThreadModel::Single, marks_oops_alive: false
[1069.808s][debug][gc,phases      ] GC(34) Reference Processing 0.128ms
[1069.809s][debug][gc,phases      ] GC(34)   VM Weak                        Min:  0.0, Avg:  0.0, Max:  0.0, Diff:  0.0, Sum:  0.0, Workers: 4
[1069.809s][debug][gc,phases      ] GC(34)     Dead                           Min: 0, Avg:  0.0, Max: 0, Diff: 0, Sum: 0, Workers: 4
[1069.809s][debug][gc,phases      ] GC(34)     Total                          Min: 0, Avg: 227.8, Max: 640, Diff: 640, Sum: 911, Workers: 4
[1069.809s][debug][gc,phases      ] GC(34)   ObjectSynchronizer Weak        Min:  0.0, Avg:  0.0, Max:  0.0, Diff:  0.0, Sum:  0.0, Workers: 4
[1069.809s][debug][gc,phases      ] GC(34)     Dead                           Min: 0, Avg:  0.0, Max: 0, Diff: 0, Sum: 0, Workers: 4
[1069.809s][debug][gc,phases      ] GC(34)     Total                          Min: 0, Avg:  0.8, Max: 3, Diff: 3, Sum: 3, Workers: 4
[1069.809s][debug][gc,phases      ] GC(34)   JVMTI Tag Weak OopStorage      Min:  0.0, Avg:  0.0, Max:  0.0, Diff:  0.0, Sum:  0.0, Workers: 4
[1069.809s][debug][gc,phases      ] GC(34)     Dead                           Min: 0, Avg:  0.0, Max: 0, Diff: 0, Sum: 0, Workers: 4
[1069.809s][debug][gc,phases      ] GC(34)     Total                          Min: 0, Avg:  0.0, Max: 0, Diff: 0, Sum: 0, Workers: 4
[1069.809s][debug][gc,phases      ] GC(34)   StringTable Weak               Min:  0.0, Avg:  0.1, Max:  0.2, Diff:  0.2, Sum:  0.5, Workers: 4
[1069.809s][debug][gc,phases      ] GC(34)     Dead                           Min: 0, Avg:  0.2, Max: 1, Diff: 1, Sum: 1, Workers: 4
[1069.809s][debug][gc,phases      ] GC(34)     Total                          Min: 0, Avg: 11494.2, Max: 16064, Diff: 16064, Sum: 45977, Workers: 4
[1069.809s][debug][gc,phases      ] GC(34)   ResolvedMethodTable Weak       Min:  0.0, Avg:  0.1, Max:  0.1, Diff:  0.1, Sum:  0.2, Workers: 4
[1069.809s][debug][gc,phases      ] GC(34)     Dead                           Min: 0, Avg:  4.2, Max: 17, Diff: 17, Sum: 17, Workers: 4
[1069.809s][debug][gc,phases      ] GC(34)     Total                          Min: 1053, Avg: 3684.8, Max: 5980, Diff: 4927, Sum: 14739, Workers: 4
[1069.809s][debug][gc,phases      ] GC(34)   JNI Weak                       Min:  0.0, Avg:  0.0, Max:  0.0, Diff:  0.0, Sum:  0.0, Workers: 4
[1069.809s][debug][gc,phases      ] GC(34)     Dead                           Min: 0, Avg:  0.0, Max: 0, Diff: 0, Sum: 0, Workers: 4
[1069.809s][debug][gc,phases      ] GC(34)     Total                          Min: 0, Avg: 13.0, Max: 48, Diff: 48, Sum: 52, Workers: 4
[1069.809s][debug][gc,phases      ] GC(34)   StringDedup Table Weak         Min:  0.0, Avg:  0.0, Max:  0.0, Diff:  0.0, Sum:  0.0, Workers: 4
[1069.809s][debug][gc,phases      ] GC(34)     Dead                           Min: 0, Avg:  0.0, Max: 0, Diff: 0, Sum: 0, Workers: 4
[1069.809s][debug][gc,phases      ] GC(34)     Total                          Min: 0, Avg:  0.0, Max: 0, Diff: 0, Sum: 0, Workers: 4
[1069.809s][debug][gc,phases      ] GC(34)   StringDedup Requests0 Weak     Min:  0.0, Avg:  0.0, Max:  0.0, Diff:  0.0, Sum:  0.0, Workers: 4
[1069.809s][debug][gc,phases      ] GC(34)     Dead                           Min: 0, Avg:  0.0, Max: 0, Diff: 0, Sum: 0, Workers: 4
[1069.809s][debug][gc,phases      ] GC(34)     Total                          Min: 0, Avg:  0.0, Max: 0, Diff: 0, Sum: 0, Workers: 4
[1069.809s][debug][gc,phases      ] GC(34)   StringDedup Requests1 Weak     Min:  0.0, Avg:  0.0, Max:  0.0, Diff:  0.0, Sum:  0.0, Workers: 4
[1069.809s][debug][gc,phases      ] GC(34)     Dead                           Min: 0, Avg:  0.0, Max: 0, Diff: 0, Sum: 0, Workers: 4
[1069.809s][debug][gc,phases      ] GC(34)     Total                          Min: 0, Avg:  0.0, Max: 0, Diff: 0, Sum: 0, Workers: 4
[1069.809s][debug][gc,phases      ] GC(34)   Weak JFR Old Object Samples    Min:  0.0, Avg:  0.0, Max:  0.0, Diff:  0.0, Sum:  0.0, Workers: 4
[1069.809s][debug][gc,phases      ] GC(34)     Dead                           Min: 0, Avg:  0.0, Max: 0, Diff: 0, Sum: 0, Workers: 4
[1069.809s][debug][gc,phases      ] GC(34)     Total                          Min: 0, Avg:  0.0, Max: 0, Diff: 0, Sum: 0, Workers: 4
[1069.809s][debug][gc,phases      ] GC(34) Weak Processing 0.428ms
[1069.809s][debug][gc,age         ] GC(34) Desired survivor size 101711872 bytes, new threshold 1 (max threshold 15)
[1069.809s][info ][gc,heap        ] GC(34) PSYoungGen: 1865264K(1976320K)->1952K(1997824K) Eden: 1863168K(1863168K)->0K(1891840K) From: 2096K(113152K)->1952K(105984K)
[1069.809s][info ][gc,heap        ] GC(34) ParOldGen: 236521K(236544K)->237522K(237568K)
[1069.809s][info ][gc,metaspace   ] GC(34) Metaspace: 104595K(105920K)->104595K(105920K) NonClass: 88739K(89472K)->88739K(89472K) Class: 15855K(16448K)->15855K(16448K)
[1069.809s][info ][gc             ] GC(34) Pause Young (Allocation Failure) 2052M->233M(2183M) 4.329ms
[1069.809s][info ][gc,cpu         ] GC(34) User=0.01s Sys=0.01s Real=0.01s
[1069.809s][info ][safepoint      ] Safepoint "ParallelGCFailedAllocation", Time since last: 1791107216 ns, Reaching safepoint: 7600 ns, Cleanup: 5701 ns, At safepoint: 4401521 ns, Total: 4414822 ns
[1083.810s][info ][safepoint      ] Safepoint "Cleanup", Time since last: 14001064691 ns, Reaching safepoint: 7100 ns, Cleanup: 12100 ns, At safepoint: 2501 ns, Total: 21701 ns
[1093.811s][info ][safepoint      ] Safepoint "Cleanup", Time since last: 10000740896 ns, Reaching safepoint: 6800 ns, Cleanup: 12900 ns, At safepoint: 3001 ns, Total: 22701 ns
[1099.811s][info ][safepoint      ] Safepoint "Cleanup", Time since last: 6000486104 ns, Reaching safepoint: 7000 ns, Cleanup: 17501 ns, At safepoint: 2600 ns, Total: 27101 ns
[1101.812s][info ][safepoint      ] Safepoint "Cleanup", Time since last: 2000207480 ns, Reaching safepoint: 7600 ns, Cleanup: 12801 ns, At safepoint: 29300 ns, Total: 49701 ns
[1105.812s][info ][safepoint      ] Safepoint "Cleanup", Time since last: 4000351219 ns, Reaching safepoint: 6500 ns, Cleanup: 12200 ns, At safepoint: 2800 ns, Total: 21500 ns
[1110.812s][info ][safepoint      ] Safepoint "Cleanup", Time since last: 5000409947 ns, Reaching safepoint: 7900 ns, Cleanup: 14900 ns, At safepoint: 2600 ns, Total: 25400 ns
[1119.398s][info ][gc,start       ] GC(35) Pause Young (Allocation Failure)
[1119.401s][debug][gc,phases      ] GC(35) Scavenge 2.312ms
[1119.401s][debug][gc,ref         ] GC(35) ReferenceProcessor::execute queues: 1, RefProcThreadModel::Single, marks_oops_alive: false
[1119.401s][debug][gc,ref         ] GC(35) Skipped KeepAliveFinalRefsPhase of Reference Processing: no references
[1119.401s][debug][gc,ref         ] GC(35) Skipped PhantomRefsPhase of Reference Processing: no references
[1119.401s][debug][gc,phases      ] GC(35) Reference Processing 0.145ms
[1119.401s][debug][gc,phases      ] GC(35)   VM Weak                        Min:  0.0, Avg:  0.0, Max:  0.0, Diff:  0.0, Sum:  0.0, Workers: 4
[1119.401s][debug][gc,phases      ] GC(35)     Dead                           Min: 0, Avg:  0.0, Max: 0, Diff: 0, Sum: 0, Workers: 4
[1119.401s][debug][gc,phases      ] GC(35)     Total                          Min: 0, Avg: 227.8, Max: 896, Diff: 896, Sum: 911, Workers: 4
[1119.401s][debug][gc,phases      ] GC(35)   ObjectSynchronizer Weak        Min:  0.0, Avg:  0.0, Max:  0.0, Diff:  0.0, Sum:  0.0, Workers: 4
[1119.401s][debug][gc,phases      ] GC(35)     Dead                           Min: 0, Avg:  0.0, Max: 0, Diff: 0, Sum: 0, Workers: 4
[1119.401s][debug][gc,phases      ] GC(35)     Total                          Min: 0, Avg:  0.8, Max: 3, Diff: 3, Sum: 3, Workers: 4
[1119.401s][debug][gc,phases      ] GC(35)   JVMTI Tag Weak OopStorage      Min:  0.0, Avg:  0.0, Max:  0.0, Diff:  0.0, Sum:  0.0, Workers: 4
[1119.401s][debug][gc,phases      ] GC(35)     Dead                           Min: 0, Avg:  0.0, Max: 0, Diff: 0, Sum: 0, Workers: 4
[1119.401s][debug][gc,phases      ] GC(35)     Total                          Min: 0, Avg:  0.0, Max: 0, Diff: 0, Sum: 0, Workers: 4
[1119.401s][debug][gc,phases      ] GC(35)   StringTable Weak               Min:  0.0, Avg:  0.1, Max:  0.1, Diff:  0.1, Sum:  0.4, Workers: 4
[1119.401s][debug][gc,phases      ] GC(35)     Dead                           Min: 0, Avg:  0.0, Max: 0, Diff: 0, Sum: 0, Workers: 4
[1119.401s][debug][gc,phases      ] GC(35)     Total                          Min: 0, Avg: 11494.5, Max: 17627, Diff: 17627, Sum: 45978, Workers: 4
[1119.401s][debug][gc,phases      ] GC(35)   ResolvedMethodTable Weak       Min:  0.0, Avg:  0.0, Max:  0.1, Diff:  0.1, Sum:  0.2, Workers: 4
[1119.401s][debug][gc,phases      ] GC(35)     Dead                           Min: 0, Avg:  4.0, Max: 16, Diff: 16, Sum: 16, Workers: 4
[1119.401s][debug][gc,phases      ] GC(35)     Total                          Min: 0, Avg: 3684.8, Max: 6016, Diff: 6016, Sum: 14739, Workers: 4
[1119.401s][debug][gc,phases      ] GC(35)   JNI Weak                       Min:  0.0, Avg:  0.0, Max:  0.0, Diff:  0.0, Sum:  0.0, Workers: 4
[1119.401s][debug][gc,phases      ] GC(35)     Dead                           Min: 0, Avg:  0.0, Max: 0, Diff: 0, Sum: 0, Workers: 4
[1119.401s][debug][gc,phases      ] GC(35)     Total                          Min: 0, Avg: 13.0, Max: 48, Diff: 48, Sum: 52, Workers: 4
[1119.401s][debug][gc,phases      ] GC(35)   StringDedup Table Weak         Min:  0.0, Avg:  0.0, Max:  0.0, Diff:  0.0, Sum:  0.0, Workers: 4
[1119.401s][debug][gc,phases      ] GC(35)     Dead                           Min: 0, Avg:  0.0, Max: 0, Diff: 0, Sum: 0, Workers: 4
[1119.401s][debug][gc,phases      ] GC(35)     Total                          Min: 0, Avg:  0.0, Max: 0, Diff: 0, Sum: 0, Workers: 4
[1119.401s][debug][gc,phases      ] GC(35)   StringDedup Requests0 Weak     Min:  0.0, Avg:  0.0, Max:  0.0, Diff:  0.0, Sum:  0.0, Workers: 4
[1119.401s][debug][gc,phases      ] GC(35)     Dead                           Min: 0, Avg:  0.0, Max: 0, Diff: 0, Sum: 0, Workers: 4
[1119.401s][debug][gc,phases      ] GC(35)     Total                          Min: 0, Avg:  0.0, Max: 0, Diff: 0, Sum: 0, Workers: 4
[1119.401s][debug][gc,phases      ] GC(35)   StringDedup Requests1 Weak     Min:  0.0, Avg:  0.0, Max:  0.0, Diff:  0.0, Sum:  0.0, Workers: 4
[1119.401s][debug][gc,phases      ] GC(35)     Dead                           Min: 0, Avg:  0.0, Max: 0, Diff: 0, Sum: 0, Workers: 4
[1119.401s][debug][gc,phases      ] GC(35)     Total                          Min: 0, Avg:  0.0, Max: 0, Diff: 0, Sum: 0, Workers: 4
[1119.401s][debug][gc,phases      ] GC(35)   Weak JFR Old Object Samples    Min:  0.0, Avg:  0.0, Max:  0.0, Diff:  0.0, Sum:  0.0, Workers: 4
[1119.401s][debug][gc,phases      ] GC(35)     Dead                           Min: 0, Avg:  0.0, Max: 0, Diff: 0, Sum: 0, Workers: 4
[1119.401s][debug][gc,phases      ] GC(35)     Total                          Min: 0, Avg:  0.0, Max: 0, Diff: 0, Sum: 0, Workers: 4
[1119.401s][debug][gc,phases      ] GC(35) Weak Processing 0.432ms
[1119.401s][debug][gc,age         ] GC(35) Desired survivor size 94896128 bytes, new threshold 1 (max threshold 15)
[1119.401s][info ][gc,heap        ] GC(35) PSYoungGen: 1893792K(1997824K)->2096K(1991168K) Eden: 1891840K(1891840K)->0K(1891840K) From: 1952K(105984K)->2096K(99328K)
[1119.401s][info ][gc,heap        ] GC(35) ParOldGen: 237522K(237568K)->238262K(238592K)
[1119.401s][info ][gc,metaspace   ] GC(35) Metaspace: 104606K(105920K)->104606K(105920K) NonClass: 88750K(89472K)->88750K(89472K) Class: 15855K(16448K)->15855K(16448K)
[1119.401s][info ][gc             ] GC(35) Pause Young (Allocation Failure) 2081M->234M(2177M) 3.025ms
[1119.401s][info ][gc,cpu         ] GC(35) User=0.01s Sys=0.00s Real=0.00s
[1119.401s][info ][safepoint      ] Safepoint "ParallelGCFailedAllocation", Time since last: 8585739138 ns, Reaching safepoint: 6400 ns, Cleanup: 3900 ns, At safepoint: 3105970 ns, Total: 3116270 ns
[1120.401s][info ][safepoint      ] Safepoint "Cleanup", Time since last: 1000098711 ns, Reaching safepoint: 84701 ns, Cleanup: 16301 ns, At safepoint: 10000 ns, Total: 111002 ns
[1125.402s][info ][safepoint      ] Safepoint "Cleanup", Time since last: 5000475199 ns, Reaching safepoint: 83502 ns, Cleanup: 9501 ns, At safepoint: 7000 ns, Total: 100003 ns
[1147.404s][info ][safepoint      ] Safepoint "Cleanup", Time since last: 22001796986 ns, Reaching safepoint: 82302 ns, Cleanup: 10500 ns, At safepoint: 10201 ns, Total: 103003 ns
[1149.404s][info ][safepoint      ] Safepoint "Cleanup", Time since last: 2000214985 ns, Reaching safepoint: 84702 ns, Cleanup: 36001 ns, At safepoint: 8300 ns, Total: 129003 ns
[1150.405s][info ][safepoint      ] Safepoint "Cleanup", Time since last: 1000136044 ns, Reaching safepoint: 87302 ns, Cleanup: 34301 ns, At safepoint: 7900 ns, Total: 129503 ns
[1156.405s][info ][safepoint      ] Safepoint "Cleanup", Time since last: 6000520115 ns, Reaching safepoint: 85002 ns, Cleanup: 16901 ns, At safepoint: 8700 ns, Total: 110603 ns
[1160.406s][info ][safepoint      ] Safepoint "Cleanup", Time since last: 4000364491 ns, Reaching safepoint: 86203 ns, Cleanup: 13600 ns, At safepoint: 7700 ns, Total: 107503 ns
[1161.406s][info ][safepoint      ] Safepoint "Cleanup", Time since last: 1000140558 ns, Reaching safepoint: 85602 ns, Cleanup: 15500 ns, At safepoint: 7500 ns, Total: 108602 ns
[1164.406s][info ][safepoint      ] Safepoint "Cleanup", Time since last: 3000294970 ns, Reaching safepoint: 99902 ns, Cleanup: 15301 ns, At safepoint: 5500 ns, Total: 120703 ns
[1166.407s][info ][safepoint      ] Safepoint "Cleanup", Time since last: 2000206613 ns, Reaching safepoint: 84102 ns, Cleanup: 27001 ns, At safepoint: 7200 ns, Total: 118303 ns
[1168.407s][info ][safepoint      ] Safepoint "Cleanup", Time since last: 2000217195 ns, Reaching safepoint: 82901 ns, Cleanup: 11601 ns, At safepoint: 7600 ns, Total: 102102 ns
[1168.759s][info ][gc,start       ] GC(36) Pause Young (Allocation Failure)
[1168.763s][debug][gc,phases      ] GC(36) Scavenge 4.161ms
[1168.763s][debug][gc,ref         ] GC(36) ReferenceProcessor::execute queues: 1, RefProcThreadModel::Single, marks_oops_alive: false
[1168.763s][debug][gc,ref         ] GC(36) Skipped KeepAliveFinalRefsPhase of Reference Processing: no references
[1168.763s][debug][gc,ref         ] GC(36) ReferenceProcessor::execute queues: 1, RefProcThreadModel::Single, marks_oops_alive: false
[1168.763s][debug][gc,phases      ] GC(36) Reference Processing 0.124ms
[1168.763s][debug][gc,phases      ] GC(36)   VM Weak                        Min:  0.0, Avg:  0.0, Max:  0.0, Diff:  0.0, Sum:  0.0, Workers: 4
[1168.763s][debug][gc,phases      ] GC(36)     Dead                           Min: 0, Avg:  0.0, Max: 0, Diff: 0, Sum: 0, Workers: 4
[1168.763s][debug][gc,phases      ] GC(36)     Total                          Min: 0, Avg: 228.0, Max: 768, Diff: 768, Sum: 912, Workers: 4
[1168.763s][debug][gc,phases      ] GC(36)   ObjectSynchronizer Weak        Min:  0.0, Avg:  0.0, Max:  0.0, Diff:  0.0, Sum:  0.0, Workers: 4
[1168.763s][debug][gc,phases      ] GC(36)     Dead                           Min: 0, Avg:  0.0, Max: 0, Diff: 0, Sum: 0, Workers: 4
[1168.763s][debug][gc,phases      ] GC(36)     Total                          Min: 0, Avg:  0.8, Max: 3, Diff: 3, Sum: 3, Workers: 4
[1168.763s][debug][gc,phases      ] GC(36)   JVMTI Tag Weak OopStorage      Min:  0.0, Avg:  0.0, Max:  0.0, Diff:  0.0, Sum:  0.0, Workers: 4
[1168.763s][debug][gc,phases      ] GC(36)     Dead                           Min: 0, Avg:  0.0, Max: 0, Diff: 0, Sum: 0, Workers: 4
[1168.763s][debug][gc,phases      ] GC(36)     Total                          Min: 0, Avg:  0.0, Max: 0, Diff: 0, Sum: 0, Workers: 4
[1168.763s][debug][gc,phases      ] GC(36)   StringTable Weak               Min:  0.0, Avg:  0.1, Max:  0.1, Diff:  0.1, Sum:  0.4, Workers: 4
[1168.763s][debug][gc,phases      ] GC(36)     Dead                           Min: 0, Avg:  0.5, Max: 2, Diff: 2, Sum: 2, Workers: 4
[1168.763s][debug][gc,phases      ] GC(36)     Total                          Min: 0, Avg: 11497.2, Max: 18215, Diff: 18215, Sum: 45989, Workers: 4
[1168.763s][debug][gc,phases      ] GC(36)   ResolvedMethodTable Weak       Min:  0.0, Avg:  0.0, Max:  0.1, Diff:  0.1, Sum:  0.2, Workers: 4
[1168.763s][debug][gc,phases      ] GC(36)     Dead                           Min: 0, Avg:  5.0, Max: 18, Diff: 18, Sum: 20, Workers: 4
[1168.763s][debug][gc,phases      ] GC(36)     Total                          Min: 0, Avg: 3690.0, Max: 5532, Diff: 5532, Sum: 14760, Workers: 4
[1168.763s][debug][gc,phases      ] GC(36)   JNI Weak                       Min:  0.0, Avg:  0.0, Max:  0.0, Diff:  0.0, Sum:  0.0, Workers: 4
[1168.763s][debug][gc,phases      ] GC(36)     Dead                           Min: 0, Avg:  0.0, Max: 0, Diff: 0, Sum: 0, Workers: 4
[1168.763s][debug][gc,phases      ] GC(36)     Total                          Min: 0, Avg: 13.0, Max: 48, Diff: 48, Sum: 52, Workers: 4
[1168.763s][debug][gc,phases      ] GC(36)   StringDedup Table Weak         Min:  0.0, Avg:  0.0, Max:  0.0, Diff:  0.0, Sum:  0.0, Workers: 4
[1168.763s][debug][gc,phases      ] GC(36)     Dead                           Min: 0, Avg:  0.0, Max: 0, Diff: 0, Sum: 0, Workers: 4
[1168.763s][debug][gc,phases      ] GC(36)     Total                          Min: 0, Avg:  0.0, Max: 0, Diff: 0, Sum: 0, Workers: 4
[1168.763s][debug][gc,phases      ] GC(36)   StringDedup Requests0 Weak     Min:  0.0, Avg:  0.0, Max:  0.0, Diff:  0.0, Sum:  0.0, Workers: 4
[1168.763s][debug][gc,phases      ] GC(36)     Dead                           Min: 0, Avg:  0.0, Max: 0, Diff: 0, Sum: 0, Workers: 4
[1168.763s][debug][gc,phases      ] GC(36)     Total                          Min: 0, Avg:  0.0, Max: 0, Diff: 0, Sum: 0, Workers: 4
[1168.763s][debug][gc,phases      ] GC(36)   StringDedup Requests1 Weak     Min:  0.0, Avg:  0.0, Max:  0.0, Diff:  0.0, Sum:  0.0, Workers: 4
[1168.763s][debug][gc,phases      ] GC(36)     Dead                           Min: 0, Avg:  0.0, Max: 0, Diff: 0, Sum: 0, Workers: 4
[1168.763s][debug][gc,phases      ] GC(36)     Total                          Min: 0, Avg:  0.0, Max: 0, Diff: 0, Sum: 0, Workers: 4
[1168.763s][debug][gc,phases      ] GC(36)   Weak JFR Old Object Samples    Min:  0.0, Avg:  0.0, Max:  0.0, Diff:  0.0, Sum:  0.0, Workers: 4
[1168.763s][debug][gc,phases      ] GC(36)     Dead                           Min: 0, Avg:  0.0, Max: 0, Diff: 0, Sum: 0, Workers: 4
[1168.763s][debug][gc,phases      ] GC(36)     Total                          Min: 0, Avg:  0.0, Max: 0, Diff: 0, Sum: 0, Workers: 4
[1168.763s][debug][gc,phases      ] GC(36) Weak Processing 0.454ms
[1168.763s][debug][gc,age         ] GC(36) Desired survivor size 88604672 bytes, new threshold 1 (max threshold 15)
[1168.763s][info ][gc,heap        ] GC(36) PSYoungGen: 1893936K(1991168K)->2272K(2010624K) Eden: 1891840K(1891840K)->0K(1917952K) From: 2096K(99328K)->2272K(92672K)
[1168.763s][info ][gc,heap        ] GC(36) ParOldGen: 238262K(238592K)->239214K(239616K)
[1168.763s][info ][gc,metaspace   ] GC(36) Metaspace: 104634K(105920K)->104634K(105920K) NonClass: 88772K(89472K)->88772K(89472K) Class: 15862K(16448K)->15862K(16448K)
[1168.764s][info ][gc             ] GC(36) Pause Young (Allocation Failure) 2082M->235M(2197M) 4.880ms
[1168.764s][info ][gc,cpu         ] GC(36) User=0.01s Sys=0.00s Real=0.00s
[1168.764s][info ][safepoint      ] Safepoint "ParallelGCFailedAllocation", Time since last: 351606794 ns, Reaching safepoint: 7200 ns, Cleanup: 4900 ns, At safepoint: 4979506 ns, Total: 4991606 ns
[1173.764s][info ][safepoint      ] Safepoint "Cleanup", Time since last: 5000380227 ns, Reaching safepoint: 6200 ns, Cleanup: 11501 ns, At safepoint: 2500 ns, Total: 20201 ns
[1175.764s][info ][safepoint      ] Safepoint "Cleanup", Time since last: 2000208900 ns, Reaching safepoint: 7900 ns, Cleanup: 34501 ns, At safepoint: 3400 ns, Total: 45801 ns
[1176.764s][info ][safepoint      ] Safepoint "Cleanup", Time since last: 1000134349 ns, Reaching safepoint: 6100 ns, Cleanup: 26301 ns, At safepoint: 2700 ns, Total: 35101 ns
[1182.765s][info ][safepoint      ] Safepoint "Cleanup", Time since last: 6000465969 ns, Reaching safepoint: 7200 ns, Cleanup: 16500 ns, At safepoint: 2600 ns, Total: 26300 ns
[1190.766s][info ][safepoint      ] Safepoint "Cleanup", Time since last: 8000620169 ns, Reaching safepoint: 6501 ns, Cleanup: 11900 ns, At safepoint: 2500 ns, Total: 20901 ns
[1211.767s][info ][safepoint      ] Safepoint "Cleanup", Time since last: 21001520613 ns, Reaching safepoint: 7301 ns, Cleanup: 14200 ns, At safepoint: 2300 ns, Total: 23801 ns
[1213.767s][info ][safepoint      ] Safepoint "Cleanup", Time since last: 2000196832 ns, Reaching safepoint: 8700 ns, Cleanup: 45501 ns, At safepoint: 2800 ns, Total: 57001 ns
[1216.768s][info ][safepoint      ] Safepoint "Cleanup", Time since last: 3000266594 ns, Reaching safepoint: 8001 ns, Cleanup: 14500 ns, At safepoint: 2700 ns, Total: 25201 ns
[1217.768s][info ][safepoint      ] Safepoint "Cleanup", Time since last: 1000133661 ns, Reaching safepoint: 8001 ns, Cleanup: 12400 ns, At safepoint: 2700 ns, Total: 23101 ns
[1218.002s][info ][gc,start       ] GC(37) Pause Young (Allocation Failure)
[1218.005s][debug][gc,phases      ] GC(37) Scavenge 3.642ms
[1218.005s][debug][gc,ref         ] GC(37) ReferenceProcessor::execute queues: 1, RefProcThreadModel::Single, marks_oops_alive: false
[1218.005s][debug][gc,ref         ] GC(37) Skipped KeepAliveFinalRefsPhase of Reference Processing: no references
[1218.005s][debug][gc,ref         ] GC(37) ReferenceProcessor::execute queues: 1, RefProcThreadModel::Single, marks_oops_alive: false
[1218.005s][debug][gc,phases      ] GC(37) Reference Processing 0.116ms
[1218.006s][debug][gc,phases      ] GC(37)   VM Weak                        Min:  0.0, Avg:  0.0, Max:  0.0, Diff:  0.0, Sum:  0.0, Workers: 4
[1218.006s][debug][gc,phases      ] GC(37)     Dead                           Min: 0, Avg:  0.0, Max: 0, Diff: 0, Sum: 0, Workers: 4
[1218.006s][debug][gc,phases      ] GC(37)     Total                          Min: 0, Avg: 228.0, Max: 656, Diff: 656, Sum: 912, Workers: 4
[1218.006s][debug][gc,phases      ] GC(37)   ObjectSynchronizer Weak        Min:  0.0, Avg:  0.0, Max:  0.0, Diff:  0.0, Sum:  0.0, Workers: 4
[1218.006s][debug][gc,phases      ] GC(37)     Dead                           Min: 0, Avg:  0.0, Max: 0, Diff: 0, Sum: 0, Workers: 4
[1218.006s][debug][gc,phases      ] GC(37)     Total                          Min: 0, Avg:  0.8, Max: 3, Diff: 3, Sum: 3, Workers: 4
[1218.006s][debug][gc,phases      ] GC(37)   JVMTI Tag Weak OopStorage      Min:  0.0, Avg:  0.0, Max:  0.0, Diff:  0.0, Sum:  0.0, Workers: 4
[1218.006s][debug][gc,phases      ] GC(37)     Dead                           Min: 0, Avg:  0.0, Max: 0, Diff: 0, Sum: 0, Workers: 4
[1218.006s][debug][gc,phases      ] GC(37)     Total                          Min: 0, Avg:  0.0, Max: 0, Diff: 0, Sum: 0, Workers: 4
[1218.006s][debug][gc,phases      ] GC(37)   StringTable Weak               Min:  0.0, Avg:  0.1, Max:  0.1, Diff:  0.1, Sum:  0.4, Workers: 4
[1218.006s][debug][gc,phases      ] GC(37)     Dead                           Min: 0, Avg:  0.0, Max: 0, Diff: 0, Sum: 0, Workers: 4
[1218.006s][debug][gc,phases      ] GC(37)     Total                          Min: 0, Avg: 11497.2, Max: 17919, Diff: 17919, Sum: 45989, Workers: 4
[1218.006s][debug][gc,phases      ] GC(37)   ResolvedMethodTable Weak       Min:  0.0, Avg:  0.1, Max:  0.1, Diff:  0.1, Sum:  0.2, Workers: 4
[1218.006s][debug][gc,phases      ] GC(37)     Dead                           Min: 0, Avg:  4.0, Max: 16, Diff: 16, Sum: 16, Workers: 4
[1218.006s][debug][gc,phases      ] GC(37)     Total                          Min: 0, Avg: 3690.0, Max: 5658, Diff: 5658, Sum: 14760, Workers: 4
[1218.006s][debug][gc,phases      ] GC(37)   JNI Weak                       Min:  0.0, Avg:  0.0, Max:  0.0, Diff:  0.0, Sum:  0.0, Workers: 4
[1218.006s][debug][gc,phases      ] GC(37)     Dead                           Min: 0, Avg:  0.0, Max: 0, Diff: 0, Sum: 0, Workers: 4
[1218.006s][debug][gc,phases      ] GC(37)     Total                          Min: 0, Avg: 13.0, Max: 48, Diff: 48, Sum: 52, Workers: 4
[1218.006s][debug][gc,phases      ] GC(37)   StringDedup Table Weak         Min:  0.0, Avg:  0.0, Max:  0.0, Diff:  0.0, Sum:  0.0, Workers: 4
[1218.006s][debug][gc,phases      ] GC(37)     Dead                           Min: 0, Avg:  0.0, Max: 0, Diff: 0, Sum: 0, Workers: 4
[1218.006s][debug][gc,phases      ] GC(37)     Total                          Min: 0, Avg:  0.0, Max: 0, Diff: 0, Sum: 0, Workers: 4
[1218.006s][debug][gc,phases      ] GC(37)   StringDedup Requests0 Weak     Min:  0.0, Avg:  0.0, Max:  0.0, Diff:  0.0, Sum:  0.0, Workers: 4
[1218.006s][debug][gc,phases      ] GC(37)     Dead                           Min: 0, Avg:  0.0, Max: 0, Diff: 0, Sum: 0, Workers: 4
[1218.006s][debug][gc,phases      ] GC(37)     Total                          Min: 0, Avg:  0.0, Max: 0, Diff: 0, Sum: 0, Workers: 4
[1218.006s][debug][gc,phases      ] GC(37)   StringDedup Requests1 Weak     Min:  0.0, Avg:  0.0, Max:  0.0, Diff:  0.0, Sum:  0.0, Workers: 4
[1218.006s][debug][gc,phases      ] GC(37)     Dead                           Min: 0, Avg:  0.0, Max: 0, Diff: 0, Sum: 0, Workers: 4
[1218.006s][debug][gc,phases      ] GC(37)     Total                          Min: 0, Avg:  0.0, Max: 0, Diff: 0, Sum: 0, Workers: 4
[1218.006s][debug][gc,phases      ] GC(37)   Weak JFR Old Object Samples    Min:  0.0, Avg:  0.0, Max:  0.0, Diff:  0.0, Sum:  0.0, Workers: 4
[1218.006s][debug][gc,phases      ] GC(37)     Dead                           Min: 0, Avg:  0.0, Max: 0, Diff: 0, Sum: 0, Workers: 4
[1218.006s][debug][gc,phases      ] GC(37)     Total                          Min: 0, Avg:  0.0, Max: 0, Diff: 0, Sum: 0, Workers: 4
[1218.006s][debug][gc,phases      ] GC(37) Weak Processing 0.456ms
[1218.006s][debug][gc,age         ] GC(37) Desired survivor size 82313216 bytes, new threshold 1 (max threshold 15)
[1218.006s][info ][gc,heap        ] GC(37) PSYoungGen: 1920224K(2010624K)->2064K(2004480K) Eden: 1917952K(1917952K)->0K(1917952K) From: 2272K(92672K)->2064K(86528K)
[1218.006s][info ][gc,heap        ] GC(37) ParOldGen: 239214K(239616K)->240354K(240640K)
[1218.006s][info ][gc,metaspace   ] GC(37) Metaspace: 104655K(105920K)->104655K(105920K) NonClass: 88792K(89472K)->88792K(89472K) Class: 15862K(16448K)->15862K(16448K)
[1218.006s][info ][gc             ] GC(37) Pause Young (Allocation Failure) 2108M->236M(2192M) 4.354ms
[1218.006s][info ][gc,cpu         ] GC(37) User=0.01s Sys=0.00s Real=0.01s
[1218.006s][info ][safepoint      ] Safepoint "ParallelGCFailedAllocation", Time since last: 233661114 ns, Reaching safepoint: 84202 ns, Cleanup: 4900 ns, At safepoint: 4435895 ns, Total: 4524997 ns
[1224.007s][info ][safepoint      ] Safepoint "Cleanup", Time since last: 6000517838 ns, Reaching safepoint: 87402 ns, Cleanup: 15100 ns, At safepoint: 35001 ns, Total: 137503 ns
[1231.007s][info ][safepoint      ] Safepoint "Cleanup", Time since last: 7000640340 ns, Reaching safepoint: 86802 ns, Cleanup: 19900 ns, At safepoint: 7401 ns, Total: 114103 ns
[1233.008s][info ][safepoint      ] Safepoint "Cleanup", Time since last: 2000228773 ns, Reaching safepoint: 88702 ns, Cleanup: 17800 ns, At safepoint: 9900 ns, Total: 116402 ns
[1234.008s][info ][safepoint      ] Safepoint "Cleanup", Time since last: 1000139687 ns, Reaching safepoint: 86802 ns, Cleanup: 16200 ns, At safepoint: 10901 ns, Total: 113903 ns
[1253.009s][info ][safepoint      ] Safepoint "Cleanup", Time since last: 19001523841 ns, Reaching safepoint: 8000 ns, Cleanup: 12700 ns, At safepoint: 2500 ns, Total: 23200 ns
[1254.010s][info ][safepoint      ] Safepoint "Cleanup", Time since last: 1000128825 ns, Reaching safepoint: 8100 ns, Cleanup: 11800 ns, At safepoint: 3200 ns, Total: 23100 ns
[1255.010s][info ][safepoint      ] Safepoint "Cleanup", Time since last: 1000123228 ns, Reaching safepoint: 10400 ns, Cleanup: 30101 ns, At safepoint: 2800 ns, Total: 43301 ns
[1258.010s][info ][safepoint      ] Safepoint "Cleanup", Time since last: 3000268790 ns, Reaching safepoint: 8600 ns, Cleanup: 22500 ns, At safepoint: 2600 ns, Total: 33700 ns
[1260.010s][info ][safepoint      ] Safepoint "Cleanup", Time since last: 2000204761 ns, Reaching safepoint: 83101 ns, Cleanup: 11501 ns, At safepoint: 6600 ns, Total: 101202 ns
[1262.433s][info ][safepoint      ] Safepoint "Cleanup", Time since last: 2422536630 ns, Reaching safepoint: 7100 ns, Cleanup: 9500 ns, At safepoint: 2400 ns, Total: 19000 ns
[1263.433s][info ][safepoint      ] Safepoint "Cleanup", Time since last: 1000113997 ns, Reaching safepoint: 6900 ns, Cleanup: 14001 ns, At safepoint: 2900 ns, Total: 23801 ns
[1264.433s][info ][safepoint      ] Safepoint "Cleanup", Time since last: 1000106050 ns, Reaching safepoint: 6200 ns, Cleanup: 17100 ns, At safepoint: 2900 ns, Total: 26200 ns
[1265.433s][info ][safepoint      ] Safepoint "Cleanup", Time since last: 1000103350 ns, Reaching safepoint: 6600 ns, Cleanup: 12800 ns, At safepoint: 2800 ns, Total: 22200 ns
[1266.433s][info ][gc,start       ] GC(38) Pause Young (Allocation Failure)
[1266.437s][debug][gc,phases      ] GC(38) Scavenge 4.140ms
[1266.437s][debug][gc,ref         ] GC(38) ReferenceProcessor::execute queues: 1, RefProcThreadModel::Single, marks_oops_alive: false
[1266.437s][debug][gc,ref         ] GC(38) Skipped KeepAliveFinalRefsPhase of Reference Processing: no references
[1266.437s][debug][gc,ref         ] GC(38) ReferenceProcessor::execute queues: 1, RefProcThreadModel::Single, marks_oops_alive: false
[1266.437s][debug][gc,phases      ] GC(38) Reference Processing 0.116ms
[1266.437s][debug][gc,phases      ] GC(38)   VM Weak                        Min:  0.0, Avg:  0.0, Max:  0.0, Diff:  0.0, Sum:  0.0, Workers: 4
[1266.437s][debug][gc,phases      ] GC(38)     Dead                           Min: 0, Avg:  0.0, Max: 0, Diff: 0, Sum: 0, Workers: 4
[1266.437s][debug][gc,phases      ] GC(38)     Total                          Min: 0, Avg: 228.0, Max: 528, Diff: 528, Sum: 912, Workers: 4
[1266.437s][debug][gc,phases      ] GC(38)   ObjectSynchronizer Weak        Min:  0.0, Avg:  0.0, Max:  0.0, Diff:  0.0, Sum:  0.0, Workers: 4
[1266.437s][debug][gc,phases      ] GC(38)     Dead                           Min: 0, Avg:  0.0, Max: 0, Diff: 0, Sum: 0, Workers: 4
[1266.437s][debug][gc,phases      ] GC(38)     Total                          Min: 0, Avg:  1.0, Max: 4, Diff: 4, Sum: 4, Workers: 4
[1266.437s][debug][gc,phases      ] GC(38)   JVMTI Tag Weak OopStorage      Min:  0.0, Avg:  0.0, Max:  0.0, Diff:  0.0, Sum:  0.0, Workers: 4
[1266.437s][debug][gc,phases      ] GC(38)     Dead                           Min: 0, Avg:  0.0, Max: 0, Diff: 0, Sum: 0, Workers: 4
[1266.437s][debug][gc,phases      ] GC(38)     Total                          Min: 0, Avg:  0.0, Max: 0, Diff: 0, Sum: 0, Workers: 4
[1266.437s][debug][gc,phases      ] GC(38)   StringTable Weak               Min:  0.0, Avg:  0.1, Max:  0.1, Diff:  0.1, Sum:  0.4, Workers: 4
[1266.437s][debug][gc,phases      ] GC(38)     Dead                           Min: 0, Avg:  0.0, Max: 0, Diff: 0, Sum: 0, Workers: 4
[1266.437s][debug][gc,phases      ] GC(38)     Total                          Min: 0, Avg: 11498.0, Max: 15680, Diff: 15680, Sum: 45992, Workers: 4
[1266.437s][debug][gc,phases      ] GC(38)   ResolvedMethodTable Weak       Min:  0.0, Avg:  0.0, Max:  0.0, Diff:  0.0, Sum:  0.1, Workers: 4
[1266.437s][debug][gc,phases      ] GC(38)     Dead                           Min: 0, Avg:  4.8, Max: 18, Diff: 18, Sum: 19, Workers: 4
[1266.437s][debug][gc,phases      ] GC(38)     Total                          Min: 0, Avg: 3691.2, Max: 5621, Diff: 5621, Sum: 14765, Workers: 4
[1266.437s][debug][gc,phases      ] GC(38)   JNI Weak                       Min:  0.0, Avg:  0.0, Max:  0.0, Diff:  0.0, Sum:  0.0, Workers: 4
[1266.437s][debug][gc,phases      ] GC(38)     Dead                           Min: 0, Avg:  0.0, Max: 0, Diff: 0, Sum: 0, Workers: 4
[1266.437s][debug][gc,phases      ] GC(38)     Total                          Min: 0, Avg: 13.0, Max: 48, Diff: 48, Sum: 52, Workers: 4
[1266.437s][debug][gc,phases      ] GC(38)   StringDedup Table Weak         Min:  0.0, Avg:  0.0, Max:  0.0, Diff:  0.0, Sum:  0.0, Workers: 4
[1266.437s][debug][gc,phases      ] GC(38)     Dead                           Min: 0, Avg:  0.0, Max: 0, Diff: 0, Sum: 0, Workers: 4
[1266.437s][debug][gc,phases      ] GC(38)     Total                          Min: 0, Avg:  0.0, Max: 0, Diff: 0, Sum: 0, Workers: 4
[1266.437s][debug][gc,phases      ] GC(38)   StringDedup Requests0 Weak     Min:  0.0, Avg:  0.0, Max:  0.0, Diff:  0.0, Sum:  0.0, Workers: 4
[1266.437s][debug][gc,phases      ] GC(38)     Dead                           Min: 0, Avg:  0.0, Max: 0, Diff: 0, Sum: 0, Workers: 4
[1266.437s][debug][gc,phases      ] GC(38)     Total                          Min: 0, Avg:  0.0, Max: 0, Diff: 0, Sum: 0, Workers: 4
[1266.437s][debug][gc,phases      ] GC(38)   StringDedup Requests1 Weak     Min:  0.0, Avg:  0.0, Max:  0.0, Diff:  0.0, Sum:  0.0, Workers: 4
[1266.437s][debug][gc,phases      ] GC(38)     Dead                           Min: 0, Avg:  0.0, Max: 0, Diff: 0, Sum: 0, Workers: 4
[1266.437s][debug][gc,phases      ] GC(38)     Total                          Min: 0, Avg:  0.0, Max: 0, Diff: 0, Sum: 0, Workers: 4
[1266.437s][debug][gc,phases      ] GC(38)   Weak JFR Old Object Samples    Min:  0.0, Avg:  0.0, Max:  0.0, Diff:  0.0, Sum:  0.0, Workers: 4
[1266.437s][debug][gc,phases      ] GC(38)     Dead                           Min: 0, Avg:  0.0, Max: 0, Diff: 0, Sum: 0, Workers: 4
[1266.437s][debug][gc,phases      ] GC(38)     Total                          Min: 0, Avg:  0.0, Max: 0, Diff: 0, Sum: 0, Workers: 4
[1266.437s][debug][gc,phases      ] GC(38) Weak Processing 0.415ms
[1266.437s][debug][gc,age         ] GC(38) Desired survivor size 76546048 bytes, new threshold 1 (max threshold 15)
[1266.437s][info ][gc,heap        ] GC(38) PSYoungGen: 1920016K(2004480K)->2208K(2022400K) Eden: 1917952K(1917952K)->0K(1942016K) From: 2064K(86528K)->2208K(80384K)
[1266.437s][info ][gc,heap        ] GC(38) ParOldGen: 240354K(240640K)->241086K(241152K)
[1266.437s][info ][gc,metaspace   ] GC(38) Metaspace: 104680K(105984K)->104680K(105984K) NonClass: 88817K(89536K)->88817K(89536K) Class: 15863K(16448K)->15863K(16448K)
[1266.437s][info ][gc             ] GC(38) Pause Young (Allocation Failure) 2109M->237M(2210M) 4.826ms
[1266.437s][info ][gc,cpu         ] GC(38) User=0.01s Sys=0.00s Real=0.01s
[1266.437s][info ][safepoint      ] Safepoint "ParallelGCFailedAllocation", Time since last: 999143532 ns, Reaching safepoint: 7501 ns, Cleanup: 12500 ns, At safepoint: 4908290 ns, Total: 4928291 ns
[1267.438s][info ][safepoint      ] Safepoint "Cleanup", Time since last: 1000087550 ns, Reaching safepoint: 7300 ns, Cleanup: 10900 ns, At safepoint: 2700 ns, Total: 20900 ns
[1268.438s][info ][safepoint      ] Safepoint "Cleanup", Time since last: 1000110350 ns, Reaching safepoint: 7400 ns, Cleanup: 13701 ns, At safepoint: 2800 ns, Total: 23901 ns
[1269.438s][info ][safepoint      ] Safepoint "Cleanup", Time since last: 1000111150 ns, Reaching safepoint: 6800 ns, Cleanup: 17600 ns, At safepoint: 3000 ns, Total: 27400 ns
[1270.438s][info ][safepoint      ] Safepoint "Cleanup", Time since last: 1000110001 ns, Reaching safepoint: 7000 ns, Cleanup: 13501 ns, At safepoint: 2800 ns, Total: 23301 ns
[1271.438s][info ][safepoint      ] Safepoint "Cleanup", Time since last: 1000107955 ns, Reaching safepoint: 6800 ns, Cleanup: 11500 ns, At safepoint: 2800 ns, Total: 21100 ns
[1272.438s][info ][safepoint      ] Safepoint "Cleanup", Time since last: 1000131959 ns, Reaching safepoint: 7800 ns, Cleanup: 52701 ns, At safepoint: 3700 ns, Total: 64201 ns
[1273.438s][info ][safepoint      ] Safepoint "Cleanup", Time since last: 1000112258 ns, Reaching safepoint: 6100 ns, Cleanup: 17500 ns, At safepoint: 2301 ns, Total: 25901 ns
[1274.439s][info ][safepoint      ] Safepoint "Cleanup", Time since last: 1000114658 ns, Reaching safepoint: 5900 ns, Cleanup: 32201 ns, At safepoint: 2500 ns, Total: 40601 ns
[1275.439s][info ][safepoint      ] Safepoint "Cleanup", Time since last: 1000121758 ns, Reaching safepoint: 6300 ns, Cleanup: 33001 ns, At safepoint: 2400 ns, Total: 41701 ns
[1276.439s][info ][safepoint      ] Safepoint "Cleanup", Time since last: 1000113158 ns, Reaching safepoint: 6000 ns, Cleanup: 12700 ns, At safepoint: 2400 ns, Total: 21100 ns
[1277.439s][info ][safepoint      ] Safepoint "Cleanup", Time since last: 1000115859 ns, Reaching safepoint: 6700 ns, Cleanup: 41701 ns, At safepoint: 2600 ns, Total: 51001 ns
[1278.439s][info ][safepoint      ] Safepoint "Cleanup", Time since last: 1000107758 ns, Reaching safepoint: 5500 ns, Cleanup: 17400 ns, At safepoint: 2700 ns, Total: 25600 ns
[1279.439s][info ][safepoint      ] Safepoint "Cleanup", Time since last: 1000110822 ns, Reaching safepoint: 6100 ns, Cleanup: 10400 ns, At safepoint: 2200 ns, Total: 18700 ns
[1280.439s][info ][safepoint      ] Safepoint "Cleanup", Time since last: 1000115707 ns, Reaching safepoint: 6400 ns, Cleanup: 22100 ns, At safepoint: 2201 ns, Total: 30701 ns
[1281.440s][info ][safepoint      ] Safepoint "Cleanup", Time since last: 1000105206 ns, Reaching safepoint: 6200 ns, Cleanup: 17001 ns, At safepoint: 2200 ns, Total: 25401 ns
[1284.440s][info ][safepoint      ] Safepoint "Cleanup", Time since last: 3000382021 ns, Reaching safepoint: 6100 ns, Cleanup: 12701 ns, At safepoint: 2300 ns, Total: 21101 ns
[1285.440s][info ][safepoint      ] Safepoint "Cleanup", Time since last: 1000122507 ns, Reaching safepoint: 6700 ns, Cleanup: 33301 ns, At safepoint: 29800 ns, Total: 69801 ns
[1286.440s][info ][safepoint      ] Safepoint "Cleanup", Time since last: 1000107007 ns, Reaching safepoint: 6200 ns, Cleanup: 10200 ns, At safepoint: 2300 ns, Total: 18700 ns
[1287.440s][info ][safepoint      ] Safepoint "Cleanup", Time since last: 1000102650 ns, Reaching safepoint: 6200 ns, Cleanup: 10200 ns, At safepoint: 2500 ns, Total: 18900 ns
[1288.441s][info ][safepoint      ] Safepoint "Cleanup", Time since last: 1000122190 ns, Reaching safepoint: 6900 ns, Cleanup: 11600 ns, At safepoint: 2800 ns, Total: 21300 ns
[1291.441s][info ][safepoint      ] Safepoint "Cleanup", Time since last: 3000283568 ns, Reaching safepoint: 5900 ns, Cleanup: 7100 ns, At safepoint: 1800 ns, Total: 14800 ns
[1313.442s][info ][safepoint      ] Safepoint "Cleanup", Time since last: 22001598207 ns, Reaching safepoint: 6500 ns, Cleanup: 16501 ns, At safepoint: 2400 ns, Total: 25401 ns
[1315.554s][info ][gc,start       ] GC(39) Pause Young (Allocation Failure)
[1315.558s][debug][gc,phases      ] GC(39) Scavenge 4.632ms
[1315.559s][debug][gc,ref         ] GC(39) ReferenceProcessor::execute queues: 1, RefProcThreadModel::Single, marks_oops_alive: false
[1315.559s][debug][gc,ref         ] GC(39) Skipped KeepAliveFinalRefsPhase of Reference Processing: no references
[1315.559s][debug][gc,ref         ] GC(39) ReferenceProcessor::execute queues: 1, RefProcThreadModel::Single, marks_oops_alive: false
[1315.559s][debug][gc,phases      ] GC(39) Reference Processing 0.147ms
[1315.559s][debug][gc,phases      ] GC(39)   VM Weak                        Min:  0.0, Avg:  0.0, Max:  0.0, Diff:  0.0, Sum:  0.0, Workers: 4
[1315.559s][debug][gc,phases      ] GC(39)     Dead                           Min: 0, Avg:  0.0, Max: 0, Diff: 0, Sum: 0, Workers: 4
[1315.559s][debug][gc,phases      ] GC(39)     Total                          Min: 0, Avg: 231.0, Max: 896, Diff: 896, Sum: 924, Workers: 4
[1315.559s][debug][gc,phases      ] GC(39)   ObjectSynchronizer Weak        Min:  0.0, Avg:  0.0, Max:  0.0, Diff:  0.0, Sum:  0.0, Workers: 4
[1315.559s][debug][gc,phases      ] GC(39)     Dead                           Min: 0, Avg:  0.0, Max: 0, Diff: 0, Sum: 0, Workers: 4
[1315.559s][debug][gc,phases      ] GC(39)     Total                          Min: 0, Avg:  1.0, Max: 4, Diff: 4, Sum: 4, Workers: 4
[1315.559s][debug][gc,phases      ] GC(39)   JVMTI Tag Weak OopStorage      Min:  0.0, Avg:  0.0, Max:  0.0, Diff:  0.0, Sum:  0.0, Workers: 4
[1315.559s][debug][gc,phases      ] GC(39)     Dead                           Min: 0, Avg:  0.0, Max: 0, Diff: 0, Sum: 0, Workers: 4
[1315.559s][debug][gc,phases      ] GC(39)     Total                          Min: 0, Avg:  0.0, Max: 0, Diff: 0, Sum: 0, Workers: 4
[1315.559s][debug][gc,phases      ] GC(39)   StringTable Weak               Min:  0.0, Avg:  0.1, Max:  0.2, Diff:  0.2, Sum:  0.4, Workers: 4
[1315.559s][debug][gc,phases      ] GC(39)     Dead                           Min: 0, Avg:  0.8, Max: 2, Diff: 2, Sum: 3, Workers: 4
[1315.559s][debug][gc,phases      ] GC(39)     Total                          Min: 0, Avg: 11510.2, Max: 25113, Diff: 25113, Sum: 46041, Workers: 4
[1315.559s][debug][gc,phases      ] GC(39)   ResolvedMethodTable Weak       Min:  0.0, Avg:  0.0, Max:  0.1, Diff:  0.1, Sum:  0.2, Workers: 4
[1315.559s][debug][gc,phases      ] GC(39)     Dead                           Min: 0, Avg:  7.0, Max: 23, Diff: 23, Sum: 28, Workers: 4
[1315.559s][debug][gc,phases      ] GC(39)     Total                          Min: 0, Avg: 3715.2, Max: 7771, Diff: 7771, Sum: 14861, Workers: 4
[1315.559s][debug][gc,phases      ] GC(39)   JNI Weak                       Min:  0.0, Avg:  0.0, Max:  0.0, Diff:  0.0, Sum:  0.0, Workers: 4
[1315.559s][debug][gc,phases      ] GC(39)     Dead                           Min: 0, Avg:  0.0, Max: 0, Diff: 0, Sum: 0, Workers: 4
[1315.559s][debug][gc,phases      ] GC(39)     Total                          Min: 0, Avg: 13.0, Max: 48, Diff: 48, Sum: 52, Workers: 4
[1315.559s][debug][gc,phases      ] GC(39)   StringDedup Table Weak         Min:  0.0, Avg:  0.0, Max:  0.0, Diff:  0.0, Sum:  0.0, Workers: 4
[1315.559s][debug][gc,phases      ] GC(39)     Dead                           Min: 0, Avg:  0.0, Max: 0, Diff: 0, Sum: 0, Workers: 4
[1315.559s][debug][gc,phases      ] GC(39)     Total                          Min: 0, Avg:  0.0, Max: 0, Diff: 0, Sum: 0, Workers: 4
[1315.559s][debug][gc,phases      ] GC(39)   StringDedup Requests0 Weak     Min:  0.0, Avg:  0.0, Max:  0.0, Diff:  0.0, Sum:  0.0, Workers: 4
[1315.559s][debug][gc,phases      ] GC(39)     Dead                           Min: 0, Avg:  0.0, Max: 0, Diff: 0, Sum: 0, Workers: 4
[1315.559s][debug][gc,phases      ] GC(39)     Total                          Min: 0, Avg:  0.0, Max: 0, Diff: 0, Sum: 0, Workers: 4
[1315.559s][debug][gc,phases      ] GC(39)   StringDedup Requests1 Weak     Min:  0.0, Avg:  0.0, Max:  0.0, Diff:  0.0, Sum:  0.0, Workers: 4
[1315.559s][debug][gc,phases      ] GC(39)     Dead                           Min: 0, Avg:  0.0, Max: 0, Diff: 0, Sum: 0, Workers: 4
[1315.559s][debug][gc,phases      ] GC(39)     Total                          Min: 0, Avg:  0.0, Max: 0, Diff: 0, Sum: 0, Workers: 4
[1315.559s][debug][gc,phases      ] GC(39)   Weak JFR Old Object Samples    Min:  0.0, Avg:  0.0, Max:  0.0, Diff:  0.0, Sum:  0.0, Workers: 4
[1315.559s][debug][gc,phases      ] GC(39)     Dead                           Min: 0, Avg:  0.0, Max: 0, Diff: 0, Sum: 0, Workers: 4
[1315.559s][debug][gc,phases      ] GC(39)     Total                          Min: 0, Avg:  0.0, Max: 0, Diff: 0, Sum: 0, Workers: 4
[1315.559s][debug][gc,phases      ] GC(39) Weak Processing 0.496ms
[1315.559s][debug][gc,age         ] GC(39) Desired survivor size 71303168 bytes, new threshold 1 (max threshold 15)
[1315.559s][info ][gc,heap        ] GC(39) PSYoungGen: 1944224K(2022400K)->3216K(2016768K) Eden: 1942016K(1942016K)->0K(1942016K) From: 2208K(80384K)->3216K(74752K)
[1315.559s][info ][gc,heap        ] GC(39) ParOldGen: 241086K(241152K)->241915K(242176K)
[1315.559s][info ][gc,metaspace   ] GC(39) Metaspace: 104847K(106112K)->104847K(106112K) NonClass: 88951K(89664K)->88951K(89664K) Class: 15896K(16448K)->15896K(16448K)
[1315.559s][info ][gc             ] GC(39) Pause Young (Allocation Failure) 2134M->239M(2206M) 5.425ms
[1315.559s][info ][gc,cpu         ] GC(39) User=0.02s Sys=0.01s Real=0.01s
[1315.559s][info ][safepoint      ] Safepoint "ParallelGCFailedAllocation", Time since last: 2111218488 ns, Reaching safepoint: 7800 ns, Cleanup: 5000 ns, At safepoint: 5500835 ns, Total: 5513635 ns
[1317.560s][info ][safepoint      ] Safepoint "Cleanup", Time since last: 2000173664 ns, Reaching safepoint: 84302 ns, Cleanup: 15701 ns, At safepoint: 7200 ns, Total: 107203 ns
[1318.560s][info ][safepoint      ] Safepoint "Cleanup", Time since last: 1000439541 ns, Reaching safepoint: 7500 ns, Cleanup: 10100 ns, At safepoint: 9100 ns, Total: 26700 ns
[1320.451s][info ][safepoint      ] Safepoint "Cleanup", Time since last: 1891199405 ns, Reaching safepoint: 171906 ns, Cleanup: 8500 ns, At safepoint: 8100 ns, Total: 188506 ns
[1321.452s][info ][safepoint      ] Safepoint "Cleanup", Time since last: 1000240466 ns, Reaching safepoint: 120404 ns, Cleanup: 13101 ns, At safepoint: 31401 ns, Total: 164906 ns
[1322.452s][info ][safepoint      ] Safepoint "Cleanup", Time since last: 1000125762 ns, Reaching safepoint: 101903 ns, Cleanup: 9501 ns, At safepoint: 10000 ns, Total: 121404 ns
[1323.452s][info ][safepoint      ] Safepoint "Cleanup", Time since last: 1000128962 ns, Reaching safepoint: 111204 ns, Cleanup: 19401 ns, At safepoint: 7500 ns, Total: 138105 ns
[1324.452s][info ][safepoint      ] Safepoint "Cleanup", Time since last: 1000121361 ns, Reaching safepoint: 82003 ns, Cleanup: 9301 ns, At safepoint: 10500 ns, Total: 101804 ns
[1325.453s][info ][safepoint      ] Safepoint "Cleanup", Time since last: 1000125261 ns, Reaching safepoint: 78603 ns, Cleanup: 10601 ns, At safepoint: 5700 ns, Total: 94904 ns
[1332.453s][info ][safepoint      ] Safepoint "Cleanup", Time since last: 7000555434 ns, Reaching safepoint: 84204 ns, Cleanup: 12701 ns, At safepoint: 7500 ns, Total: 104405 ns
[1333.883s][info ][safepoint      ] Safepoint "Cleanup", Time since last: 1429804634 ns, Reaching safepoint: 6601 ns, Cleanup: 48002 ns, At safepoint: 2300 ns, Total: 56903 ns
[1334.883s][info ][safepoint      ] Safepoint "Cleanup", Time since last: 1000121946 ns, Reaching safepoint: 7100 ns, Cleanup: 9201 ns, At safepoint: 2500 ns, Total: 18801 ns
[1335.884s][info ][safepoint      ] Safepoint "Cleanup", Time since last: 1000113797 ns, Reaching safepoint: 6101 ns, Cleanup: 18200 ns, At safepoint: 2400 ns, Total: 26701 ns
[1336.884s][info ][safepoint      ] Safepoint "Cleanup", Time since last: 1000109798 ns, Reaching safepoint: 6300 ns, Cleanup: 50102 ns, At safepoint: 2100 ns, Total: 58502 ns
[1337.884s][info ][safepoint      ] Safepoint "Cleanup", Time since last: 1000113495 ns, Reaching safepoint: 7301 ns, Cleanup: 27401 ns, At safepoint: 2500 ns, Total: 37202 ns
[1338.884s][info ][safepoint      ] Safepoint "Cleanup", Time since last: 1000116605 ns, Reaching safepoint: 6800 ns, Cleanup: 65603 ns, At safepoint: 2200 ns, Total: 74603 ns
[1339.884s][info ][safepoint      ] Safepoint "Cleanup", Time since last: 1000114105 ns, Reaching safepoint: 5900 ns, Cleanup: 41802 ns, At safepoint: 2100 ns, Total: 49802 ns
[1340.884s][info ][safepoint      ] Safepoint "Cleanup", Time since last: 1000110804 ns, Reaching safepoint: 6700 ns, Cleanup: 13901 ns, At safepoint: 2300 ns, Total: 22901 ns
[1341.884s][info ][safepoint      ] Safepoint "Cleanup", Time since last: 1000114505 ns, Reaching safepoint: 6300 ns, Cleanup: 9000 ns, At safepoint: 2300 ns, Total: 17600 ns
[1342.885s][info ][safepoint      ] Safepoint "Cleanup", Time since last: 1000111601 ns, Reaching safepoint: 6600 ns, Cleanup: 9700 ns, At safepoint: 2500 ns, Total: 18800 ns
[1343.885s][info ][safepoint      ] Safepoint "Cleanup", Time since last: 1000133484 ns, Reaching safepoint: 6700 ns, Cleanup: 13900 ns, At safepoint: 2600 ns, Total: 23200 ns
[1345.885s][info ][safepoint      ] Safepoint "Cleanup", Time since last: 2000189964 ns, Reaching safepoint: 6200 ns, Cleanup: 13201 ns, At safepoint: 2400 ns, Total: 21801 ns
[1346.885s][info ][safepoint      ] Safepoint "Cleanup", Time since last: 1000137978 ns, Reaching safepoint: 5500 ns, Cleanup: 14601 ns, At safepoint: 2300 ns, Total: 22401 ns
[1349.885s][info ][safepoint      ] Safepoint "Cleanup", Time since last: 3000247692 ns, Reaching safepoint: 6100 ns, Cleanup: 9601 ns, At safepoint: 2600 ns, Total: 18301 ns
[1350.886s][info ][safepoint      ] Safepoint "Cleanup", Time since last: 1000113771 ns, Reaching safepoint: 6301 ns, Cleanup: 10800 ns, At safepoint: 3000 ns, Total: 20101 ns
[1351.886s][info ][safepoint      ] Safepoint "Cleanup", Time since last: 1000114054 ns, Reaching safepoint: 6801 ns, Cleanup: 12900 ns, At safepoint: 2200 ns, Total: 21901 ns
[1353.886s][info ][safepoint      ] Safepoint "Cleanup", Time since last: 2000183506 ns, Reaching safepoint: 9101 ns, Cleanup: 21801 ns, At safepoint: 2900 ns, Total: 33802 ns
[1354.886s][info ][safepoint      ] Safepoint "Cleanup", Time since last: 1000120554 ns, Reaching safepoint: 6700 ns, Cleanup: 10801 ns, At safepoint: 2200 ns, Total: 19701 ns
[1356.886s][info ][safepoint      ] Safepoint "Cleanup", Time since last: 2000186106 ns, Reaching safepoint: 7200 ns, Cleanup: 11501 ns, At safepoint: 2300 ns, Total: 21001 ns
[1357.886s][info ][safepoint      ] Safepoint "Cleanup", Time since last: 1000115154 ns, Reaching safepoint: 6600 ns, Cleanup: 41302 ns, At safepoint: 2700 ns, Total: 50602 ns
[1358.887s][info ][safepoint      ] Safepoint "Cleanup", Time since last: 1000101324 ns, Reaching safepoint: 5400 ns, Cleanup: 12201 ns, At safepoint: 2000 ns, Total: 19601 ns
[1359.401s][info ][gc,start       ] GC(40) Pause Young (Allocation Failure)
[1359.407s][debug][gc,phases      ] GC(40) Scavenge 6.044ms
[1359.408s][debug][gc,ref         ] GC(40) ReferenceProcessor::execute queues: 1, RefProcThreadModel::Single, marks_oops_alive: false
[1359.408s][debug][gc,ref         ] GC(40) Skipped KeepAliveFinalRefsPhase of Reference Processing: no references
[1359.408s][debug][gc,ref         ] GC(40) ReferenceProcessor::execute queues: 1, RefProcThreadModel::Single, marks_oops_alive: false
[1359.408s][debug][gc,phases      ] GC(40) Reference Processing 0.142ms
[1359.408s][debug][gc,phases      ] GC(40)   VM Weak                        Min:  0.0, Avg:  0.0, Max:  0.0, Diff:  0.0, Sum:  0.0, Workers: 4
[1359.408s][debug][gc,phases      ] GC(40)     Dead                           Min: 0, Avg:  0.0, Max: 0, Diff: 0, Sum: 0, Workers: 4
[1359.408s][debug][gc,phases      ] GC(40)     Total                          Min: 0, Avg: 232.0, Max: 608, Diff: 608, Sum: 928, Workers: 4
[1359.408s][debug][gc,phases      ] GC(40)   ObjectSynchronizer Weak        Min:  0.0, Avg:  0.0, Max:  0.0, Diff:  0.0, Sum:  0.0, Workers: 4
[1359.408s][debug][gc,phases      ] GC(40)     Dead                           Min: 0, Avg:  0.0, Max: 0, Diff: 0, Sum: 0, Workers: 4
[1359.408s][debug][gc,phases      ] GC(40)     Total                          Min: 0, Avg:  1.0, Max: 4, Diff: 4, Sum: 4, Workers: 4
[1359.408s][debug][gc,phases      ] GC(40)   JVMTI Tag Weak OopStorage      Min:  0.0, Avg:  0.0, Max:  0.0, Diff:  0.0, Sum:  0.0, Workers: 4
[1359.408s][debug][gc,phases      ] GC(40)     Dead                           Min: 0, Avg:  0.0, Max: 0, Diff: 0, Sum: 0, Workers: 4
[1359.408s][debug][gc,phases      ] GC(40)     Total                          Min: 0, Avg:  0.0, Max: 0, Diff: 0, Sum: 0, Workers: 4
[1359.408s][debug][gc,phases      ] GC(40)   StringTable Weak               Min:  0.0, Avg:  0.1, Max:  0.1, Diff:  0.1, Sum:  0.4, Workers: 4
[1359.408s][debug][gc,phases      ] GC(40)     Dead                           Min: 0, Avg:  0.2, Max: 1, Diff: 1, Sum: 1, Workers: 4
[1359.408s][debug][gc,phases      ] GC(40)     Total                          Min: 0, Avg: 11516.5, Max: 16574, Diff: 16574, Sum: 46066, Workers: 4
[1359.408s][debug][gc,phases      ] GC(40)   ResolvedMethodTable Weak       Min:  0.0, Avg:  0.0, Max:  0.1, Diff:  0.1, Sum:  0.2, Workers: 4
[1359.408s][debug][gc,phases      ] GC(40)     Dead                           Min: 0, Avg:  4.5, Max: 18, Diff: 18, Sum: 18, Workers: 4
[1359.408s][debug][gc,phases      ] GC(40)     Total                          Min: 0, Avg: 3720.5, Max: 5566, Diff: 5566, Sum: 14882, Workers: 4
[1359.408s][debug][gc,phases      ] GC(40)   JNI Weak                       Min:  0.0, Avg:  0.0, Max:  0.0, Diff:  0.0, Sum:  0.0, Workers: 4
[1359.408s][debug][gc,phases      ] GC(40)     Dead                           Min: 0, Avg:  0.0, Max: 0, Diff: 0, Sum: 0, Workers: 4
[1359.408s][debug][gc,phases      ] GC(40)     Total                          Min: 0, Avg: 13.0, Max: 48, Diff: 48, Sum: 52, Workers: 4
[1359.408s][debug][gc,phases      ] GC(40)   StringDedup Table Weak         Min:  0.0, Avg:  0.0, Max:  0.0, Diff:  0.0, Sum:  0.0, Workers: 4
[1359.408s][debug][gc,phases      ] GC(40)     Dead                           Min: 0, Avg:  0.0, Max: 0, Diff: 0, Sum: 0, Workers: 4
[1359.408s][debug][gc,phases      ] GC(40)     Total                          Min: 0, Avg:  0.0, Max: 0, Diff: 0, Sum: 0, Workers: 4
[1359.408s][debug][gc,phases      ] GC(40)   StringDedup Requests0 Weak     Min:  0.0, Avg:  0.0, Max:  0.0, Diff:  0.0, Sum:  0.0, Workers: 4
[1359.408s][debug][gc,phases      ] GC(40)     Dead                           Min: 0, Avg:  0.0, Max: 0, Diff: 0, Sum: 0, Workers: 4
[1359.408s][debug][gc,phases      ] GC(40)     Total                          Min: 0, Avg:  0.0, Max: 0, Diff: 0, Sum: 0, Workers: 4
[1359.408s][debug][gc,phases      ] GC(40)   StringDedup Requests1 Weak     Min:  0.0, Avg:  0.0, Max:  0.0, Diff:  0.0, Sum:  0.0, Workers: 4
[1359.408s][debug][gc,phases      ] GC(40)     Dead                           Min: 0, Avg:  0.0, Max: 0, Diff: 0, Sum: 0, Workers: 4
[1359.408s][debug][gc,phases      ] GC(40)     Total                          Min: 0, Avg:  0.0, Max: 0, Diff: 0, Sum: 0, Workers: 4
[1359.408s][debug][gc,phases      ] GC(40)   Weak JFR Old Object Samples    Min:  0.0, Avg:  0.0, Max:  0.0, Diff:  0.0, Sum:  0.0, Workers: 4
[1359.408s][debug][gc,phases      ] GC(40)     Dead                           Min: 0, Avg:  0.0, Max: 0, Diff: 0, Sum: 0, Workers: 4
[1359.408s][debug][gc,phases      ] GC(40)     Total                          Min: 0, Avg:  0.0, Max: 0, Diff: 0, Sum: 0, Workers: 4
[1359.408s][debug][gc,phases      ] GC(40) Weak Processing 0.397ms
[1359.408s][debug][gc,age         ] GC(40) Desired survivor size 65536000 bytes, new threshold 1 (max threshold 15)
[1359.408s][info ][gc,heap        ] GC(40) PSYoungGen: 1945232K(2016768K)->5328K(2033152K) Eden: 1942016K(1942016K)->0K(1963520K) From: 3216K(74752K)->5328K(69632K)
[1359.408s][info ][gc,heap        ] GC(40) ParOldGen: 241915K(242176K)->242843K(243200K)
[1359.408s][info ][gc,metaspace   ] GC(40) Metaspace: 104962K(106240K)->104962K(106240K) NonClass: 89058K(89728K)->89058K(89728K) Class: 15903K(16512K)->15903K(16512K)
[1359.408s][info ][gc             ] GC(40) Pause Young (Allocation Failure) 2135M->242M(2223M) 6.720ms
[1359.408s][info ][gc,cpu         ] GC(40) User=0.02s Sys=0.00s Real=0.01s
[1359.408s][info ][safepoint      ] Safepoint "ParallelGCFailedAllocation", Time since last: 514745816 ns, Reaching safepoint: 82703 ns, Cleanup: 14401 ns, At safepoint: 6798188 ns, Total: 6895292 ns
[1360.408s][info ][safepoint      ] Safepoint "Cleanup", Time since last: 1000089586 ns, Reaching safepoint: 7200 ns, Cleanup: 25101 ns, At safepoint: 2700 ns, Total: 35001 ns
[1362.409s][info ][safepoint      ] Safepoint "Cleanup", Time since last: 2000212673 ns, Reaching safepoint: 87304 ns, Cleanup: 18701 ns, At safepoint: 27301 ns, Total: 133306 ns
[1363.409s][info ][safepoint      ] Safepoint "Cleanup", Time since last: 1000131988 ns, Reaching safepoint: 9900 ns, Cleanup: 10801 ns, At safepoint: 3100 ns, Total: 23801 ns
[1364.409s][info ][safepoint      ] Safepoint "Cleanup", Time since last: 1000140788 ns, Reaching safepoint: 86003 ns, Cleanup: 11101 ns, At safepoint: 7600 ns, Total: 104704 ns
[1365.409s][info ][safepoint      ] Safepoint "Cleanup", Time since last: 1000109487 ns, Reaching safepoint: 7200 ns, Cleanup: 22401 ns, At safepoint: 2900 ns, Total: 32501 ns
[1367.409s][info ][safepoint      ] Safepoint "Cleanup", Time since last: 2000207742 ns, Reaching safepoint: 8500 ns, Cleanup: 17701 ns, At safepoint: 2700 ns, Total: 28901 ns
[1369.410s][info ][safepoint      ] Safepoint "Cleanup", Time since last: 2000219338 ns, Reaching safepoint: 9500 ns, Cleanup: 20401 ns, At safepoint: 3100 ns, Total: 33001 ns
[1370.410s][info ][safepoint      ] Safepoint "Cleanup", Time since last: 1000136570 ns, Reaching safepoint: 83203 ns, Cleanup: 20001 ns, At safepoint: 7700 ns, Total: 110904 ns
[1371.410s][info ][safepoint      ] Safepoint "Cleanup", Time since last: 1000142070 ns, Reaching safepoint: 87503 ns, Cleanup: 24901 ns, At safepoint: 8201 ns, Total: 120605 ns
[1372.410s][info ][safepoint      ] Safepoint "Cleanup", Time since last: 1000126069 ns, Reaching safepoint: 7200 ns, Cleanup: 10601 ns, At safepoint: 2400 ns, Total: 20201 ns
[1373.411s][info ][safepoint      ] Safepoint "Cleanup", Time since last: 1000134557 ns, Reaching safepoint: 86104 ns, Cleanup: 22101 ns, At safepoint: 7400 ns, Total: 115605 ns
[1374.411s][info ][safepoint      ] Safepoint "Cleanup", Time since last: 1000143958 ns, Reaching safepoint: 9601 ns, Cleanup: 15400 ns, At safepoint: 8301 ns, Total: 33302 ns
[1376.411s][info ][safepoint      ] Safepoint "Cleanup", Time since last: 2000199402 ns, Reaching safepoint: 7901 ns, Cleanup: 12100 ns, At safepoint: 3100 ns, Total: 23101 ns
[1383.470s][info ][safepoint      ] Safepoint "Cleanup", Time since last: 7059285745 ns, Reaching safepoint: 5900 ns, Cleanup: 13900 ns, At safepoint: 2800 ns, Total: 22600 ns
[1384.470s][info ][safepoint      ] Safepoint "Cleanup", Time since last: 1000108010 ns, Reaching safepoint: 6200 ns, Cleanup: 12000 ns, At safepoint: 2700 ns, Total: 20900 ns
[1387.471s][info ][safepoint      ] Safepoint "Cleanup", Time since last: 3000242676 ns, Reaching safepoint: 6900 ns, Cleanup: 10701 ns, At safepoint: 2600 ns, Total: 20201 ns
[1388.471s][info ][safepoint      ] Safepoint "Cleanup", Time since last: 1000114103 ns, Reaching safepoint: 8300 ns, Cleanup: 13101 ns, At safepoint: 2500 ns, Total: 23901 ns
[1389.471s][info ][safepoint      ] Safepoint "Cleanup", Time since last: 1000107603 ns, Reaching safepoint: 6500 ns, Cleanup: 9600 ns, At safepoint: 2700 ns, Total: 18800 ns
[1390.471s][info ][safepoint      ] Safepoint "Cleanup", Time since last: 1000103403 ns, Reaching safepoint: 5800 ns, Cleanup: 15901 ns, At safepoint: 2600 ns, Total: 24301 ns
[1394.052s][info ][gc,start       ] GC(41) Pause Young (Allocation Failure)
[1394.069s][debug][gc,phases      ] GC(41) Scavenge 16.847ms
[1394.069s][debug][gc,ref         ] GC(41) ReferenceProcessor::execute queues: 1, RefProcThreadModel::Single, marks_oops_alive: false
[1394.069s][debug][gc,ref         ] GC(41) Skipped KeepAliveFinalRefsPhase of Reference Processing: no references
[1394.069s][debug][gc,ref         ] GC(41) ReferenceProcessor::execute queues: 1, RefProcThreadModel::Single, marks_oops_alive: false
[1394.069s][debug][gc,phases      ] GC(41) Reference Processing 0.108ms
[1394.070s][debug][gc,phases      ] GC(41)   VM Weak                        Min:  0.0, Avg:  0.0, Max:  0.0, Diff:  0.0, Sum:  0.0, Workers: 4
[1394.070s][debug][gc,phases      ] GC(41)     Dead                           Min: 0, Avg:  0.0, Max: 0, Diff: 0, Sum: 0, Workers: 4
[1394.070s][debug][gc,phases      ] GC(41)     Total                          Min: 0, Avg: 232.0, Max: 736, Diff: 736, Sum: 928, Workers: 4
[1394.070s][debug][gc,phases      ] GC(41)   ObjectSynchronizer Weak        Min:  0.0, Avg:  0.0, Max:  0.0, Diff:  0.0, Sum:  0.0, Workers: 4
[1394.070s][debug][gc,phases      ] GC(41)     Dead                           Min: 0, Avg:  0.0, Max: 0, Diff: 0, Sum: 0, Workers: 4
[1394.070s][debug][gc,phases      ] GC(41)     Total                          Min: 0, Avg:  1.0, Max: 4, Diff: 4, Sum: 4, Workers: 4
[1394.070s][debug][gc,phases      ] GC(41)   JVMTI Tag Weak OopStorage      Min:  0.0, Avg:  0.0, Max:  0.0, Diff:  0.0, Sum:  0.0, Workers: 4
[1394.070s][debug][gc,phases      ] GC(41)     Dead                           Min: 0, Avg:  0.0, Max: 0, Diff: 0, Sum: 0, Workers: 4
[1394.070s][debug][gc,phases      ] GC(41)     Total                          Min: 0, Avg:  0.0, Max: 0, Diff: 0, Sum: 0, Workers: 4
[1394.070s][debug][gc,phases      ] GC(41)   StringTable Weak               Min:  0.0, Avg:  0.1, Max:  0.2, Diff:  0.2, Sum:  0.5, Workers: 4
[1394.070s][debug][gc,phases      ] GC(41)     Dead                           Min: 0, Avg:  0.0, Max: 0, Diff: 0, Sum: 0, Workers: 4
[1394.070s][debug][gc,phases      ] GC(41)     Total                          Min: 0, Avg: 11517.5, Max: 16639, Diff: 16639, Sum: 46070, Workers: 4
[1394.070s][debug][gc,phases      ] GC(41)   ResolvedMethodTable Weak       Min:  0.0, Avg:  0.0, Max:  0.1, Diff:  0.1, Sum:  0.2, Workers: 4
[1394.070s][debug][gc,phases      ] GC(41)     Dead                           Min: 0, Avg:  4.0, Max: 11, Diff: 11, Sum: 16, Workers: 4
[1394.070s][debug][gc,phases      ] GC(41)     Total                          Min: 0, Avg: 3721.5, Max: 5650, Diff: 5650, Sum: 14886, Workers: 4
[1394.070s][debug][gc,phases      ] GC(41)   JNI Weak                       Min:  0.0, Avg:  0.0, Max:  0.0, Diff:  0.0, Sum:  0.0, Workers: 4
[1394.070s][debug][gc,phases      ] GC(41)     Dead                           Min: 0, Avg:  0.0, Max: 0, Diff: 0, Sum: 0, Workers: 4
[1394.070s][debug][gc,phases      ] GC(41)     Total                          Min: 0, Avg: 13.0, Max: 48, Diff: 48, Sum: 52, Workers: 4
[1394.070s][debug][gc,phases      ] GC(41)   StringDedup Table Weak         Min:  0.0, Avg:  0.0, Max:  0.0, Diff:  0.0, Sum:  0.0, Workers: 4
[1394.070s][debug][gc,phases      ] GC(41)     Dead                           Min: 0, Avg:  0.0, Max: 0, Diff: 0, Sum: 0, Workers: 4
[1394.070s][debug][gc,phases      ] GC(41)     Total                          Min: 0, Avg:  0.0, Max: 0, Diff: 0, Sum: 0, Workers: 4
[1394.070s][debug][gc,phases      ] GC(41)   StringDedup Requests0 Weak     Min:  0.0, Avg:  0.0, Max:  0.0, Diff:  0.0, Sum:  0.0, Workers: 4
[1394.070s][debug][gc,phases      ] GC(41)     Dead                           Min: 0, Avg:  0.0, Max: 0, Diff: 0, Sum: 0, Workers: 4
[1394.070s][debug][gc,phases      ] GC(41)     Total                          Min: 0, Avg:  0.0, Max: 0, Diff: 0, Sum: 0, Workers: 4
[1394.070s][debug][gc,phases      ] GC(41)   StringDedup Requests1 Weak     Min:  0.0, Avg:  0.0, Max:  0.0, Diff:  0.0, Sum:  0.0, Workers: 4
[1394.070s][debug][gc,phases      ] GC(41)     Dead                           Min: 0, Avg:  0.0, Max: 0, Diff: 0, Sum: 0, Workers: 4
[1394.070s][debug][gc,phases      ] GC(41)     Total                          Min: 0, Avg:  0.0, Max: 0, Diff: 0, Sum: 0, Workers: 4
[1394.070s][debug][gc,phases      ] GC(41)   Weak JFR Old Object Samples    Min:  0.0, Avg:  0.0, Max:  0.0, Diff:  0.0, Sum:  0.0, Workers: 4
[1394.070s][debug][gc,phases      ] GC(41)     Dead                           Min: 0, Avg:  0.0, Max: 0, Diff: 0, Sum: 0, Workers: 4
[1394.070s][debug][gc,phases      ] GC(41)     Total                          Min: 0, Avg:  0.0, Max: 0, Diff: 0, Sum: 0, Workers: 4
[1394.070s][debug][gc,phases      ] GC(41) Weak Processing 0.501ms
[1394.070s][debug][gc,age         ] GC(41) Desired survivor size 62390272 bytes, new threshold 1 (max threshold 15)
[1394.070s][info ][gc,heap        ] GC(41) PSYoungGen: 1968848K(2033152K)->14624K(2027520K) Eden: 1963520K(1963520K)->0K(1963520K) From: 5328K(69632K)->14624K(64000K)
[1394.070s][info ][gc,heap        ] GC(41) ParOldGen: 242843K(243200K)->246095K(246272K)
[1394.070s][info ][gc,metaspace   ] GC(41) Metaspace: 104981K(106304K)->104981K(106304K) NonClass: 89075K(89792K)->89075K(89792K) Class: 15905K(16512K)->15905K(16512K)
[1394.070s][info ][gc             ] GC(41) Pause Young (Allocation Failure) 2159M->254M(2220M) 17.616ms
[1394.070s][info ][gc,cpu         ] GC(41) User=0.03s Sys=0.01s Real=0.02s
[1394.070s][info ][safepoint      ] Safepoint "ParallelGCFailedAllocation", Time since last: 3581066483 ns, Reaching safepoint: 87304 ns, Cleanup: 5300 ns, At safepoint: 17710116 ns, Total: 17802720 ns
[1395.070s][info ][safepoint      ] Safepoint "Cleanup", Time since last: 1000100245 ns, Reaching safepoint: 6500 ns, Cleanup: 12101 ns, At safepoint: 2300 ns, Total: 20901 ns
[1396.070s][info ][safepoint      ] Safepoint "Cleanup", Time since last: 1000112144 ns, Reaching safepoint: 6801 ns, Cleanup: 6600 ns, At safepoint: 2100 ns, Total: 15501 ns
[1401.071s][info ][safepoint      ] Safepoint "Cleanup", Time since last: 5000381679 ns, Reaching safepoint: 7201 ns, Cleanup: 14300 ns, At safepoint: 2800 ns, Total: 24301 ns
[1402.071s][info ][safepoint      ] Safepoint "Cleanup", Time since last: 1000137067 ns, Reaching safepoint: 7900 ns, Cleanup: 13601 ns, At safepoint: 2700 ns, Total: 24201 ns
[1404.071s][info ][safepoint      ] Safepoint "Cleanup", Time since last: 2000185230 ns, Reaching safepoint: 7601 ns, Cleanup: 12100 ns, At safepoint: 3300 ns, Total: 23001 ns
[1405.071s][info ][safepoint      ] Safepoint "Cleanup", Time since last: 1000109866 ns, Reaching safepoint: 76903 ns, Cleanup: 9400 ns, At safepoint: 6001 ns, Total: 92304 ns
[1409.072s][info ][safepoint      ] Safepoint "Cleanup", Time since last: 4000321639 ns, Reaching safepoint: 8800 ns, Cleanup: 13501 ns, At safepoint: 27900 ns, Total: 50201 ns
[1410.072s][info ][safepoint      ] Safepoint "Cleanup", Time since last: 1000109318 ns, Reaching safepoint: 8000 ns, Cleanup: 14201 ns, At safepoint: 2700 ns, Total: 24901 ns
[1412.072s][info ][safepoint      ] Safepoint "Cleanup", Time since last: 2000183708 ns, Reaching safepoint: 8000 ns, Cleanup: 16001 ns, At safepoint: 2200 ns, Total: 26201 ns
[1413.072s][info ][safepoint      ] Safepoint "Cleanup", Time since last: 1000113383 ns, Reaching safepoint: 7900 ns, Cleanup: 17901 ns, At safepoint: 2500 ns, Total: 28301 ns
[1416.072s][info ][safepoint      ] Safepoint "Cleanup", Time since last: 3000249563 ns, Reaching safepoint: 5200 ns, Cleanup: 35401 ns, At safepoint: 3001 ns, Total: 43602 ns
[1417.072s][info ][safepoint      ] Safepoint "Cleanup", Time since last: 1000113739 ns, Reaching safepoint: 6300 ns, Cleanup: 9800 ns, At safepoint: 2000 ns, Total: 18100 ns
[1420.073s][info ][safepoint      ] Safepoint "Cleanup", Time since last: 3000235363 ns, Reaching safepoint: 7100 ns, Cleanup: 11701 ns, At safepoint: 2900 ns, Total: 21701 ns
[1421.073s][info ][safepoint      ] Safepoint "Cleanup", Time since last: 1000156329 ns, Reaching safepoint: 7500 ns, Cleanup: 14201 ns, At safepoint: 3100 ns, Total: 24801 ns
[1422.073s][info ][safepoint      ] Safepoint "Cleanup", Time since last: 1000121327 ns, Reaching safepoint: 6600 ns, Cleanup: 22401 ns, At safepoint: 2400 ns, Total: 31401 ns
[1423.073s][info ][safepoint      ] Safepoint "Cleanup", Time since last: 1000104093 ns, Reaching safepoint: 8200 ns, Cleanup: 13300 ns, At safepoint: 2400 ns, Total: 23900 ns
[1424.073s][info ][safepoint      ] Safepoint "Cleanup", Time since last: 1000114780 ns, Reaching safepoint: 6900 ns, Cleanup: 10101 ns, At safepoint: 2600 ns, Total: 19601 ns
[1429.074s][info ][safepoint      ] Safepoint "Cleanup", Time since last: 5000394055 ns, Reaching safepoint: 6501 ns, Cleanup: 11200 ns, At safepoint: 2400 ns, Total: 20101 ns
[1430.074s][info ][safepoint      ] Safepoint "Cleanup", Time since last: 1000120631 ns, Reaching safepoint: 6300 ns, Cleanup: 10001 ns, At safepoint: 1900 ns, Total: 18201 ns
[1432.074s][info ][safepoint      ] Safepoint "Cleanup", Time since last: 2000165688 ns, Reaching safepoint: 8300 ns, Cleanup: 20201 ns, At safepoint: 3100 ns, Total: 31601 ns
[1434.852s][info ][gc,start       ] GC(42) Pause Young (Allocation Failure)
[1434.864s][debug][gc,phases      ] GC(42) Scavenge 12.024ms
[1434.864s][debug][gc,ref         ] GC(42) ReferenceProcessor::execute queues: 1, RefProcThreadModel::Single, marks_oops_alive: false
[1434.864s][debug][gc,ref         ] GC(42) Skipped KeepAliveFinalRefsPhase of Reference Processing: no references
[1434.864s][debug][gc,ref         ] GC(42) Skipped PhantomRefsPhase of Reference Processing: no references
[1434.864s][debug][gc,phases      ] GC(42) Reference Processing 0.150ms
[1434.865s][debug][gc,phases      ] GC(42)   VM Weak                        Min:  0.0, Avg:  0.0, Max:  0.0, Diff:  0.0, Sum:  0.0, Workers: 4
[1434.865s][debug][gc,phases      ] GC(42)     Dead                           Min: 0, Avg:  0.0, Max: 0, Diff: 0, Sum: 0, Workers: 4
[1434.865s][debug][gc,phases      ] GC(42)     Total                          Min: 0, Avg: 232.0, Max: 896, Diff: 896, Sum: 928, Workers: 4
[1434.865s][debug][gc,phases      ] GC(42)   ObjectSynchronizer Weak        Min:  0.0, Avg:  0.0, Max:  0.0, Diff:  0.0, Sum:  0.0, Workers: 4
[1434.865s][debug][gc,phases      ] GC(42)     Dead                           Min: 0, Avg:  0.0, Max: 0, Diff: 0, Sum: 0, Workers: 4
[1434.865s][debug][gc,phases      ] GC(42)     Total                          Min: 0, Avg:  1.0, Max: 4, Diff: 4, Sum: 4, Workers: 4
[1434.865s][debug][gc,phases      ] GC(42)   JVMTI Tag Weak OopStorage      Min:  0.0, Avg:  0.0, Max:  0.0, Diff:  0.0, Sum:  0.0, Workers: 4
[1434.865s][debug][gc,phases      ] GC(42)     Dead                           Min: 0, Avg:  0.0, Max: 0, Diff: 0, Sum: 0, Workers: 4
[1434.865s][debug][gc,phases      ] GC(42)     Total                          Min: 0, Avg:  0.0, Max: 0, Diff: 0, Sum: 0, Workers: 4
[1434.865s][debug][gc,phases      ] GC(42)   StringTable Weak               Min:  0.1, Avg:  0.1, Max:  0.1, Diff:  0.0, Sum:  0.4, Workers: 4
[1434.865s][debug][gc,phases      ] GC(42)     Dead                           Min: 0, Avg:  0.0, Max: 0, Diff: 0, Sum: 0, Workers: 4
[1434.865s][debug][gc,phases      ] GC(42)     Total                          Min: 10623, Avg: 11518.0, Max: 12729, Diff: 2106, Sum: 46072, Workers: 4
[1434.865s][debug][gc,phases      ] GC(42)   ResolvedMethodTable Weak       Min:  0.0, Avg:  0.0, Max:  0.1, Diff:  0.0, Sum:  0.2, Workers: 4
[1434.865s][debug][gc,phases      ] GC(42)     Dead                           Min: 0, Avg:  4.0, Max: 13, Diff: 13, Sum: 16, Workers: 4
[1434.865s][debug][gc,phases      ] GC(42)     Total                          Min: 3152, Avg: 3721.5, Max: 4174, Diff: 1022, Sum: 14886, Workers: 4
[1434.865s][debug][gc,phases      ] GC(42)   JNI Weak                       Min:  0.0, Avg:  0.0, Max:  0.0, Diff:  0.0, Sum:  0.0, Workers: 4
[1434.865s][debug][gc,phases      ] GC(42)     Dead                           Min: 0, Avg:  0.0, Max: 0, Diff: 0, Sum: 0, Workers: 4
[1434.865s][debug][gc,phases      ] GC(42)     Total                          Min: 0, Avg: 13.0, Max: 48, Diff: 48, Sum: 52, Workers: 4
[1434.865s][debug][gc,phases      ] GC(42)   StringDedup Table Weak         Min:  0.0, Avg:  0.0, Max:  0.0, Diff:  0.0, Sum:  0.0, Workers: 4
[1434.865s][debug][gc,phases      ] GC(42)     Dead                           Min: 0, Avg:  0.0, Max: 0, Diff: 0, Sum: 0, Workers: 4
[1434.865s][debug][gc,phases      ] GC(42)     Total                          Min: 0, Avg:  0.0, Max: 0, Diff: 0, Sum: 0, Workers: 4
[1434.865s][debug][gc,phases      ] GC(42)   StringDedup Requests0 Weak     Min:  0.0, Avg:  0.0, Max:  0.0, Diff:  0.0, Sum:  0.0, Workers: 4
[1434.865s][debug][gc,phases      ] GC(42)     Dead                           Min: 0, Avg:  0.0, Max: 0, Diff: 0, Sum: 0, Workers: 4
[1434.865s][debug][gc,phases      ] GC(42)     Total                          Min: 0, Avg:  0.0, Max: 0, Diff: 0, Sum: 0, Workers: 4
[1434.865s][debug][gc,phases      ] GC(42)   StringDedup Requests1 Weak     Min:  0.0, Avg:  0.0, Max:  0.0, Diff:  0.0, Sum:  0.0, Workers: 4
[1434.865s][debug][gc,phases      ] GC(42)     Dead                           Min: 0, Avg:  0.0, Max: 0, Diff: 0, Sum: 0, Workers: 4
[1434.865s][debug][gc,phases      ] GC(42)     Total                          Min: 0, Avg:  0.0, Max: 0, Diff: 0, Sum: 0, Workers: 4
[1434.865s][debug][gc,phases      ] GC(42)   Weak JFR Old Object Samples    Min:  0.0, Avg:  0.0, Max:  0.0, Diff:  0.0, Sum:  0.0, Workers: 4
[1434.865s][debug][gc,phases      ] GC(42)     Dead                           Min: 0, Avg:  0.0, Max: 0, Diff: 0, Sum: 0, Workers: 4
[1434.865s][debug][gc,phases      ] GC(42)     Total                          Min: 0, Avg:  0.0, Max: 0, Diff: 0, Sum: 0, Workers: 4
[1434.865s][debug][gc,phases      ] GC(42) Weak Processing 0.363ms
[1434.865s][debug][gc,age         ] GC(42) Desired survivor size 58195968 bytes, new threshold 1 (max threshold 15)
[1434.865s][info ][gc,heap        ] GC(42) PSYoungGen: 1978144K(2027520K)->3552K(2040320K) Eden: 1963520K(1963520K)->0K(1979392K) From: 14624K(64000K)->3552K(60928K)
[1434.865s][info ][gc,heap        ] GC(42) ParOldGen: 246095K(246272K)->258464K(258560K)
[1434.865s][info ][gc,metaspace   ] GC(42) Metaspace: 104994K(106304K)->104994K(106304K) NonClass: 89088K(89792K)->89088K(89792K) Class: 15905K(16512K)->15905K(16512K)
[1434.865s][info ][gc             ] GC(42) Pause Young (Allocation Failure) 2172M->255M(2245M) 12.686ms
[1434.865s][info ][gc,cpu         ] GC(42) User=0.03s Sys=0.01s Real=0.01s
[1434.865s][info ][safepoint      ] Safepoint "ParallelGCFailedAllocation", Time since last: 2777996644 ns, Reaching safepoint: 79703 ns, Cleanup: 4700 ns, At safepoint: 12764667 ns, Total: 12849070 ns
[1436.865s][info ][safepoint      ] Safepoint "Cleanup", Time since last: 2000159484 ns, Reaching safepoint: 7100 ns, Cleanup: 21301 ns, At safepoint: 2400 ns, Total: 30801 ns
[1441.487s][info ][safepoint      ] Safepoint "Cleanup", Time since last: 4621802184 ns, Reaching safepoint: 7200 ns, Cleanup: 8901 ns, At safepoint: 2200 ns, Total: 18301 ns
[1443.487s][info ][safepoint      ] Safepoint "Cleanup", Time since last: 2000165274 ns, Reaching safepoint: 5800 ns, Cleanup: 11600 ns, At safepoint: 2100 ns, Total: 19500 ns
[1444.487s][info ][safepoint      ] Safepoint "Cleanup", Time since last: 1000102438 ns, Reaching safepoint: 9400 ns, Cleanup: 13501 ns, At safepoint: 3700 ns, Total: 26601 ns
[1445.487s][info ][safepoint      ] Safepoint "Cleanup", Time since last: 1000107638 ns, Reaching safepoint: 5600 ns, Cleanup: 16501 ns, At safepoint: 2500 ns, Total: 24601 ns
[1446.487s][info ][safepoint      ] Safepoint "Cleanup", Time since last: 1000106037 ns, Reaching safepoint: 6001 ns, Cleanup: 9700 ns, At safepoint: 2800 ns, Total: 18501 ns
[1449.488s][info ][safepoint      ] Safepoint "Cleanup", Time since last: 3000244314 ns, Reaching safepoint: 6300 ns, Cleanup: 9101 ns, At safepoint: 2500 ns, Total: 17901 ns
[1451.488s][info ][safepoint      ] Safepoint "Cleanup", Time since last: 2000169445 ns, Reaching safepoint: 6300 ns, Cleanup: 11000 ns, At safepoint: 2600 ns, Total: 19900 ns
[1453.488s][info ][safepoint      ] Safepoint "Cleanup", Time since last: 2000172345 ns, Reaching safepoint: 6801 ns, Cleanup: 10200 ns, At safepoint: 2900 ns, Total: 19901 ns
[1455.488s][info ][safepoint      ] Safepoint "Cleanup", Time since last: 2000170186 ns, Reaching safepoint: 6101 ns, Cleanup: 32201 ns, At safepoint: 2600 ns, Total: 40902 ns
[1456.488s][info ][safepoint      ] Safepoint "Cleanup", Time since last: 1000105081 ns, Reaching safepoint: 7301 ns, Cleanup: 25201 ns, At safepoint: 2800 ns, Total: 35302 ns
[1457.489s][info ][safepoint      ] Safepoint "Cleanup", Time since last: 1000103881 ns, Reaching safepoint: 5100 ns, Cleanup: 10501 ns, At safepoint: 2400 ns, Total: 18001 ns
[1460.489s][info ][safepoint      ] Safepoint "Cleanup", Time since last: 3000257943 ns, Reaching safepoint: 6500 ns, Cleanup: 12800 ns, At safepoint: 2200 ns, Total: 21500 ns
[1461.489s][info ][safepoint      ] Safepoint "Cleanup", Time since last: 1000105782 ns, Reaching safepoint: 6100 ns, Cleanup: 10901 ns, At safepoint: 2200 ns, Total: 19201 ns
[1462.665s][info ][safepoint      ] Safepoint "Cleanup", Time since last: 1175562917 ns, Reaching safepoint: 83403 ns, Cleanup: 13000 ns, At safepoint: 7901 ns, Total: 104304 ns
[1463.665s][info ][safepoint      ] Safepoint "Cleanup", Time since last: 1000131060 ns, Reaching safepoint: 7500 ns, Cleanup: 16101 ns, At safepoint: 2500 ns, Total: 26101 ns
[1464.665s][info ][safepoint      ] Safepoint "Cleanup", Time since last: 1000116958 ns, Reaching safepoint: 7500 ns, Cleanup: 10401 ns, At safepoint: 2500 ns, Total: 20401 ns
[1465.665s][info ][safepoint      ] Safepoint "Cleanup", Time since last: 1000103257 ns, Reaching safepoint: 7701 ns, Cleanup: 12600 ns, At safepoint: 2401 ns, Total: 22702 ns
[1467.665s][info ][safepoint      ] Safepoint "Cleanup", Time since last: 2000204114 ns, Reaching safepoint: 7000 ns, Cleanup: 11201 ns, At safepoint: 2900 ns, Total: 21101 ns
[1468.666s][info ][safepoint      ] Safepoint "Cleanup", Time since last: 1000108957 ns, Reaching safepoint: 87105 ns, Cleanup: 17502 ns, At safepoint: 10800 ns, Total: 115407 ns
[1469.666s][info ][safepoint      ] Safepoint "Cleanup", Time since last: 1000115958 ns, Reaching safepoint: 84805 ns, Cleanup: 14401 ns, At safepoint: 10700 ns, Total: 109906 ns
[1472.666s][info ][safepoint      ] Safepoint "Cleanup", Time since last: 3000260047 ns, Reaching safepoint: 82519 ns, Cleanup: 13920 ns, At safepoint: 10816 ns, Total: 107255 ns
[1474.666s][info ][safepoint      ] Safepoint "Cleanup", Time since last: 2000191564 ns, Reaching safepoint: 10601 ns, Cleanup: 14900 ns, At safepoint: 2700 ns, Total: 28201 ns
[1476.667s][info ][safepoint      ] Safepoint "Cleanup", Time since last: 2000185739 ns, Reaching safepoint: 83503 ns, Cleanup: 19201 ns, At safepoint: 9100 ns, Total: 111804 ns
[1479.017s][info ][gc,start       ] GC(43) Pause Young (Allocation Failure)
[1479.025s][debug][gc,phases      ] GC(43) Scavenge 7.851ms
[1479.025s][debug][gc,ref         ] GC(43) ReferenceProcessor::execute queues: 1, RefProcThreadModel::Single, marks_oops_alive: false
[1479.025s][debug][gc,ref         ] GC(43) Skipped KeepAliveFinalRefsPhase of Reference Processing: no references
[1479.025s][debug][gc,ref         ] GC(43) ReferenceProcessor::execute queues: 1, RefProcThreadModel::Single, marks_oops_alive: false
[1479.025s][debug][gc,phases      ] GC(43) Reference Processing 0.137ms
[1479.025s][debug][gc,phases      ] GC(43)   VM Weak                        Min:  0.0, Avg:  0.0, Max:  0.0, Diff:  0.0, Sum:  0.0, Workers: 4
[1479.025s][debug][gc,phases      ] GC(43)     Dead                           Min: 0, Avg:  0.0, Max: 0, Diff: 0, Sum: 0, Workers: 4
[1479.025s][debug][gc,phases      ] GC(43)     Total                          Min: 0, Avg: 232.0, Max: 832, Diff: 832, Sum: 928, Workers: 4
[1479.025s][debug][gc,phases      ] GC(43)   ObjectSynchronizer Weak        Min:  0.0, Avg:  0.0, Max:  0.0, Diff:  0.0, Sum:  0.0, Workers: 4
[1479.025s][debug][gc,phases      ] GC(43)     Dead                           Min: 0, Avg:  0.0, Max: 0, Diff: 0, Sum: 0, Workers: 4
[1479.025s][debug][gc,phases      ] GC(43)     Total                          Min: 0, Avg:  1.0, Max: 4, Diff: 4, Sum: 4, Workers: 4
[1479.025s][debug][gc,phases      ] GC(43)   JVMTI Tag Weak OopStorage      Min:  0.0, Avg:  0.0, Max:  0.0, Diff:  0.0, Sum:  0.0, Workers: 4
[1479.025s][debug][gc,phases      ] GC(43)     Dead                           Min: 0, Avg:  0.0, Max: 0, Diff: 0, Sum: 0, Workers: 4
[1479.025s][debug][gc,phases      ] GC(43)     Total                          Min: 0, Avg:  0.0, Max: 0, Diff: 0, Sum: 0, Workers: 4
[1479.025s][debug][gc,phases      ] GC(43)   StringTable Weak               Min:  0.0, Avg:  0.1, Max:  0.1, Diff:  0.1, Sum:  0.4, Workers: 4
[1479.025s][debug][gc,phases      ] GC(43)     Dead                           Min: 0, Avg:  0.5, Max: 2, Diff: 2, Sum: 2, Workers: 4
[1479.025s][debug][gc,phases      ] GC(43)     Total                          Min: 0, Avg: 11524.0, Max: 16704, Diff: 16704, Sum: 46096, Workers: 4
[1479.025s][debug][gc,phases      ] GC(43)   ResolvedMethodTable Weak       Min:  0.0, Avg:  0.0, Max:  0.1, Diff:  0.1, Sum:  0.2, Workers: 4
[1479.025s][debug][gc,phases      ] GC(43)     Dead                           Min: 0, Avg:  4.0, Max: 11, Diff: 11, Sum: 16, Workers: 4
[1479.025s][debug][gc,phases      ] GC(43)     Total                          Min: 0, Avg: 3726.5, Max: 5539, Diff: 5539, Sum: 14906, Workers: 4
[1479.025s][debug][gc,phases      ] GC(43)   JNI Weak                       Min:  0.0, Avg:  0.0, Max:  0.0, Diff:  0.0, Sum:  0.0, Workers: 4
[1479.025s][debug][gc,phases      ] GC(43)     Dead                           Min: 0, Avg:  0.0, Max: 0, Diff: 0, Sum: 0, Workers: 4
[1479.025s][debug][gc,phases      ] GC(43)     Total                          Min: 0, Avg: 13.0, Max: 52, Diff: 52, Sum: 52, Workers: 4
[1479.025s][debug][gc,phases      ] GC(43)   StringDedup Table Weak         Min:  0.0, Avg:  0.0, Max:  0.0, Diff:  0.0, Sum:  0.0, Workers: 4
[1479.025s][debug][gc,phases      ] GC(43)     Dead                           Min: 0, Avg:  0.0, Max: 0, Diff: 0, Sum: 0, Workers: 4
[1479.025s][debug][gc,phases      ] GC(43)     Total                          Min: 0, Avg:  0.0, Max: 0, Diff: 0, Sum: 0, Workers: 4
[1479.025s][debug][gc,phases      ] GC(43)   StringDedup Requests0 Weak     Min:  0.0, Avg:  0.0, Max:  0.0, Diff:  0.0, Sum:  0.0, Workers: 4
[1479.025s][debug][gc,phases      ] GC(43)     Dead                           Min: 0, Avg:  0.0, Max: 0, Diff: 0, Sum: 0, Workers: 4
[1479.025s][debug][gc,phases      ] GC(43)     Total                          Min: 0, Avg:  0.0, Max: 0, Diff: 0, Sum: 0, Workers: 4
[1479.025s][debug][gc,phases      ] GC(43)   StringDedup Requests1 Weak     Min:  0.0, Avg:  0.0, Max:  0.0, Diff:  0.0, Sum:  0.0, Workers: 4
[1479.025s][debug][gc,phases      ] GC(43)     Dead                           Min: 0, Avg:  0.0, Max: 0, Diff: 0, Sum: 0, Workers: 4
[1479.025s][debug][gc,phases      ] GC(43)     Total                          Min: 0, Avg:  0.0, Max: 0, Diff: 0, Sum: 0, Workers: 4
[1479.025s][debug][gc,phases      ] GC(43)   Weak JFR Old Object Samples    Min:  0.0, Avg:  0.0, Max:  0.0, Diff:  0.0, Sum:  0.0, Workers: 4
[1479.025s][debug][gc,phases      ] GC(43)     Dead                           Min: 0, Avg:  0.0, Max: 0, Diff: 0, Sum: 0, Workers: 4
[1479.025s][debug][gc,phases      ] GC(43)     Total                          Min: 0, Avg:  0.0, Max: 0, Diff: 0, Sum: 0, Workers: 4
[1479.025s][debug][gc,phases      ] GC(43) Weak Processing 0.456ms
[1479.025s][debug][gc,age         ] GC(43) Desired survivor size 54001664 bytes, new threshold 1 (max threshold 15)
[1479.025s][info ][gc,heap        ] GC(43) PSYoungGen: 1982944K(2040320K)->3456K(2036224K) Eden: 1979392K(1979392K)->0K(1979392K) From: 3552K(60928K)->3456K(56832K)
[1479.025s][info ][gc,heap        ] GC(43) ParOldGen: 258464K(258560K)->259540K(259584K)
[1479.025s][info ][gc,metaspace   ] GC(43) Metaspace: 105160K(106432K)->105160K(106432K) NonClass: 89238K(89920K)->89238K(89920K) Class: 15921K(16512K)->15921K(16512K)
[1479.025s][info ][gc             ] GC(43) Pause Young (Allocation Failure) 2188M->256M(2242M) 8.577ms
[1479.025s][info ][gc,cpu         ] GC(43) User=0.01s Sys=0.00s Real=0.00s
[1479.025s][info ][safepoint      ] Safepoint "ParallelGCFailedAllocation", Time since last: 2350152503 ns, Reaching safepoint: 10010 ns, Cleanup: 5105 ns, At safepoint: 8661102 ns, Total: 8676217 ns
[1480.026s][info ][safepoint      ] Safepoint "Cleanup", Time since last: 1000097018 ns, Reaching safepoint: 14215 ns, Cleanup: 15616 ns, At safepoint: 3104 ns, Total: 32935 ns
[1489.026s][info ][safepoint      ] Safepoint "Cleanup", Time since last: 9000680342 ns, Reaching safepoint: 8601 ns, Cleanup: 11902 ns, At safepoint: 2400 ns, Total: 22903 ns
[1490.026s][info ][safepoint      ] Safepoint "Cleanup", Time since last: 1000135190 ns, Reaching safepoint: 9301 ns, Cleanup: 13502 ns, At safepoint: 2600 ns, Total: 25403 ns
[1491.027s][info ][safepoint      ] Safepoint "Cleanup", Time since last: 1000120689 ns, Reaching safepoint: 7201 ns, Cleanup: 12401 ns, At safepoint: 2501 ns, Total: 22103 ns
[1497.027s][info ][safepoint      ] Safepoint "Cleanup", Time since last: 6000572567 ns, Reaching safepoint: 6702 ns, Cleanup: 12904 ns, At safepoint: 2901 ns, Total: 22507 ns
[1502.513s][info ][safepoint      ] Safepoint "Cleanup", Time since last: 5485593286 ns, Reaching safepoint: 6801 ns, Cleanup: 16903 ns, At safepoint: 2500 ns, Total: 26204 ns
[1503.513s][info ][safepoint      ] Safepoint "Cleanup", Time since last: 1000114582 ns, Reaching safepoint: 7302 ns, Cleanup: 13302 ns, At safepoint: 2100 ns, Total: 22704 ns
[1504.513s][info ][safepoint      ] Safepoint "Cleanup", Time since last: 1000112562 ns, Reaching safepoint: 6501 ns, Cleanup: 10801 ns, At safepoint: 2101 ns, Total: 19403 ns
[1505.513s][info ][safepoint      ] Safepoint "Cleanup", Time since last: 1000131064 ns, Reaching safepoint: 6901 ns, Cleanup: 13803 ns, At safepoint: 2600 ns, Total: 23304 ns
[1506.513s][info ][safepoint      ] Safepoint "Cleanup", Time since last: 1000121363 ns, Reaching safepoint: 7001 ns, Cleanup: 12702 ns, At safepoint: 3401 ns, Total: 23104 ns
[1507.514s][info ][safepoint      ] Safepoint "Cleanup", Time since last: 1000127864 ns, Reaching safepoint: 8101 ns, Cleanup: 17603 ns, At safepoint: 2500 ns, Total: 28204 ns
[1512.514s][info ][safepoint      ] Safepoint "Cleanup", Time since last: 5000408408 ns, Reaching safepoint: 7101 ns, Cleanup: 14302 ns, At safepoint: 2901 ns, Total: 24304 ns
[1513.514s][info ][safepoint      ] Safepoint "Cleanup", Time since last: 1000119709 ns, Reaching safepoint: 8202 ns, Cleanup: 31404 ns, At safepoint: 2801 ns, Total: 42407 ns
[1522.515s][info ][safepoint      ] Safepoint "Cleanup", Time since last: 9000644377 ns, Reaching safepoint: 7901 ns, Cleanup: 12201 ns, At safepoint: 2601 ns, Total: 22703 ns
[1525.515s][info ][safepoint      ] Safepoint "Cleanup", Time since last: 3000265464 ns, Reaching safepoint: 8001 ns, Cleanup: 13702 ns, At safepoint: 2500 ns, Total: 24203 ns
[1527.502s][info ][gc,start       ] GC(44) Pause Young (Allocation Failure)
[1527.507s][debug][gc,phases      ] GC(44) Scavenge 4.622ms
[1527.507s][debug][gc,ref         ] GC(44) ReferenceProcessor::execute queues: 1, RefProcThreadModel::Single, marks_oops_alive: false
[1527.507s][debug][gc,ref         ] GC(44) Skipped KeepAliveFinalRefsPhase of Reference Processing: no references
[1527.507s][debug][gc,ref         ] GC(44) ReferenceProcessor::execute queues: 1, RefProcThreadModel::Single, marks_oops_alive: false
[1527.507s][debug][gc,phases      ] GC(44) Reference Processing 0.113ms
[1527.507s][debug][gc,phases      ] GC(44)   VM Weak                        Min:  0.0, Avg:  0.0, Max:  0.0, Diff:  0.0, Sum:  0.0, Workers: 4
[1527.507s][debug][gc,phases      ] GC(44)     Dead                           Min: 0, Avg:  0.0, Max: 0, Diff: 0, Sum: 0, Workers: 4
[1527.507s][debug][gc,phases      ] GC(44)     Total                          Min: 0, Avg: 232.0, Max: 544, Diff: 544, Sum: 928, Workers: 4
[1527.507s][debug][gc,phases      ] GC(44)   ObjectSynchronizer Weak        Min:  0.0, Avg:  0.0, Max:  0.0, Diff:  0.0, Sum:  0.0, Workers: 4
[1527.507s][debug][gc,phases      ] GC(44)     Dead                           Min: 0, Avg:  0.0, Max: 0, Diff: 0, Sum: 0, Workers: 4
[1527.507s][debug][gc,phases      ] GC(44)     Total                          Min: 0, Avg:  0.8, Max: 3, Diff: 3, Sum: 3, Workers: 4
[1527.507s][debug][gc,phases      ] GC(44)   JVMTI Tag Weak OopStorage      Min:  0.0, Avg:  0.0, Max:  0.0, Diff:  0.0, Sum:  0.0, Workers: 4
[1527.507s][debug][gc,phases      ] GC(44)     Dead                           Min: 0, Avg:  0.0, Max: 0, Diff: 0, Sum: 0, Workers: 4
[1527.507s][debug][gc,phases      ] GC(44)     Total                          Min: 0, Avg:  0.0, Max: 0, Diff: 0, Sum: 0, Workers: 4
[1527.507s][debug][gc,phases      ] GC(44)   StringTable Weak               Min:  0.0, Avg:  0.1, Max:  0.1, Diff:  0.1, Sum:  0.4, Workers: 4
[1527.507s][debug][gc,phases      ] GC(44)     Dead                           Min: 0, Avg:  0.0, Max: 0, Diff: 0, Sum: 0, Workers: 4
[1527.507s][debug][gc,phases      ] GC(44)     Total                          Min: 0, Avg: 11524.5, Max: 17728, Diff: 17728, Sum: 46098, Workers: 4
[1527.507s][debug][gc,phases      ] GC(44)   ResolvedMethodTable Weak       Min:  0.0, Avg:  0.0, Max:  0.1, Diff:  0.1, Sum:  0.2, Workers: 4
[1527.507s][debug][gc,phases      ] GC(44)     Dead                           Min: 0, Avg:  4.0, Max: 9, Diff: 9, Sum: 16, Workers: 4
[1527.507s][debug][gc,phases      ] GC(44)     Total                          Min: 0, Avg: 3727.0, Max: 5762, Diff: 5762, Sum: 14908, Workers: 4
[1527.507s][debug][gc,phases      ] GC(44)   JNI Weak                       Min:  0.0, Avg:  0.0, Max:  0.0, Diff:  0.0, Sum:  0.0, Workers: 4
[1527.507s][debug][gc,phases      ] GC(44)     Dead                           Min: 0, Avg:  0.0, Max: 0, Diff: 0, Sum: 0, Workers: 4
[1527.507s][debug][gc,phases      ] GC(44)     Total                          Min: 0, Avg: 13.0, Max: 48, Diff: 48, Sum: 52, Workers: 4
[1527.507s][debug][gc,phases      ] GC(44)   StringDedup Table Weak         Min:  0.0, Avg:  0.0, Max:  0.0, Diff:  0.0, Sum:  0.0, Workers: 4
[1527.507s][debug][gc,phases      ] GC(44)     Dead                           Min: 0, Avg:  0.0, Max: 0, Diff: 0, Sum: 0, Workers: 4
[1527.507s][debug][gc,phases      ] GC(44)     Total                          Min: 0, Avg:  0.0, Max: 0, Diff: 0, Sum: 0, Workers: 4
[1527.507s][debug][gc,phases      ] GC(44)   StringDedup Requests0 Weak     Min:  0.0, Avg:  0.0, Max:  0.0, Diff:  0.0, Sum:  0.0, Workers: 4
[1527.507s][debug][gc,phases      ] GC(44)     Dead                           Min: 0, Avg:  0.0, Max: 0, Diff: 0, Sum: 0, Workers: 4
[1527.507s][debug][gc,phases      ] GC(44)     Total                          Min: 0, Avg:  0.0, Max: 0, Diff: 0, Sum: 0, Workers: 4
[1527.507s][debug][gc,phases      ] GC(44)   StringDedup Requests1 Weak     Min:  0.0, Avg:  0.0, Max:  0.0, Diff:  0.0, Sum:  0.0, Workers: 4
[1527.507s][debug][gc,phases      ] GC(44)     Dead                           Min: 0, Avg:  0.0, Max: 0, Diff: 0, Sum: 0, Workers: 4
[1527.507s][debug][gc,phases      ] GC(44)     Total                          Min: 0, Avg:  0.0, Max: 0, Diff: 0, Sum: 0, Workers: 4
[1527.507s][debug][gc,phases      ] GC(44)   Weak JFR Old Object Samples    Min:  0.0, Avg:  0.0, Max:  0.0, Diff:  0.0, Sum:  0.0, Workers: 4
[1527.507s][debug][gc,phases      ] GC(44)     Dead                           Min: 0, Avg:  0.0, Max: 0, Diff: 0, Sum: 0, Workers: 4
[1527.507s][debug][gc,phases      ] GC(44)     Total                          Min: 0, Avg:  0.0, Max: 0, Diff: 0, Sum: 0, Workers: 4
[1527.507s][debug][gc,phases      ] GC(44) Weak Processing 0.412ms
[1527.507s][debug][gc,age         ] GC(44) Desired survivor size 50331648 bytes, new threshold 1 (max threshold 15)
[1527.507s][info ][gc,heap        ] GC(44) PSYoungGen: 1982848K(2036224K)->2336K(2048000K) Eden: 1979392K(1979392K)->0K(1995264K) From: 3456K(56832K)->2336K(52736K)
[1527.507s][info ][gc,heap        ] GC(44) ParOldGen: 259540K(259584K)->261437K(261632K)
[1527.507s][info ][gc,metaspace   ] GC(44) Metaspace: 105177K(106432K)->105177K(106432K) NonClass: 89255K(89920K)->89255K(89920K) Class: 15921K(16512K)->15921K(16512K)
[1527.507s][info ][gc             ] GC(44) Pause Young (Allocation Failure) 2189M->257M(2255M) 5.278ms
[1527.507s][info ][gc,cpu         ] GC(44) User=0.02s Sys=0.00s Real=0.01s
[1527.507s][info ][safepoint      ] Safepoint "ParallelGCFailedAllocation", Time since last: 1986845938 ns, Reaching safepoint: 190249 ns, Cleanup: 4599 ns, At safepoint: 5367265 ns, Total: 5562113 ns
[1528.508s][info ][safepoint      ] Safepoint "Cleanup", Time since last: 1000096156 ns, Reaching safepoint: 78512 ns, Cleanup: 10701 ns, At safepoint: 7001 ns, Total: 96214 ns
[1533.508s][info ][safepoint      ] Safepoint "Cleanup", Time since last: 5000457384 ns, Reaching safepoint: 9201 ns, Cleanup: 11702 ns, At safepoint: 6701 ns, Total: 27604 ns
[1537.509s][info ][safepoint      ] Safepoint "Cleanup", Time since last: 4000351380 ns, Reaching safepoint: 9301 ns, Cleanup: 20002 ns, At safepoint: 3400 ns, Total: 32703 ns
[1541.509s][info ][safepoint      ] Safepoint "Cleanup", Time since last: 4000344658 ns, Reaching safepoint: 85412 ns, Cleanup: 9502 ns, At safepoint: 10101 ns, Total: 105015 ns
[1542.509s][info ][safepoint      ] Safepoint "Cleanup", Time since last: 1000131620 ns, Reaching safepoint: 7101 ns, Cleanup: 21403 ns, At safepoint: 2501 ns, Total: 31005 ns
[1543.509s][info ][safepoint      ] Safepoint "Cleanup", Time since last: 1000116546 ns, Reaching safepoint: 7301 ns, Cleanup: 11301 ns, At safepoint: 2600 ns, Total: 21202 ns
[1545.510s][info ][safepoint      ] Safepoint "Cleanup", Time since last: 2000182840 ns, Reaching safepoint: 7101 ns, Cleanup: 15501 ns, At safepoint: 3001 ns, Total: 25603 ns
[1546.510s][info ][safepoint      ] Safepoint "Cleanup", Time since last: 1000129873 ns, Reaching safepoint: 6701 ns, Cleanup: 11001 ns, At safepoint: 2600 ns, Total: 20302 ns
[1548.510s][info ][safepoint      ] Safepoint "Cleanup", Time since last: 2000194103 ns, Reaching safepoint: 81711 ns, Cleanup: 11802 ns, At safepoint: 6901 ns, Total: 100414 ns
[1550.510s][info ][safepoint      ] Safepoint "Cleanup", Time since last: 2000181793 ns, Reaching safepoint: 7001 ns, Cleanup: 10702 ns, At safepoint: 2800 ns, Total: 20503 ns
[1559.511s][info ][safepoint      ] Safepoint "Cleanup", Time since last: 9000724081 ns, Reaching safepoint: 98611 ns, Cleanup: 21502 ns, At safepoint: 8801 ns, Total: 128914 ns
[1562.530s][info ][safepoint      ] Safepoint "Cleanup", Time since last: 3019257803 ns, Reaching safepoint: 8201 ns, Cleanup: 14701 ns, At safepoint: 3101 ns, Total: 26003 ns
[1563.530s][info ][safepoint      ] Safepoint "Cleanup", Time since last: 1000107380 ns, Reaching safepoint: 6601 ns, Cleanup: 11001 ns, At safepoint: 2400 ns, Total: 20002 ns
[1565.531s][info ][safepoint      ] Safepoint "Cleanup", Time since last: 2000192804 ns, Reaching safepoint: 7801 ns, Cleanup: 25604 ns, At safepoint: 2800 ns, Total: 36205 ns
[1566.531s][info ][safepoint      ] Safepoint "Cleanup", Time since last: 1000105200 ns, Reaching safepoint: 6701 ns, Cleanup: 10901 ns, At safepoint: 2400 ns, Total: 20002 ns
[1570.531s][info ][safepoint      ] Safepoint "Cleanup", Time since last: 4000307763 ns, Reaching safepoint: 6801 ns, Cleanup: 13302 ns, At safepoint: 2400 ns, Total: 22503 ns
[1571.531s][info ][safepoint      ] Safepoint "Cleanup", Time since last: 1000107431 ns, Reaching safepoint: 6400 ns, Cleanup: 9802 ns, At safepoint: 2400 ns, Total: 18602 ns
[1572.531s][info ][safepoint      ] Safepoint "Cleanup", Time since last: 1000114331 ns, Reaching safepoint: 7501 ns, Cleanup: 14902 ns, At safepoint: 3000 ns, Total: 25403 ns
[1573.532s][info ][safepoint      ] Safepoint "Cleanup", Time since last: 1000115932 ns, Reaching safepoint: 6401 ns, Cleanup: 12001 ns, At safepoint: 2701 ns, Total: 21103 ns
[1575.302s][info ][gc,start       ] GC(45) Pause Young (Allocation Failure)
[1575.307s][debug][gc,phases      ] GC(45) Scavenge 5.263ms
[1575.307s][debug][gc,ref         ] GC(45) ReferenceProcessor::execute queues: 1, RefProcThreadModel::Single, marks_oops_alive: false
[1575.308s][debug][gc,ref         ] GC(45) Skipped KeepAliveFinalRefsPhase of Reference Processing: no references
[1575.308s][debug][gc,ref         ] GC(45) ReferenceProcessor::execute queues: 1, RefProcThreadModel::Single, marks_oops_alive: false
[1575.308s][debug][gc,phases      ] GC(45) Reference Processing 0.127ms
[1575.308s][debug][gc,phases      ] GC(45)   VM Weak                        Min:  0.0, Avg:  0.0, Max:  0.0, Diff:  0.0, Sum:  0.0, Workers: 4
[1575.308s][debug][gc,phases      ] GC(45)     Dead                           Min: 0, Avg:  0.0, Max: 0, Diff: 0, Sum: 0, Workers: 4
[1575.308s][debug][gc,phases      ] GC(45)     Total                          Min: 0, Avg: 232.0, Max: 704, Diff: 704, Sum: 928, Workers: 4
[1575.308s][debug][gc,phases      ] GC(45)   ObjectSynchronizer Weak        Min:  0.0, Avg:  0.0, Max:  0.0, Diff:  0.0, Sum:  0.0, Workers: 4
[1575.308s][debug][gc,phases      ] GC(45)     Dead                           Min: 0, Avg:  0.0, Max: 0, Diff: 0, Sum: 0, Workers: 4
[1575.308s][debug][gc,phases      ] GC(45)     Total                          Min: 0, Avg:  1.0, Max: 4, Diff: 4, Sum: 4, Workers: 4
[1575.308s][debug][gc,phases      ] GC(45)   JVMTI Tag Weak OopStorage      Min:  0.0, Avg:  0.0, Max:  0.0, Diff:  0.0, Sum:  0.0, Workers: 4
[1575.308s][debug][gc,phases      ] GC(45)     Dead                           Min: 0, Avg:  0.0, Max: 0, Diff: 0, Sum: 0, Workers: 4
[1575.308s][debug][gc,phases      ] GC(45)     Total                          Min: 0, Avg:  0.0, Max: 0, Diff: 0, Sum: 0, Workers: 4
[1575.308s][debug][gc,phases      ] GC(45)   StringTable Weak               Min:  0.0, Avg:  0.1, Max:  0.2, Diff:  0.2, Sum:  0.5, Workers: 4
[1575.308s][debug][gc,phases      ] GC(45)     Dead                           Min: 0, Avg:  0.2, Max: 1, Diff: 1, Sum: 1, Workers: 4
[1575.308s][debug][gc,phases      ] GC(45)     Total                          Min: 0, Avg: 11528.2, Max: 16448, Diff: 16448, Sum: 46113, Workers: 4
[1575.308s][debug][gc,phases      ] GC(45)   ResolvedMethodTable Weak       Min:  0.0, Avg:  0.0, Max:  0.1, Diff:  0.1, Sum:  0.2, Workers: 4
[1575.308s][debug][gc,phases      ] GC(45)     Dead                           Min: 0, Avg:  4.0, Max: 16, Diff: 16, Sum: 16, Workers: 4
[1575.308s][debug][gc,phases      ] GC(45)     Total                          Min: 0, Avg: 3728.2, Max: 5197, Diff: 5197, Sum: 14913, Workers: 4
[1575.308s][debug][gc,phases      ] GC(45)   JNI Weak                       Min:  0.0, Avg:  0.0, Max:  0.0, Diff:  0.0, Sum:  0.0, Workers: 4
[1575.308s][debug][gc,phases      ] GC(45)     Dead                           Min: 0, Avg:  0.0, Max: 0, Diff: 0, Sum: 0, Workers: 4
[1575.308s][debug][gc,phases      ] GC(45)     Total                          Min: 0, Avg: 13.0, Max: 48, Diff: 48, Sum: 52, Workers: 4
[1575.308s][debug][gc,phases      ] GC(45)   StringDedup Table Weak         Min:  0.0, Avg:  0.0, Max:  0.0, Diff:  0.0, Sum:  0.0, Workers: 4
[1575.308s][debug][gc,phases      ] GC(45)     Dead                           Min: 0, Avg:  0.0, Max: 0, Diff: 0, Sum: 0, Workers: 4
[1575.308s][debug][gc,phases      ] GC(45)     Total                          Min: 0, Avg:  0.0, Max: 0, Diff: 0, Sum: 0, Workers: 4
[1575.308s][debug][gc,phases      ] GC(45)   StringDedup Requests0 Weak     Min:  0.0, Avg:  0.0, Max:  0.0, Diff:  0.0, Sum:  0.0, Workers: 4
[1575.308s][debug][gc,phases      ] GC(45)     Dead                           Min: 0, Avg:  0.0, Max: 0, Diff: 0, Sum: 0, Workers: 4
[1575.308s][debug][gc,phases      ] GC(45)     Total                          Min: 0, Avg:  0.0, Max: 0, Diff: 0, Sum: 0, Workers: 4
[1575.308s][debug][gc,phases      ] GC(45)   StringDedup Requests1 Weak     Min:  0.0, Avg:  0.0, Max:  0.0, Diff:  0.0, Sum:  0.0, Workers: 4
[1575.308s][debug][gc,phases      ] GC(45)     Dead                           Min: 0, Avg:  0.0, Max: 0, Diff: 0, Sum: 0, Workers: 4
[1575.308s][debug][gc,phases      ] GC(45)     Total                          Min: 0, Avg:  0.0, Max: 0, Diff: 0, Sum: 0, Workers: 4
[1575.308s][debug][gc,phases      ] GC(45)   Weak JFR Old Object Samples    Min:  0.0, Avg:  0.0, Max:  0.0, Diff:  0.0, Sum:  0.0, Workers: 4
[1575.308s][debug][gc,phases      ] GC(45)     Dead                           Min: 0, Avg:  0.0, Max: 0, Diff: 0, Sum: 0, Workers: 4
[1575.308s][debug][gc,phases      ] GC(45)     Total                          Min: 0, Avg:  0.0, Max: 0, Diff: 0, Sum: 0, Workers: 4
[1575.308s][debug][gc,phases      ] GC(45) Weak Processing 0.427ms
[1575.308s][debug][gc,age         ] GC(45) Desired survivor size 47185920 bytes, new threshold 1 (max threshold 15)
[1575.308s][info ][gc,heap        ] GC(45) PSYoungGen: 1997600K(2048000K)->3088K(2044416K) Eden: 1995264K(1995264K)->0K(1995264K) From: 2336K(52736K)->3088K(49152K)
[1575.308s][info ][gc,heap        ] GC(45) ParOldGen: 261437K(261632K)->262153K(262656K)
[1575.308s][info ][gc,metaspace   ] GC(45) Metaspace: 105213K(106496K)->105213K(106496K) NonClass: 89290K(89984K)->89290K(89984K) Class: 15923K(16512K)->15923K(16512K)
[1575.308s][info ][gc             ] GC(45) Pause Young (Allocation Failure) 2206M->259M(2253M) 5.957ms
[1575.308s][info ][gc,cpu         ] GC(45) User=0.02s Sys=0.01s Real=0.01s
[1575.308s][info ][safepoint      ] Safepoint "ParallelGCFailedAllocation", Time since last: 1770406620 ns, Reaching safepoint: 80009 ns, Cleanup: 4900 ns, At safepoint: 6036650 ns, Total: 6121559 ns
[1579.309s][info ][safepoint      ] Safepoint "Cleanup", Time since last: 4000381419 ns, Reaching safepoint: 82909 ns, Cleanup: 13901 ns, At safepoint: 6901 ns, Total: 103711 ns
[1580.309s][info ][safepoint      ] Safepoint "Cleanup", Time since last: 1000136975 ns, Reaching safepoint: 89711 ns, Cleanup: 15602 ns, At safepoint: 8601 ns, Total: 113914 ns
[1581.309s][info ][safepoint      ] Safepoint "Cleanup", Time since last: 1000164986 ns, Reaching safepoint: 8801 ns, Cleanup: 22402 ns, At safepoint: 2801 ns, Total: 34004 ns
[1583.309s][info ][safepoint      ] Safepoint "Cleanup", Time since last: 2000206560 ns, Reaching safepoint: 90107 ns, Cleanup: 11501 ns, At safepoint: 12700 ns, Total: 114308 ns
[1584.309s][info ][safepoint      ] Safepoint "Cleanup", Time since last: 1000133313 ns, Reaching safepoint: 7500 ns, Cleanup: 13901 ns, At safepoint: 4201 ns, Total: 25602 ns
[1586.310s][info ][safepoint      ] Safepoint "Cleanup", Time since last: 2000189719 ns, Reaching safepoint: 81006 ns, Cleanup: 10301 ns, At safepoint: 7100 ns, Total: 98407 ns
[1588.310s][info ][safepoint      ] Safepoint "Cleanup", Time since last: 2000192467 ns, Reaching safepoint: 7001 ns, Cleanup: 12402 ns, At safepoint: 2800 ns, Total: 22203 ns
[1592.310s][info ][safepoint      ] Safepoint "Cleanup", Time since last: 4000361377 ns, Reaching safepoint: 7001 ns, Cleanup: 10801 ns, At safepoint: 29003 ns, Total: 46805 ns
[1601.311s][info ][safepoint      ] Safepoint "Cleanup", Time since last: 9000725862 ns, Reaching safepoint: 6700 ns, Cleanup: 12702 ns, At safepoint: 2800 ns, Total: 22202 ns
[1604.311s][info ][safepoint      ] Safepoint "Cleanup", Time since last: 3000266351 ns, Reaching safepoint: 6801 ns, Cleanup: 27503 ns, At safepoint: 2500 ns, Total: 36804 ns
[1615.312s][info ][safepoint      ] Safepoint "Cleanup", Time since last: 11000856943 ns, Reaching safepoint: 7101 ns, Cleanup: 16702 ns, At safepoint: 2500 ns, Total: 26303 ns
[1621.547s][info ][safepoint      ] Safepoint "Cleanup", Time since last: 6234620790 ns, Reaching safepoint: 6501 ns, Cleanup: 9901 ns, At safepoint: 2400 ns, Total: 18802 ns
[1624.526s][info ][gc,start       ] GC(46) Pause Young (Allocation Failure)
[1624.529s][debug][gc,phases      ] GC(46) Scavenge 2.520ms
[1624.529s][debug][gc,ref         ] GC(46) ReferenceProcessor::execute queues: 1, RefProcThreadModel::Single, marks_oops_alive: false
[1624.529s][debug][gc,ref         ] GC(46) Skipped KeepAliveFinalRefsPhase of Reference Processing: no references
[1624.529s][debug][gc,ref         ] GC(46) ReferenceProcessor::execute queues: 1, RefProcThreadModel::Single, marks_oops_alive: false
[1624.529s][debug][gc,phases      ] GC(46) Reference Processing 0.137ms
[1624.529s][debug][gc,phases      ] GC(46)   VM Weak                        Min:  0.0, Avg:  0.0, Max:  0.0, Diff:  0.0, Sum:  0.0, Workers: 4
[1624.529s][debug][gc,phases      ] GC(46)     Dead                           Min: 0, Avg:  0.0, Max: 0, Diff: 0, Sum: 0, Workers: 4
[1624.529s][debug][gc,phases      ] GC(46)     Total                          Min: 0, Avg: 232.0, Max: 608, Diff: 608, Sum: 928, Workers: 4
[1624.529s][debug][gc,phases      ] GC(46)   ObjectSynchronizer Weak        Min:  0.0, Avg:  0.0, Max:  0.0, Diff:  0.0, Sum:  0.0, Workers: 4
[1624.529s][debug][gc,phases      ] GC(46)     Dead                           Min: 0, Avg:  0.0, Max: 0, Diff: 0, Sum: 0, Workers: 4
[1624.529s][debug][gc,phases      ] GC(46)     Total                          Min: 0, Avg:  0.8, Max: 3, Diff: 3, Sum: 3, Workers: 4
[1624.529s][debug][gc,phases      ] GC(46)   JVMTI Tag Weak OopStorage      Min:  0.0, Avg:  0.0, Max:  0.0, Diff:  0.0, Sum:  0.0, Workers: 4
[1624.529s][debug][gc,phases      ] GC(46)     Dead                           Min: 0, Avg:  0.0, Max: 0, Diff: 0, Sum: 0, Workers: 4
[1624.529s][debug][gc,phases      ] GC(46)     Total                          Min: 0, Avg:  0.0, Max: 0, Diff: 0, Sum: 0, Workers: 4
[1624.529s][debug][gc,phases      ] GC(46)   StringTable Weak               Min:  0.0, Avg:  0.1, Max:  0.1, Diff:  0.1, Sum:  0.4, Workers: 4
[1624.529s][debug][gc,phases      ] GC(46)     Dead                           Min: 0, Avg:  0.0, Max: 0, Diff: 0, Sum: 0, Workers: 4
[1624.529s][debug][gc,phases      ] GC(46)     Total                          Min: 0, Avg: 11528.5, Max: 16256, Diff: 16256, Sum: 46114, Workers: 4
[1624.529s][debug][gc,phases      ] GC(46)   ResolvedMethodTable Weak       Min:  0.0, Avg:  0.0, Max:  0.0, Diff:  0.0, Sum:  0.1, Workers: 4
[1624.529s][debug][gc,phases      ] GC(46)     Dead                           Min: 0, Avg:  4.0, Max: 16, Diff: 16, Sum: 16, Workers: 4
[1624.529s][debug][gc,phases      ] GC(46)     Total                          Min: 0, Avg: 3728.2, Max: 5048, Diff: 5048, Sum: 14913, Workers: 4
[1624.529s][debug][gc,phases      ] GC(46)   JNI Weak                       Min:  0.0, Avg:  0.0, Max:  0.0, Diff:  0.0, Sum:  0.0, Workers: 4
[1624.529s][debug][gc,phases      ] GC(46)     Dead                           Min: 0, Avg:  0.0, Max: 0, Diff: 0, Sum: 0, Workers: 4
[1624.529s][debug][gc,phases      ] GC(46)     Total                          Min: 0, Avg: 13.0, Max: 48, Diff: 48, Sum: 52, Workers: 4
[1624.529s][debug][gc,phases      ] GC(46)   StringDedup Table Weak         Min:  0.0, Avg:  0.0, Max:  0.0, Diff:  0.0, Sum:  0.0, Workers: 4
[1624.529s][debug][gc,phases      ] GC(46)     Dead                           Min: 0, Avg:  0.0, Max: 0, Diff: 0, Sum: 0, Workers: 4
[1624.529s][debug][gc,phases      ] GC(46)     Total                          Min: 0, Avg:  0.0, Max: 0, Diff: 0, Sum: 0, Workers: 4
[1624.529s][debug][gc,phases      ] GC(46)   StringDedup Requests0 Weak     Min:  0.0, Avg:  0.0, Max:  0.0, Diff:  0.0, Sum:  0.0, Workers: 4
[1624.529s][debug][gc,phases      ] GC(46)     Dead                           Min: 0, Avg:  0.0, Max: 0, Diff: 0, Sum: 0, Workers: 4
[1624.529s][debug][gc,phases      ] GC(46)     Total                          Min: 0, Avg:  0.0, Max: 0, Diff: 0, Sum: 0, Workers: 4
[1624.529s][debug][gc,phases      ] GC(46)   StringDedup Requests1 Weak     Min:  0.0, Avg:  0.0, Max:  0.0, Diff:  0.0, Sum:  0.0, Workers: 4
[1624.529s][debug][gc,phases      ] GC(46)     Dead                           Min: 0, Avg:  0.0, Max: 0, Diff: 0, Sum: 0, Workers: 4
[1624.529s][debug][gc,phases      ] GC(46)     Total                          Min: 0, Avg:  0.0, Max: 0, Diff: 0, Sum: 0, Workers: 4
[1624.529s][debug][gc,phases      ] GC(46)   Weak JFR Old Object Samples    Min:  0.0, Avg:  0.0, Max:  0.0, Diff:  0.0, Sum:  0.0, Workers: 4
[1624.529s][debug][gc,phases      ] GC(46)     Dead                           Min: 0, Avg:  0.0, Max: 0, Diff: 0, Sum: 0, Workers: 4
[1624.529s][debug][gc,phases      ] GC(46)     Total                          Min: 0, Avg:  0.0, Max: 0, Diff: 0, Sum: 0, Workers: 4
[1624.529s][debug][gc,phases      ] GC(46) Weak Processing 0.408ms
[1624.529s][debug][gc,age         ] GC(46) Desired survivor size 43515904 bytes, new threshold 1 (max threshold 15)
[1624.529s][info ][gc,heap        ] GC(46) PSYoungGen: 1998352K(2044416K)->2880K(2054656K) Eden: 1995264K(1995264K)->0K(2008576K) From: 3088K(49152K)->2880K(46080K)
[1624.529s][info ][gc,heap        ] GC(46) ParOldGen: 262153K(262656K)->263193K(263680K)
[1624.529s][info ][gc,metaspace   ] GC(46) Metaspace: 105226K(106496K)->105226K(106496K) NonClass: 89303K(89984K)->89303K(89984K) Class: 15923K(16512K)->15923K(16512K)
[1624.529s][info ][gc             ] GC(46) Pause Young (Allocation Failure) 2207M->259M(2264M) 3.182ms
[1624.529s][info ][gc,cpu         ] GC(46) User=0.01s Sys=0.00s Real=0.00s
[1624.529s][info ][safepoint      ] Safepoint "ParallelGCFailedAllocation", Time since last: 2979012911 ns, Reaching safepoint: 6401 ns, Cleanup: 3900 ns, At safepoint: 3251822 ns, Total: 3262123 ns
[1628.530s][info ][safepoint      ] Safepoint "Cleanup", Time since last: 4000290227 ns, Reaching safepoint: 6700 ns, Cleanup: 14502 ns, At safepoint: 18502 ns, Total: 39704 ns
[1633.530s][info ][safepoint      ] Safepoint "Cleanup", Time since last: 5000383799 ns, Reaching safepoint: 6301 ns, Cleanup: 9801 ns, At safepoint: 2800 ns, Total: 18902 ns
[1634.530s][info ][safepoint      ] Safepoint "Cleanup", Time since last: 1000101999 ns, Reaching safepoint: 4601 ns, Cleanup: 10001 ns, At safepoint: 2700 ns, Total: 17302 ns
[1637.530s][info ][safepoint      ] Safepoint "Cleanup", Time since last: 3000241538 ns, Reaching safepoint: 6001 ns, Cleanup: 8901 ns, At safepoint: 2700 ns, Total: 17602 ns
[1638.530s][info ][safepoint      ] Safepoint "Cleanup", Time since last: 1000114414 ns, Reaching safepoint: 6601 ns, Cleanup: 8901 ns, At safepoint: 2400 ns, Total: 17902 ns
[1639.531s][info ][safepoint      ] Safepoint "Cleanup", Time since last: 1000101171 ns, Reaching safepoint: 6101 ns, Cleanup: 8601 ns, At safepoint: 2600 ns, Total: 17302 ns
[1643.531s][info ][safepoint      ] Safepoint "Cleanup", Time since last: 4000311147 ns, Reaching safepoint: 6501 ns, Cleanup: 10301 ns, At safepoint: 2600 ns, Total: 19402 ns
[1651.532s][info ][safepoint      ] Safepoint "Cleanup", Time since last: 8000594887 ns, Reaching safepoint: 7601 ns, Cleanup: 11301 ns, At safepoint: 2300 ns, Total: 21202 ns
[1663.532s][info ][safepoint      ] Safepoint "Cleanup", Time since last: 12000916946 ns, Reaching safepoint: 10300 ns, Cleanup: 14401 ns, At safepoint: 3000 ns, Total: 27701 ns
[1664.533s][info ][safepoint      ] Safepoint "Cleanup", Time since last: 1000128318 ns, Reaching safepoint: 20201 ns, Cleanup: 14201 ns, At safepoint: 2900 ns, Total: 37302 ns
[1665.533s][info ][safepoint      ] Safepoint "Cleanup", Time since last: 1000120517 ns, Reaching safepoint: 9300 ns, Cleanup: 15701 ns, At safepoint: 2700 ns, Total: 27701 ns
[1666.533s][info ][safepoint      ] Safepoint "Cleanup", Time since last: 1000123417 ns, Reaching safepoint: 9001 ns, Cleanup: 14801 ns, At safepoint: 2500 ns, Total: 26302 ns
[1667.533s][info ][safepoint      ] Safepoint "Cleanup", Time since last: 1000121880 ns, Reaching safepoint: 8501 ns, Cleanup: 22502 ns, At safepoint: 3000 ns, Total: 34003 ns
[1667.536s][info ][gc,start       ] GC(47) Pause Young (Allocation Failure)
[1667.540s][debug][gc,phases      ] GC(47) Scavenge 3.971ms
[1667.540s][debug][gc,ref         ] GC(47) ReferenceProcessor::execute queues: 1, RefProcThreadModel::Single, marks_oops_alive: false
[1667.540s][debug][gc,ref         ] GC(47) Skipped KeepAliveFinalRefsPhase of Reference Processing: no references
[1667.540s][debug][gc,ref         ] GC(47) Skipped PhantomRefsPhase of Reference Processing: no references
[1667.540s][debug][gc,phases      ] GC(47) Reference Processing 0.113ms
[1667.540s][debug][gc,phases      ] GC(47)   VM Weak                        Min:  0.0, Avg:  0.0, Max:  0.0, Diff:  0.0, Sum:  0.0, Workers: 4
[1667.540s][debug][gc,phases      ] GC(47)     Dead                           Min: 0, Avg:  0.0, Max: 0, Diff: 0, Sum: 0, Workers: 4
[1667.540s][debug][gc,phases      ] GC(47)     Total                          Min: 0, Avg: 232.0, Max: 832, Diff: 832, Sum: 928, Workers: 4
[1667.540s][debug][gc,phases      ] GC(47)   ObjectSynchronizer Weak        Min:  0.0, Avg:  0.0, Max:  0.0, Diff:  0.0, Sum:  0.0, Workers: 4
[1667.540s][debug][gc,phases      ] GC(47)     Dead                           Min: 0, Avg:  0.0, Max: 0, Diff: 0, Sum: 0, Workers: 4
[1667.540s][debug][gc,phases      ] GC(47)     Total                          Min: 0, Avg:  1.0, Max: 4, Diff: 4, Sum: 4, Workers: 4
[1667.540s][debug][gc,phases      ] GC(47)   JVMTI Tag Weak OopStorage      Min:  0.0, Avg:  0.0, Max:  0.0, Diff:  0.0, Sum:  0.0, Workers: 4
[1667.540s][debug][gc,phases      ] GC(47)     Dead                           Min: 0, Avg:  0.0, Max: 0, Diff: 0, Sum: 0, Workers: 4
[1667.540s][debug][gc,phases      ] GC(47)     Total                          Min: 0, Avg:  0.0, Max: 0, Diff: 0, Sum: 0, Workers: 4
[1667.540s][debug][gc,phases      ] GC(47)   StringTable Weak               Min:  0.0, Avg:  0.1, Max:  0.1, Diff:  0.1, Sum:  0.4, Workers: 4
[1667.540s][debug][gc,phases      ] GC(47)     Dead                           Min: 0, Avg:  0.0, Max: 0, Diff: 0, Sum: 0, Workers: 4
[1667.540s][debug][gc,phases      ] GC(47)     Total                          Min: 0, Avg: 11528.5, Max: 16191, Diff: 16191, Sum: 46114, Workers: 4
[1667.540s][debug][gc,phases      ] GC(47)   ResolvedMethodTable Weak       Min:  0.0, Avg:  0.0, Max:  0.0, Diff:  0.0, Sum:  0.1, Workers: 4
[1667.540s][debug][gc,phases      ] GC(47)     Dead                           Min: 0, Avg:  4.0, Max: 16, Diff: 16, Sum: 16, Workers: 4
[1667.540s][debug][gc,phases      ] GC(47)     Total                          Min: 0, Avg: 3728.2, Max: 5482, Diff: 5482, Sum: 14913, Workers: 4
[1667.540s][debug][gc,phases      ] GC(47)   JNI Weak                       Min:  0.0, Avg:  0.0, Max:  0.0, Diff:  0.0, Sum:  0.0, Workers: 4
[1667.540s][debug][gc,phases      ] GC(47)     Dead                           Min: 0, Avg:  0.0, Max: 0, Diff: 0, Sum: 0, Workers: 4
[1667.540s][debug][gc,phases      ] GC(47)     Total                          Min: 0, Avg: 13.0, Max: 48, Diff: 48, Sum: 52, Workers: 4
[1667.540s][debug][gc,phases      ] GC(47)   StringDedup Table Weak         Min:  0.0, Avg:  0.0, Max:  0.0, Diff:  0.0, Sum:  0.0, Workers: 4
[1667.540s][debug][gc,phases      ] GC(47)     Dead                           Min: 0, Avg:  0.0, Max: 0, Diff: 0, Sum: 0, Workers: 4
[1667.540s][debug][gc,phases      ] GC(47)     Total                          Min: 0, Avg:  0.0, Max: 0, Diff: 0, Sum: 0, Workers: 4
[1667.540s][debug][gc,phases      ] GC(47)   StringDedup Requests0 Weak     Min:  0.0, Avg:  0.0, Max:  0.0, Diff:  0.0, Sum:  0.0, Workers: 4
[1667.540s][debug][gc,phases      ] GC(47)     Dead                           Min: 0, Avg:  0.0, Max: 0, Diff: 0, Sum: 0, Workers: 4
[1667.540s][debug][gc,phases      ] GC(47)     Total                          Min: 0, Avg:  0.0, Max: 0, Diff: 0, Sum: 0, Workers: 4
[1667.540s][debug][gc,phases      ] GC(47)   StringDedup Requests1 Weak     Min:  0.0, Avg:  0.0, Max:  0.0, Diff:  0.0, Sum:  0.0, Workers: 4
[1667.540s][debug][gc,phases      ] GC(47)     Dead                           Min: 0, Avg:  0.0, Max: 0, Diff: 0, Sum: 0, Workers: 4
[1667.540s][debug][gc,phases      ] GC(47)     Total                          Min: 0, Avg:  0.0, Max: 0, Diff: 0, Sum: 0, Workers: 4
[1667.540s][debug][gc,phases      ] GC(47)   Weak JFR Old Object Samples    Min:  0.0, Avg:  0.0, Max:  0.0, Diff:  0.0, Sum:  0.0, Workers: 4
[1667.540s][debug][gc,phases      ] GC(47)     Dead                           Min: 0, Avg:  0.0, Max: 0, Diff: 0, Sum: 0, Workers: 4
[1667.540s][debug][gc,phases      ] GC(47)     Total                          Min: 0, Avg:  0.0, Max: 0, Diff: 0, Sum: 0, Workers: 4
[1667.541s][debug][gc,phases      ] GC(47) Weak Processing 0.409ms
[1667.541s][debug][gc,age         ] GC(47) Desired survivor size 40370176 bytes, new threshold 1 (max threshold 15)
[1667.541s][info ][gc,heap        ] GC(47) PSYoungGen: 2011456K(2054656K)->4496K(2051072K) Eden: 2008576K(2008576K)->0K(2008576K) From: 2880K(46080K)->4496K(42496K)
[1667.541s][info ][gc,heap        ] GC(47) ParOldGen: 263193K(263680K)->263857K(264192K)
[1667.541s][info ][gc,metaspace   ] GC(47) Metaspace: 105251K(106496K)->105251K(106496K) NonClass: 89327K(89984K)->89327K(89984K) Class: 15923K(16512K)->15923K(16512K)
[1667.541s][info ][gc             ] GC(47) Pause Young (Allocation Failure) 2221M->262M(2261M) 4.610ms
[1667.541s][info ][gc,cpu         ] GC(47) User=0.02s Sys=0.00s Real=0.00s
[1667.541s][info ][safepoint      ] Safepoint "ParallelGCFailedAllocation", Time since last: 2807558 ns, Reaching safepoint: 2500 ns, Cleanup: 1700 ns, At safepoint: 4684330 ns, Total: 4688530 ns
[1668.541s][info ][safepoint      ] Safepoint "Cleanup", Time since last: 1000087618 ns, Reaching safepoint: 6700 ns, Cleanup: 18902 ns, At safepoint: 2300 ns, Total: 27902 ns
[1670.541s][info ][safepoint      ] Safepoint "Cleanup", Time since last: 2000171235 ns, Reaching safepoint: 5601 ns, Cleanup: 13201 ns, At safepoint: 2200 ns, Total: 21002 ns
[1674.541s][info ][safepoint      ] Safepoint "Cleanup", Time since last: 4000327424 ns, Reaching safepoint: 6301 ns, Cleanup: 11501 ns, At safepoint: 2300 ns, Total: 20102 ns
[1675.541s][info ][safepoint      ] Safepoint "Cleanup", Time since last: 1000105018 ns, Reaching safepoint: 5700 ns, Cleanup: 16902 ns, At safepoint: 2800 ns, Total: 25402 ns
[1676.541s][info ][safepoint      ] Safepoint "Cleanup", Time since last: 1000103355 ns, Reaching safepoint: 5600 ns, Cleanup: 13701 ns, At safepoint: 2401 ns, Total: 21702 ns
[1680.542s][info ][safepoint      ] Safepoint "Cleanup", Time since last: 4000337069 ns, Reaching safepoint: 5700 ns, Cleanup: 9501 ns, At safepoint: 2700 ns, Total: 17901 ns
[1683.566s][info ][safepoint      ] Safepoint "Cleanup", Time since last: 3023842744 ns, Reaching safepoint: 7100 ns, Cleanup: 12201 ns, At safepoint: 2800 ns, Total: 22101 ns
[1684.566s][info ][safepoint      ] Safepoint "Cleanup", Time since last: 1000125146 ns, Reaching safepoint: 7601 ns, Cleanup: 12601 ns, At safepoint: 3100 ns, Total: 23302 ns
[1687.566s][info ][safepoint      ] Safepoint "Cleanup", Time since last: 3000267984 ns, Reaching safepoint: 6600 ns, Cleanup: 11501 ns, At safepoint: 2600 ns, Total: 20701 ns
[1695.567s][info ][safepoint      ] Safepoint "Cleanup", Time since last: 8000625411 ns, Reaching safepoint: 7801 ns, Cleanup: 11501 ns, At safepoint: 2400 ns, Total: 21702 ns
[1704.567s][info ][safepoint      ] Safepoint "Cleanup", Time since last: 9000656398 ns, Reaching safepoint: 7301 ns, Cleanup: 11800 ns, At safepoint: 2601 ns, Total: 21702 ns
[1706.568s][info ][safepoint      ] Safepoint "Cleanup", Time since last: 2000186697 ns, Reaching safepoint: 5800 ns, Cleanup: 7301 ns, At safepoint: 2700 ns, Total: 15801 ns
[1707.568s][info ][safepoint      ] Safepoint "Cleanup", Time since last: 1000119948 ns, Reaching safepoint: 7500 ns, Cleanup: 13701 ns, At safepoint: 2300 ns, Total: 23501 ns
[1708.410s][info ][gc,start       ] GC(48) Pause Young (Allocation Failure)
[1708.416s][debug][gc,phases      ] GC(48) Scavenge 5.498ms
[1708.416s][debug][gc,ref         ] GC(48) ReferenceProcessor::execute queues: 1, RefProcThreadModel::Single, marks_oops_alive: false
[1708.416s][debug][gc,ref         ] GC(48) Skipped KeepAliveFinalRefsPhase of Reference Processing: no references
[1708.416s][debug][gc,ref         ] GC(48) ReferenceProcessor::execute queues: 1, RefProcThreadModel::Single, marks_oops_alive: false
[1708.416s][debug][gc,phases      ] GC(48) Reference Processing 0.131ms
[1708.416s][debug][gc,phases      ] GC(48)   VM Weak                        Min:  0.0, Avg:  0.0, Max:  0.0, Diff:  0.0, Sum:  0.0, Workers: 4
[1708.416s][debug][gc,phases      ] GC(48)     Dead                           Min: 0, Avg:  0.0, Max: 0, Diff: 0, Sum: 0, Workers: 4
[1708.416s][debug][gc,phases      ] GC(48)     Total                          Min: 0, Avg: 232.2, Max: 384, Diff: 384, Sum: 929, Workers: 4
[1708.416s][debug][gc,phases      ] GC(48)   ObjectSynchronizer Weak        Min:  0.0, Avg:  0.0, Max:  0.0, Diff:  0.0, Sum:  0.0, Workers: 4
[1708.416s][debug][gc,phases      ] GC(48)     Dead                           Min: 0, Avg:  0.0, Max: 0, Diff: 0, Sum: 0, Workers: 4
[1708.416s][debug][gc,phases      ] GC(48)     Total                          Min: 0, Avg:  1.0, Max: 4, Diff: 4, Sum: 4, Workers: 4
[1708.416s][debug][gc,phases      ] GC(48)   JVMTI Tag Weak OopStorage      Min:  0.0, Avg:  0.0, Max:  0.0, Diff:  0.0, Sum:  0.0, Workers: 4
[1708.416s][debug][gc,phases      ] GC(48)     Dead                           Min: 0, Avg:  0.0, Max: 0, Diff: 0, Sum: 0, Workers: 4
[1708.416s][debug][gc,phases      ] GC(48)     Total                          Min: 0, Avg:  0.0, Max: 0, Diff: 0, Sum: 0, Workers: 4
[1708.416s][debug][gc,phases      ] GC(48)   StringTable Weak               Min:  0.2, Avg:  0.2, Max:  0.2, Diff:  0.0, Sum:  0.6, Workers: 4
[1708.416s][debug][gc,phases      ] GC(48)     Dead                           Min: 0, Avg:  0.2, Max: 1, Diff: 1, Sum: 1, Workers: 4
[1708.416s][debug][gc,phases      ] GC(48)     Total                          Min: 11072, Avg: 11532.2, Max: 12273, Diff: 1201, Sum: 46129, Workers: 4
[1708.416s][debug][gc,phases      ] GC(48)   ResolvedMethodTable Weak       Min:  0.1, Avg:  0.1, Max:  0.1, Diff:  0.0, Sum:  0.3, Workers: 4
[1708.416s][debug][gc,phases      ] GC(48)     Dead                           Min: 0, Avg:  5.0, Max: 20, Diff: 20, Sum: 20, Workers: 4
[1708.416s][debug][gc,phases      ] GC(48)     Total                          Min: 3702, Avg: 3733.8, Max: 3775, Diff: 73, Sum: 14935, Workers: 4
[1708.416s][debug][gc,phases      ] GC(48)   JNI Weak                       Min:  0.0, Avg:  0.0, Max:  0.0, Diff:  0.0, Sum:  0.0, Workers: 4
[1708.416s][debug][gc,phases      ] GC(48)     Dead                           Min: 0, Avg:  0.0, Max: 0, Diff: 0, Sum: 0, Workers: 4
[1708.416s][debug][gc,phases      ] GC(48)     Total                          Min: 0, Avg: 13.0, Max: 48, Diff: 48, Sum: 52, Workers: 4
[1708.416s][debug][gc,phases      ] GC(48)   StringDedup Table Weak         Min:  0.0, Avg:  0.0, Max:  0.0, Diff:  0.0, Sum:  0.0, Workers: 4
[1708.416s][debug][gc,phases      ] GC(48)     Dead                           Min: 0, Avg:  0.0, Max: 0, Diff: 0, Sum: 0, Workers: 4
[1708.416s][debug][gc,phases      ] GC(48)     Total                          Min: 0, Avg:  0.0, Max: 0, Diff: 0, Sum: 0, Workers: 4
[1708.416s][debug][gc,phases      ] GC(48)   StringDedup Requests0 Weak     Min:  0.0, Avg:  0.0, Max:  0.0, Diff:  0.0, Sum:  0.0, Workers: 4
[1708.416s][debug][gc,phases      ] GC(48)     Dead                           Min: 0, Avg:  0.0, Max: 0, Diff: 0, Sum: 0, Workers: 4
[1708.416s][debug][gc,phases      ] GC(48)     Total                          Min: 0, Avg:  0.0, Max: 0, Diff: 0, Sum: 0, Workers: 4
[1708.416s][debug][gc,phases      ] GC(48)   StringDedup Requests1 Weak     Min:  0.0, Avg:  0.0, Max:  0.0, Diff:  0.0, Sum:  0.0, Workers: 4
[1708.416s][debug][gc,phases      ] GC(48)     Dead                           Min: 0, Avg:  0.0, Max: 0, Diff: 0, Sum: 0, Workers: 4
[1708.416s][debug][gc,phases      ] GC(48)     Total                          Min: 0, Avg:  0.0, Max: 0, Diff: 0, Sum: 0, Workers: 4
[1708.416s][debug][gc,phases      ] GC(48)   Weak JFR Old Object Samples    Min:  0.0, Avg:  0.0, Max:  0.0, Diff:  0.0, Sum:  0.0, Workers: 4
[1708.416s][debug][gc,phases      ] GC(48)     Dead                           Min: 0, Avg:  0.0, Max: 0, Diff: 0, Sum: 0, Workers: 4
[1708.416s][debug][gc,phases      ] GC(48)     Total                          Min: 0, Avg:  0.0, Max: 0, Diff: 0, Sum: 0, Workers: 4
[1708.416s][debug][gc,phases      ] GC(48) Weak Processing 0.445ms
[1708.416s][debug][gc,age         ] GC(48) Desired survivor size 37224448 bytes, new threshold 1 (max threshold 15)
[1708.416s][info ][gc,heap        ] GC(48) PSYoungGen: 2013072K(2051072K)->4384K(2060800K) Eden: 2008576K(2008576K)->0K(2021376K) From: 4496K(42496K)->4384K(39424K)
[1708.416s][info ][gc,heap        ] GC(48) ParOldGen: 263857K(264192K)->264925K(265216K)
[1708.416s][info ][gc,metaspace   ] GC(48) Metaspace: 105300K(106560K)->105300K(106560K) NonClass: 89369K(90048K)->89369K(90048K) Class: 15931K(16512K)->15931K(16512K)
[1708.416s][info ][gc             ] GC(48) Pause Young (Allocation Failure) 2223M->262M(2271M) 6.247ms
[1708.416s][info ][gc,cpu         ] GC(48) User=0.02s Sys=0.00s Real=0.01s
[1708.416s][info ][safepoint      ] Safepoint "ParallelGCFailedAllocation", Time since last: 842309738 ns, Reaching safepoint: 10301 ns, Cleanup: 6201 ns, At safepoint: 6341098 ns, Total: 6357600 ns
[1710.417s][info ][safepoint      ] Safepoint "Cleanup", Time since last: 2000178991 ns, Reaching safepoint: 8001 ns, Cleanup: 12901 ns, At safepoint: 3000 ns, Total: 23902 ns
[1717.417s][info ][safepoint      ] Safepoint "Cleanup", Time since last: 7000551617 ns, Reaching safepoint: 5901 ns, Cleanup: 10801 ns, At safepoint: 2000 ns, Total: 18702 ns
[1718.417s][info ][safepoint      ] Safepoint "Cleanup", Time since last: 1000117322 ns, Reaching safepoint: 7701 ns, Cleanup: 15001 ns, At safepoint: 2600 ns, Total: 25302 ns
[1720.418s][info ][safepoint      ] Safepoint "Cleanup", Time since last: 2000190081 ns, Reaching safepoint: 23001 ns, Cleanup: 15001 ns, At safepoint: 28502 ns, Total: 66504 ns
[1723.418s][info ][safepoint      ] Safepoint "Cleanup", Time since last: 3000254888 ns, Reaching safepoint: 7400 ns, Cleanup: 19602 ns, At safepoint: 2800 ns, Total: 29802 ns
[1724.418s][info ][safepoint      ] Safepoint "Cleanup", Time since last: 1000107326 ns, Reaching safepoint: 7101 ns, Cleanup: 30402 ns, At safepoint: 3000 ns, Total: 40503 ns
[1725.418s][info ][safepoint      ] Safepoint "Cleanup", Time since last: 1000122769 ns, Reaching safepoint: 7700 ns, Cleanup: 11701 ns, At safepoint: 2900 ns, Total: 22301 ns
[1731.419s][info ][safepoint      ] Safepoint "Cleanup", Time since last: 6000453861 ns, Reaching safepoint: 7201 ns, Cleanup: 11500 ns, At safepoint: 2401 ns, Total: 21102 ns
[1732.419s][info ][safepoint      ] Safepoint "Cleanup", Time since last: 1000116208 ns, Reaching safepoint: 7901 ns, Cleanup: 34702 ns, At safepoint: 2801 ns, Total: 45404 ns
[1733.419s][info ][safepoint      ] Safepoint "Cleanup", Time since last: 1000117308 ns, Reaching safepoint: 7801 ns, Cleanup: 19701 ns, At safepoint: 2501 ns, Total: 30003 ns
[1734.419s][info ][safepoint      ] Safepoint "Cleanup", Time since last: 1000120009 ns, Reaching safepoint: 7100 ns, Cleanup: 11701 ns, At safepoint: 2400 ns, Total: 21201 ns
[1735.419s][info ][safepoint      ] Safepoint "Cleanup", Time since last: 1000116865 ns, Reaching safepoint: 7800 ns, Cleanup: 19501 ns, At safepoint: 2901 ns, Total: 30202 ns
[1737.420s][info ][safepoint      ] Safepoint "Cleanup", Time since last: 2000190350 ns, Reaching safepoint: 6701 ns, Cleanup: 9601 ns, At safepoint: 2200 ns, Total: 18502 ns
[1740.420s][info ][safepoint      ] Safepoint "Cleanup", Time since last: 3000259174 ns, Reaching safepoint: 8601 ns, Cleanup: 12401 ns, At safepoint: 2500 ns, Total: 23502 ns
[1747.583s][info ][safepoint      ] Safepoint "Cleanup", Time since last: 7163143753 ns, Reaching safepoint: 7400 ns, Cleanup: 29002 ns, At safepoint: 2500 ns, Total: 38902 ns
[1748.583s][info ][safepoint      ] Safepoint "Cleanup", Time since last: 1000126396 ns, Reaching safepoint: 8300 ns, Cleanup: 13001 ns, At safepoint: 3800 ns, Total: 25101 ns
[1754.004s][info ][gc,start       ] GC(49) Pause Young (Allocation Failure)
[1754.010s][debug][gc,phases      ] GC(49) Scavenge 6.128ms
[1754.010s][debug][gc,ref         ] GC(49) ReferenceProcessor::execute queues: 1, RefProcThreadModel::Single, marks_oops_alive: false
[1754.010s][debug][gc,ref         ] GC(49) Skipped KeepAliveFinalRefsPhase of Reference Processing: no references
[1754.010s][debug][gc,ref         ] GC(49) ReferenceProcessor::execute queues: 1, RefProcThreadModel::Single, marks_oops_alive: false
[1754.010s][debug][gc,phases      ] GC(49) Reference Processing 0.108ms
[1754.011s][debug][gc,phases      ] GC(49)   VM Weak                        Min:  0.0, Avg:  0.0, Max:  0.0, Diff:  0.0, Sum:  0.0, Workers: 4
[1754.011s][debug][gc,phases      ] GC(49)     Dead                           Min: 0, Avg:  0.0, Max: 0, Diff: 0, Sum: 0, Workers: 4
[1754.011s][debug][gc,phases      ] GC(49)     Total                          Min: 0, Avg: 232.2, Max: 448, Diff: 448, Sum: 929, Workers: 4
[1754.011s][debug][gc,phases      ] GC(49)   ObjectSynchronizer Weak        Min:  0.0, Avg:  0.0, Max:  0.0, Diff:  0.0, Sum:  0.0, Workers: 4
[1754.011s][debug][gc,phases      ] GC(49)     Dead                           Min: 0, Avg:  0.0, Max: 0, Diff: 0, Sum: 0, Workers: 4
[1754.011s][debug][gc,phases      ] GC(49)     Total                          Min: 0, Avg:  1.0, Max: 4, Diff: 4, Sum: 4, Workers: 4
[1754.011s][debug][gc,phases      ] GC(49)   JVMTI Tag Weak OopStorage      Min:  0.0, Avg:  0.0, Max:  0.0, Diff:  0.0, Sum:  0.0, Workers: 4
[1754.011s][debug][gc,phases      ] GC(49)     Dead                           Min: 0, Avg:  0.0, Max: 0, Diff: 0, Sum: 0, Workers: 4
[1754.011s][debug][gc,phases      ] GC(49)     Total                          Min: 0, Avg:  0.0, Max: 0, Diff: 0, Sum: 0, Workers: 4
[1754.011s][debug][gc,phases      ] GC(49)   StringTable Weak               Min:  0.0, Avg:  0.1, Max:  0.2, Diff:  0.2, Sum:  0.4, Workers: 4
[1754.011s][debug][gc,phases      ] GC(49)     Dead                           Min: 0, Avg:  0.0, Max: 0, Diff: 0, Sum: 0, Workers: 4
[1754.011s][debug][gc,phases      ] GC(49)     Total                          Min: 0, Avg: 11534.8, Max: 16508, Diff: 16508, Sum: 46139, Workers: 4
[1754.011s][debug][gc,phases      ] GC(49)   ResolvedMethodTable Weak       Min:  0.0, Avg:  0.1, Max:  0.1, Diff:  0.1, Sum:  0.2, Workers: 4
[1754.011s][debug][gc,phases      ] GC(49)     Dead                           Min: 0, Avg:  4.0, Max: 16, Diff: 16, Sum: 16, Workers: 4
[1754.011s][debug][gc,phases      ] GC(49)     Total                          Min: 0, Avg: 3734.2, Max: 5108, Diff: 5108, Sum: 14937, Workers: 4
[1754.011s][debug][gc,phases      ] GC(49)   JNI Weak                       Min:  0.0, Avg:  0.0, Max:  0.0, Diff:  0.0, Sum:  0.0, Workers: 4
[1754.011s][debug][gc,phases      ] GC(49)     Dead                           Min: 0, Avg:  0.0, Max: 0, Diff: 0, Sum: 0, Workers: 4
[1754.011s][debug][gc,phases      ] GC(49)     Total                          Min: 0, Avg: 13.0, Max: 48, Diff: 48, Sum: 52, Workers: 4
[1754.011s][debug][gc,phases      ] GC(49)   StringDedup Table Weak         Min:  0.0, Avg:  0.0, Max:  0.0, Diff:  0.0, Sum:  0.0, Workers: 4
[1754.011s][debug][gc,phases      ] GC(49)     Dead                           Min: 0, Avg:  0.0, Max: 0, Diff: 0, Sum: 0, Workers: 4
[1754.011s][debug][gc,phases      ] GC(49)     Total                          Min: 0, Avg:  0.0, Max: 0, Diff: 0, Sum: 0, Workers: 4
[1754.011s][debug][gc,phases      ] GC(49)   StringDedup Requests0 Weak     Min:  0.0, Avg:  0.0, Max:  0.0, Diff:  0.0, Sum:  0.0, Workers: 4
[1754.011s][debug][gc,phases      ] GC(49)     Dead                           Min: 0, Avg:  0.0, Max: 0, Diff: 0, Sum: 0, Workers: 4
[1754.011s][debug][gc,phases      ] GC(49)     Total                          Min: 0, Avg:  0.0, Max: 0, Diff: 0, Sum: 0, Workers: 4
[1754.011s][debug][gc,phases      ] GC(49)   StringDedup Requests1 Weak     Min:  0.0, Avg:  0.0, Max:  0.0, Diff:  0.0, Sum:  0.0, Workers: 4
[1754.011s][debug][gc,phases      ] GC(49)     Dead                           Min: 0, Avg:  0.0, Max: 0, Diff: 0, Sum: 0, Workers: 4
[1754.011s][debug][gc,phases      ] GC(49)     Total                          Min: 0, Avg:  0.0, Max: 0, Diff: 0, Sum: 0, Workers: 4
[1754.011s][debug][gc,phases      ] GC(49)   Weak JFR Old Object Samples    Min:  0.0, Avg:  0.0, Max:  0.0, Diff:  0.0, Sum:  0.0, Workers: 4
[1754.011s][debug][gc,phases      ] GC(49)     Dead                           Min: 0, Avg:  0.0, Max: 0, Diff: 0, Sum: 0, Workers: 4
[1754.011s][debug][gc,phases      ] GC(49)     Total                          Min: 0, Avg:  0.0, Max: 0, Diff: 0, Sum: 0, Workers: 4
[1754.011s][debug][gc,phases      ] GC(49) Weak Processing 0.412ms
[1754.011s][debug][gc,age         ] GC(49) Desired survivor size 35127296 bytes, new threshold 1 (max threshold 15)
[1754.011s][info ][gc,heap        ] GC(49) PSYoungGen: 2025760K(2060800K)->3232K(2057728K) Eden: 2021376K(2021376K)->0K(2021376K) From: 4384K(39424K)->3232K(36352K)
[1754.011s][info ][gc,heap        ] GC(49) ParOldGen: 264925K(265216K)->267154K(267264K)
[1754.011s][info ][gc,metaspace   ] GC(49) Metaspace: 105328K(106560K)->105328K(106560K) NonClass: 89396K(90048K)->89396K(90048K) Class: 15931K(16512K)->15931K(16512K)
[1754.011s][info ][gc             ] GC(49) Pause Young (Allocation Failure) 2236M->264M(2270M) 6.787ms
[1754.011s][info ][gc,cpu         ] GC(49) User=0.02s Sys=0.01s Real=0.01s
[1754.011s][info ][safepoint      ] Safepoint "ParallelGCFailedAllocation", Time since last: 5420848865 ns, Reaching safepoint: 8101 ns, Cleanup: 5700 ns, At safepoint: 6860374 ns, Total: 6874175 ns
[1755.011s][info ][safepoint      ] Safepoint "Cleanup", Time since last: 1000086403 ns, Reaching safepoint: 7801 ns, Cleanup: 18101 ns, At safepoint: 2800 ns, Total: 28702 ns
[1760.011s][info ][safepoint      ] Safepoint "Cleanup", Time since last: 5000408883 ns, Reaching safepoint: 81304 ns, Cleanup: 10701 ns, At safepoint: 7601 ns, Total: 99606 ns
[1762.012s][info ][safepoint      ] Safepoint "Cleanup", Time since last: 2000220078 ns, Reaching safepoint: 7301 ns, Cleanup: 10801 ns, At safepoint: 3100 ns, Total: 21202 ns
[1771.012s][info ][safepoint      ] Safepoint "Cleanup", Time since last: 9000713702 ns, Reaching safepoint: 10201 ns, Cleanup: 10301 ns, At safepoint: 2700 ns, Total: 23202 ns
[1775.013s][info ][safepoint      ] Safepoint "Cleanup", Time since last: 4000360494 ns, Reaching safepoint: 9001 ns, Cleanup: 18101 ns, At safepoint: 2800 ns, Total: 29902 ns
[1779.013s][info ][safepoint      ] Safepoint "Cleanup", Time since last: 4000341357 ns, Reaching safepoint: 6900 ns, Cleanup: 14901 ns, At safepoint: 2500 ns, Total: 24301 ns
[1785.014s][info ][safepoint      ] Safepoint "Cleanup", Time since last: 6000458119 ns, Reaching safepoint: 7701 ns, Cleanup: 12200 ns, At safepoint: 2600 ns, Total: 22501 ns
[1786.014s][info ][safepoint      ] Safepoint "Cleanup", Time since last: 1000124068 ns, Reaching safepoint: 7801 ns, Cleanup: 12000 ns, At safepoint: 3200 ns, Total: 23001 ns
[1793.014s][info ][safepoint      ] Safepoint "Cleanup", Time since last: 7000514656 ns, Reaching safepoint: 7700 ns, Cleanup: 14001 ns, At safepoint: 2400 ns, Total: 24101 ns
[1794.015s][info ][safepoint      ] Safepoint "Cleanup", Time since last: 1000120164 ns, Reaching safepoint: 7601 ns, Cleanup: 15501 ns, At safepoint: 2400 ns, Total: 25502 ns
[1795.015s][info ][safepoint      ] Safepoint "Cleanup", Time since last: 1000126564 ns, Reaching safepoint: 7501 ns, Cleanup: 14701 ns, At safepoint: 2700 ns, Total: 24902 ns
[1799.015s][info ][safepoint      ] Safepoint "Cleanup", Time since last: 4000345748 ns, Reaching safepoint: 6701 ns, Cleanup: 12200 ns, At safepoint: 2501 ns, Total: 21402 ns
[1800.015s][info ][safepoint      ] Safepoint "Cleanup", Time since last: 1000124413 ns, Reaching safepoint: 7300 ns, Cleanup: 13801 ns, At safepoint: 2500 ns, Total: 23601 ns
[1801.607s][info ][safepoint      ] Safepoint "Cleanup", Time since last: 1591671045 ns, Reaching safepoint: 81804 ns, Cleanup: 32502 ns, At safepoint: 5700 ns, Total: 120006 ns
[1804.569s][info ][gc,start       ] GC(50) Pause Young (Allocation Failure)
[1804.577s][debug][gc,phases      ] GC(50) Scavenge 7.714ms
[1804.577s][debug][gc,ref         ] GC(50) ReferenceProcessor::execute queues: 1, RefProcThreadModel::Single, marks_oops_alive: false
[1804.577s][debug][gc,ref         ] GC(50) Skipped KeepAliveFinalRefsPhase of Reference Processing: no references
[1804.577s][debug][gc,ref         ] GC(50) ReferenceProcessor::execute queues: 1, RefProcThreadModel::Single, marks_oops_alive: false
[1804.577s][debug][gc,phases      ] GC(50) Reference Processing 0.131ms
[1804.578s][debug][gc,phases      ] GC(50)   VM Weak                        Min:  0.0, Avg:  0.0, Max:  0.0, Diff:  0.0, Sum:  0.0, Workers: 4
[1804.578s][debug][gc,phases      ] GC(50)     Dead                           Min: 0, Avg:  0.0, Max: 0, Diff: 0, Sum: 0, Workers: 4
[1804.578s][debug][gc,phases      ] GC(50)     Total                          Min: 0, Avg: 232.2, Max: 929, Diff: 929, Sum: 929, Workers: 4
[1804.578s][debug][gc,phases      ] GC(50)   ObjectSynchronizer Weak        Min:  0.0, Avg:  0.0, Max:  0.0, Diff:  0.0, Sum:  0.0, Workers: 4
[1804.578s][debug][gc,phases      ] GC(50)     Dead                           Min: 0, Avg:  0.0, Max: 0, Diff: 0, Sum: 0, Workers: 4
[1804.578s][debug][gc,phases      ] GC(50)     Total                          Min: 0, Avg:  0.8, Max: 3, Diff: 3, Sum: 3, Workers: 4
[1804.578s][debug][gc,phases      ] GC(50)   JVMTI Tag Weak OopStorage      Min:  0.0, Avg:  0.0, Max:  0.0, Diff:  0.0, Sum:  0.0, Workers: 4
[1804.578s][debug][gc,phases      ] GC(50)     Dead                           Min: 0, Avg:  0.0, Max: 0, Diff: 0, Sum: 0, Workers: 4
[1804.578s][debug][gc,phases      ] GC(50)     Total                          Min: 0, Avg:  0.0, Max: 0, Diff: 0, Sum: 0, Workers: 4
[1804.578s][debug][gc,phases      ] GC(50)   StringTable Weak               Min:  0.0, Avg:  0.1, Max:  0.4, Diff:  0.4, Sum:  0.4, Workers: 4
[1804.578s][debug][gc,phases      ] GC(50)     Dead                           Min: 0, Avg:  0.5, Max: 2, Diff: 2, Sum: 2, Workers: 4
[1804.578s][debug][gc,phases      ] GC(50)     Total                          Min: 0, Avg: 11542.2, Max: 46169, Diff: 46169, Sum: 46169, Workers: 4
[1804.578s][debug][gc,phases      ] GC(50)   ResolvedMethodTable Weak       Min:  0.0, Avg:  0.0, Max:  0.2, Diff:  0.2, Sum:  0.2, Workers: 4
[1804.578s][debug][gc,phases      ] GC(50)     Dead                           Min: 0, Avg:  8.8, Max: 35, Diff: 35, Sum: 35, Workers: 4
[1804.578s][debug][gc,phases      ] GC(50)     Total                          Min: 0, Avg: 3745.2, Max: 14981, Diff: 14981, Sum: 14981, Workers: 4
[1804.578s][debug][gc,phases      ] GC(50)   JNI Weak                       Min:  0.0, Avg:  0.0, Max:  0.0, Diff:  0.0, Sum:  0.0, Workers: 4
[1804.578s][debug][gc,phases      ] GC(50)     Dead                           Min: 0, Avg:  0.0, Max: 0, Diff: 0, Sum: 0, Workers: 4
[1804.578s][debug][gc,phases      ] GC(50)     Total                          Min: 0, Avg: 13.0, Max: 52, Diff: 52, Sum: 52, Workers: 4
[1804.578s][debug][gc,phases      ] GC(50)   StringDedup Table Weak         Min:  0.0, Avg:  0.0, Max:  0.0, Diff:  0.0, Sum:  0.0, Workers: 4
[1804.578s][debug][gc,phases      ] GC(50)     Dead                           Min: 0, Avg:  0.0, Max: 0, Diff: 0, Sum: 0, Workers: 4
[1804.578s][debug][gc,phases      ] GC(50)     Total                          Min: 0, Avg:  0.0, Max: 0, Diff: 0, Sum: 0, Workers: 4
[1804.578s][debug][gc,phases      ] GC(50)   StringDedup Requests0 Weak     Min:  0.0, Avg:  0.0, Max:  0.0, Diff:  0.0, Sum:  0.0, Workers: 4
[1804.578s][debug][gc,phases      ] GC(50)     Dead                           Min: 0, Avg:  0.0, Max: 0, Diff: 0, Sum: 0, Workers: 4
[1804.578s][debug][gc,phases      ] GC(50)     Total                          Min: 0, Avg:  0.0, Max: 0, Diff: 0, Sum: 0, Workers: 4
[1804.578s][debug][gc,phases      ] GC(50)   StringDedup Requests1 Weak     Min:  0.0, Avg:  0.0, Max:  0.0, Diff:  0.0, Sum:  0.0, Workers: 4
[1804.578s][debug][gc,phases      ] GC(50)     Dead                           Min: 0, Avg:  0.0, Max: 0, Diff: 0, Sum: 0, Workers: 4
[1804.578s][debug][gc,phases      ] GC(50)     Total                          Min: 0, Avg:  0.0, Max: 0, Diff: 0, Sum: 0, Workers: 4
[1804.578s][debug][gc,phases      ] GC(50)   Weak JFR Old Object Samples    Min:  0.0, Avg:  0.0, Max:  0.0, Diff:  0.0, Sum:  0.0, Workers: 4
[1804.578s][debug][gc,phases      ] GC(50)     Dead                           Min: 0, Avg:  0.0, Max: 0, Diff: 0, Sum: 0, Workers: 4
[1804.578s][debug][gc,phases      ] GC(50)     Total                          Min: 0, Avg:  0.0, Max: 0, Diff: 0, Sum: 0, Workers: 4
[1804.578s][debug][gc,phases      ] GC(50) Weak Processing 0.854ms
[1804.578s][debug][gc,age         ] GC(50) Desired survivor size 32505856 bytes, new threshold 1 (max threshold 15)
[1804.578s][info ][gc,heap        ] GC(50) PSYoungGen: 2024608K(2057728K)->2784K(2065408K) Eden: 2021376K(2021376K)->0K(2031104K) From: 3232K(36352K)->2784K(34304K)
[1804.578s][info ][gc,heap        ] GC(50) ParOldGen: 267154K(267264K)->268430K(268800K)
[1804.578s][info ][gc,metaspace   ] GC(50) Metaspace: 105404K(106624K)->105404K(106624K) NonClass: 89457K(90112K)->89457K(90112K) Class: 15947K(16512K)->15947K(16512K)
[1804.578s][info ][gc             ] GC(50) Pause Young (Allocation Failure) 2238M->264M(2279M) 8.823ms
[1804.578s][info ][gc,cpu         ] GC(50) User=0.01s Sys=0.00s Real=0.01s
[1804.579s][info ][safepoint      ] Safepoint "ParallelGCFailedAllocation", Time since last: 2962058317 ns, Reaching safepoint: 9300 ns, Cleanup: 14301 ns, At safepoint: 9942220 ns, Total: 9965821 ns
[1806.579s][info ][safepoint      ] Safepoint "Cleanup", Time since last: 2000220058 ns, Reaching safepoint: 7801 ns, Cleanup: 14301 ns, At safepoint: 2600 ns, Total: 24702 ns
[1810.582s][info ][safepoint      ] Safepoint "Cleanup", Time since last: 4002511088 ns, Reaching safepoint: 9101 ns, Cleanup: 13700 ns, At safepoint: 2700 ns, Total: 25501 ns
[1813.582s][info ][safepoint      ] Safepoint "Cleanup", Time since last: 3000241495 ns, Reaching safepoint: 9200 ns, Cleanup: 14601 ns, At safepoint: 2800 ns, Total: 26601 ns
[1817.582s][info ][safepoint      ] Safepoint "Cleanup", Time since last: 4000326232 ns, Reaching safepoint: 8100 ns, Cleanup: 8501 ns, At safepoint: 2800 ns, Total: 19401 ns
[1818.583s][info ][safepoint      ] Safepoint "Cleanup", Time since last: 1000231874 ns, Reaching safepoint: 10600 ns, Cleanup: 13601 ns, At safepoint: 3300 ns, Total: 27501 ns
[1825.584s][info ][safepoint      ] Safepoint "Cleanup", Time since last: 7001677005 ns, Reaching safepoint: 8400 ns, Cleanup: 13601 ns, At safepoint: 2500 ns, Total: 24501 ns
[1827.585s][info ][safepoint      ] Safepoint "Cleanup", Time since last: 2000178303 ns, Reaching safepoint: 9200 ns, Cleanup: 15801 ns, At safepoint: 3000 ns, Total: 28001 ns
[1831.585s][info ][safepoint      ] Safepoint "Cleanup", Time since last: 4000443135 ns, Reaching safepoint: 8200 ns, Cleanup: 9701 ns, At safepoint: 2600 ns, Total: 20501 ns
[1832.585s][info ][safepoint      ] Safepoint "Cleanup", Time since last: 1000106110 ns, Reaching safepoint: 9100 ns, Cleanup: 13801 ns, At safepoint: 2800 ns, Total: 25701 ns
[1838.588s][info ][safepoint      ] Safepoint "Cleanup", Time since last: 6002589529 ns, Reaching safepoint: 9100 ns, Cleanup: 16201 ns, At safepoint: 3000 ns, Total: 28301 ns
[1845.588s][info ][safepoint      ] Safepoint "Cleanup", Time since last: 7000509501 ns, Reaching safepoint: 8901 ns, Cleanup: 13600 ns, At safepoint: 21702 ns, Total: 44203 ns
[1846.588s][info ][safepoint      ] Safepoint "Cleanup", Time since last: 1000115474 ns, Reaching safepoint: 7400 ns, Cleanup: 12401 ns, At safepoint: 2400 ns, Total: 22201 ns
[1853.508s][info ][gc,start       ] GC(51) Pause Young (Allocation Failure)
[1853.514s][debug][gc,phases      ] GC(51) Scavenge 5.419ms
[1853.514s][debug][gc,ref         ] GC(51) ReferenceProcessor::execute queues: 1, RefProcThreadModel::Single, marks_oops_alive: false
[1853.514s][debug][gc,ref         ] GC(51) Skipped KeepAliveFinalRefsPhase of Reference Processing: no references
[1853.514s][debug][gc,ref         ] GC(51) ReferenceProcessor::execute queues: 1, RefProcThreadModel::Single, marks_oops_alive: false
[1853.514s][debug][gc,phases      ] GC(51) Reference Processing 0.126ms
[1853.514s][debug][gc,phases      ] GC(51)   VM Weak                        Min:  0.0, Avg:  0.0, Max:  0.0, Diff:  0.0, Sum:  0.0, Workers: 4
[1853.514s][debug][gc,phases      ] GC(51)     Dead                           Min: 0, Avg:  0.0, Max: 0, Diff: 0, Sum: 0, Workers: 4
[1853.514s][debug][gc,phases      ] GC(51)     Total                          Min: 0, Avg: 232.2, Max: 801, Diff: 801, Sum: 929, Workers: 4
[1853.514s][debug][gc,phases      ] GC(51)   ObjectSynchronizer Weak        Min:  0.0, Avg:  0.0, Max:  0.0, Diff:  0.0, Sum:  0.0, Workers: 4
[1853.514s][debug][gc,phases      ] GC(51)     Dead                           Min: 0, Avg:  0.0, Max: 0, Diff: 0, Sum: 0, Workers: 4
[1853.514s][debug][gc,phases      ] GC(51)     Total                          Min: 0, Avg:  1.0, Max: 4, Diff: 4, Sum: 4, Workers: 4
[1853.514s][debug][gc,phases      ] GC(51)   JVMTI Tag Weak OopStorage      Min:  0.0, Avg:  0.0, Max:  0.0, Diff:  0.0, Sum:  0.0, Workers: 4
[1853.514s][debug][gc,phases      ] GC(51)     Dead                           Min: 0, Avg:  0.0, Max: 0, Diff: 0, Sum: 0, Workers: 4
[1853.514s][debug][gc,phases      ] GC(51)     Total                          Min: 0, Avg:  0.0, Max: 0, Diff: 0, Sum: 0, Workers: 4
[1853.514s][debug][gc,phases      ] GC(51)   StringTable Weak               Min:  0.0, Avg:  0.1, Max:  0.1, Diff:  0.1, Sum:  0.4, Workers: 4
[1853.514s][debug][gc,phases      ] GC(51)     Dead                           Min: 0, Avg:  0.0, Max: 0, Diff: 0, Sum: 0, Workers: 4
[1853.514s][debug][gc,phases      ] GC(51)     Total                          Min: 0, Avg: 11543.0, Max: 16797, Diff: 16797, Sum: 46172, Workers: 4
[1853.514s][debug][gc,phases      ] GC(51)   ResolvedMethodTable Weak       Min:  0.0, Avg:  0.0, Max:  0.0, Diff:  0.0, Sum:  0.1, Workers: 4
[1853.514s][debug][gc,phases      ] GC(51)     Dead                           Min: 0, Avg:  4.0, Max: 16, Diff: 16, Sum: 16, Workers: 4
[1853.514s][debug][gc,phases      ] GC(51)     Total                          Min: 0, Avg: 3745.8, Max: 5393, Diff: 5393, Sum: 14983, Workers: 4
[1853.514s][debug][gc,phases      ] GC(51)   JNI Weak                       Min:  0.0, Avg:  0.0, Max:  0.0, Diff:  0.0, Sum:  0.0, Workers: 4
[1853.514s][debug][gc,phases      ] GC(51)     Dead                           Min: 0, Avg:  0.0, Max: 0, Diff: 0, Sum: 0, Workers: 4
[1853.514s][debug][gc,phases      ] GC(51)     Total                          Min: 0, Avg: 13.0, Max: 48, Diff: 48, Sum: 52, Workers: 4
[1853.514s][debug][gc,phases      ] GC(51)   StringDedup Table Weak         Min:  0.0, Avg:  0.0, Max:  0.0, Diff:  0.0, Sum:  0.0, Workers: 4
[1853.514s][debug][gc,phases      ] GC(51)     Dead                           Min: 0, Avg:  0.0, Max: 0, Diff: 0, Sum: 0, Workers: 4
[1853.514s][debug][gc,phases      ] GC(51)     Total                          Min: 0, Avg:  0.0, Max: 0, Diff: 0, Sum: 0, Workers: 4
[1853.514s][debug][gc,phases      ] GC(51)   StringDedup Requests0 Weak     Min:  0.0, Avg:  0.0, Max:  0.0, Diff:  0.0, Sum:  0.0, Workers: 4
[1853.514s][debug][gc,phases      ] GC(51)     Dead                           Min: 0, Avg:  0.0, Max: 0, Diff: 0, Sum: 0, Workers: 4
[1853.514s][debug][gc,phases      ] GC(51)     Total                          Min: 0, Avg:  0.0, Max: 0, Diff: 0, Sum: 0, Workers: 4
[1853.514s][debug][gc,phases      ] GC(51)   StringDedup Requests1 Weak     Min:  0.0, Avg:  0.0, Max:  0.0, Diff:  0.0, Sum:  0.0, Workers: 4
[1853.514s][debug][gc,phases      ] GC(51)     Dead                           Min: 0, Avg:  0.0, Max: 0, Diff: 0, Sum: 0, Workers: 4
[1853.514s][debug][gc,phases      ] GC(51)     Total                          Min: 0, Avg:  0.0, Max: 0, Diff: 0, Sum: 0, Workers: 4
[1853.514s][debug][gc,phases      ] GC(51)   Weak JFR Old Object Samples    Min:  0.0, Avg:  0.0, Max:  0.0, Diff:  0.0, Sum:  0.0, Workers: 4
[1853.514s][debug][gc,phases      ] GC(51)     Dead                           Min: 0, Avg:  0.0, Max: 0, Diff: 0, Sum: 0, Workers: 4
[1853.514s][debug][gc,phases      ] GC(51)     Total                          Min: 0, Avg:  0.0, Max: 0, Diff: 0, Sum: 0, Workers: 4
[1853.514s][debug][gc,phases      ] GC(51) Weak Processing 0.434ms
[1853.514s][debug][gc,age         ] GC(51) Desired survivor size 30408704 bytes, new threshold 1 (max threshold 15)
[1853.514s][info ][gc,heap        ] GC(51) PSYoungGen: 2033888K(2065408K)->3152K(2062848K) Eden: 2031104K(2031104K)->0K(2031104K) From: 2784K(34304K)->3152K(31744K)
[1853.514s][info ][gc,heap        ] GC(51) ParOldGen: 268430K(268800K)->269458K(269824K)
[1853.514s][info ][gc,metaspace   ] GC(51) Metaspace: 105421K(106688K)->105421K(106688K) NonClass: 89473K(90176K)->89473K(90176K) Class: 15948K(16512K)->15948K(16512K)
[1853.514s][info ][gc             ] GC(51) Pause Young (Allocation Failure) 2248M->266M(2278M) 6.139ms
[1853.514s][info ][gc,cpu         ] GC(51) User=0.01s Sys=0.00s Real=0.00s
[1853.514s][info ][safepoint      ] Safepoint "ParallelGCFailedAllocation", Time since last: 6919564528 ns, Reaching safepoint: 9600 ns, Cleanup: 18201 ns, At safepoint: 6220621 ns, Total: 6248422 ns
[1856.515s][info ][safepoint      ] Safepoint "Cleanup", Time since last: 3000241961 ns, Reaching safepoint: 8601 ns, Cleanup: 13200 ns, At safepoint: 2600 ns, Total: 24401 ns
[1859.515s][info ][safepoint      ] Safepoint "Cleanup", Time since last: 3000525509 ns, Reaching safepoint: 216710 ns, Cleanup: 28002 ns, At safepoint: 6200 ns, Total: 250912 ns
[1865.644s][info ][safepoint      ] Safepoint "Cleanup", Time since last: 6128383825 ns, Reaching safepoint: 6700 ns, Cleanup: 16500 ns, At safepoint: 3601 ns, Total: 26801 ns
[1870.644s][info ][safepoint      ] Safepoint "Cleanup", Time since last: 5000403571 ns, Reaching safepoint: 6500 ns, Cleanup: 11101 ns, At safepoint: 2600 ns, Total: 20201 ns
[1871.644s][info ][safepoint      ] Safepoint "Cleanup", Time since last: 1000118495 ns, Reaching safepoint: 6000 ns, Cleanup: 16801 ns, At safepoint: 2600 ns, Total: 25401 ns
[1875.645s][info ][safepoint      ] Safepoint "Cleanup", Time since last: 4000321328 ns, Reaching safepoint: 6800 ns, Cleanup: 12301 ns, At safepoint: 2400 ns, Total: 21501 ns
[1879.645s][info ][safepoint      ] Safepoint "Cleanup", Time since last: 4000314548 ns, Reaching safepoint: 6400 ns, Cleanup: 11701 ns, At safepoint: 2800 ns, Total: 20901 ns
[1880.645s][info ][safepoint      ] Safepoint "Cleanup", Time since last: 1000125547 ns, Reaching safepoint: 5401 ns, Cleanup: 11300 ns, At safepoint: 3000 ns, Total: 19701 ns
[1882.645s][info ][safepoint      ] Safepoint "Cleanup", Time since last: 2000172692 ns, Reaching safepoint: 5801 ns, Cleanup: 10000 ns, At safepoint: 2500 ns, Total: 18301 ns
[1895.552s][info ][gc,start       ] GC(52) Pause Young (Allocation Failure)
[1895.558s][debug][gc,phases      ] GC(52) Scavenge 6.343ms
[1895.558s][debug][gc,ref         ] GC(52) ReferenceProcessor::execute queues: 1, RefProcThreadModel::Single, marks_oops_alive: false
[1895.558s][debug][gc,ref         ] GC(52) Skipped KeepAliveFinalRefsPhase of Reference Processing: no references
[1895.558s][debug][gc,ref         ] GC(52) ReferenceProcessor::execute queues: 1, RefProcThreadModel::Single, marks_oops_alive: false
[1895.558s][debug][gc,phases      ] GC(52) Reference Processing 0.112ms
[1895.559s][debug][gc,phases      ] GC(52)   VM Weak                        Min:  0.0, Avg:  0.0, Max:  0.0, Diff:  0.0, Sum:  0.0, Workers: 4
[1895.559s][debug][gc,phases      ] GC(52)     Dead                           Min: 0, Avg:  0.0, Max: 0, Diff: 0, Sum: 0, Workers: 4
[1895.559s][debug][gc,phases      ] GC(52)     Total                          Min: 0, Avg: 232.2, Max: 865, Diff: 865, Sum: 929, Workers: 4
[1895.559s][debug][gc,phases      ] GC(52)   ObjectSynchronizer Weak        Min:  0.0, Avg:  0.0, Max:  0.0, Diff:  0.0, Sum:  0.0, Workers: 4
[1895.559s][debug][gc,phases      ] GC(52)     Dead                           Min: 0, Avg:  0.0, Max: 0, Diff: 0, Sum: 0, Workers: 4
[1895.559s][debug][gc,phases      ] GC(52)     Total                          Min: 0, Avg:  1.0, Max: 4, Diff: 4, Sum: 4, Workers: 4
[1895.559s][debug][gc,phases      ] GC(52)   JVMTI Tag Weak OopStorage      Min:  0.0, Avg:  0.0, Max:  0.0, Diff:  0.0, Sum:  0.0, Workers: 4
[1895.559s][debug][gc,phases      ] GC(52)     Dead                           Min: 0, Avg:  0.0, Max: 0, Diff: 0, Sum: 0, Workers: 4
[1895.559s][debug][gc,phases      ] GC(52)     Total                          Min: 0, Avg:  0.0, Max: 0, Diff: 0, Sum: 0, Workers: 4
[1895.559s][debug][gc,phases      ] GC(52)   StringTable Weak               Min:  0.0, Avg:  0.1, Max:  0.2, Diff:  0.2, Sum:  0.4, Workers: 4
[1895.559s][debug][gc,phases      ] GC(52)     Dead                           Min: 0, Avg:  0.0, Max: 0, Diff: 0, Sum: 0, Workers: 4
[1895.559s][debug][gc,phases      ] GC(52)     Total                          Min: 0, Avg: 11545.0, Max: 25150, Diff: 25150, Sum: 46180, Workers: 4
[1895.559s][debug][gc,phases      ] GC(52)   ResolvedMethodTable Weak       Min:  0.0, Avg:  0.0, Max:  0.1, Diff:  0.1, Sum:  0.1, Workers: 4
[1895.559s][debug][gc,phases      ] GC(52)     Dead                           Min: 0, Avg:  4.8, Max: 17, Diff: 17, Sum: 19, Workers: 4
[1895.559s][debug][gc,phases      ] GC(52)     Total                          Min: 0, Avg: 3746.2, Max: 8124, Diff: 8124, Sum: 14985, Workers: 4
[1895.559s][debug][gc,phases      ] GC(52)   JNI Weak                       Min:  0.0, Avg:  0.0, Max:  0.0, Diff:  0.0, Sum:  0.0, Workers: 4
[1895.559s][debug][gc,phases      ] GC(52)     Dead                           Min: 0, Avg:  0.0, Max: 0, Diff: 0, Sum: 0, Workers: 4
[1895.559s][debug][gc,phases      ] GC(52)     Total                          Min: 0, Avg: 13.0, Max: 52, Diff: 52, Sum: 52, Workers: 4
[1895.559s][debug][gc,phases      ] GC(52)   StringDedup Table Weak         Min:  0.0, Avg:  0.0, Max:  0.0, Diff:  0.0, Sum:  0.0, Workers: 4
[1895.559s][debug][gc,phases      ] GC(52)     Dead                           Min: 0, Avg:  0.0, Max: 0, Diff: 0, Sum: 0, Workers: 4
[1895.559s][debug][gc,phases      ] GC(52)     Total                          Min: 0, Avg:  0.0, Max: 0, Diff: 0, Sum: 0, Workers: 4
[1895.559s][debug][gc,phases      ] GC(52)   StringDedup Requests0 Weak     Min:  0.0, Avg:  0.0, Max:  0.0, Diff:  0.0, Sum:  0.0, Workers: 4
[1895.559s][debug][gc,phases      ] GC(52)     Dead                           Min: 0, Avg:  0.0, Max: 0, Diff: 0, Sum: 0, Workers: 4
[1895.559s][debug][gc,phases      ] GC(52)     Total                          Min: 0, Avg:  0.0, Max: 0, Diff: 0, Sum: 0, Workers: 4
[1895.559s][debug][gc,phases      ] GC(52)   StringDedup Requests1 Weak     Min:  0.0, Avg:  0.0, Max:  0.0, Diff:  0.0, Sum:  0.0, Workers: 4
[1895.559s][debug][gc,phases      ] GC(52)     Dead                           Min: 0, Avg:  0.0, Max: 0, Diff: 0, Sum: 0, Workers: 4
[1895.559s][debug][gc,phases      ] GC(52)     Total                          Min: 0, Avg:  0.0, Max: 0, Diff: 0, Sum: 0, Workers: 4
[1895.559s][debug][gc,phases      ] GC(52)   Weak JFR Old Object Samples    Min:  0.0, Avg:  0.0, Max:  0.0, Diff:  0.0, Sum:  0.0, Workers: 4
[1895.559s][debug][gc,phases      ] GC(52)     Dead                           Min: 0, Avg:  0.0, Max: 0, Diff: 0, Sum: 0, Workers: 4
[1895.559s][debug][gc,phases      ] GC(52)     Total                          Min: 0, Avg:  0.0, Max: 0, Diff: 0, Sum: 0, Workers: 4
[1895.559s][debug][gc,phases      ] GC(52) Weak Processing 0.503ms
[1895.559s][debug][gc,age         ] GC(52) Desired survivor size 28311552 bytes, new threshold 1 (max threshold 15)
[1895.559s][info ][gc,heap        ] GC(52) PSYoungGen: 2034256K(2062848K)->3552K(2069504K) Eden: 2031104K(2031104K)->0K(2039808K) From: 3152K(31744K)->3552K(29696K)
[1895.559s][info ][gc,heap        ] GC(52) ParOldGen: 269458K(269824K)->270679K(270848K)
[1895.559s][info ][gc,metaspace   ] GC(52) Metaspace: 105437K(106688K)->105437K(106688K) NonClass: 89488K(90176K)->89488K(90176K) Class: 15948K(16512K)->15948K(16512K)
[1895.559s][info ][gc             ] GC(52) Pause Young (Allocation Failure) 2249M->267M(2285M) 7.099ms
[1895.559s][info ][gc,cpu         ] GC(52) User=0.02s Sys=0.01s Real=0.01s
[1895.559s][info ][safepoint      ] Safepoint "ParallelGCFailedAllocation", Time since last: 12906487432 ns, Reaching safepoint: 85904 ns, Cleanup: 5600 ns, At safepoint: 7182294 ns, Total: 7273798 ns
[1906.560s][info ][safepoint      ] Safepoint "Cleanup", Time since last: 11000855215 ns, Reaching safepoint: 9000 ns, Cleanup: 13400 ns, At safepoint: 3001 ns, Total: 25401 ns
[1907.560s][info ][safepoint      ] Safepoint "Cleanup", Time since last: 1000128736 ns, Reaching safepoint: 7101 ns, Cleanup: 12700 ns, At safepoint: 2800 ns, Total: 22601 ns
[1908.560s][info ][safepoint      ] Safepoint "Cleanup", Time since last: 1000128146 ns, Reaching safepoint: 6901 ns, Cleanup: 12500 ns, At safepoint: 2600 ns, Total: 22001 ns
[1909.561s][info ][safepoint      ] Safepoint "Cleanup", Time since last: 1000120846 ns, Reaching safepoint: 80003 ns, Cleanup: 25201 ns, At safepoint: 7601 ns, Total: 112805 ns
[1910.561s][info ][safepoint      ] Safepoint "Cleanup", Time since last: 1000129846 ns, Reaching safepoint: 7000 ns, Cleanup: 26101 ns, At safepoint: 2400 ns, Total: 35501 ns
[1913.561s][info ][safepoint      ] Safepoint "Cleanup", Time since last: 3000291595 ns, Reaching safepoint: 7400 ns, Cleanup: 13201 ns, At safepoint: 2400 ns, Total: 23001 ns
[1918.562s][info ][safepoint      ] Safepoint "Cleanup", Time since last: 5000421958 ns, Reaching safepoint: 79203 ns, Cleanup: 10900 ns, At safepoint: 7201 ns, Total: 97304 ns
[1919.562s][info ][safepoint      ] Safepoint "Cleanup", Time since last: 1000136054 ns, Reaching safepoint: 9200 ns, Cleanup: 12701 ns, At safepoint: 3200 ns, Total: 25101 ns
[1925.663s][info ][safepoint      ] Safepoint "Cleanup", Time since last: 6101284114 ns, Reaching safepoint: 7601 ns, Cleanup: 17300 ns, At safepoint: 2600 ns, Total: 27501 ns
[1929.663s][info ][safepoint      ] Safepoint "Cleanup", Time since last: 4000339617 ns, Reaching safepoint: 7901 ns, Cleanup: 18900 ns, At safepoint: 2800 ns, Total: 29601 ns
[1938.636s][info ][gc,start       ] GC(53) Pause Young (Allocation Failure)
[1938.640s][debug][gc,phases      ] GC(53) Scavenge 4.126ms
[1938.641s][debug][gc,ref         ] GC(53) ReferenceProcessor::execute queues: 1, RefProcThreadModel::Single, marks_oops_alive: false
[1938.641s][debug][gc,ref         ] GC(53) Skipped KeepAliveFinalRefsPhase of Reference Processing: no references
[1938.641s][debug][gc,ref         ] GC(53) ReferenceProcessor::execute queues: 1, RefProcThreadModel::Single, marks_oops_alive: false
[1938.641s][debug][gc,phases      ] GC(53) Reference Processing 0.125ms
[1938.641s][debug][gc,phases      ] GC(53)   VM Weak                        Min:  0.0, Avg:  0.0, Max:  0.0, Diff:  0.0, Sum:  0.0, Workers: 4
[1938.641s][debug][gc,phases      ] GC(53)     Dead                           Min: 0, Avg:  0.0, Max: 0, Diff: 0, Sum: 0, Workers: 4
[1938.641s][debug][gc,phases      ] GC(53)     Total                          Min: 0, Avg: 232.2, Max: 929, Diff: 929, Sum: 929, Workers: 4
[1938.641s][debug][gc,phases      ] GC(53)   ObjectSynchronizer Weak        Min:  0.0, Avg:  0.0, Max:  0.0, Diff:  0.0, Sum:  0.0, Workers: 4
[1938.641s][debug][gc,phases      ] GC(53)     Dead                           Min: 0, Avg:  0.0, Max: 0, Diff: 0, Sum: 0, Workers: 4
[1938.641s][debug][gc,phases      ] GC(53)     Total                          Min: 0, Avg:  1.0, Max: 4, Diff: 4, Sum: 4, Workers: 4
[1938.641s][debug][gc,phases      ] GC(53)   JVMTI Tag Weak OopStorage      Min:  0.0, Avg:  0.0, Max:  0.0, Diff:  0.0, Sum:  0.0, Workers: 4
[1938.641s][debug][gc,phases      ] GC(53)     Dead                           Min: 0, Avg:  0.0, Max: 0, Diff: 0, Sum: 0, Workers: 4
[1938.641s][debug][gc,phases      ] GC(53)     Total                          Min: 0, Avg:  0.0, Max: 0, Diff: 0, Sum: 0, Workers: 4
[1938.641s][debug][gc,phases      ] GC(53)   StringTable Weak               Min:  0.1, Avg:  0.1, Max:  0.1, Diff:  0.1, Sum:  0.5, Workers: 4
[1938.641s][debug][gc,phases      ] GC(53)     Dead                           Min: 0, Avg:  0.0, Max: 0, Diff: 0, Sum: 0, Workers: 4
[1938.641s][debug][gc,phases      ] GC(53)     Total                          Min: 4992, Avg: 11545.5, Max: 16256, Diff: 11264, Sum: 46182, Workers: 4
[1938.641s][debug][gc,phases      ] GC(53)   ResolvedMethodTable Weak       Min:  0.0, Avg:  0.0, Max:  0.0, Diff:  0.0, Sum:  0.2, Workers: 4
[1938.641s][debug][gc,phases      ] GC(53)     Dead                           Min: 0, Avg:  4.0, Max: 16, Diff: 16, Sum: 16, Workers: 4
[1938.641s][debug][gc,phases      ] GC(53)     Total                          Min: 3238, Avg: 3746.8, Max: 4199, Diff: 961, Sum: 14987, Workers: 4
[1938.641s][debug][gc,phases      ] GC(53)   JNI Weak                       Min:  0.0, Avg:  0.0, Max:  0.0, Diff:  0.0, Sum:  0.0, Workers: 4
[1938.641s][debug][gc,phases      ] GC(53)     Dead                           Min: 0, Avg:  0.0, Max: 0, Diff: 0, Sum: 0, Workers: 4
[1938.641s][debug][gc,phases      ] GC(53)     Total                          Min: 0, Avg: 13.0, Max: 48, Diff: 48, Sum: 52, Workers: 4
[1938.641s][debug][gc,phases      ] GC(53)   StringDedup Table Weak         Min:  0.0, Avg:  0.0, Max:  0.0, Diff:  0.0, Sum:  0.0, Workers: 4
[1938.641s][debug][gc,phases      ] GC(53)     Dead                           Min: 0, Avg:  0.0, Max: 0, Diff: 0, Sum: 0, Workers: 4
[1938.641s][debug][gc,phases      ] GC(53)     Total                          Min: 0, Avg:  0.0, Max: 0, Diff: 0, Sum: 0, Workers: 4
[1938.641s][debug][gc,phases      ] GC(53)   StringDedup Requests0 Weak     Min:  0.0, Avg:  0.0, Max:  0.0, Diff:  0.0, Sum:  0.0, Workers: 4
[1938.641s][debug][gc,phases      ] GC(53)     Dead                           Min: 0, Avg:  0.0, Max: 0, Diff: 0, Sum: 0, Workers: 4
[1938.641s][debug][gc,phases      ] GC(53)     Total                          Min: 0, Avg:  0.0, Max: 0, Diff: 0, Sum: 0, Workers: 4
[1938.641s][debug][gc,phases      ] GC(53)   StringDedup Requests1 Weak     Min:  0.0, Avg:  0.0, Max:  0.0, Diff:  0.0, Sum:  0.0, Workers: 4
[1938.641s][debug][gc,phases      ] GC(53)     Dead                           Min: 0, Avg:  0.0, Max: 0, Diff: 0, Sum: 0, Workers: 4
[1938.641s][debug][gc,phases      ] GC(53)     Total                          Min: 0, Avg:  0.0, Max: 0, Diff: 0, Sum: 0, Workers: 4
[1938.641s][debug][gc,phases      ] GC(53)   Weak JFR Old Object Samples    Min:  0.0, Avg:  0.0, Max:  0.0, Diff:  0.0, Sum:  0.0, Workers: 4
[1938.641s][debug][gc,phases      ] GC(53)     Dead                           Min: 0, Avg:  0.0, Max: 0, Diff: 0, Sum: 0, Workers: 4
[1938.641s][debug][gc,phases      ] GC(53)     Total                          Min: 0, Avg:  0.0, Max: 0, Diff: 0, Sum: 0, Workers: 4
[1938.641s][debug][gc,phases      ] GC(53) Weak Processing 0.387ms
[1938.641s][debug][gc,age         ] GC(53) Desired survivor size 26214400 bytes, new threshold 1 (max threshold 15)
[1938.641s][info ][gc,heap        ] GC(53) PSYoungGen: 2043360K(2069504K)->3440K(2067456K) Eden: 2039808K(2039808K)->0K(2039808K) From: 3552K(29696K)->3440K(27648K)
[1938.641s][info ][gc,heap        ] GC(53) ParOldGen: 270679K(270848K)->271875K(272384K)
[1938.641s][info ][gc,metaspace   ] GC(53) Metaspace: 105455K(106688K)->105455K(106688K) NonClass: 89506K(90176K)->89506K(90176K) Class: 15949K(16512K)->15949K(16512K)
[1938.641s][info ][gc             ] GC(53) Pause Young (Allocation Failure) 2259M->268M(2285M) 4.766ms
[1938.641s][info ][gc,cpu         ] GC(53) User=0.01s Sys=0.01s Real=0.00s
[1938.641s][info ][safepoint      ] Safepoint "ParallelGCFailedAllocation", Time since last: 8972856545 ns, Reaching safepoint: 6500 ns, Cleanup: 10300 ns, At safepoint: 4836190 ns, Total: 4852990 ns
[1942.641s][info ][safepoint      ] Safepoint "Cleanup", Time since last: 4000296195 ns, Reaching safepoint: 6300 ns, Cleanup: 9600 ns, At safepoint: 3300 ns, Total: 19200 ns
[1947.642s][info ][safepoint      ] Safepoint "Cleanup", Time since last: 5000388510 ns, Reaching safepoint: 5200 ns, Cleanup: 8001 ns, At safepoint: 2700 ns, Total: 15901 ns
[1961.643s][info ][safepoint      ] Safepoint "Cleanup", Time since last: 14000998736 ns, Reaching safepoint: 5301 ns, Cleanup: 8600 ns, At safepoint: 2600 ns, Total: 16501 ns
[1964.643s][info ][safepoint      ] Safepoint "Cleanup", Time since last: 3000256392 ns, Reaching safepoint: 6500 ns, Cleanup: 17701 ns, At safepoint: 2700 ns, Total: 26901 ns
[1965.643s][info ][safepoint      ] Safepoint "Cleanup", Time since last: 1000104311 ns, Reaching safepoint: 6300 ns, Cleanup: 30201 ns, At safepoint: 2600 ns, Total: 39101 ns
[1966.643s][info ][safepoint      ] Safepoint "Cleanup", Time since last: 1000101111 ns, Reaching safepoint: 6600 ns, Cleanup: 43302 ns, At safepoint: 2300 ns, Total: 52202 ns
[1967.643s][info ][safepoint      ] Safepoint "Cleanup", Time since last: 1000100744 ns, Reaching safepoint: 7000 ns, Cleanup: 9400 ns, At safepoint: 2700 ns, Total: 19100 ns
[1968.644s][info ][safepoint      ] Safepoint "Cleanup", Time since last: 1000109082 ns, Reaching safepoint: 22901 ns, Cleanup: 13100 ns, At safepoint: 8000 ns, Total: 44001 ns
[1969.644s][info ][safepoint      ] Safepoint "Cleanup", Time since last: 1000098382 ns, Reaching safepoint: 7000 ns, Cleanup: 38301 ns, At safepoint: 2900 ns, Total: 48201 ns
[1970.644s][info ][safepoint      ] Safepoint "Cleanup", Time since last: 1000104026 ns, Reaching safepoint: 5800 ns, Cleanup: 18501 ns, At safepoint: 2300 ns, Total: 26601 ns
[1971.644s][info ][safepoint      ] Safepoint "Cleanup", Time since last: 1000111201 ns, Reaching safepoint: 7601 ns, Cleanup: 17700 ns, At safepoint: 2601 ns, Total: 27902 ns
[1972.644s][info ][safepoint      ] Safepoint "Cleanup", Time since last: 1000109101 ns, Reaching safepoint: 7000 ns, Cleanup: 18601 ns, At safepoint: 2600 ns, Total: 28201 ns
[1973.644s][info ][safepoint      ] Safepoint "Cleanup", Time since last: 1000119502 ns, Reaching safepoint: 6800 ns, Cleanup: 11700 ns, At safepoint: 2500 ns, Total: 21000 ns
[1974.628s][info ][safepoint      ] Safepoint "ParallelGCFailedAllocation", Time since last: 983099769 ns, Reaching safepoint: 82003 ns, Cleanup: 20901 ns, At safepoint: 18400 ns, Total: 121304 ns
[1974.629s][info ][gc,start       ] GC(54) Pause Young (GCLocker Initiated GC)
[1974.637s][debug][gc,phases      ] GC(54) Scavenge 8.499ms
[1974.637s][debug][gc,ref         ] GC(54) ReferenceProcessor::execute queues: 1, RefProcThreadModel::Single, marks_oops_alive: false
[1974.637s][debug][gc,ref         ] GC(54) Skipped KeepAliveFinalRefsPhase of Reference Processing: no references
[1974.637s][debug][gc,ref         ] GC(54) ReferenceProcessor::execute queues: 1, RefProcThreadModel::Single, marks_oops_alive: false
[1974.637s][debug][gc,phases      ] GC(54) Reference Processing 0.125ms
[1974.638s][debug][gc,phases      ] GC(54)   VM Weak                        Min:  0.0, Avg:  0.0, Max:  0.0, Diff:  0.0, Sum:  0.0, Workers: 4
[1974.638s][debug][gc,phases      ] GC(54)     Dead                           Min: 0, Avg:  0.0, Max: 0, Diff: 0, Sum: 0, Workers: 4
[1974.638s][debug][gc,phases      ] GC(54)     Total                          Min: 0, Avg: 232.2, Max: 704, Diff: 704, Sum: 929, Workers: 4
[1974.638s][debug][gc,phases      ] GC(54)   ObjectSynchronizer Weak        Min:  0.0, Avg:  0.0, Max:  0.0, Diff:  0.0, Sum:  0.0, Workers: 4
[1974.638s][debug][gc,phases      ] GC(54)     Dead                           Min: 0, Avg:  0.0, Max: 0, Diff: 0, Sum: 0, Workers: 4
[1974.638s][debug][gc,phases      ] GC(54)     Total                          Min: 0, Avg:  1.2, Max: 5, Diff: 5, Sum: 5, Workers: 4
[1974.638s][debug][gc,phases      ] GC(54)   JVMTI Tag Weak OopStorage      Min:  0.0, Avg:  0.0, Max:  0.0, Diff:  0.0, Sum:  0.0, Workers: 4
[1974.638s][debug][gc,phases      ] GC(54)     Dead                           Min: 0, Avg:  0.0, Max: 0, Diff: 0, Sum: 0, Workers: 4
[1974.638s][debug][gc,phases      ] GC(54)     Total                          Min: 0, Avg:  0.0, Max: 0, Diff: 0, Sum: 0, Workers: 4
[1974.638s][debug][gc,phases      ] GC(54)   StringTable Weak               Min:  0.0, Avg:  0.1, Max:  0.1, Diff:  0.1, Sum:  0.4, Workers: 4
[1974.638s][debug][gc,phases      ] GC(54)     Dead                           Min: 0, Avg:  0.5, Max: 2, Diff: 2, Sum: 2, Workers: 4
[1974.638s][debug][gc,phases      ] GC(54)     Total                          Min: 0, Avg: 11553.0, Max: 16576, Diff: 16576, Sum: 46212, Workers: 4
[1974.638s][debug][gc,phases      ] GC(54)   ResolvedMethodTable Weak       Min:  0.0, Avg:  0.0, Max:  0.1, Diff:  0.0, Sum:  0.2, Workers: 4
[1974.638s][debug][gc,phases      ] GC(54)     Dead                           Min: 0, Avg:  5.2, Max: 21, Diff: 21, Sum: 21, Workers: 4
[1974.638s][debug][gc,phases      ] GC(54)     Total                          Min: 981, Avg: 3751.5, Max: 5438, Diff: 4457, Sum: 15006, Workers: 4
[1974.638s][debug][gc,phases      ] GC(54)   JNI Weak                       Min:  0.0, Avg:  0.0, Max:  0.0, Diff:  0.0, Sum:  0.0, Workers: 4
[1974.638s][debug][gc,phases      ] GC(54)     Dead                           Min: 0, Avg:  0.0, Max: 0, Diff: 0, Sum: 0, Workers: 4
[1974.638s][debug][gc,phases      ] GC(54)     Total                          Min: 0, Avg: 13.0, Max: 48, Diff: 48, Sum: 52, Workers: 4
[1974.638s][debug][gc,phases      ] GC(54)   StringDedup Table Weak         Min:  0.0, Avg:  0.0, Max:  0.0, Diff:  0.0, Sum:  0.0, Workers: 4
[1974.638s][debug][gc,phases      ] GC(54)     Dead                           Min: 0, Avg:  0.0, Max: 0, Diff: 0, Sum: 0, Workers: 4
[1974.638s][debug][gc,phases      ] GC(54)     Total                          Min: 0, Avg:  0.0, Max: 0, Diff: 0, Sum: 0, Workers: 4
[1974.638s][debug][gc,phases      ] GC(54)   StringDedup Requests0 Weak     Min:  0.0, Avg:  0.0, Max:  0.0, Diff:  0.0, Sum:  0.0, Workers: 4
[1974.638s][debug][gc,phases      ] GC(54)     Dead                           Min: 0, Avg:  0.0, Max: 0, Diff: 0, Sum: 0, Workers: 4
[1974.638s][debug][gc,phases      ] GC(54)     Total                          Min: 0, Avg:  0.0, Max: 0, Diff: 0, Sum: 0, Workers: 4
[1974.638s][debug][gc,phases      ] GC(54)   StringDedup Requests1 Weak     Min:  0.0, Avg:  0.0, Max:  0.0, Diff:  0.0, Sum:  0.0, Workers: 4
[1974.638s][debug][gc,phases      ] GC(54)     Dead                           Min: 0, Avg:  0.0, Max: 0, Diff: 0, Sum: 0, Workers: 4
[1974.638s][debug][gc,phases      ] GC(54)     Total                          Min: 0, Avg:  0.0, Max: 0, Diff: 0, Sum: 0, Workers: 4
[1974.638s][debug][gc,phases      ] GC(54)   Weak JFR Old Object Samples    Min:  0.0, Avg:  0.0, Max:  0.0, Diff:  0.0, Sum:  0.0, Workers: 4
[1974.638s][debug][gc,phases      ] GC(54)     Dead                           Min: 0, Avg:  0.0, Max: 0, Diff: 0, Sum: 0, Workers: 4
[1974.638s][debug][gc,phases      ] GC(54)     Total                          Min: 0, Avg:  0.0, Max: 0, Diff: 0, Sum: 0, Workers: 4
[1974.638s][debug][gc,phases      ] GC(54) Weak Processing 0.459ms
[1974.638s][debug][gc,age         ] GC(54) Desired survivor size 27787264 bytes, new threshold 1 (max threshold 15)
[1974.638s][info ][gc,heap        ] GC(54) PSYoungGen: 2043248K(2067456K)->14522K(2068480K) Eden: 2039808K(2039808K)->0K(2042880K) From: 3440K(27648K)->14522K(25600K)
[1974.638s][info ][gc,heap        ] GC(54) ParOldGen: 272568K(272896K)->273965K(274432K)
[1974.638s][info ][gc,metaspace   ] GC(54) Metaspace: 105563K(106816K)->105563K(106816K) NonClass: 89600K(90304K)->89600K(90304K) Class: 15962K(16512K)->15962K(16512K)
[1974.638s][info ][gc             ] GC(54) Pause Young (GCLocker Initiated GC) 2261M->281M(2288M) 9.209ms
[1974.638s][info ][gc,cpu         ] GC(54) User=0.02s Sys=0.01s Real=0.01s
[1974.638s][info ][safepoint      ] Safepoint "ParallelGCSystemGC", Time since last: 1030439 ns, Reaching safepoint: 2300 ns, Cleanup: 1400 ns, At safepoint: 9299146 ns, Total: 9302846 ns
[1975.638s][info ][safepoint      ] Safepoint "Cleanup", Time since last: 1000085770 ns, Reaching safepoint: 7500 ns, Cleanup: 15100 ns, At safepoint: 2501 ns, Total: 25101 ns
[1977.638s][info ][safepoint      ] Safepoint "Cleanup", Time since last: 2000188145 ns, Reaching safepoint: 8800 ns, Cleanup: 21601 ns, At safepoint: 2600 ns, Total: 33001 ns
[1979.638s][info ][safepoint      ] Safepoint "Cleanup", Time since last: 2000189846 ns, Reaching safepoint: 7000 ns, Cleanup: 9900 ns, At safepoint: 2500 ns, Total: 19400 ns
[1980.639s][info ][safepoint      ] Safepoint "Cleanup", Time since last: 1000116574 ns, Reaching safepoint: 6400 ns, Cleanup: 37502 ns, At safepoint: 2700 ns, Total: 46602 ns
[1981.680s][info ][safepoint      ] Safepoint "Cleanup", Time since last: 1041341435 ns, Reaching safepoint: 10701 ns, Cleanup: 20301 ns, At safepoint: 3300 ns, Total: 34302 ns
[1982.680s][info ][safepoint      ] Safepoint "Cleanup", Time since last: 1000124273 ns, Reaching safepoint: 8801 ns, Cleanup: 21801 ns, At safepoint: 2700 ns, Total: 33302 ns
[1983.680s][info ][safepoint      ] Safepoint "Cleanup", Time since last: 1000105316 ns, Reaching safepoint: 9000 ns, Cleanup: 58102 ns, At safepoint: 2700 ns, Total: 69802 ns
[1984.680s][info ][safepoint      ] Safepoint "Cleanup", Time since last: 1000127749 ns, Reaching safepoint: 9200 ns, Cleanup: 27501 ns, At safepoint: 2700 ns, Total: 39401 ns
[1985.681s][info ][safepoint      ] Safepoint "Cleanup", Time since last: 1000120949 ns, Reaching safepoint: 7800 ns, Cleanup: 25401 ns, At safepoint: 2600 ns, Total: 35801 ns
[1986.681s][info ][safepoint      ] Safepoint "Cleanup", Time since last: 1000120449 ns, Reaching safepoint: 8400 ns, Cleanup: 23001 ns, At safepoint: 2400 ns, Total: 33801 ns
[1987.681s][info ][safepoint      ] Safepoint "Cleanup", Time since last: 1000105912 ns, Reaching safepoint: 8301 ns, Cleanup: 15100 ns, At safepoint: 2800 ns, Total: 26201 ns
[1988.681s][info ][safepoint      ] Safepoint "Cleanup", Time since last: 1000116000 ns, Reaching safepoint: 6800 ns, Cleanup: 16901 ns, At safepoint: 2400 ns, Total: 26101 ns
[1989.681s][info ][safepoint      ] Safepoint "Cleanup", Time since last: 1000113999 ns, Reaching safepoint: 9001 ns, Cleanup: 12700 ns, At safepoint: 2900 ns, Total: 24601 ns
[1990.681s][info ][safepoint      ] Safepoint "Cleanup", Time since last: 1000119400 ns, Reaching safepoint: 7900 ns, Cleanup: 23601 ns, At safepoint: 3000 ns, Total: 34501 ns
[1992.682s][info ][safepoint      ] Safepoint "Cleanup", Time since last: 2000200281 ns, Reaching safepoint: 8600 ns, Cleanup: 13401 ns, At safepoint: 3100 ns, Total: 25101 ns
[1993.682s][info ][safepoint      ] Safepoint "Cleanup", Time since last: 1000133274 ns, Reaching safepoint: 7200 ns, Cleanup: 18001 ns, At safepoint: 2900 ns, Total: 28101 ns
[1994.682s][info ][safepoint      ] Safepoint "Cleanup", Time since last: 1000137075 ns, Reaching safepoint: 9200 ns, Cleanup: 16200 ns, At safepoint: 3001 ns, Total: 28401 ns
[1995.682s][info ][safepoint      ] Safepoint "Cleanup", Time since last: 1000115173 ns, Reaching safepoint: 8200 ns, Cleanup: 13601 ns, At safepoint: 2700 ns, Total: 24501 ns
[1996.682s][info ][safepoint      ] Safepoint "Cleanup", Time since last: 1000111474 ns, Reaching safepoint: 6800 ns, Cleanup: 15300 ns, At safepoint: 2400 ns, Total: 24500 ns
[1999.682s][info ][safepoint      ] Safepoint "Cleanup", Time since last: 3000243713 ns, Reaching safepoint: 8700 ns, Cleanup: 13401 ns, At safepoint: 28100 ns, Total: 50201 ns
[2000.683s][info ][safepoint      ] Safepoint "Cleanup", Time since last: 1000111534 ns, Reaching safepoint: 9100 ns, Cleanup: 36801 ns, At safepoint: 2500 ns, Total: 48401 ns
[2001.683s][info ][safepoint      ] Safepoint "Cleanup", Time since last: 1000116234 ns, Reaching safepoint: 8100 ns, Cleanup: 23501 ns, At safepoint: 2400 ns, Total: 34001 ns
[2002.683s][info ][safepoint      ] Safepoint "Cleanup", Time since last: 1000113934 ns, Reaching safepoint: 8300 ns, Cleanup: 13800 ns, At safepoint: 3001 ns, Total: 25101 ns
[2004.683s][info ][safepoint      ] Safepoint "Cleanup", Time since last: 2000185365 ns, Reaching safepoint: 8101 ns, Cleanup: 16800 ns, At safepoint: 2800 ns, Total: 27701 ns
[2007.683s][info ][safepoint      ] Safepoint "Cleanup", Time since last: 3000252663 ns, Reaching safepoint: 8300 ns, Cleanup: 12300 ns, At safepoint: 2401 ns, Total: 23001 ns
[2008.684s][info ][safepoint      ] Safepoint "Cleanup", Time since last: 1000113012 ns, Reaching safepoint: 7501 ns, Cleanup: 10600 ns, At safepoint: 2300 ns, Total: 20401 ns
[2010.684s][info ][safepoint      ] Safepoint "Cleanup", Time since last: 2000168924 ns, Reaching safepoint: 8900 ns, Cleanup: 13800 ns, At safepoint: 2300 ns, Total: 25000 ns
[2011.684s][info ][safepoint      ] Safepoint "Cleanup", Time since last: 1000112813 ns, Reaching safepoint: 7500 ns, Cleanup: 14701 ns, At safepoint: 2500 ns, Total: 24701 ns
[2019.684s][info ][safepoint      ] Safepoint "Cleanup", Time since last: 8000579881 ns, Reaching safepoint: 8201 ns, Cleanup: 14400 ns, At safepoint: 3300 ns, Total: 25901 ns
[2023.685s][info ][safepoint      ] Safepoint "Cleanup", Time since last: 4000341736 ns, Reaching safepoint: 7300 ns, Cleanup: 13400 ns, At safepoint: 3100 ns, Total: 23800 ns
[2024.685s][info ][safepoint      ] Safepoint "Cleanup", Time since last: 1000133013 ns, Reaching safepoint: 7000 ns, Cleanup: 18200 ns, At safepoint: 2500 ns, Total: 27700 ns
[2025.685s][info ][safepoint      ] Safepoint "Cleanup", Time since last: 1000116612 ns, Reaching safepoint: 7000 ns, Cleanup: 26301 ns, At safepoint: 3300 ns, Total: 36601 ns
[2026.685s][info ][safepoint      ] Safepoint "Cleanup", Time since last: 1000116712 ns, Reaching safepoint: 7500 ns, Cleanup: 18200 ns, At safepoint: 3000 ns, Total: 28700 ns
[2028.301s][info ][gc,start       ] GC(55) Pause Young (Allocation Failure)
[2028.324s][debug][gc,phases      ] GC(55) Scavenge 22.504ms
[2028.324s][debug][gc,ref         ] GC(55) ReferenceProcessor::execute queues: 1, RefProcThreadModel::Single, marks_oops_alive: false
[2028.324s][debug][gc,ref         ] GC(55) Skipped KeepAliveFinalRefsPhase of Reference Processing: no references
[2028.324s][debug][gc,ref         ] GC(55) ReferenceProcessor::execute queues: 1, RefProcThreadModel::Single, marks_oops_alive: false
[2028.324s][debug][gc,phases      ] GC(55) Reference Processing 0.121ms
[2028.324s][debug][gc,phases      ] GC(55)   VM Weak                        Min:  0.0, Avg:  0.0, Max:  0.0, Diff:  0.0, Sum:  0.0, Workers: 4
[2028.324s][debug][gc,phases      ] GC(55)     Dead                           Min: 0, Avg:  0.0, Max: 0, Diff: 0, Sum: 0, Workers: 4
[2028.324s][debug][gc,phases      ] GC(55)     Total                          Min: 0, Avg: 232.2, Max: 768, Diff: 768, Sum: 929, Workers: 4
[2028.324s][debug][gc,phases      ] GC(55)   ObjectSynchronizer Weak        Min:  0.0, Avg:  0.0, Max:  0.0, Diff:  0.0, Sum:  0.0, Workers: 4
[2028.324s][debug][gc,phases      ] GC(55)     Dead                           Min: 0, Avg:  0.0, Max: 0, Diff: 0, Sum: 0, Workers: 4
[2028.324s][debug][gc,phases      ] GC(55)     Total                          Min: 0, Avg:  1.0, Max: 4, Diff: 4, Sum: 4, Workers: 4
[2028.324s][debug][gc,phases      ] GC(55)   JVMTI Tag Weak OopStorage      Min:  0.0, Avg:  0.0, Max:  0.0, Diff:  0.0, Sum:  0.0, Workers: 4
[2028.324s][debug][gc,phases      ] GC(55)     Dead                           Min: 0, Avg:  0.0, Max: 0, Diff: 0, Sum: 0, Workers: 4
[2028.324s][debug][gc,phases      ] GC(55)     Total                          Min: 0, Avg:  0.0, Max: 0, Diff: 0, Sum: 0, Workers: 4
[2028.324s][debug][gc,phases      ] GC(55)   StringTable Weak               Min:  0.1, Avg:  0.1, Max:  0.1, Diff:  0.0, Sum:  0.4, Workers: 4
[2028.324s][debug][gc,phases      ] GC(55)     Dead                           Min: 0, Avg:  0.2, Max: 1, Diff: 1, Sum: 1, Workers: 4
[2028.324s][debug][gc,phases      ] GC(55)     Total                          Min: 10560, Avg: 11559.8, Max: 12320, Diff: 1760, Sum: 46239, Workers: 4
[2028.324s][debug][gc,phases      ] GC(55)   ResolvedMethodTable Weak       Min:  0.0, Avg:  0.0, Max:  0.0, Diff:  0.0, Sum:  0.2, Workers: 4
[2028.324s][debug][gc,phases      ] GC(55)     Dead                           Min: 0, Avg:  5.2, Max: 19, Diff: 19, Sum: 21, Workers: 4
[2028.324s][debug][gc,phases      ] GC(55)     Total                          Min: 3395, Avg: 3757.5, Max: 4087, Diff: 692, Sum: 15030, Workers: 4
[2028.324s][debug][gc,phases      ] GC(55)   JNI Weak                       Min:  0.0, Avg:  0.0, Max:  0.0, Diff:  0.0, Sum:  0.0, Workers: 4
[2028.324s][debug][gc,phases      ] GC(55)     Dead                           Min: 0, Avg:  0.0, Max: 0, Diff: 0, Sum: 0, Workers: 4
[2028.324s][debug][gc,phases      ] GC(55)     Total                          Min: 0, Avg: 13.0, Max: 48, Diff: 48, Sum: 52, Workers: 4
[2028.324s][debug][gc,phases      ] GC(55)   StringDedup Table Weak         Min:  0.0, Avg:  0.0, Max:  0.0, Diff:  0.0, Sum:  0.0, Workers: 4
[2028.324s][debug][gc,phases      ] GC(55)     Dead                           Min: 0, Avg:  0.0, Max: 0, Diff: 0, Sum: 0, Workers: 4
[2028.324s][debug][gc,phases      ] GC(55)     Total                          Min: 0, Avg:  0.0, Max: 0, Diff: 0, Sum: 0, Workers: 4
[2028.324s][debug][gc,phases      ] GC(55)   StringDedup Requests0 Weak     Min:  0.0, Avg:  0.0, Max:  0.0, Diff:  0.0, Sum:  0.0, Workers: 4
[2028.324s][debug][gc,phases      ] GC(55)     Dead                           Min: 0, Avg:  0.0, Max: 0, Diff: 0, Sum: 0, Workers: 4
[2028.324s][debug][gc,phases      ] GC(55)     Total                          Min: 0, Avg:  0.0, Max: 0, Diff: 0, Sum: 0, Workers: 4
[2028.324s][debug][gc,phases      ] GC(55)   StringDedup Requests1 Weak     Min:  0.0, Avg:  0.0, Max:  0.0, Diff:  0.0, Sum:  0.0, Workers: 4
[2028.324s][debug][gc,phases      ] GC(55)     Dead                           Min: 0, Avg:  0.0, Max: 0, Diff: 0, Sum: 0, Workers: 4
[2028.325s][debug][gc,phases      ] GC(55)     Total                          Min: 0, Avg:  0.0, Max: 0, Diff: 0, Sum: 0, Workers: 4
[2028.325s][debug][gc,phases      ] GC(55)   Weak JFR Old Object Samples    Min:  0.0, Avg:  0.0, Max:  0.0, Diff:  0.0, Sum:  0.0, Workers: 4
[2028.325s][debug][gc,phases      ] GC(55)     Dead                           Min: 0, Avg:  0.0, Max: 0, Diff: 0, Sum: 0, Workers: 4
[2028.325s][debug][gc,phases      ] GC(55)     Total                          Min: 0, Avg:  0.0, Max: 0, Diff: 0, Sum: 0, Workers: 4
[2028.325s][debug][gc,phases      ] GC(55) Weak Processing 0.351ms
[2028.325s][debug][gc,age         ] GC(55) Desired survivor size 39845888 bytes, new threshold 1 (max threshold 15)
[2028.325s][info ][gc,heap        ] GC(55) PSYoungGen: 2057402K(2068480K)->27120K(2070016K) Eden: 2042880K(2042880K)->0K(2042880K) From: 14522K(25600K)->27120K(27136K)
[2028.325s][info ][gc,heap        ] GC(55) ParOldGen: 273967K(274432K)->290735K(290816K)
[2028.325s][info ][gc,metaspace   ] GC(55) Metaspace: 105674K(106944K)->105674K(106944K) NonClass: 89705K(90432K)->89705K(90432K) Class: 15969K(16512K)->15969K(16512K)
[2028.325s][info ][gc             ] GC(55) Pause Young (Allocation Failure) 2276M->310M(2305M) 23.120ms
[2028.325s][info ][gc,cpu         ] GC(55) User=0.06s Sys=0.02s Real=0.02s
[2028.325s][info ][safepoint      ] Safepoint "ParallelGCFailedAllocation", Time since last: 1616012062 ns, Reaching safepoint: 84402 ns, Cleanup: 13301 ns, At safepoint: 23212452 ns, Total: 23310155 ns
[2029.325s][info ][safepoint      ] Safepoint "Cleanup", Time since last: 1000097930 ns, Reaching safepoint: 8900 ns, Cleanup: 46702 ns, At safepoint: 2600 ns, Total: 58202 ns
[2030.325s][info ][safepoint      ] Safepoint "Cleanup", Time since last: 1000120430 ns, Reaching safepoint: 8500 ns, Cleanup: 21301 ns, At safepoint: 2900 ns, Total: 32701 ns
[2031.325s][info ][safepoint      ] Safepoint "Cleanup", Time since last: 1000119930 ns, Reaching safepoint: 8100 ns, Cleanup: 21501 ns, At safepoint: 2800 ns, Total: 32401 ns
[2032.325s][info ][safepoint      ] Safepoint "Cleanup", Time since last: 1000117007 ns, Reaching safepoint: 7400 ns, Cleanup: 19801 ns, At safepoint: 2600 ns, Total: 29801 ns
[2033.325s][info ][safepoint      ] Safepoint "Cleanup", Time since last: 1000103989 ns, Reaching safepoint: 7300 ns, Cleanup: 25901 ns, At safepoint: 2400 ns, Total: 35601 ns
[2034.326s][info ][safepoint      ] Safepoint "Cleanup", Time since last: 1000114689 ns, Reaching safepoint: 7300 ns, Cleanup: 14601 ns, At safepoint: 2600 ns, Total: 24501 ns
[2035.326s][info ][safepoint      ] Safepoint "Cleanup", Time since last: 1000114289 ns, Reaching safepoint: 7600 ns, Cleanup: 32501 ns, At safepoint: 2800 ns, Total: 42901 ns
[2036.326s][info ][safepoint      ] Safepoint "Cleanup", Time since last: 1000119790 ns, Reaching safepoint: 8200 ns, Cleanup: 13600 ns, At safepoint: 2600 ns, Total: 24400 ns
[2038.326s][info ][safepoint      ] Safepoint "Cleanup", Time since last: 2000178777 ns, Reaching safepoint: 6900 ns, Cleanup: 20501 ns, At safepoint: 2500 ns, Total: 29901 ns
[2039.326s][info ][safepoint      ] Safepoint "Cleanup", Time since last: 1000116589 ns, Reaching safepoint: 8301 ns, Cleanup: 21700 ns, At safepoint: 2600 ns, Total: 32601 ns
[2040.326s][info ][safepoint      ] Safepoint "Cleanup", Time since last: 1000114846 ns, Reaching safepoint: 8100 ns, Cleanup: 25200 ns, At safepoint: 3301 ns, Total: 36601 ns
[2041.698s][info ][safepoint      ] Safepoint "Cleanup", Time since last: 1371263142 ns, Reaching safepoint: 6400 ns, Cleanup: 43801 ns, At safepoint: 2700 ns, Total: 52901 ns
[2042.698s][info ][safepoint      ] Safepoint "Cleanup", Time since last: 1000114211 ns, Reaching safepoint: 6600 ns, Cleanup: 15400 ns, At safepoint: 2101 ns, Total: 24101 ns
[2043.698s][info ][safepoint      ] Safepoint "Cleanup", Time since last: 1000116910 ns, Reaching safepoint: 81302 ns, Cleanup: 6800 ns, At safepoint: 16901 ns, Total: 105003 ns
[2044.698s][info ][safepoint      ] Safepoint "Cleanup", Time since last: 1000113110 ns, Reaching safepoint: 6301 ns, Cleanup: 22300 ns, At safepoint: 2100 ns, Total: 30701 ns
[2045.698s][info ][safepoint      ] Safepoint "Cleanup", Time since last: 1000113607 ns, Reaching safepoint: 6400 ns, Cleanup: 18601 ns, At safepoint: 2200 ns, Total: 27201 ns
[2046.698s][info ][safepoint      ] Safepoint "Cleanup", Time since last: 1000105783 ns, Reaching safepoint: 6800 ns, Cleanup: 14100 ns, At safepoint: 2401 ns, Total: 23301 ns
[2047.699s][info ][safepoint      ] Safepoint "Cleanup", Time since last: 1000106592 ns, Reaching safepoint: 6300 ns, Cleanup: 15600 ns, At safepoint: 2400 ns, Total: 24300 ns
[2048.699s][info ][safepoint      ] Safepoint "Cleanup", Time since last: 1000104524 ns, Reaching safepoint: 6301 ns, Cleanup: 13700 ns, At safepoint: 2600 ns, Total: 22601 ns
[2050.699s][info ][safepoint      ] Safepoint "Cleanup", Time since last: 2000179347 ns, Reaching safepoint: 6000 ns, Cleanup: 32301 ns, At safepoint: 2500 ns, Total: 40801 ns
[2051.699s][info ][safepoint      ] Safepoint "Cleanup", Time since last: 1000126225 ns, Reaching safepoint: 6500 ns, Cleanup: 12400 ns, At safepoint: 2600 ns, Total: 21500 ns
[2053.699s][info ][safepoint      ] Safepoint "Cleanup", Time since last: 2000180121 ns, Reaching safepoint: 9000 ns, Cleanup: 19500 ns, At safepoint: 2501 ns, Total: 31001 ns
[2056.700s][info ][safepoint      ] Safepoint "Cleanup", Time since last: 3000264121 ns, Reaching safepoint: 8600 ns, Cleanup: 14401 ns, At safepoint: 3300 ns, Total: 26301 ns
[2059.700s][info ][safepoint      ] Safepoint "Cleanup", Time since last: 3000221492 ns, Reaching safepoint: 79102 ns, Cleanup: 7200 ns, At safepoint: 6101 ns, Total: 92403 ns
[2060.700s][info ][safepoint      ] Safepoint "Cleanup", Time since last: 1000116832 ns, Reaching safepoint: 77102 ns, Cleanup: 15100 ns, At safepoint: 6201 ns, Total: 98403 ns
[2062.700s][info ][safepoint      ] Safepoint "Cleanup", Time since last: 2000206863 ns, Reaching safepoint: 81602 ns, Cleanup: 13401 ns, At safepoint: 6500 ns, Total: 101503 ns
[2063.701s][info ][safepoint      ] Safepoint "Cleanup", Time since last: 1000140214 ns, Reaching safepoint: 82702 ns, Cleanup: 28301 ns, At safepoint: 6700 ns, Total: 117703 ns
[2064.701s][info ][safepoint      ] Safepoint "Cleanup", Time since last: 1000123328 ns, Reaching safepoint: 87002 ns, Cleanup: 11300 ns, At safepoint: 8400 ns, Total: 106702 ns
[2065.701s][info ][safepoint      ] Safepoint "Cleanup", Time since last: 1000127429 ns, Reaching safepoint: 82801 ns, Cleanup: 11001 ns, At safepoint: 7300 ns, Total: 101102 ns
[2069.702s][info ][safepoint      ] Safepoint "Cleanup", Time since last: 4000354793 ns, Reaching safepoint: 83202 ns, Cleanup: 17001 ns, At safepoint: 6800 ns, Total: 107003 ns
[2070.702s][info ][safepoint      ] Safepoint "Cleanup", Time since last: 1000136664 ns, Reaching safepoint: 91102 ns, Cleanup: 10601 ns, At safepoint: 8100 ns, Total: 109803 ns
[2071.702s][info ][safepoint      ] Safepoint "Cleanup", Time since last: 1000128141 ns, Reaching safepoint: 79502 ns, Cleanup: 12200 ns, At safepoint: 7200 ns, Total: 98902 ns
[2074.702s][info ][safepoint      ] Safepoint "Cleanup", Time since last: 3000262133 ns, Reaching safepoint: 85102 ns, Cleanup: 12300 ns, At safepoint: 8401 ns, Total: 105803 ns
[2077.703s][info ][safepoint      ] Safepoint "Cleanup", Time since last: 3000254932 ns, Reaching safepoint: 84402 ns, Cleanup: 12000 ns, At safepoint: 7701 ns, Total: 104103 ns
[2078.703s][info ][safepoint      ] Safepoint "Cleanup", Time since last: 1000142779 ns, Reaching safepoint: 87802 ns, Cleanup: 13901 ns, At safepoint: 8200 ns, Total: 109903 ns
[2080.703s][info ][safepoint      ] Safepoint "Cleanup", Time since last: 2000216298 ns, Reaching safepoint: 86703 ns, Cleanup: 12700 ns, At safepoint: 8900 ns, Total: 108303 ns
[2081.704s][info ][safepoint      ] Safepoint "Cleanup", Time since last: 1000151540 ns, Reaching safepoint: 95702 ns, Cleanup: 12001 ns, At safepoint: 7700 ns, Total: 115403 ns
[2082.593s][info ][gc,start       ] GC(56) Pause Young (Allocation Failure)
[2082.619s][debug][gc,phases      ] GC(56) Scavenge 25.586ms
[2082.619s][debug][gc,ref         ] GC(56) ReferenceProcessor::execute queues: 1, RefProcThreadModel::Single, marks_oops_alive: false
[2082.619s][debug][gc,ref         ] GC(56) Skipped KeepAliveFinalRefsPhase of Reference Processing: no references
[2082.619s][debug][gc,ref         ] GC(56) ReferenceProcessor::execute queues: 1, RefProcThreadModel::Single, marks_oops_alive: false
[2082.619s][debug][gc,phases      ] GC(56) Reference Processing 0.126ms
[2082.619s][debug][gc,phases      ] GC(56)   VM Weak                        Min:  0.0, Avg:  0.0, Max:  0.0, Diff:  0.0, Sum:  0.0, Workers: 4
[2082.619s][debug][gc,phases      ] GC(56)     Dead                           Min: 0, Avg:  0.0, Max: 0, Diff: 0, Sum: 0, Workers: 4
[2082.619s][debug][gc,phases      ] GC(56)     Total                          Min: 0, Avg: 233.8, Max: 935, Diff: 935, Sum: 935, Workers: 4
[2082.619s][debug][gc,phases      ] GC(56)   ObjectSynchronizer Weak        Min:  0.0, Avg:  0.0, Max:  0.0, Diff:  0.0, Sum:  0.0, Workers: 4
[2082.619s][debug][gc,phases      ] GC(56)     Dead                           Min: 0, Avg:  0.0, Max: 0, Diff: 0, Sum: 0, Workers: 4
[2082.619s][debug][gc,phases      ] GC(56)     Total                          Min: 0, Avg:  1.2, Max: 5, Diff: 5, Sum: 5, Workers: 4
[2082.619s][debug][gc,phases      ] GC(56)   JVMTI Tag Weak OopStorage      Min:  0.0, Avg:  0.0, Max:  0.0, Diff:  0.0, Sum:  0.0, Workers: 4
[2082.619s][debug][gc,phases      ] GC(56)     Dead                           Min: 0, Avg:  0.0, Max: 0, Diff: 0, Sum: 0, Workers: 4
[2082.619s][debug][gc,phases      ] GC(56)     Total                          Min: 0, Avg:  0.0, Max: 0, Diff: 0, Sum: 0, Workers: 4
[2082.619s][debug][gc,phases      ] GC(56)   StringTable Weak               Min:  0.0, Avg:  0.1, Max:  0.1, Diff:  0.1, Sum:  0.4, Workers: 4
[2082.619s][debug][gc,phases      ] GC(56)     Dead                           Min: 0, Avg:  0.0, Max: 0, Diff: 0, Sum: 0, Workers: 4
[2082.619s][debug][gc,phases      ] GC(56)     Total                          Min: 0, Avg: 11561.8, Max: 16000, Diff: 16000, Sum: 46247, Workers: 4
[2082.619s][debug][gc,phases      ] GC(56)   ResolvedMethodTable Weak       Min:  0.0, Avg:  0.0, Max:  0.0, Diff:  0.0, Sum:  0.1, Workers: 4
[2082.619s][debug][gc,phases      ] GC(56)     Dead                           Min: 0, Avg:  4.0, Max: 11, Diff: 11, Sum: 16, Workers: 4
[2082.619s][debug][gc,phases      ] GC(56)     Total                          Min: 0, Avg: 3764.0, Max: 5344, Diff: 5344, Sum: 15056, Workers: 4
[2082.620s][debug][gc,phases      ] GC(56)   JNI Weak                       Min:  0.0, Avg:  0.0, Max:  0.0, Diff:  0.0, Sum:  0.0, Workers: 4
[2082.620s][debug][gc,phases      ] GC(56)     Dead                           Min: 0, Avg:  0.0, Max: 0, Diff: 0, Sum: 0, Workers: 4
[2082.620s][debug][gc,phases      ] GC(56)     Total                          Min: 0, Avg: 13.0, Max: 48, Diff: 48, Sum: 52, Workers: 4
[2082.620s][debug][gc,phases      ] GC(56)   StringDedup Table Weak         Min:  0.0, Avg:  0.0, Max:  0.0, Diff:  0.0, Sum:  0.0, Workers: 4
[2082.620s][debug][gc,phases      ] GC(56)     Dead                           Min: 0, Avg:  0.0, Max: 0, Diff: 0, Sum: 0, Workers: 4
[2082.620s][debug][gc,phases      ] GC(56)     Total                          Min: 0, Avg:  0.0, Max: 0, Diff: 0, Sum: 0, Workers: 4
[2082.620s][debug][gc,phases      ] GC(56)   StringDedup Requests0 Weak     Min:  0.0, Avg:  0.0, Max:  0.0, Diff:  0.0, Sum:  0.0, Workers: 4
[2082.620s][debug][gc,phases      ] GC(56)     Dead                           Min: 0, Avg:  0.0, Max: 0, Diff: 0, Sum: 0, Workers: 4
[2082.620s][debug][gc,phases      ] GC(56)     Total                          Min: 0, Avg:  0.0, Max: 0, Diff: 0, Sum: 0, Workers: 4
[2082.620s][debug][gc,phases      ] GC(56)   StringDedup Requests1 Weak     Min:  0.0, Avg:  0.0, Max:  0.0, Diff:  0.0, Sum:  0.0, Workers: 4
[2082.620s][debug][gc,phases      ] GC(56)     Dead                           Min: 0, Avg:  0.0, Max: 0, Diff: 0, Sum: 0, Workers: 4
[2082.620s][debug][gc,phases      ] GC(56)     Total                          Min: 0, Avg:  0.0, Max: 0, Diff: 0, Sum: 0, Workers: 4
[2082.620s][debug][gc,phases      ] GC(56)   Weak JFR Old Object Samples    Min:  0.0, Avg:  0.0, Max:  0.0, Diff:  0.0, Sum:  0.0, Workers: 4
[2082.620s][debug][gc,phases      ] GC(56)     Dead                           Min: 0, Avg:  0.0, Max: 0, Diff: 0, Sum: 0, Workers: 4
[2082.620s][debug][gc,phases      ] GC(56)     Total                          Min: 0, Avg:  0.0, Max: 0, Diff: 0, Sum: 0, Workers: 4
[2082.620s][debug][gc,phases      ] GC(56) Weak Processing 0.378ms
[2082.620s][debug][gc,age         ] GC(56) Desired survivor size 53477376 bytes, new threshold 1 (max threshold 15)
[2082.620s][info ][gc,heap        ] GC(56) PSYoungGen: 2070000K(2070016K)->27104K(2019840K) Eden: 2042880K(2042880K)->0K(1992704K) From: 27120K(27136K)->27104K(27136K)
[2082.620s][info ][gc,heap        ] GC(56) ParOldGen: 290735K(290816K)->316731K(316928K)
[2082.620s][info ][gc,metaspace   ] GC(56) Metaspace: 105769K(107072K)->105769K(107072K) NonClass: 89792K(90496K)->89792K(90496K) Class: 15976K(16576K)->15976K(16576K)
[2082.620s][info ][gc             ] GC(56) Pause Young (Allocation Failure) 2305M->335M(2282M) 26.271ms
[2082.620s][info ][gc,cpu         ] GC(56) User=0.07s Sys=0.02s Real=0.03s
[2082.620s][info ][safepoint      ] Safepoint "ParallelGCFailedAllocation", Time since last: 889634353 ns, Reaching safepoint: 89602 ns, Cleanup: 11201 ns, At safepoint: 26354560 ns, Total: 26455363 ns
[2084.620s][info ][safepoint      ] Safepoint "Cleanup", Time since last: 2000164975 ns, Reaching safepoint: 7900 ns, Cleanup: 15801 ns, At safepoint: 2800 ns, Total: 26501 ns
[2086.620s][info ][safepoint      ] Safepoint "Cleanup", Time since last: 2000195676 ns, Reaching safepoint: 6800 ns, Cleanup: 11200 ns, At safepoint: 2600 ns, Total: 20600 ns
[2087.620s][info ][safepoint      ] Safepoint "Cleanup", Time since last: 1000122755 ns, Reaching safepoint: 7301 ns, Cleanup: 13600 ns, At safepoint: 2700 ns, Total: 23601 ns
[2094.621s][info ][safepoint      ] Safepoint "Cleanup", Time since last: 7000556848 ns, Reaching safepoint: 6900 ns, Cleanup: 68902 ns, At safepoint: 3000 ns, Total: 78802 ns
[2095.621s][info ][safepoint      ] Safepoint "Cleanup", Time since last: 1000098688 ns, Reaching safepoint: 7000 ns, Cleanup: 14601 ns, At safepoint: 2500 ns, Total: 24101 ns
[2096.621s][info ][safepoint      ] Safepoint "Cleanup", Time since last: 1000107736 ns, Reaching safepoint: 6300 ns, Cleanup: 15801 ns, At safepoint: 2900 ns, Total: 25001 ns
[2097.621s][info ][safepoint      ] Safepoint "Cleanup", Time since last: 1000113336 ns, Reaching safepoint: 6800 ns, Cleanup: 11601 ns, At safepoint: 2600 ns, Total: 21001 ns
[2098.621s][info ][safepoint      ] Safepoint "Cleanup", Time since last: 1000117536 ns, Reaching safepoint: 7300 ns, Cleanup: 18901 ns, At safepoint: 2400 ns, Total: 28601 ns
[2100.622s][info ][safepoint      ] Safepoint "Cleanup", Time since last: 2000175071 ns, Reaching safepoint: 8101 ns, Cleanup: 25500 ns, At safepoint: 3100 ns, Total: 36701 ns
[2101.716s][info ][safepoint      ] Safepoint "Cleanup", Time since last: 1094694975 ns, Reaching safepoint: 9800 ns, Cleanup: 15500 ns, At safepoint: 2800 ns, Total: 28100 ns
[2104.717s][info ][safepoint      ] Safepoint "Cleanup", Time since last: 3000269481 ns, Reaching safepoint: 7900 ns, Cleanup: 14500 ns, At safepoint: 2900 ns, Total: 25300 ns
[2110.717s][info ][safepoint      ] Safepoint "Cleanup", Time since last: 6000489550 ns, Reaching safepoint: 7201 ns, Cleanup: 11900 ns, At safepoint: 2800 ns, Total: 21901 ns
[2111.203s][info ][gc,start       ] GC(57) Pause Young (Allocation Failure)
[2111.230s][debug][gc,phases      ] GC(57) Scavenge 27.067ms
[2111.230s][debug][gc,ref         ] GC(57) ReferenceProcessor::execute queues: 1, RefProcThreadModel::Single, marks_oops_alive: false
[2111.230s][debug][gc,ref         ] GC(57) Skipped KeepAliveFinalRefsPhase of Reference Processing: no references
[2111.230s][debug][gc,ref         ] GC(57) ReferenceProcessor::execute queues: 1, RefProcThreadModel::Single, marks_oops_alive: false
[2111.230s][debug][gc,phases      ] GC(57) Reference Processing 0.118ms
[2111.231s][debug][gc,phases      ] GC(57)   VM Weak                        Min:  0.0, Avg:  0.0, Max:  0.0, Diff:  0.0, Sum:  0.0, Workers: 4
[2111.231s][debug][gc,phases      ] GC(57)     Dead                           Min: 0, Avg:  0.0, Max: 0, Diff: 0, Sum: 0, Workers: 4
[2111.231s][debug][gc,phases      ] GC(57)     Total                          Min: 0, Avg: 233.8, Max: 576, Diff: 576, Sum: 935, Workers: 4
[2111.231s][debug][gc,phases      ] GC(57)   ObjectSynchronizer Weak        Min:  0.0, Avg:  0.0, Max:  0.0, Diff:  0.0, Sum:  0.0, Workers: 4
[2111.231s][debug][gc,phases      ] GC(57)     Dead                           Min: 0, Avg:  0.0, Max: 0, Diff: 0, Sum: 0, Workers: 4
[2111.231s][debug][gc,phases      ] GC(57)     Total                          Min: 0, Avg:  0.8, Max: 3, Diff: 3, Sum: 3, Workers: 4
[2111.231s][debug][gc,phases      ] GC(57)   JVMTI Tag Weak OopStorage      Min:  0.0, Avg:  0.0, Max:  0.0, Diff:  0.0, Sum:  0.0, Workers: 4
[2111.231s][debug][gc,phases      ] GC(57)     Dead                           Min: 0, Avg:  0.0, Max: 0, Diff: 0, Sum: 0, Workers: 4
[2111.231s][debug][gc,phases      ] GC(57)     Total                          Min: 0, Avg:  0.0, Max: 0, Diff: 0, Sum: 0, Workers: 4
[2111.231s][debug][gc,phases      ] GC(57)   StringTable Weak               Min:  0.1, Avg:  0.1, Max:  0.1, Diff:  0.0, Sum:  0.4, Workers: 4
[2111.231s][debug][gc,phases      ] GC(57)     Dead                           Min: 0, Avg:  0.2, Max: 1, Diff: 1, Sum: 1, Workers: 4
[2111.231s][debug][gc,phases      ] GC(57)     Total                          Min: 9984, Avg: 11562.5, Max: 12863, Diff: 2879, Sum: 46250, Workers: 4
[2111.231s][debug][gc,phases      ] GC(57)   ResolvedMethodTable Weak       Min:  0.0, Avg:  0.0, Max:  0.0, Diff:  0.0, Sum:  0.1, Workers: 4
[2111.231s][debug][gc,phases      ] GC(57)     Dead                           Min: 0, Avg:  4.5, Max: 18, Diff: 18, Sum: 18, Workers: 4
[2111.231s][debug][gc,phases      ] GC(57)     Total                          Min: 3613, Avg: 3765.2, Max: 3934, Diff: 321, Sum: 15061, Workers: 4
[2111.231s][debug][gc,phases      ] GC(57)   JNI Weak                       Min:  0.0, Avg:  0.0, Max:  0.0, Diff:  0.0, Sum:  0.0, Workers: 4
[2111.231s][debug][gc,phases      ] GC(57)     Dead                           Min: 0, Avg:  0.0, Max: 0, Diff: 0, Sum: 0, Workers: 4
[2111.231s][debug][gc,phases      ] GC(57)     Total                          Min: 0, Avg: 13.0, Max: 48, Diff: 48, Sum: 52, Workers: 4
[2111.231s][debug][gc,phases      ] GC(57)   StringDedup Table Weak         Min:  0.0, Avg:  0.0, Max:  0.0, Diff:  0.0, Sum:  0.0, Workers: 4
[2111.231s][debug][gc,phases      ] GC(57)     Dead                           Min: 0, Avg:  0.0, Max: 0, Diff: 0, Sum: 0, Workers: 4
[2111.231s][debug][gc,phases      ] GC(57)     Total                          Min: 0, Avg:  0.0, Max: 0, Diff: 0, Sum: 0, Workers: 4
[2111.231s][debug][gc,phases      ] GC(57)   StringDedup Requests0 Weak     Min:  0.0, Avg:  0.0, Max:  0.0, Diff:  0.0, Sum:  0.0, Workers: 4
[2111.231s][debug][gc,phases      ] GC(57)     Dead                           Min: 0, Avg:  0.0, Max: 0, Diff: 0, Sum: 0, Workers: 4
[2111.231s][debug][gc,phases      ] GC(57)     Total                          Min: 0, Avg:  0.0, Max: 0, Diff: 0, Sum: 0, Workers: 4
[2111.231s][debug][gc,phases      ] GC(57)   StringDedup Requests1 Weak     Min:  0.0, Avg:  0.0, Max:  0.0, Diff:  0.0, Sum:  0.0, Workers: 4
[2111.231s][debug][gc,phases      ] GC(57)     Dead                           Min: 0, Avg:  0.0, Max: 0, Diff: 0, Sum: 0, Workers: 4
[2111.231s][debug][gc,phases      ] GC(57)     Total                          Min: 0, Avg:  0.0, Max: 0, Diff: 0, Sum: 0, Workers: 4
[2111.231s][debug][gc,phases      ] GC(57)   Weak JFR Old Object Samples    Min:  0.0, Avg:  0.0, Max:  0.0, Diff:  0.0, Sum:  0.0, Workers: 4
[2111.231s][debug][gc,phases      ] GC(57)     Dead                           Min: 0, Avg:  0.0, Max: 0, Diff: 0, Sum: 0, Workers: 4
[2111.231s][debug][gc,phases      ] GC(57)     Total                          Min: 0, Avg:  0.0, Max: 0, Diff: 0, Sum: 0, Workers: 4
[2111.231s][debug][gc,phases      ] GC(57) Weak Processing 0.385ms
[2111.231s][debug][gc,age         ] GC(57) Desired survivor size 58195968 bytes, new threshold 1 (max threshold 15)
[2111.231s][info ][gc,heap        ] GC(57) PSYoungGen: 2019808K(2019840K)->36512K(2029568K) Eden: 1992704K(1992704K)->0K(1992704K) From: 27104K(27136K)->36512K(36864K)
[2111.231s][info ][gc,heap        ] GC(57) ParOldGen: 316731K(316928K)->337128K(337408K)
[2111.231s][info ][gc,metaspace   ] GC(57) Metaspace: 105783K(107072K)->105783K(107072K) NonClass: 89805K(90496K)->89805K(90496K) Class: 15978K(16576K)->15978K(16576K)
[2111.231s][info ][gc             ] GC(57) Pause Young (Allocation Failure) 2281M->364M(2311M) 27.729ms
[2111.231s][info ][gc,cpu         ] GC(57) User=0.08s Sys=0.01s Real=0.03s
[2111.231s][info ][safepoint      ] Safepoint "ParallelGCFailedAllocation", Time since last: 485907758 ns, Reaching safepoint: 8900 ns, Cleanup: 5400 ns, At safepoint: 27813565 ns, Total: 27827865 ns
[2113.231s][info ][safepoint      ] Safepoint "Cleanup", Time since last: 2000163603 ns, Reaching safepoint: 6300 ns, Cleanup: 19000 ns, At safepoint: 4600 ns, Total: 29900 ns
[2117.231s][info ][safepoint      ] Safepoint "Cleanup", Time since last: 4000317127 ns, Reaching safepoint: 8700 ns, Cleanup: 19600 ns, At safepoint: 3100 ns, Total: 31400 ns
[2119.232s][info ][safepoint      ] Safepoint "Cleanup", Time since last: 2000187514 ns, Reaching safepoint: 8001 ns, Cleanup: 12500 ns, At safepoint: 2600 ns, Total: 23101 ns
[2126.232s][info ][safepoint      ] Safepoint "Cleanup", Time since last: 7000529732 ns, Reaching safepoint: 8000 ns, Cleanup: 11300 ns, At safepoint: 2300 ns, Total: 21600 ns
[2128.232s][info ][safepoint      ] Safepoint "Cleanup", Time since last: 2000195290 ns, Reaching safepoint: 7401 ns, Cleanup: 11800 ns, At safepoint: 2200 ns, Total: 21401 ns
[2130.233s][info ][safepoint      ] Safepoint "Cleanup", Time since last: 2000185297 ns, Reaching safepoint: 24401 ns, Cleanup: 17600 ns, At safepoint: 2500 ns, Total: 44501 ns
[2131.233s][info ][safepoint      ] Safepoint "Cleanup", Time since last: 1000115749 ns, Reaching safepoint: 8100 ns, Cleanup: 12301 ns, At safepoint: 2400 ns, Total: 22801 ns
[2132.233s][info ][safepoint      ] Safepoint "Cleanup", Time since last: 1000123049 ns, Reaching safepoint: 9600 ns, Cleanup: 17600 ns, At safepoint: 2601 ns, Total: 29801 ns
[2138.233s][info ][safepoint      ] Safepoint "Cleanup", Time since last: 6000452604 ns, Reaching safepoint: 7901 ns, Cleanup: 22000 ns, At safepoint: 2700 ns, Total: 32601 ns
[2139.234s][info ][safepoint      ] Safepoint "Cleanup", Time since last: 1000116784 ns, Reaching safepoint: 8800 ns, Cleanup: 14200 ns, At safepoint: 3400 ns, Total: 26400 ns
[2140.234s][info ][safepoint      ] Safepoint "Cleanup", Time since last: 1000142084 ns, Reaching safepoint: 11500 ns, Cleanup: 16601 ns, At safepoint: 2900 ns, Total: 31001 ns
[2144.234s][info ][safepoint      ] Safepoint "Cleanup", Time since last: 4000322584 ns, Reaching safepoint: 7801 ns, Cleanup: 13100 ns, At safepoint: 2400 ns, Total: 23301 ns
[2146.234s][info ][safepoint      ] Safepoint "Cleanup", Time since last: 2000189466 ns, Reaching safepoint: 7600 ns, Cleanup: 12100 ns, At safepoint: 2500 ns, Total: 22200 ns
[2155.235s][info ][safepoint      ] Safepoint "Cleanup", Time since last: 9000660469 ns, Reaching safepoint: 7101 ns, Cleanup: 11300 ns, At safepoint: 2300 ns, Total: 20701 ns
[2158.235s][info ][safepoint      ] Safepoint "Cleanup", Time since last: 3000245505 ns, Reaching safepoint: 7100 ns, Cleanup: 10501 ns, At safepoint: 2100 ns, Total: 19701 ns
[2158.502s][info ][gc,start       ] GC(58) Pause Young (Allocation Failure)
[2158.524s][debug][gc,phases      ] GC(58) Scavenge 22.404ms
[2158.524s][debug][gc,ref         ] GC(58) Skipped SoftWeakFinalRefsPhase of Reference Processing: no references
[2158.524s][debug][gc,ref         ] GC(58) Skipped KeepAliveFinalRefsPhase of Reference Processing: no references
[2158.525s][debug][gc,ref         ] GC(58) ReferenceProcessor::execute queues: 1, RefProcThreadModel::Single, marks_oops_alive: false
[2158.525s][debug][gc,phases      ] GC(58) Reference Processing 0.133ms
[2158.525s][debug][gc,phases      ] GC(58)   VM Weak                        Min:  0.0, Avg:  0.0, Max:  0.0, Diff:  0.0, Sum:  0.0, Workers: 4
[2158.525s][debug][gc,phases      ] GC(58)     Dead                           Min: 0, Avg:  0.0, Max: 0, Diff: 0, Sum: 0, Workers: 4
[2158.525s][debug][gc,phases      ] GC(58)     Total                          Min: 0, Avg: 233.8, Max: 743, Diff: 743, Sum: 935, Workers: 4
[2158.525s][debug][gc,phases      ] GC(58)   ObjectSynchronizer Weak        Min:  0.0, Avg:  0.0, Max:  0.0, Diff:  0.0, Sum:  0.0, Workers: 4
[2158.525s][debug][gc,phases      ] GC(58)     Dead                           Min: 0, Avg:  0.0, Max: 0, Diff: 0, Sum: 0, Workers: 4
[2158.525s][debug][gc,phases      ] GC(58)     Total                          Min: 0, Avg:  1.0, Max: 4, Diff: 4, Sum: 4, Workers: 4
[2158.525s][debug][gc,phases      ] GC(58)   JVMTI Tag Weak OopStorage      Min:  0.0, Avg:  0.0, Max:  0.0, Diff:  0.0, Sum:  0.0, Workers: 4
[2158.525s][debug][gc,phases      ] GC(58)     Dead                           Min: 0, Avg:  0.0, Max: 0, Diff: 0, Sum: 0, Workers: 4
[2158.525s][debug][gc,phases      ] GC(58)     Total                          Min: 0, Avg:  0.0, Max: 0, Diff: 0, Sum: 0, Workers: 4
[2158.525s][debug][gc,phases      ] GC(58)   StringTable Weak               Min:  0.0, Avg:  0.1, Max:  0.1, Diff:  0.1, Sum:  0.4, Workers: 4
[2158.525s][debug][gc,phases      ] GC(58)     Dead                           Min: 0, Avg:  0.0, Max: 0, Diff: 0, Sum: 0, Workers: 4
[2158.525s][debug][gc,phases      ] GC(58)     Total                          Min: 0, Avg: 11571.8, Max: 15936, Diff: 15936, Sum: 46287, Workers: 4
[2158.525s][debug][gc,phases      ] GC(58)   ResolvedMethodTable Weak       Min:  0.0, Avg:  0.0, Max:  0.0, Diff:  0.0, Sum:  0.1, Workers: 4
[2158.525s][debug][gc,phases      ] GC(58)     Dead                           Min: 0, Avg:  4.0, Max: 16, Diff: 16, Sum: 16, Workers: 4
[2158.525s][debug][gc,phases      ] GC(58)     Total                          Min: 0, Avg: 3765.2, Max: 5604, Diff: 5604, Sum: 15061, Workers: 4
[2158.525s][debug][gc,phases      ] GC(58)   JNI Weak                       Min:  0.0, Avg:  0.0, Max:  0.0, Diff:  0.0, Sum:  0.0, Workers: 4
[2158.525s][debug][gc,phases      ] GC(58)     Dead                           Min: 0, Avg:  0.0, Max: 0, Diff: 0, Sum: 0, Workers: 4
[2158.525s][debug][gc,phases      ] GC(58)     Total                          Min: 0, Avg: 13.0, Max: 48, Diff: 48, Sum: 52, Workers: 4
[2158.525s][debug][gc,phases      ] GC(58)   StringDedup Table Weak         Min:  0.0, Avg:  0.0, Max:  0.0, Diff:  0.0, Sum:  0.0, Workers: 4
[2158.525s][debug][gc,phases      ] GC(58)     Dead                           Min: 0, Avg:  0.0, Max: 0, Diff: 0, Sum: 0, Workers: 4
[2158.525s][debug][gc,phases      ] GC(58)     Total                          Min: 0, Avg:  0.0, Max: 0, Diff: 0, Sum: 0, Workers: 4
[2158.525s][debug][gc,phases      ] GC(58)   StringDedup Requests0 Weak     Min:  0.0, Avg:  0.0, Max:  0.0, Diff:  0.0, Sum:  0.0, Workers: 4
[2158.525s][debug][gc,phases      ] GC(58)     Dead                           Min: 0, Avg:  0.0, Max: 0, Diff: 0, Sum: 0, Workers: 4
[2158.525s][debug][gc,phases      ] GC(58)     Total                          Min: 0, Avg:  0.0, Max: 0, Diff: 0, Sum: 0, Workers: 4
[2158.525s][debug][gc,phases      ] GC(58)   StringDedup Requests1 Weak     Min:  0.0, Avg:  0.0, Max:  0.0, Diff:  0.0, Sum:  0.0, Workers: 4
[2158.525s][debug][gc,phases      ] GC(58)     Dead                           Min: 0, Avg:  0.0, Max: 0, Diff: 0, Sum: 0, Workers: 4
[2158.525s][debug][gc,phases      ] GC(58)     Total                          Min: 0, Avg:  0.0, Max: 0, Diff: 0, Sum: 0, Workers: 4
[2158.525s][debug][gc,phases      ] GC(58)   Weak JFR Old Object Samples    Min:  0.0, Avg:  0.0, Max:  0.0, Diff:  0.0, Sum:  0.0, Workers: 4
[2158.525s][debug][gc,phases      ] GC(58)     Dead                           Min: 0, Avg:  0.0, Max: 0, Diff: 0, Sum: 0, Workers: 4
[2158.525s][debug][gc,phases      ] GC(58)     Total                          Min: 0, Avg:  0.0, Max: 0, Diff: 0, Sum: 0, Workers: 4
[2158.525s][debug][gc,phases      ] GC(58) Weak Processing 0.406ms
[2158.525s][debug][gc,age         ] GC(58) Desired survivor size 56623104 bytes, new threshold 1 (max threshold 15)
[2158.525s][info ][gc,heap        ] GC(58) PSYoungGen: 2029216K(2029568K)->2336K(2041856K) Eden: 1992704K(1992704K)->0K(1985024K) From: 36512K(36864K)->2336K(56832K)
[2158.525s][info ][gc,heap        ] GC(58) ParOldGen: 337128K(337408K)->373733K(373760K)
[2158.525s][info ][gc,metaspace   ] GC(58) Metaspace: 105826K(107136K)->105826K(107136K) NonClass: 89848K(90560K)->89848K(90560K) Class: 15978K(16576K)->15978K(16576K)
[2158.525s][info ][gc             ] GC(58) Pause Young (Allocation Failure) 2310M->367M(2359M) 23.096ms
[2158.525s][info ][gc,cpu         ] GC(58) User=0.05s Sys=0.02s Real=0.02s
[2158.525s][info ][safepoint      ] Safepoint "ParallelGCFailedAllocation", Time since last: 266615056 ns, Reaching safepoint: 86302 ns, Cleanup: 4900 ns, At safepoint: 23184879 ns, Total: 23276081 ns
[2160.525s][info ][safepoint      ] Safepoint "Cleanup", Time since last: 2000155394 ns, Reaching safepoint: 7400 ns, Cleanup: 12801 ns, At safepoint: 2300 ns, Total: 22501 ns
[2163.735s][info ][safepoint      ] Safepoint "Cleanup", Time since last: 3209767627 ns, Reaching safepoint: 6400 ns, Cleanup: 10900 ns, At safepoint: 2200 ns, Total: 19500 ns
[2164.735s][info ][safepoint      ] Safepoint "Cleanup", Time since last: 1000104186 ns, Reaching safepoint: 6900 ns, Cleanup: 20700 ns, At safepoint: 2200 ns, Total: 29800 ns
[2165.735s][info ][safepoint      ] Safepoint "Cleanup", Time since last: 1000111086 ns, Reaching safepoint: 5400 ns, Cleanup: 8601 ns, At safepoint: 2400 ns, Total: 16401 ns
[2166.735s][info ][safepoint      ] Safepoint "Cleanup", Time since last: 1000096385 ns, Reaching safepoint: 7300 ns, Cleanup: 10101 ns, At safepoint: 2500 ns, Total: 19901 ns
[2168.736s][info ][safepoint      ] Safepoint "Cleanup", Time since last: 2000189998 ns, Reaching safepoint: 7100 ns, Cleanup: 10801 ns, At safepoint: 2300 ns, Total: 20201 ns
[2169.736s][info ][safepoint      ] Safepoint "Cleanup", Time since last: 1000113466 ns, Reaching safepoint: 6901 ns, Cleanup: 13200 ns, At safepoint: 2300 ns, Total: 22401 ns
[2182.737s][info ][safepoint      ] Safepoint "Cleanup", Time since last: 13000946798 ns, Reaching safepoint: 6500 ns, Cleanup: 24700 ns, At safepoint: 2400 ns, Total: 33600 ns
[2187.737s][info ][safepoint      ] Safepoint "Cleanup", Time since last: 5000413763 ns, Reaching safepoint: 7400 ns, Cleanup: 19401 ns, At safepoint: 2600 ns, Total: 29401 ns
[2188.737s][info ][safepoint      ] Safepoint "Cleanup", Time since last: 1000115400 ns, Reaching safepoint: 7300 ns, Cleanup: 12700 ns, At safepoint: 2400 ns, Total: 22400 ns
[2194.738s][info ][safepoint      ] Safepoint "Cleanup", Time since last: 6000446993 ns, Reaching safepoint: 7600 ns, Cleanup: 15501 ns, At safepoint: 2100 ns, Total: 25201 ns
[2201.055s][info ][gc,start       ] GC(59) Pause Young (Allocation Failure)
[2201.062s][debug][gc,phases      ] GC(59) Scavenge 6.313ms
[2201.062s][debug][gc,ref         ] GC(59) ReferenceProcessor::execute queues: 1, RefProcThreadModel::Single, marks_oops_alive: false
[2201.062s][debug][gc,ref         ] GC(59) Skipped KeepAliveFinalRefsPhase of Reference Processing: no references
[2201.062s][debug][gc,ref         ] GC(59) ReferenceProcessor::execute queues: 1, RefProcThreadModel::Single, marks_oops_alive: false
[2201.062s][debug][gc,phases      ] GC(59) Reference Processing 0.123ms
[2201.062s][debug][gc,phases      ] GC(59)   VM Weak                        Min:  0.0, Avg:  0.0, Max:  0.0, Diff:  0.0, Sum:  0.0, Workers: 4
[2201.062s][debug][gc,phases      ] GC(59)     Dead                           Min: 0, Avg:  0.0, Max: 0, Diff: 0, Sum: 0, Workers: 4
[2201.062s][debug][gc,phases      ] GC(59)     Total                          Min: 0, Avg: 233.8, Max: 576, Diff: 576, Sum: 935, Workers: 4
[2201.062s][debug][gc,phases      ] GC(59)   ObjectSynchronizer Weak        Min:  0.0, Avg:  0.0, Max:  0.0, Diff:  0.0, Sum:  0.0, Workers: 4
[2201.062s][debug][gc,phases      ] GC(59)     Dead                           Min: 0, Avg:  0.0, Max: 0, Diff: 0, Sum: 0, Workers: 4
[2201.062s][debug][gc,phases      ] GC(59)     Total                          Min: 0, Avg:  1.0, Max: 4, Diff: 4, Sum: 4, Workers: 4
[2201.062s][debug][gc,phases      ] GC(59)   JVMTI Tag Weak OopStorage      Min:  0.0, Avg:  0.0, Max:  0.0, Diff:  0.0, Sum:  0.0, Workers: 4
[2201.062s][debug][gc,phases      ] GC(59)     Dead                           Min: 0, Avg:  0.0, Max: 0, Diff: 0, Sum: 0, Workers: 4
[2201.062s][debug][gc,phases      ] GC(59)     Total                          Min: 0, Avg:  0.0, Max: 0, Diff: 0, Sum: 0, Workers: 4
[2201.062s][debug][gc,phases      ] GC(59)   StringTable Weak               Min:  0.0, Avg:  0.1, Max:  0.1, Diff:  0.1, Sum:  0.4, Workers: 4
[2201.062s][debug][gc,phases      ] GC(59)     Dead                           Min: 0, Avg:  0.2, Max: 1, Diff: 1, Sum: 1, Workers: 4
[2201.062s][debug][gc,phases      ] GC(59)     Total                          Min: 0, Avg: 11578.5, Max: 18239, Diff: 18239, Sum: 46314, Workers: 4
[2201.062s][debug][gc,phases      ] GC(59)   ResolvedMethodTable Weak       Min:  0.0, Avg:  0.0, Max:  0.1, Diff:  0.1, Sum:  0.2, Workers: 4
[2201.062s][debug][gc,phases      ] GC(59)     Dead                           Min: 0, Avg:  4.2, Max: 16, Diff: 16, Sum: 17, Workers: 4
[2201.062s][debug][gc,phases      ] GC(59)     Total                          Min: 0, Avg: 3771.8, Max: 5799, Diff: 5799, Sum: 15087, Workers: 4
[2201.062s][debug][gc,phases      ] GC(59)   JNI Weak                       Min:  0.0, Avg:  0.0, Max:  0.0, Diff:  0.0, Sum:  0.0, Workers: 4
[2201.062s][debug][gc,phases      ] GC(59)     Dead                           Min: 0, Avg:  0.0, Max: 0, Diff: 0, Sum: 0, Workers: 4
[2201.062s][debug][gc,phases      ] GC(59)     Total                          Min: 0, Avg: 13.0, Max: 48, Diff: 48, Sum: 52, Workers: 4
[2201.062s][debug][gc,phases      ] GC(59)   StringDedup Table Weak         Min:  0.0, Avg:  0.0, Max:  0.0, Diff:  0.0, Sum:  0.0, Workers: 4
[2201.062s][debug][gc,phases      ] GC(59)     Dead                           Min: 0, Avg:  0.0, Max: 0, Diff: 0, Sum: 0, Workers: 4
[2201.062s][debug][gc,phases      ] GC(59)     Total                          Min: 0, Avg:  0.0, Max: 0, Diff: 0, Sum: 0, Workers: 4
[2201.062s][debug][gc,phases      ] GC(59)   StringDedup Requests0 Weak     Min:  0.0, Avg:  0.0, Max:  0.0, Diff:  0.0, Sum:  0.0, Workers: 4
[2201.062s][debug][gc,phases      ] GC(59)     Dead                           Min: 0, Avg:  0.0, Max: 0, Diff: 0, Sum: 0, Workers: 4
[2201.062s][debug][gc,phases      ] GC(59)     Total                          Min: 0, Avg:  0.0, Max: 0, Diff: 0, Sum: 0, Workers: 4
[2201.062s][debug][gc,phases      ] GC(59)   StringDedup Requests1 Weak     Min:  0.0, Avg:  0.0, Max:  0.0, Diff:  0.0, Sum:  0.0, Workers: 4
[2201.062s][debug][gc,phases      ] GC(59)     Dead                           Min: 0, Avg:  0.0, Max: 0, Diff: 0, Sum: 0, Workers: 4
[2201.062s][debug][gc,phases      ] GC(59)     Total                          Min: 0, Avg:  0.0, Max: 0, Diff: 0, Sum: 0, Workers: 4
[2201.062s][debug][gc,phases      ] GC(59)   Weak JFR Old Object Samples    Min:  0.0, Avg:  0.0, Max:  0.0, Diff:  0.0, Sum:  0.0, Workers: 4
[2201.062s][debug][gc,phases      ] GC(59)     Dead                           Min: 0, Avg:  0.0, Max: 0, Diff: 0, Sum: 0, Workers: 4
[2201.062s][debug][gc,phases      ] GC(59)     Total                          Min: 0, Avg:  0.0, Max: 0, Diff: 0, Sum: 0, Workers: 4
[2201.062s][debug][gc,phases      ] GC(59) Weak Processing 0.412ms
[2201.062s][debug][gc,age         ] GC(59) Desired survivor size 53477376 bytes, new threshold 1 (max threshold 15)
[2201.062s][info ][gc,heap        ] GC(59) PSYoungGen: 1987360K(2041856K)->7312K(2040320K) Eden: 1985024K(1985024K)->0K(1985024K) From: 2336K(56832K)->7312K(55296K)
[2201.062s][info ][gc,heap        ] GC(59) ParOldGen: 373733K(373760K)->374593K(374784K)
[2201.062s][info ][gc,metaspace   ] GC(59) Metaspace: 105920K(107200K)->105920K(107200K) NonClass: 89925K(90624K)->89925K(90624K) Class: 15995K(16576K)->15995K(16576K)
[2201.062s][info ][gc             ] GC(59) Pause Young (Allocation Failure) 2305M->372M(2358M) 7.019ms
[2201.062s][info ][gc,cpu         ] GC(59) User=0.02s Sys=0.00s Real=0.01s
[2201.062s][info ][safepoint      ] Safepoint "ParallelGCFailedAllocation", Time since last: 6317310379 ns, Reaching safepoint: 7300 ns, Cleanup: 5301 ns, At safepoint: 7098262 ns, Total: 7110863 ns
[2216.063s][info ][safepoint      ] Safepoint "Cleanup", Time since last: 15001062782 ns, Reaching safepoint: 6801 ns, Cleanup: 12300 ns, At safepoint: 2800 ns, Total: 21901 ns
[2220.064s][info ][safepoint      ] Safepoint "Cleanup", Time since last: 4000338108 ns, Reaching safepoint: 7001 ns, Cleanup: 15800 ns, At safepoint: 2600 ns, Total: 25401 ns
[2224.752s][info ][safepoint      ] Safepoint "Cleanup", Time since last: 4688382929 ns, Reaching safepoint: 79602 ns, Cleanup: 12800 ns, At safepoint: 7500 ns, Total: 99902 ns
[2233.753s][info ][safepoint      ] Safepoint "Cleanup", Time since last: 9000758243 ns, Reaching safepoint: 79202 ns, Cleanup: 12500 ns, At safepoint: 7200 ns, Total: 98902 ns
[2239.754s][info ][safepoint      ] Safepoint "Cleanup", Time since last: 6000555678 ns, Reaching safepoint: 88702 ns, Cleanup: 10501 ns, At safepoint: 7500 ns, Total: 106703 ns
[2247.708s][info ][gc,start       ] GC(60) Pause Young (Allocation Failure)
[2247.715s][debug][gc,phases      ] GC(60) Scavenge 6.847ms
[2247.715s][debug][gc,ref         ] GC(60) Skipped SoftWeakFinalRefsPhase of Reference Processing: no references
[2247.715s][debug][gc,ref         ] GC(60) Skipped KeepAliveFinalRefsPhase of Reference Processing: no references
[2247.715s][debug][gc,ref         ] GC(60) Skipped PhantomRefsPhase of Reference Processing: no references
[2247.715s][debug][gc,phases      ] GC(60) Reference Processing 0.044ms
[2247.715s][debug][gc,phases      ] GC(60)   VM Weak                        Min:  0.0, Avg:  0.0, Max:  0.0, Diff:  0.0, Sum:  0.0, Workers: 4
[2247.715s][debug][gc,phases      ] GC(60)     Dead                           Min: 0, Avg:  0.0, Max: 0, Diff: 0, Sum: 0, Workers: 4
[2247.715s][debug][gc,phases      ] GC(60)     Total                          Min: 0, Avg: 233.8, Max: 935, Diff: 935, Sum: 935, Workers: 4
[2247.715s][debug][gc,phases      ] GC(60)   ObjectSynchronizer Weak        Min:  0.0, Avg:  0.0, Max:  0.0, Diff:  0.0, Sum:  0.0, Workers: 4
[2247.715s][debug][gc,phases      ] GC(60)     Dead                           Min: 0, Avg:  0.0, Max: 0, Diff: 0, Sum: 0, Workers: 4
[2247.715s][debug][gc,phases      ] GC(60)     Total                          Min: 0, Avg:  0.8, Max: 3, Diff: 3, Sum: 3, Workers: 4
[2247.715s][debug][gc,phases      ] GC(60)   JVMTI Tag Weak OopStorage      Min:  0.0, Avg:  0.0, Max:  0.0, Diff:  0.0, Sum:  0.0, Workers: 4
[2247.715s][debug][gc,phases      ] GC(60)     Dead                           Min: 0, Avg:  0.0, Max: 0, Diff: 0, Sum: 0, Workers: 4
[2247.715s][debug][gc,phases      ] GC(60)     Total                          Min: 0, Avg:  0.0, Max: 0, Diff: 0, Sum: 0, Workers: 4
[2247.715s][debug][gc,phases      ] GC(60)   StringTable Weak               Min:  0.1, Avg:  0.1, Max:  0.1, Diff:  0.0, Sum:  0.4, Workers: 4
[2247.715s][debug][gc,phases      ] GC(60)     Dead                           Min: 0, Avg:  0.0, Max: 0, Diff: 0, Sum: 0, Workers: 4
[2247.715s][debug][gc,phases      ] GC(60)     Total                          Min: 7295, Avg: 11578.5, Max: 13227, Diff: 5932, Sum: 46314, Workers: 4
[2247.715s][debug][gc,phases      ] GC(60)   ResolvedMethodTable Weak       Min:  0.0, Avg:  0.0, Max:  0.0, Diff:  0.0, Sum:  0.1, Workers: 4
[2247.715s][debug][gc,phases      ] GC(60)     Dead                           Min: 0, Avg:  4.0, Max: 9, Diff: 9, Sum: 16, Workers: 4
[2247.715s][debug][gc,phases      ] GC(60)     Total                          Min: 3094, Avg: 3771.8, Max: 4405, Diff: 1311, Sum: 15087, Workers: 4
[2247.715s][debug][gc,phases      ] GC(60)   JNI Weak                       Min:  0.0, Avg:  0.0, Max:  0.0, Diff:  0.0, Sum:  0.0, Workers: 4
[2247.715s][debug][gc,phases      ] GC(60)     Dead                           Min: 0, Avg:  0.0, Max: 0, Diff: 0, Sum: 0, Workers: 4
[2247.715s][debug][gc,phases      ] GC(60)     Total                          Min: 0, Avg: 13.0, Max: 48, Diff: 48, Sum: 52, Workers: 4
[2247.715s][debug][gc,phases      ] GC(60)   StringDedup Table Weak         Min:  0.0, Avg:  0.0, Max:  0.0, Diff:  0.0, Sum:  0.0, Workers: 4
[2247.715s][debug][gc,phases      ] GC(60)     Dead                           Min: 0, Avg:  0.0, Max: 0, Diff: 0, Sum: 0, Workers: 4
[2247.715s][debug][gc,phases      ] GC(60)     Total                          Min: 0, Avg:  0.0, Max: 0, Diff: 0, Sum: 0, Workers: 4
[2247.715s][debug][gc,phases      ] GC(60)   StringDedup Requests0 Weak     Min:  0.0, Avg:  0.0, Max:  0.0, Diff:  0.0, Sum:  0.0, Workers: 4
[2247.715s][debug][gc,phases      ] GC(60)     Dead                           Min: 0, Avg:  0.0, Max: 0, Diff: 0, Sum: 0, Workers: 4
[2247.715s][debug][gc,phases      ] GC(60)     Total                          Min: 0, Avg:  0.0, Max: 0, Diff: 0, Sum: 0, Workers: 4
[2247.715s][debug][gc,phases      ] GC(60)   StringDedup Requests1 Weak     Min:  0.0, Avg:  0.0, Max:  0.0, Diff:  0.0, Sum:  0.0, Workers: 4
[2247.715s][debug][gc,phases      ] GC(60)     Dead                           Min: 0, Avg:  0.0, Max: 0, Diff: 0, Sum: 0, Workers: 4
[2247.715s][debug][gc,phases      ] GC(60)     Total                          Min: 0, Avg:  0.0, Max: 0, Diff: 0, Sum: 0, Workers: 4
[2247.715s][debug][gc,phases      ] GC(60)   Weak JFR Old Object Samples    Min:  0.0, Avg:  0.0, Max:  0.0, Diff:  0.0, Sum:  0.0, Workers: 4
[2247.715s][debug][gc,phases      ] GC(60)     Dead                           Min: 0, Avg:  0.0, Max: 0, Diff: 0, Sum: 0, Workers: 4
[2247.715s][debug][gc,phases      ] GC(60)     Total                          Min: 0, Avg:  0.0, Max: 0, Diff: 0, Sum: 0, Workers: 4
[2247.715s][debug][gc,phases      ] GC(60) Weak Processing 0.350ms
[2247.715s][debug][gc,age         ] GC(60) Desired survivor size 51904512 bytes, new threshold 1 (max threshold 15)
[2247.715s][info ][gc,heap        ] GC(60) PSYoungGen: 1992336K(2040320K)->2656K(2046464K) Eden: 1985024K(1985024K)->0K(1994240K) From: 7312K(55296K)->2656K(52224K)
[2247.715s][info ][gc,heap        ] GC(60) ParOldGen: 374593K(374784K)->380150K(380416K)
[2247.715s][info ][gc,metaspace   ] GC(60) Metaspace: 105921K(107200K)->105921K(107200K) NonClass: 89926K(90624K)->89926K(90624K) Class: 15995K(16576K)->15995K(16576K)
[2247.715s][info ][gc             ] GC(60) Pause Young (Allocation Failure) 2311M->373M(2370M) 7.371ms
[2247.715s][info ][gc,cpu         ] GC(60) User=0.01s Sys=0.01s Real=0.00s
[2247.715s][info ][safepoint      ] Safepoint "ParallelGCFailedAllocation", Time since last: 7953797851 ns, Reaching safepoint: 83302 ns, Cleanup: 4900 ns, At safepoint: 7462956 ns, Total: 7551158 ns
[2248.715s][info ][safepoint      ] Safepoint "Cleanup", Time since last: 1000087834 ns, Reaching safepoint: 7300 ns, Cleanup: 10800 ns, At safepoint: 2501 ns, Total: 20601 ns
[2249.715s][info ][safepoint      ] Safepoint "Cleanup", Time since last: 1000117217 ns, Reaching safepoint: 6300 ns, Cleanup: 11500 ns, At safepoint: 2300 ns, Total: 20100 ns
[2258.716s][info ][safepoint      ] Safepoint "Cleanup", Time since last: 9000659450 ns, Reaching safepoint: 6100 ns, Cleanup: 10400 ns, At safepoint: 2800 ns, Total: 19300 ns
[2270.717s][info ][safepoint      ] Safepoint "Cleanup", Time since last: 12000855573 ns, Reaching safepoint: 6800 ns, Cleanup: 10400 ns, At safepoint: 2600 ns, Total: 19800 ns
[2280.718s][info ][safepoint      ] Safepoint "Cleanup", Time since last: 10000708587 ns, Reaching safepoint: 7300 ns, Cleanup: 9201 ns, At safepoint: 17300 ns, Total: 33801 ns
[2286.770s][info ][safepoint      ] Safepoint "Cleanup", Time since last: 6052614433 ns, Reaching safepoint: 7700 ns, Cleanup: 8700 ns, At safepoint: 2500 ns, Total: 18900 ns
[2287.770s][info ][safepoint      ] Safepoint "Cleanup", Time since last: 1000108984 ns, Reaching safepoint: 7500 ns, Cleanup: 13100 ns, At safepoint: 2400 ns, Total: 23000 ns
[2289.771s][info ][safepoint      ] Safepoint "Cleanup", Time since last: 2000187715 ns, Reaching safepoint: 8000 ns, Cleanup: 13300 ns, At safepoint: 2400 ns, Total: 23700 ns
[2290.771s][info ][safepoint      ] Safepoint "Cleanup", Time since last: 1000141114 ns, Reaching safepoint: 8101 ns, Cleanup: 12200 ns, At safepoint: 2600 ns, Total: 22901 ns
[2295.771s][info ][safepoint      ] Safepoint "Cleanup", Time since last: 5000397065 ns, Reaching safepoint: 7600 ns, Cleanup: 21201 ns, At safepoint: 2900 ns, Total: 31701 ns
[2296.153s][info ][gc,start       ] GC(61) Pause Young (Allocation Failure)
[2296.159s][debug][gc,phases      ] GC(61) Scavenge 5.912ms
[2296.159s][debug][gc,ref         ] GC(61) ReferenceProcessor::execute queues: 1, RefProcThreadModel::Single, marks_oops_alive: false
[2296.159s][debug][gc,ref         ] GC(61) Skipped KeepAliveFinalRefsPhase of Reference Processing: no references
[2296.159s][debug][gc,ref         ] GC(61) ReferenceProcessor::execute queues: 1, RefProcThreadModel::Single, marks_oops_alive: false
[2296.159s][debug][gc,phases      ] GC(61) Reference Processing 0.117ms
[2296.159s][debug][gc,phases      ] GC(61)   VM Weak                        Min:  0.0, Avg:  0.0, Max:  0.0, Diff:  0.0, Sum:  0.0, Workers: 4
[2296.159s][debug][gc,phases      ] GC(61)     Dead                           Min: 0, Avg:  0.0, Max: 0, Diff: 0, Sum: 0, Workers: 4
[2296.159s][debug][gc,phases      ] GC(61)     Total                          Min: 0, Avg: 233.8, Max: 807, Diff: 807, Sum: 935, Workers: 4
[2296.159s][debug][gc,phases      ] GC(61)   ObjectSynchronizer Weak        Min:  0.0, Avg:  0.0, Max:  0.0, Diff:  0.0, Sum:  0.0, Workers: 4
[2296.159s][debug][gc,phases      ] GC(61)     Dead                           Min: 0, Avg:  0.0, Max: 0, Diff: 0, Sum: 0, Workers: 4
[2296.159s][debug][gc,phases      ] GC(61)     Total                          Min: 0, Avg:  1.0, Max: 4, Diff: 4, Sum: 4, Workers: 4
[2296.159s][debug][gc,phases      ] GC(61)   JVMTI Tag Weak OopStorage      Min:  0.0, Avg:  0.0, Max:  0.0, Diff:  0.0, Sum:  0.0, Workers: 4
[2296.159s][debug][gc,phases      ] GC(61)     Dead                           Min: 0, Avg:  0.0, Max: 0, Diff: 0, Sum: 0, Workers: 4
[2296.159s][debug][gc,phases      ] GC(61)     Total                          Min: 0, Avg:  0.0, Max: 0, Diff: 0, Sum: 0, Workers: 4
[2296.159s][debug][gc,phases      ] GC(61)   StringTable Weak               Min:  0.0, Avg:  0.1, Max:  0.1, Diff:  0.1, Sum:  0.4, Workers: 4
[2296.159s][debug][gc,phases      ] GC(61)     Dead                           Min: 0, Avg:  0.5, Max: 2, Diff: 2, Sum: 2, Workers: 4
[2296.159s][debug][gc,phases      ] GC(61)     Total                          Min: 0, Avg: 11579.5, Max: 16063, Diff: 16063, Sum: 46318, Workers: 4
[2296.159s][debug][gc,phases      ] GC(61)   ResolvedMethodTable Weak       Min:  0.0, Avg:  0.0, Max:  0.1, Diff:  0.1, Sum:  0.2, Workers: 4
[2296.159s][debug][gc,phases      ] GC(61)     Dead                           Min: 0, Avg:  6.2, Max: 25, Diff: 25, Sum: 25, Workers: 4
[2296.159s][debug][gc,phases      ] GC(61)     Total                          Min: 0, Avg: 3775.2, Max: 5285, Diff: 5285, Sum: 15101, Workers: 4
[2296.159s][debug][gc,phases      ] GC(61)   JNI Weak                       Min:  0.0, Avg:  0.0, Max:  0.0, Diff:  0.0, Sum:  0.0, Workers: 4
[2296.159s][debug][gc,phases      ] GC(61)     Dead                           Min: 0, Avg:  0.0, Max: 0, Diff: 0, Sum: 0, Workers: 4
[2296.159s][debug][gc,phases      ] GC(61)     Total                          Min: 0, Avg: 13.0, Max: 48, Diff: 48, Sum: 52, Workers: 4
[2296.159s][debug][gc,phases      ] GC(61)   StringDedup Table Weak         Min:  0.0, Avg:  0.0, Max:  0.0, Diff:  0.0, Sum:  0.0, Workers: 4
[2296.159s][debug][gc,phases      ] GC(61)     Dead                           Min: 0, Avg:  0.0, Max: 0, Diff: 0, Sum: 0, Workers: 4
[2296.159s][debug][gc,phases      ] GC(61)     Total                          Min: 0, Avg:  0.0, Max: 0, Diff: 0, Sum: 0, Workers: 4
[2296.159s][debug][gc,phases      ] GC(61)   StringDedup Requests0 Weak     Min:  0.0, Avg:  0.0, Max:  0.0, Diff:  0.0, Sum:  0.0, Workers: 4
[2296.159s][debug][gc,phases      ] GC(61)     Dead                           Min: 0, Avg:  0.0, Max: 0, Diff: 0, Sum: 0, Workers: 4
[2296.159s][debug][gc,phases      ] GC(61)     Total                          Min: 0, Avg:  0.0, Max: 0, Diff: 0, Sum: 0, Workers: 4
[2296.159s][debug][gc,phases      ] GC(61)   StringDedup Requests1 Weak     Min:  0.0, Avg:  0.0, Max:  0.0, Diff:  0.0, Sum:  0.0, Workers: 4
[2296.159s][debug][gc,phases      ] GC(61)     Dead                           Min: 0, Avg:  0.0, Max: 0, Diff: 0, Sum: 0, Workers: 4
[2296.159s][debug][gc,phases      ] GC(61)     Total                          Min: 0, Avg:  0.0, Max: 0, Diff: 0, Sum: 0, Workers: 4
[2296.159s][debug][gc,phases      ] GC(61)   Weak JFR Old Object Samples    Min:  0.0, Avg:  0.0, Max:  0.0, Diff:  0.0, Sum:  0.0, Workers: 4
[2296.159s][debug][gc,phases      ] GC(61)     Dead                           Min: 0, Avg:  0.0, Max: 0, Diff: 0, Sum: 0, Workers: 4
[2296.159s][debug][gc,phases      ] GC(61)     Total                          Min: 0, Avg:  0.0, Max: 0, Diff: 0, Sum: 0, Workers: 4
[2296.159s][debug][gc,phases      ] GC(61) Weak Processing 0.395ms
[2296.159s][debug][gc,age         ] GC(61) Desired survivor size 49807360 bytes, new threshold 1 (max threshold 15)
[2296.159s][info ][gc,heap        ] GC(61) PSYoungGen: 1996896K(2046464K)->3264K(2044928K) Eden: 1994240K(1994240K)->0K(1994240K) From: 2656K(52224K)->3264K(50688K)
[2296.159s][info ][gc,heap        ] GC(61) ParOldGen: 380150K(380416K)->380798K(380928K)
[2296.159s][info ][gc,metaspace   ] GC(61) Metaspace: 105933K(107200K)->105933K(107200K) NonClass: 89936K(90624K)->89936K(90624K) Class: 15996K(16576K)->15996K(16576K)
[2296.159s][info ][gc             ] GC(61) Pause Young (Allocation Failure) 2321M->375M(2369M) 6.579ms
[2296.159s][info ][gc,cpu         ] GC(61) User=0.01s Sys=0.00s Real=0.01s
[2296.159s][info ][safepoint      ] Safepoint "ParallelGCFailedAllocation", Time since last: 381439127 ns, Reaching safepoint: 7700 ns, Cleanup: 5200 ns, At safepoint: 6652535 ns, Total: 6665435 ns
[2299.160s][info ][safepoint      ] Safepoint "Cleanup", Time since last: 3000229759 ns, Reaching safepoint: 7900 ns, Cleanup: 14300 ns, At safepoint: 2900 ns, Total: 25100 ns
[2322.161s][info ][safepoint      ] Safepoint "Cleanup", Time since last: 23001732756 ns, Reaching safepoint: 8100 ns, Cleanup: 15802 ns, At safepoint: 2700 ns, Total: 26602 ns
[2323.161s][info ][safepoint      ] Safepoint "Cleanup", Time since last: 1000125871 ns, Reaching safepoint: 8300 ns, Cleanup: 11301 ns, At safepoint: 2500 ns, Total: 22101 ns
[2325.162s][info ][safepoint      ] Safepoint "Cleanup", Time since last: 2000185237 ns, Reaching safepoint: 8601 ns, Cleanup: 12001 ns, At safepoint: 2600 ns, Total: 23202 ns
[2331.162s][info ][safepoint      ] Safepoint "Cleanup", Time since last: 6000475390 ns, Reaching safepoint: 8500 ns, Cleanup: 12000 ns, At safepoint: 3200 ns, Total: 23700 ns
[2332.162s][info ][safepoint      ] Safepoint "Cleanup", Time since last: 1000121091 ns, Reaching safepoint: 8000 ns, Cleanup: 16101 ns, At safepoint: 3000 ns, Total: 27101 ns
[2337.163s][info ][safepoint      ] Safepoint "Cleanup", Time since last: 5000419000 ns, Reaching safepoint: 8102 ns, Cleanup: 14604 ns, At safepoint: 3100 ns, Total: 25806 ns
[2347.787s][info ][safepoint      ] Safepoint "Cleanup", Time since last: 10624519350 ns, Reaching safepoint: 7100 ns, Cleanup: 12601 ns, At safepoint: 2600 ns, Total: 22301 ns
[2348.731s][info ][gc,start       ] GC(62) Pause Young (Allocation Failure)
[2348.734s][debug][gc,phases      ] GC(62) Scavenge 2.848ms
[2348.734s][debug][gc,ref         ] GC(62) Skipped SoftWeakFinalRefsPhase of Reference Processing: no references
[2348.734s][debug][gc,ref         ] GC(62) Skipped KeepAliveFinalRefsPhase of Reference Processing: no references
[2348.734s][debug][gc,ref         ] GC(62) Skipped PhantomRefsPhase of Reference Processing: no references
[2348.734s][debug][gc,phases      ] GC(62) Reference Processing 0.026ms
[2348.734s][debug][gc,phases      ] GC(62)   VM Weak                        Min:  0.0, Avg:  0.0, Max:  0.0, Diff:  0.0, Sum:  0.0, Workers: 4
[2348.734s][debug][gc,phases      ] GC(62)     Dead                           Min: 0, Avg:  0.0, Max: 0, Diff: 0, Sum: 0, Workers: 4
[2348.734s][debug][gc,phases      ] GC(62)     Total                          Min: 0, Avg: 233.8, Max: 487, Diff: 487, Sum: 935, Workers: 4
[2348.734s][debug][gc,phases      ] GC(62)   ObjectSynchronizer Weak        Min:  0.0, Avg:  0.0, Max:  0.0, Diff:  0.0, Sum:  0.0, Workers: 4
[2348.734s][debug][gc,phases      ] GC(62)     Dead                           Min: 0, Avg:  0.0, Max: 0, Diff: 0, Sum: 0, Workers: 4
[2348.734s][debug][gc,phases      ] GC(62)     Total                          Min: 0, Avg:  0.8, Max: 3, Diff: 3, Sum: 3, Workers: 4
[2348.734s][debug][gc,phases      ] GC(62)   JVMTI Tag Weak OopStorage      Min:  0.0, Avg:  0.0, Max:  0.0, Diff:  0.0, Sum:  0.0, Workers: 4
[2348.734s][debug][gc,phases      ] GC(62)     Dead                           Min: 0, Avg:  0.0, Max: 0, Diff: 0, Sum: 0, Workers: 4
[2348.734s][debug][gc,phases      ] GC(62)     Total                          Min: 0, Avg:  0.0, Max: 0, Diff: 0, Sum: 0, Workers: 4
[2348.734s][debug][gc,phases      ] GC(62)   StringTable Weak               Min:  0.0, Avg:  0.1, Max:  0.1, Diff:  0.1, Sum:  0.4, Workers: 4
[2348.734s][debug][gc,phases      ] GC(62)     Dead                           Min: 0, Avg:  0.0, Max: 0, Diff: 0, Sum: 0, Workers: 4
[2348.734s][debug][gc,phases      ] GC(62)     Total                          Min: 0, Avg: 11579.5, Max: 16511, Diff: 16511, Sum: 46318, Workers: 4
[2348.734s][debug][gc,phases      ] GC(62)   ResolvedMethodTable Weak       Min:  0.0, Avg:  0.0, Max:  0.0, Diff:  0.0, Sum:  0.1, Workers: 4
[2348.734s][debug][gc,phases      ] GC(62)     Dead                           Min: 0, Avg:  4.0, Max: 10, Diff: 10, Sum: 16, Workers: 4
[2348.734s][debug][gc,phases      ] GC(62)     Total                          Min: 0, Avg: 3775.2, Max: 5495, Diff: 5495, Sum: 15101, Workers: 4
[2348.734s][debug][gc,phases      ] GC(62)   JNI Weak                       Min:  0.0, Avg:  0.0, Max:  0.0, Diff:  0.0, Sum:  0.0, Workers: 4
[2348.734s][debug][gc,phases      ] GC(62)     Dead                           Min: 0, Avg:  0.0, Max: 0, Diff: 0, Sum: 0, Workers: 4
[2348.734s][debug][gc,phases      ] GC(62)     Total                          Min: 0, Avg: 13.0, Max: 48, Diff: 48, Sum: 52, Workers: 4
[2348.734s][debug][gc,phases      ] GC(62)   StringDedup Table Weak         Min:  0.0, Avg:  0.0, Max:  0.0, Diff:  0.0, Sum:  0.0, Workers: 4
[2348.734s][debug][gc,phases      ] GC(62)     Dead                           Min: 0, Avg:  0.0, Max: 0, Diff: 0, Sum: 0, Workers: 4
[2348.734s][debug][gc,phases      ] GC(62)     Total                          Min: 0, Avg:  0.0, Max: 0, Diff: 0, Sum: 0, Workers: 4
[2348.734s][debug][gc,phases      ] GC(62)   StringDedup Requests0 Weak     Min:  0.0, Avg:  0.0, Max:  0.0, Diff:  0.0, Sum:  0.0, Workers: 4
[2348.734s][debug][gc,phases      ] GC(62)     Dead                           Min: 0, Avg:  0.0, Max: 0, Diff: 0, Sum: 0, Workers: 4
[2348.734s][debug][gc,phases      ] GC(62)     Total                          Min: 0, Avg:  0.0, Max: 0, Diff: 0, Sum: 0, Workers: 4
[2348.734s][debug][gc,phases      ] GC(62)   StringDedup Requests1 Weak     Min:  0.0, Avg:  0.0, Max:  0.0, Diff:  0.0, Sum:  0.0, Workers: 4
[2348.734s][debug][gc,phases      ] GC(62)     Dead                           Min: 0, Avg:  0.0, Max: 0, Diff: 0, Sum: 0, Workers: 4
[2348.734s][debug][gc,phases      ] GC(62)     Total                          Min: 0, Avg:  0.0, Max: 0, Diff: 0, Sum: 0, Workers: 4
[2348.734s][debug][gc,phases      ] GC(62)   Weak JFR Old Object Samples    Min:  0.0, Avg:  0.0, Max:  0.0, Diff:  0.0, Sum:  0.0, Workers: 4
[2348.734s][debug][gc,phases      ] GC(62)     Dead                           Min: 0, Avg:  0.0, Max: 0, Diff: 0, Sum: 0, Workers: 4
[2348.734s][debug][gc,phases      ] GC(62)     Total                          Min: 0, Avg:  0.0, Max: 0, Diff: 0, Sum: 0, Workers: 4
[2348.734s][debug][gc,phases      ] GC(62) Weak Processing 0.384ms
[2348.734s][debug][gc,age         ] GC(62) Desired survivor size 47710208 bytes, new threshold 1 (max threshold 15)
[2348.734s][info ][gc,heap        ] GC(62) PSYoungGen: 1997504K(2044928K)->2080K(2050560K) Eden: 1994240K(1994240K)->0K(2001920K) From: 3264K(50688K)->2080K(48640K)
[2348.734s][info ][gc,heap        ] GC(62) ParOldGen: 380798K(380928K)->382526K(382976K)
[2348.734s][info ][gc,metaspace   ] GC(62) Metaspace: 105942K(107200K)->105942K(107200K) NonClass: 89945K(90624K)->89945K(90624K) Class: 15996K(16576K)->15996K(16576K)
[2348.734s][info ][gc             ] GC(62) Pause Young (Allocation Failure) 2322M->375M(2376M) 3.380ms
[2348.734s][info ][gc,cpu         ] GC(62) User=0.01s Sys=0.00s Real=0.00s
[2348.734s][info ][safepoint      ] Safepoint "ParallelGCFailedAllocation", Time since last: 943451633 ns, Reaching safepoint: 6200 ns, Cleanup: 4301 ns, At safepoint: 3453668 ns, Total: 3464169 ns
[2362.735s][info ][safepoint      ] Safepoint "Cleanup", Time since last: 14000960284 ns, Reaching safepoint: 5700 ns, Cleanup: 11101 ns, At safepoint: 2300 ns, Total: 19101 ns
[2367.736s][info ][safepoint      ] Safepoint "Cleanup", Time since last: 5000386850 ns, Reaching safepoint: 6301 ns, Cleanup: 10400 ns, At safepoint: 35002 ns, Total: 51703 ns
[2368.736s][info ][safepoint      ] Safepoint "Cleanup", Time since last: 1000104857 ns, Reaching safepoint: 5800 ns, Cleanup: 8100 ns, At safepoint: 2401 ns, Total: 16301 ns
[2371.736s][info ][safepoint      ] Safepoint "Cleanup", Time since last: 3000253313 ns, Reaching safepoint: 8600 ns, Cleanup: 12101 ns, At safepoint: 2900 ns, Total: 23601 ns
[2383.737s][info ][safepoint      ] Safepoint "Cleanup", Time since last: 12000891497 ns, Reaching safepoint: 8200 ns, Cleanup: 11301 ns, At safepoint: 2300 ns, Total: 21801 ns
[2397.738s][info ][safepoint      ] Safepoint "Cleanup", Time since last: 14001126714 ns, Reaching safepoint: 7600 ns, Cleanup: 13900 ns, At safepoint: 2401 ns, Total: 23901 ns
[2401.743s][info ][gc,start       ] GC(63) Pause Young (Allocation Failure)
[2401.745s][debug][gc,phases      ] GC(63) Scavenge 2.556ms
[2401.745s][debug][gc,ref         ] GC(63) Skipped SoftWeakFinalRefsPhase of Reference Processing: no references
[2401.745s][debug][gc,ref         ] GC(63) Skipped KeepAliveFinalRefsPhase of Reference Processing: no references
[2401.745s][debug][gc,ref         ] GC(63) Skipped PhantomRefsPhase of Reference Processing: no references
[2401.745s][debug][gc,phases      ] GC(63) Reference Processing 0.025ms
[2401.745s][debug][gc,phases      ] GC(63)   VM Weak                        Min:  0.0, Avg:  0.0, Max:  0.0, Diff:  0.0, Sum:  0.0, Workers: 4
[2401.745s][debug][gc,phases      ] GC(63)     Dead                           Min: 0, Avg:  0.0, Max: 0, Diff: 0, Sum: 0, Workers: 4
[2401.745s][debug][gc,phases      ] GC(63)     Total                          Min: 0, Avg: 233.8, Max: 743, Diff: 743, Sum: 935, Workers: 4
[2401.745s][debug][gc,phases      ] GC(63)   ObjectSynchronizer Weak        Min:  0.0, Avg:  0.0, Max:  0.0, Diff:  0.0, Sum:  0.0, Workers: 4
[2401.745s][debug][gc,phases      ] GC(63)     Dead                           Min: 0, Avg:  0.0, Max: 0, Diff: 0, Sum: 0, Workers: 4
[2401.745s][debug][gc,phases      ] GC(63)     Total                          Min: 0, Avg:  0.8, Max: 3, Diff: 3, Sum: 3, Workers: 4
[2401.746s][debug][gc,phases      ] GC(63)   JVMTI Tag Weak OopStorage      Min:  0.0, Avg:  0.0, Max:  0.0, Diff:  0.0, Sum:  0.0, Workers: 4
[2401.746s][debug][gc,phases      ] GC(63)     Dead                           Min: 0, Avg:  0.0, Max: 0, Diff: 0, Sum: 0, Workers: 4
[2401.746s][debug][gc,phases      ] GC(63)     Total                          Min: 0, Avg:  0.0, Max: 0, Diff: 0, Sum: 0, Workers: 4
[2401.746s][debug][gc,phases      ] GC(63)   StringTable Weak               Min:  0.0, Avg:  0.1, Max:  0.1, Diff:  0.1, Sum:  0.4, Workers: 4
[2401.746s][debug][gc,phases      ] GC(63)     Dead                           Min: 0, Avg:  0.0, Max: 0, Diff: 0, Sum: 0, Workers: 4
[2401.746s][debug][gc,phases      ] GC(63)     Total                          Min: 0, Avg: 11580.2, Max: 16435, Diff: 16435, Sum: 46321, Workers: 4
[2401.746s][debug][gc,phases      ] GC(63)   ResolvedMethodTable Weak       Min:  0.0, Avg:  0.0, Max:  0.0, Diff:  0.0, Sum:  0.1, Workers: 4
[2401.746s][debug][gc,phases      ] GC(63)     Dead                           Min: 0, Avg:  4.0, Max: 16, Diff: 16, Sum: 16, Workers: 4
[2401.746s][debug][gc,phases      ] GC(63)     Total                          Min: 0, Avg: 3775.2, Max: 6323, Diff: 6323, Sum: 15101, Workers: 4
[2401.746s][debug][gc,phases      ] GC(63)   JNI Weak                       Min:  0.0, Avg:  0.0, Max:  0.0, Diff:  0.0, Sum:  0.0, Workers: 4
[2401.746s][debug][gc,phases      ] GC(63)     Dead                           Min: 0, Avg:  0.0, Max: 0, Diff: 0, Sum: 0, Workers: 4
[2401.746s][debug][gc,phases      ] GC(63)     Total                          Min: 0, Avg: 13.0, Max: 48, Diff: 48, Sum: 52, Workers: 4
[2401.746s][debug][gc,phases      ] GC(63)   StringDedup Table Weak         Min:  0.0, Avg:  0.0, Max:  0.0, Diff:  0.0, Sum:  0.0, Workers: 4
[2401.746s][debug][gc,phases      ] GC(63)     Dead                           Min: 0, Avg:  0.0, Max: 0, Diff: 0, Sum: 0, Workers: 4
[2401.746s][debug][gc,phases      ] GC(63)     Total                          Min: 0, Avg:  0.0, Max: 0, Diff: 0, Sum: 0, Workers: 4
[2401.746s][debug][gc,phases      ] GC(63)   StringDedup Requests0 Weak     Min:  0.0, Avg:  0.0, Max:  0.0, Diff:  0.0, Sum:  0.0, Workers: 4
[2401.746s][debug][gc,phases      ] GC(63)     Dead                           Min: 0, Avg:  0.0, Max: 0, Diff: 0, Sum: 0, Workers: 4
[2401.746s][debug][gc,phases      ] GC(63)     Total                          Min: 0, Avg:  0.0, Max: 0, Diff: 0, Sum: 0, Workers: 4
[2401.746s][debug][gc,phases      ] GC(63)   StringDedup Requests1 Weak     Min:  0.0, Avg:  0.0, Max:  0.0, Diff:  0.0, Sum:  0.0, Workers: 4
[2401.746s][debug][gc,phases      ] GC(63)     Dead                           Min: 0, Avg:  0.0, Max: 0, Diff: 0, Sum: 0, Workers: 4
[2401.746s][debug][gc,phases      ] GC(63)     Total                          Min: 0, Avg:  0.0, Max: 0, Diff: 0, Sum: 0, Workers: 4
[2401.746s][debug][gc,phases      ] GC(63)   Weak JFR Old Object Samples    Min:  0.0, Avg:  0.0, Max:  0.0, Diff:  0.0, Sum:  0.0, Workers: 4
[2401.746s][debug][gc,phases      ] GC(63)     Dead                           Min: 0, Avg:  0.0, Max: 0, Diff: 0, Sum: 0, Workers: 4
[2401.746s][debug][gc,phases      ] GC(63)     Total                          Min: 0, Avg:  0.0, Max: 0, Diff: 0, Sum: 0, Workers: 4
[2401.746s][debug][gc,phases      ] GC(63) Weak Processing 0.433ms
[2401.746s][debug][gc,age         ] GC(63) Desired survivor size 45613056 bytes, new threshold 1 (max threshold 15)
[2401.746s][info ][gc,heap        ] GC(63) PSYoungGen: 2004000K(2050560K)->1632K(2048512K) Eden: 2001920K(2001920K)->0K(2001920K) From: 2080K(48640K)->1632K(46592K)
[2401.746s][info ][gc,heap        ] GC(63) ParOldGen: 382526K(382976K)->383595K(384000K)
[2401.746s][info ][gc,metaspace   ] GC(63) Metaspace: 105971K(107264K)->105971K(107264K) NonClass: 89975K(90688K)->89975K(90688K) Class: 15996K(16576K)->15996K(16576K)
[2401.746s][info ][gc             ] GC(63) Pause Young (Allocation Failure) 2330M->376M(2375M) 3.143ms
[2401.746s][info ][gc,cpu         ] GC(63) User=0.01s Sys=0.00s Real=0.01s
[2401.746s][info ][safepoint      ] Safepoint "ParallelGCFailedAllocation", Time since last: 4004406963 ns, Reaching safepoint: 6100 ns, Cleanup: 4300 ns, At safepoint: 3214716 ns, Total: 3225116 ns
[2410.746s][info ][safepoint      ] Safepoint "Cleanup", Time since last: 9000632636 ns, Reaching safepoint: 5301 ns, Cleanup: 9600 ns, At safepoint: 2500 ns, Total: 17401 ns
[2413.747s][info ][safepoint      ] Safepoint "Cleanup", Time since last: 3000244348 ns, Reaching safepoint: 6100 ns, Cleanup: 11301 ns, At safepoint: 2800 ns, Total: 20201 ns
[2417.747s][info ][safepoint      ] Safepoint "Cleanup", Time since last: 4000313583 ns, Reaching safepoint: 6101 ns, Cleanup: 9300 ns, At safepoint: 2700 ns, Total: 18101 ns
[2421.747s][info ][safepoint      ] Safepoint "Cleanup", Time since last: 4000298468 ns, Reaching safepoint: 6400 ns, Cleanup: 9401 ns, At safepoint: 2400 ns, Total: 18201 ns
[2422.747s][info ][safepoint      ] Safepoint "Cleanup", Time since last: 1000118518 ns, Reaching safepoint: 8001 ns, Cleanup: 16800 ns, At safepoint: 3300 ns, Total: 28101 ns
[2431.748s][info ][safepoint      ] Safepoint "Cleanup", Time since last: 9000669542 ns, Reaching safepoint: 6800 ns, Cleanup: 9900 ns, At safepoint: 25901 ns, Total: 42601 ns
[2434.748s][info ][safepoint      ] Safepoint "Cleanup", Time since last: 3000244713 ns, Reaching safepoint: 9000 ns, Cleanup: 10801 ns, At safepoint: 2400 ns, Total: 22201 ns
[2440.749s][info ][safepoint      ] Safepoint "Cleanup", Time since last: 6000499818 ns, Reaching safepoint: 8400 ns, Cleanup: 13801 ns, At safepoint: 2300 ns, Total: 24501 ns
[2441.749s][info ][safepoint      ] Safepoint "Cleanup", Time since last: 1000114396 ns, Reaching safepoint: 7401 ns, Cleanup: 10700 ns, At safepoint: 2600 ns, Total: 20701 ns
[2443.749s][info ][safepoint      ] Safepoint "Cleanup", Time since last: 2000186591 ns, Reaching safepoint: 7001 ns, Cleanup: 10700 ns, At safepoint: 2500 ns, Total: 20201 ns
[2449.654s][info ][gc,start       ] GC(64) Pause Young (Allocation Failure)
[2449.660s][debug][gc,phases      ] GC(64) Scavenge 5.349ms
[2449.660s][debug][gc,ref         ] GC(64) Skipped SoftWeakFinalRefsPhase of Reference Processing: no references
[2449.660s][debug][gc,ref         ] GC(64) Skipped KeepAliveFinalRefsPhase of Reference Processing: no references
[2449.660s][debug][gc,ref         ] GC(64) ReferenceProcessor::execute queues: 1, RefProcThreadModel::Single, marks_oops_alive: false
[2449.660s][debug][gc,phases      ] GC(64) Reference Processing 0.133ms
[2449.660s][debug][gc,phases      ] GC(64)   VM Weak                        Min:  0.0, Avg:  0.0, Max:  0.0, Diff:  0.0, Sum:  0.0, Workers: 4
[2449.660s][debug][gc,phases      ] GC(64)     Dead                           Min: 0, Avg:  0.0, Max: 0, Diff: 0, Sum: 0, Workers: 4
[2449.660s][debug][gc,phases      ] GC(64)     Total                          Min: 0, Avg: 233.8, Max: 871, Diff: 871, Sum: 935, Workers: 4
[2449.660s][debug][gc,phases      ] GC(64)   ObjectSynchronizer Weak        Min:  0.0, Avg:  0.0, Max:  0.0, Diff:  0.0, Sum:  0.0, Workers: 4
[2449.660s][debug][gc,phases      ] GC(64)     Dead                           Min: 0, Avg:  0.0, Max: 0, Diff: 0, Sum: 0, Workers: 4
[2449.660s][debug][gc,phases      ] GC(64)     Total                          Min: 0, Avg:  1.0, Max: 4, Diff: 4, Sum: 4, Workers: 4
[2449.660s][debug][gc,phases      ] GC(64)   JVMTI Tag Weak OopStorage      Min:  0.0, Avg:  0.0, Max:  0.0, Diff:  0.0, Sum:  0.0, Workers: 4
[2449.660s][debug][gc,phases      ] GC(64)     Dead                           Min: 0, Avg:  0.0, Max: 0, Diff: 0, Sum: 0, Workers: 4
[2449.660s][debug][gc,phases      ] GC(64)     Total                          Min: 0, Avg:  0.0, Max: 0, Diff: 0, Sum: 0, Workers: 4
[2449.660s][debug][gc,phases      ] GC(64)   StringTable Weak               Min:  0.0, Avg:  0.1, Max:  0.2, Diff:  0.2, Sum:  0.4, Workers: 4
[2449.660s][debug][gc,phases      ] GC(64)     Dead                           Min: 0, Avg:  0.0, Max: 0, Diff: 0, Sum: 0, Workers: 4
[2449.660s][debug][gc,phases      ] GC(64)     Total                          Min: 0, Avg: 11580.2, Max: 23166, Diff: 23166, Sum: 46321, Workers: 4
[2449.660s][debug][gc,phases      ] GC(64)   ResolvedMethodTable Weak       Min:  0.0, Avg:  0.0, Max:  0.1, Diff:  0.1, Sum:  0.2, Workers: 4
[2449.660s][debug][gc,phases      ] GC(64)     Dead                           Min: 0, Avg:  4.0, Max: 16, Diff: 16, Sum: 16, Workers: 4
[2449.660s][debug][gc,phases      ] GC(64)     Total                          Min: 0, Avg: 3775.2, Max: 7572, Diff: 7572, Sum: 15101, Workers: 4
[2449.660s][debug][gc,phases      ] GC(64)   JNI Weak                       Min:  0.0, Avg:  0.0, Max:  0.0, Diff:  0.0, Sum:  0.0, Workers: 4
[2449.660s][debug][gc,phases      ] GC(64)     Dead                           Min: 0, Avg:  0.0, Max: 0, Diff: 0, Sum: 0, Workers: 4
[2449.660s][debug][gc,phases      ] GC(64)     Total                          Min: 0, Avg: 13.0, Max: 48, Diff: 48, Sum: 52, Workers: 4
[2449.660s][debug][gc,phases      ] GC(64)   StringDedup Table Weak         Min:  0.0, Avg:  0.0, Max:  0.0, Diff:  0.0, Sum:  0.0, Workers: 4
[2449.660s][debug][gc,phases      ] GC(64)     Dead                           Min: 0, Avg:  0.0, Max: 0, Diff: 0, Sum: 0, Workers: 4
[2449.660s][debug][gc,phases      ] GC(64)     Total                          Min: 0, Avg:  0.0, Max: 0, Diff: 0, Sum: 0, Workers: 4
[2449.660s][debug][gc,phases      ] GC(64)   StringDedup Requests0 Weak     Min:  0.0, Avg:  0.0, Max:  0.0, Diff:  0.0, Sum:  0.0, Workers: 4
[2449.660s][debug][gc,phases      ] GC(64)     Dead                           Min: 0, Avg:  0.0, Max: 0, Diff: 0, Sum: 0, Workers: 4
[2449.660s][debug][gc,phases      ] GC(64)     Total                          Min: 0, Avg:  0.0, Max: 0, Diff: 0, Sum: 0, Workers: 4
[2449.660s][debug][gc,phases      ] GC(64)   StringDedup Requests1 Weak     Min:  0.0, Avg:  0.0, Max:  0.0, Diff:  0.0, Sum:  0.0, Workers: 4
[2449.660s][debug][gc,phases      ] GC(64)     Dead                           Min: 0, Avg:  0.0, Max: 0, Diff: 0, Sum: 0, Workers: 4
[2449.660s][debug][gc,phases      ] GC(64)     Total                          Min: 0, Avg:  0.0, Max: 0, Diff: 0, Sum: 0, Workers: 4
[2449.660s][debug][gc,phases      ] GC(64)   Weak JFR Old Object Samples    Min:  0.0, Avg:  0.0, Max:  0.0, Diff:  0.0, Sum:  0.0, Workers: 4
[2449.660s][debug][gc,phases      ] GC(64)     Dead                           Min: 0, Avg:  0.0, Max: 0, Diff: 0, Sum: 0, Workers: 4
[2449.660s][debug][gc,phases      ] GC(64)     Total                          Min: 0, Avg:  0.0, Max: 0, Diff: 0, Sum: 0, Workers: 4
[2449.660s][debug][gc,phases      ] GC(64) Weak Processing 0.555ms
[2449.660s][debug][gc,age         ] GC(64) Desired survivor size 43515904 bytes, new threshold 1 (max threshold 15)
[2449.660s][info ][gc,heap        ] GC(64) PSYoungGen: 2003552K(2048512K)->3824K(2054656K) Eden: 2001920K(2001920K)->0K(2010112K) From: 1632K(46592K)->3824K(44544K)
[2449.660s][info ][gc,heap        ] GC(64) ParOldGen: 383595K(384000K)->384067K(384512K)
[2449.660s][info ][gc,metaspace   ] GC(64) Metaspace: 105980K(107264K)->105980K(107264K) NonClass: 89983K(90688K)->89983K(90688K) Class: 15996K(16576K)->15996K(16576K)
[2449.660s][info ][gc             ] GC(64) Pause Young (Allocation Failure) 2331M->378M(2382M) 6.212ms
[2449.660s][info ][gc,cpu         ] GC(64) User=0.01s Sys=0.00s Real=0.01s
[2449.660s][info ][safepoint      ] Safepoint "ParallelGCFailedAllocation", Time since last: 5904844537 ns, Reaching safepoint: 7300 ns, Cleanup: 4900 ns, At safepoint: 6296417 ns, Total: 6308617 ns
[2451.661s][info ][safepoint      ] Safepoint "Cleanup", Time since last: 2000185292 ns, Reaching safepoint: 8000 ns, Cleanup: 27101 ns, At safepoint: 3300 ns, Total: 38401 ns
[2452.661s][info ][safepoint      ] Safepoint "Cleanup", Time since last: 1000123447 ns, Reaching safepoint: 7100 ns, Cleanup: 14701 ns, At safepoint: 3000 ns, Total: 24801 ns
[2453.661s][info ][safepoint      ] Safepoint "Cleanup", Time since last: 1000117747 ns, Reaching safepoint: 7600 ns, Cleanup: 14701 ns, At safepoint: 2600 ns, Total: 24901 ns
[2462.823s][info ][safepoint      ] Safepoint "Cleanup", Time since last: 9162393667 ns, Reaching safepoint: 7601 ns, Cleanup: 11600 ns, At safepoint: 2400 ns, Total: 21601 ns
[2467.824s][info ][safepoint      ] Safepoint "Cleanup", Time since last: 5000425527 ns, Reaching safepoint: 7801 ns, Cleanup: 14700 ns, At safepoint: 2300 ns, Total: 24801 ns
[2468.824s][info ][safepoint      ] Safepoint "Cleanup", Time since last: 1000134730 ns, Reaching safepoint: 9900 ns, Cleanup: 13901 ns, At safepoint: 10800 ns, Total: 34601 ns
[2470.824s][info ][safepoint      ] Safepoint "Cleanup", Time since last: 2000203457 ns, Reaching safepoint: 97504 ns, Cleanup: 14800 ns, At safepoint: 12201 ns, Total: 124505 ns
[2472.825s][info ][safepoint      ] Safepoint "Cleanup", Time since last: 2000248535 ns, Reaching safepoint: 7300 ns, Cleanup: 14000 ns, At safepoint: 2600 ns, Total: 23900 ns
[2475.825s][info ][safepoint      ] Safepoint "Cleanup", Time since last: 3000288329 ns, Reaching safepoint: 8601 ns, Cleanup: 15800 ns, At safepoint: 2800 ns, Total: 27201 ns
[2480.825s][info ][safepoint      ] Safepoint "Cleanup", Time since last: 5000401968 ns, Reaching safepoint: 6600 ns, Cleanup: 11500 ns, At safepoint: 2300 ns, Total: 20400 ns
[2482.826s][info ][safepoint      ] Safepoint "Cleanup", Time since last: 2000194911 ns, Reaching safepoint: 7901 ns, Cleanup: 22801 ns, At safepoint: 2400 ns, Total: 33102 ns
[2486.826s][info ][safepoint      ] Safepoint "Cleanup", Time since last: 4000355321 ns, Reaching safepoint: 6800 ns, Cleanup: 13300 ns, At safepoint: 2700 ns, Total: 22800 ns
[2487.826s][info ][safepoint      ] Safepoint "Cleanup", Time since last: 1000108156 ns, Reaching safepoint: 7001 ns, Cleanup: 12700 ns, At safepoint: 2600 ns, Total: 22301 ns
[2488.826s][info ][safepoint      ] Safepoint "Cleanup", Time since last: 1000116696 ns, Reaching safepoint: 7000 ns, Cleanup: 21601 ns, At safepoint: 29401 ns, Total: 58002 ns
[2492.827s][info ][safepoint      ] Safepoint "Cleanup", Time since last: 4000316593 ns, Reaching safepoint: 6600 ns, Cleanup: 12600 ns, At safepoint: 2600 ns, Total: 21800 ns
[2494.827s][info ][safepoint      ] Safepoint "Cleanup", Time since last: 2000203348 ns, Reaching safepoint: 7201 ns, Cleanup: 12000 ns, At safepoint: 2300 ns, Total: 21501 ns
[2498.827s][info ][safepoint      ] Safepoint "Cleanup", Time since last: 4000343990 ns, Reaching safepoint: 6400 ns, Cleanup: 12801 ns, At safepoint: 2900 ns, Total: 22101 ns
[2499.766s][info ][gc,start       ] GC(65) Pause Young (Allocation Failure)
[2499.769s][debug][gc,phases      ] GC(65) Scavenge 3.261ms
[2499.769s][debug][gc,ref         ] GC(65) Skipped SoftWeakFinalRefsPhase of Reference Processing: no references
[2499.769s][debug][gc,ref         ] GC(65) Skipped KeepAliveFinalRefsPhase of Reference Processing: no references
[2499.769s][debug][gc,ref         ] GC(65) Skipped PhantomRefsPhase of Reference Processing: no references
[2499.769s][debug][gc,phases      ] GC(65) Reference Processing 0.020ms
[2499.769s][debug][gc,phases      ] GC(65)   VM Weak                        Min:  0.0, Avg:  0.0, Max:  0.0, Diff:  0.0, Sum:  0.0, Workers: 4
[2499.769s][debug][gc,phases      ] GC(65)     Dead                           Min: 0, Avg:  0.0, Max: 0, Diff: 0, Sum: 0, Workers: 4
[2499.769s][debug][gc,phases      ] GC(65)     Total                          Min: 0, Avg: 233.8, Max: 512, Diff: 512, Sum: 935, Workers: 4
[2499.769s][debug][gc,phases      ] GC(65)   ObjectSynchronizer Weak        Min:  0.0, Avg:  0.0, Max:  0.0, Diff:  0.0, Sum:  0.0, Workers: 4
[2499.769s][debug][gc,phases      ] GC(65)     Dead                           Min: 0, Avg:  0.0, Max: 0, Diff: 0, Sum: 0, Workers: 4
[2499.769s][debug][gc,phases      ] GC(65)     Total                          Min: 0, Avg:  1.0, Max: 4, Diff: 4, Sum: 4, Workers: 4
[2499.769s][debug][gc,phases      ] GC(65)   JVMTI Tag Weak OopStorage      Min:  0.0, Avg:  0.0, Max:  0.0, Diff:  0.0, Sum:  0.0, Workers: 4
[2499.769s][debug][gc,phases      ] GC(65)     Dead                           Min: 0, Avg:  0.0, Max: 0, Diff: 0, Sum: 0, Workers: 4
[2499.769s][debug][gc,phases      ] GC(65)     Total                          Min: 0, Avg:  0.0, Max: 0, Diff: 0, Sum: 0, Workers: 4
[2499.769s][debug][gc,phases      ] GC(65)   StringTable Weak               Min:  0.1, Avg:  0.1, Max:  0.1, Diff:  0.0, Sum:  0.5, Workers: 4
[2499.769s][debug][gc,phases      ] GC(65)     Dead                           Min: 0, Avg:  0.0, Max: 0, Diff: 0, Sum: 0, Workers: 4
[2499.769s][debug][gc,phases      ] GC(65)     Total                          Min: 11059, Avg: 11580.2, Max: 12286, Diff: 1227, Sum: 46321, Workers: 4
[2499.769s][debug][gc,phases      ] GC(65)   ResolvedMethodTable Weak       Min:  0.0, Avg:  0.0, Max:  0.0, Diff:  0.0, Sum:  0.2, Workers: 4
[2499.769s][debug][gc,phases      ] GC(65)     Dead                           Min: 0, Avg:  4.0, Max: 16, Diff: 16, Sum: 16, Workers: 4
[2499.769s][debug][gc,phases      ] GC(65)     Total                          Min: 3508, Avg: 3775.2, Max: 3971, Diff: 463, Sum: 15101, Workers: 4
[2499.769s][debug][gc,phases      ] GC(65)   JNI Weak                       Min:  0.0, Avg:  0.0, Max:  0.0, Diff:  0.0, Sum:  0.0, Workers: 4
[2499.769s][debug][gc,phases      ] GC(65)     Dead                           Min: 0, Avg:  0.0, Max: 0, Diff: 0, Sum: 0, Workers: 4
[2499.769s][debug][gc,phases      ] GC(65)     Total                          Min: 0, Avg: 13.0, Max: 48, Diff: 48, Sum: 52, Workers: 4
[2499.769s][debug][gc,phases      ] GC(65)   StringDedup Table Weak         Min:  0.0, Avg:  0.0, Max:  0.0, Diff:  0.0, Sum:  0.0, Workers: 4
[2499.769s][debug][gc,phases      ] GC(65)     Dead                           Min: 0, Avg:  0.0, Max: 0, Diff: 0, Sum: 0, Workers: 4
[2499.769s][debug][gc,phases      ] GC(65)     Total                          Min: 0, Avg:  0.0, Max: 0, Diff: 0, Sum: 0, Workers: 4
[2499.769s][debug][gc,phases      ] GC(65)   StringDedup Requests0 Weak     Min:  0.0, Avg:  0.0, Max:  0.0, Diff:  0.0, Sum:  0.0, Workers: 4
[2499.769s][debug][gc,phases      ] GC(65)     Dead                           Min: 0, Avg:  0.0, Max: 0, Diff: 0, Sum: 0, Workers: 4
[2499.769s][debug][gc,phases      ] GC(65)     Total                          Min: 0, Avg:  0.0, Max: 0, Diff: 0, Sum: 0, Workers: 4
[2499.769s][debug][gc,phases      ] GC(65)   StringDedup Requests1 Weak     Min:  0.0, Avg:  0.0, Max:  0.0, Diff:  0.0, Sum:  0.0, Workers: 4
[2499.769s][debug][gc,phases      ] GC(65)     Dead                           Min: 0, Avg:  0.0, Max: 0, Diff: 0, Sum: 0, Workers: 4
[2499.769s][debug][gc,phases      ] GC(65)     Total                          Min: 0, Avg:  0.0, Max: 0, Diff: 0, Sum: 0, Workers: 4
[2499.769s][debug][gc,phases      ] GC(65)   Weak JFR Old Object Samples    Min:  0.0, Avg:  0.0, Max:  0.0, Diff:  0.0, Sum:  0.0, Workers: 4
[2499.769s][debug][gc,phases      ] GC(65)     Dead                           Min: 0, Avg:  0.0, Max: 0, Diff: 0, Sum: 0, Workers: 4
[2499.769s][debug][gc,phases      ] GC(65)     Total                          Min: 0, Avg:  0.0, Max: 0, Diff: 0, Sum: 0, Workers: 4
[2499.769s][debug][gc,phases      ] GC(65) Weak Processing 0.360ms
[2499.769s][debug][gc,age         ] GC(65) Desired survivor size 41418752 bytes, new threshold 1 (max threshold 15)
[2499.769s][info ][gc,heap        ] GC(65) PSYoungGen: 2013936K(2054656K)->2592K(2052608K) Eden: 2010112K(2010112K)->0K(2010112K) From: 3824K(44544K)->2592K(42496K)
[2499.769s][info ][gc,heap        ] GC(65) ParOldGen: 384067K(384512K)->385615K(386048K)
[2499.769s][info ][gc,metaspace   ] GC(65) Metaspace: 105995K(107264K)->105995K(107264K) NonClass: 89999K(90688K)->89999K(90688K) Class: 15996K(16576K)->15996K(16576K)
[2499.769s][info ][gc             ] GC(65) Pause Young (Allocation Failure) 2341M->379M(2381M) 3.760ms
[2499.769s][info ][gc,cpu         ] GC(65) User=0.01s Sys=0.00s Real=0.00s
[2499.770s][info ][safepoint      ] Safepoint "ParallelGCFailedAllocation", Time since last: 938502517 ns, Reaching safepoint: 6400 ns, Cleanup: 4700 ns, At safepoint: 3841334 ns, Total: 3852434 ns
[2508.770s][info ][safepoint      ] Safepoint "Cleanup", Time since last: 9000641976 ns, Reaching safepoint: 6200 ns, Cleanup: 9201 ns, At safepoint: 2400 ns, Total: 17801 ns
[2510.770s][info ][safepoint      ] Safepoint "Cleanup", Time since last: 2000178817 ns, Reaching safepoint: 6500 ns, Cleanup: 9401 ns, At safepoint: 2500 ns, Total: 18401 ns
[2516.771s][info ][safepoint      ] Safepoint "Cleanup", Time since last: 6000463656 ns, Reaching safepoint: 6001 ns, Cleanup: 14802 ns, At safepoint: 2500 ns, Total: 23303 ns
[2517.771s][info ][safepoint      ] Safepoint "Cleanup", Time since last: 1000105633 ns, Reaching safepoint: 7101 ns, Cleanup: 9302 ns, At safepoint: 2300 ns, Total: 18703 ns
[2521.840s][info ][safepoint      ] Safepoint "Cleanup", Time since last: 4069454627 ns, Reaching safepoint: 6601 ns, Cleanup: 10702 ns, At safepoint: 2200 ns, Total: 19503 ns
[2523.841s][info ][safepoint      ] Safepoint "Cleanup", Time since last: 2000192345 ns, Reaching safepoint: 6802 ns, Cleanup: 11302 ns, At safepoint: 3000 ns, Total: 21104 ns
[2529.841s][info ][safepoint      ] Safepoint "Cleanup", Time since last: 6000458028 ns, Reaching safepoint: 6601 ns, Cleanup: 12302 ns, At safepoint: 3200 ns, Total: 22103 ns
[2548.776s][info ][gc,start       ] GC(66) Pause Young (Allocation Failure)
[2548.779s][debug][gc,phases      ] GC(66) Scavenge 3.221ms
[2548.779s][debug][gc,ref         ] GC(66) Skipped SoftWeakFinalRefsPhase of Reference Processing: no references
[2548.779s][debug][gc,ref         ] GC(66) Skipped KeepAliveFinalRefsPhase of Reference Processing: no references
[2548.779s][debug][gc,ref         ] GC(66) Skipped PhantomRefsPhase of Reference Processing: no references
[2548.779s][debug][gc,phases      ] GC(66) Reference Processing 0.038ms
[2548.780s][debug][gc,phases      ] GC(66)   VM Weak                        Min:  0.0, Avg:  0.0, Max:  0.0, Diff:  0.0, Sum:  0.0, Workers: 4
[2548.780s][debug][gc,phases      ] GC(66)     Dead                           Min: 0, Avg:  0.0, Max: 0, Diff: 0, Sum: 0, Workers: 4
[2548.780s][debug][gc,phases      ] GC(66)     Total                          Min: 0, Avg: 233.8, Max: 487, Diff: 487, Sum: 935, Workers: 4
[2548.780s][debug][gc,phases      ] GC(66)   ObjectSynchronizer Weak        Min:  0.0, Avg:  0.0, Max:  0.0, Diff:  0.0, Sum:  0.0, Workers: 4
[2548.780s][debug][gc,phases      ] GC(66)     Dead                           Min: 0, Avg:  0.0, Max: 0, Diff: 0, Sum: 0, Workers: 4
[2548.780s][debug][gc,phases      ] GC(66)     Total                          Min: 0, Avg:  1.0, Max: 4, Diff: 4, Sum: 4, Workers: 4
[2548.780s][debug][gc,phases      ] GC(66)   JVMTI Tag Weak OopStorage      Min:  0.0, Avg:  0.0, Max:  0.0, Diff:  0.0, Sum:  0.0, Workers: 4
[2548.780s][debug][gc,phases      ] GC(66)     Dead                           Min: 0, Avg:  0.0, Max: 0, Diff: 0, Sum: 0, Workers: 4
[2548.780s][debug][gc,phases      ] GC(66)     Total                          Min: 0, Avg:  0.0, Max: 0, Diff: 0, Sum: 0, Workers: 4
[2548.780s][debug][gc,phases      ] GC(66)   StringTable Weak               Min:  0.0, Avg:  0.1, Max:  0.2, Diff:  0.2, Sum:  0.5, Workers: 4
[2548.780s][debug][gc,phases      ] GC(66)     Dead                           Min: 0, Avg:  0.0, Max: 0, Diff: 0, Sum: 0, Workers: 4
[2548.780s][debug][gc,phases      ] GC(66)     Total                          Min: 0, Avg: 11580.5, Max: 16894, Diff: 16894, Sum: 46322, Workers: 4
[2548.780s][debug][gc,phases      ] GC(66)   ResolvedMethodTable Weak       Min:  0.0, Avg:  0.0, Max:  0.1, Diff:  0.1, Sum:  0.2, Workers: 4
[2548.780s][debug][gc,phases      ] GC(66)     Dead                           Min: 0, Avg:  4.0, Max: 16, Diff: 16, Sum: 16, Workers: 4
[2548.780s][debug][gc,phases      ] GC(66)     Total                          Min: 0, Avg: 3775.2, Max: 5410, Diff: 5410, Sum: 15101, Workers: 4
[2548.780s][debug][gc,phases      ] GC(66)   JNI Weak                       Min:  0.0, Avg:  0.0, Max:  0.0, Diff:  0.0, Sum:  0.0, Workers: 4
[2548.780s][debug][gc,phases      ] GC(66)     Dead                           Min: 0, Avg:  0.0, Max: 0, Diff: 0, Sum: 0, Workers: 4
[2548.780s][debug][gc,phases      ] GC(66)     Total                          Min: 0, Avg: 13.0, Max: 48, Diff: 48, Sum: 52, Workers: 4
[2548.780s][debug][gc,phases      ] GC(66)   StringDedup Table Weak         Min:  0.0, Avg:  0.0, Max:  0.0, Diff:  0.0, Sum:  0.0, Workers: 4
[2548.780s][debug][gc,phases      ] GC(66)     Dead                           Min: 0, Avg:  0.0, Max: 0, Diff: 0, Sum: 0, Workers: 4
[2548.780s][debug][gc,phases      ] GC(66)     Total                          Min: 0, Avg:  0.0, Max: 0, Diff: 0, Sum: 0, Workers: 4
[2548.780s][debug][gc,phases      ] GC(66)   StringDedup Requests0 Weak     Min:  0.0, Avg:  0.0, Max:  0.0, Diff:  0.0, Sum:  0.0, Workers: 4
[2548.780s][debug][gc,phases      ] GC(66)     Dead                           Min: 0, Avg:  0.0, Max: 0, Diff: 0, Sum: 0, Workers: 4
[2548.780s][debug][gc,phases      ] GC(66)     Total                          Min: 0, Avg:  0.0, Max: 0, Diff: 0, Sum: 0, Workers: 4
[2548.780s][debug][gc,phases      ] GC(66)   StringDedup Requests1 Weak     Min:  0.0, Avg:  0.0, Max:  0.0, Diff:  0.0, Sum:  0.0, Workers: 4
[2548.780s][debug][gc,phases      ] GC(66)     Dead                           Min: 0, Avg:  0.0, Max: 0, Diff: 0, Sum: 0, Workers: 4
[2548.780s][debug][gc,phases      ] GC(66)     Total                          Min: 0, Avg:  0.0, Max: 0, Diff: 0, Sum: 0, Workers: 4
[2548.780s][debug][gc,phases      ] GC(66)   Weak JFR Old Object Samples    Min:  0.0, Avg:  0.0, Max:  0.0, Diff:  0.0, Sum:  0.0, Workers: 4
[2548.780s][debug][gc,phases      ] GC(66)     Dead                           Min: 0, Avg:  0.0, Max: 0, Diff: 0, Sum: 0, Workers: 4
[2548.780s][debug][gc,phases      ] GC(66)     Total                          Min: 0, Avg:  0.0, Max: 0, Diff: 0, Sum: 0, Workers: 4
[2548.780s][debug][gc,phases      ] GC(66) Weak Processing 0.417ms
[2548.780s][debug][gc,age         ] GC(66) Desired survivor size 38797312 bytes, new threshold 1 (max threshold 15)
[2548.780s][info ][gc,heap        ] GC(66) PSYoungGen: 2012704K(2052608K)->3216K(2059264K) Eden: 2010112K(2010112K)->0K(2018816K) From: 2592K(42496K)->3216K(40448K)
[2548.780s][info ][gc,heap        ] GC(66) ParOldGen: 385615K(386048K)->386383K(386560K)
[2548.780s][info ][gc,metaspace   ] GC(66) Metaspace: 106009K(107264K)->106009K(107264K) NonClass: 90012K(90688K)->90012K(90688K) Class: 15996K(16576K)->15996K(16576K)
[2548.780s][info ][gc             ] GC(66) Pause Young (Allocation Failure) 2342M->380M(2388M) 3.821ms
[2548.780s][info ][gc,cpu         ] GC(66) User=0.01s Sys=0.00s Real=0.00s
[2548.780s][info ][safepoint      ] Safepoint "ParallelGCFailedAllocation", Time since last: 18934882692 ns, Reaching safepoint: 6201 ns, Cleanup: 4300 ns, At safepoint: 3894928 ns, Total: 3905429 ns
[2556.781s][info ][safepoint      ] Safepoint "Cleanup", Time since last: 8000585627 ns, Reaching safepoint: 8001 ns, Cleanup: 12302 ns, At safepoint: 2500 ns, Total: 22803 ns
[2569.782s][info ][safepoint      ] Safepoint "Cleanup", Time since last: 13000981285 ns, Reaching safepoint: 8201 ns, Cleanup: 12701 ns, At safepoint: 2800 ns, Total: 23702 ns
[2574.782s][info ][safepoint      ] Safepoint "Cleanup", Time since last: 5000407304 ns, Reaching safepoint: 6900 ns, Cleanup: 12102 ns, At safepoint: 2400 ns, Total: 21402 ns
[2579.782s][info ][safepoint      ] Safepoint "Cleanup", Time since last: 5000396571 ns, Reaching safepoint: 7101 ns, Cleanup: 16202 ns, At safepoint: 2600 ns, Total: 25903 ns
[2600.707s][info ][gc,start       ] GC(67) Pause Young (Allocation Failure)
[2600.711s][debug][gc,phases      ] GC(67) Scavenge 4.609ms
[2600.711s][debug][gc,ref         ] GC(67) Skipped SoftWeakFinalRefsPhase of Reference Processing: no references
[2600.711s][debug][gc,ref         ] GC(67) Skipped KeepAliveFinalRefsPhase of Reference Processing: no references
[2600.711s][debug][gc,ref         ] GC(67) Skipped PhantomRefsPhase of Reference Processing: no references
[2600.711s][debug][gc,phases      ] GC(67) Reference Processing 0.026ms
[2600.712s][debug][gc,phases      ] GC(67)   VM Weak                        Min:  0.0, Avg:  0.0, Max:  0.0, Diff:  0.0, Sum:  0.0, Workers: 4
[2600.712s][debug][gc,phases      ] GC(67)     Dead                           Min: 0, Avg:  0.0, Max: 0, Diff: 0, Sum: 0, Workers: 4
[2600.712s][debug][gc,phases      ] GC(67)     Total                          Min: 0, Avg: 233.8, Max: 423, Diff: 423, Sum: 935, Workers: 4
[2600.712s][debug][gc,phases      ] GC(67)   ObjectSynchronizer Weak        Min:  0.0, Avg:  0.0, Max:  0.0, Diff:  0.0, Sum:  0.0, Workers: 4
[2600.712s][debug][gc,phases      ] GC(67)     Dead                           Min: 0, Avg:  0.0, Max: 0, Diff: 0, Sum: 0, Workers: 4
[2600.712s][debug][gc,phases      ] GC(67)     Total                          Min: 0, Avg:  0.8, Max: 3, Diff: 3, Sum: 3, Workers: 4
[2600.712s][debug][gc,phases      ] GC(67)   JVMTI Tag Weak OopStorage      Min:  0.0, Avg:  0.0, Max:  0.0, Diff:  0.0, Sum:  0.0, Workers: 4
[2600.712s][debug][gc,phases      ] GC(67)     Dead                           Min: 0, Avg:  0.0, Max: 0, Diff: 0, Sum: 0, Workers: 4
[2600.712s][debug][gc,phases      ] GC(67)     Total                          Min: 0, Avg:  0.0, Max: 0, Diff: 0, Sum: 0, Workers: 4
[2600.712s][debug][gc,phases      ] GC(67)   StringTable Weak               Min:  0.0, Avg:  0.2, Max:  0.2, Diff:  0.2, Sum:  0.6, Workers: 4
[2600.712s][debug][gc,phases      ] GC(67)     Dead                           Min: 0, Avg:  0.0, Max: 0, Diff: 0, Sum: 0, Workers: 4
[2600.712s][debug][gc,phases      ] GC(67)     Total                          Min: 0, Avg: 11580.8, Max: 21109, Diff: 21109, Sum: 46323, Workers: 4
[2600.712s][debug][gc,phases      ] GC(67)   ResolvedMethodTable Weak       Min:  0.0, Avg:  0.0, Max:  0.1, Diff:  0.1, Sum:  0.2, Workers: 4
[2600.712s][debug][gc,phases      ] GC(67)     Dead                           Min: 0, Avg:  4.0, Max: 16, Diff: 16, Sum: 16, Workers: 4
[2600.712s][debug][gc,phases      ] GC(67)     Total                          Min: 0, Avg: 3775.2, Max: 5231, Diff: 5231, Sum: 15101, Workers: 4
[2600.712s][debug][gc,phases      ] GC(67)   JNI Weak                       Min:  0.0, Avg:  0.0, Max:  0.0, Diff:  0.0, Sum:  0.0, Workers: 4
[2600.712s][debug][gc,phases      ] GC(67)     Dead                           Min: 0, Avg:  0.0, Max: 0, Diff: 0, Sum: 0, Workers: 4
[2600.712s][debug][gc,phases      ] GC(67)     Total                          Min: 0, Avg: 13.0, Max: 48, Diff: 48, Sum: 52, Workers: 4
[2600.712s][debug][gc,phases      ] GC(67)   StringDedup Table Weak         Min:  0.0, Avg:  0.0, Max:  0.0, Diff:  0.0, Sum:  0.0, Workers: 4
[2600.712s][debug][gc,phases      ] GC(67)     Dead                           Min: 0, Avg:  0.0, Max: 0, Diff: 0, Sum: 0, Workers: 4
[2600.712s][debug][gc,phases      ] GC(67)     Total                          Min: 0, Avg:  0.0, Max: 0, Diff: 0, Sum: 0, Workers: 4
[2600.712s][debug][gc,phases      ] GC(67)   StringDedup Requests0 Weak     Min:  0.0, Avg:  0.0, Max:  0.0, Diff:  0.0, Sum:  0.0, Workers: 4
[2600.712s][debug][gc,phases      ] GC(67)     Dead                           Min: 0, Avg:  0.0, Max: 0, Diff: 0, Sum: 0, Workers: 4
[2600.712s][debug][gc,phases      ] GC(67)     Total                          Min: 0, Avg:  0.0, Max: 0, Diff: 0, Sum: 0, Workers: 4
[2600.712s][debug][gc,phases      ] GC(67)   StringDedup Requests1 Weak     Min:  0.0, Avg:  0.0, Max:  0.0, Diff:  0.0, Sum:  0.0, Workers: 4
[2600.712s][debug][gc,phases      ] GC(67)     Dead                           Min: 0, Avg:  0.0, Max: 0, Diff: 0, Sum: 0, Workers: 4
[2600.712s][debug][gc,phases      ] GC(67)     Total                          Min: 0, Avg:  0.0, Max: 0, Diff: 0, Sum: 0, Workers: 4
[2600.712s][debug][gc,phases      ] GC(67)   Weak JFR Old Object Samples    Min:  0.0, Avg:  0.0, Max:  0.0, Diff:  0.0, Sum:  0.0, Workers: 4
[2600.712s][debug][gc,phases      ] GC(67)     Dead                           Min: 0, Avg:  0.0, Max: 0, Diff: 0, Sum: 0, Workers: 4
[2600.712s][debug][gc,phases      ] GC(67)     Total                          Min: 0, Avg:  0.0, Max: 0, Diff: 0, Sum: 0, Workers: 4
[2600.712s][debug][gc,phases      ] GC(67) Weak Processing 0.529ms
[2600.712s][debug][gc,age         ] GC(67) Desired survivor size 36700160 bytes, new threshold 1 (max threshold 15)
[2600.712s][info ][gc,heap        ] GC(67) PSYoungGen: 2022032K(2059264K)->2512K(2056704K) Eden: 2018816K(2018816K)->0K(2018816K) From: 3216K(40448K)->2512K(37888K)
[2600.712s][info ][gc,heap        ] GC(67) ParOldGen: 386383K(386560K)->387699K(388096K)
[2600.712s][info ][gc,metaspace   ] GC(67) Metaspace: 106023K(107264K)->106023K(107264K) NonClass: 90026K(90688K)->90026K(90688K) Class: 15996K(16576K)->15996K(16576K)
[2600.712s][info ][gc             ] GC(67) Pause Young (Allocation Failure) 2351M->381M(2387M) 5.320ms
[2600.712s][info ][gc,cpu         ] GC(67) User=0.01s Sys=0.00s Real=0.00s
[2600.712s][info ][safepoint      ] Safepoint "ParallelGCFailedAllocation", Time since last: 20924227661 ns, Reaching safepoint: 7100 ns, Cleanup: 4701 ns, At safepoint: 5396579 ns, Total: 5408380 ns
[2606.713s][info ][safepoint      ] Safepoint "Cleanup", Time since last: 6000445518 ns, Reaching safepoint: 7901 ns, Cleanup: 12902 ns, At safepoint: 2500 ns, Total: 23303 ns
[2620.714s][info ][safepoint      ] Safepoint "Cleanup", Time since last: 14001049390 ns, Reaching safepoint: 7601 ns, Cleanup: 13001 ns, At safepoint: 2701 ns, Total: 23303 ns
[2628.714s][info ][safepoint      ] Safepoint "Cleanup", Time since last: 8000669543 ns, Reaching safepoint: 7000 ns, Cleanup: 14202 ns, At safepoint: 2600 ns, Total: 23802 ns
[2652.502s][info ][gc,start       ] GC(68) Pause Young (Allocation Failure)
[2652.507s][debug][gc,phases      ] GC(68) Scavenge 4.636ms
[2652.507s][debug][gc,ref         ] GC(68) Skipped SoftWeakFinalRefsPhase of Reference Processing: no references
[2652.507s][debug][gc,ref         ] GC(68) Skipped KeepAliveFinalRefsPhase of Reference Processing: no references
[2652.507s][debug][gc,ref         ] GC(68) Skipped PhantomRefsPhase of Reference Processing: no references
[2652.507s][debug][gc,phases      ] GC(68) Reference Processing 0.026ms
[2652.507s][debug][gc,phases      ] GC(68)   VM Weak                        Min:  0.0, Avg:  0.0, Max:  0.0, Diff:  0.0, Sum:  0.0, Workers: 4
[2652.507s][debug][gc,phases      ] GC(68)     Dead                           Min: 0, Avg:  0.0, Max: 0, Diff: 0, Sum: 0, Workers: 4
[2652.507s][debug][gc,phases      ] GC(68)     Total                          Min: 0, Avg: 233.8, Max: 359, Diff: 359, Sum: 935, Workers: 4
[2652.507s][debug][gc,phases      ] GC(68)   ObjectSynchronizer Weak        Min:  0.0, Avg:  0.0, Max:  0.0, Diff:  0.0, Sum:  0.0, Workers: 4
[2652.507s][debug][gc,phases      ] GC(68)     Dead                           Min: 0, Avg:  0.0, Max: 0, Diff: 0, Sum: 0, Workers: 4
[2652.507s][debug][gc,phases      ] GC(68)     Total                          Min: 0, Avg:  0.8, Max: 3, Diff: 3, Sum: 3, Workers: 4
[2652.507s][debug][gc,phases      ] GC(68)   JVMTI Tag Weak OopStorage      Min:  0.0, Avg:  0.0, Max:  0.0, Diff:  0.0, Sum:  0.0, Workers: 4
[2652.507s][debug][gc,phases      ] GC(68)     Dead                           Min: 0, Avg:  0.0, Max: 0, Diff: 0, Sum: 0, Workers: 4
[2652.507s][debug][gc,phases      ] GC(68)     Total                          Min: 0, Avg:  0.0, Max: 0, Diff: 0, Sum: 0, Workers: 4
[2652.507s][debug][gc,phases      ] GC(68)   StringTable Weak               Min:  0.0, Avg:  0.1, Max:  0.2, Diff:  0.2, Sum:  0.5, Workers: 4
[2652.507s][debug][gc,phases      ] GC(68)     Dead                           Min: 0, Avg:  0.0, Max: 0, Diff: 0, Sum: 0, Workers: 4
[2652.507s][debug][gc,phases      ] GC(68)     Total                          Min: 0, Avg: 11580.8, Max: 16244, Diff: 16244, Sum: 46323, Workers: 4
[2652.507s][debug][gc,phases      ] GC(68)   ResolvedMethodTable Weak       Min:  0.0, Avg:  0.0, Max:  0.1, Diff:  0.1, Sum:  0.2, Workers: 4
[2652.507s][debug][gc,phases      ] GC(68)     Dead                           Min: 0, Avg:  4.0, Max: 16, Diff: 16, Sum: 16, Workers: 4
[2652.507s][debug][gc,phases      ] GC(68)     Total                          Min: 0, Avg: 3775.2, Max: 5264, Diff: 5264, Sum: 15101, Workers: 4
[2652.507s][debug][gc,phases      ] GC(68)   JNI Weak                       Min:  0.0, Avg:  0.0, Max:  0.0, Diff:  0.0, Sum:  0.0, Workers: 4
[2652.507s][debug][gc,phases      ] GC(68)     Dead                           Min: 0, Avg:  0.0, Max: 0, Diff: 0, Sum: 0, Workers: 4
[2652.507s][debug][gc,phases      ] GC(68)     Total                          Min: 0, Avg: 13.0, Max: 48, Diff: 48, Sum: 52, Workers: 4
[2652.507s][debug][gc,phases      ] GC(68)   StringDedup Table Weak         Min:  0.0, Avg:  0.0, Max:  0.0, Diff:  0.0, Sum:  0.0, Workers: 4
[2652.507s][debug][gc,phases      ] GC(68)     Dead                           Min: 0, Avg:  0.0, Max: 0, Diff: 0, Sum: 0, Workers: 4
[2652.507s][debug][gc,phases      ] GC(68)     Total                          Min: 0, Avg:  0.0, Max: 0, Diff: 0, Sum: 0, Workers: 4
[2652.507s][debug][gc,phases      ] GC(68)   StringDedup Requests0 Weak     Min:  0.0, Avg:  0.0, Max:  0.0, Diff:  0.0, Sum:  0.0, Workers: 4
[2652.507s][debug][gc,phases      ] GC(68)     Dead                           Min: 0, Avg:  0.0, Max: 0, Diff: 0, Sum: 0, Workers: 4
[2652.507s][debug][gc,phases      ] GC(68)     Total                          Min: 0, Avg:  0.0, Max: 0, Diff: 0, Sum: 0, Workers: 4
[2652.507s][debug][gc,phases      ] GC(68)   StringDedup Requests1 Weak     Min:  0.0, Avg:  0.0, Max:  0.0, Diff:  0.0, Sum:  0.0, Workers: 4
[2652.507s][debug][gc,phases      ] GC(68)     Dead                           Min: 0, Avg:  0.0, Max: 0, Diff: 0, Sum: 0, Workers: 4
[2652.507s][debug][gc,phases      ] GC(68)     Total                          Min: 0, Avg:  0.0, Max: 0, Diff: 0, Sum: 0, Workers: 4
[2652.507s][debug][gc,phases      ] GC(68)   Weak JFR Old Object Samples    Min:  0.0, Avg:  0.0, Max:  0.0, Diff:  0.0, Sum:  0.0, Workers: 4
[2652.507s][debug][gc,phases      ] GC(68)     Dead                           Min: 0, Avg:  0.0, Max: 0, Diff: 0, Sum: 0, Workers: 4
[2652.507s][debug][gc,phases      ] GC(68)     Total                          Min: 0, Avg:  0.0, Max: 0, Diff: 0, Sum: 0, Workers: 4
[2652.508s][debug][gc,phases      ] GC(68) Weak Processing 0.532ms
[2652.508s][debug][gc,age         ] GC(68) Desired survivor size 35127296 bytes, new threshold 1 (max threshold 15)
[2652.508s][info ][gc,heap        ] GC(68) PSYoungGen: 2021328K(2056704K)->2560K(2062848K) Eden: 2018816K(2018816K)->0K(2027008K) From: 2512K(37888K)->2560K(35840K)
[2652.508s][info ][gc,heap        ] GC(68) ParOldGen: 387699K(388096K)->388151K(388608K)
[2652.508s][info ][gc,metaspace   ] GC(68) Metaspace: 106031K(107264K)->106031K(107264K) NonClass: 90034K(90688K)->90034K(90688K) Class: 15996K(16576K)->15996K(16576K)
[2652.508s][info ][gc             ] GC(68) Pause Young (Allocation Failure) 2352M->381M(2394M) 5.359ms
[2652.508s][info ][gc,cpu         ] GC(68) User=0.02s Sys=0.00s Real=0.01s
[2652.508s][info ][safepoint      ] Safepoint "ParallelGCFailedAllocation", Time since last: 23787800086 ns, Reaching safepoint: 80609 ns, Cleanup: 5200 ns, At safepoint: 5463668 ns, Total: 5549477 ns
[2692.511s][info ][safepoint      ] Safepoint "Cleanup", Time since last: 40003162472 ns, Reaching safepoint: 7101 ns, Cleanup: 12101 ns, At safepoint: 3400 ns, Total: 22602 ns
[2694.511s][info ][safepoint      ] Safepoint "Cleanup", Time since last: 2000198709 ns, Reaching safepoint: 6601 ns, Cleanup: 13201 ns, At safepoint: 2600 ns, Total: 22402 ns
[2704.816s][info ][gc,start       ] GC(69) Pause Young (Allocation Failure)
[2704.818s][debug][gc,phases      ] GC(69) Scavenge 2.678ms
[2704.819s][debug][gc,ref         ] GC(69) Skipped SoftWeakFinalRefsPhase of Reference Processing: no references
[2704.819s][debug][gc,ref         ] GC(69) Skipped KeepAliveFinalRefsPhase of Reference Processing: no references
[2704.819s][debug][gc,ref         ] GC(69) Skipped PhantomRefsPhase of Reference Processing: no references
[2704.819s][debug][gc,phases      ] GC(69) Reference Processing 0.024ms
[2704.819s][debug][gc,phases      ] GC(69)   VM Weak                        Min:  0.0, Avg:  0.0, Max:  0.0, Diff:  0.0, Sum:  0.0, Workers: 4
[2704.819s][debug][gc,phases      ] GC(69)     Dead                           Min: 0, Avg:  0.0, Max: 0, Diff: 0, Sum: 0, Workers: 4
[2704.819s][debug][gc,phases      ] GC(69)     Total                          Min: 0, Avg: 233.8, Max: 551, Diff: 551, Sum: 935, Workers: 4
[2704.819s][debug][gc,phases      ] GC(69)   ObjectSynchronizer Weak        Min:  0.0, Avg:  0.0, Max:  0.0, Diff:  0.0, Sum:  0.0, Workers: 4
[2704.819s][debug][gc,phases      ] GC(69)     Dead                           Min: 0, Avg:  0.0, Max: 0, Diff: 0, Sum: 0, Workers: 4
[2704.819s][debug][gc,phases      ] GC(69)     Total                          Min: 0, Avg:  1.0, Max: 4, Diff: 4, Sum: 4, Workers: 4
[2704.819s][debug][gc,phases      ] GC(69)   JVMTI Tag Weak OopStorage      Min:  0.0, Avg:  0.0, Max:  0.0, Diff:  0.0, Sum:  0.0, Workers: 4
[2704.819s][debug][gc,phases      ] GC(69)     Dead                           Min: 0, Avg:  0.0, Max: 0, Diff: 0, Sum: 0, Workers: 4
[2704.819s][debug][gc,phases      ] GC(69)     Total                          Min: 0, Avg:  0.0, Max: 0, Diff: 0, Sum: 0, Workers: 4
[2704.819s][debug][gc,phases      ] GC(69)   StringTable Weak               Min:  0.1, Avg:  0.1, Max:  0.1, Diff:  0.0, Sum:  0.5, Workers: 4
[2704.819s][debug][gc,phases      ] GC(69)     Dead                           Min: 0, Avg:  0.0, Max: 0, Diff: 0, Sum: 0, Workers: 4
[2704.819s][debug][gc,phases      ] GC(69)     Total                          Min: 8768, Avg: 11582.5, Max: 13376, Diff: 4608, Sum: 46330, Workers: 4
[2704.819s][debug][gc,phases      ] GC(69)   ResolvedMethodTable Weak       Min:  0.0, Avg:  0.0, Max:  0.0, Diff:  0.0, Sum:  0.2, Workers: 4
[2704.819s][debug][gc,phases      ] GC(69)     Dead                           Min: 0, Avg:  4.0, Max: 16, Diff: 16, Sum: 16, Workers: 4
[2704.819s][debug][gc,phases      ] GC(69)     Total                          Min: 3513, Avg: 3775.2, Max: 4174, Diff: 661, Sum: 15101, Workers: 4
[2704.819s][debug][gc,phases      ] GC(69)   JNI Weak                       Min:  0.0, Avg:  0.0, Max:  0.0, Diff:  0.0, Sum:  0.0, Workers: 4
[2704.819s][debug][gc,phases      ] GC(69)     Dead                           Min: 0, Avg:  0.0, Max: 0, Diff: 0, Sum: 0, Workers: 4
[2704.819s][debug][gc,phases      ] GC(69)     Total                          Min: 0, Avg: 13.0, Max: 48, Diff: 48, Sum: 52, Workers: 4
[2704.819s][debug][gc,phases      ] GC(69)   StringDedup Table Weak         Min:  0.0, Avg:  0.0, Max:  0.0, Diff:  0.0, Sum:  0.0, Workers: 4
[2704.819s][debug][gc,phases      ] GC(69)     Dead                           Min: 0, Avg:  0.0, Max: 0, Diff: 0, Sum: 0, Workers: 4
[2704.819s][debug][gc,phases      ] GC(69)     Total                          Min: 0, Avg:  0.0, Max: 0, Diff: 0, Sum: 0, Workers: 4
[2704.819s][debug][gc,phases      ] GC(69)   StringDedup Requests0 Weak     Min:  0.0, Avg:  0.0, Max:  0.0, Diff:  0.0, Sum:  0.0, Workers: 4
[2704.819s][debug][gc,phases      ] GC(69)     Dead                           Min: 0, Avg:  0.0, Max: 0, Diff: 0, Sum: 0, Workers: 4
[2704.819s][debug][gc,phases      ] GC(69)     Total                          Min: 0, Avg:  0.0, Max: 0, Diff: 0, Sum: 0, Workers: 4
[2704.819s][debug][gc,phases      ] GC(69)   StringDedup Requests1 Weak     Min:  0.0, Avg:  0.0, Max:  0.0, Diff:  0.0, Sum:  0.0, Workers: 4
[2704.819s][debug][gc,phases      ] GC(69)     Dead                           Min: 0, Avg:  0.0, Max: 0, Diff: 0, Sum: 0, Workers: 4
[2704.819s][debug][gc,phases      ] GC(69)     Total                          Min: 0, Avg:  0.0, Max: 0, Diff: 0, Sum: 0, Workers: 4
[2704.819s][debug][gc,phases      ] GC(69)   Weak JFR Old Object Samples    Min:  0.0, Avg:  0.0, Max:  0.0, Diff:  0.0, Sum:  0.0, Workers: 4
[2704.819s][debug][gc,phases      ] GC(69)     Dead                           Min: 0, Avg:  0.0, Max: 0, Diff: 0, Sum: 0, Workers: 4
[2704.819s][debug][gc,phases      ] GC(69)     Total                          Min: 0, Avg:  0.0, Max: 0, Diff: 0, Sum: 0, Workers: 4
[2704.819s][debug][gc,phases      ] GC(69) Weak Processing 0.392ms
[2704.819s][debug][gc,age         ] GC(69) Desired survivor size 33030144 bytes, new threshold 1 (max threshold 15)
[2704.819s][info ][gc,heap        ] GC(69) PSYoungGen: 2029568K(2062848K)->2112K(2061312K) Eden: 2027008K(2027008K)->0K(2027008K) From: 2560K(35840K)->2112K(34304K)
[2704.819s][info ][gc,heap        ] GC(69) ParOldGen: 388151K(388608K)->389047K(389120K)
[2704.819s][info ][gc,metaspace   ] GC(69) Metaspace: 106036K(107328K)->106036K(107328K) NonClass: 90039K(90752K)->90039K(90752K) Class: 15996K(16576K)->15996K(16576K)
[2704.819s][info ][gc             ] GC(69) Pause Young (Allocation Failure) 2361M->381M(2393M) 3.225ms
[2704.819s][info ][gc,cpu         ] GC(69) User=0.01s Sys=0.00s Real=0.00s
[2704.819s][info ][safepoint      ] Safepoint "ParallelGCFailedAllocation", Time since last: 10304653079 ns, Reaching safepoint: 7600 ns, Cleanup: 4601 ns, At safepoint: 3321810 ns, Total: 3334011 ns
[2706.819s][info ][safepoint      ] Safepoint "Cleanup", Time since last: 2000154898 ns, Reaching safepoint: 6401 ns, Cleanup: 9200 ns, At safepoint: 2701 ns, Total: 18302 ns
[2709.819s][info ][safepoint      ] Safepoint "Cleanup", Time since last: 3000238983 ns, Reaching safepoint: 6600 ns, Cleanup: 15802 ns, At safepoint: 2600 ns, Total: 25002 ns
[2713.820s][info ][safepoint      ] Safepoint "Cleanup", Time since last: 4000319023 ns, Reaching safepoint: 6801 ns, Cleanup: 12601 ns, At safepoint: 2000 ns, Total: 21402 ns
[2715.820s][info ][safepoint      ] Safepoint "Cleanup", Time since last: 2000167183 ns, Reaching safepoint: 6900 ns, Cleanup: 8501 ns, At safepoint: 2500 ns, Total: 17901 ns
[2727.821s][info ][safepoint      ] Safepoint "Cleanup", Time since last: 12001061005 ns, Reaching safepoint: 9501 ns, Cleanup: 11000 ns, At safepoint: 2901 ns, Total: 23402 ns
[2729.821s][info ][safepoint      ] Safepoint "Cleanup", Time since last: 2000192997 ns, Reaching safepoint: 86705 ns, Cleanup: 14801 ns, At safepoint: 6700 ns, Total: 108206 ns
[2730.822s][info ][safepoint      ] Safepoint "Cleanup", Time since last: 1000113889 ns, Reaching safepoint: 9500 ns, Cleanup: 13301 ns, At safepoint: 2800 ns, Total: 25601 ns
[2742.822s][info ][safepoint      ] Safepoint "Cleanup", Time since last: 12000888034 ns, Reaching safepoint: 8101 ns, Cleanup: 11801 ns, At safepoint: 3300 ns, Total: 23202 ns
[2743.823s][info ][safepoint      ] Safepoint "Cleanup", Time since last: 1000126170 ns, Reaching safepoint: 8500 ns, Cleanup: 12701 ns, At safepoint: 2701 ns, Total: 23902 ns
[2750.452s][info ][gc,start       ] GC(70) Pause Young (Allocation Failure)
[2750.459s][debug][gc,phases      ] GC(70) Scavenge 6.832ms
[2750.459s][debug][gc,ref         ] GC(70) Skipped SoftWeakFinalRefsPhase of Reference Processing: no references
[2750.459s][debug][gc,ref         ] GC(70) Skipped KeepAliveFinalRefsPhase of Reference Processing: no references
[2750.459s][debug][gc,ref         ] GC(70) ReferenceProcessor::execute queues: 1, RefProcThreadModel::Single, marks_oops_alive: false
[2750.459s][debug][gc,phases      ] GC(70) Reference Processing 0.139ms
[2750.459s][debug][gc,phases      ] GC(70)   VM Weak                        Min:  0.0, Avg:  0.0, Max:  0.0, Diff:  0.0, Sum:  0.0, Workers: 4
[2750.459s][debug][gc,phases      ] GC(70)     Dead                           Min: 0, Avg:  0.0, Max: 0, Diff: 0, Sum: 0, Workers: 4
[2750.459s][debug][gc,phases      ] GC(70)     Total                          Min: 0, Avg: 233.8, Max: 935, Diff: 935, Sum: 935, Workers: 4
[2750.459s][debug][gc,phases      ] GC(70)   ObjectSynchronizer Weak        Min:  0.0, Avg:  0.0, Max:  0.0, Diff:  0.0, Sum:  0.0, Workers: 4
[2750.459s][debug][gc,phases      ] GC(70)     Dead                           Min: 0, Avg:  0.0, Max: 0, Diff: 0, Sum: 0, Workers: 4
[2750.459s][debug][gc,phases      ] GC(70)     Total                          Min: 0, Avg:  1.0, Max: 4, Diff: 4, Sum: 4, Workers: 4
[2750.459s][debug][gc,phases      ] GC(70)   JVMTI Tag Weak OopStorage      Min:  0.0, Avg:  0.0, Max:  0.0, Diff:  0.0, Sum:  0.0, Workers: 4
[2750.459s][debug][gc,phases      ] GC(70)     Dead                           Min: 0, Avg:  0.0, Max: 0, Diff: 0, Sum: 0, Workers: 4
[2750.459s][debug][gc,phases      ] GC(70)     Total                          Min: 0, Avg:  0.0, Max: 0, Diff: 0, Sum: 0, Workers: 4
[2750.459s][debug][gc,phases      ] GC(70)   StringTable Weak               Min:  0.0, Avg:  0.1, Max:  0.2, Diff:  0.1, Sum:  0.4, Workers: 4
[2750.459s][debug][gc,phases      ] GC(70)     Dead                           Min: 0, Avg:  0.0, Max: 0, Diff: 0, Sum: 0, Workers: 4
[2750.459s][debug][gc,phases      ] GC(70)     Total                          Min: 0, Avg: 11583.5, Max: 16575, Diff: 16575, Sum: 46334, Workers: 4
[2750.459s][debug][gc,phases      ] GC(70)   ResolvedMethodTable Weak       Min:  0.0, Avg:  0.0, Max:  0.1, Diff:  0.1, Sum:  0.2, Workers: 4
[2750.459s][debug][gc,phases      ] GC(70)     Dead                           Min: 0, Avg:  4.0, Max: 16, Diff: 16, Sum: 16, Workers: 4
[2750.459s][debug][gc,phases      ] GC(70)     Total                          Min: 0, Avg: 3775.2, Max: 5234, Diff: 5234, Sum: 15101, Workers: 4
[2750.459s][debug][gc,phases      ] GC(70)   JNI Weak                       Min:  0.0, Avg:  0.0, Max:  0.0, Diff:  0.0, Sum:  0.0, Workers: 4
[2750.459s][debug][gc,phases      ] GC(70)     Dead                           Min: 0, Avg:  0.0, Max: 0, Diff: 0, Sum: 0, Workers: 4
[2750.459s][debug][gc,phases      ] GC(70)     Total                          Min: 0, Avg: 13.0, Max: 48, Diff: 48, Sum: 52, Workers: 4
[2750.459s][debug][gc,phases      ] GC(70)   StringDedup Table Weak         Min:  0.0, Avg:  0.0, Max:  0.0, Diff:  0.0, Sum:  0.0, Workers: 4
[2750.459s][debug][gc,phases      ] GC(70)     Dead                           Min: 0, Avg:  0.0, Max: 0, Diff: 0, Sum: 0, Workers: 4
[2750.459s][debug][gc,phases      ] GC(70)     Total                          Min: 0, Avg:  0.0, Max: 0, Diff: 0, Sum: 0, Workers: 4
[2750.459s][debug][gc,phases      ] GC(70)   StringDedup Requests0 Weak     Min:  0.0, Avg:  0.0, Max:  0.0, Diff:  0.0, Sum:  0.0, Workers: 4
[2750.459s][debug][gc,phases      ] GC(70)     Dead                           Min: 0, Avg:  0.0, Max: 0, Diff: 0, Sum: 0, Workers: 4
[2750.459s][debug][gc,phases      ] GC(70)     Total                          Min: 0, Avg:  0.0, Max: 0, Diff: 0, Sum: 0, Workers: 4
[2750.459s][debug][gc,phases      ] GC(70)   StringDedup Requests1 Weak     Min:  0.0, Avg:  0.0, Max:  0.0, Diff:  0.0, Sum:  0.0, Workers: 4
[2750.459s][debug][gc,phases      ] GC(70)     Dead                           Min: 0, Avg:  0.0, Max: 0, Diff: 0, Sum: 0, Workers: 4
[2750.459s][debug][gc,phases      ] GC(70)     Total                          Min: 0, Avg:  0.0, Max: 0, Diff: 0, Sum: 0, Workers: 4
[2750.459s][debug][gc,phases      ] GC(70)   Weak JFR Old Object Samples    Min:  0.0, Avg:  0.0, Max:  0.0, Diff:  0.0, Sum:  0.0, Workers: 4
[2750.459s][debug][gc,phases      ] GC(70)     Dead                           Min: 0, Avg:  0.0, Max: 0, Diff: 0, Sum: 0, Workers: 4
[2750.459s][debug][gc,phases      ] GC(70)     Total                          Min: 0, Avg:  0.0, Max: 0, Diff: 0, Sum: 0, Workers: 4
[2750.459s][debug][gc,phases      ] GC(70) Weak Processing 0.487ms
[2750.459s][debug][gc,age         ] GC(70) Desired survivor size 30408704 bytes, new threshold 1 (max threshold 15)
[2750.459s][info ][gc,heap        ] GC(70) PSYoungGen: 2029120K(2061312K)->6640K(2067456K) Eden: 2027008K(2027008K)->0K(2035200K) From: 2112K(34304K)->6640K(32256K)
[2750.459s][info ][gc,heap        ] GC(70) ParOldGen: 389047K(389120K)->389876K(390144K)
[2750.459s][info ][gc,metaspace   ] GC(70) Metaspace: 106057K(107328K)->106057K(107328K) NonClass: 90060K(90752K)->90060K(90752K) Class: 15996K(16576K)->15996K(16576K)
[2750.459s][info ][gc             ] GC(70) Pause Young (Allocation Failure) 2361M->387M(2400M) 7.648ms
[2750.459s][info ][gc,cpu         ] GC(70) User=0.02s Sys=0.00s Real=0.01s
[2750.459s][info ][safepoint      ] Safepoint "ParallelGCFailedAllocation", Time since last: 6629008549 ns, Reaching safepoint: 86406 ns, Cleanup: 4800 ns, At safepoint: 7746476 ns, Total: 7837682 ns
[2773.912s][info ][safepoint      ] Safepoint "Cleanup", Time since last: 23452765168 ns, Reaching safepoint: 7200 ns, Cleanup: 12401 ns, At safepoint: 2900 ns, Total: 22501 ns
[2781.913s][info ][safepoint      ] Safepoint "Cleanup", Time since last: 8000642127 ns, Reaching safepoint: 7000 ns, Cleanup: 17402 ns, At safepoint: 2900 ns, Total: 27302 ns
[2785.913s][info ][safepoint      ] Safepoint "Cleanup", Time since last: 4000347255 ns, Reaching safepoint: 7101 ns, Cleanup: 20301 ns, At safepoint: 3000 ns, Total: 30402 ns
[2786.665s][info ][gc,start       ] GC(71) Pause Young (CodeCache GC Threshold)
[2786.671s][debug][gc,phases      ] GC(71) Scavenge 5.494ms
[2786.671s][debug][gc,ref         ] GC(71) Skipped SoftWeakFinalRefsPhase of Reference Processing: no references
[2786.671s][debug][gc,ref         ] GC(71) Skipped KeepAliveFinalRefsPhase of Reference Processing: no references
[2786.671s][debug][gc,ref         ] GC(71) Skipped PhantomRefsPhase of Reference Processing: no references
[2786.671s][debug][gc,phases      ] GC(71) Reference Processing 0.027ms
[2786.671s][debug][gc,phases      ] GC(71)   VM Weak                        Min:  0.0, Avg:  0.0, Max:  0.0, Diff:  0.0, Sum:  0.0, Workers: 4
[2786.671s][debug][gc,phases      ] GC(71)     Dead                           Min: 0, Avg:  0.0, Max: 0, Diff: 0, Sum: 0, Workers: 4
[2786.671s][debug][gc,phases      ] GC(71)     Total                          Min: 0, Avg: 233.8, Max: 807, Diff: 807, Sum: 935, Workers: 4
[2786.671s][debug][gc,phases      ] GC(71)   ObjectSynchronizer Weak        Min:  0.0, Avg:  0.0, Max:  0.0, Diff:  0.0, Sum:  0.0, Workers: 4
[2786.671s][debug][gc,phases      ] GC(71)     Dead                           Min: 0, Avg:  0.0, Max: 0, Diff: 0, Sum: 0, Workers: 4
[2786.671s][debug][gc,phases      ] GC(71)     Total                          Min: 0, Avg:  0.8, Max: 3, Diff: 3, Sum: 3, Workers: 4
[2786.671s][debug][gc,phases      ] GC(71)   JVMTI Tag Weak OopStorage      Min:  0.0, Avg:  0.0, Max:  0.0, Diff:  0.0, Sum:  0.0, Workers: 4
[2786.671s][debug][gc,phases      ] GC(71)     Dead                           Min: 0, Avg:  0.0, Max: 0, Diff: 0, Sum: 0, Workers: 4
[2786.671s][debug][gc,phases      ] GC(71)     Total                          Min: 0, Avg:  0.0, Max: 0, Diff: 0, Sum: 0, Workers: 4
[2786.671s][debug][gc,phases      ] GC(71)   StringTable Weak               Min:  0.1, Avg:  0.1, Max:  0.1, Diff:  0.0, Sum:  0.5, Workers: 4
[2786.671s][debug][gc,phases      ] GC(71)     Dead                           Min: 0, Avg:  0.0, Max: 0, Diff: 0, Sum: 0, Workers: 4
[2786.671s][debug][gc,phases      ] GC(71)     Total                          Min: 10176, Avg: 11583.5, Max: 12928, Diff: 2752, Sum: 46334, Workers: 4
[2786.671s][debug][gc,phases      ] GC(71)   ResolvedMethodTable Weak       Min:  0.0, Avg:  0.0, Max:  0.0, Diff:  0.0, Sum:  0.2, Workers: 4
[2786.671s][debug][gc,phases      ] GC(71)     Dead                           Min: 0, Avg:  4.0, Max: 16, Diff: 16, Sum: 16, Workers: 4
[2786.671s][debug][gc,phases      ] GC(71)     Total                          Min: 3227, Avg: 3775.2, Max: 4064, Diff: 837, Sum: 15101, Workers: 4
[2786.671s][debug][gc,phases      ] GC(71)   JNI Weak                       Min:  0.0, Avg:  0.0, Max:  0.0, Diff:  0.0, Sum:  0.0, Workers: 4
[2786.671s][debug][gc,phases      ] GC(71)     Dead                           Min: 0, Avg:  0.0, Max: 0, Diff: 0, Sum: 0, Workers: 4
[2786.671s][debug][gc,phases      ] GC(71)     Total                          Min: 0, Avg: 13.2, Max: 48, Diff: 48, Sum: 53, Workers: 4
[2786.671s][debug][gc,phases      ] GC(71)   StringDedup Table Weak         Min:  0.0, Avg:  0.0, Max:  0.0, Diff:  0.0, Sum:  0.0, Workers: 4
[2786.671s][debug][gc,phases      ] GC(71)     Dead                           Min: 0, Avg:  0.0, Max: 0, Diff: 0, Sum: 0, Workers: 4
[2786.671s][debug][gc,phases      ] GC(71)     Total                          Min: 0, Avg:  0.0, Max: 0, Diff: 0, Sum: 0, Workers: 4
[2786.671s][debug][gc,phases      ] GC(71)   StringDedup Requests0 Weak     Min:  0.0, Avg:  0.0, Max:  0.0, Diff:  0.0, Sum:  0.0, Workers: 4
[2786.671s][debug][gc,phases      ] GC(71)     Dead                           Min: 0, Avg:  0.0, Max: 0, Diff: 0, Sum: 0, Workers: 4
[2786.671s][debug][gc,phases      ] GC(71)     Total                          Min: 0, Avg:  0.0, Max: 0, Diff: 0, Sum: 0, Workers: 4
[2786.671s][debug][gc,phases      ] GC(71)   StringDedup Requests1 Weak     Min:  0.0, Avg:  0.0, Max:  0.0, Diff:  0.0, Sum:  0.0, Workers: 4
[2786.671s][debug][gc,phases      ] GC(71)     Dead                           Min: 0, Avg:  0.0, Max: 0, Diff: 0, Sum: 0, Workers: 4
[2786.671s][debug][gc,phases      ] GC(71)     Total                          Min: 0, Avg:  0.0, Max: 0, Diff: 0, Sum: 0, Workers: 4
[2786.671s][debug][gc,phases      ] GC(71)   Weak JFR Old Object Samples    Min:  0.0, Avg:  0.0, Max:  0.0, Diff:  0.0, Sum:  0.0, Workers: 4
[2786.671s][debug][gc,phases      ] GC(71)     Dead                           Min: 0, Avg:  0.0, Max: 0, Diff: 0, Sum: 0, Workers: 4
[2786.671s][debug][gc,phases      ] GC(71)     Total                          Min: 0, Avg:  0.0, Max: 0, Diff: 0, Sum: 0, Workers: 4
[2786.671s][debug][gc,phases      ] GC(71) Weak Processing 0.355ms
[2786.671s][debug][gc,age         ] GC(71) Desired survivor size 28835840 bytes, new threshold 1 (max threshold 15)
[2786.671s][info ][gc,heap        ] GC(71) PSYoungGen: 1439065K(2067456K)->2016K(2064896K) Eden: 1432425K(2035200K)->0K(2035200K) From: 6640K(32256K)->2016K(29696K)
[2786.671s][info ][gc,heap        ] GC(71) ParOldGen: 389876K(390144K)->395316K(395776K)
[2786.671s][info ][gc,metaspace   ] GC(71) Metaspace: 106069K(107328K)->106069K(107328K) NonClass: 90072K(90752K)->90072K(90752K) Class: 15996K(16576K)->15996K(16576K)
[2786.671s][info ][gc             ] GC(71) Pause Young (CodeCache GC Threshold) 1786M->388M(2403M) 6.031ms
[2786.671s][info ][gc,cpu         ] GC(71) User=0.01s Sys=0.00s Real=0.01s
[2786.671s][debug][gc,phases      ] GC(72) Pre Compact 0.008ms
[2786.671s][info ][gc,start       ] GC(72) Pause Full (CodeCache GC Threshold)
[2786.671s][info ][gc,phases,start] GC(72) Marking Phase
[2786.766s][debug][gc,phases      ] GC(72) Par Mark 95.219ms
[2786.767s][debug][gc,ref         ] GC(72) ReferenceProcessor::execute queues: 4, RefProcThreadModel::Multi, marks_oops_alive: false
[2786.768s][debug][gc,ref         ] GC(72) Skipped KeepAliveFinalRefsPhase of Reference Processing: no references
[2786.768s][debug][gc,ref         ] GC(72) ReferenceProcessor::execute queues: 1, RefProcThreadModel::Single, marks_oops_alive: false
[2786.768s][debug][gc,phases      ] GC(72) Reference Processing 1.172ms
[2786.768s][debug][gc,phases      ] GC(72)   VM Weak                        Min:  0.0, Avg:  0.0, Max:  0.0, Diff:  0.0, Sum:  0.0, Workers: 4
[2786.768s][debug][gc,phases      ] GC(72)     Dead                           Min: 0, Avg:  0.0, Max: 0, Diff: 0, Sum: 0, Workers: 4
[2786.768s][debug][gc,phases      ] GC(72)     Total                          Min: 0, Avg: 233.8, Max: 576, Diff: 576, Sum: 935, Workers: 4
[2786.768s][debug][gc,phases      ] GC(72)   ObjectSynchronizer Weak        Min:  0.0, Avg:  0.0, Max:  0.0, Diff:  0.0, Sum:  0.0, Workers: 4
[2786.768s][debug][gc,phases      ] GC(72)     Dead                           Min: 0, Avg:  0.0, Max: 0, Diff: 0, Sum: 0, Workers: 4
[2786.768s][debug][gc,phases      ] GC(72)     Total                          Min: 0, Avg:  0.8, Max: 3, Diff: 3, Sum: 3, Workers: 4
[2786.768s][debug][gc,phases      ] GC(72)   JVMTI Tag Weak OopStorage      Min:  0.0, Avg:  0.0, Max:  0.0, Diff:  0.0, Sum:  0.0, Workers: 4
[2786.768s][debug][gc,phases      ] GC(72)     Dead                           Min: 0, Avg:  0.0, Max: 0, Diff: 0, Sum: 0, Workers: 4
[2786.768s][debug][gc,phases      ] GC(72)     Total                          Min: 0, Avg:  0.0, Max: 0, Diff: 0, Sum: 0, Workers: 4
[2786.768s][debug][gc,phases      ] GC(72)   StringTable Weak               Min:  0.2, Avg:  0.2, Max:  0.2, Diff:  0.0, Sum:  0.8, Workers: 4
[2786.768s][debug][gc,phases      ] GC(72)     Dead                           Min: 0, Avg:  0.0, Max: 0, Diff: 0, Sum: 0, Workers: 4
[2786.768s][debug][gc,phases      ] GC(72)     Total                          Min: 10943, Avg: 11583.5, Max: 11968, Diff: 1025, Sum: 46334, Workers: 4
[2786.768s][debug][gc,phases      ] GC(72)   ResolvedMethodTable Weak       Min:  0.1, Avg:  0.1, Max:  0.1, Diff:  0.0, Sum:  0.2, Workers: 4
[2786.768s][debug][gc,phases      ] GC(72)     Dead                           Min: 0, Avg:  0.0, Max: 0, Diff: 0, Sum: 0, Workers: 4
[2786.768s][debug][gc,phases      ] GC(72)     Total                          Min: 3665, Avg: 3775.2, Max: 3956, Diff: 291, Sum: 15101, Workers: 4
[2786.768s][debug][gc,phases      ] GC(72)   JNI Weak                       Min:  0.0, Avg:  0.0, Max:  0.0, Diff:  0.0, Sum:  0.0, Workers: 4
[2786.768s][debug][gc,phases      ] GC(72)     Dead                           Min: 0, Avg:  0.0, Max: 0, Diff: 0, Sum: 0, Workers: 4
[2786.768s][debug][gc,phases      ] GC(72)     Total                          Min: 0, Avg: 13.2, Max: 48, Diff: 48, Sum: 53, Workers: 4
[2786.768s][debug][gc,phases      ] GC(72)   StringDedup Table Weak         Min:  0.0, Avg:  0.0, Max:  0.0, Diff:  0.0, Sum:  0.0, Workers: 4
[2786.768s][debug][gc,phases      ] GC(72)     Dead                           Min: 0, Avg:  0.0, Max: 0, Diff: 0, Sum: 0, Workers: 4
[2786.768s][debug][gc,phases      ] GC(72)     Total                          Min: 0, Avg:  0.0, Max: 0, Diff: 0, Sum: 0, Workers: 4
[2786.768s][debug][gc,phases      ] GC(72)   StringDedup Requests0 Weak     Min:  0.0, Avg:  0.0, Max:  0.0, Diff:  0.0, Sum:  0.0, Workers: 4
[2786.768s][debug][gc,phases      ] GC(72)     Dead                           Min: 0, Avg:  0.0, Max: 0, Diff: 0, Sum: 0, Workers: 4
[2786.768s][debug][gc,phases      ] GC(72)     Total                          Min: 0, Avg:  0.0, Max: 0, Diff: 0, Sum: 0, Workers: 4
[2786.768s][debug][gc,phases      ] GC(72)   StringDedup Requests1 Weak     Min:  0.0, Avg:  0.0, Max:  0.0, Diff:  0.0, Sum:  0.0, Workers: 4
[2786.768s][debug][gc,phases      ] GC(72)     Dead                           Min: 0, Avg:  0.0, Max: 0, Diff: 0, Sum: 0, Workers: 4
[2786.768s][debug][gc,phases      ] GC(72)     Total                          Min: 0, Avg:  0.0, Max: 0, Diff: 0, Sum: 0, Workers: 4
[2786.768s][debug][gc,phases      ] GC(72)   Weak JFR Old Object Samples    Min:  0.0, Avg:  0.0, Max:  0.0, Diff:  0.0, Sum:  0.0, Workers: 4
[2786.768s][debug][gc,phases      ] GC(72)     Dead                           Min: 0, Avg:  0.0, Max: 0, Diff: 0, Sum: 0, Workers: 4
[2786.768s][debug][gc,phases      ] GC(72)     Total                          Min: 0, Avg:  0.0, Max: 0, Diff: 0, Sum: 0, Workers: 4
[2786.768s][debug][gc,phases      ] GC(72) Weak Processing 0.564ms
[2786.768s][debug][gc,phases      ] GC(72) ClassLoaderData 0.127ms
[2786.768s][debug][gc,phases      ] GC(72) Trigger cleanups 0.000ms
[2786.832s][debug][gc,phases      ] GC(72) Purge Unlinked NMethods 2.563ms
[2786.832s][debug][gc,phases      ] GC(72) Unregister NMethods 0.001ms
[2786.833s][debug][gc,phases      ] GC(72) Free Code Blobs 0.333ms
[2786.833s][debug][gc,phases      ] GC(72) Class Unloading 64.472ms
[2786.833s][debug][gc,phases      ] GC(72) Report Object Count 0.001ms
[2786.833s][info ][gc,phases      ] GC(72) Marking Phase 161.509ms
[2786.833s][info ][gc,phases,start] GC(72) Summary Phase
[2786.833s][info ][gc,phases      ] GC(72) Summary Phase 0.016ms
[2786.833s][info ][gc,phases,start] GC(72) Adjust Roots
[2786.854s][info ][gc,phases      ] GC(72) Adjust Roots 21.203ms
[2786.854s][info ][gc,phases,start] GC(72) Compaction Phase
[2786.956s][info ][gc,phases      ] GC(72) Compaction Phase 101.817ms
[2786.956s][info ][gc,phases,start] GC(72) Post Compact
[2786.958s][debug][gc,phases      ] GC(72) Purge Class Loader Data 0.991ms
[2786.958s][info ][gc,phases      ] GC(72) Post Compact 2.708ms
[2786.958s][info ][gc,heap        ] GC(72) PSYoungGen: 2016K(2064896K)->0K(2064896K) Eden: 0K(2035200K)->0K(2035200K) From: 2016K(29696K)->0K(29696K)
[2786.958s][info ][gc,heap        ] GC(72) ParOldGen: 395316K(395776K)->256764K(395776K)
[2786.958s][info ][gc,metaspace   ] GC(72) Metaspace: 106069K(107328K)->106069K(107328K) NonClass: 90072K(90752K)->90072K(90752K) Class: 15996K(16576K)->15996K(16576K)
[2786.959s][info ][gc             ] GC(72) Pause Full (CodeCache GC Threshold) 388M->250M(2403M) 287.401ms
[2786.959s][info ][gc,cpu         ] GC(72) User=0.78s Sys=0.02s Real=0.29s
[2786.959s][info ][safepoint      ] Safepoint "ParallelGCSystemGC", Time since last: 751723716 ns, Reaching safepoint: 6500 ns, Cleanup: 13101 ns, At safepoint: 293585868 ns, Total: 293605469 ns
[2787.959s][info ][safepoint      ] Safepoint "Cleanup", Time since last: 1000069669 ns, Reaching safepoint: 85405 ns, Cleanup: 100905 ns, At safepoint: 9500 ns, Total: 195810 ns
[2789.959s][info ][safepoint      ] Safepoint "Cleanup", Time since last: 2000186629 ns, Reaching safepoint: 6700 ns, Cleanup: 13801 ns, At safepoint: 2600 ns, Total: 23101 ns
[2792.959s][info ][safepoint      ] Safepoint "Cleanup", Time since last: 3000297275 ns, Reaching safepoint: 6800 ns, Cleanup: 11501 ns, At safepoint: 2600 ns, Total: 20901 ns
[2793.960s][info ][safepoint      ] Safepoint "Cleanup", Time since last: 1000110708 ns, Reaching safepoint: 7101 ns, Cleanup: 10600 ns, At safepoint: 2801 ns, Total: 20502 ns
[2801.960s][info ][safepoint      ] Safepoint "Cleanup", Time since last: 8000642164 ns, Reaching safepoint: 83804 ns, Cleanup: 12501 ns, At safepoint: 7200 ns, Total: 103505 ns
[2808.961s][info ][safepoint      ] Safepoint "Cleanup", Time since last: 7000538328 ns, Reaching safepoint: 6901 ns, Cleanup: 13900 ns, At safepoint: 2401 ns, Total: 23202 ns
[2820.929s][info ][safepoint      ] Safepoint "Cleanup", Time since last: 11968088106 ns, Reaching safepoint: 3200 ns, Cleanup: 10100 ns, At safepoint: 4001 ns, Total: 17301 ns
[2830.930s][info ][safepoint      ] Safepoint "Cleanup", Time since last: 10000789723 ns, Reaching safepoint: 7200 ns, Cleanup: 11901 ns, At safepoint: 2700 ns, Total: 21801 ns
[2831.930s][info ][safepoint      ] Safepoint "Cleanup", Time since last: 1000127431 ns, Reaching safepoint: 7501 ns, Cleanup: 12400 ns, At safepoint: 2700 ns, Total: 22601 ns
[2835.970s][info ][gc,start       ] GC(73) Pause Young (Allocation Failure)
[2835.973s][debug][gc,phases      ] GC(73) Scavenge 2.988ms
[2835.973s][debug][gc,ref         ] GC(73) ReferenceProcessor::execute queues: 1, RefProcThreadModel::Single, marks_oops_alive: false
[2835.973s][debug][gc,ref         ] GC(73) Skipped KeepAliveFinalRefsPhase of Reference Processing: no references
[2835.973s][debug][gc,ref         ] GC(73) ReferenceProcessor::execute queues: 1, RefProcThreadModel::Single, marks_oops_alive: false
[2835.973s][debug][gc,phases      ] GC(73) Reference Processing 0.122ms
[2835.973s][debug][gc,phases      ] GC(73)   VM Weak                        Min:  0.0, Avg:  0.0, Max:  0.0, Diff:  0.0, Sum:  0.0, Workers: 4
[2835.973s][debug][gc,phases      ] GC(73)     Dead                           Min: 0, Avg:  0.0, Max: 0, Diff: 0, Sum: 0, Workers: 4
[2835.973s][debug][gc,phases      ] GC(73)     Total                          Min: 0, Avg: 233.8, Max: 871, Diff: 871, Sum: 935, Workers: 4
[2835.973s][debug][gc,phases      ] GC(73)   ObjectSynchronizer Weak        Min:  0.0, Avg:  0.0, Max:  0.0, Diff:  0.0, Sum:  0.0, Workers: 4
[2835.973s][debug][gc,phases      ] GC(73)     Dead                           Min: 0, Avg:  0.0, Max: 0, Diff: 0, Sum: 0, Workers: 4
[2835.973s][debug][gc,phases      ] GC(73)     Total                          Min: 0, Avg:  1.0, Max: 4, Diff: 4, Sum: 4, Workers: 4
[2835.973s][debug][gc,phases      ] GC(73)   JVMTI Tag Weak OopStorage      Min:  0.0, Avg:  0.0, Max:  0.0, Diff:  0.0, Sum:  0.0, Workers: 4
[2835.973s][debug][gc,phases      ] GC(73)     Dead                           Min: 0, Avg:  0.0, Max: 0, Diff: 0, Sum: 0, Workers: 4
[2835.973s][debug][gc,phases      ] GC(73)     Total                          Min: 0, Avg:  0.0, Max: 0, Diff: 0, Sum: 0, Workers: 4
[2835.973s][debug][gc,phases      ] GC(73)   StringTable Weak               Min:  0.0, Avg:  0.1, Max:  0.1, Diff:  0.1, Sum:  0.4, Workers: 4
[2835.973s][debug][gc,phases      ] GC(73)     Dead                           Min: 0, Avg:  0.2, Max: 1, Diff: 1, Sum: 1, Workers: 4
[2835.973s][debug][gc,phases      ] GC(73)     Total                          Min: 0, Avg: 11585.8, Max: 16064, Diff: 16064, Sum: 46343, Workers: 4
[2835.973s][debug][gc,phases      ] GC(73)   ResolvedMethodTable Weak       Min:  0.0, Avg:  0.0, Max:  0.0, Diff:  0.0, Sum:  0.1, Workers: 4
[2835.973s][debug][gc,phases      ] GC(73)     Dead                           Min: 0, Avg:  4.8, Max: 19, Diff: 19, Sum: 19, Workers: 4
[2835.973s][debug][gc,phases      ] GC(73)     Total                          Min: 0, Avg: 3777.2, Max: 5416, Diff: 5416, Sum: 15109, Workers: 4
[2835.973s][debug][gc,phases      ] GC(73)   JNI Weak                       Min:  0.0, Avg:  0.0, Max:  0.0, Diff:  0.0, Sum:  0.0, Workers: 4
[2835.973s][debug][gc,phases      ] GC(73)     Dead                           Min: 0, Avg:  0.0, Max: 0, Diff: 0, Sum: 0, Workers: 4
[2835.973s][debug][gc,phases      ] GC(73)     Total                          Min: 0, Avg: 13.0, Max: 48, Diff: 48, Sum: 52, Workers: 4
[2835.973s][debug][gc,phases      ] GC(73)   StringDedup Table Weak         Min:  0.0, Avg:  0.0, Max:  0.0, Diff:  0.0, Sum:  0.0, Workers: 4
[2835.973s][debug][gc,phases      ] GC(73)     Dead                           Min: 0, Avg:  0.0, Max: 0, Diff: 0, Sum: 0, Workers: 4
[2835.973s][debug][gc,phases      ] GC(73)     Total                          Min: 0, Avg:  0.0, Max: 0, Diff: 0, Sum: 0, Workers: 4
[2835.973s][debug][gc,phases      ] GC(73)   StringDedup Requests0 Weak     Min:  0.0, Avg:  0.0, Max:  0.0, Diff:  0.0, Sum:  0.0, Workers: 4
[2835.973s][debug][gc,phases      ] GC(73)     Dead                           Min: 0, Avg:  0.0, Max: 0, Diff: 0, Sum: 0, Workers: 4
[2835.973s][debug][gc,phases      ] GC(73)     Total                          Min: 0, Avg:  0.0, Max: 0, Diff: 0, Sum: 0, Workers: 4
[2835.973s][debug][gc,phases      ] GC(73)   StringDedup Requests1 Weak     Min:  0.0, Avg:  0.0, Max:  0.0, Diff:  0.0, Sum:  0.0, Workers: 4
[2835.973s][debug][gc,phases      ] GC(73)     Dead                           Min: 0, Avg:  0.0, Max: 0, Diff: 0, Sum: 0, Workers: 4
[2835.973s][debug][gc,phases      ] GC(73)     Total                          Min: 0, Avg:  0.0, Max: 0, Diff: 0, Sum: 0, Workers: 4
[2835.973s][debug][gc,phases      ] GC(73)   Weak JFR Old Object Samples    Min:  0.0, Avg:  0.0, Max:  0.0, Diff:  0.0, Sum:  0.0, Workers: 4
[2835.973s][debug][gc,phases      ] GC(73)     Dead                           Min: 0, Avg:  0.0, Max: 0, Diff: 0, Sum: 0, Workers: 4
[2835.973s][debug][gc,phases      ] GC(73)     Total                          Min: 0, Avg:  0.0, Max: 0, Diff: 0, Sum: 0, Workers: 4
[2835.973s][debug][gc,phases      ] GC(73) Weak Processing 0.416ms
[2835.973s][debug][gc,age         ] GC(73) Desired survivor size 27262976 bytes, new threshold 1 (max threshold 15)
[2835.973s][info ][gc,heap        ] GC(73) PSYoungGen: 2035200K(2064896K)->3440K(2070528K) Eden: 2035200K(2035200K)->0K(2042368K) From: 0K(29696K)->3440K(28160K)
[2835.973s][info ][gc,heap        ] GC(73) ParOldGen: 256764K(395776K)->256764K(395776K)
[2835.973s][info ][gc,metaspace   ] GC(73) Metaspace: 106074K(107328K)->106074K(107328K) NonClass: 90075K(90752K)->90075K(90752K) Class: 15999K(16576K)->15999K(16576K)
[2835.973s][info ][gc             ] GC(73) Pause Young (Allocation Failure) 2238M->254M(2408M) 3.652ms
[2835.973s][info ][gc,cpu         ] GC(73) User=0.01s Sys=0.00s Real=0.00s
[2835.973s][info ][safepoint      ] Safepoint "ParallelGCFailedAllocation", Time since last: 4039776406 ns, Reaching safepoint: 5701 ns, Cleanup: 4200 ns, At safepoint: 3722317 ns, Total: 3732218 ns
[2838.974s][info ][safepoint      ] Safepoint "Cleanup", Time since last: 3000236836 ns, Reaching safepoint: 6800 ns, Cleanup: 9201 ns, At safepoint: 2300 ns, Total: 18301 ns
[2848.974s][info ][safepoint      ] Safepoint "Cleanup", Time since last: 10000728405 ns, Reaching safepoint: 6801 ns, Cleanup: 9600 ns, At safepoint: 2700 ns, Total: 19101 ns
[2852.975s][info ][safepoint      ] Safepoint "Cleanup", Time since last: 4000310932 ns, Reaching safepoint: 5401 ns, Cleanup: 28501 ns, At safepoint: 2400 ns, Total: 36302 ns
[2854.975s][info ][safepoint      ] Safepoint "Cleanup", Time since last: 2000166767 ns, Reaching safepoint: 6600 ns, Cleanup: 12901 ns, At safepoint: 3000 ns, Total: 22501 ns
[2858.975s][info ][safepoint      ] Safepoint "Cleanup", Time since last: 4000317693 ns, Reaching safepoint: 6700 ns, Cleanup: 12801 ns, At safepoint: 2400 ns, Total: 21901 ns
[2863.976s][info ][safepoint      ] Safepoint "Cleanup", Time since last: 5000388937 ns, Reaching safepoint: 9901 ns, Cleanup: 13101 ns, At safepoint: 5800 ns, Total: 28802 ns
[2864.976s][info ][safepoint      ] Safepoint "Cleanup", Time since last: 1000110480 ns, Reaching safepoint: 78302 ns, Cleanup: 9700 ns, At safepoint: 5800 ns, Total: 93802 ns
[2867.976s][info ][safepoint      ] Safepoint "Cleanup", Time since last: 3000194537 ns, Reaching safepoint: 7500 ns, Cleanup: 13001 ns, At safepoint: 30801 ns, Total: 51302 ns
[2868.976s][info ][safepoint      ] Safepoint "Cleanup", Time since last: 1000110451 ns, Reaching safepoint: 7401 ns, Cleanup: 14501 ns, At safepoint: 2600 ns, Total: 24502 ns
[2869.976s][info ][safepoint      ] Safepoint "Cleanup", Time since last: 1000116351 ns, Reaching safepoint: 7501 ns, Cleanup: 12400 ns, At safepoint: 2400 ns, Total: 22301 ns
[2871.977s][info ][safepoint      ] Safepoint "Cleanup", Time since last: 2000216602 ns, Reaching safepoint: 7801 ns, Cleanup: 12000 ns, At safepoint: 3001 ns, Total: 22802 ns
[2873.977s][info ][safepoint      ] Safepoint "Cleanup", Time since last: 2000209656 ns, Reaching safepoint: 8300 ns, Cleanup: 13401 ns, At safepoint: 2400 ns, Total: 24101 ns
[2874.977s][info ][safepoint      ] Safepoint "Cleanup", Time since last: 1000112790 ns, Reaching safepoint: 8101 ns, Cleanup: 13100 ns, At safepoint: 2600 ns, Total: 23801 ns
[2880.946s][info ][safepoint      ] Safepoint "Cleanup", Time since last: 5969021522 ns, Reaching safepoint: 78604 ns, Cleanup: 8400 ns, At safepoint: 8100 ns, Total: 95104 ns
[2884.603s][info ][gc,start       ] GC(74) Pause Young (Allocation Failure)
[2884.609s][debug][gc,phases      ] GC(74) Scavenge 5.730ms
[2884.609s][debug][gc,ref         ] GC(74) ReferenceProcessor::execute queues: 1, RefProcThreadModel::Single, marks_oops_alive: false
[2884.609s][debug][gc,ref         ] GC(74) Skipped KeepAliveFinalRefsPhase of Reference Processing: no references
[2884.609s][debug][gc,ref         ] GC(74) ReferenceProcessor::execute queues: 1, RefProcThreadModel::Single, marks_oops_alive: false
[2884.609s][debug][gc,phases      ] GC(74) Reference Processing 0.122ms
[2884.609s][debug][gc,phases      ] GC(74)   VM Weak                        Min:  0.0, Avg:  0.0, Max:  0.0, Diff:  0.0, Sum:  0.0, Workers: 4
[2884.609s][debug][gc,phases      ] GC(74)     Dead                           Min: 0, Avg:  0.0, Max: 0, Diff: 0, Sum: 0, Workers: 4
[2884.609s][debug][gc,phases      ] GC(74)     Total                          Min: 0, Avg: 233.8, Max: 640, Diff: 640, Sum: 935, Workers: 4
[2884.609s][debug][gc,phases      ] GC(74)   ObjectSynchronizer Weak        Min:  0.0, Avg:  0.0, Max:  0.0, Diff:  0.0, Sum:  0.0, Workers: 4
[2884.609s][debug][gc,phases      ] GC(74)     Dead                           Min: 0, Avg:  0.0, Max: 0, Diff: 0, Sum: 0, Workers: 4
[2884.609s][debug][gc,phases      ] GC(74)     Total                          Min: 0, Avg:  0.8, Max: 3, Diff: 3, Sum: 3, Workers: 4
[2884.609s][debug][gc,phases      ] GC(74)   JVMTI Tag Weak OopStorage      Min:  0.0, Avg:  0.0, Max:  0.0, Diff:  0.0, Sum:  0.0, Workers: 4
[2884.609s][debug][gc,phases      ] GC(74)     Dead                           Min: 0, Avg:  0.0, Max: 0, Diff: 0, Sum: 0, Workers: 4
[2884.609s][debug][gc,phases      ] GC(74)     Total                          Min: 0, Avg:  0.0, Max: 0, Diff: 0, Sum: 0, Workers: 4
[2884.609s][debug][gc,phases      ] GC(74)   StringTable Weak               Min:  0.0, Avg:  0.1, Max:  0.1, Diff:  0.1, Sum:  0.4, Workers: 4
[2884.609s][debug][gc,phases      ] GC(74)     Dead                           Min: 0, Avg:  0.0, Max: 0, Diff: 0, Sum: 0, Workers: 4
[2884.609s][debug][gc,phases      ] GC(74)     Total                          Min: 0, Avg: 11586.5, Max: 17163, Diff: 17163, Sum: 46346, Workers: 4
[2884.609s][debug][gc,phases      ] GC(74)   ResolvedMethodTable Weak       Min:  0.0, Avg:  0.0, Max:  0.1, Diff:  0.1, Sum:  0.2, Workers: 4
[2884.609s][debug][gc,phases      ] GC(74)     Dead                           Min: 0, Avg:  4.0, Max: 16, Diff: 16, Sum: 16, Workers: 4
[2884.609s][debug][gc,phases      ] GC(74)     Total                          Min: 0, Avg: 3777.2, Max: 5164, Diff: 5164, Sum: 15109, Workers: 4
[2884.609s][debug][gc,phases      ] GC(74)   JNI Weak                       Min:  0.0, Avg:  0.0, Max:  0.0, Diff:  0.0, Sum:  0.0, Workers: 4
[2884.609s][debug][gc,phases      ] GC(74)     Dead                           Min: 0, Avg:  0.0, Max: 0, Diff: 0, Sum: 0, Workers: 4
[2884.609s][debug][gc,phases      ] GC(74)     Total                          Min: 0, Avg: 13.0, Max: 48, Diff: 48, Sum: 52, Workers: 4
[2884.609s][debug][gc,phases      ] GC(74)   StringDedup Table Weak         Min:  0.0, Avg:  0.0, Max:  0.0, Diff:  0.0, Sum:  0.0, Workers: 4
[2884.609s][debug][gc,phases      ] GC(74)     Dead                           Min: 0, Avg:  0.0, Max: 0, Diff: 0, Sum: 0, Workers: 4
[2884.609s][debug][gc,phases      ] GC(74)     Total                          Min: 0, Avg:  0.0, Max: 0, Diff: 0, Sum: 0, Workers: 4
[2884.609s][debug][gc,phases      ] GC(74)   StringDedup Requests0 Weak     Min:  0.0, Avg:  0.0, Max:  0.0, Diff:  0.0, Sum:  0.0, Workers: 4
[2884.609s][debug][gc,phases      ] GC(74)     Dead                           Min: 0, Avg:  0.0, Max: 0, Diff: 0, Sum: 0, Workers: 4
[2884.609s][debug][gc,phases      ] GC(74)     Total                          Min: 0, Avg:  0.0, Max: 0, Diff: 0, Sum: 0, Workers: 4
[2884.609s][debug][gc,phases      ] GC(74)   StringDedup Requests1 Weak     Min:  0.0, Avg:  0.0, Max:  0.0, Diff:  0.0, Sum:  0.0, Workers: 4
[2884.609s][debug][gc,phases      ] GC(74)     Dead                           Min: 0, Avg:  0.0, Max: 0, Diff: 0, Sum: 0, Workers: 4
[2884.609s][debug][gc,phases      ] GC(74)     Total                          Min: 0, Avg:  0.0, Max: 0, Diff: 0, Sum: 0, Workers: 4
[2884.609s][debug][gc,phases      ] GC(74)   Weak JFR Old Object Samples    Min:  0.0, Avg:  0.0, Max:  0.0, Diff:  0.0, Sum:  0.0, Workers: 4
[2884.609s][debug][gc,phases      ] GC(74)     Dead                           Min: 0, Avg:  0.0, Max: 0, Diff: 0, Sum: 0, Workers: 4
[2884.609s][debug][gc,phases      ] GC(74)     Total                          Min: 0, Avg:  0.0, Max: 0, Diff: 0, Sum: 0, Workers: 4
[2884.609s][debug][gc,phases      ] GC(74) Weak Processing 0.415ms
[2884.609s][debug][gc,age         ] GC(74) Desired survivor size 25165824 bytes, new threshold 1 (max threshold 15)
[2884.610s][info ][gc,heap        ] GC(74) PSYoungGen: 2045808K(2070528K)->4784K(2068992K) Eden: 2042368K(2042368K)->0K(2042368K) From: 3440K(28160K)->4784K(26624K)
[2884.610s][info ][gc,heap        ] GC(74) ParOldGen: 256764K(395776K)->258076K(395776K)
[2884.610s][info ][gc,metaspace   ] GC(74) Metaspace: 106078K(107392K)->106078K(107392K) NonClass: 90079K(90816K)->90079K(90816K) Class: 15999K(16576K)->15999K(16576K)
[2884.610s][info ][gc             ] GC(74) Pause Young (Allocation Failure) 2248M->256M(2407M) 6.415ms
[2884.610s][info ][gc,cpu         ] GC(74) User=0.02s Sys=0.00s Real=0.01s
[2884.610s][info ][safepoint      ] Safepoint "ParallelGCFailedAllocation", Time since last: 3656919531 ns, Reaching safepoint: 9600 ns, Cleanup: 5900 ns, At safepoint: 6497703 ns, Total: 6513203 ns
[2891.611s][info ][safepoint      ] Safepoint "Cleanup", Time since last: 7000831660 ns, Reaching safepoint: 91003 ns, Cleanup: 11701 ns, At safepoint: 8000 ns, Total: 110704 ns
[2892.611s][info ][safepoint      ] Safepoint "Cleanup", Time since last: 1000128112 ns, Reaching safepoint: 7901 ns, Cleanup: 12400 ns, At safepoint: 3500 ns, Total: 23801 ns
[2894.611s][info ][safepoint      ] Safepoint "Cleanup", Time since last: 2000188198 ns, Reaching safepoint: 7701 ns, Cleanup: 13401 ns, At safepoint: 2400 ns, Total: 23502 ns
[2902.612s][info ][safepoint      ] Safepoint "Cleanup", Time since last: 8000651995 ns, Reaching safepoint: 7901 ns, Cleanup: 13100 ns, At safepoint: 2500 ns, Total: 23501 ns
[2906.612s][info ][safepoint      ] Safepoint "Cleanup", Time since last: 4000340358 ns, Reaching safepoint: 7600 ns, Cleanup: 13600 ns, At safepoint: 2900 ns, Total: 24100 ns
[2907.612s][info ][safepoint      ] Safepoint "Cleanup", Time since last: 1000120986 ns, Reaching safepoint: 7601 ns, Cleanup: 12300 ns, At safepoint: 2500 ns, Total: 22401 ns
[2918.613s][info ][safepoint      ] Safepoint "Cleanup", Time since last: 11000833184 ns, Reaching safepoint: 7801 ns, Cleanup: 12300 ns, At safepoint: 2700 ns, Total: 22801 ns
[2920.613s][info ][safepoint      ] Safepoint "Cleanup", Time since last: 2000184960 ns, Reaching safepoint: 7600 ns, Cleanup: 13200 ns, At safepoint: 2801 ns, Total: 23601 ns
[2922.613s][info ][safepoint      ] Safepoint "Cleanup", Time since last: 2000191110 ns, Reaching safepoint: 7701 ns, Cleanup: 14400 ns, At safepoint: 2400 ns, Total: 24501 ns
[2929.614s][info ][safepoint      ] Safepoint "Cleanup", Time since last: 7000526487 ns, Reaching safepoint: 8200 ns, Cleanup: 10700 ns, At safepoint: 2400 ns, Total: 21300 ns
[2935.252s][info ][gc,start       ] GC(75) Pause Young (Allocation Failure)
[2935.258s][debug][gc,phases      ] GC(75) Scavenge 6.157ms
[2935.258s][debug][gc,ref         ] GC(75) ReferenceProcessor::execute queues: 1, RefProcThreadModel::Single, marks_oops_alive: false
[2935.258s][debug][gc,ref         ] GC(75) Skipped KeepAliveFinalRefsPhase of Reference Processing: no references
[2935.258s][debug][gc,ref         ] GC(75) ReferenceProcessor::execute queues: 1, RefProcThreadModel::Single, marks_oops_alive: false
[2935.258s][debug][gc,phases      ] GC(75) Reference Processing 0.111ms
[2935.258s][debug][gc,phases      ] GC(75)   VM Weak                        Min:  0.0, Avg:  0.0, Max:  0.0, Diff:  0.0, Sum:  0.0, Workers: 4
[2935.258s][debug][gc,phases      ] GC(75)     Dead                           Min: 0, Avg:  0.0, Max: 0, Diff: 0, Sum: 0, Workers: 4
[2935.258s][debug][gc,phases      ] GC(75)     Total                          Min: 0, Avg: 233.8, Max: 551, Diff: 551, Sum: 935, Workers: 4
[2935.258s][debug][gc,phases      ] GC(75)   ObjectSynchronizer Weak        Min:  0.0, Avg:  0.0, Max:  0.0, Diff:  0.0, Sum:  0.0, Workers: 4
[2935.258s][debug][gc,phases      ] GC(75)     Dead                           Min: 0, Avg:  0.0, Max: 0, Diff: 0, Sum: 0, Workers: 4
[2935.258s][debug][gc,phases      ] GC(75)     Total                          Min: 0, Avg:  1.0, Max: 4, Diff: 4, Sum: 4, Workers: 4
[2935.258s][debug][gc,phases      ] GC(75)   JVMTI Tag Weak OopStorage      Min:  0.0, Avg:  0.0, Max:  0.0, Diff:  0.0, Sum:  0.0, Workers: 4
[2935.258s][debug][gc,phases      ] GC(75)     Dead                           Min: 0, Avg:  0.0, Max: 0, Diff: 0, Sum: 0, Workers: 4
[2935.258s][debug][gc,phases      ] GC(75)     Total                          Min: 0, Avg:  0.0, Max: 0, Diff: 0, Sum: 0, Workers: 4
[2935.258s][debug][gc,phases      ] GC(75)   StringTable Weak               Min:  0.0, Avg:  0.1, Max:  0.2, Diff:  0.2, Sum:  0.4, Workers: 4
[2935.258s][debug][gc,phases      ] GC(75)     Dead                           Min: 0, Avg:  0.0, Max: 0, Diff: 0, Sum: 0, Workers: 4
[2935.258s][debug][gc,phases      ] GC(75)     Total                          Min: 0, Avg: 11586.5, Max: 25483, Diff: 25483, Sum: 46346, Workers: 4
[2935.258s][debug][gc,phases      ] GC(75)   ResolvedMethodTable Weak       Min:  0.0, Avg:  0.0, Max:  0.1, Diff:  0.1, Sum:  0.1, Workers: 4
[2935.258s][debug][gc,phases      ] GC(75)     Dead                           Min: 0, Avg:  4.0, Max: 16, Diff: 16, Sum: 16, Workers: 4
[2935.258s][debug][gc,phases      ] GC(75)     Total                          Min: 0, Avg: 3777.2, Max: 8665, Diff: 8665, Sum: 15109, Workers: 4
[2935.258s][debug][gc,phases      ] GC(75)   JNI Weak                       Min:  0.0, Avg:  0.0, Max:  0.0, Diff:  0.0, Sum:  0.0, Workers: 4
[2935.258s][debug][gc,phases      ] GC(75)     Dead                           Min: 0, Avg:  0.0, Max: 0, Diff: 0, Sum: 0, Workers: 4
[2935.258s][debug][gc,phases      ] GC(75)     Total                          Min: 0, Avg: 13.0, Max: 48, Diff: 48, Sum: 52, Workers: 4
[2935.258s][debug][gc,phases      ] GC(75)   StringDedup Table Weak         Min:  0.0, Avg:  0.0, Max:  0.0, Diff:  0.0, Sum:  0.0, Workers: 4
[2935.258s][debug][gc,phases      ] GC(75)     Dead                           Min: 0, Avg:  0.0, Max: 0, Diff: 0, Sum: 0, Workers: 4
[2935.258s][debug][gc,phases      ] GC(75)     Total                          Min: 0, Avg:  0.0, Max: 0, Diff: 0, Sum: 0, Workers: 4
[2935.258s][debug][gc,phases      ] GC(75)   StringDedup Requests0 Weak     Min:  0.0, Avg:  0.0, Max:  0.0, Diff:  0.0, Sum:  0.0, Workers: 4
[2935.258s][debug][gc,phases      ] GC(75)     Dead                           Min: 0, Avg:  0.0, Max: 0, Diff: 0, Sum: 0, Workers: 4
[2935.258s][debug][gc,phases      ] GC(75)     Total                          Min: 0, Avg:  0.0, Max: 0, Diff: 0, Sum: 0, Workers: 4
[2935.258s][debug][gc,phases      ] GC(75)   StringDedup Requests1 Weak     Min:  0.0, Avg:  0.0, Max:  0.0, Diff:  0.0, Sum:  0.0, Workers: 4
[2935.259s][debug][gc,phases      ] GC(75)     Dead                           Min: 0, Avg:  0.0, Max: 0, Diff: 0, Sum: 0, Workers: 4
[2935.259s][debug][gc,phases      ] GC(75)     Total                          Min: 0, Avg:  0.0, Max: 0, Diff: 0, Sum: 0, Workers: 4
[2935.259s][debug][gc,phases      ] GC(75)   Weak JFR Old Object Samples    Min:  0.0, Avg:  0.0, Max:  0.0, Diff:  0.0, Sum:  0.0, Workers: 4
[2935.259s][debug][gc,phases      ] GC(75)     Dead                           Min: 0, Avg:  0.0, Max: 0, Diff: 0, Sum: 0, Workers: 4
[2935.259s][debug][gc,phases      ] GC(75)     Total                          Min: 0, Avg:  0.0, Max: 0, Diff: 0, Sum: 0, Workers: 4
[2935.259s][debug][gc,phases      ] GC(75) Weak Processing 0.483ms
[2935.259s][debug][gc,age         ] GC(75) Desired survivor size 23592960 bytes, new threshold 1 (max threshold 15)
[2935.259s][info ][gc,heap        ] GC(75) PSYoungGen: 2047152K(2068992K)->4560K(2074112K) Eden: 2042368K(2042368K)->0K(2049536K) From: 4784K(26624K)->4560K(24576K)
[2935.259s][info ][gc,heap        ] GC(75) ParOldGen: 258076K(395776K)->261333K(395776K)
[2935.259s][info ][gc,metaspace   ] GC(75) Metaspace: 106080K(107392K)->106080K(107392K) NonClass: 90081K(90816K)->90081K(90816K) Class: 15999K(16576K)->15999K(16576K)
[2935.259s][info ][gc             ] GC(75) Pause Young (Allocation Failure) 2251M->259M(2412M) 6.926ms
[2935.259s][info ][gc,cpu         ] GC(75) User=0.02s Sys=0.00s Real=0.01s
[2935.259s][info ][safepoint      ] Safepoint "ParallelGCFailedAllocation", Time since last: 5637626871 ns, Reaching safepoint: 84403 ns, Cleanup: 5101 ns, At safepoint: 7040911 ns, Total: 7130415 ns
[2940.259s][info ][safepoint      ] Safepoint "Cleanup", Time since last: 5000384586 ns, Reaching safepoint: 80303 ns, Cleanup: 12301 ns, At safepoint: 7100 ns, Total: 99704 ns
[2950.965s][info ][safepoint      ] Safepoint "Cleanup", Time since last: 10705901244 ns, Reaching safepoint: 7400 ns, Cleanup: 13201 ns, At safepoint: 2400 ns, Total: 23001 ns
[2951.965s][info ][safepoint      ] Safepoint "Cleanup", Time since last: 1000121641 ns, Reaching safepoint: 7900 ns, Cleanup: 11301 ns, At safepoint: 2900 ns, Total: 22101 ns
[2976.967s][info ][safepoint      ] Safepoint "Cleanup", Time since last: 25001829939 ns, Reaching safepoint: 6800 ns, Cleanup: 7901 ns, At safepoint: 3100 ns, Total: 17801 ns
[2987.968s][info ][safepoint      ] Safepoint "Cleanup", Time since last: 11000841167 ns, Reaching safepoint: 6800 ns, Cleanup: 12000 ns, At safepoint: 2900 ns, Total: 21700 ns
[2988.653s][info ][gc,start       ] GC(76) Pause Young (Allocation Failure)
[2988.657s][debug][gc,phases      ] GC(76) Scavenge 4.159ms
[2988.657s][debug][gc,ref         ] GC(76) ReferenceProcessor::execute queues: 1, RefProcThreadModel::Single, marks_oops_alive: false
[2988.657s][debug][gc,ref         ] GC(76) Skipped KeepAliveFinalRefsPhase of Reference Processing: no references
[2988.657s][debug][gc,ref         ] GC(76) Skipped PhantomRefsPhase of Reference Processing: no references
[2988.657s][debug][gc,phases      ] GC(76) Reference Processing 0.120ms
[2988.657s][debug][gc,phases      ] GC(76)   VM Weak                        Min:  0.0, Avg:  0.0, Max:  0.0, Diff:  0.0, Sum:  0.0, Workers: 4
[2988.657s][debug][gc,phases      ] GC(76)     Dead                           Min: 0, Avg:  0.0, Max: 0, Diff: 0, Sum: 0, Workers: 4
[2988.657s][debug][gc,phases      ] GC(76)     Total                          Min: 0, Avg: 233.8, Max: 871, Diff: 871, Sum: 935, Workers: 4
[2988.657s][debug][gc,phases      ] GC(76)   ObjectSynchronizer Weak        Min:  0.0, Avg:  0.0, Max:  0.0, Diff:  0.0, Sum:  0.0, Workers: 4
[2988.657s][debug][gc,phases      ] GC(76)     Dead                           Min: 0, Avg:  0.0, Max: 0, Diff: 0, Sum: 0, Workers: 4
[2988.657s][debug][gc,phases      ] GC(76)     Total                          Min: 0, Avg:  0.8, Max: 3, Diff: 3, Sum: 3, Workers: 4
[2988.657s][debug][gc,phases      ] GC(76)   JVMTI Tag Weak OopStorage      Min:  0.0, Avg:  0.0, Max:  0.0, Diff:  0.0, Sum:  0.0, Workers: 4
[2988.657s][debug][gc,phases      ] GC(76)     Dead                           Min: 0, Avg:  0.0, Max: 0, Diff: 0, Sum: 0, Workers: 4
[2988.657s][debug][gc,phases      ] GC(76)     Total                          Min: 0, Avg:  0.0, Max: 0, Diff: 0, Sum: 0, Workers: 4
[2988.657s][debug][gc,phases      ] GC(76)   StringTable Weak               Min:  0.0, Avg:  0.1, Max:  0.2, Diff:  0.2, Sum:  0.4, Workers: 4
[2988.657s][debug][gc,phases      ] GC(76)     Dead                           Min: 0, Avg:  0.0, Max: 0, Diff: 0, Sum: 0, Workers: 4
[2988.657s][debug][gc,phases      ] GC(76)     Total                          Min: 0, Avg: 11586.8, Max: 24524, Diff: 24524, Sum: 46347, Workers: 4
[2988.657s][debug][gc,phases      ] GC(76)   ResolvedMethodTable Weak       Min:  0.0, Avg:  0.0, Max:  0.1, Diff:  0.1, Sum:  0.2, Workers: 4
[2988.657s][debug][gc,phases      ] GC(76)     Dead                           Min: 0, Avg:  4.0, Max: 16, Diff: 16, Sum: 16, Workers: 4
[2988.657s][debug][gc,phases      ] GC(76)     Total                          Min: 0, Avg: 3777.2, Max: 8337, Diff: 8337, Sum: 15109, Workers: 4
[2988.657s][debug][gc,phases      ] GC(76)   JNI Weak                       Min:  0.0, Avg:  0.0, Max:  0.0, Diff:  0.0, Sum:  0.0, Workers: 4
[2988.657s][debug][gc,phases      ] GC(76)     Dead                           Min: 0, Avg:  0.0, Max: 0, Diff: 0, Sum: 0, Workers: 4
[2988.658s][debug][gc,phases      ] GC(76)     Total                          Min: 0, Avg: 13.0, Max: 48, Diff: 48, Sum: 52, Workers: 4
[2988.658s][debug][gc,phases      ] GC(76)   StringDedup Table Weak         Min:  0.0, Avg:  0.0, Max:  0.0, Diff:  0.0, Sum:  0.0, Workers: 4
[2988.658s][debug][gc,phases      ] GC(76)     Dead                           Min: 0, Avg:  0.0, Max: 0, Diff: 0, Sum: 0, Workers: 4
[2988.658s][debug][gc,phases      ] GC(76)     Total                          Min: 0, Avg:  0.0, Max: 0, Diff: 0, Sum: 0, Workers: 4
[2988.658s][debug][gc,phases      ] GC(76)   StringDedup Requests0 Weak     Min:  0.0, Avg:  0.0, Max:  0.0, Diff:  0.0, Sum:  0.0, Workers: 4
[2988.658s][debug][gc,phases      ] GC(76)     Dead                           Min: 0, Avg:  0.0, Max: 0, Diff: 0, Sum: 0, Workers: 4
[2988.658s][debug][gc,phases      ] GC(76)     Total                          Min: 0, Avg:  0.0, Max: 0, Diff: 0, Sum: 0, Workers: 4
[2988.658s][debug][gc,phases      ] GC(76)   StringDedup Requests1 Weak     Min:  0.0, Avg:  0.0, Max:  0.0, Diff:  0.0, Sum:  0.0, Workers: 4
[2988.658s][debug][gc,phases      ] GC(76)     Dead                           Min: 0, Avg:  0.0, Max: 0, Diff: 0, Sum: 0, Workers: 4
[2988.658s][debug][gc,phases      ] GC(76)     Total                          Min: 0, Avg:  0.0, Max: 0, Diff: 0, Sum: 0, Workers: 4
[2988.658s][debug][gc,phases      ] GC(76)   Weak JFR Old Object Samples    Min:  0.0, Avg:  0.0, Max:  0.0, Diff:  0.0, Sum:  0.0, Workers: 4
[2988.658s][debug][gc,phases      ] GC(76)     Dead                           Min: 0, Avg:  0.0, Max: 0, Diff: 0, Sum: 0, Workers: 4
[2988.658s][debug][gc,phases      ] GC(76)     Total                          Min: 0, Avg:  0.0, Max: 0, Diff: 0, Sum: 0, Workers: 4
[2988.658s][debug][gc,phases      ] GC(76) Weak Processing 0.517ms
[2988.658s][debug][gc,age         ] GC(76) Desired survivor size 22544384 bytes, new threshold 1 (max threshold 15)
[2988.658s][info ][gc,heap        ] GC(76) PSYoungGen: 2054096K(2074112K)->2784K(2072576K) Eden: 2049536K(2049536K)->0K(2049536K) From: 4560K(24576K)->2784K(23040K)
[2988.658s][info ][gc,heap        ] GC(76) ParOldGen: 261333K(395776K)->264285K(395776K)
[2988.658s][info ][gc,metaspace   ] GC(76) Metaspace: 106089K(107392K)->106089K(107392K) NonClass: 90090K(90816K)->90090K(90816K) Class: 15999K(16576K)->15999K(16576K)
[2988.658s][info ][gc             ] GC(76) Pause Young (Allocation Failure) 2261M->260M(2410M) 4.961ms
[2988.658s][info ][gc,cpu         ] GC(76) User=0.01s Sys=0.00s Real=0.01s
[2988.658s][info ][safepoint      ] Safepoint "ParallelGCFailedAllocation", Time since last: 684639645 ns, Reaching safepoint: 80002 ns, Cleanup: 5000 ns, At safepoint: 5040942 ns, Total: 5125944 ns
[2994.658s][info ][safepoint      ] Safepoint "Cleanup", Time since last: 6000462302 ns, Reaching safepoint: 79303 ns, Cleanup: 10600 ns, At safepoint: 7300 ns, Total: 97203 ns
[2998.659s][info ][safepoint      ] Safepoint "Cleanup", Time since last: 4000399668 ns, Reaching safepoint: 7300 ns, Cleanup: 11601 ns, At safepoint: 2700 ns, Total: 21601 ns
[3000.981s][info ][safepoint      ] Safepoint "Cleanup", Time since last: 2322830990 ns, Reaching safepoint: 2800 ns, Cleanup: 7301 ns, At safepoint: 2200 ns, Total: 12301 ns
[3001.982s][info ][safepoint      ] Safepoint "Cleanup", Time since last: 1000143393 ns, Reaching safepoint: 7200 ns, Cleanup: 12400 ns, At safepoint: 2800 ns, Total: 22400 ns
[3012.983s][info ][safepoint      ] Safepoint "Cleanup", Time since last: 11000830605 ns, Reaching safepoint: 7200 ns, Cleanup: 11201 ns, At safepoint: 2200 ns, Total: 20601 ns
[3013.983s][info ][safepoint      ] Safepoint "Cleanup", Time since last: 1000116238 ns, Reaching safepoint: 7900 ns, Cleanup: 13501 ns, At safepoint: 2400 ns, Total: 23801 ns
[3019.983s][info ][safepoint      ] Safepoint "Cleanup", Time since last: 6000461688 ns, Reaching safepoint: 7501 ns, Cleanup: 12800 ns, At safepoint: 2600 ns, Total: 22901 ns
[3030.505s][info ][gc,start       ] GC(77) Pause Young (Allocation Failure)
[3030.511s][debug][gc,phases      ] GC(77) Scavenge 6.518ms
[3030.511s][debug][gc,ref         ] GC(77) ReferenceProcessor::execute queues: 1, RefProcThreadModel::Single, marks_oops_alive: false
[3030.511s][debug][gc,ref         ] GC(77) Skipped KeepAliveFinalRefsPhase of Reference Processing: no references
[3030.511s][debug][gc,ref         ] GC(77) ReferenceProcessor::execute queues: 1, RefProcThreadModel::Single, marks_oops_alive: false
[3030.511s][debug][gc,phases      ] GC(77) Reference Processing 0.121ms
[3030.512s][debug][gc,phases      ] GC(77)   VM Weak                        Min:  0.0, Avg:  0.0, Max:  0.0, Diff:  0.0, Sum:  0.0, Workers: 4
[3030.512s][debug][gc,phases      ] GC(77)     Dead                           Min: 0, Avg:  0.0, Max: 0, Diff: 0, Sum: 0, Workers: 4
[3030.512s][debug][gc,phases      ] GC(77)     Total                          Min: 128, Avg: 233.8, Max: 448, Diff: 320, Sum: 935, Workers: 4
[3030.512s][debug][gc,phases      ] GC(77)   ObjectSynchronizer Weak        Min:  0.0, Avg:  0.0, Max:  0.0, Diff:  0.0, Sum:  0.0, Workers: 4
[3030.512s][debug][gc,phases      ] GC(77)     Dead                           Min: 0, Avg:  0.0, Max: 0, Diff: 0, Sum: 0, Workers: 4
[3030.512s][debug][gc,phases      ] GC(77)     Total                          Min: 0, Avg:  1.0, Max: 4, Diff: 4, Sum: 4, Workers: 4
[3030.512s][debug][gc,phases      ] GC(77)   JVMTI Tag Weak OopStorage      Min:  0.0, Avg:  0.0, Max:  0.0, Diff:  0.0, Sum:  0.0, Workers: 4
[3030.512s][debug][gc,phases      ] GC(77)     Dead                           Min: 0, Avg:  0.0, Max: 0, Diff: 0, Sum: 0, Workers: 4
[3030.512s][debug][gc,phases      ] GC(77)     Total                          Min: 0, Avg:  0.0, Max: 0, Diff: 0, Sum: 0, Workers: 4
[3030.512s][debug][gc,phases      ] GC(77)   StringTable Weak               Min:  0.1, Avg:  0.1, Max:  0.1, Diff:  0.0, Sum:  0.5, Workers: 4
[3030.512s][debug][gc,phases      ] GC(77)     Dead                           Min: 0, Avg:  0.0, Max: 0, Diff: 0, Sum: 0, Workers: 4
[3030.512s][debug][gc,phases      ] GC(77)     Total                          Min: 10752, Avg: 11586.8, Max: 12363, Diff: 1611, Sum: 46347, Workers: 4
[3030.512s][debug][gc,phases      ] GC(77)   ResolvedMethodTable Weak       Min:  0.1, Avg:  0.1, Max:  0.1, Diff:  0.0, Sum:  0.2, Workers: 4
[3030.512s][debug][gc,phases      ] GC(77)     Dead                           Min: 0, Avg:  4.0, Max: 16, Diff: 16, Sum: 16, Workers: 4
[3030.512s][debug][gc,phases      ] GC(77)     Total                          Min: 3380, Avg: 3777.2, Max: 4055, Diff: 675, Sum: 15109, Workers: 4
[3030.512s][debug][gc,phases      ] GC(77)   JNI Weak                       Min:  0.0, Avg:  0.0, Max:  0.0, Diff:  0.0, Sum:  0.0, Workers: 4
[3030.512s][debug][gc,phases      ] GC(77)     Dead                           Min: 0, Avg:  0.0, Max: 0, Diff: 0, Sum: 0, Workers: 4
[3030.512s][debug][gc,phases      ] GC(77)     Total                          Min: 0, Avg: 13.0, Max: 48, Diff: 48, Sum: 52, Workers: 4
[3030.512s][debug][gc,phases      ] GC(77)   StringDedup Table Weak         Min:  0.0, Avg:  0.0, Max:  0.0, Diff:  0.0, Sum:  0.0, Workers: 4
[3030.512s][debug][gc,phases      ] GC(77)     Dead                           Min: 0, Avg:  0.0, Max: 0, Diff: 0, Sum: 0, Workers: 4
[3030.512s][debug][gc,phases      ] GC(77)     Total                          Min: 0, Avg:  0.0, Max: 0, Diff: 0, Sum: 0, Workers: 4
[3030.512s][debug][gc,phases      ] GC(77)   StringDedup Requests0 Weak     Min:  0.0, Avg:  0.0, Max:  0.0, Diff:  0.0, Sum:  0.0, Workers: 4
[3030.512s][debug][gc,phases      ] GC(77)     Dead                           Min: 0, Avg:  0.0, Max: 0, Diff: 0, Sum: 0, Workers: 4
[3030.512s][debug][gc,phases      ] GC(77)     Total                          Min: 0, Avg:  0.0, Max: 0, Diff: 0, Sum: 0, Workers: 4
[3030.512s][debug][gc,phases      ] GC(77)   StringDedup Requests1 Weak     Min:  0.0, Avg:  0.0, Max:  0.0, Diff:  0.0, Sum:  0.0, Workers: 4
[3030.512s][debug][gc,phases      ] GC(77)     Dead                           Min: 0, Avg:  0.0, Max: 0, Diff: 0, Sum: 0, Workers: 4
[3030.512s][debug][gc,phases      ] GC(77)     Total                          Min: 0, Avg:  0.0, Max: 0, Diff: 0, Sum: 0, Workers: 4
[3030.512s][debug][gc,phases      ] GC(77)   Weak JFR Old Object Samples    Min:  0.0, Avg:  0.0, Max:  0.0, Diff:  0.0, Sum:  0.0, Workers: 4
[3030.512s][debug][gc,phases      ] GC(77)     Dead                           Min: 0, Avg:  0.0, Max: 0, Diff: 0, Sum: 0, Workers: 4
[3030.512s][debug][gc,phases      ] GC(77)     Total                          Min: 0, Avg:  0.0, Max: 0, Diff: 0, Sum: 0, Workers: 4
[3030.512s][debug][gc,phases      ] GC(77) Weak Processing 0.398ms
[3030.512s][debug][gc,age         ] GC(77) Desired survivor size 21495808 bytes, new threshold 1 (max threshold 15)
[3030.512s][info ][gc,heap        ] GC(77) PSYoungGen: 2052320K(2072576K)->7216K(2076160K) Eden: 2049536K(2049536K)->0K(2054144K) From: 2784K(23040K)->7216K(22016K)
[3030.512s][info ][gc,heap        ] GC(77) ParOldGen: 264285K(395776K)->264953K(395776K)
[3030.512s][info ][gc,metaspace   ] GC(77) Metaspace: 106105K(107392K)->106105K(107392K) NonClass: 90106K(90816K)->90106K(90816K) Class: 15999K(16576K)->15999K(16576K)
[3030.512s][info ][gc             ] GC(77) Pause Young (Allocation Failure) 2262M->265M(2414M) 7.189ms
[3030.512s][info ][gc,cpu         ] GC(77) User=0.03s Sys=0.00s Real=0.01s
[3030.512s][info ][safepoint      ] Safepoint "ParallelGCFailedAllocation", Time since last: 10521507814 ns, Reaching safepoint: 10100 ns, Cleanup: 5200 ns, At safepoint: 7271451 ns, Total: 7286751 ns
[3031.512s][info ][safepoint      ] Safepoint "Cleanup", Time since last: 1000091221 ns, Reaching safepoint: 7801 ns, Cleanup: 12400 ns, At safepoint: 2500 ns, Total: 22701 ns
[3032.512s][info ][safepoint      ] Safepoint "Cleanup", Time since last: 1000117322 ns, Reaching safepoint: 7500 ns, Cleanup: 12101 ns, At safepoint: 2300 ns, Total: 21901 ns
[3036.513s][info ][safepoint      ] Safepoint "Cleanup", Time since last: 4000336399 ns, Reaching safepoint: 8000 ns, Cleanup: 16401 ns, At safepoint: 2600 ns, Total: 27001 ns
[3037.513s][info ][safepoint      ] Safepoint "Cleanup", Time since last: 1000127499 ns, Reaching safepoint: 9700 ns, Cleanup: 16801 ns, At safepoint: 3400 ns, Total: 29901 ns
[3040.513s][info ][safepoint      ] Safepoint "Cleanup", Time since last: 3000269993 ns, Reaching safepoint: 7100 ns, Cleanup: 11100 ns, At safepoint: 2600 ns, Total: 20800 ns
[3041.513s][info ][safepoint      ] Safepoint "Cleanup", Time since last: 1000129401 ns, Reaching safepoint: 7700 ns, Cleanup: 12300 ns, At safepoint: 2400 ns, Total: 22400 ns
[3045.514s][info ][safepoint      ] Safepoint "Cleanup", Time since last: 4000332694 ns, Reaching safepoint: 8000 ns, Cleanup: 15601 ns, At safepoint: 2400 ns, Total: 26001 ns
[3048.514s][info ][safepoint      ] Safepoint "Cleanup", Time since last: 3000262509 ns, Reaching safepoint: 7400 ns, Cleanup: 13301 ns, At safepoint: 2600 ns, Total: 23301 ns
[3049.514s][info ][safepoint      ] Safepoint "Cleanup", Time since last: 1000140986 ns, Reaching safepoint: 7500 ns, Cleanup: 15500 ns, At safepoint: 2800 ns, Total: 25800 ns
[3052.514s][info ][safepoint      ] Safepoint "Cleanup", Time since last: 3000266857 ns, Reaching safepoint: 7400 ns, Cleanup: 30001 ns, At safepoint: 2600 ns, Total: 40001 ns
[3053.514s][info ][safepoint      ] Safepoint "Cleanup", Time since last: 1000123087 ns, Reaching safepoint: 7600 ns, Cleanup: 12700 ns, At safepoint: 2600 ns, Total: 22900 ns
[3054.515s][info ][safepoint      ] Safepoint "Cleanup", Time since last: 1000119387 ns, Reaching safepoint: 7200 ns, Cleanup: 22501 ns, At safepoint: 3000 ns, Total: 32701 ns
[3055.515s][info ][safepoint      ] Safepoint "Cleanup", Time since last: 1000143587 ns, Reaching safepoint: 8100 ns, Cleanup: 18801 ns, At safepoint: 2400 ns, Total: 29301 ns
[3056.515s][info ][safepoint      ] Safepoint "Cleanup", Time since last: 1000120186 ns, Reaching safepoint: 7600 ns, Cleanup: 12001 ns, At safepoint: 2900 ns, Total: 22501 ns
[3057.515s][info ][safepoint      ] Safepoint "Cleanup", Time since last: 1000123529 ns, Reaching safepoint: 8900 ns, Cleanup: 13800 ns, At safepoint: 2600 ns, Total: 25300 ns
[3058.515s][info ][safepoint      ] Safepoint "Cleanup", Time since last: 1000115581 ns, Reaching safepoint: 149404 ns, Cleanup: 7001 ns, At safepoint: 5500 ns, Total: 161905 ns
[3061.999s][info ][safepoint      ] Safepoint "Cleanup", Time since last: 3483201402 ns, Reaching safepoint: 7300 ns, Cleanup: 16500 ns, At safepoint: 2900 ns, Total: 26700 ns
[3071.703s][info ][gc,start       ] GC(78) Pause Young (Allocation Failure)
[3071.710s][debug][gc,phases      ] GC(78) Scavenge 6.837ms
[3071.710s][debug][gc,ref         ] GC(78) ReferenceProcessor::execute queues: 1, RefProcThreadModel::Single, marks_oops_alive: false
[3071.710s][debug][gc,ref         ] GC(78) Skipped KeepAliveFinalRefsPhase of Reference Processing: no references
[3071.710s][debug][gc,ref         ] GC(78) Skipped PhantomRefsPhase of Reference Processing: no references
[3071.710s][debug][gc,phases      ] GC(78) Reference Processing 0.119ms
[3071.710s][debug][gc,phases      ] GC(78)   VM Weak                        Min:  0.0, Avg:  0.0, Max:  0.0, Diff:  0.0, Sum:  0.0, Workers: 4
[3071.710s][debug][gc,phases      ] GC(78)     Dead                           Min: 0, Avg:  0.0, Max: 0, Diff: 0, Sum: 0, Workers: 4
[3071.710s][debug][gc,phases      ] GC(78)     Total                          Min: 0, Avg: 233.8, Max: 551, Diff: 551, Sum: 935, Workers: 4
[3071.710s][debug][gc,phases      ] GC(78)   ObjectSynchronizer Weak        Min:  0.0, Avg:  0.0, Max:  0.0, Diff:  0.0, Sum:  0.0, Workers: 4
[3071.710s][debug][gc,phases      ] GC(78)     Dead                           Min: 0, Avg:  0.0, Max: 0, Diff: 0, Sum: 0, Workers: 4
[3071.710s][debug][gc,phases      ] GC(78)     Total                          Min: 0, Avg:  1.0, Max: 4, Diff: 4, Sum: 4, Workers: 4
[3071.710s][debug][gc,phases      ] GC(78)   JVMTI Tag Weak OopStorage      Min:  0.0, Avg:  0.0, Max:  0.0, Diff:  0.0, Sum:  0.0, Workers: 4
[3071.710s][debug][gc,phases      ] GC(78)     Dead                           Min: 0, Avg:  0.0, Max: 0, Diff: 0, Sum: 0, Workers: 4
[3071.710s][debug][gc,phases      ] GC(78)     Total                          Min: 0, Avg:  0.0, Max: 0, Diff: 0, Sum: 0, Workers: 4
[3071.710s][debug][gc,phases      ] GC(78)   StringTable Weak               Min:  0.0, Avg:  0.1, Max:  0.2, Diff:  0.2, Sum:  0.5, Workers: 4
[3071.710s][debug][gc,phases      ] GC(78)     Dead                           Min: 0, Avg:  0.0, Max: 0, Diff: 0, Sum: 0, Workers: 4
[3071.710s][debug][gc,phases      ] GC(78)     Total                          Min: 0, Avg: 11587.2, Max: 15680, Diff: 15680, Sum: 46349, Workers: 4
[3071.710s][debug][gc,phases      ] GC(78)   ResolvedMethodTable Weak       Min:  0.0, Avg:  0.0, Max:  0.1, Diff:  0.1, Sum:  0.2, Workers: 4
[3071.710s][debug][gc,phases      ] GC(78)     Dead                           Min: 0, Avg:  4.0, Max: 16, Diff: 16, Sum: 16, Workers: 4
[3071.710s][debug][gc,phases      ] GC(78)     Total                          Min: 0, Avg: 3777.2, Max: 5343, Diff: 5343, Sum: 15109, Workers: 4
[3071.710s][debug][gc,phases      ] GC(78)   JNI Weak                       Min:  0.0, Avg:  0.0, Max:  0.0, Diff:  0.0, Sum:  0.0, Workers: 4
[3071.710s][debug][gc,phases      ] GC(78)     Dead                           Min: 0, Avg:  0.0, Max: 0, Diff: 0, Sum: 0, Workers: 4
[3071.710s][debug][gc,phases      ] GC(78)     Total                          Min: 0, Avg: 13.0, Max: 48, Diff: 48, Sum: 52, Workers: 4
[3071.710s][debug][gc,phases      ] GC(78)   StringDedup Table Weak         Min:  0.0, Avg:  0.0, Max:  0.0, Diff:  0.0, Sum:  0.0, Workers: 4
[3071.710s][debug][gc,phases      ] GC(78)     Dead                           Min: 0, Avg:  0.0, Max: 0, Diff: 0, Sum: 0, Workers: 4
[3071.710s][debug][gc,phases      ] GC(78)     Total                          Min: 0, Avg:  0.0, Max: 0, Diff: 0, Sum: 0, Workers: 4
[3071.710s][debug][gc,phases      ] GC(78)   StringDedup Requests0 Weak     Min:  0.0, Avg:  0.0, Max:  0.0, Diff:  0.0, Sum:  0.0, Workers: 4
[3071.710s][debug][gc,phases      ] GC(78)     Dead                           Min: 0, Avg:  0.0, Max: 0, Diff: 0, Sum: 0, Workers: 4
[3071.710s][debug][gc,phases      ] GC(78)     Total                          Min: 0, Avg:  0.0, Max: 0, Diff: 0, Sum: 0, Workers: 4
[3071.710s][debug][gc,phases      ] GC(78)   StringDedup Requests1 Weak     Min:  0.0, Avg:  0.0, Max:  0.0, Diff:  0.0, Sum:  0.0, Workers: 4
[3071.710s][debug][gc,phases      ] GC(78)     Dead                           Min: 0, Avg:  0.0, Max: 0, Diff: 0, Sum: 0, Workers: 4
[3071.710s][debug][gc,phases      ] GC(78)     Total                          Min: 0, Avg:  0.0, Max: 0, Diff: 0, Sum: 0, Workers: 4
[3071.710s][debug][gc,phases      ] GC(78)   Weak JFR Old Object Samples    Min:  0.0, Avg:  0.0, Max:  0.0, Diff:  0.0, Sum:  0.0, Workers: 4
[3071.710s][debug][gc,phases      ] GC(78)     Dead                           Min: 0, Avg:  0.0, Max: 0, Diff: 0, Sum: 0, Workers: 4
[3071.710s][debug][gc,phases      ] GC(78)     Total                          Min: 0, Avg:  0.0, Max: 0, Diff: 0, Sum: 0, Workers: 4
[3071.710s][debug][gc,phases      ] GC(78) Weak Processing 0.475ms
[3071.710s][debug][gc,age         ] GC(78) Desired survivor size 19922944 bytes, new threshold 1 (max threshold 15)
[3071.710s][info ][gc,heap        ] GC(78) PSYoungGen: 2061360K(2076160K)->3808K(2075136K) Eden: 2054144K(2054144K)->0K(2054144K) From: 7216K(22016K)->3808K(20992K)
[3071.710s][info ][gc,heap        ] GC(78) ParOldGen: 264953K(395776K)->270142K(395776K)
[3071.711s][info ][gc,metaspace   ] GC(78) Metaspace: 106142K(107456K)->106142K(107456K) NonClass: 90143K(90880K)->90143K(90880K) Class: 15999K(16576K)->15999K(16576K)
[3071.711s][info ][gc             ] GC(78) Pause Young (Allocation Failure) 2271M->267M(2413M) 7.581ms
[3071.711s][info ][gc,cpu         ] GC(78) User=0.02s Sys=0.00s Real=0.01s
[3071.711s][info ][safepoint      ] Safepoint "ParallelGCFailedAllocation", Time since last: 9704270212 ns, Reaching safepoint: 87503 ns, Cleanup: 5100 ns, At safepoint: 7663942 ns, Total: 7756545 ns
[3079.711s][info ][safepoint      ] Safepoint "Cleanup", Time since last: 8000596773 ns, Reaching safepoint: 6300 ns, Cleanup: 10300 ns, At safepoint: 2400 ns, Total: 19000 ns
[3080.711s][info ][safepoint      ] Safepoint "Cleanup", Time since last: 1000116699 ns, Reaching safepoint: 6400 ns, Cleanup: 13500 ns, At safepoint: 2500 ns, Total: 22400 ns
[3081.711s][info ][safepoint      ] Safepoint "Cleanup", Time since last: 1000120632 ns, Reaching safepoint: 6800 ns, Cleanup: 15101 ns, At safepoint: 2600 ns, Total: 24501 ns
[3085.712s][info ][safepoint      ] Safepoint "Cleanup", Time since last: 4000342451 ns, Reaching safepoint: 6500 ns, Cleanup: 12601 ns, At safepoint: 2600 ns, Total: 21701 ns
[3107.713s][info ][safepoint      ] Safepoint "Cleanup", Time since last: 22001615965 ns, Reaching safepoint: 6101 ns, Cleanup: 12000 ns, At safepoint: 2400 ns, Total: 20501 ns
[3112.714s][info ][safepoint      ] Safepoint "Cleanup", Time since last: 5000403480 ns, Reaching safepoint: 7500 ns, Cleanup: 12001 ns, At safepoint: 2700 ns, Total: 22201 ns
[3121.311s][info ][gc,start       ] GC(79) Pause Young (Allocation Failure)
[3121.314s][debug][gc,phases      ] GC(79) Scavenge 2.734ms
[3121.314s][debug][gc,ref         ] GC(79) ReferenceProcessor::execute queues: 1, RefProcThreadModel::Single, marks_oops_alive: false
[3121.314s][debug][gc,ref         ] GC(79) Skipped KeepAliveFinalRefsPhase of Reference Processing: no references
[3121.314s][debug][gc,ref         ] GC(79) Skipped PhantomRefsPhase of Reference Processing: no references
[3121.314s][debug][gc,phases      ] GC(79) Reference Processing 0.117ms
[3121.314s][debug][gc,phases      ] GC(79)   VM Weak                        Min:  0.0, Avg:  0.0, Max:  0.0, Diff:  0.0, Sum:  0.0, Workers: 4
[3121.314s][debug][gc,phases      ] GC(79)     Dead                           Min: 0, Avg:  0.0, Max: 0, Diff: 0, Sum: 0, Workers: 4
[3121.314s][debug][gc,phases      ] GC(79)     Total                          Min: 0, Avg: 233.8, Max: 487, Diff: 487, Sum: 935, Workers: 4
[3121.314s][debug][gc,phases      ] GC(79)   ObjectSynchronizer Weak        Min:  0.0, Avg:  0.0, Max:  0.0, Diff:  0.0, Sum:  0.0, Workers: 4
[3121.314s][debug][gc,phases      ] GC(79)     Dead                           Min: 0, Avg:  0.0, Max: 0, Diff: 0, Sum: 0, Workers: 4
[3121.314s][debug][gc,phases      ] GC(79)     Total                          Min: 0, Avg:  0.8, Max: 3, Diff: 3, Sum: 3, Workers: 4
[3121.314s][debug][gc,phases      ] GC(79)   JVMTI Tag Weak OopStorage      Min:  0.0, Avg:  0.0, Max:  0.0, Diff:  0.0, Sum:  0.0, Workers: 4
[3121.314s][debug][gc,phases      ] GC(79)     Dead                           Min: 0, Avg:  0.0, Max: 0, Diff: 0, Sum: 0, Workers: 4
[3121.314s][debug][gc,phases      ] GC(79)     Total                          Min: 0, Avg:  0.0, Max: 0, Diff: 0, Sum: 0, Workers: 4
[3121.314s][debug][gc,phases      ] GC(79)   StringTable Weak               Min:  0.1, Avg:  0.1, Max:  0.1, Diff:  0.0, Sum:  0.4, Workers: 4
[3121.314s][debug][gc,phases      ] GC(79)     Dead                           Min: 0, Avg:  0.0, Max: 0, Diff: 0, Sum: 0, Workers: 4
[3121.314s][debug][gc,phases      ] GC(79)     Total                          Min: 11071, Avg: 11587.2, Max: 12096, Diff: 1025, Sum: 46349, Workers: 4
[3121.314s][debug][gc,phases      ] GC(79)   ResolvedMethodTable Weak       Min:  0.0, Avg:  0.0, Max:  0.0, Diff:  0.0, Sum:  0.2, Workers: 4
[3121.314s][debug][gc,phases      ] GC(79)     Dead                           Min: 0, Avg:  4.0, Max: 16, Diff: 16, Sum: 16, Workers: 4
[3121.314s][debug][gc,phases      ] GC(79)     Total                          Min: 3532, Avg: 3777.2, Max: 4067, Diff: 535, Sum: 15109, Workers: 4
[3121.314s][debug][gc,phases      ] GC(79)   JNI Weak                       Min:  0.0, Avg:  0.0, Max:  0.0, Diff:  0.0, Sum:  0.0, Workers: 4
[3121.314s][debug][gc,phases      ] GC(79)     Dead                           Min: 0, Avg:  0.0, Max: 0, Diff: 0, Sum: 0, Workers: 4
[3121.314s][debug][gc,phases      ] GC(79)     Total                          Min: 0, Avg: 13.0, Max: 48, Diff: 48, Sum: 52, Workers: 4
[3121.314s][debug][gc,phases      ] GC(79)   StringDedup Table Weak         Min:  0.0, Avg:  0.0, Max:  0.0, Diff:  0.0, Sum:  0.0, Workers: 4
[3121.314s][debug][gc,phases      ] GC(79)     Dead                           Min: 0, Avg:  0.0, Max: 0, Diff: 0, Sum: 0, Workers: 4
[3121.314s][debug][gc,phases      ] GC(79)     Total                          Min: 0, Avg:  0.0, Max: 0, Diff: 0, Sum: 0, Workers: 4
[3121.314s][debug][gc,phases      ] GC(79)   StringDedup Requests0 Weak     Min:  0.0, Avg:  0.0, Max:  0.0, Diff:  0.0, Sum:  0.0, Workers: 4
[3121.314s][debug][gc,phases      ] GC(79)     Dead                           Min: 0, Avg:  0.0, Max: 0, Diff: 0, Sum: 0, Workers: 4
[3121.314s][debug][gc,phases      ] GC(79)     Total                          Min: 0, Avg:  0.0, Max: 0, Diff: 0, Sum: 0, Workers: 4
[3121.314s][debug][gc,phases      ] GC(79)   StringDedup Requests1 Weak     Min:  0.0, Avg:  0.0, Max:  0.0, Diff:  0.0, Sum:  0.0, Workers: 4
[3121.314s][debug][gc,phases      ] GC(79)     Dead                           Min: 0, Avg:  0.0, Max: 0, Diff: 0, Sum: 0, Workers: 4
[3121.314s][debug][gc,phases      ] GC(79)     Total                          Min: 0, Avg:  0.0, Max: 0, Diff: 0, Sum: 0, Workers: 4
[3121.314s][debug][gc,phases      ] GC(79)   Weak JFR Old Object Samples    Min:  0.0, Avg:  0.0, Max:  0.0, Diff:  0.0, Sum:  0.0, Workers: 4
[3121.314s][debug][gc,phases      ] GC(79)     Dead                           Min: 0, Avg:  0.0, Max: 0, Diff: 0, Sum: 0, Workers: 4
[3121.314s][debug][gc,phases      ] GC(79)     Total                          Min: 0, Avg:  0.0, Max: 0, Diff: 0, Sum: 0, Workers: 4
[3121.314s][debug][gc,phases      ] GC(79) Weak Processing 0.364ms
[3121.314s][debug][gc,age         ] GC(79) Desired survivor size 19398656 bytes, new threshold 1 (max threshold 15)
[3121.314s][info ][gc,heap        ] GC(79) PSYoungGen: 2057952K(2075136K)->2464K(2078208K) Eden: 2054144K(2054144K)->0K(2058752K) From: 3808K(20992K)->2464K(19456K)
[3121.314s][info ][gc,heap        ] GC(79) ParOldGen: 270142K(395776K)->272591K(395776K)
[3121.314s][info ][gc,metaspace   ] GC(79) Metaspace: 106146K(107456K)->106146K(107456K) NonClass: 90146K(90880K)->90146K(90880K) Class: 15999K(16576K)->15999K(16576K)
[3121.314s][info ][gc             ] GC(79) Pause Young (Allocation Failure) 2273M->268M(2416M) 3.349ms
[3121.314s][info ][gc,cpu         ] GC(79) User=0.01s Sys=0.00s Real=0.00s
[3121.314s][info ][safepoint      ] Safepoint "ParallelGCFailedAllocation", Time since last: 8597096881 ns, Reaching safepoint: 6800 ns, Cleanup: 4500 ns, At safepoint: 3420196 ns, Total: 3431496 ns
[3122.315s][info ][safepoint      ] Safepoint "Cleanup", Time since last: 1000091192 ns, Reaching safepoint: 6401 ns, Cleanup: 14900 ns, At safepoint: 2300 ns, Total: 23601 ns
[3173.905s][info ][gc,start       ] GC(80) Pause Young (Allocation Failure)
[3173.908s][debug][gc,phases      ] GC(80) Scavenge 3.137ms
[3173.908s][debug][gc,ref         ] GC(80) ReferenceProcessor::execute queues: 1, RefProcThreadModel::Single, marks_oops_alive: false
[3173.908s][debug][gc,ref         ] GC(80) Skipped KeepAliveFinalRefsPhase of Reference Processing: no references
[3173.908s][debug][gc,ref         ] GC(80) Skipped PhantomRefsPhase of Reference Processing: no references
[3173.908s][debug][gc,phases      ] GC(80) Reference Processing 0.119ms
[3173.908s][debug][gc,phases      ] GC(80)   VM Weak                        Min:  0.0, Avg:  0.0, Max:  0.0, Diff:  0.0, Sum:  0.0, Workers: 4
[3173.908s][debug][gc,phases      ] GC(80)     Dead                           Min: 0, Avg:  0.0, Max: 0, Diff: 0, Sum: 0, Workers: 4
[3173.908s][debug][gc,phases      ] GC(80)     Total                          Min: 0, Avg: 233.8, Max: 512, Diff: 512, Sum: 935, Workers: 4
[3173.908s][debug][gc,phases      ] GC(80)   ObjectSynchronizer Weak        Min:  0.0, Avg:  0.0, Max:  0.0, Diff:  0.0, Sum:  0.0, Workers: 4
[3173.908s][debug][gc,phases      ] GC(80)     Dead                           Min: 0, Avg:  0.0, Max: 0, Diff: 0, Sum: 0, Workers: 4
[3173.908s][debug][gc,phases      ] GC(80)     Total                          Min: 0, Avg:  0.8, Max: 3, Diff: 3, Sum: 3, Workers: 4
[3173.908s][debug][gc,phases      ] GC(80)   JVMTI Tag Weak OopStorage      Min:  0.0, Avg:  0.0, Max:  0.0, Diff:  0.0, Sum:  0.0, Workers: 4
[3173.908s][debug][gc,phases      ] GC(80)     Dead                           Min: 0, Avg:  0.0, Max: 0, Diff: 0, Sum: 0, Workers: 4
[3173.908s][debug][gc,phases      ] GC(80)     Total                          Min: 0, Avg:  0.0, Max: 0, Diff: 0, Sum: 0, Workers: 4
[3173.908s][debug][gc,phases      ] GC(80)   StringTable Weak               Min:  0.0, Avg:  0.1, Max:  0.1, Diff:  0.1, Sum:  0.4, Workers: 4
[3173.908s][debug][gc,phases      ] GC(80)     Dead                           Min: 0, Avg:  0.0, Max: 0, Diff: 0, Sum: 0, Workers: 4
[3173.908s][debug][gc,phases      ] GC(80)     Total                          Min: 0, Avg: 11587.2, Max: 17088, Diff: 17088, Sum: 46349, Workers: 4
[3173.908s][debug][gc,phases      ] GC(80)   ResolvedMethodTable Weak       Min:  0.0, Avg:  0.0, Max:  0.1, Diff:  0.1, Sum:  0.2, Workers: 4
[3173.908s][debug][gc,phases      ] GC(80)     Dead                           Min: 0, Avg:  4.0, Max: 16, Diff: 16, Sum: 16, Workers: 4
[3173.908s][debug][gc,phases      ] GC(80)     Total                          Min: 0, Avg: 3777.2, Max: 5273, Diff: 5273, Sum: 15109, Workers: 4
[3173.908s][debug][gc,phases      ] GC(80)   JNI Weak                       Min:  0.0, Avg:  0.0, Max:  0.0, Diff:  0.0, Sum:  0.0, Workers: 4
[3173.908s][debug][gc,phases      ] GC(80)     Dead                           Min: 0, Avg:  0.0, Max: 0, Diff: 0, Sum: 0, Workers: 4
[3173.908s][debug][gc,phases      ] GC(80)     Total                          Min: 0, Avg: 13.0, Max: 48, Diff: 48, Sum: 52, Workers: 4
[3173.908s][debug][gc,phases      ] GC(80)   StringDedup Table Weak         Min:  0.0, Avg:  0.0, Max:  0.0, Diff:  0.0, Sum:  0.0, Workers: 4
[3173.908s][debug][gc,phases      ] GC(80)     Dead                           Min: 0, Avg:  0.0, Max: 0, Diff: 0, Sum: 0, Workers: 4
[3173.908s][debug][gc,phases      ] GC(80)     Total                          Min: 0, Avg:  0.0, Max: 0, Diff: 0, Sum: 0, Workers: 4
[3173.908s][debug][gc,phases      ] GC(80)   StringDedup Requests0 Weak     Min:  0.0, Avg:  0.0, Max:  0.0, Diff:  0.0, Sum:  0.0, Workers: 4
[3173.908s][debug][gc,phases      ] GC(80)     Dead                           Min: 0, Avg:  0.0, Max: 0, Diff: 0, Sum: 0, Workers: 4
[3173.908s][debug][gc,phases      ] GC(80)     Total                          Min: 0, Avg:  0.0, Max: 0, Diff: 0, Sum: 0, Workers: 4
[3173.908s][debug][gc,phases      ] GC(80)   StringDedup Requests1 Weak     Min:  0.0, Avg:  0.0, Max:  0.0, Diff:  0.0, Sum:  0.0, Workers: 4
[3173.908s][debug][gc,phases      ] GC(80)     Dead                           Min: 0, Avg:  0.0, Max: 0, Diff: 0, Sum: 0, Workers: 4
[3173.908s][debug][gc,phases      ] GC(80)     Total                          Min: 0, Avg:  0.0, Max: 0, Diff: 0, Sum: 0, Workers: 4
[3173.908s][debug][gc,phases      ] GC(80)   Weak JFR Old Object Samples    Min:  0.0, Avg:  0.0, Max:  0.0, Diff:  0.0, Sum:  0.0, Workers: 4
[3173.908s][debug][gc,phases      ] GC(80)     Dead                           Min: 0, Avg:  0.0, Max: 0, Diff: 0, Sum: 0, Workers: 4
[3173.908s][debug][gc,phases      ] GC(80)     Total                          Min: 0, Avg:  0.0, Max: 0, Diff: 0, Sum: 0, Workers: 4
[3173.909s][debug][gc,phases      ] GC(80) Weak Processing 0.421ms
[3173.909s][debug][gc,age         ] GC(80) Desired survivor size 18350080 bytes, new threshold 1 (max threshold 15)
[3173.909s][info ][gc,heap        ] GC(80) PSYoungGen: 2061216K(2078208K)->1760K(2077696K) Eden: 2058752K(2058752K)->0K(2058752K) From: 2464K(19456K)->1760K(18944K)
[3173.909s][info ][gc,heap        ] GC(80) ParOldGen: 272591K(395776K)->273987K(395776K)
[3173.909s][info ][gc,metaspace   ] GC(80) Metaspace: 106146K(107456K)->106146K(107456K) NonClass: 90147K(90880K)->90147K(90880K) Class: 15999K(16576K)->15999K(16576K)
[3173.909s][info ][gc             ] GC(80) Pause Young (Allocation Failure) 2279M->269M(2415M) 3.835ms
[3173.909s][info ][gc,cpu         ] GC(80) User=0.01s Sys=0.00s Real=0.01s
[3173.909s][info ][safepoint      ] Safepoint "ParallelGCFailedAllocation", Time since last: 51590127409 ns, Reaching safepoint: 8900 ns, Cleanup: 5900 ns, At safepoint: 3914500 ns, Total: 3929300 ns
[3188.910s][info ][safepoint      ] Safepoint "Cleanup", Time since last: 15001056994 ns, Reaching safepoint: 84902 ns, Cleanup: 12101 ns, At safepoint: 6400 ns, Total: 103403 ns
[3228.002s][info ][gc,start       ] GC(81) Pause Young (Allocation Failure)
[3228.006s][debug][gc,phases      ] GC(81) Scavenge 3.676ms
[3228.006s][debug][gc,ref         ] GC(81) ReferenceProcessor::execute queues: 1, RefProcThreadModel::Single, marks_oops_alive: false
[3228.006s][debug][gc,ref         ] GC(81) Skipped KeepAliveFinalRefsPhase of Reference Processing: no references
[3228.006s][debug][gc,ref         ] GC(81) Skipped PhantomRefsPhase of Reference Processing: no references
[3228.006s][debug][gc,phases      ] GC(81) Reference Processing 0.163ms
[3228.006s][debug][gc,phases      ] GC(81)   VM Weak                        Min:  0.0, Avg:  0.0, Max:  0.0, Diff:  0.0, Sum:  0.0, Workers: 4
[3228.006s][debug][gc,phases      ] GC(81)     Dead                           Min: 0, Avg:  0.0, Max: 0, Diff: 0, Sum: 0, Workers: 4
[3228.006s][debug][gc,phases      ] GC(81)     Total                          Min: 0, Avg: 233.8, Max: 551, Diff: 551, Sum: 935, Workers: 4
[3228.006s][debug][gc,phases      ] GC(81)   ObjectSynchronizer Weak        Min:  0.0, Avg:  0.0, Max:  0.0, Diff:  0.0, Sum:  0.0, Workers: 4
[3228.006s][debug][gc,phases      ] GC(81)     Dead                           Min: 0, Avg:  0.0, Max: 0, Diff: 0, Sum: 0, Workers: 4
[3228.006s][debug][gc,phases      ] GC(81)     Total                          Min: 0, Avg:  0.8, Max: 3, Diff: 3, Sum: 3, Workers: 4
[3228.006s][debug][gc,phases      ] GC(81)   JVMTI Tag Weak OopStorage      Min:  0.0, Avg:  0.0, Max:  0.0, Diff:  0.0, Sum:  0.0, Workers: 4
[3228.006s][debug][gc,phases      ] GC(81)     Dead                           Min: 0, Avg:  0.0, Max: 0, Diff: 0, Sum: 0, Workers: 4
[3228.006s][debug][gc,phases      ] GC(81)     Total                          Min: 0, Avg:  0.0, Max: 0, Diff: 0, Sum: 0, Workers: 4
[3228.006s][debug][gc,phases      ] GC(81)   StringTable Weak               Min:  0.0, Avg:  0.1, Max:  0.1, Diff:  0.1, Sum:  0.4, Workers: 4
[3228.006s][debug][gc,phases      ] GC(81)     Dead                           Min: 0, Avg:  0.0, Max: 0, Diff: 0, Sum: 0, Workers: 4
[3228.006s][debug][gc,phases      ] GC(81)     Total                          Min: 0, Avg: 11587.5, Max: 15936, Diff: 15936, Sum: 46350, Workers: 4
[3228.006s][debug][gc,phases      ] GC(81)   ResolvedMethodTable Weak       Min:  0.0, Avg:  0.0, Max:  0.1, Diff:  0.1, Sum:  0.2, Workers: 4
[3228.006s][debug][gc,phases      ] GC(81)     Dead                           Min: 0, Avg:  4.0, Max: 16, Diff: 16, Sum: 16, Workers: 4
[3228.006s][debug][gc,phases      ] GC(81)     Total                          Min: 0, Avg: 3777.2, Max: 5948, Diff: 5948, Sum: 15109, Workers: 4
[3228.006s][debug][gc,phases      ] GC(81)   JNI Weak                       Min:  0.0, Avg:  0.0, Max:  0.0, Diff:  0.0, Sum:  0.0, Workers: 4
[3228.006s][debug][gc,phases      ] GC(81)     Dead                           Min: 0, Avg:  0.0, Max: 0, Diff: 0, Sum: 0, Workers: 4
[3228.006s][debug][gc,phases      ] GC(81)     Total                          Min: 0, Avg: 13.0, Max: 48, Diff: 48, Sum: 52, Workers: 4
[3228.006s][debug][gc,phases      ] GC(81)   StringDedup Table Weak         Min:  0.0, Avg:  0.0, Max:  0.0, Diff:  0.0, Sum:  0.0, Workers: 4
[3228.006s][debug][gc,phases      ] GC(81)     Dead                           Min: 0, Avg:  0.0, Max: 0, Diff: 0, Sum: 0, Workers: 4
[3228.006s][debug][gc,phases      ] GC(81)     Total                          Min: 0, Avg:  0.0, Max: 0, Diff: 0, Sum: 0, Workers: 4
[3228.006s][debug][gc,phases      ] GC(81)   StringDedup Requests0 Weak     Min:  0.0, Avg:  0.0, Max:  0.0, Diff:  0.0, Sum:  0.0, Workers: 4
[3228.006s][debug][gc,phases      ] GC(81)     Dead                           Min: 0, Avg:  0.0, Max: 0, Diff: 0, Sum: 0, Workers: 4
[3228.006s][debug][gc,phases      ] GC(81)     Total                          Min: 0, Avg:  0.0, Max: 0, Diff: 0, Sum: 0, Workers: 4
[3228.006s][debug][gc,phases      ] GC(81)   StringDedup Requests1 Weak     Min:  0.0, Avg:  0.0, Max:  0.0, Diff:  0.0, Sum:  0.0, Workers: 4
[3228.006s][debug][gc,phases      ] GC(81)     Dead                           Min: 0, Avg:  0.0, Max: 0, Diff: 0, Sum: 0, Workers: 4
[3228.006s][debug][gc,phases      ] GC(81)     Total                          Min: 0, Avg:  0.0, Max: 0, Diff: 0, Sum: 0, Workers: 4
[3228.006s][debug][gc,phases      ] GC(81)   Weak JFR Old Object Samples    Min:  0.0, Avg:  0.0, Max:  0.0, Diff:  0.0, Sum:  0.0, Workers: 4
[3228.006s][debug][gc,phases      ] GC(81)     Dead                           Min: 0, Avg:  0.0, Max: 0, Diff: 0, Sum: 0, Workers: 4
[3228.006s][debug][gc,phases      ] GC(81)     Total                          Min: 0, Avg:  0.0, Max: 0, Diff: 0, Sum: 0, Workers: 4
[3228.006s][debug][gc,phases      ] GC(81) Weak Processing 0.447ms
[3228.006s][debug][gc,age         ] GC(81) Desired survivor size 17301504 bytes, new threshold 1 (max threshold 15)
[3228.006s][info ][gc,heap        ] GC(81) PSYoungGen: 2060512K(2077696K)->2208K(2080256K) Eden: 2058752K(2058752K)->0K(2062336K) From: 1760K(18944K)->2208K(17920K)
[3228.006s][info ][gc,heap        ] GC(81) ParOldGen: 273987K(395776K)->274567K(395776K)
[3228.006s][info ][gc,metaspace   ] GC(81) Metaspace: 106148K(107456K)->106148K(107456K) NonClass: 90149K(90880K)->90149K(90880K) Class: 15999K(16576K)->15999K(16576K)
[3228.006s][info ][gc             ] GC(81) Pause Young (Allocation Failure) 2279M->270M(2418M) 4.451ms
[3228.006s][info ][gc,cpu         ] GC(81) User=0.01s Sys=0.00s Real=0.01s
[3228.006s][info ][safepoint      ] Safepoint "ParallelGCFailedAllocation", Time since last: 39092058857 ns, Reaching safepoint: 85101 ns, Cleanup: 4900 ns, At safepoint: 4541163 ns, Total: 4631164 ns
[3232.007s][info ][safepoint      ] Safepoint "Cleanup", Time since last: 4000348883 ns, Reaching safepoint: 86202 ns, Cleanup: 15500 ns, At safepoint: 9800 ns, Total: 111502 ns
[3282.063s][info ][gc,start       ] GC(82) Pause Young (Allocation Failure)
[3282.068s][debug][gc,phases      ] GC(82) Scavenge 4.340ms
[3282.068s][debug][gc,ref         ] GC(82) ReferenceProcessor::execute queues: 1, RefProcThreadModel::Single, marks_oops_alive: false
[3282.068s][debug][gc,ref         ] GC(82) Skipped KeepAliveFinalRefsPhase of Reference Processing: no references
[3282.068s][debug][gc,ref         ] GC(82) Skipped PhantomRefsPhase of Reference Processing: no references
[3282.068s][debug][gc,phases      ] GC(82) Reference Processing 0.132ms
[3282.068s][debug][gc,phases      ] GC(82)   VM Weak                        Min:  0.0, Avg:  0.0, Max:  0.0, Diff:  0.0, Sum:  0.0, Workers: 4
[3282.068s][debug][gc,phases      ] GC(82)     Dead                           Min: 0, Avg:  0.0, Max: 0, Diff: 0, Sum: 0, Workers: 4
[3282.068s][debug][gc,phases      ] GC(82)     Total                          Min: 0, Avg: 233.8, Max: 512, Diff: 512, Sum: 935, Workers: 4
[3282.068s][debug][gc,phases      ] GC(82)   ObjectSynchronizer Weak        Min:  0.0, Avg:  0.0, Max:  0.0, Diff:  0.0, Sum:  0.0, Workers: 4
[3282.068s][debug][gc,phases      ] GC(82)     Dead                           Min: 0, Avg:  0.0, Max: 0, Diff: 0, Sum: 0, Workers: 4
[3282.068s][debug][gc,phases      ] GC(82)     Total                          Min: 0, Avg:  0.8, Max: 3, Diff: 3, Sum: 3, Workers: 4
[3282.068s][debug][gc,phases      ] GC(82)   JVMTI Tag Weak OopStorage      Min:  0.0, Avg:  0.0, Max:  0.0, Diff:  0.0, Sum:  0.0, Workers: 4
[3282.068s][debug][gc,phases      ] GC(82)     Dead                           Min: 0, Avg:  0.0, Max: 0, Diff: 0, Sum: 0, Workers: 4
[3282.068s][debug][gc,phases      ] GC(82)     Total                          Min: 0, Avg:  0.0, Max: 0, Diff: 0, Sum: 0, Workers: 4
[3282.068s][debug][gc,phases      ] GC(82)   StringTable Weak               Min:  0.0, Avg:  0.1, Max:  0.2, Diff:  0.2, Sum:  0.4, Workers: 4
[3282.068s][debug][gc,phases      ] GC(82)     Dead                           Min: 0, Avg:  0.0, Max: 0, Diff: 0, Sum: 0, Workers: 4
[3282.068s][debug][gc,phases      ] GC(82)     Total                          Min: 0, Avg: 11587.5, Max: 23759, Diff: 23759, Sum: 46350, Workers: 4
[3282.068s][debug][gc,phases      ] GC(82)   ResolvedMethodTable Weak       Min:  0.0, Avg:  0.0, Max:  0.1, Diff:  0.1, Sum:  0.2, Workers: 4
[3282.068s][debug][gc,phases      ] GC(82)     Dead                           Min: 0, Avg:  4.0, Max: 16, Diff: 16, Sum: 16, Workers: 4
[3282.068s][debug][gc,phases      ] GC(82)     Total                          Min: 0, Avg: 3777.2, Max: 8121, Diff: 8121, Sum: 15109, Workers: 4
[3282.068s][debug][gc,phases      ] GC(82)   JNI Weak                       Min:  0.0, Avg:  0.0, Max:  0.0, Diff:  0.0, Sum:  0.0, Workers: 4
[3282.068s][debug][gc,phases      ] GC(82)     Dead                           Min: 0, Avg:  0.0, Max: 0, Diff: 0, Sum: 0, Workers: 4
[3282.068s][debug][gc,phases      ] GC(82)     Total                          Min: 0, Avg: 13.0, Max: 48, Diff: 48, Sum: 52, Workers: 4
[3282.068s][debug][gc,phases      ] GC(82)   StringDedup Table Weak         Min:  0.0, Avg:  0.0, Max:  0.0, Diff:  0.0, Sum:  0.0, Workers: 4
[3282.068s][debug][gc,phases      ] GC(82)     Dead                           Min: 0, Avg:  0.0, Max: 0, Diff: 0, Sum: 0, Workers: 4
[3282.068s][debug][gc,phases      ] GC(82)     Total                          Min: 0, Avg:  0.0, Max: 0, Diff: 0, Sum: 0, Workers: 4
[3282.068s][debug][gc,phases      ] GC(82)   StringDedup Requests0 Weak     Min:  0.0, Avg:  0.0, Max:  0.0, Diff:  0.0, Sum:  0.0, Workers: 4
[3282.068s][debug][gc,phases      ] GC(82)     Dead                           Min: 0, Avg:  0.0, Max: 0, Diff: 0, Sum: 0, Workers: 4
[3282.069s][debug][gc,phases      ] GC(82)     Total                          Min: 0, Avg:  0.0, Max: 0, Diff: 0, Sum: 0, Workers: 4
[3282.069s][debug][gc,phases      ] GC(82)   StringDedup Requests1 Weak     Min:  0.0, Avg:  0.0, Max:  0.0, Diff:  0.0, Sum:  0.0, Workers: 4
[3282.069s][debug][gc,phases      ] GC(82)     Dead                           Min: 0, Avg:  0.0, Max: 0, Diff: 0, Sum: 0, Workers: 4
[3282.069s][debug][gc,phases      ] GC(82)     Total                          Min: 0, Avg:  0.0, Max: 0, Diff: 0, Sum: 0, Workers: 4
[3282.069s][debug][gc,phases      ] GC(82)   Weak JFR Old Object Samples    Min:  0.0, Avg:  0.0, Max:  0.0, Diff:  0.0, Sum:  0.0, Workers: 4
[3282.069s][debug][gc,phases      ] GC(82)     Dead                           Min: 0, Avg:  0.0, Max: 0, Diff: 0, Sum: 0, Workers: 4
[3282.069s][debug][gc,phases      ] GC(82)     Total                          Min: 0, Avg:  0.0, Max: 0, Diff: 0, Sum: 0, Workers: 4
[3282.069s][debug][gc,phases      ] GC(82) Weak Processing 0.573ms
[3282.069s][debug][gc,age         ] GC(82) Desired survivor size 16777216 bytes, new threshold 1 (max threshold 15)
[3282.069s][info ][gc,heap        ] GC(82) PSYoungGen: 2064544K(2080256K)->1648K(2079232K) Eden: 2062336K(2062336K)->0K(2062336K) From: 2208K(17920K)->1648K(16896K)
[3282.069s][info ][gc,heap        ] GC(82) ParOldGen: 274567K(395776K)->275495K(395776K)
[3282.069s][info ][gc,metaspace   ] GC(82) Metaspace: 106151K(107456K)->106151K(107456K) NonClass: 90152K(90880K)->90152K(90880K) Class: 15999K(16576K)->15999K(16576K)
[3282.069s][info ][gc             ] GC(82) Pause Young (Allocation Failure) 2284M->270M(2417M) 5.179ms
[3282.069s][info ][gc,cpu         ] GC(82) User=0.01s Sys=0.00s Real=0.01s
[3282.069s][info ][safepoint      ] Safepoint "ParallelGCFailedAllocation", Time since last: 50056379276 ns, Reaching safepoint: 81501 ns, Cleanup: 4701 ns, At safepoint: 5293401 ns, Total: 5379603 ns
[3285.069s][info ][safepoint      ] Safepoint "Cleanup", Time since last: 3000220350 ns, Reaching safepoint: 5300 ns, Cleanup: 9900 ns, At safepoint: 2800 ns, Total: 18000 ns
[3314.073s][info ][safepoint      ] Safepoint "Cleanup", Time since last: 29003653090 ns, Reaching safepoint: 6501 ns, Cleanup: 14600 ns, At safepoint: 2500 ns, Total: 23601 ns
[3319.073s][info ][safepoint      ] Safepoint "Cleanup", Time since last: 5000365409 ns, Reaching safepoint: 6000 ns, Cleanup: 10100 ns, At safepoint: 2500 ns, Total: 18600 ns
[3333.074s][info ][safepoint      ] Safepoint "Cleanup", Time since last: 14001018121 ns, Reaching safepoint: 6700 ns, Cleanup: 10800 ns, At safepoint: 2500 ns, Total: 20000 ns
[3335.559s][info ][gc,start       ] GC(83) Pause Young (Allocation Failure)
[3335.562s][debug][gc,phases      ] GC(83) Scavenge 3.147ms
[3335.562s][debug][gc,ref         ] GC(83) ReferenceProcessor::execute queues: 1, RefProcThreadModel::Single, marks_oops_alive: false
[3335.562s][debug][gc,ref         ] GC(83) Skipped KeepAliveFinalRefsPhase of Reference Processing: no references
[3335.562s][debug][gc,ref         ] GC(83) ReferenceProcessor::execute queues: 1, RefProcThreadModel::Single, marks_oops_alive: false
[3335.562s][debug][gc,phases      ] GC(83) Reference Processing 0.168ms
[3335.562s][debug][gc,phases      ] GC(83)   VM Weak                        Min:  0.0, Avg:  0.0, Max:  0.0, Diff:  0.0, Sum:  0.0, Workers: 4
[3335.562s][debug][gc,phases      ] GC(83)     Dead                           Min: 0, Avg:  0.0, Max: 0, Diff: 0, Sum: 0, Workers: 4
[3335.562s][debug][gc,phases      ] GC(83)     Total                          Min: 0, Avg: 233.8, Max: 679, Diff: 679, Sum: 935, Workers: 4
[3335.562s][debug][gc,phases      ] GC(83)   ObjectSynchronizer Weak        Min:  0.0, Avg:  0.0, Max:  0.0, Diff:  0.0, Sum:  0.0, Workers: 4
[3335.562s][debug][gc,phases      ] GC(83)     Dead                           Min: 0, Avg:  0.0, Max: 0, Diff: 0, Sum: 0, Workers: 4
[3335.562s][debug][gc,phases      ] GC(83)     Total                          Min: 0, Avg:  0.8, Max: 3, Diff: 3, Sum: 3, Workers: 4
[3335.562s][debug][gc,phases      ] GC(83)   JVMTI Tag Weak OopStorage      Min:  0.0, Avg:  0.0, Max:  0.0, Diff:  0.0, Sum:  0.0, Workers: 4
[3335.562s][debug][gc,phases      ] GC(83)     Dead                           Min: 0, Avg:  0.0, Max: 0, Diff: 0, Sum: 0, Workers: 4
[3335.562s][debug][gc,phases      ] GC(83)     Total                          Min: 0, Avg:  0.0, Max: 0, Diff: 0, Sum: 0, Workers: 4
[3335.562s][debug][gc,phases      ] GC(83)   StringTable Weak               Min:  0.1, Avg:  0.1, Max:  0.1, Diff:  0.0, Sum:  0.4, Workers: 4
[3335.562s][debug][gc,phases      ] GC(83)     Dead                           Min: 0, Avg:  0.0, Max: 0, Diff: 0, Sum: 0, Workers: 4
[3335.562s][debug][gc,phases      ] GC(83)     Total                          Min: 9743, Avg: 11587.5, Max: 13760, Diff: 4017, Sum: 46350, Workers: 4
[3335.562s][debug][gc,phases      ] GC(83)   ResolvedMethodTable Weak       Min:  0.0, Avg:  0.0, Max:  0.0, Diff:  0.0, Sum:  0.2, Workers: 4
[3335.562s][debug][gc,phases      ] GC(83)     Dead                           Min: 0, Avg:  4.0, Max: 16, Diff: 16, Sum: 16, Workers: 4
[3335.562s][debug][gc,phases      ] GC(83)     Total                          Min: 3293, Avg: 3777.2, Max: 4043, Diff: 750, Sum: 15109, Workers: 4
[3335.562s][debug][gc,phases      ] GC(83)   JNI Weak                       Min:  0.0, Avg:  0.0, Max:  0.0, Diff:  0.0, Sum:  0.0, Workers: 4
[3335.562s][debug][gc,phases      ] GC(83)     Dead                           Min: 0, Avg:  0.0, Max: 0, Diff: 0, Sum: 0, Workers: 4
[3335.562s][debug][gc,phases      ] GC(83)     Total                          Min: 0, Avg: 13.0, Max: 48, Diff: 48, Sum: 52, Workers: 4
[3335.562s][debug][gc,phases      ] GC(83)   StringDedup Table Weak         Min:  0.0, Avg:  0.0, Max:  0.0, Diff:  0.0, Sum:  0.0, Workers: 4
[3335.562s][debug][gc,phases      ] GC(83)     Dead                           Min: 0, Avg:  0.0, Max: 0, Diff: 0, Sum: 0, Workers: 4
[3335.562s][debug][gc,phases      ] GC(83)     Total                          Min: 0, Avg:  0.0, Max: 0, Diff: 0, Sum: 0, Workers: 4
[3335.562s][debug][gc,phases      ] GC(83)   StringDedup Requests0 Weak     Min:  0.0, Avg:  0.0, Max:  0.0, Diff:  0.0, Sum:  0.0, Workers: 4
[3335.562s][debug][gc,phases      ] GC(83)     Dead                           Min: 0, Avg:  0.0, Max: 0, Diff: 0, Sum: 0, Workers: 4
[3335.562s][debug][gc,phases      ] GC(83)     Total                          Min: 0, Avg:  0.0, Max: 0, Diff: 0, Sum: 0, Workers: 4
[3335.562s][debug][gc,phases      ] GC(83)   StringDedup Requests1 Weak     Min:  0.0, Avg:  0.0, Max:  0.0, Diff:  0.0, Sum:  0.0, Workers: 4
[3335.562s][debug][gc,phases      ] GC(83)     Dead                           Min: 0, Avg:  0.0, Max: 0, Diff: 0, Sum: 0, Workers: 4
[3335.562s][debug][gc,phases      ] GC(83)     Total                          Min: 0, Avg:  0.0, Max: 0, Diff: 0, Sum: 0, Workers: 4
[3335.562s][debug][gc,phases      ] GC(83)   Weak JFR Old Object Samples    Min:  0.0, Avg:  0.0, Max:  0.0, Diff:  0.0, Sum:  0.0, Workers: 4
[3335.562s][debug][gc,phases      ] GC(83)     Dead                           Min: 0, Avg:  0.0, Max: 0, Diff: 0, Sum: 0, Workers: 4
[3335.562s][debug][gc,phases      ] GC(83)     Total                          Min: 0, Avg:  0.0, Max: 0, Diff: 0, Sum: 0, Workers: 4
[3335.562s][debug][gc,phases      ] GC(83) Weak Processing 0.349ms
[3335.562s][debug][gc,age         ] GC(83) Desired survivor size 15728640 bytes, new threshold 1 (max threshold 15)
[3335.562s][info ][gc,heap        ] GC(83) PSYoungGen: 2063984K(2079232K)->2096K(2081792K) Eden: 2062336K(2062336K)->0K(2065408K) From: 1648K(16896K)->2096K(16384K)
[3335.562s][info ][gc,heap        ] GC(83) ParOldGen: 275495K(395776K)->276107K(395776K)
[3335.562s][info ][gc,metaspace   ] GC(83) Metaspace: 106169K(107456K)->106169K(107456K) NonClass: 90170K(90880K)->90170K(90880K) Class: 15999K(16576K)->15999K(16576K)
[3335.562s][info ][gc             ] GC(83) Pause Young (Allocation Failure) 2284M->271M(2419M) 3.815ms
[3335.562s][info ][gc,cpu         ] GC(83) User=0.01s Sys=0.00s Real=0.00s
[3335.562s][info ][safepoint      ] Safepoint "ParallelGCFailedAllocation", Time since last: 2484589342 ns, Reaching safepoint: 7400 ns, Cleanup: 4801 ns, At safepoint: 3904977 ns, Total: 3917178 ns
[3337.563s][info ][safepoint      ] Safepoint "Cleanup", Time since last: 2000162541 ns, Reaching safepoint: 7200 ns, Cleanup: 13500 ns, At safepoint: 2701 ns, Total: 23401 ns
[3355.564s][info ][safepoint      ] Safepoint "Cleanup", Time since last: 18001345904 ns, Reaching safepoint: 7200 ns, Cleanup: 10901 ns, At safepoint: 2801 ns, Total: 20902 ns
[3389.504s][info ][gc,start       ] GC(84) Pause Young (Allocation Failure)
[3389.507s][debug][gc,phases      ] GC(84) Scavenge 3.195ms
[3389.508s][debug][gc,ref         ] GC(84) ReferenceProcessor::execute queues: 1, RefProcThreadModel::Single, marks_oops_alive: false
[3389.508s][debug][gc,ref         ] GC(84) Skipped KeepAliveFinalRefsPhase of Reference Processing: no references
[3389.508s][debug][gc,ref         ] GC(84) ReferenceProcessor::execute queues: 1, RefProcThreadModel::Single, marks_oops_alive: false
[3389.508s][debug][gc,phases      ] GC(84) Reference Processing 0.123ms
[3389.508s][debug][gc,phases      ] GC(84)   VM Weak                        Min:  0.0, Avg:  0.0, Max:  0.0, Diff:  0.0, Sum:  0.0, Workers: 4
[3389.508s][debug][gc,phases      ] GC(84)     Dead                           Min: 0, Avg:  0.0, Max: 0, Diff: 0, Sum: 0, Workers: 4
[3389.508s][debug][gc,phases      ] GC(84)     Total                          Min: 0, Avg: 233.8, Max: 487, Diff: 487, Sum: 935, Workers: 4
[3389.508s][debug][gc,phases      ] GC(84)   ObjectSynchronizer Weak        Min:  0.0, Avg:  0.0, Max:  0.0, Diff:  0.0, Sum:  0.0, Workers: 4
[3389.508s][debug][gc,phases      ] GC(84)     Dead                           Min: 0, Avg:  0.0, Max: 0, Diff: 0, Sum: 0, Workers: 4
[3389.508s][debug][gc,phases      ] GC(84)     Total                          Min: 0, Avg:  0.8, Max: 3, Diff: 3, Sum: 3, Workers: 4
[3389.508s][debug][gc,phases      ] GC(84)   JVMTI Tag Weak OopStorage      Min:  0.0, Avg:  0.0, Max:  0.0, Diff:  0.0, Sum:  0.0, Workers: 4
[3389.508s][debug][gc,phases      ] GC(84)     Dead                           Min: 0, Avg:  0.0, Max: 0, Diff: 0, Sum: 0, Workers: 4
[3389.508s][debug][gc,phases      ] GC(84)     Total                          Min: 0, Avg:  0.0, Max: 0, Diff: 0, Sum: 0, Workers: 4
[3389.508s][debug][gc,phases      ] GC(84)   StringTable Weak               Min:  0.0, Avg:  0.1, Max:  0.2, Diff:  0.2, Sum:  0.4, Workers: 4
[3389.508s][debug][gc,phases      ] GC(84)     Dead                           Min: 0, Avg:  0.0, Max: 0, Diff: 0, Sum: 0, Workers: 4
[3389.508s][debug][gc,phases      ] GC(84)     Total                          Min: 0, Avg: 11587.5, Max: 17535, Diff: 17535, Sum: 46350, Workers: 4
[3389.508s][debug][gc,phases      ] GC(84)   ResolvedMethodTable Weak       Min:  0.0, Avg:  0.0, Max:  0.0, Diff:  0.0, Sum:  0.1, Workers: 4
[3389.508s][debug][gc,phases      ] GC(84)     Dead                           Min: 0, Avg:  4.0, Max: 16, Diff: 16, Sum: 16, Workers: 4
[3389.508s][debug][gc,phases      ] GC(84)     Total                          Min: 0, Avg: 3777.2, Max: 5654, Diff: 5654, Sum: 15109, Workers: 4
[3389.508s][debug][gc,phases      ] GC(84)   JNI Weak                       Min:  0.0, Avg:  0.0, Max:  0.0, Diff:  0.0, Sum:  0.0, Workers: 4
[3389.508s][debug][gc,phases      ] GC(84)     Dead                           Min: 0, Avg:  0.0, Max: 0, Diff: 0, Sum: 0, Workers: 4
[3389.508s][debug][gc,phases      ] GC(84)     Total                          Min: 0, Avg: 13.0, Max: 48, Diff: 48, Sum: 52, Workers: 4
[3389.508s][debug][gc,phases      ] GC(84)   StringDedup Table Weak         Min:  0.0, Avg:  0.0, Max:  0.0, Diff:  0.0, Sum:  0.0, Workers: 4
[3389.508s][debug][gc,phases      ] GC(84)     Dead                           Min: 0, Avg:  0.0, Max: 0, Diff: 0, Sum: 0, Workers: 4
[3389.508s][debug][gc,phases      ] GC(84)     Total                          Min: 0, Avg:  0.0, Max: 0, Diff: 0, Sum: 0, Workers: 4
[3389.508s][debug][gc,phases      ] GC(84)   StringDedup Requests0 Weak     Min:  0.0, Avg:  0.0, Max:  0.0, Diff:  0.0, Sum:  0.0, Workers: 4
[3389.508s][debug][gc,phases      ] GC(84)     Dead                           Min: 0, Avg:  0.0, Max: 0, Diff: 0, Sum: 0, Workers: 4
[3389.508s][debug][gc,phases      ] GC(84)     Total                          Min: 0, Avg:  0.0, Max: 0, Diff: 0, Sum: 0, Workers: 4
[3389.508s][debug][gc,phases      ] GC(84)   StringDedup Requests1 Weak     Min:  0.0, Avg:  0.0, Max:  0.0, Diff:  0.0, Sum:  0.0, Workers: 4
[3389.508s][debug][gc,phases      ] GC(84)     Dead                           Min: 0, Avg:  0.0, Max: 0, Diff: 0, Sum: 0, Workers: 4
[3389.508s][debug][gc,phases      ] GC(84)     Total                          Min: 0, Avg:  0.0, Max: 0, Diff: 0, Sum: 0, Workers: 4
[3389.508s][debug][gc,phases      ] GC(84)   Weak JFR Old Object Samples    Min:  0.0, Avg:  0.0, Max:  0.0, Diff:  0.0, Sum:  0.0, Workers: 4
[3389.508s][debug][gc,phases      ] GC(84)     Dead                           Min: 0, Avg:  0.0, Max: 0, Diff: 0, Sum: 0, Workers: 4
[3389.508s][debug][gc,phases      ] GC(84)     Total                          Min: 0, Avg:  0.0, Max: 0, Diff: 0, Sum: 0, Workers: 4
[3389.508s][debug][gc,phases      ] GC(84) Weak Processing 0.420ms
[3389.508s][debug][gc,age         ] GC(84) Desired survivor size 15204352 bytes, new threshold 1 (max threshold 15)
[3389.508s][info ][gc,heap        ] GC(84) PSYoungGen: 2067504K(2081792K)->2240K(2080768K) Eden: 2065408K(2065408K)->0K(2065408K) From: 2096K(16384K)->2240K(15360K)
[3389.508s][info ][gc,heap        ] GC(84) ParOldGen: 276107K(395776K)->276824K(395776K)
[3389.508s][info ][gc,metaspace   ] GC(84) Metaspace: 106170K(107456K)->106170K(107456K) NonClass: 90171K(90880K)->90171K(90880K) Class: 15999K(16576K)->15999K(16576K)
[3389.508s][info ][gc             ] GC(84) Pause Young (Allocation Failure) 2288M->272M(2418M) 3.869ms
[3389.508s][info ][gc,cpu         ] GC(84) User=0.01s Sys=0.00s Real=0.01s
[3389.508s][info ][safepoint      ] Safepoint "ParallelGCFailedAllocation", Time since last: 33940034309 ns, Reaching safepoint: 6300 ns, Cleanup: 5000 ns, At safepoint: 3966689 ns, Total: 3977989 ns
[3401.509s][info ][safepoint      ] Safepoint "Cleanup", Time since last: 12000910503 ns, Reaching safepoint: 7201 ns, Cleanup: 23101 ns, At safepoint: 2600 ns, Total: 32902 ns
[3403.509s][info ][safepoint      ] Safepoint "Cleanup", Time since last: 2000187758 ns, Reaching safepoint: 6200 ns, Cleanup: 11801 ns, At safepoint: 2300 ns, Total: 20301 ns
[3404.509s][info ][safepoint      ] Safepoint "Cleanup", Time since last: 1000115580 ns, Reaching safepoint: 7000 ns, Cleanup: 12700 ns, At safepoint: 2401 ns, Total: 22101 ns
[3427.511s][info ][safepoint      ] Safepoint "Cleanup", Time since last: 23001730276 ns, Reaching safepoint: 6700 ns, Cleanup: 21901 ns, At safepoint: 3000 ns, Total: 31601 ns
[3443.352s][info ][gc,start       ] GC(85) Pause Young (Allocation Failure)
[3443.356s][debug][gc,phases      ] GC(85) Scavenge 3.578ms
[3443.356s][debug][gc,ref         ] GC(85) ReferenceProcessor::execute queues: 1, RefProcThreadModel::Single, marks_oops_alive: false
[3443.356s][debug][gc,ref         ] GC(85) Skipped KeepAliveFinalRefsPhase of Reference Processing: no references
[3443.356s][debug][gc,ref         ] GC(85) ReferenceProcessor::execute queues: 1, RefProcThreadModel::Single, marks_oops_alive: false
[3443.356s][debug][gc,phases      ] GC(85) Reference Processing 0.137ms
[3443.356s][debug][gc,phases      ] GC(85)   VM Weak                        Min:  0.0, Avg:  0.0, Max:  0.0, Diff:  0.0, Sum:  0.0, Workers: 4
[3443.356s][debug][gc,phases      ] GC(85)     Dead                           Min: 0, Avg:  0.0, Max: 0, Diff: 0, Sum: 0, Workers: 4
[3443.356s][debug][gc,phases      ] GC(85)     Total                          Min: 0, Avg: 233.8, Max: 704, Diff: 704, Sum: 935, Workers: 4
[3443.356s][debug][gc,phases      ] GC(85)   ObjectSynchronizer Weak        Min:  0.0, Avg:  0.0, Max:  0.0, Diff:  0.0, Sum:  0.0, Workers: 4
[3443.356s][debug][gc,phases      ] GC(85)     Dead                           Min: 0, Avg:  0.0, Max: 0, Diff: 0, Sum: 0, Workers: 4
[3443.356s][debug][gc,phases      ] GC(85)     Total                          Min: 0, Avg:  0.8, Max: 3, Diff: 3, Sum: 3, Workers: 4
[3443.356s][debug][gc,phases      ] GC(85)   JVMTI Tag Weak OopStorage      Min:  0.0, Avg:  0.0, Max:  0.0, Diff:  0.0, Sum:  0.0, Workers: 4
[3443.356s][debug][gc,phases      ] GC(85)     Dead                           Min: 0, Avg:  0.0, Max: 0, Diff: 0, Sum: 0, Workers: 4
[3443.356s][debug][gc,phases      ] GC(85)     Total                          Min: 0, Avg:  0.0, Max: 0, Diff: 0, Sum: 0, Workers: 4
[3443.356s][debug][gc,phases      ] GC(85)   StringTable Weak               Min:  0.0, Avg:  0.1, Max:  0.2, Diff:  0.2, Sum:  0.4, Workers: 4
[3443.356s][debug][gc,phases      ] GC(85)     Dead                           Min: 0, Avg:  0.0, Max: 0, Diff: 0, Sum: 0, Workers: 4
[3443.356s][debug][gc,phases      ] GC(85)     Total                          Min: 0, Avg: 11587.5, Max: 27071, Diff: 27071, Sum: 46350, Workers: 4
[3443.356s][debug][gc,phases      ] GC(85)   ResolvedMethodTable Weak       Min:  0.0, Avg:  0.0, Max:  0.1, Diff:  0.1, Sum:  0.1, Workers: 4
[3443.356s][debug][gc,phases      ] GC(85)     Dead                           Min: 0, Avg:  4.0, Max: 16, Diff: 16, Sum: 16, Workers: 4
[3443.356s][debug][gc,phases      ] GC(85)     Total                          Min: 0, Avg: 3777.2, Max: 8269, Diff: 8269, Sum: 15109, Workers: 4
[3443.356s][debug][gc,phases      ] GC(85)   JNI Weak                       Min:  0.0, Avg:  0.0, Max:  0.0, Diff:  0.0, Sum:  0.0, Workers: 4
[3443.356s][debug][gc,phases      ] GC(85)     Dead                           Min: 0, Avg:  0.0, Max: 0, Diff: 0, Sum: 0, Workers: 4
[3443.356s][debug][gc,phases      ] GC(85)     Total                          Min: 0, Avg: 13.0, Max: 48, Diff: 48, Sum: 52, Workers: 4
[3443.356s][debug][gc,phases      ] GC(85)   StringDedup Table Weak         Min:  0.0, Avg:  0.0, Max:  0.0, Diff:  0.0, Sum:  0.0, Workers: 4
[3443.356s][debug][gc,phases      ] GC(85)     Dead                           Min: 0, Avg:  0.0, Max: 0, Diff: 0, Sum: 0, Workers: 4
[3443.356s][debug][gc,phases      ] GC(85)     Total                          Min: 0, Avg:  0.0, Max: 0, Diff: 0, Sum: 0, Workers: 4
[3443.356s][debug][gc,phases      ] GC(85)   StringDedup Requests0 Weak     Min:  0.0, Avg:  0.0, Max:  0.0, Diff:  0.0, Sum:  0.0, Workers: 4
[3443.356s][debug][gc,phases      ] GC(85)     Dead                           Min: 0, Avg:  0.0, Max: 0, Diff: 0, Sum: 0, Workers: 4
[3443.356s][debug][gc,phases      ] GC(85)     Total                          Min: 0, Avg:  0.0, Max: 0, Diff: 0, Sum: 0, Workers: 4
[3443.356s][debug][gc,phases      ] GC(85)   StringDedup Requests1 Weak     Min:  0.0, Avg:  0.0, Max:  0.0, Diff:  0.0, Sum:  0.0, Workers: 4
[3443.356s][debug][gc,phases      ] GC(85)     Dead                           Min: 0, Avg:  0.0, Max: 0, Diff: 0, Sum: 0, Workers: 4
[3443.356s][debug][gc,phases      ] GC(85)     Total                          Min: 0, Avg:  0.0, Max: 0, Diff: 0, Sum: 0, Workers: 4
[3443.356s][debug][gc,phases      ] GC(85)   Weak JFR Old Object Samples    Min:  0.0, Avg:  0.0, Max:  0.0, Diff:  0.0, Sum:  0.0, Workers: 4
[3443.356s][debug][gc,phases      ] GC(85)     Dead                           Min: 0, Avg:  0.0, Max: 0, Diff: 0, Sum: 0, Workers: 4
[3443.356s][debug][gc,phases      ] GC(85)     Total                          Min: 0, Avg:  0.0, Max: 0, Diff: 0, Sum: 0, Workers: 4
[3443.356s][debug][gc,phases      ] GC(85) Weak Processing 0.469ms
[3443.356s][debug][gc,age         ] GC(85) Desired survivor size 14155776 bytes, new threshold 1 (max threshold 15)
[3443.356s][info ][gc,heap        ] GC(85) PSYoungGen: 2067648K(2080768K)->2240K(2083328K) Eden: 2065408K(2065408K)->0K(2068480K) From: 2240K(15360K)->2240K(14848K)
[3443.356s][info ][gc,heap        ] GC(85) ParOldGen: 276824K(395776K)->277424K(395776K)
[3443.356s][info ][gc,metaspace   ] GC(85) Metaspace: 106171K(107456K)->106171K(107456K) NonClass: 90172K(90880K)->90172K(90880K) Class: 15999K(16576K)->15999K(16576K)
[3443.356s][info ][gc             ] GC(85) Pause Young (Allocation Failure) 2289M->273M(2421M) 4.324ms
[3443.356s][info ][gc,cpu         ] GC(85) User=0.01s Sys=0.00s Real=0.01s
[3443.357s][info ][safepoint      ] Safepoint "ParallelGCFailedAllocation", Time since last: 15840918334 ns, Reaching safepoint: 85603 ns, Cleanup: 5300 ns, At safepoint: 4401834 ns, Total: 4492737 ns
[3497.954s][info ][gc,start       ] GC(86) Pause Young (Allocation Failure)
[3497.957s][debug][gc,phases      ] GC(86) Scavenge 3.127ms
[3497.957s][debug][gc,ref         ] GC(86) ReferenceProcessor::execute queues: 1, RefProcThreadModel::Single, marks_oops_alive: false
[3497.957s][debug][gc,ref         ] GC(86) Skipped KeepAliveFinalRefsPhase of Reference Processing: no references
[3497.957s][debug][gc,ref         ] GC(86) ReferenceProcessor::execute queues: 1, RefProcThreadModel::Single, marks_oops_alive: false
[3497.957s][debug][gc,phases      ] GC(86) Reference Processing 0.122ms
[3497.958s][debug][gc,phases      ] GC(86)   VM Weak                        Min:  0.0, Avg:  0.0, Max:  0.0, Diff:  0.0, Sum:  0.0, Workers: 4
[3497.958s][debug][gc,phases      ] GC(86)     Dead                           Min: 0, Avg:  0.0, Max: 0, Diff: 0, Sum: 0, Workers: 4
[3497.958s][debug][gc,phases      ] GC(86)     Total                          Min: 0, Avg: 233.8, Max: 576, Diff: 576, Sum: 935, Workers: 4
[3497.958s][debug][gc,phases      ] GC(86)   ObjectSynchronizer Weak        Min:  0.0, Avg:  0.0, Max:  0.0, Diff:  0.0, Sum:  0.0, Workers: 4
[3497.958s][debug][gc,phases      ] GC(86)     Dead                           Min: 0, Avg:  0.0, Max: 0, Diff: 0, Sum: 0, Workers: 4
[3497.958s][debug][gc,phases      ] GC(86)     Total                          Min: 0, Avg:  0.8, Max: 3, Diff: 3, Sum: 3, Workers: 4
[3497.958s][debug][gc,phases      ] GC(86)   JVMTI Tag Weak OopStorage      Min:  0.0, Avg:  0.0, Max:  0.0, Diff:  0.0, Sum:  0.0, Workers: 4
[3497.958s][debug][gc,phases      ] GC(86)     Dead                           Min: 0, Avg:  0.0, Max: 0, Diff: 0, Sum: 0, Workers: 4
[3497.958s][debug][gc,phases      ] GC(86)     Total                          Min: 0, Avg:  0.0, Max: 0, Diff: 0, Sum: 0, Workers: 4
[3497.958s][debug][gc,phases      ] GC(86)   StringTable Weak               Min:  0.0, Avg:  0.1, Max:  0.2, Diff:  0.2, Sum:  0.5, Workers: 4
[3497.958s][debug][gc,phases      ] GC(86)     Dead                           Min: 0, Avg:  0.0, Max: 0, Diff: 0, Sum: 0, Workers: 4
[3497.958s][debug][gc,phases      ] GC(86)     Total                          Min: 0, Avg: 11587.5, Max: 15999, Diff: 15999, Sum: 46350, Workers: 4
[3497.958s][debug][gc,phases      ] GC(86)   ResolvedMethodTable Weak       Min:  0.0, Avg:  0.0, Max:  0.1, Diff:  0.1, Sum:  0.2, Workers: 4
[3497.958s][debug][gc,phases      ] GC(86)     Dead                           Min: 0, Avg:  4.0, Max: 16, Diff: 16, Sum: 16, Workers: 4
[3497.958s][debug][gc,phases      ] GC(86)     Total                          Min: 0, Avg: 3777.2, Max: 5134, Diff: 5134, Sum: 15109, Workers: 4
[3497.958s][debug][gc,phases      ] GC(86)   JNI Weak                       Min:  0.0, Avg:  0.0, Max:  0.0, Diff:  0.0, Sum:  0.0, Workers: 4
[3497.958s][debug][gc,phases      ] GC(86)     Dead                           Min: 0, Avg:  0.0, Max: 0, Diff: 0, Sum: 0, Workers: 4
[3497.958s][debug][gc,phases      ] GC(86)     Total                          Min: 0, Avg: 13.0, Max: 48, Diff: 48, Sum: 52, Workers: 4
[3497.958s][debug][gc,phases      ] GC(86)   StringDedup Table Weak         Min:  0.0, Avg:  0.0, Max:  0.0, Diff:  0.0, Sum:  0.0, Workers: 4
[3497.958s][debug][gc,phases      ] GC(86)     Dead                           Min: 0, Avg:  0.0, Max: 0, Diff: 0, Sum: 0, Workers: 4
[3497.958s][debug][gc,phases      ] GC(86)     Total                          Min: 0, Avg:  0.0, Max: 0, Diff: 0, Sum: 0, Workers: 4
[3497.958s][debug][gc,phases      ] GC(86)   StringDedup Requests0 Weak     Min:  0.0, Avg:  0.0, Max:  0.0, Diff:  0.0, Sum:  0.0, Workers: 4
[3497.958s][debug][gc,phases      ] GC(86)     Dead                           Min: 0, Avg:  0.0, Max: 0, Diff: 0, Sum: 0, Workers: 4
[3497.958s][debug][gc,phases      ] GC(86)     Total                          Min: 0, Avg:  0.0, Max: 0, Diff: 0, Sum: 0, Workers: 4
[3497.958s][debug][gc,phases      ] GC(86)   StringDedup Requests1 Weak     Min:  0.0, Avg:  0.0, Max:  0.0, Diff:  0.0, Sum:  0.0, Workers: 4
[3497.958s][debug][gc,phases      ] GC(86)     Dead                           Min: 0, Avg:  0.0, Max: 0, Diff: 0, Sum: 0, Workers: 4
[3497.958s][debug][gc,phases      ] GC(86)     Total                          Min: 0, Avg:  0.0, Max: 0, Diff: 0, Sum: 0, Workers: 4
[3497.958s][debug][gc,phases      ] GC(86)   Weak JFR Old Object Samples    Min:  0.0, Avg:  0.0, Max:  0.0, Diff:  0.0, Sum:  0.0, Workers: 4
[3497.958s][debug][gc,phases      ] GC(86)     Dead                           Min: 0, Avg:  0.0, Max: 0, Diff: 0, Sum: 0, Workers: 4
[3497.958s][debug][gc,phases      ] GC(86)     Total                          Min: 0, Avg:  0.0, Max: 0, Diff: 0, Sum: 0, Workers: 4
[3497.958s][debug][gc,phases      ] GC(86) Weak Processing 0.449ms
[3497.958s][debug][gc,age         ] GC(86) Desired survivor size 13631488 bytes, new threshold 1 (max threshold 15)
[3497.958s][info ][gc,heap        ] GC(86) PSYoungGen: 2070720K(2083328K)->2400K(2082304K) Eden: 2068480K(2068480K)->0K(2068480K) From: 2240K(14848K)->2400K(13824K)
[3497.958s][info ][gc,heap        ] GC(86) ParOldGen: 277424K(395776K)->277952K(395776K)
[3497.958s][info ][gc,metaspace   ] GC(86) Metaspace: 106171K(107456K)->106171K(107456K) NonClass: 90172K(90880K)->90172K(90880K) Class: 15999K(16576K)->15999K(16576K)
[3497.958s][info ][gc             ] GC(86) Pause Young (Allocation Failure) 2293M->273M(2420M) 3.831ms
[3497.958s][info ][gc,cpu         ] GC(86) User=0.01s Sys=0.00s Real=0.01s
[3497.958s][info ][safepoint      ] Safepoint "ParallelGCFailedAllocation", Time since last: 54597516990 ns, Reaching safepoint: 6202 ns, Cleanup: 4801 ns, At safepoint: 3927165 ns, Total: 3938168 ns
[3506.959s][info ][safepoint      ] Safepoint "Cleanup", Time since last: 9000682904 ns, Reaching safepoint: 6800 ns, Cleanup: 13001 ns, At safepoint: 2400 ns, Total: 22201 ns
[3513.959s][info ][safepoint      ] Safepoint "Cleanup", Time since last: 7000551253 ns, Reaching safepoint: 77809 ns, Cleanup: 28004 ns, At safepoint: 6800 ns, Total: 112613 ns
[3515.960s][info ][safepoint      ] Safepoint "Cleanup", Time since last: 2000194753 ns, Reaching safepoint: 8602 ns, Cleanup: 15101 ns, At safepoint: 2901 ns, Total: 26604 ns
[3532.961s][info ][safepoint      ] Safepoint "Cleanup", Time since last: 17001345371 ns, Reaching safepoint: 7500 ns, Cleanup: 12201 ns, At safepoint: 2401 ns, Total: 22102 ns
[3634.156s][info ][safepoint      ] Safepoint "Cleanup", Time since last: 101195058908 ns, Reaching safepoint: 6901 ns, Cleanup: 12401 ns, At safepoint: 29404 ns, Total: 48706 ns
[3634.932s][info ][safepoint      ] Safepoint "JFRCheckpoint", Time since last: 776189272 ns, Reaching safepoint: 80109 ns, Cleanup: 25303 ns, At safepoint: 28003 ns, Total: 133415 ns
[3634.936s][info ][gc,heap,exit   ] Heap
[3634.936s][info ][gc,heap,exit   ]  PSYoungGen      total 2082304K, used 769929K [0x0000000780000000, 0x0000000800000000, 0x0000000800000000)
[3634.936s][info ][gc,heap,exit   ]   eden space 2068480K, 37% used [0x0000000780000000,0x00000007aed8a6b8,0x00000007fe400000)
[3634.936s][info ][gc,heap,exit   ]   from space 13824K, 17% used [0x00000007fe400000,0x00000007fe658060,0x00000007ff180000)
[3634.936s][info ][gc,heap,exit   ]   to   space 13312K, 0% used [0x00000007ff300000,0x00000007ff300000,0x0000000800000000)
[3634.936s][info ][gc,heap,exit   ]  ParOldGen       total 395776K, used 277952K [0x00000006c0000000, 0x00000006d8280000, 0x0000000780000000)
[3634.936s][info ][gc,heap,exit   ]   object space 395776K, 70% used [0x00000006c0000000,0x00000006d0f70138,0x00000006d8280000)
[3634.936s][info ][gc,heap,exit   ]  Metaspace       used 106272K, committed 107520K, reserved 1179648K
[3634.936s][info ][gc,heap,exit   ]   class space    used 16013K, committed 16576K, reserved 1048576K
