[0.004s][info][gc,init] CardTable entry size: 512
[0.004s][info][gc     ] Using Parallel
[0.006s][info][gc,init] Version: 21.0.7+6-LTS (release)
[0.006s][info][gc,init] CPUs: 4 total, 4 available
[0.006s][info][gc,init] Memory: 15995M
[0.006s][info][gc,init] Large Page Support: Disabled
[0.006s][info][gc,init] NUMA Support: Disabled
[0.006s][info][gc,init] Compressed Oops: Enabled (Zero based)
[0.006s][info][gc,init] Alignments: Space 512K, Generation 512K, Heap 2M
[0.006s][info][gc,init] Heap Min Capacity: 2054M
[0.006s][info][gc,init] Heap Initial Capacity: 2054M
[0.006s][info][gc,init] Heap Max Capacity: 5G
[0.006s][info][gc,init] Pre-touch: Disabled
[0.006s][info][gc,init] Parallel Workers: 4
[0.013s][info][gc,metaspace] CDS archive(s) mapped at: [0x000072e539000000-0x000072e539c97000-0x000072e539c97000), size 13201408, SharedBaseAddress: 0x000072e539000000, ArchiveRelocationMode: 1.
[0.013s][info][gc,metaspace] Compressed class space mapped at: 0x000072e53a000000-0x000072e57a000000, reserved size: 1073741824
[0.013s][info][gc,metaspace] Narrow klass base: 0x000072e539000000, Narrow klass shift: 0, Narrow klass range: 0x100000000
[0.222s][info][safepoint   ] Safepoint "ICBufferFull", Time since last: 202787164 ns, Reaching safepoint: 79101 ns, Cleanup: 97001 ns, At safepoint: 11400 ns, Total: 187502 ns
[0.447s][info][safepoint   ] Safepoint "RedefineClasses", Time since last: 217033288 ns, Reaching safepoint: 2900 ns, Cleanup: 128801 ns, At safepoint: 7117062 ns, Total: 7248763 ns
[0.622s][info][safepoint   ] Safepoint "JFRCheckpoint", Time since last: 175684128 ns, Reaching safepoint: 3600 ns, Cleanup: 47601 ns, At safepoint: 9800 ns, Total: 61001 ns
[1.180s][info][safepoint   ] Safepoint "ICBufferFull", Time since last: 557121947 ns, Reaching safepoint: 78601 ns, Cleanup: 122901 ns, At safepoint: 8800 ns, Total: 210302 ns
[1.465s][info][safepoint   ] Safepoint "ICBufferFull", Time since last: 284508676 ns, Reaching safepoint: 84600 ns, Cleanup: 130702 ns, At safepoint: 11200 ns, Total: 226502 ns
[1.829s][info][gc,start    ] GC(0) Pause Young (Metadata GC Threshold)
[1.844s][debug][gc,phases   ] GC(0) Scavenge 15.269ms
[1.844s][debug][gc,ref      ] GC(0) ReferenceProcessor::execute queues: 2, RefProcThreadModel::Multi, marks_oops_alive: false
[1.845s][debug][gc,ref      ] GC(0) ReferenceProcessor::execute queues: 4, RefProcThreadModel::Multi, marks_oops_alive: true
[1.845s][debug][gc,ref      ] GC(0) ReferenceProcessor::execute queues: 1, RefProcThreadModel::Single, marks_oops_alive: false
[1.845s][debug][gc,phases   ] GC(0) Reference Processing 0.624ms
[1.845s][debug][gc,phases   ] GC(0)   VM Weak                        Min:  0.0, Avg:  0.0, Max:  0.0, Diff:  0.0, Sum:  0.0, Workers: 4
[1.845s][debug][gc,phases   ] GC(0)     Dead                           Min: 0, Avg:  0.0, Max: 0, Diff: 0, Sum: 0, Workers: 4
[1.845s][debug][gc,phases   ] GC(0)     Total                          Min: 0, Avg: 59.8, Max: 128, Diff: 128, Sum: 239, Workers: 4
[1.845s][debug][gc,phases   ] GC(0)   ObjectSynchronizer Weak        Min:  0.0, Avg:  0.0, Max:  0.0, Diff:  0.0, Sum:  0.0, Workers: 4
[1.845s][debug][gc,phases   ] GC(0)     Dead                           Min: 0, Avg:  1.2, Max: 5, Diff: 5, Sum: 5, Workers: 4
[1.845s][debug][gc,phases   ] GC(0)     Total                          Min: 0, Avg:  2.8, Max: 11, Diff: 11, Sum: 11, Workers: 4
[1.845s][debug][gc,phases   ] GC(0)   JVMTI Tag Weak OopStorage      Min:  0.0, Avg:  0.0, Max:  0.0, Diff:  0.0, Sum:  0.0, Workers: 4
[1.845s][debug][gc,phases   ] GC(0)     Dead                           Min: 0, Avg:  0.0, Max: 0, Diff: 0, Sum: 0, Workers: 4
[1.845s][debug][gc,phases   ] GC(0)     Total                          Min: 0, Avg:  0.0, Max: 0, Diff: 0, Sum: 0, Workers: 4
[1.845s][debug][gc,phases   ] GC(0)   StringTable Weak               Min:  0.0, Avg:  0.0, Max:  0.1, Diff:  0.1, Sum:  0.2, Workers: 4
[1.845s][debug][gc,phases   ] GC(0)     Dead                           Min: 0, Avg:  7.8, Max: 20, Diff: 20, Sum: 31, Workers: 4
[1.845s][debug][gc,phases   ] GC(0)     Total                          Min: 0, Avg: 1996.5, Max: 2752, Diff: 2752, Sum: 7986, Workers: 4
[1.845s][debug][gc,phases   ] GC(0)   ResolvedMethodTable Weak       Min:  0.0, Avg:  0.0, Max:  0.0, Diff:  0.0, Sum:  0.1, Workers: 4
[1.845s][debug][gc,phases   ] GC(0)     Dead                           Min: 0, Avg: 95.8, Max: 154, Diff: 154, Sum: 383, Workers: 4
[1.845s][debug][gc,phases   ] GC(0)     Total                          Min: 0, Avg: 468.2, Max: 657, Diff: 657, Sum: 1873, Workers: 4
[1.845s][debug][gc,phases   ] GC(0)   JNI Weak                       Min:  0.0, Avg:  0.0, Max:  0.0, Diff:  0.0, Sum:  0.0, Workers: 4
[1.845s][debug][gc,phases   ] GC(0)     Dead                           Min: 0, Avg:  0.0, Max: 0, Diff: 0, Sum: 0, Workers: 4
[1.845s][debug][gc,phases   ] GC(0)     Total                          Min: 0, Avg: 12.0, Max: 48, Diff: 48, Sum: 48, Workers: 4
[1.845s][debug][gc,phases   ] GC(0)   StringDedup Table Weak         Min:  0.0, Avg:  0.0, Max:  0.0, Diff:  0.0, Sum:  0.0, Workers: 4
[1.845s][debug][gc,phases   ] GC(0)     Dead                           Min: 0, Avg:  0.0, Max: 0, Diff: 0, Sum: 0, Workers: 4
[1.845s][debug][gc,phases   ] GC(0)     Total                          Min: 0, Avg:  0.0, Max: 0, Diff: 0, Sum: 0, Workers: 4
[1.845s][debug][gc,phases   ] GC(0)   StringDedup Requests0 Weak     Min:  0.0, Avg:  0.0, Max:  0.0, Diff:  0.0, Sum:  0.0, Workers: 4
[1.845s][debug][gc,phases   ] GC(0)     Dead                           Min: 0, Avg:  0.0, Max: 0, Diff: 0, Sum: 0, Workers: 4
[1.845s][debug][gc,phases   ] GC(0)     Total                          Min: 0, Avg:  0.0, Max: 0, Diff: 0, Sum: 0, Workers: 4
[1.845s][debug][gc,phases   ] GC(0)   StringDedup Requests1 Weak     Min:  0.0, Avg:  0.0, Max:  0.0, Diff:  0.0, Sum:  0.0, Workers: 4
[1.845s][debug][gc,phases   ] GC(0)     Dead                           Min: 0, Avg:  0.0, Max: 0, Diff: 0, Sum: 0, Workers: 4
[1.845s][debug][gc,phases   ] GC(0)     Total                          Min: 0, Avg:  0.0, Max: 0, Diff: 0, Sum: 0, Workers: 4
[1.845s][debug][gc,phases   ] GC(0)   Weak JFR Old Object Samples    Min:  0.0, Avg:  0.0, Max:  0.0, Diff:  0.0, Sum:  0.0, Workers: 4
[1.845s][debug][gc,phases   ] GC(0)     Dead                           Min: 0, Avg:  0.0, Max: 0, Diff: 0, Sum: 0, Workers: 4
[1.845s][debug][gc,phases   ] GC(0)     Total                          Min: 0, Avg:  0.0, Max: 0, Diff: 0, Sum: 0, Workers: 4
[1.845s][debug][gc,phases   ] GC(0) Weak Processing 0.253ms
[1.845s][debug][gc,age      ] GC(0) Desired survivor size 536870912 bytes, new threshold 7 (max threshold 15)
[1.845s][info ][gc,heap     ] GC(0) PSYoungGen: 382812K(1572864K)->37789K(1572864K) Eden: 382812K(1048576K)->0K(1048576K) From: 0K(524288K)->37789K(524288K)
[1.845s][info ][gc,heap     ] GC(0) ParOldGen: 1073K(6144K)->1145K(6144K)
[1.845s][info ][gc,metaspace] GC(0) Metaspace: 21103K(21504K)->21103K(21504K) NonClass: 18785K(19008K)->18785K(19008K) Class: 2318K(2496K)->2318K(2496K)
[1.845s][info ][gc          ] GC(0) Pause Young (Metadata GC Threshold) 374M->38M(1542M) 16.544ms
[1.845s][info ][gc,cpu      ] GC(0) User=0.04s Sys=0.03s Real=0.02s
[1.845s][debug][gc,phases   ] GC(1) Pre Compact 0.008ms
[1.845s][info ][gc,start    ] GC(1) Pause Full (Metadata GC Threshold)
[1.845s][info ][gc,phases,start] GC(1) Marking Phase
[1.861s][debug][gc,phases      ] GC(1) Par Mark 15.278ms
[1.861s][debug][gc,ref         ] GC(1) ReferenceProcessor::execute queues: 2, RefProcThreadModel::Multi, marks_oops_alive: false
[1.861s][debug][gc,ref         ] GC(1) Skipped KeepAliveFinalRefsPhase of Reference Processing: no references
[1.861s][debug][gc,ref         ] GC(1) ReferenceProcessor::execute queues: 1, RefProcThreadModel::Single, marks_oops_alive: false
[1.861s][debug][gc,phases      ] GC(1) Reference Processing 0.376ms
[1.861s][debug][gc,phases      ] GC(1)   VM Weak                        Min:  0.0, Avg:  0.0, Max:  0.0, Diff:  0.0, Sum:  0.0, Workers: 4
[1.861s][debug][gc,phases      ] GC(1)     Dead                           Min: 0, Avg:  0.0, Max: 0, Diff: 0, Sum: 0, Workers: 4
[1.861s][debug][gc,phases      ] GC(1)     Total                          Min: 0, Avg: 59.8, Max: 128, Diff: 128, Sum: 239, Workers: 4
[1.861s][debug][gc,phases      ] GC(1)   ObjectSynchronizer Weak        Min:  0.0, Avg:  0.0, Max:  0.0, Diff:  0.0, Sum:  0.0, Workers: 4
[1.861s][debug][gc,phases      ] GC(1)     Dead                           Min: 0, Avg:  0.0, Max: 0, Diff: 0, Sum: 0, Workers: 4
[1.861s][debug][gc,phases      ] GC(1)     Total                          Min: 0, Avg:  2.8, Max: 11, Diff: 11, Sum: 11, Workers: 4
[1.861s][debug][gc,phases      ] GC(1)   JVMTI Tag Weak OopStorage      Min:  0.0, Avg:  0.0, Max:  0.0, Diff:  0.0, Sum:  0.0, Workers: 4
[1.861s][debug][gc,phases      ] GC(1)     Dead                           Min: 0, Avg:  0.0, Max: 0, Diff: 0, Sum: 0, Workers: 4
[1.861s][debug][gc,phases      ] GC(1)     Total                          Min: 0, Avg:  0.0, Max: 0, Diff: 0, Sum: 0, Workers: 4
[1.861s][debug][gc,phases      ] GC(1)   StringTable Weak               Min:  0.0, Avg:  0.0, Max:  0.0, Diff:  0.0, Sum:  0.1, Workers: 4
[1.861s][debug][gc,phases      ] GC(1)     Dead                           Min: 0, Avg:  0.0, Max: 0, Diff: 0, Sum: 0, Workers: 4
[1.861s][debug][gc,phases      ] GC(1)     Total                          Min: 0, Avg: 1996.5, Max: 3072, Diff: 3072, Sum: 7986, Workers: 4
[1.861s][debug][gc,phases      ] GC(1)   ResolvedMethodTable Weak       Min:  0.0, Avg:  0.0, Max:  0.0, Diff:  0.0, Sum:  0.0, Workers: 4
[1.861s][debug][gc,phases      ] GC(1)     Dead                           Min: 0, Avg:  0.0, Max: 0, Diff: 0, Sum: 0, Workers: 4
[1.861s][debug][gc,phases      ] GC(1)     Total                          Min: 0, Avg: 468.2, Max: 640, Diff: 640, Sum: 1873, Workers: 4
[1.861s][debug][gc,phases      ] GC(1)   JNI Weak                       Min:  0.0, Avg:  0.0, Max:  0.0, Diff:  0.0, Sum:  0.0, Workers: 4
[1.861s][debug][gc,phases      ] GC(1)     Dead                           Min: 0, Avg:  0.0, Max: 0, Diff: 0, Sum: 0, Workers: 4
[1.861s][debug][gc,phases      ] GC(1)     Total                          Min: 0, Avg: 12.0, Max: 48, Diff: 48, Sum: 48, Workers: 4
[1.861s][debug][gc,phases      ] GC(1)   StringDedup Table Weak         Min:  0.0, Avg:  0.0, Max:  0.0, Diff:  0.0, Sum:  0.0, Workers: 4
[1.861s][debug][gc,phases      ] GC(1)     Dead                           Min: 0, Avg:  0.0, Max: 0, Diff: 0, Sum: 0, Workers: 4
[1.861s][debug][gc,phases      ] GC(1)     Total                          Min: 0, Avg:  0.0, Max: 0, Diff: 0, Sum: 0, Workers: 4
[1.861s][debug][gc,phases      ] GC(1)   StringDedup Requests0 Weak     Min:  0.0, Avg:  0.0, Max:  0.0, Diff:  0.0, Sum:  0.0, Workers: 4
[1.861s][debug][gc,phases      ] GC(1)     Dead                           Min: 0, Avg:  0.0, Max: 0, Diff: 0, Sum: 0, Workers: 4
[1.861s][debug][gc,phases      ] GC(1)     Total                          Min: 0, Avg:  0.0, Max: 0, Diff: 0, Sum: 0, Workers: 4
[1.861s][debug][gc,phases      ] GC(1)   StringDedup Requests1 Weak     Min:  0.0, Avg:  0.0, Max:  0.0, Diff:  0.0, Sum:  0.0, Workers: 4
[1.861s][debug][gc,phases      ] GC(1)     Dead                           Min: 0, Avg:  0.0, Max: 0, Diff: 0, Sum: 0, Workers: 4
[1.861s][debug][gc,phases      ] GC(1)     Total                          Min: 0, Avg:  0.0, Max: 0, Diff: 0, Sum: 0, Workers: 4
[1.861s][debug][gc,phases      ] GC(1)   Weak JFR Old Object Samples    Min:  0.0, Avg:  0.0, Max:  0.0, Diff:  0.0, Sum:  0.0, Workers: 4
[1.861s][debug][gc,phases      ] GC(1)     Dead                           Min: 0, Avg:  0.0, Max: 0, Diff: 0, Sum: 0, Workers: 4
[1.861s][debug][gc,phases      ] GC(1)     Total                          Min: 0, Avg:  0.0, Max: 0, Diff: 0, Sum: 0, Workers: 4
[1.861s][debug][gc,phases      ] GC(1) Weak Processing 0.260ms
[1.861s][debug][gc,phases      ] GC(1) ClassLoaderData 0.015ms
[1.861s][debug][gc,phases      ] GC(1) Trigger cleanups 0.000ms
[1.869s][debug][gc,phases      ] GC(1) Purge Unlinked NMethods 0.002ms
[1.869s][debug][gc,phases      ] GC(1) Unregister NMethods 0.028ms
[1.869s][debug][gc,phases      ] GC(1) Free Code Blobs 0.001ms
[1.869s][debug][gc,phases      ] GC(1) Class Unloading 7.511ms
[1.869s][debug][gc,phases      ] GC(1) Report Object Count 0.002ms
[1.869s][info ][gc,phases      ] GC(1) Marking Phase 23.477ms
[1.869s][info ][gc,phases,start] GC(1) Summary Phase
[1.869s][info ][gc,phases      ] GC(1) Summary Phase 0.005ms
[1.869s][info ][gc,phases,start] GC(1) Adjust Roots
[1.874s][info ][gc,phases      ] GC(1) Adjust Roots 5.194ms
[1.875s][info ][gc,phases,start] GC(1) Compaction Phase
[1.896s][info ][gc,phases      ] GC(1) Compaction Phase 21.536ms
[1.896s][info ][gc,phases,start] GC(1) Post Compact
[1.898s][debug][gc,phases      ] GC(1) Purge Class Loader Data 0.903ms
[1.899s][info ][gc,phases      ] GC(1) Post Compact 2.257ms
[1.899s][info ][gc,heap        ] GC(1) PSYoungGen: 37789K(1572864K)->32511K(1572864K) Eden: 0K(1048576K)->0K(1048576K) From: 37789K(524288K)->32511K(524288K)
[1.899s][info ][gc,heap        ] GC(1) ParOldGen: 1145K(6144K)->6114K(6144K)
[1.899s][info ][gc,metaspace   ] GC(1) Metaspace: 21103K(21504K)->21103K(21504K) NonClass: 18785K(19008K)->18785K(19008K) Class: 2318K(2496K)->2318K(2496K)
[1.899s][info ][gc             ] GC(1) Pause Full (Metadata GC Threshold) 38M->37M(1542M) 53.303ms
[1.899s][info ][gc,cpu         ] GC(1) User=0.12s Sys=0.00s Real=0.05s
[1.899s][info ][safepoint      ] Safepoint "CollectForMetadataAllocation", Time since last: 364117368 ns, Reaching safepoint: 2800 ns, Cleanup: 102801 ns, At safepoint: 69966709 ns, Total: 70072310 ns
[2.238s][info ][safepoint      ] Safepoint "ICBufferFull", Time since last: 338786848 ns, Reaching safepoint: 3000 ns, Cleanup: 102201 ns, At safepoint: 7400 ns, Total: 112601 ns
[2.439s][info ][safepoint      ] Safepoint "ICBufferFull", Time since last: 201202150 ns, Reaching safepoint: 3901 ns, Cleanup: 107900 ns, At safepoint: 6400 ns, Total: 118201 ns
[2.594s][info ][safepoint      ] Safepoint "ICBufferFull", Time since last: 154632246 ns, Reaching safepoint: 3800 ns, Cleanup: 161101 ns, At safepoint: 2100 ns, Total: 167001 ns
[2.836s][info ][safepoint      ] Safepoint "ICBufferFull", Time since last: 242306009 ns, Reaching safepoint: 3400 ns, Cleanup: 130901 ns, At safepoint: 6400 ns, Total: 140701 ns
[3.160s][info ][gc,start       ] GC(2) Pause Young (Metadata GC Threshold)
[3.189s][debug][gc,phases      ] GC(2) Scavenge 29.008ms
[3.190s][debug][gc,ref         ] GC(2) ReferenceProcessor::execute queues: 4, RefProcThreadModel::Multi, marks_oops_alive: false
[3.190s][debug][gc,ref         ] GC(2) ReferenceProcessor::execute queues: 4, RefProcThreadModel::Multi, marks_oops_alive: true
[3.190s][debug][gc,ref         ] GC(2) ReferenceProcessor::execute queues: 2, RefProcThreadModel::Multi, marks_oops_alive: false
[3.190s][debug][gc,phases      ] GC(2) Reference Processing 0.631ms
[3.190s][debug][gc,phases      ] GC(2)   VM Weak                        Min:  0.0, Avg:  0.0, Max:  0.0, Diff:  0.0, Sum:  0.0, Workers: 4
[3.190s][debug][gc,phases      ] GC(2)     Dead                           Min: 0, Avg:  0.0, Max: 0, Diff: 0, Sum: 0, Workers: 4
[3.190s][debug][gc,phases      ] GC(2)     Total                          Min: 0, Avg: 72.2, Max: 289, Diff: 289, Sum: 289, Workers: 4
[3.190s][debug][gc,phases      ] GC(2)   ObjectSynchronizer Weak        Min:  0.0, Avg:  0.0, Max:  0.0, Diff:  0.0, Sum:  0.0, Workers: 4
[3.190s][debug][gc,phases      ] GC(2)     Dead                           Min: 0, Avg:  0.0, Max: 0, Diff: 0, Sum: 0, Workers: 4
[3.190s][debug][gc,phases      ] GC(2)     Total                          Min: 0, Avg:  3.0, Max: 12, Diff: 12, Sum: 12, Workers: 4
[3.190s][debug][gc,phases      ] GC(2)   JVMTI Tag Weak OopStorage      Min:  0.0, Avg:  0.0, Max:  0.0, Diff:  0.0, Sum:  0.0, Workers: 4
[3.190s][debug][gc,phases      ] GC(2)     Dead                           Min: 0, Avg:  0.0, Max: 0, Diff: 0, Sum: 0, Workers: 4
[3.190s][debug][gc,phases      ] GC(2)     Total                          Min: 0, Avg:  0.0, Max: 0, Diff: 0, Sum: 0, Workers: 4
[3.190s][debug][gc,phases      ] GC(2)   StringTable Weak               Min:  0.1, Avg:  0.1, Max:  0.1, Diff:  0.0, Sum:  0.4, Workers: 4
[3.190s][debug][gc,phases      ] GC(2)     Dead                           Min: 1, Avg:  2.8, Max: 5, Diff: 4, Sum: 11, Workers: 4
[3.190s][debug][gc,phases      ] GC(2)     Total                          Min: 3328, Avg: 3677.2, Max: 4160, Diff: 832, Sum: 14709, Workers: 4
[3.190s][debug][gc,phases      ] GC(2)   ResolvedMethodTable Weak       Min:  0.0, Avg:  0.0, Max:  0.0, Diff:  0.0, Sum:  0.1, Workers: 4
[3.190s][debug][gc,phases      ] GC(2)     Dead                           Min: 368, Avg: 439.2, Max: 602, Diff: 234, Sum: 1757, Workers: 4
[3.190s][debug][gc,phases      ] GC(2)     Total                          Min: 1152, Avg: 1196.2, Max: 1266, Diff: 114, Sum: 4785, Workers: 4
[3.190s][debug][gc,phases      ] GC(2)   JNI Weak                       Min:  0.0, Avg:  0.0, Max:  0.0, Diff:  0.0, Sum:  0.0, Workers: 4
[3.190s][debug][gc,phases      ] GC(2)     Dead                           Min: 0, Avg:  0.0, Max: 0, Diff: 0, Sum: 0, Workers: 4
[3.190s][debug][gc,phases      ] GC(2)     Total                          Min: 0, Avg: 12.2, Max: 49, Diff: 49, Sum: 49, Workers: 4
[3.190s][debug][gc,phases      ] GC(2)   StringDedup Table Weak         Min:  0.0, Avg:  0.0, Max:  0.0, Diff:  0.0, Sum:  0.0, Workers: 4
[3.190s][debug][gc,phases      ] GC(2)     Dead                           Min: 0, Avg:  0.0, Max: 0, Diff: 0, Sum: 0, Workers: 4
[3.190s][debug][gc,phases      ] GC(2)     Total                          Min: 0, Avg:  0.0, Max: 0, Diff: 0, Sum: 0, Workers: 4
[3.190s][debug][gc,phases      ] GC(2)   StringDedup Requests0 Weak     Min:  0.0, Avg:  0.0, Max:  0.0, Diff:  0.0, Sum:  0.0, Workers: 4
[3.190s][debug][gc,phases      ] GC(2)     Dead                           Min: 0, Avg:  0.0, Max: 0, Diff: 0, Sum: 0, Workers: 4
[3.190s][debug][gc,phases      ] GC(2)     Total                          Min: 0, Avg:  0.0, Max: 0, Diff: 0, Sum: 0, Workers: 4
[3.190s][debug][gc,phases      ] GC(2)   StringDedup Requests1 Weak     Min:  0.0, Avg:  0.0, Max:  0.0, Diff:  0.0, Sum:  0.0, Workers: 4
[3.190s][debug][gc,phases      ] GC(2)     Dead                           Min: 0, Avg:  0.0, Max: 0, Diff: 0, Sum: 0, Workers: 4
[3.190s][debug][gc,phases      ] GC(2)     Total                          Min: 0, Avg:  0.0, Max: 0, Diff: 0, Sum: 0, Workers: 4
[3.190s][debug][gc,phases      ] GC(2)   Weak JFR Old Object Samples    Min:  0.0, Avg:  0.0, Max:  0.0, Diff:  0.0, Sum:  0.0, Workers: 4
[3.190s][debug][gc,phases      ] GC(2)     Dead                           Min: 0, Avg:  0.0, Max: 0, Diff: 0, Sum: 0, Workers: 4
[3.190s][debug][gc,phases      ] GC(2)     Total                          Min: 0, Avg:  0.0, Max: 0, Diff: 0, Sum: 0, Workers: 4
[3.190s][debug][gc,phases      ] GC(2) Weak Processing 0.293ms
[3.190s][debug][gc,age         ] GC(2) Desired survivor size 536870912 bytes, new threshold 7 (max threshold 15)
[3.190s][info ][gc,heap        ] GC(2) PSYoungGen: 556831K(1572864K)->55412K(1572864K) Eden: 524319K(1048576K)->0K(1048576K) From: 32511K(524288K)->55412K(524288K)
[3.190s][info ][gc,heap        ] GC(2) ParOldGen: 6114K(6144K)->6122K(6144K)
[3.190s][info ][gc,metaspace   ] GC(2) Metaspace: 35426K(35840K)->35426K(35840K) NonClass: 30889K(31104K)->30889K(31104K) Class: 4537K(4736K)->4537K(4736K)
[3.190s][info ][gc             ] GC(2) Pause Young (Metadata GC Threshold) 549M->60M(1542M) 30.045ms
[3.190s][info ][gc,cpu         ] GC(2) User=0.08s Sys=0.04s Real=0.03s
[3.190s][debug][gc,phases      ] GC(3) Pre Compact 0.008ms
[3.190s][info ][gc,start       ] GC(3) Pause Full (Metadata GC Threshold)
[3.190s][info ][gc,phases,start] GC(3) Marking Phase
[3.212s][debug][gc,phases      ] GC(3) Par Mark 21.253ms
[3.212s][debug][gc,ref         ] GC(3) ReferenceProcessor::execute queues: 4, RefProcThreadModel::Multi, marks_oops_alive: false
[3.212s][debug][gc,ref         ] GC(3) ReferenceProcessor::execute queues: 4, RefProcThreadModel::Multi, marks_oops_alive: true
[3.212s][debug][gc,ref         ] GC(3) ReferenceProcessor::execute queues: 1, RefProcThreadModel::Single, marks_oops_alive: false
[3.212s][debug][gc,phases      ] GC(3) Reference Processing 0.342ms
[3.212s][debug][gc,phases      ] GC(3)   VM Weak                        Min:  0.0, Avg:  0.0, Max:  0.0, Diff:  0.0, Sum:  0.0, Workers: 4
[3.212s][debug][gc,phases      ] GC(3)     Dead                           Min: 0, Avg:  0.0, Max: 0, Diff: 0, Sum: 0, Workers: 4
[3.212s][debug][gc,phases      ] GC(3)     Total                          Min: 0, Avg: 72.2, Max: 256, Diff: 256, Sum: 289, Workers: 4
[3.212s][debug][gc,phases      ] GC(3)   ObjectSynchronizer Weak        Min:  0.0, Avg:  0.0, Max:  0.0, Diff:  0.0, Sum:  0.0, Workers: 4
[3.212s][debug][gc,phases      ] GC(3)     Dead                           Min: 0, Avg:  0.0, Max: 0, Diff: 0, Sum: 0, Workers: 4
[3.212s][debug][gc,phases      ] GC(3)     Total                          Min: 0, Avg:  3.0, Max: 12, Diff: 12, Sum: 12, Workers: 4
[3.212s][debug][gc,phases      ] GC(3)   JVMTI Tag Weak OopStorage      Min:  0.0, Avg:  0.0, Max:  0.0, Diff:  0.0, Sum:  0.0, Workers: 4
[3.212s][debug][gc,phases      ] GC(3)     Dead                           Min: 0, Avg:  0.0, Max: 0, Diff: 0, Sum: 0, Workers: 4
[3.212s][debug][gc,phases      ] GC(3)     Total                          Min: 0, Avg:  0.0, Max: 0, Diff: 0, Sum: 0, Workers: 4
[3.212s][debug][gc,phases      ] GC(3)   StringTable Weak               Min:  0.0, Avg:  0.0, Max:  0.0, Diff:  0.0, Sum:  0.2, Workers: 4
[3.212s][debug][gc,phases      ] GC(3)     Dead                           Min: 0, Avg:  0.0, Max: 0, Diff: 0, Sum: 0, Workers: 4
[3.212s][debug][gc,phases      ] GC(3)     Total                          Min: 3392, Avg: 3677.2, Max: 4096, Diff: 704, Sum: 14709, Workers: 4
[3.212s][debug][gc,phases      ] GC(3)   ResolvedMethodTable Weak       Min:  0.0, Avg:  0.0, Max:  0.0, Diff:  0.0, Sum:  0.1, Workers: 4
[3.212s][debug][gc,phases      ] GC(3)     Dead                           Min: 0, Avg:  0.0, Max: 0, Diff: 0, Sum: 0, Workers: 4
[3.212s][debug][gc,phases      ] GC(3)     Total                          Min: 1087, Avg: 1196.2, Max: 1394, Diff: 307, Sum: 4785, Workers: 4
[3.212s][debug][gc,phases      ] GC(3)   JNI Weak                       Min:  0.0, Avg:  0.0, Max:  0.0, Diff:  0.0, Sum:  0.0, Workers: 4
[3.212s][debug][gc,phases      ] GC(3)     Dead                           Min: 0, Avg:  0.0, Max: 0, Diff: 0, Sum: 0, Workers: 4
[3.212s][debug][gc,phases      ] GC(3)     Total                          Min: 0, Avg: 12.2, Max: 48, Diff: 48, Sum: 49, Workers: 4
[3.212s][debug][gc,phases      ] GC(3)   StringDedup Table Weak         Min:  0.0, Avg:  0.0, Max:  0.0, Diff:  0.0, Sum:  0.0, Workers: 4
[3.212s][debug][gc,phases      ] GC(3)     Dead                           Min: 0, Avg:  0.0, Max: 0, Diff: 0, Sum: 0, Workers: 4
[3.212s][debug][gc,phases      ] GC(3)     Total                          Min: 0, Avg:  0.0, Max: 0, Diff: 0, Sum: 0, Workers: 4
[3.212s][debug][gc,phases      ] GC(3)   StringDedup Requests0 Weak     Min:  0.0, Avg:  0.0, Max:  0.0, Diff:  0.0, Sum:  0.0, Workers: 4
[3.212s][debug][gc,phases      ] GC(3)     Dead                           Min: 0, Avg:  0.0, Max: 0, Diff: 0, Sum: 0, Workers: 4
[3.212s][debug][gc,phases      ] GC(3)     Total                          Min: 0, Avg:  0.0, Max: 0, Diff: 0, Sum: 0, Workers: 4
[3.212s][debug][gc,phases      ] GC(3)   StringDedup Requests1 Weak     Min:  0.0, Avg:  0.0, Max:  0.0, Diff:  0.0, Sum:  0.0, Workers: 4
[3.212s][debug][gc,phases      ] GC(3)     Dead                           Min: 0, Avg:  0.0, Max: 0, Diff: 0, Sum: 0, Workers: 4
[3.212s][debug][gc,phases      ] GC(3)     Total                          Min: 0, Avg:  0.0, Max: 0, Diff: 0, Sum: 0, Workers: 4
[3.212s][debug][gc,phases      ] GC(3)   Weak JFR Old Object Samples    Min:  0.0, Avg:  0.0, Max:  0.0, Diff:  0.0, Sum:  0.0, Workers: 4
[3.212s][debug][gc,phases      ] GC(3)     Dead                           Min: 0, Avg:  0.0, Max: 0, Diff: 0, Sum: 0, Workers: 4
[3.212s][debug][gc,phases      ] GC(3)     Total                          Min: 0, Avg:  0.0, Max: 0, Diff: 0, Sum: 0, Workers: 4
[3.212s][debug][gc,phases      ] GC(3) Weak Processing 0.205ms
[3.212s][debug][gc,phases      ] GC(3) ClassLoaderData 0.033ms
[3.212s][debug][gc,phases      ] GC(3) Trigger cleanups 0.000ms
[3.220s][debug][gc,phases      ] GC(3) Purge Unlinked NMethods 0.407ms
[3.220s][debug][gc,phases      ] GC(3) Unregister NMethods 0.025ms
[3.220s][debug][gc,phases      ] GC(3) Free Code Blobs 0.100ms
[3.220s][debug][gc,phases      ] GC(3) Class Unloading 7.751ms
[3.220s][debug][gc,phases      ] GC(3) Report Object Count 0.000ms
[3.220s][info ][gc,phases      ] GC(3) Marking Phase 29.611ms
[3.220s][info ][gc,phases,start] GC(3) Summary Phase
[3.220s][info ][gc,phases      ] GC(3) Summary Phase 0.005ms
[3.220s][info ][gc,phases,start] GC(3) Adjust Roots
[3.224s][info ][gc,phases      ] GC(3) Adjust Roots 4.058ms
[3.224s][info ][gc,phases,start] GC(3) Compaction Phase
[3.403s][info ][gc,phases      ] GC(3) Compaction Phase 179.273ms
[3.403s][info ][gc,phases,start] GC(3) Post Compact
[3.405s][debug][gc,phases      ] GC(3) Purge Class Loader Data 1.163ms
[3.405s][info ][gc,phases      ] GC(3) Post Compact 2.124ms
[3.405s][info ][gc,heap        ] GC(3) PSYoungGen: 55412K(1572864K)->55225K(1572864K) Eden: 0K(1048576K)->0K(1048576K) From: 55412K(524288K)->55225K(524288K)
[3.405s][info ][gc,heap        ] GC(3) ParOldGen: 6122K(6144K)->6052K(6144K)
[3.405s][info ][gc,metaspace   ] GC(3) Metaspace: 35426K(35840K)->35426K(35840K) NonClass: 30889K(31104K)->30889K(31104K) Class: 4537K(4736K)->4537K(4736K)
[3.406s][info ][gc             ] GC(3) Pause Full (Metadata GC Threshold) 60M->59M(1542M) 215.152ms
[3.406s][info ][gc,cpu         ] GC(3) User=0.44s Sys=0.01s Real=0.21s
[3.406s][info ][safepoint      ] Safepoint "CollectForMetadataAllocation", Time since last: 323890719 ns, Reaching safepoint: 78400 ns, Cleanup: 96801 ns, At safepoint: 245301235 ns, Total: 245476436 ns
[3.529s][info ][safepoint      ] Safepoint "ICBufferFull", Time since last: 122896369 ns, Reaching safepoint: 3200 ns, Cleanup: 130201 ns, At safepoint: 4900 ns, Total: 138301 ns
[3.698s][info ][safepoint      ] Safepoint "ICBufferFull", Time since last: 169587976 ns, Reaching safepoint: 3900 ns, Cleanup: 147101 ns, At safepoint: 12100 ns, Total: 163101 ns
[3.810s][info ][safepoint      ] Safepoint "ICBufferFull", Time since last: 111581071 ns, Reaching safepoint: 78701 ns, Cleanup: 112901 ns, At safepoint: 5000 ns, Total: 196602 ns
[4.232s][info ][safepoint      ] Safepoint "ICBufferFull", Time since last: 421577668 ns, Reaching safepoint: 3500 ns, Cleanup: 170702 ns, At safepoint: 5500 ns, Total: 179702 ns
[4.332s][info ][safepoint      ] Safepoint "ICBufferFull", Time since last: 100457974 ns, Reaching safepoint: 2900 ns, Cleanup: 112501 ns, At safepoint: 4800 ns, Total: 120201 ns
[4.461s][info ][safepoint      ] Safepoint "ICBufferFull", Time since last: 128440818 ns, Reaching safepoint: 3100 ns, Cleanup: 120901 ns, At safepoint: 1800 ns, Total: 125801 ns
[4.697s][info ][safepoint      ] Safepoint "ICBufferFull", Time since last: 235990353 ns, Reaching safepoint: 4100 ns, Cleanup: 132101 ns, At safepoint: 7100 ns, Total: 143301 ns
[4.932s][info ][safepoint      ] Safepoint "ICBufferFull", Time since last: 234967245 ns, Reaching safepoint: 3400 ns, Cleanup: 135101 ns, At safepoint: 6100 ns, Total: 144601 ns
[5.238s][info ][safepoint      ] Safepoint "ICBufferFull", Time since last: 305620360 ns, Reaching safepoint: 3000 ns, Cleanup: 158701 ns, At safepoint: 5100 ns, Total: 166801 ns
[5.437s][info ][gc,start       ] GC(4) Pause Young (Metadata GC Threshold)
[5.486s][debug][gc,phases      ] GC(4) Scavenge 49.697ms
[5.487s][debug][gc,ref         ] GC(4) ReferenceProcessor::execute queues: 4, RefProcThreadModel::Multi, marks_oops_alive: false
[5.487s][debug][gc,ref         ] GC(4) Skipped KeepAliveFinalRefsPhase of Reference Processing: no references
[5.487s][debug][gc,ref         ] GC(4) ReferenceProcessor::execute queues: 4, RefProcThreadModel::Multi, marks_oops_alive: false
[5.487s][debug][gc,phases      ] GC(4) Reference Processing 0.792ms
[5.488s][debug][gc,phases      ] GC(4)   VM Weak                        Min:  0.0, Avg:  0.0, Max:  0.0, Diff:  0.0, Sum:  0.0, Workers: 4
[5.488s][debug][gc,phases      ] GC(4)     Dead                           Min: 0, Avg:  0.0, Max: 0, Diff: 0, Sum: 0, Workers: 4
[5.488s][debug][gc,phases      ] GC(4)     Total                          Min: 0, Avg: 115.8, Max: 271, Diff: 271, Sum: 463, Workers: 4
[5.488s][debug][gc,phases      ] GC(4)   ObjectSynchronizer Weak        Min:  0.0, Avg:  0.0, Max:  0.0, Diff:  0.0, Sum:  0.0, Workers: 4
[5.488s][debug][gc,phases      ] GC(4)     Dead                           Min: 0, Avg:  0.0, Max: 0, Diff: 0, Sum: 0, Workers: 4
[5.488s][debug][gc,phases      ] GC(4)     Total                          Min: 0, Avg:  3.0, Max: 12, Diff: 12, Sum: 12, Workers: 4
[5.488s][debug][gc,phases      ] GC(4)   JVMTI Tag Weak OopStorage      Min:  0.0, Avg:  0.0, Max:  0.0, Diff:  0.0, Sum:  0.0, Workers: 4
[5.488s][debug][gc,phases      ] GC(4)     Dead                           Min: 0, Avg:  0.0, Max: 0, Diff: 0, Sum: 0, Workers: 4
[5.488s][debug][gc,phases      ] GC(4)     Total                          Min: 0, Avg:  0.0, Max: 0, Diff: 0, Sum: 0, Workers: 4
[5.488s][debug][gc,phases      ] GC(4)   StringTable Weak               Min:  0.2, Avg:  0.2, Max:  0.2, Diff:  0.0, Sum:  0.7, Workers: 4
[5.488s][debug][gc,phases      ] GC(4)     Dead                           Min: 2, Avg:  3.8, Max: 6, Diff: 4, Sum: 15, Workers: 4
[5.488s][debug][gc,phases      ] GC(4)     Total                          Min: 6592, Avg: 6950.8, Max: 7488, Diff: 896, Sum: 27803, Workers: 4
[5.488s][debug][gc,phases      ] GC(4)   ResolvedMethodTable Weak       Min:  0.1, Avg:  0.1, Max:  0.1, Diff:  0.0, Sum:  0.4, Workers: 4
[5.488s][debug][gc,phases      ] GC(4)     Dead                           Min: 802, Avg: 980.0, Max: 1155, Diff: 353, Sum: 3920, Workers: 4
[5.488s][debug][gc,phases      ] GC(4)     Total                          Min: 2752, Avg: 2862.5, Max: 2944, Diff: 192, Sum: 11450, Workers: 4
[5.488s][debug][gc,phases      ] GC(4)   JNI Weak                       Min:  0.0, Avg:  0.0, Max:  0.0, Diff:  0.0, Sum:  0.0, Workers: 4
[5.488s][debug][gc,phases      ] GC(4)     Dead                           Min: 0, Avg:  0.0, Max: 0, Diff: 0, Sum: 0, Workers: 4
[5.488s][debug][gc,phases      ] GC(4)     Total                          Min: 0, Avg: 12.0, Max: 48, Diff: 48, Sum: 48, Workers: 4
[5.488s][debug][gc,phases      ] GC(4)   StringDedup Table Weak         Min:  0.0, Avg:  0.0, Max:  0.0, Diff:  0.0, Sum:  0.0, Workers: 4
[5.488s][debug][gc,phases      ] GC(4)     Dead                           Min: 0, Avg:  0.0, Max: 0, Diff: 0, Sum: 0, Workers: 4
[5.488s][debug][gc,phases      ] GC(4)     Total                          Min: 0, Avg:  0.0, Max: 0, Diff: 0, Sum: 0, Workers: 4
[5.488s][debug][gc,phases      ] GC(4)   StringDedup Requests0 Weak     Min:  0.0, Avg:  0.0, Max:  0.0, Diff:  0.0, Sum:  0.0, Workers: 4
[5.488s][debug][gc,phases      ] GC(4)     Dead                           Min: 0, Avg:  0.0, Max: 0, Diff: 0, Sum: 0, Workers: 4
[5.488s][debug][gc,phases      ] GC(4)     Total                          Min: 0, Avg:  0.0, Max: 0, Diff: 0, Sum: 0, Workers: 4
[5.488s][debug][gc,phases      ] GC(4)   StringDedup Requests1 Weak     Min:  0.0, Avg:  0.0, Max:  0.0, Diff:  0.0, Sum:  0.0, Workers: 4
[5.488s][debug][gc,phases      ] GC(4)     Dead                           Min: 0, Avg:  0.0, Max: 0, Diff: 0, Sum: 0, Workers: 4
[5.488s][debug][gc,phases      ] GC(4)     Total                          Min: 0, Avg:  0.0, Max: 0, Diff: 0, Sum: 0, Workers: 4
[5.488s][debug][gc,phases      ] GC(4)   Weak JFR Old Object Samples    Min:  0.0, Avg:  0.0, Max:  0.0, Diff:  0.0, Sum:  0.0, Workers: 4
[5.488s][debug][gc,phases      ] GC(4)     Dead                           Min: 0, Avg:  0.0, Max: 0, Diff: 0, Sum: 0, Workers: 4
[5.488s][debug][gc,phases      ] GC(4)     Total                          Min: 0, Avg:  0.0, Max: 0, Diff: 0, Sum: 0, Workers: 4
[5.488s][debug][gc,phases      ] GC(4) Weak Processing 0.451ms
[5.488s][debug][gc,age         ] GC(4) Desired survivor size 536870912 bytes, new threshold 7 (max threshold 15)
[5.488s][info ][gc,heap        ] GC(4) PSYoungGen: 439872K(1572864K)->77182K(1572864K) Eden: 384647K(1048576K)->0K(1048576K) From: 55225K(524288K)->77182K(524288K)
[5.488s][info ][gc,heap        ] GC(4) ParOldGen: 6052K(6144K)->6076K(6144K)
[5.488s][info ][gc,metaspace   ] GC(4) Metaspace: 59137K(59776K)->59137K(59776K) NonClass: 49701K(50048K)->49701K(50048K) Class: 9435K(9728K)->9435K(9728K)
[5.488s][info ][gc             ] GC(4) Pause Young (Metadata GC Threshold) 435M->81M(1542M) 51.088ms
[5.488s][info ][gc,cpu         ] GC(4) User=0.18s Sys=0.01s Real=0.05s
[5.488s][debug][gc,phases      ] GC(5) Pre Compact 0.008ms
[5.488s][info ][gc,start       ] GC(5) Pause Full (Metadata GC Threshold)
[5.488s][info ][gc,phases,start] GC(5) Marking Phase
[5.520s][debug][gc,phases      ] GC(5) Par Mark 31.882ms
[5.520s][debug][gc,ref         ] GC(5) ReferenceProcessor::execute queues: 4, RefProcThreadModel::Multi, marks_oops_alive: false
[5.520s][debug][gc,ref         ] GC(5) ReferenceProcessor::execute queues: 4, RefProcThreadModel::Multi, marks_oops_alive: true
[5.520s][debug][gc,ref         ] GC(5) ReferenceProcessor::execute queues: 1, RefProcThreadModel::Single, marks_oops_alive: false
[5.520s][debug][gc,phases      ] GC(5) Reference Processing 0.405ms
[5.520s][debug][gc,phases      ] GC(5)   VM Weak                        Min:  0.0, Avg:  0.0, Max:  0.0, Diff:  0.0, Sum:  0.0, Workers: 4
[5.520s][debug][gc,phases      ] GC(5)     Dead                           Min: 0, Avg:  0.0, Max: 0, Diff: 0, Sum: 0, Workers: 4
[5.520s][debug][gc,phases      ] GC(5)     Total                          Min: 0, Avg: 115.8, Max: 192, Diff: 192, Sum: 463, Workers: 4
[5.520s][debug][gc,phases      ] GC(5)   ObjectSynchronizer Weak        Min:  0.0, Avg:  0.0, Max:  0.0, Diff:  0.0, Sum:  0.0, Workers: 4
[5.520s][debug][gc,phases      ] GC(5)     Dead                           Min: 0, Avg:  0.0, Max: 0, Diff: 0, Sum: 0, Workers: 4
[5.520s][debug][gc,phases      ] GC(5)     Total                          Min: 0, Avg:  3.0, Max: 12, Diff: 12, Sum: 12, Workers: 4
[5.520s][debug][gc,phases      ] GC(5)   JVMTI Tag Weak OopStorage      Min:  0.0, Avg:  0.0, Max:  0.0, Diff:  0.0, Sum:  0.0, Workers: 4
[5.520s][debug][gc,phases      ] GC(5)     Dead                           Min: 0, Avg:  0.0, Max: 0, Diff: 0, Sum: 0, Workers: 4
[5.520s][debug][gc,phases      ] GC(5)     Total                          Min: 0, Avg:  0.0, Max: 0, Diff: 0, Sum: 0, Workers: 4
[5.520s][debug][gc,phases      ] GC(5)   StringTable Weak               Min:  0.1, Avg:  0.1, Max:  0.1, Diff:  0.0, Sum:  0.3, Workers: 4
[5.520s][debug][gc,phases      ] GC(5)     Dead                           Min: 0, Avg:  0.0, Max: 0, Diff: 0, Sum: 0, Workers: 4
[5.520s][debug][gc,phases      ] GC(5)     Total                          Min: 6683, Avg: 6950.8, Max: 7424, Diff: 741, Sum: 27803, Workers: 4
[5.520s][debug][gc,phases      ] GC(5)   ResolvedMethodTable Weak       Min:  0.0, Avg:  0.0, Max:  0.0, Diff:  0.0, Sum:  0.1, Workers: 4
[5.520s][debug][gc,phases      ] GC(5)     Dead                           Min: 0, Avg:  0.0, Max: 0, Diff: 0, Sum: 0, Workers: 4
[5.520s][debug][gc,phases      ] GC(5)     Total                          Min: 2816, Avg: 2862.5, Max: 2944, Diff: 128, Sum: 11450, Workers: 4
[5.520s][debug][gc,phases      ] GC(5)   JNI Weak                       Min:  0.0, Avg:  0.0, Max:  0.0, Diff:  0.0, Sum:  0.0, Workers: 4
[5.520s][debug][gc,phases      ] GC(5)     Dead                           Min: 0, Avg:  0.0, Max: 0, Diff: 0, Sum: 0, Workers: 4
[5.520s][debug][gc,phases      ] GC(5)     Total                          Min: 0, Avg: 12.0, Max: 48, Diff: 48, Sum: 48, Workers: 4
[5.520s][debug][gc,phases      ] GC(5)   StringDedup Table Weak         Min:  0.0, Avg:  0.0, Max:  0.0, Diff:  0.0, Sum:  0.0, Workers: 4
[5.520s][debug][gc,phases      ] GC(5)     Dead                           Min: 0, Avg:  0.0, Max: 0, Diff: 0, Sum: 0, Workers: 4
[5.520s][debug][gc,phases      ] GC(5)     Total                          Min: 0, Avg:  0.0, Max: 0, Diff: 0, Sum: 0, Workers: 4
[5.520s][debug][gc,phases      ] GC(5)   StringDedup Requests0 Weak     Min:  0.0, Avg:  0.0, Max:  0.0, Diff:  0.0, Sum:  0.0, Workers: 4
[5.520s][debug][gc,phases      ] GC(5)     Dead                           Min: 0, Avg:  0.0, Max: 0, Diff: 0, Sum: 0, Workers: 4
[5.520s][debug][gc,phases      ] GC(5)     Total                          Min: 0, Avg:  0.0, Max: 0, Diff: 0, Sum: 0, Workers: 4
[5.520s][debug][gc,phases      ] GC(5)   StringDedup Requests1 Weak     Min:  0.0, Avg:  0.0, Max:  0.0, Diff:  0.0, Sum:  0.0, Workers: 4
[5.520s][debug][gc,phases      ] GC(5)     Dead                           Min: 0, Avg:  0.0, Max: 0, Diff: 0, Sum: 0, Workers: 4
[5.520s][debug][gc,phases      ] GC(5)     Total                          Min: 0, Avg:  0.0, Max: 0, Diff: 0, Sum: 0, Workers: 4
[5.520s][debug][gc,phases      ] GC(5)   Weak JFR Old Object Samples    Min:  0.0, Avg:  0.0, Max:  0.0, Diff:  0.0, Sum:  0.0, Workers: 4
[5.520s][debug][gc,phases      ] GC(5)     Dead                           Min: 0, Avg:  0.0, Max: 0, Diff: 0, Sum: 0, Workers: 4
[5.520s][debug][gc,phases      ] GC(5)     Total                          Min: 0, Avg:  0.0, Max: 0, Diff: 0, Sum: 0, Workers: 4
[5.520s][debug][gc,phases      ] GC(5) Weak Processing 0.278ms
[5.520s][debug][gc,phases      ] GC(5) ClassLoaderData 0.056ms
[5.520s][debug][gc,phases      ] GC(5) Trigger cleanups 0.000ms
[5.529s][debug][gc,phases      ] GC(5) Purge Unlinked NMethods 0.196ms
[5.529s][debug][gc,phases      ] GC(5) Unregister NMethods 0.053ms
[5.529s][debug][gc,phases      ] GC(5) Free Code Blobs 0.041ms
[5.529s][debug][gc,phases      ] GC(5) Class Unloading 8.638ms
[5.529s][debug][gc,phases      ] GC(5) Report Object Count 0.001ms
[5.529s][info ][gc,phases      ] GC(5) Marking Phase 41.250ms
[5.529s][info ][gc,phases,start] GC(5) Summary Phase
[5.529s][info ][gc,phases      ] GC(5) Summary Phase 0.005ms
[5.529s][info ][gc,phases,start] GC(5) Adjust Roots
[5.536s][info ][gc,phases      ] GC(5) Adjust Roots 6.845ms
[5.536s][info ][gc,phases,start] GC(5) Compaction Phase
[5.836s][info ][gc,phases      ] GC(5) Compaction Phase 300.211ms
[5.836s][info ][gc,phases,start] GC(5) Post Compact
[5.837s][debug][gc,phases      ] GC(5) Purge Class Loader Data 0.282ms
[5.838s][info ][gc,phases      ] GC(5) Post Compact 1.747ms
[5.838s][info ][gc,heap        ] GC(5) PSYoungGen: 77182K(1572864K)->77012K(1572864K) Eden: 0K(1048576K)->0K(1048576K) From: 77182K(524288K)->77012K(524288K)
[5.838s][info ][gc,heap        ] GC(5) ParOldGen: 6076K(6144K)->6038K(6144K)
[5.838s][info ][gc,metaspace   ] GC(5) Metaspace: 59137K(59776K)->59137K(59776K) NonClass: 49701K(50048K)->49701K(50048K) Class: 9435K(9728K)->9435K(9728K)
[5.838s][info ][gc             ] GC(5) Pause Full (Metadata GC Threshold) 81M->81M(1542M) 350.146ms
[5.838s][info ][gc,cpu         ] GC(5) User=0.74s Sys=0.01s Real=0.35s
[5.838s][info ][safepoint      ] Safepoint "CollectForMetadataAllocation", Time since last: 198559728 ns, Reaching safepoint: 4000 ns, Cleanup: 41700 ns, At safepoint: 401355393 ns, Total: 401401093 ns
[6.216s][info ][safepoint      ] Safepoint "ICBufferFull", Time since last: 378035389 ns, Reaching safepoint: 143801 ns, Cleanup: 140902 ns, At safepoint: 7600 ns, Total: 292303 ns
[6.376s][info ][safepoint      ] Safepoint "ICBufferFull", Time since last: 159054484 ns, Reaching safepoint: 3900 ns, Cleanup: 117701 ns, At safepoint: 12500 ns, Total: 134101 ns
[6.430s][info ][safepoint      ] Safepoint "ICBufferFull", Time since last: 54555975 ns, Reaching safepoint: 79000 ns, Cleanup: 113601 ns, At safepoint: 7600 ns, Total: 200201 ns
[6.520s][info ][safepoint      ] Safepoint "ICBufferFull", Time since last: 89716281 ns, Reaching safepoint: 4200 ns, Cleanup: 141301 ns, At safepoint: 8500 ns, Total: 154001 ns
[6.729s][info ][safepoint      ] Safepoint "ICBufferFull", Time since last: 208368414 ns, Reaching safepoint: 5000 ns, Cleanup: 147901 ns, At safepoint: 3700 ns, Total: 156601 ns
[7.061s][info ][safepoint      ] Safepoint "ICBufferFull", Time since last: 332210991 ns, Reaching safepoint: 4800 ns, Cleanup: 150101 ns, At safepoint: 2100 ns, Total: 157001 ns
[7.310s][info ][safepoint      ] Safepoint "ICBufferFull", Time since last: 248540263 ns, Reaching safepoint: 4200 ns, Cleanup: 167201 ns, At safepoint: 10400 ns, Total: 181801 ns
[7.791s][info ][safepoint      ] Safepoint "ICBufferFull", Time since last: 480853384 ns, Reaching safepoint: 344003 ns, Cleanup: 170302 ns, At safepoint: 11600 ns, Total: 525905 ns
[8.187s][info ][safepoint      ] Safepoint "ICBufferFull", Time since last: 395388941 ns, Reaching safepoint: 65100 ns, Cleanup: 170802 ns, At safepoint: 2900 ns, Total: 238802 ns
[8.787s][info ][safepoint      ] Safepoint "ICBufferFull", Time since last: 599741818 ns, Reaching safepoint: 4600 ns, Cleanup: 157202 ns, At safepoint: 12800 ns, Total: 174602 ns
[9.084s][info ][safepoint      ] Safepoint "ICBufferFull", Time since last: 297528788 ns, Reaching safepoint: 3800 ns, Cleanup: 116201 ns, At safepoint: 2100 ns, Total: 122101 ns
[9.427s][info ][safepoint      ] Safepoint "ICBufferFull", Time since last: 342001874 ns, Reaching safepoint: 83001 ns, Cleanup: 142401 ns, At safepoint: 21501 ns, Total: 246903 ns
[10.427s][info ][safepoint      ] Safepoint "Cleanup", Time since last: 1000117998 ns, Reaching safepoint: 79001 ns, Cleanup: 29100 ns, At safepoint: 10000 ns, Total: 118101 ns
[11.427s][info ][safepoint      ] Safepoint "Cleanup", Time since last: 1000114499 ns, Reaching safepoint: 78501 ns, Cleanup: 10600 ns, At safepoint: 11900 ns, Total: 101001 ns
[12.509s][info ][safepoint      ] Safepoint "ICBufferFull", Time since last: 1082158912 ns, Reaching safepoint: 82401 ns, Cleanup: 136901 ns, At safepoint: 27500 ns, Total: 246802 ns
[12.750s][info ][safepoint      ] Safepoint "ICBufferFull", Time since last: 239869586 ns, Reaching safepoint: 5701 ns, Cleanup: 438403 ns, At safepoint: 3200 ns, Total: 447304 ns
[12.932s][info ][safepoint      ] Safepoint "ICBufferFull", Time since last: 181709281 ns, Reaching safepoint: 81201 ns, Cleanup: 122901 ns, At safepoint: 2900 ns, Total: 207002 ns
[12.932s][info ][safepoint      ] Safepoint "ICBufferFull", Time since last: 77600 ns, Reaching safepoint: 76501 ns, Cleanup: 3100 ns, At safepoint: 7400 ns, Total: 87001 ns
[13.932s][info ][safepoint      ] Safepoint "Cleanup", Time since last: 1000097499 ns, Reaching safepoint: 5700 ns, Cleanup: 77100 ns, At safepoint: 2200 ns, Total: 85000 ns
[14.932s][info ][safepoint      ] Safepoint "Cleanup", Time since last: 1000100199 ns, Reaching safepoint: 5400 ns, Cleanup: 26600 ns, At safepoint: 2300 ns, Total: 34300 ns
[16.082s][info ][safepoint      ] Safepoint "Cleanup", Time since last: 1149849301 ns, Reaching safepoint: 4800 ns, Cleanup: 109601 ns, At safepoint: 9600 ns, Total: 124001 ns
[16.214s][info ][safepoint      ] Safepoint "ICBufferFull", Time since last: 131939548 ns, Reaching safepoint: 4400 ns, Cleanup: 114901 ns, At safepoint: 1500 ns, Total: 120801 ns
[16.313s][info ][safepoint      ] Safepoint "ICBufferFull", Time since last: 98762959 ns, Reaching safepoint: 81501 ns, Cleanup: 105200 ns, At safepoint: 6000 ns, Total: 192701 ns
[16.313s][info ][safepoint      ] Safepoint "ICBufferFull", Time since last: 94901 ns, Reaching safepoint: 76001 ns, Cleanup: 4300 ns, At safepoint: 7300 ns, Total: 87601 ns
[16.390s][info ][safepoint      ] Safepoint "ICBufferFull", Time since last: 76447665 ns, Reaching safepoint: 85501 ns, Cleanup: 122701 ns, At safepoint: 14100 ns, Total: 222302 ns
[16.395s][info ][safepoint      ] Safepoint "ICBufferFull", Time since last: 1774415 ns, Reaching safepoint: 177702 ns, Cleanup: 1800 ns, At safepoint: 3205628 ns, Total: 3385130 ns
[16.545s][info ][safepoint      ] Safepoint "ICBufferFull", Time since last: 149999704 ns, Reaching safepoint: 6001 ns, Cleanup: 156601 ns, At safepoint: 8200 ns, Total: 170802 ns
[16.635s][info ][safepoint      ] Safepoint "ICBufferFull", Time since last: 89252876 ns, Reaching safepoint: 84201 ns, Cleanup: 132601 ns, At safepoint: 12600 ns, Total: 229402 ns
[16.791s][info ][safepoint      ] Safepoint "ICBufferFull", Time since last: 155912356 ns, Reaching safepoint: 5800 ns, Cleanup: 133702 ns, At safepoint: 13900 ns, Total: 153402 ns
[16.938s][info ][safepoint      ] Safepoint "ICBufferFull", Time since last: 146641878 ns, Reaching safepoint: 4700 ns, Cleanup: 134801 ns, At safepoint: 4900 ns, Total: 144401 ns
[17.035s][info ][safepoint      ] Safepoint "ICBufferFull", Time since last: 96908246 ns, Reaching safepoint: 5200 ns, Cleanup: 170801 ns, At safepoint: 2100 ns, Total: 178101 ns
[17.135s][info ][safepoint      ] Safepoint "ICBufferFull", Time since last: 99712070 ns, Reaching safepoint: 5300 ns, Cleanup: 145701 ns, At safepoint: 8100 ns, Total: 159101 ns
[17.273s][info ][safepoint      ] Safepoint "ICBufferFull", Time since last: 138162005 ns, Reaching safepoint: 5700 ns, Cleanup: 136002 ns, At safepoint: 7800 ns, Total: 149502 ns
[17.395s][info ][safepoint      ] Safepoint "ICBufferFull", Time since last: 121335858 ns, Reaching safepoint: 82001 ns, Cleanup: 147901 ns, At safepoint: 7500 ns, Total: 237402 ns
[17.496s][info ][safepoint      ] Safepoint "ICBufferFull", Time since last: 101168782 ns, Reaching safepoint: 44401 ns, Cleanup: 139601 ns, At safepoint: 19600 ns, Total: 203602 ns
[17.668s][info ][safepoint      ] Safepoint "ICBufferFull", Time since last: 172337603 ns, Reaching safepoint: 5500 ns, Cleanup: 122502 ns, At safepoint: 10800 ns, Total: 138802 ns
[17.736s][info ][safepoint      ] Safepoint "ICBufferFull", Time since last: 67075985 ns, Reaching safepoint: 80800 ns, Cleanup: 112801 ns, At safepoint: 10100 ns, Total: 203701 ns
[18.015s][info ][safepoint      ] Safepoint "ICBufferFull", Time since last: 279542339 ns, Reaching safepoint: 5600 ns, Cleanup: 149901 ns, At safepoint: 2000 ns, Total: 157501 ns
[18.422s][info ][gc,start       ] GC(6) Pause Young (Allocation Failure)
[18.490s][debug][gc,phases      ] GC(6) Scavenge 68.066ms
[18.491s][debug][gc,ref         ] GC(6) ReferenceProcessor::execute queues: 4, RefProcThreadModel::Multi, marks_oops_alive: false
[18.492s][debug][gc,ref         ] GC(6) Skipped KeepAliveFinalRefsPhase of Reference Processing: no references
[18.492s][debug][gc,ref         ] GC(6) ReferenceProcessor::execute queues: 4, RefProcThreadModel::Multi, marks_oops_alive: false
[18.492s][debug][gc,phases      ] GC(6) Reference Processing 1.832ms
[18.492s][debug][gc,phases      ] GC(6)   VM Weak                        Min:  0.0, Avg:  0.0, Max:  0.0, Diff:  0.0, Sum:  0.0, Workers: 4
[18.492s][debug][gc,phases      ] GC(6)     Dead                           Min: 0, Avg:  0.0, Max: 0, Diff: 0, Sum: 0, Workers: 4
[18.492s][debug][gc,phases      ] GC(6)     Total                          Min: 0, Avg: 199.8, Max: 384, Diff: 384, Sum: 799, Workers: 4
[18.492s][debug][gc,phases      ] GC(6)   ObjectSynchronizer Weak        Min:  0.0, Avg:  0.0, Max:  0.0, Diff:  0.0, Sum:  0.0, Workers: 4
[18.493s][debug][gc,phases      ] GC(6)     Dead                           Min: 0, Avg:  6.0, Max: 24, Diff: 24, Sum: 24, Workers: 4
[18.493s][debug][gc,phases      ] GC(6)     Total                          Min: 0, Avg: 15.5, Max: 62, Diff: 62, Sum: 62, Workers: 4
[18.493s][debug][gc,phases      ] GC(6)   JVMTI Tag Weak OopStorage      Min:  0.0, Avg:  0.0, Max:  0.0, Diff:  0.0, Sum:  0.0, Workers: 4
[18.493s][debug][gc,phases      ] GC(6)     Dead                           Min: 0, Avg:  0.0, Max: 0, Diff: 0, Sum: 0, Workers: 4
[18.493s][debug][gc,phases      ] GC(6)     Total                          Min: 0, Avg:  0.0, Max: 0, Diff: 0, Sum: 0, Workers: 4
[18.493s][debug][gc,phases      ] GC(6)   StringTable Weak               Min:  0.0, Avg:  0.3, Max:  0.4, Diff:  0.4, Sum:  1.2, Workers: 4
[18.493s][debug][gc,phases      ] GC(6)     Dead                           Min: 0, Avg:  9.2, Max: 17, Diff: 17, Sum: 37, Workers: 4
[18.493s][debug][gc,phases      ] GC(6)     Total                          Min: 0, Avg: 10978.0, Max: 15040, Diff: 15040, Sum: 43912, Workers: 4
[18.493s][debug][gc,phases      ] GC(6)   ResolvedMethodTable Weak       Min:  0.0, Avg:  0.1, Max:  0.2, Diff:  0.2, Sum:  0.5, Workers: 4
[18.493s][debug][gc,phases      ] GC(6)     Dead                           Min: 0, Avg: 1039.0, Max: 1443, Diff: 1443, Sum: 4156, Workers: 4
[18.493s][debug][gc,phases      ] GC(6)     Total                          Min: 0, Avg: 4388.5, Max: 5952, Diff: 5952, Sum: 17554, Workers: 4
[18.493s][debug][gc,phases      ] GC(6)   JNI Weak                       Min:  0.0, Avg:  0.0, Max:  0.0, Diff:  0.0, Sum:  0.0, Workers: 4
[18.493s][debug][gc,phases      ] GC(6)     Dead                           Min: 0, Avg:  0.0, Max: 0, Diff: 0, Sum: 0, Workers: 4
[18.493s][debug][gc,phases      ] GC(6)     Total                          Min: 0, Avg: 17.8, Max: 52, Diff: 52, Sum: 71, Workers: 4
[18.493s][debug][gc,phases      ] GC(6)   StringDedup Table Weak         Min:  0.0, Avg:  0.0, Max:  0.0, Diff:  0.0, Sum:  0.0, Workers: 4
[18.493s][debug][gc,phases      ] GC(6)     Dead                           Min: 0, Avg:  0.0, Max: 0, Diff: 0, Sum: 0, Workers: 4
[18.493s][debug][gc,phases      ] GC(6)     Total                          Min: 0, Avg:  0.0, Max: 0, Diff: 0, Sum: 0, Workers: 4
[18.493s][debug][gc,phases      ] GC(6)   StringDedup Requests0 Weak     Min:  0.0, Avg:  0.0, Max:  0.0, Diff:  0.0, Sum:  0.0, Workers: 4
[18.493s][debug][gc,phases      ] GC(6)     Dead                           Min: 0, Avg:  0.0, Max: 0, Diff: 0, Sum: 0, Workers: 4
[18.493s][debug][gc,phases      ] GC(6)     Total                          Min: 0, Avg:  0.0, Max: 0, Diff: 0, Sum: 0, Workers: 4
[18.493s][debug][gc,phases      ] GC(6)   StringDedup Requests1 Weak     Min:  0.0, Avg:  0.0, Max:  0.0, Diff:  0.0, Sum:  0.0, Workers: 4
[18.493s][debug][gc,phases      ] GC(6)     Dead                           Min: 0, Avg:  0.0, Max: 0, Diff: 0, Sum: 0, Workers: 4
[18.493s][debug][gc,phases      ] GC(6)     Total                          Min: 0, Avg:  0.0, Max: 0, Diff: 0, Sum: 0, Workers: 4
[18.493s][debug][gc,phases      ] GC(6)   Weak JFR Old Object Samples    Min:  0.0, Avg:  0.0, Max:  0.0, Diff:  0.0, Sum:  0.0, Workers: 4
[18.493s][debug][gc,phases      ] GC(6)     Dead                           Min: 0, Avg:  0.0, Max: 0, Diff: 0, Sum: 0, Workers: 4
[18.493s][debug][gc,phases      ] GC(6)     Total                          Min: 0, Avg:  0.0, Max: 0, Diff: 0, Sum: 0, Workers: 4
[18.493s][debug][gc,phases      ] GC(6) Weak Processing 0.793ms
[18.493s][debug][gc,age         ] GC(6) Desired survivor size 536870912 bytes, new threshold 7 (max threshold 15)
[18.493s][info ][gc,heap        ] GC(6) PSYoungGen: 1125588K(1572864K)->141091K(1572864K) Eden: 1048576K(1048576K)->0K(1048576K) From: 77012K(524288K)->141091K(524288K)
[18.493s][info ][gc,heap        ] GC(6) ParOldGen: 6038K(6144K)->6126K(6144K)
[18.493s][info ][gc,metaspace   ] GC(6) Metaspace: 98545K(99648K)->98545K(99648K) NonClass: 83270K(83904K)->83270K(83904K) Class: 15275K(15744K)->15275K(15744K)
[18.493s][info ][gc             ] GC(6) Pause Young (Allocation Failure) 1105M->143M(1542M) 70.834ms
[18.493s][info ][gc,cpu         ] GC(6) User=0.23s Sys=0.03s Real=0.07s
[18.493s][info ][safepoint      ] Safepoint "ParallelGCFailedAllocation", Time since last: 406381045 ns, Reaching safepoint: 6500 ns, Cleanup: 126401 ns, At safepoint: 70918218 ns, Total: 71051119 ns
[18.817s][info ][gc,start       ] GC(7) Pause Young (Metadata GC Threshold)
[19.411s][debug][gc,phases      ] GC(7) Scavenge 73.902ms
[19.412s][debug][gc,ref         ] GC(7) ReferenceProcessor::execute queues: 4, RefProcThreadModel::Multi, marks_oops_alive: false
[19.412s][debug][gc,ref         ] GC(7) ReferenceProcessor::execute queues: 4, RefProcThreadModel::Multi, marks_oops_alive: true
[19.412s][debug][gc,ref         ] GC(7) ReferenceProcessor::execute queues: 1, RefProcThreadModel::Single, marks_oops_alive: false
[19.412s][debug][gc,phases      ] GC(7) Reference Processing 0.885ms
[19.413s][debug][gc,phases      ] GC(7)   VM Weak                        Min:  0.0, Avg:  0.0, Max:  0.0, Diff:  0.0, Sum:  0.0, Workers: 4
[19.413s][debug][gc,phases      ] GC(7)     Dead                           Min: 0, Avg:  0.0, Max: 0, Diff: 0, Sum: 0, Workers: 4
[19.413s][debug][gc,phases      ] GC(7)     Total                          Min: 31, Avg: 199.8, Max: 512, Diff: 481, Sum: 799, Workers: 4
[19.413s][debug][gc,phases      ] GC(7)   ObjectSynchronizer Weak        Min:  0.0, Avg:  0.0, Max:  0.0, Diff:  0.0, Sum:  0.0, Workers: 4
[19.413s][debug][gc,phases      ] GC(7)     Dead                           Min: 0, Avg:  0.0, Max: 0, Diff: 0, Sum: 0, Workers: 4
[19.413s][debug][gc,phases      ] GC(7)     Total                          Min: 0, Avg: 15.5, Max: 62, Diff: 62, Sum: 62, Workers: 4
[19.413s][debug][gc,phases      ] GC(7)   JVMTI Tag Weak OopStorage      Min:  0.0, Avg:  0.0, Max:  0.0, Diff:  0.0, Sum:  0.0, Workers: 4
[19.413s][debug][gc,phases      ] GC(7)     Dead                           Min: 0, Avg:  0.0, Max: 0, Diff: 0, Sum: 0, Workers: 4
[19.413s][debug][gc,phases      ] GC(7)     Total                          Min: 0, Avg:  0.0, Max: 0, Diff: 0, Sum: 0, Workers: 4
[19.413s][debug][gc,phases      ] GC(7)   StringTable Weak               Min:  0.4, Avg:  0.4, Max:  0.4, Diff:  0.0, Sum:  1.5, Workers: 4
[19.413s][debug][gc,phases      ] GC(7)     Dead                           Min: 0, Avg:  0.0, Max: 0, Diff: 0, Sum: 0, Workers: 4
[19.413s][debug][gc,phases      ] GC(7)     Total                          Min: 10284, Avg: 10987.0, Max: 11584, Diff: 1300, Sum: 43948, Workers: 4
[19.413s][debug][gc,phases      ] GC(7)   ResolvedMethodTable Weak       Min:  0.1, Avg:  0.1, Max:  0.1, Diff:  0.0, Sum:  0.5, Workers: 4
[19.413s][debug][gc,phases      ] GC(7)     Dead                           Min: 0, Avg:  0.0, Max: 0, Diff: 0, Sum: 0, Workers: 4
[19.413s][debug][gc,phases      ] GC(7)     Total                          Min: 3225, Avg: 3349.5, Max: 3451, Diff: 226, Sum: 13398, Workers: 4
[19.413s][debug][gc,phases      ] GC(7)   JNI Weak                       Min:  0.0, Avg:  0.0, Max:  0.0, Diff:  0.0, Sum:  0.0, Workers: 4
[19.413s][debug][gc,phases      ] GC(7)     Dead                           Min: 0, Avg:  0.0, Max: 0, Diff: 0, Sum: 0, Workers: 4
[19.413s][debug][gc,phases      ] GC(7)     Total                          Min: 0, Avg: 16.5, Max: 53, Diff: 53, Sum: 66, Workers: 4
[19.413s][debug][gc,phases      ] GC(7)   StringDedup Table Weak         Min:  0.0, Avg:  0.0, Max:  0.0, Diff:  0.0, Sum:  0.0, Workers: 4
[19.413s][debug][gc,phases      ] GC(7)     Dead                           Min: 0, Avg:  0.0, Max: 0, Diff: 0, Sum: 0, Workers: 4
[19.413s][debug][gc,phases      ] GC(7)     Total                          Min: 0, Avg:  0.0, Max: 0, Diff: 0, Sum: 0, Workers: 4
[19.413s][debug][gc,phases      ] GC(7)   StringDedup Requests0 Weak     Min:  0.0, Avg:  0.0, Max:  0.0, Diff:  0.0, Sum:  0.0, Workers: 4
[19.413s][debug][gc,phases      ] GC(7)     Dead                           Min: 0, Avg:  0.0, Max: 0, Diff: 0, Sum: 0, Workers: 4
[19.413s][debug][gc,phases      ] GC(7)     Total                          Min: 0, Avg:  0.0, Max: 0, Diff: 0, Sum: 0, Workers: 4
[19.413s][debug][gc,phases      ] GC(7)   StringDedup Requests1 Weak     Min:  0.0, Avg:  0.0, Max:  0.0, Diff:  0.0, Sum:  0.0, Workers: 4
[19.413s][debug][gc,phases      ] GC(7)     Dead                           Min: 0, Avg:  0.0, Max: 0, Diff: 0, Sum: 0, Workers: 4
[19.413s][debug][gc,phases      ] GC(7)     Total                          Min: 0, Avg:  0.0, Max: 0, Diff: 0, Sum: 0, Workers: 4
[19.413s][debug][gc,phases      ] GC(7)   Weak JFR Old Object Samples    Min:  0.0, Avg:  0.0, Max:  0.0, Diff:  0.0, Sum:  0.0, Workers: 4
[19.413s][debug][gc,phases      ] GC(7)     Dead                           Min: 0, Avg:  0.0, Max: 0, Diff: 0, Sum: 0, Workers: 4
[19.413s][debug][gc,phases      ] GC(7)     Total                          Min: 0, Avg:  0.0, Max: 0, Diff: 0, Sum: 0, Workers: 4
[19.413s][debug][gc,phases      ] GC(7) Weak Processing 0.685ms
[19.413s][debug][gc,age         ] GC(7) Desired survivor size 180879360 bytes, new threshold 6 (max threshold 15)
[19.413s][info ][gc,heap        ] GC(7) PSYoungGen: 194720K(1572864K)->141130K(1572864K) Eden: 53629K(1048576K)->0K(1048576K) From: 141091K(524288K)->141130K(524288K)
[19.413s][info ][gc,heap        ] GC(7) ParOldGen: 6126K(6144K)->6134K(6144K)
[19.413s][info ][gc,metaspace   ] GC(7) Metaspace: 98611K(99648K)->98611K(99648K) NonClass: 83336K(83904K)->83336K(83904K) Class: 15275K(15744K)->15275K(15744K)
[19.413s][info ][gc             ] GC(7) Pause Young (Metadata GC Threshold) 196M->143M(1542M) 596.140ms
[19.413s][info ][gc,cpu         ] GC(7) User=0.19s Sys=0.02s Real=0.60s
[19.413s][debug][gc,phases      ] GC(8) Pre Compact 0.010ms
[19.413s][info ][gc,start       ] GC(8) Pause Full (Metadata GC Threshold)
[19.413s][info ][gc,phases,start] GC(8) Marking Phase
[19.462s][debug][gc,phases      ] GC(8) Par Mark 48.648ms
[19.462s][debug][gc,ref         ] GC(8) ReferenceProcessor::execute queues: 4, RefProcThreadModel::Multi, marks_oops_alive: false
[19.462s][debug][gc,ref         ] GC(8) Skipped KeepAliveFinalRefsPhase of Reference Processing: no references
[19.462s][debug][gc,ref         ] GC(8) ReferenceProcessor::execute queues: 1, RefProcThreadModel::Single, marks_oops_alive: false
[19.462s][debug][gc,phases      ] GC(8) Reference Processing 0.382ms
[19.462s][debug][gc,phases      ] GC(8)   VM Weak                        Min:  0.0, Avg:  0.0, Max:  0.0, Diff:  0.0, Sum:  0.0, Workers: 4
[19.462s][debug][gc,phases      ] GC(8)     Dead                           Min: 0, Avg:  0.2, Max: 1, Diff: 1, Sum: 1, Workers: 4
[19.462s][debug][gc,phases      ] GC(8)     Total                          Min: 0, Avg: 199.8, Max: 384, Diff: 384, Sum: 799, Workers: 4
[19.462s][debug][gc,phases      ] GC(8)   ObjectSynchronizer Weak        Min:  0.0, Avg:  0.0, Max:  0.0, Diff:  0.0, Sum:  0.0, Workers: 4
[19.462s][debug][gc,phases      ] GC(8)     Dead                           Min: 0, Avg:  0.0, Max: 0, Diff: 0, Sum: 0, Workers: 4
[19.462s][debug][gc,phases      ] GC(8)     Total                          Min: 0, Avg: 15.5, Max: 62, Diff: 62, Sum: 62, Workers: 4
[19.462s][debug][gc,phases      ] GC(8)   JVMTI Tag Weak OopStorage      Min:  0.0, Avg:  0.0, Max:  0.0, Diff:  0.0, Sum:  0.0, Workers: 4
[19.462s][debug][gc,phases      ] GC(8)     Dead                           Min: 0, Avg:  0.0, Max: 0, Diff: 0, Sum: 0, Workers: 4
[19.462s][debug][gc,phases      ] GC(8)     Total                          Min: 0, Avg:  0.0, Max: 0, Diff: 0, Sum: 0, Workers: 4
[19.462s][debug][gc,phases      ] GC(8)   StringTable Weak               Min:  0.1, Avg:  0.1, Max:  0.1, Diff:  0.0, Sum:  0.5, Workers: 4
[19.462s][debug][gc,phases      ] GC(8)     Dead                           Min: 0, Avg:  0.0, Max: 0, Diff: 0, Sum: 0, Workers: 4
[19.462s][debug][gc,phases      ] GC(8)     Total                          Min: 10348, Avg: 10987.0, Max: 11520, Diff: 1172, Sum: 43948, Workers: 4
[19.462s][debug][gc,phases      ] GC(8)   ResolvedMethodTable Weak       Min:  0.0, Avg:  0.0, Max:  0.0, Diff:  0.0, Sum:  0.2, Workers: 4
[19.462s][debug][gc,phases      ] GC(8)     Dead                           Min: 0, Avg:  0.0, Max: 0, Diff: 0, Sum: 0, Workers: 4
[19.462s][debug][gc,phases      ] GC(8)     Total                          Min: 3234, Avg: 3349.5, Max: 3504, Diff: 270, Sum: 13398, Workers: 4
[19.462s][debug][gc,phases      ] GC(8)   JNI Weak                       Min:  0.0, Avg:  0.0, Max:  0.0, Diff:  0.0, Sum:  0.0, Workers: 4
[19.462s][debug][gc,phases      ] GC(8)     Dead                           Min: 0, Avg:  0.0, Max: 0, Diff: 0, Sum: 0, Workers: 4
[19.462s][debug][gc,phases      ] GC(8)     Total                          Min: 0, Avg: 16.5, Max: 53, Diff: 53, Sum: 66, Workers: 4
[19.462s][debug][gc,phases      ] GC(8)   StringDedup Table Weak         Min:  0.0, Avg:  0.0, Max:  0.0, Diff:  0.0, Sum:  0.0, Workers: 4
[19.462s][debug][gc,phases      ] GC(8)     Dead                           Min: 0, Avg:  0.0, Max: 0, Diff: 0, Sum: 0, Workers: 4
[19.462s][debug][gc,phases      ] GC(8)     Total                          Min: 0, Avg:  0.0, Max: 0, Diff: 0, Sum: 0, Workers: 4
[19.462s][debug][gc,phases      ] GC(8)   StringDedup Requests0 Weak     Min:  0.0, Avg:  0.0, Max:  0.0, Diff:  0.0, Sum:  0.0, Workers: 4
[19.462s][debug][gc,phases      ] GC(8)     Dead                           Min: 0, Avg:  0.0, Max: 0, Diff: 0, Sum: 0, Workers: 4
[19.462s][debug][gc,phases      ] GC(8)     Total                          Min: 0, Avg:  0.0, Max: 0, Diff: 0, Sum: 0, Workers: 4
[19.462s][debug][gc,phases      ] GC(8)   StringDedup Requests1 Weak     Min:  0.0, Avg:  0.0, Max:  0.0, Diff:  0.0, Sum:  0.0, Workers: 4
[19.462s][debug][gc,phases      ] GC(8)     Dead                           Min: 0, Avg:  0.0, Max: 0, Diff: 0, Sum: 0, Workers: 4
[19.462s][debug][gc,phases      ] GC(8)     Total                          Min: 0, Avg:  0.0, Max: 0, Diff: 0, Sum: 0, Workers: 4
[19.462s][debug][gc,phases      ] GC(8)   Weak JFR Old Object Samples    Min:  0.0, Avg:  0.0, Max:  0.0, Diff:  0.0, Sum:  0.0, Workers: 4
[19.462s][debug][gc,phases      ] GC(8)     Dead                           Min: 0, Avg:  0.0, Max: 0, Diff: 0, Sum: 0, Workers: 4
[19.462s][debug][gc,phases      ] GC(8)     Total                          Min: 0, Avg:  0.0, Max: 0, Diff: 0, Sum: 0, Workers: 4
[19.462s][debug][gc,phases      ] GC(8) Weak Processing 0.344ms
[19.463s][debug][gc,phases      ] GC(8) ClassLoaderData 0.177ms
[19.463s][debug][gc,phases      ] GC(8) Trigger cleanups 0.007ms
[19.489s][debug][gc,phases      ] GC(8) Purge Unlinked NMethods 0.310ms
[19.489s][debug][gc,phases      ] GC(8) Unregister NMethods 0.393ms
[19.489s][debug][gc,phases      ] GC(8) Free Code Blobs 0.058ms
[19.497s][debug][gc,phases      ] GC(8) Class Unloading 34.780ms
[19.497s][debug][gc,phases      ] GC(8) Report Object Count 0.001ms
[19.497s][info ][gc,phases      ] GC(8) Marking Phase 84.242ms
[19.497s][info ][gc,phases,start] GC(8) Summary Phase
[19.497s][info ][gc,phases      ] GC(8) Summary Phase 0.007ms
[19.497s][info ][gc,phases,start] GC(8) Adjust Roots
[19.516s][info ][gc,phases      ] GC(8) Adjust Roots 18.599ms
[19.516s][info ][gc,phases,start] GC(8) Compaction Phase
[20.009s][info ][gc,phases      ] GC(8) Compaction Phase 492.660ms
[20.009s][info ][gc,phases,start] GC(8) Post Compact
[20.010s][debug][gc,phases      ] GC(8) Purge Class Loader Data 1.230ms
[20.014s][info ][gc,phases      ] GC(8) Post Compact 5.918ms
[20.015s][info ][gc,heap        ] GC(8) PSYoungGen: 141130K(1572864K)->140499K(1572864K) Eden: 0K(1048576K)->0K(1048576K) From: 141130K(524288K)->140499K(524288K)
[20.015s][info ][gc,heap        ] GC(8) ParOldGen: 6134K(6144K)->6107K(6144K)
[20.015s][info ][gc,metaspace   ] GC(8) Metaspace: 98611K(99648K)->98609K(99648K) NonClass: 83336K(83904K)->83334K(83904K) Class: 15275K(15744K)->15274K(15744K)
[20.015s][info ][gc             ] GC(8) Pause Full (Metadata GC Threshold) 143M->143M(1542M) 601.534ms
[20.015s][info ][gc,cpu         ] GC(8) User=1.24s Sys=0.02s Real=0.60s
[20.015s][info ][safepoint      ] Safepoint "CollectForMetadataAllocation", Time since last: 323813725 ns, Reaching safepoint: 84100 ns, Cleanup: 125601 ns, At safepoint: 1197813848 ns, Total: 1198023549 ns
[20.257s][info ][safepoint      ] Safepoint "ICBufferFull", Time since last: 241746408 ns, Reaching safepoint: 6101 ns, Cleanup: 193201 ns, At safepoint: 8200 ns, Total: 207502 ns
[20.684s][info ][safepoint      ] Safepoint "ICBufferFull", Time since last: 426821223 ns, Reaching safepoint: 80801 ns, Cleanup: 140501 ns, At safepoint: 5300 ns, Total: 226602 ns
[21.178s][info ][safepoint      ] Safepoint "ICBufferFull", Time since last: 494322512 ns, Reaching safepoint: 6300 ns, Cleanup: 151501 ns, At safepoint: 2400 ns, Total: 160201 ns
[21.736s][info ][safepoint      ] Safepoint "ICBufferFull", Time since last: 558114968 ns, Reaching safepoint: 83601 ns, Cleanup: 146801 ns, At safepoint: 16700 ns, Total: 247102 ns
[22.265s][info ][safepoint      ] Safepoint "ICBufferFull", Time since last: 528775212 ns, Reaching safepoint: 83101 ns, Cleanup: 138101 ns, At safepoint: 20400 ns, Total: 241602 ns
[22.625s][info ][safepoint      ] Safepoint "ICBufferFull", Time since last: 359436535 ns, Reaching safepoint: 85201 ns, Cleanup: 146501 ns, At safepoint: 20501 ns, Total: 252203 ns
[22.881s][info ][safepoint      ] Safepoint "ICBufferFull", Time since last: 255410327 ns, Reaching safepoint: 82501 ns, Cleanup: 118001 ns, At safepoint: 12000 ns, Total: 212502 ns
[23.174s][info ][gc,start       ] GC(9) Pause Young (Allocation Failure)
[23.266s][debug][gc,phases      ] GC(9) Scavenge 92.164ms
[23.267s][debug][gc,ref         ] GC(9) ReferenceProcessor::execute queues: 4, RefProcThreadModel::Multi, marks_oops_alive: false
[23.267s][debug][gc,ref         ] GC(9) ReferenceProcessor::execute queues: 4, RefProcThreadModel::Multi, marks_oops_alive: true
[23.267s][debug][gc,ref         ] GC(9) ReferenceProcessor::execute queues: 1, RefProcThreadModel::Single, marks_oops_alive: false
[23.267s][debug][gc,phases      ] GC(9) Reference Processing 0.920ms
[23.268s][debug][gc,phases      ] GC(9)   VM Weak                        Min:  0.0, Avg:  0.0, Max:  0.0, Diff:  0.0, Sum:  0.0, Workers: 4
[23.268s][debug][gc,phases      ] GC(9)     Dead                           Min: 0, Avg:  0.0, Max: 0, Diff: 0, Sum: 0, Workers: 4
[23.268s][debug][gc,phases      ] GC(9)     Total                          Min: 0, Avg: 205.5, Max: 384, Diff: 384, Sum: 822, Workers: 4
[23.268s][debug][gc,phases      ] GC(9)   ObjectSynchronizer Weak        Min:  0.0, Avg:  0.0, Max:  0.0, Diff:  0.0, Sum:  0.0, Workers: 4
[23.268s][debug][gc,phases      ] GC(9)     Dead                           Min: 0, Avg:  0.2, Max: 1, Diff: 1, Sum: 1, Workers: 4
[23.268s][debug][gc,phases      ] GC(9)     Total                          Min: 0, Avg: 15.5, Max: 62, Diff: 62, Sum: 62, Workers: 4
[23.268s][debug][gc,phases      ] GC(9)   JVMTI Tag Weak OopStorage      Min:  0.0, Avg:  0.0, Max:  0.0, Diff:  0.0, Sum:  0.0, Workers: 4
[23.268s][debug][gc,phases      ] GC(9)     Dead                           Min: 0, Avg:  0.0, Max: 0, Diff: 0, Sum: 0, Workers: 4
[23.268s][debug][gc,phases      ] GC(9)     Total                          Min: 0, Avg:  0.0, Max: 0, Diff: 0, Sum: 0, Workers: 4
[23.268s][debug][gc,phases      ] GC(9)   StringTable Weak               Min:  0.0, Avg:  0.3, Max:  0.4, Diff:  0.4, Sum:  1.2, Workers: 4
[23.268s][debug][gc,phases      ] GC(9)     Dead                           Min: 0, Avg:  1.0, Max: 2, Diff: 2, Sum: 4, Workers: 4
[23.268s][debug][gc,phases      ] GC(9)     Total                          Min: 0, Avg: 11103.8, Max: 15168, Diff: 15168, Sum: 44415, Workers: 4
[23.268s][debug][gc,phases      ] GC(9)   ResolvedMethodTable Weak       Min:  0.0, Avg:  0.1, Max:  0.1, Diff:  0.1, Sum:  0.4, Workers: 4
[23.268s][debug][gc,phases      ] GC(9)     Dead                           Min: 0, Avg: 22.2, Max: 49, Diff: 49, Sum: 89, Workers: 4
[23.268s][debug][gc,phases      ] GC(9)     Total                          Min: 0, Avg: 3425.5, Max: 4685, Diff: 4685, Sum: 13702, Workers: 4
[23.268s][debug][gc,phases      ] GC(9)   JNI Weak                       Min:  0.0, Avg:  0.0, Max:  0.0, Diff:  0.0, Sum:  0.0, Workers: 4
[23.268s][debug][gc,phases      ] GC(9)     Dead                           Min: 0, Avg:  0.0, Max: 0, Diff: 0, Sum: 0, Workers: 4
[23.268s][debug][gc,phases      ] GC(9)     Total                          Min: 0, Avg: 19.8, Max: 52, Diff: 52, Sum: 79, Workers: 4
[23.268s][debug][gc,phases      ] GC(9)   StringDedup Table Weak         Min:  0.0, Avg:  0.0, Max:  0.0, Diff:  0.0, Sum:  0.0, Workers: 4
[23.268s][debug][gc,phases      ] GC(9)     Dead                           Min: 0, Avg:  0.0, Max: 0, Diff: 0, Sum: 0, Workers: 4
[23.268s][debug][gc,phases      ] GC(9)     Total                          Min: 0, Avg:  0.0, Max: 0, Diff: 0, Sum: 0, Workers: 4
[23.268s][debug][gc,phases      ] GC(9)   StringDedup Requests0 Weak     Min:  0.0, Avg:  0.0, Max:  0.0, Diff:  0.0, Sum:  0.0, Workers: 4
[23.268s][debug][gc,phases      ] GC(9)     Dead                           Min: 0, Avg:  0.0, Max: 0, Diff: 0, Sum: 0, Workers: 4
[23.268s][debug][gc,phases      ] GC(9)     Total                          Min: 0, Avg:  0.0, Max: 0, Diff: 0, Sum: 0, Workers: 4
[23.268s][debug][gc,phases      ] GC(9)   StringDedup Requests1 Weak     Min:  0.0, Avg:  0.0, Max:  0.0, Diff:  0.0, Sum:  0.0, Workers: 4
[23.268s][debug][gc,phases      ] GC(9)     Dead                           Min: 0, Avg:  0.0, Max: 0, Diff: 0, Sum: 0, Workers: 4
[23.268s][debug][gc,phases      ] GC(9)     Total                          Min: 0, Avg:  0.0, Max: 0, Diff: 0, Sum: 0, Workers: 4
[23.268s][debug][gc,phases      ] GC(9)   Weak JFR Old Object Samples    Min:  0.0, Avg:  0.0, Max:  0.0, Diff:  0.0, Sum:  0.0, Workers: 4
[23.268s][debug][gc,phases      ] GC(9)     Dead                           Min: 0, Avg:  0.0, Max: 0, Diff: 0, Sum: 0, Workers: 4
[23.268s][debug][gc,phases      ] GC(9)     Total                          Min: 0, Avg:  0.0, Max: 0, Diff: 0, Sum: 0, Workers: 4
[23.268s][debug][gc,phases      ] GC(9) Weak Processing 0.777ms
[23.268s][debug][gc,age         ] GC(9) Desired survivor size 223346688 bytes, new threshold 5 (max threshold 15)
[23.268s][info ][gc,heap        ] GC(9) PSYoungGen: 1189075K(1572864K)->176636K(1837568K) Eden: 1048576K(1048576K)->0K(1660928K) From: 140499K(524288K)->176636K(176640K)
[23.268s][info ][gc,heap        ] GC(9) ParOldGen: 6107K(6144K)->17971K(18432K)
[23.268s][info ][gc,metaspace   ] GC(9) Metaspace: 99812K(100864K)->99812K(100864K) NonClass: 84399K(84992K)->84399K(84992K) Class: 15412K(15872K)->15412K(15872K)
[23.268s][info ][gc             ] GC(9) Pause Young (Allocation Failure) 1167M->190M(1812M) 93.987ms
[23.268s][info ][gc,cpu         ] GC(9) User=0.25s Sys=0.08s Real=0.09s
[23.272s][info ][safepoint      ] Safepoint "ParallelGCFailedAllocation", Time since last: 293233358 ns, Reaching safepoint: 87200 ns, Cleanup: 80701 ns, At safepoint: 97554651 ns, Total: 97722552 ns
[23.600s][info ][safepoint      ] Safepoint "ICBufferFull", Time since last: 327831959 ns, Reaching safepoint: 85001 ns, Cleanup: 162802 ns, At safepoint: 17100 ns, Total: 264903 ns
[24.303s][info ][safepoint      ] Safepoint "ICBufferFull", Time since last: 702689229 ns, Reaching safepoint: 5000 ns, Cleanup: 145001 ns, At safepoint: 1900 ns, Total: 151901 ns
[25.222s][info ][safepoint      ] Safepoint "ICBufferFull", Time since last: 919282009 ns, Reaching safepoint: 6500 ns, Cleanup: 172401 ns, At safepoint: 2100 ns, Total: 181001 ns
[26.065s][info ][safepoint      ] Safepoint "ICBufferFull", Time since last: 842535729 ns, Reaching safepoint: 5400 ns, Cleanup: 196401 ns, At safepoint: 2801 ns, Total: 204602 ns
[27.065s][info ][safepoint      ] Safepoint "Cleanup", Time since last: 1000104799 ns, Reaching safepoint: 79700 ns, Cleanup: 115301 ns, At safepoint: 6900 ns, Total: 201901 ns
[28.072s][info ][safepoint      ] Safepoint "Cleanup", Time since last: 1002565721 ns, Reaching safepoint: 84401 ns, Cleanup: 80700 ns, At safepoint: 3819634 ns, Total: 3984735 ns
[29.072s][info ][safepoint      ] Safepoint "Cleanup", Time since last: 1000116899 ns, Reaching safepoint: 78100 ns, Cleanup: 30501 ns, At safepoint: 5800 ns, Total: 114401 ns
[30.072s][info ][safepoint      ] Safepoint "Cleanup", Time since last: 1000096199 ns, Reaching safepoint: 5400 ns, Cleanup: 24300 ns, At safepoint: 1700 ns, Total: 31400 ns
[31.072s][info ][safepoint      ] Safepoint "Cleanup", Time since last: 1000093899 ns, Reaching safepoint: 79101 ns, Cleanup: 29800 ns, At safepoint: 6400 ns, Total: 115301 ns
[32.073s][info ][safepoint      ] Safepoint "Cleanup", Time since last: 1000096899 ns, Reaching safepoint: 78001 ns, Cleanup: 35800 ns, At safepoint: 5600 ns, Total: 119401 ns
[33.073s][info ][safepoint      ] Safepoint "Cleanup", Time since last: 1000102401 ns, Reaching safepoint: 5400 ns, Cleanup: 25801 ns, At safepoint: 6000 ns, Total: 37201 ns
[34.073s][info ][safepoint      ] Safepoint "Cleanup", Time since last: 1000103207 ns, Reaching safepoint: 80101 ns, Cleanup: 26600 ns, At safepoint: 7000 ns, Total: 113701 ns
[35.073s][info ][safepoint      ] Safepoint "Cleanup", Time since last: 1000109108 ns, Reaching safepoint: 79001 ns, Cleanup: 23800 ns, At safepoint: 5300 ns, Total: 108101 ns
[36.073s][info ][safepoint      ] Safepoint "Cleanup", Time since last: 1000096808 ns, Reaching safepoint: 5600 ns, Cleanup: 66201 ns, At safepoint: 1800 ns, Total: 73601 ns
[37.073s][info ][safepoint      ] Safepoint "Cleanup", Time since last: 1000111808 ns, Reaching safepoint: 6000 ns, Cleanup: 16000 ns, At safepoint: 2100 ns, Total: 24100 ns
[38.074s][info ][safepoint      ] Safepoint "Cleanup", Time since last: 1000100408 ns, Reaching safepoint: 82501 ns, Cleanup: 21600 ns, At safepoint: 10100 ns, Total: 114201 ns
[39.074s][info ][safepoint      ] Safepoint "Cleanup", Time since last: 1000103408 ns, Reaching safepoint: 5800 ns, Cleanup: 43300 ns, At safepoint: 1700 ns, Total: 50800 ns
[40.074s][info ][safepoint      ] Safepoint "Cleanup", Time since last: 1000096708 ns, Reaching safepoint: 6100 ns, Cleanup: 9900 ns, At safepoint: 2600 ns, Total: 18600 ns
[41.074s][info ][safepoint      ] Safepoint "Cleanup", Time since last: 1000108508 ns, Reaching safepoint: 6100 ns, Cleanup: 29900 ns, At safepoint: 3800 ns, Total: 39800 ns
[42.074s][info ][safepoint      ] Safepoint "Cleanup", Time since last: 1000104307 ns, Reaching safepoint: 5400 ns, Cleanup: 16900 ns, At safepoint: 2100 ns, Total: 24400 ns
[43.074s][info ][safepoint      ] Safepoint "Cleanup", Time since last: 1000102007 ns, Reaching safepoint: 6800 ns, Cleanup: 23400 ns, At safepoint: 2100 ns, Total: 32300 ns
[44.074s][info ][safepoint      ] Safepoint "Cleanup", Time since last: 1000105806 ns, Reaching safepoint: 6600 ns, Cleanup: 19401 ns, At safepoint: 1800 ns, Total: 27801 ns
[45.075s][info ][safepoint      ] Safepoint "Cleanup", Time since last: 1000113606 ns, Reaching safepoint: 6000 ns, Cleanup: 19901 ns, At safepoint: 2000 ns, Total: 27901 ns
[46.075s][info ][safepoint      ] Safepoint "Cleanup", Time since last: 1000096506 ns, Reaching safepoint: 4900 ns, Cleanup: 10600 ns, At safepoint: 1600 ns, Total: 17100 ns
[46.720s][info ][gc,start       ] GC(10) Pause Young (Allocation Failure)
[46.807s][debug][gc,phases      ] GC(10) Scavenge 86.107ms
[46.807s][debug][gc,ref         ] GC(10) ReferenceProcessor::execute queues: 4, RefProcThreadModel::Multi, marks_oops_alive: false
[46.807s][debug][gc,ref         ] GC(10) ReferenceProcessor::execute queues: 4, RefProcThreadModel::Multi, marks_oops_alive: true
[46.807s][debug][gc,ref         ] GC(10) ReferenceProcessor::execute queues: 1, RefProcThreadModel::Single, marks_oops_alive: false
[46.807s][debug][gc,phases      ] GC(10) Reference Processing 0.402ms
[46.807s][debug][gc,phases      ] GC(10)   VM Weak                        Min:  0.0, Avg:  0.0, Max:  0.0, Diff:  0.0, Sum:  0.0, Workers: 4
[46.807s][debug][gc,phases      ] GC(10)     Dead                           Min: 0, Avg:  0.0, Max: 0, Diff: 0, Sum: 0, Workers: 4
[46.807s][debug][gc,phases      ] GC(10)     Total                          Min: 0, Avg: 206.5, Max: 576, Diff: 576, Sum: 826, Workers: 4
[46.807s][debug][gc,phases      ] GC(10)   ObjectSynchronizer Weak        Min:  0.0, Avg:  0.0, Max:  0.0, Diff:  0.0, Sum:  0.0, Workers: 4
[46.807s][debug][gc,phases      ] GC(10)     Dead                           Min: 0, Avg:  0.0, Max: 0, Diff: 0, Sum: 0, Workers: 4
[46.807s][debug][gc,phases      ] GC(10)     Total                          Min: 0, Avg: 15.5, Max: 62, Diff: 62, Sum: 62, Workers: 4
[46.807s][debug][gc,phases      ] GC(10)   JVMTI Tag Weak OopStorage      Min:  0.0, Avg:  0.0, Max:  0.0, Diff:  0.0, Sum:  0.0, Workers: 4
[46.807s][debug][gc,phases      ] GC(10)     Dead                           Min: 0, Avg:  0.0, Max: 0, Diff: 0, Sum: 0, Workers: 4
[46.807s][debug][gc,phases      ] GC(10)     Total                          Min: 0, Avg:  0.0, Max: 0, Diff: 0, Sum: 0, Workers: 4
[46.808s][debug][gc,phases      ] GC(10)   StringTable Weak               Min:  0.0, Avg:  0.2, Max:  0.3, Diff:  0.3, Sum:  1.0, Workers: 4
[46.808s][debug][gc,phases      ] GC(10)     Dead                           Min: 0, Avg:  0.8, Max: 2, Diff: 2, Sum: 3, Workers: 4
[46.808s][debug][gc,phases      ] GC(10)     Total                          Min: 0, Avg: 11200.5, Max: 18688, Diff: 18688, Sum: 44802, Workers: 4
[46.808s][debug][gc,phases      ] GC(10)   ResolvedMethodTable Weak       Min:  0.0, Avg:  0.1, Max:  0.1, Diff:  0.1, Sum:  0.3, Workers: 4
[46.808s][debug][gc,phases      ] GC(10)     Dead                           Min: 0, Avg: 15.0, Max: 40, Diff: 40, Sum: 60, Workers: 4
[46.808s][debug][gc,phases      ] GC(10)     Total                          Min: 0, Avg: 3468.0, Max: 5720, Diff: 5720, Sum: 13872, Workers: 4
[46.808s][debug][gc,phases      ] GC(10)   JNI Weak                       Min:  0.0, Avg:  0.0, Max:  0.0, Diff:  0.0, Sum:  0.0, Workers: 4
[46.808s][debug][gc,phases      ] GC(10)     Dead                           Min: 0, Avg:  0.0, Max: 0, Diff: 0, Sum: 0, Workers: 4
[46.808s][debug][gc,phases      ] GC(10)     Total                          Min: 0, Avg: 13.0, Max: 52, Diff: 52, Sum: 52, Workers: 4
[46.808s][debug][gc,phases      ] GC(10)   StringDedup Table Weak         Min:  0.0, Avg:  0.0, Max:  0.0, Diff:  0.0, Sum:  0.0, Workers: 4
[46.808s][debug][gc,phases      ] GC(10)     Dead                           Min: 0, Avg:  0.0, Max: 0, Diff: 0, Sum: 0, Workers: 4
[46.808s][debug][gc,phases      ] GC(10)     Total                          Min: 0, Avg:  0.0, Max: 0, Diff: 0, Sum: 0, Workers: 4
[46.808s][debug][gc,phases      ] GC(10)   StringDedup Requests0 Weak     Min:  0.0, Avg:  0.0, Max:  0.0, Diff:  0.0, Sum:  0.0, Workers: 4
[46.808s][debug][gc,phases      ] GC(10)     Dead                           Min: 0, Avg:  0.0, Max: 0, Diff: 0, Sum: 0, Workers: 4
[46.808s][debug][gc,phases      ] GC(10)     Total                          Min: 0, Avg:  0.0, Max: 0, Diff: 0, Sum: 0, Workers: 4
[46.808s][debug][gc,phases      ] GC(10)   StringDedup Requests1 Weak     Min:  0.0, Avg:  0.0, Max:  0.0, Diff:  0.0, Sum:  0.0, Workers: 4
[46.808s][debug][gc,phases      ] GC(10)     Dead                           Min: 0, Avg:  0.0, Max: 0, Diff: 0, Sum: 0, Workers: 4
[46.808s][debug][gc,phases      ] GC(10)     Total                          Min: 0, Avg:  0.0, Max: 0, Diff: 0, Sum: 0, Workers: 4
[46.808s][debug][gc,phases      ] GC(10)   Weak JFR Old Object Samples    Min:  0.0, Avg:  0.0, Max:  0.0, Diff:  0.0, Sum:  0.0, Workers: 4
[46.808s][debug][gc,phases      ] GC(10)     Dead                           Min: 0, Avg:  0.0, Max: 0, Diff: 0, Sum: 0, Workers: 4
[46.808s][debug][gc,phases      ] GC(10)     Total                          Min: 0, Avg:  0.0, Max: 0, Diff: 0, Sum: 0, Workers: 4
[46.808s][debug][gc,phases      ] GC(10) Weak Processing 0.601ms
[46.808s][debug][gc,age         ] GC(10) Desired survivor size 224395264 bytes, new threshold 4 (max threshold 15)
[46.808s][info ][gc,heap        ] GC(10) PSYoungGen: 1837564K(1837568K)->139421K(1800704K) Eden: 1660928K(1660928K)->0K(1660928K) From: 176636K(176640K)->139421K(139776K)
[46.808s][info ][gc,heap        ] GC(10) ParOldGen: 17971K(18432K)->72288K(72704K)
[46.808s][info ][gc,metaspace   ] GC(10) Metaspace: 100871K(101952K)->100871K(101952K) NonClass: 85395K(86016K)->85395K(86016K) Class: 15476K(15936K)->15476K(15936K)
[46.808s][info ][gc             ] GC(10) Pause Young (Allocation Failure) 1812M->206M(1829M) 87.228ms
[46.808s][info ][gc,cpu         ] GC(10) User=0.27s Sys=0.05s Real=0.08s
[46.808s][info ][safepoint      ] Safepoint "ParallelGCFailedAllocation", Time since last: 645662021 ns, Reaching safepoint: 5700 ns, Cleanup: 14500 ns, At safepoint: 87298260 ns, Total: 87318460 ns
[47.808s][info ][safepoint      ] Safepoint "Cleanup", Time since last: 1000091807 ns, Reaching safepoint: 6300 ns, Cleanup: 36200 ns, At safepoint: 2300 ns, Total: 44800 ns
[48.808s][info ][safepoint      ] Safepoint "Cleanup", Time since last: 1000111407 ns, Reaching safepoint: 6800 ns, Cleanup: 18700 ns, At safepoint: 2100 ns, Total: 27600 ns
[49.808s][info ][safepoint      ] Safepoint "Cleanup", Time since last: 1000104779 ns, Reaching safepoint: 6400 ns, Cleanup: 10500 ns, At safepoint: 2300 ns, Total: 19200 ns
[50.808s][info ][safepoint      ] Safepoint "Cleanup", Time since last: 1000098678 ns, Reaching safepoint: 6300 ns, Cleanup: 12300 ns, At safepoint: 2400 ns, Total: 21000 ns
[51.467s][info ][safepoint      ] Safepoint "ICBufferFull", Time since last: 658347813 ns, Reaching safepoint: 83200 ns, Cleanup: 148602 ns, At safepoint: 7400 ns, Total: 239202 ns
[52.467s][info ][safepoint      ] Safepoint "Cleanup", Time since last: 1000131378 ns, Reaching safepoint: 81000 ns, Cleanup: 92501 ns, At safepoint: 5200 ns, Total: 178701 ns
[53.467s][info ][safepoint      ] Safepoint "Cleanup", Time since last: 1000119678 ns, Reaching safepoint: 80101 ns, Cleanup: 23200 ns, At safepoint: 6700 ns, Total: 110001 ns
[54.468s][info ][safepoint      ] Safepoint "Cleanup", Time since last: 1000112678 ns, Reaching safepoint: 77001 ns, Cleanup: 24300 ns, At safepoint: 6000 ns, Total: 107301 ns
[55.468s][info ][safepoint      ] Safepoint "Cleanup", Time since last: 1000103578 ns, Reaching safepoint: 80401 ns, Cleanup: 25900 ns, At safepoint: 6500 ns, Total: 112801 ns
[56.468s][info ][safepoint      ] Safepoint "Cleanup", Time since last: 1000116378 ns, Reaching safepoint: 79700 ns, Cleanup: 58301 ns, At safepoint: 6100 ns, Total: 144101 ns
[57.468s][info ][safepoint      ] Safepoint "Cleanup", Time since last: 1000107189 ns, Reaching safepoint: 79500 ns, Cleanup: 34000 ns, At safepoint: 6701 ns, Total: 120201 ns
[58.468s][info ][safepoint      ] Safepoint "Cleanup", Time since last: 1000102295 ns, Reaching safepoint: 78001 ns, Cleanup: 58500 ns, At safepoint: 6400 ns, Total: 142901 ns
[59.469s][info ][safepoint      ] Safepoint "Cleanup", Time since last: 1000114896 ns, Reaching safepoint: 83501 ns, Cleanup: 47700 ns, At safepoint: 10900 ns, Total: 142101 ns
[61.051s][info ][safepoint      ] Safepoint "Cleanup", Time since last: 1582423359 ns, Reaching safepoint: 7300 ns, Cleanup: 91601 ns, At safepoint: 2900 ns, Total: 101801 ns
[62.051s][info ][safepoint      ] Safepoint "Cleanup", Time since last: 1000109796 ns, Reaching safepoint: 5800 ns, Cleanup: 6300 ns, At safepoint: 2200 ns, Total: 14300 ns
[63.052s][info ][safepoint      ] Safepoint "Cleanup", Time since last: 1000103395 ns, Reaching safepoint: 5600 ns, Cleanup: 80601 ns, At safepoint: 2900 ns, Total: 89101 ns
[64.052s][info ][safepoint      ] Safepoint "Cleanup", Time since last: 1000107196 ns, Reaching safepoint: 5500 ns, Cleanup: 45300 ns, At safepoint: 2000 ns, Total: 52800 ns
[65.052s][info ][safepoint      ] Safepoint "Cleanup", Time since last: 1000102396 ns, Reaching safepoint: 5700 ns, Cleanup: 22301 ns, At safepoint: 2500 ns, Total: 30501 ns
[66.052s][info ][safepoint      ] Safepoint "Cleanup", Time since last: 1000105899 ns, Reaching safepoint: 5700 ns, Cleanup: 65700 ns, At safepoint: 2300 ns, Total: 73700 ns
[67.052s][info ][safepoint      ] Safepoint "Cleanup", Time since last: 1000100299 ns, Reaching safepoint: 5300 ns, Cleanup: 42101 ns, At safepoint: 1700 ns, Total: 49101 ns
[68.052s][info ][safepoint      ] Safepoint "Cleanup", Time since last: 1000099299 ns, Reaching safepoint: 5900 ns, Cleanup: 54900 ns, At safepoint: 2700 ns, Total: 63500 ns
[69.052s][info ][safepoint      ] Safepoint "Cleanup", Time since last: 1000100199 ns, Reaching safepoint: 5600 ns, Cleanup: 18700 ns, At safepoint: 1700 ns, Total: 26000 ns
[70.053s][info ][safepoint      ] Safepoint "Cleanup", Time since last: 1000099999 ns, Reaching safepoint: 5700 ns, Cleanup: 13600 ns, At safepoint: 2200 ns, Total: 21500 ns
[71.053s][info ][safepoint      ] Safepoint "Cleanup", Time since last: 1000097599 ns, Reaching safepoint: 5100 ns, Cleanup: 27301 ns, At safepoint: 1700 ns, Total: 34101 ns
[72.053s][info ][safepoint      ] Safepoint "Cleanup", Time since last: 1000104599 ns, Reaching safepoint: 5300 ns, Cleanup: 20100 ns, At safepoint: 2200 ns, Total: 27600 ns
[73.053s][info ][safepoint      ] Safepoint "Cleanup", Time since last: 1000109400 ns, Reaching safepoint: 5700 ns, Cleanup: 28000 ns, At safepoint: 1900 ns, Total: 35600 ns
[74.053s][info ][safepoint      ] Safepoint "Cleanup", Time since last: 1000111607 ns, Reaching safepoint: 6300 ns, Cleanup: 12701 ns, At safepoint: 2100 ns, Total: 21101 ns
[75.053s][info ][safepoint      ] Safepoint "Cleanup", Time since last: 1000103606 ns, Reaching safepoint: 6200 ns, Cleanup: 16801 ns, At safepoint: 1800 ns, Total: 24801 ns
[76.053s][info ][safepoint      ] Safepoint "Cleanup", Time since last: 1000108607 ns, Reaching safepoint: 5700 ns, Cleanup: 9700 ns, At safepoint: 2000 ns, Total: 17400 ns
[77.054s][info ][safepoint      ] Safepoint "Cleanup", Time since last: 1000096407 ns, Reaching safepoint: 5400 ns, Cleanup: 18500 ns, At safepoint: 2100 ns, Total: 26000 ns
[78.054s][info ][safepoint      ] Safepoint "Cleanup", Time since last: 1000102507 ns, Reaching safepoint: 5700 ns, Cleanup: 140501 ns, At safepoint: 2200 ns, Total: 148401 ns
[78.518s][info ][gc,start       ] GC(11) Pause Young (Allocation Failure)
[78.589s][debug][gc,phases      ] GC(11) Scavenge 71.074ms
[78.589s][debug][gc,ref         ] GC(11) ReferenceProcessor::execute queues: 1, RefProcThreadModel::Single, marks_oops_alive: false
[78.589s][debug][gc,ref         ] GC(11) Skipped KeepAliveFinalRefsPhase of Reference Processing: no references
[78.589s][debug][gc,ref         ] GC(11) ReferenceProcessor::execute queues: 1, RefProcThreadModel::Single, marks_oops_alive: false
[78.589s][debug][gc,phases      ] GC(11) Reference Processing 0.134ms
[78.590s][debug][gc,phases      ] GC(11)   VM Weak                        Min:  0.0, Avg:  0.0, Max:  0.0, Diff:  0.0, Sum:  0.0, Workers: 4
[78.590s][debug][gc,phases      ] GC(11)     Dead                           Min: 0, Avg:  0.0, Max: 0, Diff: 0, Sum: 0, Workers: 4
[78.590s][debug][gc,phases      ] GC(11)     Total                          Min: 0, Avg: 213.5, Max: 448, Diff: 448, Sum: 854, Workers: 4
[78.590s][debug][gc,phases      ] GC(11)   ObjectSynchronizer Weak        Min:  0.0, Avg:  0.0, Max:  0.0, Diff:  0.0, Sum:  0.0, Workers: 4
[78.590s][debug][gc,phases      ] GC(11)     Dead                           Min: 0, Avg:  0.0, Max: 0, Diff: 0, Sum: 0, Workers: 4
[78.590s][debug][gc,phases      ] GC(11)     Total                          Min: 0, Avg:  1.2, Max: 5, Diff: 5, Sum: 5, Workers: 4
[78.590s][debug][gc,phases      ] GC(11)   JVMTI Tag Weak OopStorage      Min:  0.0, Avg:  0.0, Max:  0.0, Diff:  0.0, Sum:  0.0, Workers: 4
[78.590s][debug][gc,phases      ] GC(11)     Dead                           Min: 0, Avg:  0.0, Max: 0, Diff: 0, Sum: 0, Workers: 4
[78.590s][debug][gc,phases      ] GC(11)     Total                          Min: 0, Avg:  0.0, Max: 0, Diff: 0, Sum: 0, Workers: 4
[78.590s][debug][gc,phases      ] GC(11)   StringTable Weak               Min:  0.0, Avg:  0.2, Max:  0.2, Diff:  0.2, Sum:  0.7, Workers: 4
[78.590s][debug][gc,phases      ] GC(11)     Dead                           Min: 0, Avg:  0.5, Max: 1, Diff: 1, Sum: 2, Workers: 4
[78.590s][debug][gc,phases      ] GC(11)     Total                          Min: 0, Avg: 11274.5, Max: 18730, Diff: 18730, Sum: 45098, Workers: 4
[78.590s][debug][gc,phases      ] GC(11)   ResolvedMethodTable Weak       Min:  0.0, Avg:  0.1, Max:  0.1, Diff:  0.1, Sum:  0.3, Workers: 4
[78.590s][debug][gc,phases      ] GC(11)     Dead                           Min: 0, Avg: 15.5, Max: 26, Diff: 26, Sum: 62, Workers: 4
[78.590s][debug][gc,phases      ] GC(11)     Total                          Min: 0, Avg: 3539.0, Max: 5905, Diff: 5905, Sum: 14156, Workers: 4
[78.590s][debug][gc,phases      ] GC(11)   JNI Weak                       Min:  0.0, Avg:  0.0, Max:  0.0, Diff:  0.0, Sum:  0.0, Workers: 4
[78.590s][debug][gc,phases      ] GC(11)     Dead                           Min: 0, Avg:  0.0, Max: 0, Diff: 0, Sum: 0, Workers: 4
[78.590s][debug][gc,phases      ] GC(11)     Total                          Min: 0, Avg: 13.0, Max: 52, Diff: 52, Sum: 52, Workers: 4
[78.590s][debug][gc,phases      ] GC(11)   StringDedup Table Weak         Min:  0.0, Avg:  0.0, Max:  0.0, Diff:  0.0, Sum:  0.0, Workers: 4
[78.590s][debug][gc,phases      ] GC(11)     Dead                           Min: 0, Avg:  0.0, Max: 0, Diff: 0, Sum: 0, Workers: 4
[78.590s][debug][gc,phases      ] GC(11)     Total                          Min: 0, Avg:  0.0, Max: 0, Diff: 0, Sum: 0, Workers: 4
[78.590s][debug][gc,phases      ] GC(11)   StringDedup Requests0 Weak     Min:  0.0, Avg:  0.0, Max:  0.0, Diff:  0.0, Sum:  0.0, Workers: 4
[78.590s][debug][gc,phases      ] GC(11)     Dead                           Min: 0, Avg:  0.0, Max: 0, Diff: 0, Sum: 0, Workers: 4
[78.590s][debug][gc,phases      ] GC(11)     Total                          Min: 0, Avg:  0.0, Max: 0, Diff: 0, Sum: 0, Workers: 4
[78.590s][debug][gc,phases      ] GC(11)   StringDedup Requests1 Weak     Min:  0.0, Avg:  0.0, Max:  0.0, Diff:  0.0, Sum:  0.0, Workers: 4
[78.590s][debug][gc,phases      ] GC(11)     Dead                           Min: 0, Avg:  0.0, Max: 0, Diff: 0, Sum: 0, Workers: 4
[78.590s][debug][gc,phases      ] GC(11)     Total                          Min: 0, Avg:  0.0, Max: 0, Diff: 0, Sum: 0, Workers: 4
[78.590s][debug][gc,phases      ] GC(11)   Weak JFR Old Object Samples    Min:  0.0, Avg:  0.0, Max:  0.0, Diff:  0.0, Sum:  0.0, Workers: 4
[78.590s][debug][gc,phases      ] GC(11)     Dead                           Min: 0, Avg:  0.0, Max: 0, Diff: 0, Sum: 0, Workers: 4
[78.590s][debug][gc,phases      ] GC(11)     Total                          Min: 0, Avg:  0.0, Max: 0, Diff: 0, Sum: 0, Workers: 4
[78.590s][debug][gc,phases      ] GC(11) Weak Processing 0.525ms
[78.590s][debug][gc,age         ] GC(11) Desired survivor size 218628096 bytes, new threshold 3 (max threshold 15)
[78.590s][info ][gc,heap        ] GC(11) PSYoungGen: 1800349K(1800704K)->72303K(1883648K) Eden: 1660928K(1660928K)->0K(1664512K) From: 139421K(139776K)->72303K(219136K)
[78.590s][info ][gc,heap        ] GC(11) ParOldGen: 72288K(72704K)->151383K(151552K)
[78.590s][info ][gc,metaspace   ] GC(11) Metaspace: 101639K(102784K)->101639K(102784K) NonClass: 86055K(86720K)->86055K(86720K) Class: 15583K(16064K)->15583K(16064K)
[78.590s][info ][gc             ] GC(11) Pause Young (Allocation Failure) 1828M->218M(1987M) 71.850ms
[78.590s][info ][gc,cpu         ] GC(11) User=0.21s Sys=0.05s Real=0.08s
[78.590s][info ][safepoint      ] Safepoint "ParallelGCFailedAllocation", Time since last: 464079040 ns, Reaching safepoint: 5900 ns, Cleanup: 12400 ns, At safepoint: 71921126 ns, Total: 71939426 ns
[79.590s][info ][safepoint      ] Safepoint "Cleanup", Time since last: 1000084807 ns, Reaching safepoint: 5800 ns, Cleanup: 20900 ns, At safepoint: 1800 ns, Total: 28500 ns
[80.590s][info ][safepoint      ] Safepoint "Cleanup", Time since last: 1000107107 ns, Reaching safepoint: 5900 ns, Cleanup: 18201 ns, At safepoint: 2100 ns, Total: 26201 ns
[81.590s][info ][safepoint      ] Safepoint "Cleanup", Time since last: 1000117605 ns, Reaching safepoint: 6300 ns, Cleanup: 19401 ns, At safepoint: 2300 ns, Total: 28001 ns
[82.590s][info ][safepoint      ] Safepoint "Cleanup", Time since last: 1000101705 ns, Reaching safepoint: 4800 ns, Cleanup: 9700 ns, At safepoint: 1600 ns, Total: 16100 ns
[83.591s][info ][safepoint      ] Safepoint "Cleanup", Time since last: 1000106405 ns, Reaching safepoint: 6300 ns, Cleanup: 84401 ns, At safepoint: 2100 ns, Total: 92801 ns
[84.591s][info ][safepoint      ] Safepoint "Cleanup", Time since last: 1000116105 ns, Reaching safepoint: 7000 ns, Cleanup: 32200 ns, At safepoint: 2700 ns, Total: 41900 ns
[85.591s][info ][safepoint      ] Safepoint "Cleanup", Time since last: 1000145005 ns, Reaching safepoint: 5501 ns, Cleanup: 121001 ns, At safepoint: 2500 ns, Total: 129002 ns
[86.591s][info ][safepoint      ] Safepoint "Cleanup", Time since last: 1000112405 ns, Reaching safepoint: 6000 ns, Cleanup: 44800 ns, At safepoint: 2000 ns, Total: 52800 ns
[87.591s][info ][safepoint      ] Safepoint "Cleanup", Time since last: 1000117105 ns, Reaching safepoint: 6100 ns, Cleanup: 17601 ns, At safepoint: 2100 ns, Total: 25801 ns
[88.591s][info ][safepoint      ] Safepoint "Cleanup", Time since last: 1000102405 ns, Reaching safepoint: 76300 ns, Cleanup: 31600 ns, At safepoint: 5801 ns, Total: 113701 ns
[89.592s][info ][safepoint      ] Safepoint "Cleanup", Time since last: 1000121204 ns, Reaching safepoint: 7300 ns, Cleanup: 46501 ns, At safepoint: 2600 ns, Total: 56401 ns
[90.592s][info ][safepoint      ] Safepoint "Cleanup", Time since last: 1000076704 ns, Reaching safepoint: 5400 ns, Cleanup: 22800 ns, At safepoint: 1700 ns, Total: 29900 ns
[91.592s][info ][safepoint      ] Safepoint "Cleanup", Time since last: 1000133905 ns, Reaching safepoint: 83401 ns, Cleanup: 9400 ns, At safepoint: 12100 ns, Total: 104901 ns
[92.592s][info ][safepoint      ] Safepoint "Cleanup", Time since last: 1000112304 ns, Reaching safepoint: 6100 ns, Cleanup: 24900 ns, At safepoint: 2300 ns, Total: 33300 ns
[93.592s][info ][safepoint      ] Safepoint "Cleanup", Time since last: 1000110605 ns, Reaching safepoint: 6300 ns, Cleanup: 14400 ns, At safepoint: 2200 ns, Total: 22900 ns
[94.592s][info ][safepoint      ] Safepoint "Cleanup", Time since last: 1000108904 ns, Reaching safepoint: 83201 ns, Cleanup: 11900 ns, At safepoint: 7100 ns, Total: 102201 ns
[96.593s][info ][safepoint      ] Safepoint "Cleanup", Time since last: 2000170209 ns, Reaching safepoint: 5700 ns, Cleanup: 22300 ns, At safepoint: 1900 ns, Total: 29900 ns
[97.593s][info ][safepoint      ] Safepoint "Cleanup", Time since last: 1000123116 ns, Reaching safepoint: 6600 ns, Cleanup: 25700 ns, At safepoint: 6300 ns, Total: 38600 ns
[98.593s][info ][safepoint      ] Safepoint "Cleanup", Time since last: 1000120522 ns, Reaching safepoint: 7300 ns, Cleanup: 68000 ns, At safepoint: 2200 ns, Total: 77500 ns
[99.593s][info ][safepoint      ] Safepoint "Cleanup", Time since last: 1000116222 ns, Reaching safepoint: 6200 ns, Cleanup: 17300 ns, At safepoint: 2000 ns, Total: 25500 ns
[100.593s][info ][safepoint      ] Safepoint "Cleanup", Time since last: 1000102521 ns, Reaching safepoint: 6800 ns, Cleanup: 25100 ns, At safepoint: 2300 ns, Total: 34200 ns
[101.593s][info ][safepoint      ] Safepoint "Cleanup", Time since last: 1000114722 ns, Reaching safepoint: 6000 ns, Cleanup: 24400 ns, At safepoint: 2400 ns, Total: 32800 ns
[102.594s][info ][safepoint      ] Safepoint "Cleanup", Time since last: 1000105421 ns, Reaching safepoint: 6000 ns, Cleanup: 28300 ns, At safepoint: 2100 ns, Total: 36400 ns
[104.438s][info ][safepoint      ] Safepoint "Cleanup", Time since last: 1844206582 ns, Reaching safepoint: 7900 ns, Cleanup: 49801 ns, At safepoint: 2400 ns, Total: 60101 ns
[105.438s][info ][safepoint      ] Safepoint "Cleanup", Time since last: 1000107318 ns, Reaching safepoint: 5200 ns, Cleanup: 13300 ns, At safepoint: 5100 ns, Total: 23600 ns
[106.438s][info ][safepoint      ] Safepoint "Cleanup", Time since last: 1000103916 ns, Reaching safepoint: 6000 ns, Cleanup: 31101 ns, At safepoint: 2200 ns, Total: 39301 ns
[107.438s][info ][safepoint      ] Safepoint "Cleanup", Time since last: 1000107816 ns, Reaching safepoint: 5900 ns, Cleanup: 19100 ns, At safepoint: 2400 ns, Total: 27400 ns
[108.438s][info ][safepoint      ] Safepoint "Cleanup", Time since last: 1000106816 ns, Reaching safepoint: 5800 ns, Cleanup: 32400 ns, At safepoint: 2200 ns, Total: 40400 ns
[109.439s][info ][safepoint      ] Safepoint "Cleanup", Time since last: 1000112316 ns, Reaching safepoint: 6300 ns, Cleanup: 21700 ns, At safepoint: 2200 ns, Total: 30200 ns
[110.439s][info ][safepoint      ] Safepoint "Cleanup", Time since last: 1000104116 ns, Reaching safepoint: 5800 ns, Cleanup: 36800 ns, At safepoint: 2200 ns, Total: 44800 ns
[110.948s][info ][gc,start       ] GC(12) Pause Young (Allocation Failure)
[110.975s][debug][gc,phases      ] GC(12) Scavenge 27.027ms
[110.975s][debug][gc,ref         ] GC(12) ReferenceProcessor::execute queues: 1, RefProcThreadModel::Single, marks_oops_alive: false
[110.976s][debug][gc,ref         ] GC(12) Skipped KeepAliveFinalRefsPhase of Reference Processing: no references
[110.976s][debug][gc,ref         ] GC(12) ReferenceProcessor::execute queues: 1, RefProcThreadModel::Single, marks_oops_alive: false
[110.976s][debug][gc,phases      ] GC(12) Reference Processing 0.132ms
[110.976s][debug][gc,phases      ] GC(12)   VM Weak                        Min:  0.0, Avg:  0.0, Max:  0.0, Diff:  0.0, Sum:  0.0, Workers: 4
[110.976s][debug][gc,phases      ] GC(12)     Dead                           Min: 0, Avg:  0.0, Max: 0, Diff: 0, Sum: 0, Workers: 4
[110.976s][debug][gc,phases      ] GC(12)     Total                          Min: 0, Avg: 214.5, Max: 858, Diff: 858, Sum: 858, Workers: 4
[110.976s][debug][gc,phases      ] GC(12)   ObjectSynchronizer Weak        Min:  0.0, Avg:  0.0, Max:  0.0, Diff:  0.0, Sum:  0.0, Workers: 4
[110.976s][debug][gc,phases      ] GC(12)     Dead                           Min: 0, Avg:  0.0, Max: 0, Diff: 0, Sum: 0, Workers: 4
[110.976s][debug][gc,phases      ] GC(12)     Total                          Min: 0, Avg:  1.2, Max: 5, Diff: 5, Sum: 5, Workers: 4
[110.976s][debug][gc,phases      ] GC(12)   JVMTI Tag Weak OopStorage      Min:  0.0, Avg:  0.0, Max:  0.0, Diff:  0.0, Sum:  0.0, Workers: 4
[110.976s][debug][gc,phases      ] GC(12)     Dead                           Min: 0, Avg:  0.0, Max: 0, Diff: 0, Sum: 0, Workers: 4
[110.976s][debug][gc,phases      ] GC(12)     Total                          Min: 0, Avg:  0.0, Max: 0, Diff: 0, Sum: 0, Workers: 4
[110.976s][debug][gc,phases      ] GC(12)   StringTable Weak               Min:  0.0, Avg:  0.1, Max:  0.2, Diff:  0.2, Sum:  0.5, Workers: 4
[110.976s][debug][gc,phases      ] GC(12)     Dead                           Min: 0, Avg:  0.5, Max: 2, Diff: 2, Sum: 2, Workers: 4
[110.976s][debug][gc,phases      ] GC(12)     Total                          Min: 0, Avg: 11307.0, Max: 19712, Diff: 19712, Sum: 45228, Workers: 4
[110.976s][debug][gc,phases      ] GC(12)   ResolvedMethodTable Weak       Min:  0.0, Avg:  0.0, Max:  0.1, Diff:  0.1, Sum:  0.1, Workers: 4
[110.976s][debug][gc,phases      ] GC(12)     Dead                           Min: 0, Avg:  8.8, Max: 30, Diff: 30, Sum: 35, Workers: 4
[110.976s][debug][gc,phases      ] GC(12)     Total                          Min: 0, Avg: 3560.5, Max: 7948, Diff: 7948, Sum: 14242, Workers: 4
[110.976s][debug][gc,phases      ] GC(12)   JNI Weak                       Min:  0.0, Avg:  0.0, Max:  0.0, Diff:  0.0, Sum:  0.0, Workers: 4
[110.976s][debug][gc,phases      ] GC(12)     Dead                           Min: 0, Avg:  0.0, Max: 0, Diff: 0, Sum: 0, Workers: 4
[110.976s][debug][gc,phases      ] GC(12)     Total                          Min: 0, Avg: 13.0, Max: 52, Diff: 52, Sum: 52, Workers: 4
[110.976s][debug][gc,phases      ] GC(12)   StringDedup Table Weak         Min:  0.0, Avg:  0.0, Max:  0.0, Diff:  0.0, Sum:  0.0, Workers: 4
[110.976s][debug][gc,phases      ] GC(12)     Dead                           Min: 0, Avg:  0.0, Max: 0, Diff: 0, Sum: 0, Workers: 4
[110.976s][debug][gc,phases      ] GC(12)     Total                          Min: 0, Avg:  0.0, Max: 0, Diff: 0, Sum: 0, Workers: 4
[110.976s][debug][gc,phases      ] GC(12)   StringDedup Requests0 Weak     Min:  0.0, Avg:  0.0, Max:  0.0, Diff:  0.0, Sum:  0.0, Workers: 4
[110.976s][debug][gc,phases      ] GC(12)     Dead                           Min: 0, Avg:  0.0, Max: 0, Diff: 0, Sum: 0, Workers: 4
[110.976s][debug][gc,phases      ] GC(12)     Total                          Min: 0, Avg:  0.0, Max: 0, Diff: 0, Sum: 0, Workers: 4
[110.976s][debug][gc,phases      ] GC(12)   StringDedup Requests1 Weak     Min:  0.0, Avg:  0.0, Max:  0.0, Diff:  0.0, Sum:  0.0, Workers: 4
[110.976s][debug][gc,phases      ] GC(12)     Dead                           Min: 0, Avg:  0.0, Max: 0, Diff: 0, Sum: 0, Workers: 4
[110.976s][debug][gc,phases      ] GC(12)     Total                          Min: 0, Avg:  0.0, Max: 0, Diff: 0, Sum: 0, Workers: 4
[110.976s][debug][gc,phases      ] GC(12)   Weak JFR Old Object Samples    Min:  0.0, Avg:  0.0, Max:  0.0, Diff:  0.0, Sum:  0.0, Workers: 4
[110.976s][debug][gc,phases      ] GC(12)     Dead                           Min: 0, Avg:  0.0, Max: 0, Diff: 0, Sum: 0, Workers: 4
[110.976s][debug][gc,phases      ] GC(12)     Total                          Min: 0, Avg:  0.0, Max: 0, Diff: 0, Sum: 0, Workers: 4
[110.976s][debug][gc,phases      ] GC(12) Weak Processing 0.388ms
[110.976s][debug][gc,age         ] GC(12) Desired survivor size 219152384 bytes, new threshold 2 (max threshold 15)
[110.976s][info ][gc,heap        ] GC(12) PSYoungGen: 1736815K(1883648K)->41294K(1878016K) Eden: 1664512K(1664512K)->0K(1664512K) From: 72303K(219136K)->41294K(213504K)
[110.976s][info ][gc,heap        ] GC(12) ParOldGen: 151383K(151552K)->189284K(189440K)
[110.976s][info ][gc,metaspace   ] GC(12) Metaspace: 102062K(103168K)->102062K(103168K) NonClass: 86431K(87040K)->86431K(87040K) Class: 15630K(16128K)->15630K(16128K)
[110.976s][info ][gc             ] GC(12) Pause Young (Allocation Failure) 1843M->225M(2019M) 27.668ms
[110.976s][info ][gc,cpu         ] GC(12) User=0.08s Sys=0.03s Real=0.03s
[110.976s][info ][safepoint      ] Safepoint "ParallelGCFailedAllocation", Time since last: 509531641 ns, Reaching safepoint: 5400 ns, Cleanup: 7200 ns, At safepoint: 27735342 ns, Total: 27747942 ns
[111.976s][info ][safepoint      ] Safepoint "Cleanup", Time since last: 1000089916 ns, Reaching safepoint: 5600 ns, Cleanup: 6300 ns, At safepoint: 3300 ns, Total: 15200 ns
[112.976s][info ][safepoint      ] Safepoint "Cleanup", Time since last: 1000114716 ns, Reaching safepoint: 24600 ns, Cleanup: 20501 ns, At safepoint: 5700 ns, Total: 50801 ns
[113.976s][info ][safepoint      ] Safepoint "Cleanup", Time since last: 1000098827 ns, Reaching safepoint: 5100 ns, Cleanup: 9000 ns, At safepoint: 2000 ns, Total: 16100 ns
[114.976s][info ][safepoint      ] Safepoint "Cleanup", Time since last: 1000093127 ns, Reaching safepoint: 6200 ns, Cleanup: 6900 ns, At safepoint: 1600 ns, Total: 14700 ns
[117.977s][info ][safepoint      ] Safepoint "Cleanup", Time since last: 3000222781 ns, Reaching safepoint: 5400 ns, Cleanup: 8301 ns, At safepoint: 1900 ns, Total: 15601 ns
[118.977s][info ][safepoint      ] Safepoint "Cleanup", Time since last: 1000097127 ns, Reaching safepoint: 5300 ns, Cleanup: 15600 ns, At safepoint: 1600 ns, Total: 22500 ns
[121.069s][info ][safepoint      ] Safepoint "Cleanup", Time since last: 2091646650 ns, Reaching safepoint: 79800 ns, Cleanup: 10801 ns, At safepoint: 5900 ns, Total: 96501 ns
[122.069s][info ][safepoint      ] Safepoint "Cleanup", Time since last: 1000118405 ns, Reaching safepoint: 76001 ns, Cleanup: 8600 ns, At safepoint: 5100 ns, Total: 89701 ns
[123.069s][info ][safepoint      ] Safepoint "Cleanup", Time since last: 1000106206 ns, Reaching safepoint: 78601 ns, Cleanup: 12500 ns, At safepoint: 6100 ns, Total: 97201 ns
[124.069s][info ][safepoint      ] Safepoint "Cleanup", Time since last: 1000098505 ns, Reaching safepoint: 74901 ns, Cleanup: 8500 ns, At safepoint: 5400 ns, Total: 88801 ns
[125.069s][info ][safepoint      ] Safepoint "Cleanup", Time since last: 1000107606 ns, Reaching safepoint: 80901 ns, Cleanup: 12900 ns, At safepoint: 6300 ns, Total: 100101 ns
[126.070s][info ][safepoint      ] Safepoint "Cleanup", Time since last: 1000120606 ns, Reaching safepoint: 81600 ns, Cleanup: 11000 ns, At safepoint: 7400 ns, Total: 100000 ns
[128.070s][info ][safepoint      ] Safepoint "Cleanup", Time since last: 2000180412 ns, Reaching safepoint: 80700 ns, Cleanup: 17200 ns, At safepoint: 6300 ns, Total: 104200 ns
[129.070s][info ][safepoint      ] Safepoint "Cleanup", Time since last: 1000121404 ns, Reaching safepoint: 79901 ns, Cleanup: 6700 ns, At safepoint: 6200 ns, Total: 92801 ns
[130.070s][info ][safepoint      ] Safepoint "Cleanup", Time since last: 1000109291 ns, Reaching safepoint: 78400 ns, Cleanup: 23001 ns, At safepoint: 7200 ns, Total: 108601 ns
[131.071s][info ][safepoint      ] Safepoint "Cleanup", Time since last: 1000110090 ns, Reaching safepoint: 81201 ns, Cleanup: 13400 ns, At safepoint: 6400 ns, Total: 101001 ns
[132.071s][info ][safepoint      ] Safepoint "Cleanup", Time since last: 1000102590 ns, Reaching safepoint: 75001 ns, Cleanup: 14300 ns, At safepoint: 5300 ns, Total: 94601 ns
[133.071s][info ][safepoint      ] Safepoint "Cleanup", Time since last: 1000094190 ns, Reaching safepoint: 75001 ns, Cleanup: 54801 ns, At safepoint: 5700 ns, Total: 135502 ns
[134.071s][info ][safepoint      ] Safepoint "Cleanup", Time since last: 1000099490 ns, Reaching safepoint: 76001 ns, Cleanup: 7500 ns, At safepoint: 5800 ns, Total: 89301 ns
[135.071s][info ][safepoint      ] Safepoint "Cleanup", Time since last: 1000093490 ns, Reaching safepoint: 77401 ns, Cleanup: 11300 ns, At safepoint: 6200 ns, Total: 94901 ns
[136.072s][info ][safepoint      ] Safepoint "Cleanup", Time since last: 1000111990 ns, Reaching safepoint: 79801 ns, Cleanup: 12700 ns, At safepoint: 6700 ns, Total: 99201 ns
[137.072s][info ][safepoint      ] Safepoint "Cleanup", Time since last: 1000100692 ns, Reaching safepoint: 78801 ns, Cleanup: 11000 ns, At safepoint: 6600 ns, Total: 96401 ns
[138.072s][info ][safepoint      ] Safepoint "Cleanup", Time since last: 1000109806 ns, Reaching safepoint: 86601 ns, Cleanup: 8000 ns, At safepoint: 6400 ns, Total: 101001 ns
[139.072s][info ][safepoint      ] Safepoint "Cleanup", Time since last: 1000107206 ns, Reaching safepoint: 5600 ns, Cleanup: 8800 ns, At safepoint: 1700 ns, Total: 16100 ns
[140.072s][info ][safepoint      ] Safepoint "Cleanup", Time since last: 1000115507 ns, Reaching safepoint: 79700 ns, Cleanup: 18101 ns, At safepoint: 6800 ns, Total: 104601 ns
[141.072s][info ][safepoint      ] Safepoint "Cleanup", Time since last: 1000113106 ns, Reaching safepoint: 5300 ns, Cleanup: 21500 ns, At safepoint: 1500 ns, Total: 28300 ns
[142.073s][info ][safepoint      ] Safepoint "Cleanup", Time since last: 1000097806 ns, Reaching safepoint: 6100 ns, Cleanup: 7300 ns, At safepoint: 1800 ns, Total: 15200 ns
[143.073s][info ][safepoint      ] Safepoint "Cleanup", Time since last: 1000101406 ns, Reaching safepoint: 5901 ns, Cleanup: 11600 ns, At safepoint: 1800 ns, Total: 19301 ns
[144.921s][info ][gc,start       ] GC(13) Pause Young (Allocation Failure)
[144.940s][debug][gc,phases      ] GC(13) Scavenge 19.599ms
[144.940s][debug][gc,ref         ] GC(13) ReferenceProcessor::execute queues: 1, RefProcThreadModel::Single, marks_oops_alive: false
[144.940s][debug][gc,ref         ] GC(13) Skipped KeepAliveFinalRefsPhase of Reference Processing: no references
[144.940s][debug][gc,ref         ] GC(13) ReferenceProcessor::execute queues: 1, RefProcThreadModel::Single, marks_oops_alive: false
[144.940s][debug][gc,phases      ] GC(13) Reference Processing 0.107ms
[144.941s][debug][gc,phases      ] GC(13)   VM Weak                        Min:  0.0, Avg:  0.0, Max:  0.0, Diff:  0.0, Sum:  0.0, Workers: 4
[144.941s][debug][gc,phases      ] GC(13)     Dead                           Min: 0, Avg:  0.0, Max: 0, Diff: 0, Sum: 0, Workers: 4
[144.941s][debug][gc,phases      ] GC(13)     Total                          Min: 0, Avg: 215.0, Max: 576, Diff: 576, Sum: 860, Workers: 4
[144.941s][debug][gc,phases      ] GC(13)   ObjectSynchronizer Weak        Min:  0.0, Avg:  0.0, Max:  0.0, Diff:  0.0, Sum:  0.0, Workers: 4
[144.941s][debug][gc,phases      ] GC(13)     Dead                           Min: 0, Avg:  0.0, Max: 0, Diff: 0, Sum: 0, Workers: 4
[144.941s][debug][gc,phases      ] GC(13)     Total                          Min: 0, Avg:  1.0, Max: 4, Diff: 4, Sum: 4, Workers: 4
[144.941s][debug][gc,phases      ] GC(13)   JVMTI Tag Weak OopStorage      Min:  0.0, Avg:  0.0, Max:  0.0, Diff:  0.0, Sum:  0.0, Workers: 4
[144.941s][debug][gc,phases      ] GC(13)     Dead                           Min: 0, Avg:  0.0, Max: 0, Diff: 0, Sum: 0, Workers: 4
[144.941s][debug][gc,phases      ] GC(13)     Total                          Min: 0, Avg:  0.0, Max: 0, Diff: 0, Sum: 0, Workers: 4
[144.941s][debug][gc,phases      ] GC(13)   StringTable Weak               Min:  0.0, Avg:  0.1, Max:  0.1, Diff:  0.1, Sum:  0.4, Workers: 4
[144.941s][debug][gc,phases      ] GC(13)     Dead                           Min: 0, Avg:  0.0, Max: 0, Diff: 0, Sum: 0, Workers: 4
[144.941s][debug][gc,phases      ] GC(13)     Total                          Min: 0, Avg: 11324.2, Max: 19328, Diff: 19328, Sum: 45297, Workers: 4
[144.941s][debug][gc,phases      ] GC(13)   ResolvedMethodTable Weak       Min:  0.0, Avg:  0.0, Max:  0.1, Diff:  0.1, Sum:  0.2, Workers: 4
[144.941s][debug][gc,phases      ] GC(13)     Dead                           Min: 0, Avg:  4.0, Max: 13, Diff: 13, Sum: 16, Workers: 4
[144.941s][debug][gc,phases      ] GC(13)     Total                          Min: 0, Avg: 3562.5, Max: 5796, Diff: 5796, Sum: 14250, Workers: 4
[144.941s][debug][gc,phases      ] GC(13)   JNI Weak                       Min:  0.0, Avg:  0.0, Max:  0.0, Diff:  0.0, Sum:  0.0, Workers: 4
[144.941s][debug][gc,phases      ] GC(13)     Dead                           Min: 0, Avg:  0.0, Max: 0, Diff: 0, Sum: 0, Workers: 4
[144.941s][debug][gc,phases      ] GC(13)     Total                          Min: 0, Avg: 13.0, Max: 52, Diff: 52, Sum: 52, Workers: 4
[144.941s][debug][gc,phases      ] GC(13)   StringDedup Table Weak         Min:  0.0, Avg:  0.0, Max:  0.0, Diff:  0.0, Sum:  0.0, Workers: 4
[144.941s][debug][gc,phases      ] GC(13)     Dead                           Min: 0, Avg:  0.0, Max: 0, Diff: 0, Sum: 0, Workers: 4
[144.941s][debug][gc,phases      ] GC(13)     Total                          Min: 0, Avg:  0.0, Max: 0, Diff: 0, Sum: 0, Workers: 4
[144.941s][debug][gc,phases      ] GC(13)   StringDedup Requests0 Weak     Min:  0.0, Avg:  0.0, Max:  0.0, Diff:  0.0, Sum:  0.0, Workers: 4
[144.941s][debug][gc,phases      ] GC(13)     Dead                           Min: 0, Avg:  0.0, Max: 0, Diff: 0, Sum: 0, Workers: 4
[144.941s][debug][gc,phases      ] GC(13)     Total                          Min: 0, Avg:  0.0, Max: 0, Diff: 0, Sum: 0, Workers: 4
[144.941s][debug][gc,phases      ] GC(13)   StringDedup Requests1 Weak     Min:  0.0, Avg:  0.0, Max:  0.0, Diff:  0.0, Sum:  0.0, Workers: 4
[144.941s][debug][gc,phases      ] GC(13)     Dead                           Min: 0, Avg:  0.0, Max: 0, Diff: 0, Sum: 0, Workers: 4
[144.941s][debug][gc,phases      ] GC(13)     Total                          Min: 0, Avg:  0.0, Max: 0, Diff: 0, Sum: 0, Workers: 4
[144.941s][debug][gc,phases      ] GC(13)   Weak JFR Old Object Samples    Min:  0.0, Avg:  0.0, Max:  0.0, Diff:  0.0, Sum:  0.0, Workers: 4
[144.941s][debug][gc,phases      ] GC(13)     Dead                           Min: 0, Avg:  0.0, Max: 0, Diff: 0, Sum: 0, Workers: 4
[144.941s][debug][gc,phases      ] GC(13)     Total                          Min: 0, Avg:  0.0, Max: 0, Diff: 0, Sum: 0, Workers: 4
[144.941s][debug][gc,phases      ] GC(13) Weak Processing 0.400ms
[144.941s][debug][gc,age         ] GC(13) Desired survivor size 222822400 bytes, new threshold 1 (max threshold 15)
[144.941s][info ][gc,heap        ] GC(13) PSYoungGen: 1705806K(1878016K)->8240K(1875968K) Eden: 1664512K(1664512K)->0K(1661952K) From: 41294K(213504K)->8240K(214016K)
[144.941s][info ][gc,heap        ] GC(13) ParOldGen: 189284K(189440K)->224973K(225280K)
[144.941s][info ][gc,metaspace   ] GC(13) Metaspace: 102170K(103296K)->102170K(103296K) NonClass: 86532K(87168K)->86532K(87168K) Class: 15637K(16128K)->15637K(16128K)
[144.941s][info ][gc             ] GC(13) Pause Young (Allocation Failure) 1850M->227M(2052M) 20.230ms
[144.941s][info ][gc,cpu         ] GC(13) User=0.05s Sys=0.02s Real=0.02s
[144.941s][info ][safepoint      ] Safepoint "ParallelGCFailedAllocation", Time since last: 1847860386 ns, Reaching safepoint: 5500 ns, Cleanup: 7700 ns, At safepoint: 20292576 ns, Total: 20305776 ns
[145.941s][info ][safepoint      ] Safepoint "Cleanup", Time since last: 1000085309 ns, Reaching safepoint: 5500 ns, Cleanup: 11400 ns, At safepoint: 2000 ns, Total: 18900 ns
[147.941s][info ][safepoint      ] Safepoint "Cleanup", Time since last: 2000177816 ns, Reaching safepoint: 5800 ns, Cleanup: 13300 ns, At safepoint: 2400 ns, Total: 21500 ns
[149.426s][info ][safepoint      ] Safepoint "Cleanup", Time since last: 1484457426 ns, Reaching safepoint: 4900 ns, Cleanup: 29300 ns, At safepoint: 1800 ns, Total: 36000 ns
[150.426s][info ][safepoint      ] Safepoint "Cleanup", Time since last: 1000101909 ns, Reaching safepoint: 6000 ns, Cleanup: 11800 ns, At safepoint: 2100 ns, Total: 19900 ns
[151.426s][info ][safepoint      ] Safepoint "Cleanup", Time since last: 1000106608 ns, Reaching safepoint: 5800 ns, Cleanup: 7800 ns, At safepoint: 2100 ns, Total: 15700 ns
[153.426s][info ][safepoint      ] Safepoint "Cleanup", Time since last: 2000173119 ns, Reaching safepoint: 5500 ns, Cleanup: 8600 ns, At safepoint: 1900 ns, Total: 16000 ns
[154.426s][info ][safepoint      ] Safepoint "Cleanup", Time since last: 1000130314 ns, Reaching safepoint: 5600 ns, Cleanup: 10800 ns, At safepoint: 2300 ns, Total: 18700 ns
[155.426s][info ][safepoint      ] Safepoint "Cleanup", Time since last: 1000115414 ns, Reaching safepoint: 6000 ns, Cleanup: 9400 ns, At safepoint: 2200 ns, Total: 17600 ns
[157.427s][info ][safepoint      ] Safepoint "Cleanup", Time since last: 2000179627 ns, Reaching safepoint: 5600 ns, Cleanup: 7000 ns, At safepoint: 2300 ns, Total: 14900 ns
[158.427s][info ][safepoint      ] Safepoint "Cleanup", Time since last: 1000107814 ns, Reaching safepoint: 4500 ns, Cleanup: 14500 ns, At safepoint: 1400 ns, Total: 20400 ns
[159.427s][info ][safepoint      ] Safepoint "Cleanup", Time since last: 1000111313 ns, Reaching safepoint: 5601 ns, Cleanup: 31400 ns, At safepoint: 5600 ns, Total: 42601 ns
[160.427s][info ][safepoint      ] Safepoint "Cleanup", Time since last: 1000113214 ns, Reaching safepoint: 5900 ns, Cleanup: 34000 ns, At safepoint: 2200 ns, Total: 42100 ns
[161.427s][info ][safepoint      ] Safepoint "Cleanup", Time since last: 1000111510 ns, Reaching safepoint: 5200 ns, Cleanup: 6700 ns, At safepoint: 2400 ns, Total: 14300 ns
[163.427s][info ][safepoint      ] Safepoint "Cleanup", Time since last: 2000178310 ns, Reaching safepoint: 4900 ns, Cleanup: 7000 ns, At safepoint: 1500 ns, Total: 13400 ns
[164.427s][info ][safepoint      ] Safepoint "Cleanup", Time since last: 1000103905 ns, Reaching safepoint: 5700 ns, Cleanup: 7900 ns, At safepoint: 1700 ns, Total: 15300 ns
[165.428s][info ][safepoint      ] Safepoint "Cleanup", Time since last: 1000118505 ns, Reaching safepoint: 5600 ns, Cleanup: 10500 ns, At safepoint: 2400 ns, Total: 18500 ns
[166.428s][info ][safepoint      ] Safepoint "Cleanup", Time since last: 1000118805 ns, Reaching safepoint: 20200 ns, Cleanup: 6500 ns, At safepoint: 3300 ns, Total: 30000 ns
[167.428s][info ][safepoint      ] Safepoint "Cleanup", Time since last: 1000117805 ns, Reaching safepoint: 5900 ns, Cleanup: 10100 ns, At safepoint: 2101 ns, Total: 18101 ns
[168.428s][info ][safepoint      ] Safepoint "Cleanup", Time since last: 1000118305 ns, Reaching safepoint: 6100 ns, Cleanup: 8600 ns, At safepoint: 2600 ns, Total: 17300 ns
[170.428s][info ][safepoint      ] Safepoint "Cleanup", Time since last: 2000174010 ns, Reaching safepoint: 5900 ns, Cleanup: 17701 ns, At safepoint: 2100 ns, Total: 25701 ns
[171.428s][info ][safepoint      ] Safepoint "Cleanup", Time since last: 1000111805 ns, Reaching safepoint: 6100 ns, Cleanup: 10400 ns, At safepoint: 2200 ns, Total: 18700 ns
[174.429s][info ][safepoint      ] Safepoint "Cleanup", Time since last: 3000246317 ns, Reaching safepoint: 7400 ns, Cleanup: 9700 ns, At safepoint: 9300 ns, Total: 26400 ns
[175.429s][info ][safepoint      ] Safepoint "Cleanup", Time since last: 1000114606 ns, Reaching safepoint: 5400 ns, Cleanup: 7700 ns, At safepoint: 2100 ns, Total: 15200 ns
[176.429s][info ][safepoint      ] Safepoint "Cleanup", Time since last: 1000110106 ns, Reaching safepoint: 4900 ns, Cleanup: 5600 ns, At safepoint: 1700 ns, Total: 12200 ns
[177.429s][info ][safepoint      ] Safepoint "Cleanup", Time since last: 1000105811 ns, Reaching safepoint: 5800 ns, Cleanup: 10800 ns, At safepoint: 2400 ns, Total: 19000 ns
[178.429s][info ][safepoint      ] Safepoint "Cleanup", Time since last: 1000131720 ns, Reaching safepoint: 5900 ns, Cleanup: 14900 ns, At safepoint: 1700 ns, Total: 22500 ns
[179.429s][info ][safepoint      ] Safepoint "Cleanup", Time since last: 1000111419 ns, Reaching safepoint: 5700 ns, Cleanup: 9301 ns, At safepoint: 2100 ns, Total: 17101 ns
[181.086s][info ][safepoint      ] Safepoint "Cleanup", Time since last: 1656408941 ns, Reaching safepoint: 5100 ns, Cleanup: 7700 ns, At safepoint: 1600 ns, Total: 14400 ns
[182.086s][info ][safepoint      ] Safepoint "Cleanup", Time since last: 1000118419 ns, Reaching safepoint: 5400 ns, Cleanup: 11100 ns, At safepoint: 1900 ns, Total: 18400 ns
[183.086s][info ][safepoint      ] Safepoint "Cleanup", Time since last: 1000105720 ns, Reaching safepoint: 5700 ns, Cleanup: 10100 ns, At safepoint: 2400 ns, Total: 18200 ns
[184.086s][info ][safepoint      ] Safepoint "Cleanup", Time since last: 1000123119 ns, Reaching safepoint: 5800 ns, Cleanup: 7800 ns, At safepoint: 2001 ns, Total: 15601 ns
[185.086s][info ][safepoint      ] Safepoint "Cleanup", Time since last: 1000106818 ns, Reaching safepoint: 5600 ns, Cleanup: 8000 ns, At safepoint: 2200 ns, Total: 15800 ns
[186.086s][info ][safepoint      ] Safepoint "Cleanup", Time since last: 1000104408 ns, Reaching safepoint: 5600 ns, Cleanup: 9900 ns, At safepoint: 2300 ns, Total: 17800 ns
[186.216s][info ][gc,start       ] GC(14) Pause Young (Allocation Failure)
[186.221s][debug][gc,phases      ] GC(14) Scavenge 4.715ms
[186.221s][debug][gc,ref         ] GC(14) ReferenceProcessor::execute queues: 1, RefProcThreadModel::Single, marks_oops_alive: false
[186.221s][debug][gc,ref         ] GC(14) Skipped KeepAliveFinalRefsPhase of Reference Processing: no references
[186.221s][debug][gc,ref         ] GC(14) ReferenceProcessor::execute queues: 1, RefProcThreadModel::Single, marks_oops_alive: false
[186.221s][debug][gc,phases      ] GC(14) Reference Processing 0.097ms
[186.222s][debug][gc,phases      ] GC(14)   VM Weak                        Min:  0.0, Avg:  0.0, Max:  0.0, Diff:  0.0, Sum:  0.0, Workers: 4
[186.222s][debug][gc,phases      ] GC(14)     Dead                           Min: 0, Avg:  0.0, Max: 0, Diff: 0, Sum: 0, Workers: 4
[186.222s][debug][gc,phases      ] GC(14)     Total                          Min: 0, Avg: 215.2, Max: 861, Diff: 861, Sum: 861, Workers: 4
[186.222s][debug][gc,phases      ] GC(14)   ObjectSynchronizer Weak        Min:  0.0, Avg:  0.0, Max:  0.0, Diff:  0.0, Sum:  0.0, Workers: 4
[186.222s][debug][gc,phases      ] GC(14)     Dead                           Min: 0, Avg:  0.0, Max: 0, Diff: 0, Sum: 0, Workers: 4
[186.222s][debug][gc,phases      ] GC(14)     Total                          Min: 0, Avg:  0.8, Max: 3, Diff: 3, Sum: 3, Workers: 4
[186.222s][debug][gc,phases      ] GC(14)   JVMTI Tag Weak OopStorage      Min:  0.0, Avg:  0.0, Max:  0.0, Diff:  0.0, Sum:  0.0, Workers: 4
[186.222s][debug][gc,phases      ] GC(14)     Dead                           Min: 0, Avg:  0.0, Max: 0, Diff: 0, Sum: 0, Workers: 4
[186.222s][debug][gc,phases      ] GC(14)     Total                          Min: 0, Avg:  0.0, Max: 0, Diff: 0, Sum: 0, Workers: 4
[186.222s][debug][gc,phases      ] GC(14)   StringTable Weak               Min:  0.0, Avg:  0.1, Max:  0.1, Diff:  0.1, Sum:  0.4, Workers: 4
[186.222s][debug][gc,phases      ] GC(14)     Dead                           Min: 0, Avg:  0.2, Max: 1, Diff: 1, Sum: 1, Workers: 4
[186.222s][debug][gc,phases      ] GC(14)     Total                          Min: 0, Avg: 11330.2, Max: 19913, Diff: 19913, Sum: 45321, Workers: 4
[186.222s][debug][gc,phases      ] GC(14)   ResolvedMethodTable Weak       Min:  0.0, Avg:  0.0, Max:  0.0, Diff:  0.0, Sum:  0.1, Workers: 4
[186.222s][debug][gc,phases      ] GC(14)     Dead                           Min: 0, Avg:  6.0, Max: 16, Diff: 16, Sum: 24, Workers: 4
[186.222s][debug][gc,phases      ] GC(14)     Total                          Min: 0, Avg: 3568.0, Max: 6115, Diff: 6115, Sum: 14272, Workers: 4
[186.222s][debug][gc,phases      ] GC(14)   JNI Weak                       Min:  0.0, Avg:  0.0, Max:  0.0, Diff:  0.0, Sum:  0.0, Workers: 4
[186.222s][debug][gc,phases      ] GC(14)     Dead                           Min: 0, Avg:  0.0, Max: 0, Diff: 0, Sum: 0, Workers: 4
[186.222s][debug][gc,phases      ] GC(14)     Total                          Min: 0, Avg: 13.0, Max: 52, Diff: 52, Sum: 52, Workers: 4
[186.222s][debug][gc,phases      ] GC(14)   StringDedup Table Weak         Min:  0.0, Avg:  0.0, Max:  0.0, Diff:  0.0, Sum:  0.0, Workers: 4
[186.222s][debug][gc,phases      ] GC(14)     Dead                           Min: 0, Avg:  0.0, Max: 0, Diff: 0, Sum: 0, Workers: 4
[186.222s][debug][gc,phases      ] GC(14)     Total                          Min: 0, Avg:  0.0, Max: 0, Diff: 0, Sum: 0, Workers: 4
[186.222s][debug][gc,phases      ] GC(14)   StringDedup Requests0 Weak     Min:  0.0, Avg:  0.0, Max:  0.0, Diff:  0.0, Sum:  0.0, Workers: 4
[186.222s][debug][gc,phases      ] GC(14)     Dead                           Min: 0, Avg:  0.0, Max: 0, Diff: 0, Sum: 0, Workers: 4
[186.222s][debug][gc,phases      ] GC(14)     Total                          Min: 0, Avg:  0.0, Max: 0, Diff: 0, Sum: 0, Workers: 4
[186.222s][debug][gc,phases      ] GC(14)   StringDedup Requests1 Weak     Min:  0.0, Avg:  0.0, Max:  0.0, Diff:  0.0, Sum:  0.0, Workers: 4
[186.222s][debug][gc,phases      ] GC(14)     Dead                           Min: 0, Avg:  0.0, Max: 0, Diff: 0, Sum: 0, Workers: 4
[186.222s][debug][gc,phases      ] GC(14)     Total                          Min: 0, Avg:  0.0, Max: 0, Diff: 0, Sum: 0, Workers: 4
[186.222s][debug][gc,phases      ] GC(14)   Weak JFR Old Object Samples    Min:  0.0, Avg:  0.0, Max:  0.0, Diff:  0.0, Sum:  0.0, Workers: 4
[186.222s][debug][gc,phases      ] GC(14)     Dead                           Min: 0, Avg:  0.0, Max: 0, Diff: 0, Sum: 0, Workers: 4
[186.222s][debug][gc,phases      ] GC(14)     Total                          Min: 0, Avg:  0.0, Max: 0, Diff: 0, Sum: 0, Workers: 4
[186.222s][debug][gc,phases      ] GC(14) Weak Processing 0.366ms
[186.222s][debug][gc,age         ] GC(14) Desired survivor size 225443840 bytes, new threshold 1 (max threshold 15)
[186.222s][info ][gc,heap        ] GC(14) PSYoungGen: 1670192K(1875968K)->1952K(1664000K) Eden: 1661952K(1661952K)->0K(1661952K) From: 8240K(214016K)->1952K(2048K)
[186.222s][info ][gc,heap        ] GC(14) ParOldGen: 224973K(225280K)->231554K(231936K)
[186.222s][info ][gc,metaspace   ] GC(14) Metaspace: 102336K(103488K)->102336K(103488K) NonClass: 86690K(87360K)->86690K(87360K) Class: 15646K(16128K)->15646K(16128K)
[186.222s][info ][gc             ] GC(14) Pause Young (Allocation Failure) 1850M->228M(1851M) 5.300ms
[186.222s][info ][gc,cpu         ] GC(14) User=0.01s Sys=0.01s Real=0.01s
[186.222s][info ][safepoint      ] Safepoint "ParallelGCFailedAllocation", Time since last: 130072233 ns, Reaching safepoint: 6000 ns, Cleanup: 3300 ns, At safepoint: 5358147 ns, Total: 5367447 ns
[187.222s][info ][safepoint      ] Safepoint "Cleanup", Time since last: 1000085308 ns, Reaching safepoint: 5100 ns, Cleanup: 8800 ns, At safepoint: 1800 ns, Total: 15700 ns
[188.222s][info ][safepoint      ] Safepoint "Cleanup", Time since last: 1000106108 ns, Reaching safepoint: 5900 ns, Cleanup: 10200 ns, At safepoint: 1600 ns, Total: 17700 ns
[189.222s][info ][safepoint      ] Safepoint "Cleanup", Time since last: 1000101608 ns, Reaching safepoint: 4900 ns, Cleanup: 10101 ns, At safepoint: 1500 ns, Total: 16501 ns
[190.222s][info ][safepoint      ] Safepoint "Cleanup", Time since last: 1000097808 ns, Reaching safepoint: 4600 ns, Cleanup: 9200 ns, At safepoint: 1500 ns, Total: 15300 ns
[191.222s][info ][safepoint      ] Safepoint "Cleanup", Time since last: 1000095808 ns, Reaching safepoint: 4900 ns, Cleanup: 8200 ns, At safepoint: 1500 ns, Total: 14600 ns
[192.222s][info ][safepoint      ] Safepoint "Cleanup", Time since last: 1000103608 ns, Reaching safepoint: 5300 ns, Cleanup: 21800 ns, At safepoint: 1500 ns, Total: 28600 ns
[193.223s][info ][safepoint      ] Safepoint "Cleanup", Time since last: 1000104310 ns, Reaching safepoint: 5100 ns, Cleanup: 34400 ns, At safepoint: 1800 ns, Total: 41300 ns
[194.223s][info ][safepoint      ] Safepoint "Cleanup", Time since last: 1000101416 ns, Reaching safepoint: 5300 ns, Cleanup: 18400 ns, At safepoint: 1801 ns, Total: 25501 ns
[195.223s][info ][safepoint      ] Safepoint "Cleanup", Time since last: 1000100515 ns, Reaching safepoint: 4900 ns, Cleanup: 10701 ns, At safepoint: 1600 ns, Total: 17201 ns
[196.223s][info ][safepoint      ] Safepoint "Cleanup", Time since last: 1000101415 ns, Reaching safepoint: 4700 ns, Cleanup: 6401 ns, At safepoint: 1400 ns, Total: 12501 ns
[197.223s][info ][safepoint      ] Safepoint "Cleanup", Time since last: 1000113816 ns, Reaching safepoint: 5800 ns, Cleanup: 8400 ns, At safepoint: 1900 ns, Total: 16100 ns
[198.223s][info ][safepoint      ] Safepoint "Cleanup", Time since last: 1000140916 ns, Reaching safepoint: 5700 ns, Cleanup: 17300 ns, At safepoint: 2100 ns, Total: 25100 ns
[199.223s][info ][safepoint      ] Safepoint "Cleanup", Time since last: 1000108416 ns, Reaching safepoint: 5200 ns, Cleanup: 7900 ns, At safepoint: 1700 ns, Total: 14800 ns
[200.224s][info ][safepoint      ] Safepoint "Cleanup", Time since last: 1000107116 ns, Reaching safepoint: 4900 ns, Cleanup: 8300 ns, At safepoint: 2200 ns, Total: 15400 ns
[202.224s][info ][safepoint      ] Safepoint "Cleanup", Time since last: 2000179822 ns, Reaching safepoint: 24500 ns, Cleanup: 8800 ns, At safepoint: 2300 ns, Total: 35600 ns
[203.224s][info ][safepoint      ] Safepoint "Cleanup", Time since last: 1000116108 ns, Reaching safepoint: 6100 ns, Cleanup: 12500 ns, At safepoint: 2100 ns, Total: 20700 ns
[204.224s][info ][safepoint      ] Safepoint "Cleanup", Time since last: 1000102008 ns, Reaching safepoint: 4300 ns, Cleanup: 10400 ns, At safepoint: 2100 ns, Total: 16800 ns
[205.224s][info ][safepoint      ] Safepoint "Cleanup", Time since last: 1000102808 ns, Reaching safepoint: 4800 ns, Cleanup: 20600 ns, At safepoint: 16000 ns, Total: 41400 ns
[206.224s][info ][safepoint      ] Safepoint "Cleanup", Time since last: 1000102108 ns, Reaching safepoint: 5300 ns, Cleanup: 20100 ns, At safepoint: 3000 ns, Total: 28400 ns
[207.224s][info ][safepoint      ] Safepoint "Cleanup", Time since last: 1000111207 ns, Reaching safepoint: 5400 ns, Cleanup: 17001 ns, At safepoint: 1500 ns, Total: 23901 ns
[208.225s][info ][safepoint      ] Safepoint "Cleanup", Time since last: 1000112807 ns, Reaching safepoint: 5900 ns, Cleanup: 10600 ns, At safepoint: 1900 ns, Total: 18400 ns
[209.225s][info ][safepoint      ] Safepoint "Cleanup", Time since last: 1000114008 ns, Reaching safepoint: 5200 ns, Cleanup: 20000 ns, At safepoint: 1700 ns, Total: 26900 ns
[210.225s][info ][safepoint      ] Safepoint "Cleanup", Time since last: 1000100106 ns, Reaching safepoint: 5700 ns, Cleanup: 34800 ns, At safepoint: 1500 ns, Total: 42000 ns
[211.225s][info ][safepoint      ] Safepoint "Cleanup", Time since last: 1000106905 ns, Reaching safepoint: 6401 ns, Cleanup: 26000 ns, At safepoint: 2200 ns, Total: 34601 ns
[212.225s][info ][safepoint      ] Safepoint "Cleanup", Time since last: 1000110205 ns, Reaching safepoint: 7100 ns, Cleanup: 46101 ns, At safepoint: 2000 ns, Total: 55201 ns
[213.225s][info ][safepoint      ] Safepoint "Cleanup", Time since last: 1000110905 ns, Reaching safepoint: 6401 ns, Cleanup: 9300 ns, At safepoint: 2300 ns, Total: 18001 ns
[217.226s][info ][safepoint      ] Safepoint "Cleanup", Time since last: 4000329627 ns, Reaching safepoint: 6400 ns, Cleanup: 12600 ns, At safepoint: 2100 ns, Total: 21100 ns
[218.226s][info ][safepoint      ] Safepoint "Cleanup", Time since last: 1000123939 ns, Reaching safepoint: 6100 ns, Cleanup: 10400 ns, At safepoint: 1800 ns, Total: 18300 ns
[220.226s][info ][safepoint      ] Safepoint "Cleanup", Time since last: 2000176576 ns, Reaching safepoint: 5900 ns, Cleanup: 14300 ns, At safepoint: 1900 ns, Total: 22100 ns
[221.226s][info ][safepoint      ] Safepoint "Cleanup", Time since last: 1000111139 ns, Reaching safepoint: 5900 ns, Cleanup: 11300 ns, At safepoint: 2100 ns, Total: 19300 ns
[222.226s][info ][safepoint      ] Safepoint "Cleanup", Time since last: 1000114139 ns, Reaching safepoint: 6200 ns, Cleanup: 14400 ns, At safepoint: 1900 ns, Total: 22500 ns
[222.916s][info ][gc,start       ] GC(15) Pause Young (Allocation Failure)
[222.921s][debug][gc,phases      ] GC(15) Scavenge 4.784ms
[222.921s][debug][gc,ref         ] GC(15) ReferenceProcessor::execute queues: 1, RefProcThreadModel::Single, marks_oops_alive: false
[222.921s][debug][gc,ref         ] GC(15) Skipped KeepAliveFinalRefsPhase of Reference Processing: no references
[222.921s][debug][gc,ref         ] GC(15) ReferenceProcessor::execute queues: 1, RefProcThreadModel::Single, marks_oops_alive: false
[222.921s][debug][gc,phases      ] GC(15) Reference Processing 0.105ms
[222.921s][debug][gc,phases      ] GC(15)   VM Weak                        Min:  0.0, Avg:  0.0, Max:  0.0, Diff:  0.0, Sum:  0.0, Workers: 4
[222.921s][debug][gc,phases      ] GC(15)     Dead                           Min: 0, Avg:  0.0, Max: 0, Diff: 0, Sum: 0, Workers: 4
[222.921s][debug][gc,phases      ] GC(15)     Total                          Min: 0, Avg: 216.2, Max: 448, Diff: 448, Sum: 865, Workers: 4
[222.921s][debug][gc,phases      ] GC(15)   ObjectSynchronizer Weak        Min:  0.0, Avg:  0.0, Max:  0.0, Diff:  0.0, Sum:  0.0, Workers: 4
[222.921s][debug][gc,phases      ] GC(15)     Dead                           Min: 0, Avg:  0.0, Max: 0, Diff: 0, Sum: 0, Workers: 4
[222.921s][debug][gc,phases      ] GC(15)     Total                          Min: 0, Avg:  1.2, Max: 5, Diff: 5, Sum: 5, Workers: 4
[222.921s][debug][gc,phases      ] GC(15)   JVMTI Tag Weak OopStorage      Min:  0.0, Avg:  0.0, Max:  0.0, Diff:  0.0, Sum:  0.0, Workers: 4
[222.921s][debug][gc,phases      ] GC(15)     Dead                           Min: 0, Avg:  0.0, Max: 0, Diff: 0, Sum: 0, Workers: 4
[222.921s][debug][gc,phases      ] GC(15)     Total                          Min: 0, Avg:  0.0, Max: 0, Diff: 0, Sum: 0, Workers: 4
[222.921s][debug][gc,phases      ] GC(15)   StringTable Weak               Min:  0.1, Avg:  0.2, Max:  0.2, Diff:  0.0, Sum:  0.6, Workers: 4
[222.921s][debug][gc,phases      ] GC(15)     Dead                           Min: 0, Avg:  0.2, Max: 1, Diff: 1, Sum: 1, Workers: 4
[222.921s][debug][gc,phases      ] GC(15)     Total                          Min: 7040, Avg: 11345.8, Max: 14336, Diff: 7296, Sum: 45383, Workers: 4
[222.921s][debug][gc,phases      ] GC(15)   ResolvedMethodTable Weak       Min:  0.0, Avg:  0.0, Max:  0.0, Diff:  0.0, Sum:  0.2, Workers: 4
[222.921s][debug][gc,phases      ] GC(15)     Dead                           Min: 0, Avg:  4.0, Max: 15, Diff: 15, Sum: 16, Workers: 4
[222.921s][debug][gc,phases      ] GC(15)     Total                          Min: 2952, Avg: 3572.8, Max: 4099, Diff: 1147, Sum: 14291, Workers: 4
[222.921s][debug][gc,phases      ] GC(15)   JNI Weak                       Min:  0.0, Avg:  0.0, Max:  0.0, Diff:  0.0, Sum:  0.0, Workers: 4
[222.921s][debug][gc,phases      ] GC(15)     Dead                           Min: 0, Avg:  0.0, Max: 0, Diff: 0, Sum: 0, Workers: 4
[222.921s][debug][gc,phases      ] GC(15)     Total                          Min: 0, Avg: 13.0, Max: 52, Diff: 52, Sum: 52, Workers: 4
[222.921s][debug][gc,phases      ] GC(15)   StringDedup Table Weak         Min:  0.0, Avg:  0.0, Max:  0.0, Diff:  0.0, Sum:  0.0, Workers: 4
[222.921s][debug][gc,phases      ] GC(15)     Dead                           Min: 0, Avg:  0.0, Max: 0, Diff: 0, Sum: 0, Workers: 4
[222.921s][debug][gc,phases      ] GC(15)     Total                          Min: 0, Avg:  0.0, Max: 0, Diff: 0, Sum: 0, Workers: 4
[222.921s][debug][gc,phases      ] GC(15)   StringDedup Requests0 Weak     Min:  0.0, Avg:  0.0, Max:  0.0, Diff:  0.0, Sum:  0.0, Workers: 4
[222.921s][debug][gc,phases      ] GC(15)     Dead                           Min: 0, Avg:  0.0, Max: 0, Diff: 0, Sum: 0, Workers: 4
[222.921s][debug][gc,phases      ] GC(15)     Total                          Min: 0, Avg:  0.0, Max: 0, Diff: 0, Sum: 0, Workers: 4
[222.921s][debug][gc,phases      ] GC(15)   StringDedup Requests1 Weak     Min:  0.0, Avg:  0.0, Max:  0.0, Diff:  0.0, Sum:  0.0, Workers: 4
[222.921s][debug][gc,phases      ] GC(15)     Dead                           Min: 0, Avg:  0.0, Max: 0, Diff: 0, Sum: 0, Workers: 4
[222.921s][debug][gc,phases      ] GC(15)     Total                          Min: 0, Avg:  0.0, Max: 0, Diff: 0, Sum: 0, Workers: 4
[222.921s][debug][gc,phases      ] GC(15)   Weak JFR Old Object Samples    Min:  0.0, Avg:  0.0, Max:  0.0, Diff:  0.0, Sum:  0.0, Workers: 4
[222.921s][debug][gc,phases      ] GC(15)     Dead                           Min: 0, Avg:  0.0, Max: 0, Diff: 0, Sum: 0, Workers: 4
[222.921s][debug][gc,phases      ] GC(15)     Total                          Min: 0, Avg:  0.0, Max: 0, Diff: 0, Sum: 0, Workers: 4
[222.921s][debug][gc,phases      ] GC(15) Weak Processing 0.364ms
[222.921s][debug][gc,age         ] GC(15) Desired survivor size 224395264 bytes, new threshold 1 (max threshold 15)
[222.921s][info ][gc,heap        ] GC(15) PSYoungGen: 1663904K(1664000K)->5920K(1878016K) Eden: 1661952K(1661952K)->0K(1657856K) From: 1952K(2048K)->5920K(220160K)
[222.921s][info ][gc,heap        ] GC(15) ParOldGen: 231554K(231936K)->232210K(232448K)
[222.921s][info ][gc,metaspace   ] GC(15) Metaspace: 102444K(103552K)->102444K(103552K) NonClass: 86792K(87424K)->86792K(87424K) Class: 15652K(16128K)->15652K(16128K)
[222.921s][info ][gc             ] GC(15) Pause Young (Allocation Failure) 1851M->232M(2061M) 5.366ms
[222.921s][info ][gc,cpu         ] GC(15) User=0.01s Sys=0.00s Real=0.01s
[222.921s][info ][safepoint      ] Safepoint "ParallelGCFailedAllocation", Time since last: 689680126 ns, Reaching safepoint: 79901 ns, Cleanup: 9200 ns, At safepoint: 5429247 ns, Total: 5518348 ns
[223.921s][info ][safepoint      ] Safepoint "Cleanup", Time since last: 1000083838 ns, Reaching safepoint: 5300 ns, Cleanup: 6201 ns, At safepoint: 1500 ns, Total: 13001 ns
[224.922s][info ][safepoint      ] Safepoint "Cleanup", Time since last: 1000106038 ns, Reaching safepoint: 5100 ns, Cleanup: 8200 ns, At safepoint: 2000 ns, Total: 15300 ns
[225.922s][info ][safepoint      ] Safepoint "Cleanup", Time since last: 1000100731 ns, Reaching safepoint: 5700 ns, Cleanup: 7700 ns, At safepoint: 1600 ns, Total: 15000 ns
[226.922s][info ][safepoint      ] Safepoint "Cleanup", Time since last: 1000106314 ns, Reaching safepoint: 5600 ns, Cleanup: 14300 ns, At safepoint: 1900 ns, Total: 21800 ns
[227.922s][info ][safepoint      ] Safepoint "Cleanup", Time since last: 1000104913 ns, Reaching safepoint: 6000 ns, Cleanup: 8100 ns, At safepoint: 1700 ns, Total: 15800 ns
[233.922s][info ][safepoint      ] Safepoint "Cleanup", Time since last: 6000453722 ns, Reaching safepoint: 5700 ns, Cleanup: 8400 ns, At safepoint: 1700 ns, Total: 15800 ns
[234.923s][info ][safepoint      ] Safepoint "Cleanup", Time since last: 1000105916 ns, Reaching safepoint: 5800 ns, Cleanup: 22200 ns, At safepoint: 1600 ns, Total: 29600 ns
[236.923s][info ][safepoint      ] Safepoint "Cleanup", Time since last: 2000179231 ns, Reaching safepoint: 5300 ns, Cleanup: 8400 ns, At safepoint: 1700 ns, Total: 15400 ns
[239.923s][info ][safepoint      ] Safepoint "Cleanup", Time since last: 3000248247 ns, Reaching safepoint: 7000 ns, Cleanup: 9200 ns, At safepoint: 2500 ns, Total: 18700 ns
[241.103s][info ][safepoint      ] Safepoint "Cleanup", Time since last: 1179436978 ns, Reaching safepoint: 5300 ns, Cleanup: 14300 ns, At safepoint: 1800 ns, Total: 21400 ns
[242.103s][info ][safepoint      ] Safepoint "Cleanup", Time since last: 1000095402 ns, Reaching safepoint: 5800 ns, Cleanup: 7600 ns, At safepoint: 1900 ns, Total: 15300 ns
[243.103s][info ][safepoint      ] Safepoint "Cleanup", Time since last: 1000105502 ns, Reaching safepoint: 6000 ns, Cleanup: 8400 ns, At safepoint: 1600 ns, Total: 16000 ns
[244.598s][info ][safepoint      ] Safepoint "Cleanup", Time since last: 1494979907 ns, Reaching safepoint: 6200 ns, Cleanup: 16501 ns, At safepoint: 3100 ns, Total: 25801 ns
[245.598s][info ][safepoint      ] Safepoint "Cleanup", Time since last: 1000101101 ns, Reaching safepoint: 5600 ns, Cleanup: 34801 ns, At safepoint: 2100 ns, Total: 42501 ns
[246.598s][info ][safepoint      ] Safepoint "Cleanup", Time since last: 1000103701 ns, Reaching safepoint: 4901 ns, Cleanup: 43800 ns, At safepoint: 1700 ns, Total: 50401 ns
[247.598s][info ][safepoint      ] Safepoint "Cleanup", Time since last: 1000095502 ns, Reaching safepoint: 5200 ns, Cleanup: 14900 ns, At safepoint: 1800 ns, Total: 21900 ns
[248.598s][info ][safepoint      ] Safepoint "Cleanup", Time since last: 1000100702 ns, Reaching safepoint: 5700 ns, Cleanup: 15000 ns, At safepoint: 2100 ns, Total: 22800 ns
[249.598s][info ][safepoint      ] Safepoint "Cleanup", Time since last: 1000101399 ns, Reaching safepoint: 5500 ns, Cleanup: 11400 ns, At safepoint: 2000 ns, Total: 18900 ns
[250.599s][info ][safepoint      ] Safepoint "Cleanup", Time since last: 1000122297 ns, Reaching safepoint: 6900 ns, Cleanup: 17300 ns, At safepoint: 2500 ns, Total: 26700 ns
[253.599s][info ][safepoint      ] Safepoint "Cleanup", Time since last: 3000249790 ns, Reaching safepoint: 5201 ns, Cleanup: 7300 ns, At safepoint: 1600 ns, Total: 14101 ns
[254.599s][info ][safepoint      ] Safepoint "Cleanup", Time since last: 1000098196 ns, Reaching safepoint: 5100 ns, Cleanup: 8701 ns, At safepoint: 2200 ns, Total: 16001 ns
[255.599s][info ][safepoint      ] Safepoint "Cleanup", Time since last: 1000099596 ns, Reaching safepoint: 5500 ns, Cleanup: 14701 ns, At safepoint: 2600 ns, Total: 22801 ns
[256.599s][info ][safepoint      ] Safepoint "Cleanup", Time since last: 1000107196 ns, Reaching safepoint: 5101 ns, Cleanup: 8700 ns, At safepoint: 1900 ns, Total: 15701 ns
[257.599s][info ][safepoint      ] Safepoint "Cleanup", Time since last: 1000093017 ns, Reaching safepoint: 6500 ns, Cleanup: 53800 ns, At safepoint: 2700 ns, Total: 63000 ns
[258.599s][info ][safepoint      ] Safepoint "Cleanup", Time since last: 1000108238 ns, Reaching safepoint: 6600 ns, Cleanup: 11200 ns, At safepoint: 2700 ns, Total: 20500 ns
[260.600s][info ][safepoint      ] Safepoint "Cleanup", Time since last: 2000200175 ns, Reaching safepoint: 6300 ns, Cleanup: 12800 ns, At safepoint: 2700 ns, Total: 21800 ns
[260.968s][info ][gc,start       ] GC(16) Pause Young (Allocation Failure)
[260.972s][debug][gc,phases      ] GC(16) Scavenge 4.193ms
[260.973s][debug][gc,ref         ] GC(16) ReferenceProcessor::execute queues: 1, RefProcThreadModel::Single, marks_oops_alive: false
[260.973s][debug][gc,ref         ] GC(16) Skipped KeepAliveFinalRefsPhase of Reference Processing: no references
[260.973s][debug][gc,ref         ] GC(16) ReferenceProcessor::execute queues: 1, RefProcThreadModel::Single, marks_oops_alive: false
[260.973s][debug][gc,phases      ] GC(16) Reference Processing 0.093ms
[260.973s][debug][gc,phases      ] GC(16)   VM Weak                        Min:  0.0, Avg:  0.0, Max:  0.0, Diff:  0.0, Sum:  0.0, Workers: 4
[260.973s][debug][gc,phases      ] GC(16)     Dead                           Min: 0, Avg:  0.0, Max: 0, Diff: 0, Sum: 0, Workers: 4
[260.973s][debug][gc,phases      ] GC(16)     Total                          Min: 0, Avg: 217.8, Max: 871, Diff: 871, Sum: 871, Workers: 4
[260.973s][debug][gc,phases      ] GC(16)   ObjectSynchronizer Weak        Min:  0.0, Avg:  0.0, Max:  0.0, Diff:  0.0, Sum:  0.0, Workers: 4
[260.973s][debug][gc,phases      ] GC(16)     Dead                           Min: 0, Avg:  0.0, Max: 0, Diff: 0, Sum: 0, Workers: 4
[260.973s][debug][gc,phases      ] GC(16)     Total                          Min: 0, Avg:  1.0, Max: 4, Diff: 4, Sum: 4, Workers: 4
[260.973s][debug][gc,phases      ] GC(16)   JVMTI Tag Weak OopStorage      Min:  0.0, Avg:  0.0, Max:  0.0, Diff:  0.0, Sum:  0.0, Workers: 4
[260.973s][debug][gc,phases      ] GC(16)     Dead                           Min: 0, Avg:  0.0, Max: 0, Diff: 0, Sum: 0, Workers: 4
[260.973s][debug][gc,phases      ] GC(16)     Total                          Min: 0, Avg:  0.0, Max: 0, Diff: 0, Sum: 0, Workers: 4
[260.973s][debug][gc,phases      ] GC(16)   StringTable Weak               Min:  0.0, Avg:  0.1, Max:  0.1, Diff:  0.1, Sum:  0.4, Workers: 4
[260.973s][debug][gc,phases      ] GC(16)     Dead                           Min: 0, Avg:  0.8, Max: 3, Diff: 3, Sum: 3, Workers: 4
[260.973s][debug][gc,phases      ] GC(16)     Total                          Min: 0, Avg: 11361.2, Max: 20357, Diff: 20357, Sum: 45445, Workers: 4
[260.973s][debug][gc,phases      ] GC(16)   ResolvedMethodTable Weak       Min:  0.0, Avg:  0.0, Max:  0.0, Diff:  0.0, Sum:  0.1, Workers: 4
[260.973s][debug][gc,phases      ] GC(16)     Dead                           Min: 0, Avg:  4.0, Max: 11, Diff: 11, Sum: 16, Workers: 4
[260.973s][debug][gc,phases      ] GC(16)     Total                          Min: 0, Avg: 3585.0, Max: 6192, Diff: 6192, Sum: 14340, Workers: 4
[260.973s][debug][gc,phases      ] GC(16)   JNI Weak                       Min:  0.0, Avg:  0.0, Max:  0.0, Diff:  0.0, Sum:  0.0, Workers: 4
[260.973s][debug][gc,phases      ] GC(16)     Dead                           Min: 0, Avg:  0.0, Max: 0, Diff: 0, Sum: 0, Workers: 4
[260.973s][debug][gc,phases      ] GC(16)     Total                          Min: 0, Avg: 13.0, Max: 52, Diff: 52, Sum: 52, Workers: 4
[260.973s][debug][gc,phases      ] GC(16)   StringDedup Table Weak         Min:  0.0, Avg:  0.0, Max:  0.0, Diff:  0.0, Sum:  0.0, Workers: 4
[260.973s][debug][gc,phases      ] GC(16)     Dead                           Min: 0, Avg:  0.0, Max: 0, Diff: 0, Sum: 0, Workers: 4
[260.973s][debug][gc,phases      ] GC(16)     Total                          Min: 0, Avg:  0.0, Max: 0, Diff: 0, Sum: 0, Workers: 4
[260.973s][debug][gc,phases      ] GC(16)   StringDedup Requests0 Weak     Min:  0.0, Avg:  0.0, Max:  0.0, Diff:  0.0, Sum:  0.0, Workers: 4
[260.973s][debug][gc,phases      ] GC(16)     Dead                           Min: 0, Avg:  0.0, Max: 0, Diff: 0, Sum: 0, Workers: 4
[260.973s][debug][gc,phases      ] GC(16)     Total                          Min: 0, Avg:  0.0, Max: 0, Diff: 0, Sum: 0, Workers: 4
[260.973s][debug][gc,phases      ] GC(16)   StringDedup Requests1 Weak     Min:  0.0, Avg:  0.0, Max:  0.0, Diff:  0.0, Sum:  0.0, Workers: 4
[260.973s][debug][gc,phases      ] GC(16)     Dead                           Min: 0, Avg:  0.0, Max: 0, Diff: 0, Sum: 0, Workers: 4
[260.973s][debug][gc,phases      ] GC(16)     Total                          Min: 0, Avg:  0.0, Max: 0, Diff: 0, Sum: 0, Workers: 4
[260.973s][debug][gc,phases      ] GC(16)   Weak JFR Old Object Samples    Min:  0.0, Avg:  0.0, Max:  0.0, Diff:  0.0, Sum:  0.0, Workers: 4
[260.973s][debug][gc,phases      ] GC(16)     Dead                           Min: 0, Avg:  0.0, Max: 0, Diff: 0, Sum: 0, Workers: 4
[260.973s][debug][gc,phases      ] GC(16)     Total                          Min: 0, Avg:  0.0, Max: 0, Diff: 0, Sum: 0, Workers: 4
[260.973s][debug][gc,phases      ] GC(16) Weak Processing 0.355ms
[260.973s][debug][gc,age         ] GC(16) Desired survivor size 221773824 bytes, new threshold 1 (max threshold 15)
[260.973s][info ][gc,heap        ] GC(16) PSYoungGen: 1663776K(1878016K)->3136K(1876992K) Eden: 1657856K(1657856K)->0K(1657856K) From: 5920K(220160K)->3136K(219136K)
[260.973s][info ][gc,heap        ] GC(16) ParOldGen: 232210K(232448K)->235975K(236032K)
[260.973s][info ][gc,metaspace   ] GC(16) Metaspace: 102700K(103808K)->102700K(103808K) NonClass: 87022K(87616K)->87022K(87616K) Class: 15677K(16192K)->15677K(16192K)
[260.973s][info ][gc             ] GC(16) Pause Young (Allocation Failure) 1851M->233M(2063M) 4.738ms
[260.973s][info ][gc,cpu         ] GC(16) User=0.02s Sys=0.00s Real=0.01s
[260.973s][info ][safepoint      ] Safepoint "ParallelGCFailedAllocation", Time since last: 368486920 ns, Reaching safepoint: 6000 ns, Cleanup: 3900 ns, At safepoint: 4800942 ns, Total: 4810842 ns
[261.973s][info ][safepoint      ] Safepoint "Cleanup", Time since last: 1000080737 ns, Reaching safepoint: 5500 ns, Cleanup: 10700 ns, At safepoint: 1600 ns, Total: 17800 ns
[265.973s][info ][safepoint      ] Safepoint "Cleanup", Time since last: 4000315233 ns, Reaching safepoint: 6200 ns, Cleanup: 7300 ns, At safepoint: 2000 ns, Total: 15500 ns
[266.974s][info ][safepoint      ] Safepoint "Cleanup", Time since last: 1000124419 ns, Reaching safepoint: 84100 ns, Cleanup: 11600 ns, At safepoint: 26401 ns, Total: 122101 ns
[268.974s][info ][safepoint      ] Safepoint "Cleanup", Time since last: 2000184536 ns, Reaching safepoint: 5700 ns, Cleanup: 11500 ns, At safepoint: 2200 ns, Total: 19400 ns
[269.974s][info ][safepoint      ] Safepoint "Cleanup", Time since last: 1000096118 ns, Reaching safepoint: 5200 ns, Cleanup: 10900 ns, At safepoint: 1700 ns, Total: 17800 ns
[270.974s][info ][safepoint      ] Safepoint "Cleanup", Time since last: 1000056918 ns, Reaching safepoint: 5600 ns, Cleanup: 9600 ns, At safepoint: 1800 ns, Total: 17000 ns
[271.974s][info ][safepoint      ] Safepoint "Cleanup", Time since last: 1000104318 ns, Reaching safepoint: 5300 ns, Cleanup: 41800 ns, At safepoint: 1900 ns, Total: 49000 ns
[272.974s][info ][safepoint      ] Safepoint "Cleanup", Time since last: 1000109918 ns, Reaching safepoint: 6200 ns, Cleanup: 10301 ns, At safepoint: 1900 ns, Total: 18401 ns
[273.974s][info ][safepoint      ] Safepoint "Cleanup", Time since last: 1000104317 ns, Reaching safepoint: 5400 ns, Cleanup: 10700 ns, At safepoint: 1800 ns, Total: 17900 ns
[275.975s][info ][safepoint      ] Safepoint "Cleanup", Time since last: 2000177833 ns, Reaching safepoint: 6201 ns, Cleanup: 8600 ns, At safepoint: 2000 ns, Total: 16801 ns
[279.975s][info ][safepoint      ] Safepoint "Cleanup", Time since last: 4000312767 ns, Reaching safepoint: 8100 ns, Cleanup: 44800 ns, At safepoint: 7400 ns, Total: 60300 ns
[280.975s][info ][safepoint      ] Safepoint "Cleanup", Time since last: 1000127217 ns, Reaching safepoint: 6300 ns, Cleanup: 15600 ns, At safepoint: 2000 ns, Total: 23900 ns
[281.975s][info ][safepoint      ] Safepoint "Cleanup", Time since last: 1000113911 ns, Reaching safepoint: 6200 ns, Cleanup: 14600 ns, At safepoint: 2100 ns, Total: 22900 ns
[282.975s][info ][safepoint      ] Safepoint "Cleanup", Time since last: 1000101209 ns, Reaching safepoint: 5900 ns, Cleanup: 11800 ns, At safepoint: 2000 ns, Total: 19700 ns
[283.976s][info ][safepoint      ] Safepoint "Cleanup", Time since last: 1000104509 ns, Reaching safepoint: 6201 ns, Cleanup: 17700 ns, At safepoint: 1900 ns, Total: 25801 ns
[284.976s][info ][safepoint      ] Safepoint "Cleanup", Time since last: 1000100709 ns, Reaching safepoint: 5500 ns, Cleanup: 15700 ns, At safepoint: 1700 ns, Total: 22900 ns
[287.976s][info ][safepoint      ] Safepoint "Cleanup", Time since last: 3000299427 ns, Reaching safepoint: 5500 ns, Cleanup: 14500 ns, At safepoint: 1900 ns, Total: 21900 ns
[288.976s][info ][safepoint      ] Safepoint "Cleanup", Time since last: 1000103410 ns, Reaching safepoint: 6300 ns, Cleanup: 6100 ns, At safepoint: 1700 ns, Total: 14100 ns
[290.976s][info ][safepoint      ] Safepoint "Cleanup", Time since last: 2000177912 ns, Reaching safepoint: 6100 ns, Cleanup: 13300 ns, At safepoint: 2000 ns, Total: 21400 ns
[291.976s][info ][safepoint      ] Safepoint "Cleanup", Time since last: 1000112006 ns, Reaching safepoint: 5800 ns, Cleanup: 7600 ns, At safepoint: 2500 ns, Total: 15900 ns
[292.977s][info ][safepoint      ] Safepoint "Cleanup", Time since last: 1000110706 ns, Reaching safepoint: 5300 ns, Cleanup: 8400 ns, At safepoint: 2000 ns, Total: 15700 ns
[293.977s][info ][safepoint      ] Safepoint "Cleanup", Time since last: 1000102506 ns, Reaching safepoint: 5500 ns, Cleanup: 7600 ns, At safepoint: 1700 ns, Total: 14800 ns
[294.977s][info ][safepoint      ] Safepoint "Cleanup", Time since last: 1000116806 ns, Reaching safepoint: 5600 ns, Cleanup: 9501 ns, At safepoint: 1700 ns, Total: 16801 ns
[296.977s][info ][safepoint      ] Safepoint "Cleanup", Time since last: 2000180811 ns, Reaching safepoint: 5200 ns, Cleanup: 11000 ns, At safepoint: 1600 ns, Total: 17800 ns
[297.977s][info ][safepoint      ] Safepoint "Cleanup", Time since last: 1000103231 ns, Reaching safepoint: 6100 ns, Cleanup: 10400 ns, At safepoint: 1900 ns, Total: 18400 ns
[298.977s][info ][safepoint      ] Safepoint "Cleanup", Time since last: 1000100636 ns, Reaching safepoint: 6000 ns, Cleanup: 10200 ns, At safepoint: 1500 ns, Total: 17700 ns
[299.977s][info ][safepoint      ] Safepoint "Cleanup", Time since last: 1000101136 ns, Reaching safepoint: 5200 ns, Cleanup: 7500 ns, At safepoint: 1600 ns, Total: 14300 ns
[301.120s][info ][safepoint      ] Safepoint "Cleanup", Time since last: 1142362478 ns, Reaching safepoint: 80601 ns, Cleanup: 11200 ns, At safepoint: 6400 ns, Total: 98201 ns
[301.570s][info ][gc,start       ] GC(17) Pause Young (Allocation Failure)
[301.573s][debug][gc,phases      ] GC(17) Scavenge 2.950ms
[301.573s][debug][gc,ref         ] GC(17) ReferenceProcessor::execute queues: 1, RefProcThreadModel::Single, marks_oops_alive: false
[301.573s][debug][gc,ref         ] GC(17) Skipped KeepAliveFinalRefsPhase of Reference Processing: no references
[301.573s][debug][gc,ref         ] GC(17) ReferenceProcessor::execute queues: 1, RefProcThreadModel::Single, marks_oops_alive: false
[301.573s][debug][gc,phases      ] GC(17) Reference Processing 0.101ms
[301.574s][debug][gc,phases      ] GC(17)   VM Weak                        Min:  0.0, Avg:  0.0, Max:  0.0, Diff:  0.0, Sum:  0.0, Workers: 4
[301.574s][debug][gc,phases      ] GC(17)     Dead                           Min: 0, Avg:  0.0, Max: 0, Diff: 0, Sum: 0, Workers: 4
[301.574s][debug][gc,phases      ] GC(17)     Total                          Min: 0, Avg: 217.8, Max: 679, Diff: 679, Sum: 871, Workers: 4
[301.574s][debug][gc,phases      ] GC(17)   ObjectSynchronizer Weak        Min:  0.0, Avg:  0.0, Max:  0.0, Diff:  0.0, Sum:  0.0, Workers: 4
[301.574s][debug][gc,phases      ] GC(17)     Dead                           Min: 0, Avg:  0.0, Max: 0, Diff: 0, Sum: 0, Workers: 4
[301.574s][debug][gc,phases      ] GC(17)     Total                          Min: 0, Avg:  0.8, Max: 3, Diff: 3, Sum: 3, Workers: 4
[301.574s][debug][gc,phases      ] GC(17)   JVMTI Tag Weak OopStorage      Min:  0.0, Avg:  0.0, Max:  0.0, Diff:  0.0, Sum:  0.0, Workers: 4
[301.574s][debug][gc,phases      ] GC(17)     Dead                           Min: 0, Avg:  0.0, Max: 0, Diff: 0, Sum: 0, Workers: 4
[301.574s][debug][gc,phases      ] GC(17)     Total                          Min: 0, Avg:  0.0, Max: 0, Diff: 0, Sum: 0, Workers: 4
[301.574s][debug][gc,phases      ] GC(17)   StringTable Weak               Min:  0.0, Avg:  0.1, Max:  0.1, Diff:  0.1, Sum:  0.4, Workers: 4
[301.574s][debug][gc,phases      ] GC(17)     Dead                           Min: 0, Avg:  0.0, Max: 0, Diff: 0, Sum: 0, Workers: 4
[301.574s][debug][gc,phases      ] GC(17)     Total                          Min: 0, Avg: 11363.8, Max: 19264, Diff: 19264, Sum: 45455, Workers: 4
[301.574s][debug][gc,phases      ] GC(17)   ResolvedMethodTable Weak       Min:  0.0, Avg:  0.0, Max:  0.0, Diff:  0.0, Sum:  0.1, Workers: 4
[301.574s][debug][gc,phases      ] GC(17)     Dead                           Min: 0, Avg:  4.0, Max: 16, Diff: 16, Sum: 16, Workers: 4
[301.574s][debug][gc,phases      ] GC(17)     Total                          Min: 0, Avg: 3585.2, Max: 6007, Diff: 6007, Sum: 14341, Workers: 4
[301.574s][debug][gc,phases      ] GC(17)   JNI Weak                       Min:  0.0, Avg:  0.0, Max:  0.0, Diff:  0.0, Sum:  0.0, Workers: 4
[301.574s][debug][gc,phases      ] GC(17)     Dead                           Min: 0, Avg:  0.0, Max: 0, Diff: 0, Sum: 0, Workers: 4
[301.574s][debug][gc,phases      ] GC(17)     Total                          Min: 0, Avg: 13.0, Max: 52, Diff: 52, Sum: 52, Workers: 4
[301.574s][debug][gc,phases      ] GC(17)   StringDedup Table Weak         Min:  0.0, Avg:  0.0, Max:  0.0, Diff:  0.0, Sum:  0.0, Workers: 4
[301.574s][debug][gc,phases      ] GC(17)     Dead                           Min: 0, Avg:  0.0, Max: 0, Diff: 0, Sum: 0, Workers: 4
[301.574s][debug][gc,phases      ] GC(17)     Total                          Min: 0, Avg:  0.0, Max: 0, Diff: 0, Sum: 0, Workers: 4
[301.574s][debug][gc,phases      ] GC(17)   StringDedup Requests0 Weak     Min:  0.0, Avg:  0.0, Max:  0.0, Diff:  0.0, Sum:  0.0, Workers: 4
[301.574s][debug][gc,phases      ] GC(17)     Dead                           Min: 0, Avg:  0.0, Max: 0, Diff: 0, Sum: 0, Workers: 4
[301.574s][debug][gc,phases      ] GC(17)     Total                          Min: 0, Avg:  0.0, Max: 0, Diff: 0, Sum: 0, Workers: 4
[301.574s][debug][gc,phases      ] GC(17)   StringDedup Requests1 Weak     Min:  0.0, Avg:  0.0, Max:  0.0, Diff:  0.0, Sum:  0.0, Workers: 4
[301.574s][debug][gc,phases      ] GC(17)     Dead                           Min: 0, Avg:  0.0, Max: 0, Diff: 0, Sum: 0, Workers: 4
[301.574s][debug][gc,phases      ] GC(17)     Total                          Min: 0, Avg:  0.0, Max: 0, Diff: 0, Sum: 0, Workers: 4
[301.574s][debug][gc,phases      ] GC(17)   Weak JFR Old Object Samples    Min:  0.0, Avg:  0.0, Max:  0.0, Diff:  0.0, Sum:  0.0, Workers: 4
[301.574s][debug][gc,phases      ] GC(17)     Dead                           Min: 0, Avg:  0.0, Max: 0, Diff: 0, Sum: 0, Workers: 4
[301.574s][debug][gc,phases      ] GC(17)     Total                          Min: 0, Avg:  0.0, Max: 0, Diff: 0, Sum: 0, Workers: 4
[301.574s][debug][gc,phases      ] GC(17) Weak Processing 0.358ms
[301.574s][debug][gc,age         ] GC(17) Desired survivor size 217579520 bytes, new threshold 1 (max threshold 15)
[301.574s][info ][gc,heap        ] GC(17) PSYoungGen: 1660992K(1876992K)->2912K(1884672K) Eden: 1657856K(1657856K)->0K(1668096K) From: 3136K(219136K)->2912K(216576K)
[301.574s][info ][gc,heap        ] GC(17) ParOldGen: 235975K(236032K)->237055K(237056K)
[301.574s][info ][gc,metaspace   ] GC(17) Metaspace: 102775K(103936K)->102775K(103936K) NonClass: 87096K(87744K)->87096K(87744K) Class: 15678K(16192K)->15678K(16192K)
[301.574s][info ][gc             ] GC(17) Pause Young (Allocation Failure) 1852M->234M(2072M) 3.502ms
[301.574s][info ][gc,cpu         ] GC(17) User=0.01s Sys=0.00s Real=0.00s
[301.574s][info ][safepoint      ] Safepoint "ParallelGCFailedAllocation", Time since last: 450483235 ns, Reaching safepoint: 4900 ns, Cleanup: 12400 ns, At safepoint: 3552631 ns, Total: 3569931 ns
[302.574s][info ][safepoint      ] Safepoint "Cleanup", Time since last: 1000089336 ns, Reaching safepoint: 6000 ns, Cleanup: 16500 ns, At safepoint: 2200 ns, Total: 24700 ns
[303.574s][info ][safepoint      ] Safepoint "Cleanup", Time since last: 1000101636 ns, Reaching safepoint: 5600 ns, Cleanup: 8400 ns, At safepoint: 2000 ns, Total: 16000 ns
[304.574s][info ][safepoint      ] Safepoint "Cleanup", Time since last: 1000110836 ns, Reaching safepoint: 6000 ns, Cleanup: 15100 ns, At safepoint: 2300 ns, Total: 23400 ns
[307.575s][info ][safepoint      ] Safepoint "Cleanup", Time since last: 3000258830 ns, Reaching safepoint: 6000 ns, Cleanup: 8300 ns, At safepoint: 1800 ns, Total: 16100 ns
[308.575s][info ][safepoint      ] Safepoint "Cleanup", Time since last: 1000107604 ns, Reaching safepoint: 6200 ns, Cleanup: 9800 ns, At safepoint: 2700 ns, Total: 18700 ns
[309.575s][info ][safepoint      ] Safepoint "Cleanup", Time since last: 1000114704 ns, Reaching safepoint: 5401 ns, Cleanup: 16200 ns, At safepoint: 1700 ns, Total: 23301 ns
[310.575s][info ][safepoint      ] Safepoint "Cleanup", Time since last: 1000107804 ns, Reaching safepoint: 5500 ns, Cleanup: 7500 ns, At safepoint: 1800 ns, Total: 14800 ns
[312.575s][info ][safepoint      ] Safepoint "Cleanup", Time since last: 2000176007 ns, Reaching safepoint: 5800 ns, Cleanup: 9901 ns, At safepoint: 2200 ns, Total: 17901 ns
[313.802s][info ][safepoint      ] Safepoint "Cleanup", Time since last: 1226432681 ns, Reaching safepoint: 5500 ns, Cleanup: 112801 ns, At safepoint: 2800 ns, Total: 121101 ns
[314.802s][info ][safepoint      ] Safepoint "Cleanup", Time since last: 1000098115 ns, Reaching safepoint: 5600 ns, Cleanup: 9300 ns, At safepoint: 1800 ns, Total: 16700 ns
[317.802s][info ][safepoint      ] Safepoint "Cleanup", Time since last: 3000242846 ns, Reaching safepoint: 5800 ns, Cleanup: 9901 ns, At safepoint: 1900 ns, Total: 17601 ns
[320.802s][info ][safepoint      ] Safepoint "Cleanup", Time since last: 3000243046 ns, Reaching safepoint: 5900 ns, Cleanup: 9100 ns, At safepoint: 1800 ns, Total: 16800 ns
[323.803s][info ][safepoint      ] Safepoint "Cleanup", Time since last: 3000243834 ns, Reaching safepoint: 4600 ns, Cleanup: 15300 ns, At safepoint: 2100 ns, Total: 22000 ns
[325.803s][info ][safepoint      ] Safepoint "Cleanup", Time since last: 2000175022 ns, Reaching safepoint: 7100 ns, Cleanup: 22500 ns, At safepoint: 2700 ns, Total: 32300 ns
[326.803s][info ][safepoint      ] Safepoint "Cleanup", Time since last: 1000115611 ns, Reaching safepoint: 6200 ns, Cleanup: 9200 ns, At safepoint: 1701 ns, Total: 17101 ns
[327.803s][info ][safepoint      ] Safepoint "Cleanup", Time since last: 1000110511 ns, Reaching safepoint: 6000 ns, Cleanup: 7800 ns, At safepoint: 2300 ns, Total: 16100 ns
[330.803s][info ][safepoint      ] Safepoint "Cleanup", Time since last: 3000253458 ns, Reaching safepoint: 5600 ns, Cleanup: 8700 ns, At safepoint: 2100 ns, Total: 16400 ns
[333.804s][info ][safepoint      ] Safepoint "Cleanup", Time since last: 3000252280 ns, Reaching safepoint: 5300 ns, Cleanup: 9601 ns, At safepoint: 1900 ns, Total: 16801 ns
[334.804s][info ][safepoint      ] Safepoint "Cleanup", Time since last: 1000102527 ns, Reaching safepoint: 6100 ns, Cleanup: 7200 ns, At safepoint: 1700 ns, Total: 15000 ns
[335.804s][info ][safepoint      ] Safepoint "Cleanup", Time since last: 1000113927 ns, Reaching safepoint: 6000 ns, Cleanup: 6700 ns, At safepoint: 1800 ns, Total: 14500 ns
[336.804s][info ][safepoint      ] Safepoint "Cleanup", Time since last: 1000105127 ns, Reaching safepoint: 5200 ns, Cleanup: 7600 ns, At safepoint: 1900 ns, Total: 14700 ns
[337.804s][info ][safepoint      ] Safepoint "Cleanup", Time since last: 1000103337 ns, Reaching safepoint: 5700 ns, Cleanup: 11200 ns, At safepoint: 1900 ns, Total: 18800 ns
[338.322s][info ][gc,start       ] GC(18) Pause Young (Allocation Failure)
[338.325s][debug][gc,phases      ] GC(18) Scavenge 3.175ms
[338.325s][debug][gc,ref         ] GC(18) ReferenceProcessor::execute queues: 1, RefProcThreadModel::Single, marks_oops_alive: false
[338.325s][debug][gc,ref         ] GC(18) Skipped KeepAliveFinalRefsPhase of Reference Processing: no references
[338.325s][debug][gc,ref         ] GC(18) ReferenceProcessor::execute queues: 1, RefProcThreadModel::Single, marks_oops_alive: false
[338.325s][debug][gc,phases      ] GC(18) Reference Processing 0.099ms
[338.325s][debug][gc,phases      ] GC(18)   VM Weak                        Min:  0.0, Avg:  0.0, Max:  0.0, Diff:  0.0, Sum:  0.0, Workers: 4
[338.325s][debug][gc,phases      ] GC(18)     Dead                           Min: 0, Avg:  0.0, Max: 0, Diff: 0, Sum: 0, Workers: 4
[338.325s][debug][gc,phases      ] GC(18)     Total                          Min: 0, Avg: 218.0, Max: 448, Diff: 448, Sum: 872, Workers: 4
[338.325s][debug][gc,phases      ] GC(18)   ObjectSynchronizer Weak        Min:  0.0, Avg:  0.0, Max:  0.0, Diff:  0.0, Sum:  0.0, Workers: 4
[338.325s][debug][gc,phases      ] GC(18)     Dead                           Min: 0, Avg:  0.0, Max: 0, Diff: 0, Sum: 0, Workers: 4
[338.325s][debug][gc,phases      ] GC(18)     Total                          Min: 0, Avg:  1.0, Max: 4, Diff: 4, Sum: 4, Workers: 4
[338.325s][debug][gc,phases      ] GC(18)   JVMTI Tag Weak OopStorage      Min:  0.0, Avg:  0.0, Max:  0.0, Diff:  0.0, Sum:  0.0, Workers: 4
[338.325s][debug][gc,phases      ] GC(18)     Dead                           Min: 0, Avg:  0.0, Max: 0, Diff: 0, Sum: 0, Workers: 4
[338.325s][debug][gc,phases      ] GC(18)     Total                          Min: 0, Avg:  0.0, Max: 0, Diff: 0, Sum: 0, Workers: 4
[338.325s][debug][gc,phases      ] GC(18)   StringTable Weak               Min:  0.0, Avg:  0.1, Max:  0.1, Diff:  0.1, Sum:  0.4, Workers: 4
[338.325s][debug][gc,phases      ] GC(18)     Dead                           Min: 0, Avg:  0.5, Max: 2, Diff: 2, Sum: 2, Workers: 4
[338.325s][debug][gc,phases      ] GC(18)     Total                          Min: 0, Avg: 11381.8, Max: 18647, Diff: 18647, Sum: 45527, Workers: 4
[338.325s][debug][gc,phases      ] GC(18)   ResolvedMethodTable Weak       Min:  0.0, Avg:  0.0, Max:  0.0, Diff:  0.0, Sum:  0.1, Workers: 4
[338.325s][debug][gc,phases      ] GC(18)     Dead                           Min: 0, Avg:  6.5, Max: 17, Diff: 17, Sum: 26, Workers: 4
[338.325s][debug][gc,phases      ] GC(18)     Total                          Min: 0, Avg: 3597.2, Max: 6041, Diff: 6041, Sum: 14389, Workers: 4
[338.325s][debug][gc,phases      ] GC(18)   JNI Weak                       Min:  0.0, Avg:  0.0, Max:  0.0, Diff:  0.0, Sum:  0.0, Workers: 4
[338.325s][debug][gc,phases      ] GC(18)     Dead                           Min: 0, Avg:  0.0, Max: 0, Diff: 0, Sum: 0, Workers: 4
[338.325s][debug][gc,phases      ] GC(18)     Total                          Min: 0, Avg: 13.0, Max: 52, Diff: 52, Sum: 52, Workers: 4
[338.325s][debug][gc,phases      ] GC(18)   StringDedup Table Weak         Min:  0.0, Avg:  0.0, Max:  0.0, Diff:  0.0, Sum:  0.0, Workers: 4
[338.325s][debug][gc,phases      ] GC(18)     Dead                           Min: 0, Avg:  0.0, Max: 0, Diff: 0, Sum: 0, Workers: 4
[338.325s][debug][gc,phases      ] GC(18)     Total                          Min: 0, Avg:  0.0, Max: 0, Diff: 0, Sum: 0, Workers: 4
[338.325s][debug][gc,phases      ] GC(18)   StringDedup Requests0 Weak     Min:  0.0, Avg:  0.0, Max:  0.0, Diff:  0.0, Sum:  0.0, Workers: 4
[338.325s][debug][gc,phases      ] GC(18)     Dead                           Min: 0, Avg:  0.0, Max: 0, Diff: 0, Sum: 0, Workers: 4
[338.325s][debug][gc,phases      ] GC(18)     Total                          Min: 0, Avg:  0.0, Max: 0, Diff: 0, Sum: 0, Workers: 4
[338.325s][debug][gc,phases      ] GC(18)   StringDedup Requests1 Weak     Min:  0.0, Avg:  0.0, Max:  0.0, Diff:  0.0, Sum:  0.0, Workers: 4
[338.325s][debug][gc,phases      ] GC(18)     Dead                           Min: 0, Avg:  0.0, Max: 0, Diff: 0, Sum: 0, Workers: 4
[338.325s][debug][gc,phases      ] GC(18)     Total                          Min: 0, Avg:  0.0, Max: 0, Diff: 0, Sum: 0, Workers: 4
[338.325s][debug][gc,phases      ] GC(18)   Weak JFR Old Object Samples    Min:  0.0, Avg:  0.0, Max:  0.0, Diff:  0.0, Sum:  0.0, Workers: 4
[338.325s][debug][gc,phases      ] GC(18)     Dead                           Min: 0, Avg:  0.0, Max: 0, Diff: 0, Sum: 0, Workers: 4
[338.325s][debug][gc,phases      ] GC(18)     Total                          Min: 0, Avg:  0.0, Max: 0, Diff: 0, Sum: 0, Workers: 4
[338.325s][debug][gc,phases      ] GC(18) Weak Processing 0.351ms
[338.325s][debug][gc,age         ] GC(18) Desired survivor size 211812352 bytes, new threshold 1 (max threshold 15)
[338.325s][info ][gc,heap        ] GC(18) PSYoungGen: 1671008K(1884672K)->2960K(1880576K) Eden: 1668096K(1668096K)->0K(1668096K) From: 2912K(216576K)->2960K(212480K)
[338.325s][info ][gc,heap        ] GC(18) ParOldGen: 237055K(237056K)->237923K(238080K)
[338.325s][info ][gc,metaspace   ] GC(18) Metaspace: 103117K(104192K)->103117K(104192K) NonClass: 87407K(88000K)->87407K(88000K) Class: 15709K(16192K)->15709K(16192K)
[338.325s][info ][gc             ] GC(18) Pause Young (Allocation Failure) 1863M->235M(2069M) 3.720ms
[338.325s][info ][gc,cpu         ] GC(18) User=0.01s Sys=0.00s Real=0.00s
[338.325s][info ][safepoint      ] Safepoint "ParallelGCFailedAllocation", Time since last: 517449824 ns, Reaching safepoint: 6300 ns, Cleanup: 5901 ns, At safepoint: 3777433 ns, Total: 3789634 ns
[340.325s][info ][safepoint      ] Safepoint "Cleanup", Time since last: 2000156487 ns, Reaching safepoint: 9200 ns, Cleanup: 13800 ns, At safepoint: 3600 ns, Total: 26600 ns
[341.326s][info ][safepoint      ] Safepoint "Cleanup", Time since last: 1000123745 ns, Reaching safepoint: 6000 ns, Cleanup: 8900 ns, At safepoint: 2300 ns, Total: 17200 ns
[342.326s][info ][safepoint      ] Safepoint "Cleanup", Time since last: 1000103044 ns, Reaching safepoint: 5900 ns, Cleanup: 8500 ns, At safepoint: 2000 ns, Total: 16400 ns
[345.326s][info ][safepoint      ] Safepoint "Cleanup", Time since last: 3000242577 ns, Reaching safepoint: 6300 ns, Cleanup: 9300 ns, At safepoint: 2200 ns, Total: 17800 ns
[347.326s][info ][safepoint      ] Safepoint "Cleanup", Time since last: 2000183873 ns, Reaching safepoint: 5900 ns, Cleanup: 11700 ns, At safepoint: 2401 ns, Total: 20001 ns
[348.326s][info ][safepoint      ] Safepoint "Cleanup", Time since last: 1000113486 ns, Reaching safepoint: 5900 ns, Cleanup: 19801 ns, At safepoint: 2300 ns, Total: 28001 ns
[349.326s][info ][safepoint      ] Safepoint "Cleanup", Time since last: 1000112787 ns, Reaching safepoint: 6000 ns, Cleanup: 14900 ns, At safepoint: 2100 ns, Total: 23000 ns
[350.327s][info ][safepoint      ] Safepoint "Cleanup", Time since last: 1000112787 ns, Reaching safepoint: 6200 ns, Cleanup: 9200 ns, At safepoint: 2200 ns, Total: 17600 ns
[352.327s][info ][safepoint      ] Safepoint "Cleanup", Time since last: 2000185773 ns, Reaching safepoint: 6000 ns, Cleanup: 7500 ns, At safepoint: 2100 ns, Total: 15600 ns
[353.327s][info ][safepoint      ] Safepoint "Cleanup", Time since last: 1000118717 ns, Reaching safepoint: 6200 ns, Cleanup: 7001 ns, At safepoint: 2200 ns, Total: 15401 ns
[355.327s][info ][safepoint      ] Safepoint "Cleanup", Time since last: 2000173920 ns, Reaching safepoint: 6700 ns, Cleanup: 11800 ns, At safepoint: 2700 ns, Total: 21200 ns
[356.327s][info ][safepoint      ] Safepoint "Cleanup", Time since last: 1000140761 ns, Reaching safepoint: 6300 ns, Cleanup: 8700 ns, At safepoint: 2000 ns, Total: 17000 ns
[357.327s][info ][safepoint      ] Safepoint "Cleanup", Time since last: 1000112261 ns, Reaching safepoint: 6500 ns, Cleanup: 9900 ns, At safepoint: 2100 ns, Total: 18500 ns
[359.328s][info ][safepoint      ] Safepoint "Cleanup", Time since last: 2000181121 ns, Reaching safepoint: 6000 ns, Cleanup: 10600 ns, At safepoint: 2300 ns, Total: 18900 ns
[362.137s][info ][safepoint      ] Safepoint "Cleanup", Time since last: 2809215813 ns, Reaching safepoint: 5400 ns, Cleanup: 9500 ns, At safepoint: 1500 ns, Total: 16400 ns
[363.137s][info ][safepoint      ] Safepoint "Cleanup", Time since last: 1000097734 ns, Reaching safepoint: 4500 ns, Cleanup: 7000 ns, At safepoint: 1600 ns, Total: 13100 ns
[364.137s][info ][safepoint      ] Safepoint "Cleanup", Time since last: 1000089534 ns, Reaching safepoint: 5000 ns, Cleanup: 13500 ns, At safepoint: 1500 ns, Total: 20000 ns
[365.137s][info ][safepoint      ] Safepoint "Cleanup", Time since last: 1000095335 ns, Reaching safepoint: 5100 ns, Cleanup: 9300 ns, At safepoint: 2400 ns, Total: 16800 ns
[366.137s][info ][safepoint      ] Safepoint "Cleanup", Time since last: 1000099134 ns, Reaching safepoint: 5200 ns, Cleanup: 11600 ns, At safepoint: 1700 ns, Total: 18500 ns
[367.137s][info ][safepoint      ] Safepoint "Cleanup", Time since last: 1000098834 ns, Reaching safepoint: 5100 ns, Cleanup: 10700 ns, At safepoint: 1900 ns, Total: 17700 ns
[368.138s][info ][safepoint      ] Safepoint "Cleanup", Time since last: 1000104835 ns, Reaching safepoint: 5800 ns, Cleanup: 12600 ns, At safepoint: 2200 ns, Total: 20600 ns
[369.138s][info ][safepoint      ] Safepoint "Cleanup", Time since last: 1000097234 ns, Reaching safepoint: 5800 ns, Cleanup: 7700 ns, At safepoint: 1800 ns, Total: 15300 ns
[371.138s][info ][safepoint      ] Safepoint "Cleanup", Time since last: 2000176172 ns, Reaching safepoint: 5600 ns, Cleanup: 7700 ns, At safepoint: 2000 ns, Total: 15300 ns
[372.138s][info ][safepoint      ] Safepoint "Cleanup", Time since last: 1000098143 ns, Reaching safepoint: 5600 ns, Cleanup: 10300 ns, At safepoint: 1600 ns, Total: 17500 ns
[376.138s][info ][safepoint      ] Safepoint "Cleanup", Time since last: 4000316369 ns, Reaching safepoint: 6000 ns, Cleanup: 8200 ns, At safepoint: 1700 ns, Total: 15900 ns
[376.472s][info ][gc,start       ] GC(19) Pause Young (Allocation Failure)
[376.477s][debug][gc,phases      ] GC(19) Scavenge 4.957ms
[376.477s][debug][gc,ref         ] GC(19) ReferenceProcessor::execute queues: 1, RefProcThreadModel::Single, marks_oops_alive: false
[376.477s][debug][gc,ref         ] GC(19) Skipped KeepAliveFinalRefsPhase of Reference Processing: no references
[376.477s][debug][gc,ref         ] GC(19) ReferenceProcessor::execute queues: 1, RefProcThreadModel::Single, marks_oops_alive: false
[376.477s][debug][gc,phases      ] GC(19) Reference Processing 0.088ms
[376.477s][debug][gc,phases      ] GC(19)   VM Weak                        Min:  0.0, Avg:  0.0, Max:  0.0, Diff:  0.0, Sum:  0.0, Workers: 4
[376.477s][debug][gc,phases      ] GC(19)     Dead                           Min: 0, Avg:  0.0, Max: 0, Diff: 0, Sum: 0, Workers: 4
[376.477s][debug][gc,phases      ] GC(19)     Total                          Min: 0, Avg: 218.0, Max: 552, Diff: 552, Sum: 872, Workers: 4
[376.477s][debug][gc,phases      ] GC(19)   ObjectSynchronizer Weak        Min:  0.0, Avg:  0.0, Max:  0.0, Diff:  0.0, Sum:  0.0, Workers: 4
[376.477s][debug][gc,phases      ] GC(19)     Dead                           Min: 0, Avg:  0.0, Max: 0, Diff: 0, Sum: 0, Workers: 4
[376.477s][debug][gc,phases      ] GC(19)     Total                          Min: 0, Avg:  1.0, Max: 4, Diff: 4, Sum: 4, Workers: 4
[376.477s][debug][gc,phases      ] GC(19)   JVMTI Tag Weak OopStorage      Min:  0.0, Avg:  0.0, Max:  0.0, Diff:  0.0, Sum:  0.0, Workers: 4
[376.477s][debug][gc,phases      ] GC(19)     Dead                           Min: 0, Avg:  0.0, Max: 0, Diff: 0, Sum: 0, Workers: 4
[376.477s][debug][gc,phases      ] GC(19)     Total                          Min: 0, Avg:  0.0, Max: 0, Diff: 0, Sum: 0, Workers: 4
[376.477s][debug][gc,phases      ] GC(19)   StringTable Weak               Min:  0.0, Avg:  0.1, Max:  0.1, Diff:  0.1, Sum:  0.4, Workers: 4
[376.477s][debug][gc,phases      ] GC(19)     Dead                           Min: 0, Avg:  0.0, Max: 0, Diff: 0, Sum: 0, Workers: 4
[376.477s][debug][gc,phases      ] GC(19)     Total                          Min: 0, Avg: 11393.2, Max: 17088, Diff: 17088, Sum: 45573, Workers: 4
[376.477s][debug][gc,phases      ] GC(19)   ResolvedMethodTable Weak       Min:  0.0, Avg:  0.0, Max:  0.0, Diff:  0.0, Sum:  0.1, Workers: 4
[376.477s][debug][gc,phases      ] GC(19)     Dead                           Min: 0, Avg:  4.0, Max: 15, Diff: 15, Sum: 16, Workers: 4
[376.477s][debug][gc,phases      ] GC(19)     Total                          Min: 0, Avg: 3597.2, Max: 5448, Diff: 5448, Sum: 14389, Workers: 4
[376.478s][debug][gc,phases      ] GC(19)   JNI Weak                       Min:  0.0, Avg:  0.0, Max:  0.0, Diff:  0.0, Sum:  0.0, Workers: 4
[376.478s][debug][gc,phases      ] GC(19)     Dead                           Min: 0, Avg:  0.0, Max: 0, Diff: 0, Sum: 0, Workers: 4
[376.478s][debug][gc,phases      ] GC(19)     Total                          Min: 0, Avg: 13.0, Max: 52, Diff: 52, Sum: 52, Workers: 4
[376.478s][debug][gc,phases      ] GC(19)   StringDedup Table Weak         Min:  0.0, Avg:  0.0, Max:  0.0, Diff:  0.0, Sum:  0.0, Workers: 4
[376.478s][debug][gc,phases      ] GC(19)     Dead                           Min: 0, Avg:  0.0, Max: 0, Diff: 0, Sum: 0, Workers: 4
[376.478s][debug][gc,phases      ] GC(19)     Total                          Min: 0, Avg:  0.0, Max: 0, Diff: 0, Sum: 0, Workers: 4
[376.478s][debug][gc,phases      ] GC(19)   StringDedup Requests0 Weak     Min:  0.0, Avg:  0.0, Max:  0.0, Diff:  0.0, Sum:  0.0, Workers: 4
[376.478s][debug][gc,phases      ] GC(19)     Dead                           Min: 0, Avg:  0.0, Max: 0, Diff: 0, Sum: 0, Workers: 4
[376.478s][debug][gc,phases      ] GC(19)     Total                          Min: 0, Avg:  0.0, Max: 0, Diff: 0, Sum: 0, Workers: 4
[376.478s][debug][gc,phases      ] GC(19)   StringDedup Requests1 Weak     Min:  0.0, Avg:  0.0, Max:  0.0, Diff:  0.0, Sum:  0.0, Workers: 4
[376.478s][debug][gc,phases      ] GC(19)     Dead                           Min: 0, Avg:  0.0, Max: 0, Diff: 0, Sum: 0, Workers: 4
[376.478s][debug][gc,phases      ] GC(19)     Total                          Min: 0, Avg:  0.0, Max: 0, Diff: 0, Sum: 0, Workers: 4
[376.478s][debug][gc,phases      ] GC(19)   Weak JFR Old Object Samples    Min:  0.0, Avg:  0.0, Max:  0.0, Diff:  0.0, Sum:  0.0, Workers: 4
[376.478s][debug][gc,phases      ] GC(19)     Dead                           Min: 0, Avg:  0.0, Max: 0, Diff: 0, Sum: 0, Workers: 4
[376.478s][debug][gc,phases      ] GC(19)     Total                          Min: 0, Avg:  0.0, Max: 0, Diff: 0, Sum: 0, Workers: 4
[376.478s][debug][gc,phases      ] GC(19) Weak Processing 0.370ms
[376.478s][debug][gc,age         ] GC(19) Desired survivor size 204996608 bytes, new threshold 1 (max threshold 15)
[376.478s][info ][gc,heap        ] GC(19) PSYoungGen: 1671056K(1880576K)->3104K(1896960K) Eden: 1668096K(1668096K)->0K(1690112K) From: 2960K(212480K)->3104K(206848K)
[376.478s][info ][gc,heap        ] GC(19) ParOldGen: 237923K(238080K)->238763K(239104K)
[376.478s][info ][gc,metaspace   ] GC(19) Metaspace: 103174K(104320K)->103174K(104320K) NonClass: 87464K(88128K)->87464K(88128K) Class: 15709K(16192K)->15709K(16192K)
[376.478s][info ][gc             ] GC(19) Pause Young (Allocation Failure) 1864M->236M(2086M) 5.502ms
[376.478s][info ][gc,cpu         ] GC(19) User=0.01s Sys=0.00s Real=0.00s
[376.478s][info ][safepoint      ] Safepoint "ParallelGCFailedAllocation", Time since last: 333732284 ns, Reaching safepoint: 5800 ns, Cleanup: 3800 ns, At safepoint: 5571543 ns, Total: 5581143 ns
[377.478s][info ][safepoint      ] Safepoint "Cleanup", Time since last: 1000084575 ns, Reaching safepoint: 6100 ns, Cleanup: 7500 ns, At safepoint: 2000 ns, Total: 15600 ns
[378.478s][info ][safepoint      ] Safepoint "Cleanup", Time since last: 1000111944 ns, Reaching safepoint: 6400 ns, Cleanup: 12000 ns, At safepoint: 2600 ns, Total: 21000 ns
[379.478s][info ][safepoint      ] Safepoint "Cleanup", Time since last: 1000102243 ns, Reaching safepoint: 5400 ns, Cleanup: 6600 ns, At safepoint: 1500 ns, Total: 13500 ns
[380.478s][info ][safepoint      ] Safepoint "Cleanup", Time since last: 1000104543 ns, Reaching safepoint: 5600 ns, Cleanup: 14700 ns, At safepoint: 2500 ns, Total: 22800 ns
[382.478s][info ][safepoint      ] Safepoint "Cleanup", Time since last: 2000170286 ns, Reaching safepoint: 6200 ns, Cleanup: 13200 ns, At safepoint: 2200 ns, Total: 21600 ns
[384.478s][info ][safepoint      ] Safepoint "Cleanup", Time since last: 2000184586 ns, Reaching safepoint: 5900 ns, Cleanup: 8200 ns, At safepoint: 2000 ns, Total: 16100 ns
[385.479s][info ][safepoint      ] Safepoint "Cleanup", Time since last: 1000115741 ns, Reaching safepoint: 6000 ns, Cleanup: 9300 ns, At safepoint: 1900 ns, Total: 17200 ns
[388.479s][info ][safepoint      ] Safepoint "Cleanup", Time since last: 3000249200 ns, Reaching safepoint: 6600 ns, Cleanup: 10200 ns, At safepoint: 1900 ns, Total: 18700 ns
[395.479s][info ][safepoint      ] Safepoint "Cleanup", Time since last: 7000540208 ns, Reaching safepoint: 5800 ns, Cleanup: 9300 ns, At safepoint: 1500 ns, Total: 16600 ns
[399.480s][info ][safepoint      ] Safepoint "Cleanup", Time since last: 4000312888 ns, Reaching safepoint: 6101 ns, Cleanup: 8500 ns, At safepoint: 2900 ns, Total: 17501 ns
[401.480s][info ][safepoint      ] Safepoint "Cleanup", Time since last: 2000186816 ns, Reaching safepoint: 6000 ns, Cleanup: 7600 ns, At safepoint: 2400 ns, Total: 16000 ns
[406.480s][info ][safepoint      ] Safepoint "Cleanup", Time since last: 5000391833 ns, Reaching safepoint: 5600 ns, Cleanup: 20700 ns, At safepoint: 1700 ns, Total: 28000 ns
[407.481s][info ][safepoint      ] Safepoint "Cleanup", Time since last: 1000114087 ns, Reaching safepoint: 6500 ns, Cleanup: 12500 ns, At safepoint: 2200 ns, Total: 21200 ns
[408.481s][info ][safepoint      ] Safepoint "Cleanup", Time since last: 1000114187 ns, Reaching safepoint: 5900 ns, Cleanup: 9200 ns, At safepoint: 1800 ns, Total: 16900 ns
[409.481s][info ][safepoint      ] Safepoint "Cleanup", Time since last: 1000126442 ns, Reaching safepoint: 5900 ns, Cleanup: 12301 ns, At safepoint: 2000 ns, Total: 20201 ns
[413.481s][info ][safepoint      ] Safepoint "Cleanup", Time since last: 4000318540 ns, Reaching safepoint: 5500 ns, Cleanup: 13100 ns, At safepoint: 2500 ns, Total: 21100 ns
[418.267s][info ][gc,start       ] GC(20) Pause Young (Allocation Failure)
[418.269s][debug][gc,phases      ] GC(20) Scavenge 2.188ms
[418.269s][debug][gc,ref         ] GC(20) ReferenceProcessor::execute queues: 1, RefProcThreadModel::Single, marks_oops_alive: false
[418.269s][debug][gc,ref         ] GC(20) Skipped KeepAliveFinalRefsPhase of Reference Processing: no references
[418.269s][debug][gc,ref         ] GC(20) Skipped PhantomRefsPhase of Reference Processing: no references
[418.269s][debug][gc,phases      ] GC(20) Reference Processing 0.094ms
[418.269s][debug][gc,phases      ] GC(20)   VM Weak                        Min:  0.0, Avg:  0.0, Max:  0.0, Diff:  0.0, Sum:  0.0, Workers: 4
[418.269s][debug][gc,phases      ] GC(20)     Dead                           Min: 0, Avg:  0.0, Max: 0, Diff: 0, Sum: 0, Workers: 4
[418.269s][debug][gc,phases      ] GC(20)     Total                          Min: 0, Avg: 218.0, Max: 832, Diff: 832, Sum: 872, Workers: 4
[418.269s][debug][gc,phases      ] GC(20)   ObjectSynchronizer Weak        Min:  0.0, Avg:  0.0, Max:  0.0, Diff:  0.0, Sum:  0.0, Workers: 4
[418.269s][debug][gc,phases      ] GC(20)     Dead                           Min: 0, Avg:  0.0, Max: 0, Diff: 0, Sum: 0, Workers: 4
[418.269s][debug][gc,phases      ] GC(20)     Total                          Min: 0, Avg:  1.0, Max: 4, Diff: 4, Sum: 4, Workers: 4
[418.269s][debug][gc,phases      ] GC(20)   JVMTI Tag Weak OopStorage      Min:  0.0, Avg:  0.0, Max:  0.0, Diff:  0.0, Sum:  0.0, Workers: 4
[418.269s][debug][gc,phases      ] GC(20)     Dead                           Min: 0, Avg:  0.0, Max: 0, Diff: 0, Sum: 0, Workers: 4
[418.269s][debug][gc,phases      ] GC(20)     Total                          Min: 0, Avg:  0.0, Max: 0, Diff: 0, Sum: 0, Workers: 4
[418.269s][debug][gc,phases      ] GC(20)   StringTable Weak               Min:  0.0, Avg:  0.1, Max:  0.1, Diff:  0.1, Sum:  0.4, Workers: 4
[418.269s][debug][gc,phases      ] GC(20)     Dead                           Min: 0, Avg:  0.0, Max: 0, Diff: 0, Sum: 0, Workers: 4
[418.269s][debug][gc,phases      ] GC(20)     Total                          Min: 0, Avg: 11396.8, Max: 19968, Diff: 19968, Sum: 45587, Workers: 4
[418.269s][debug][gc,phases      ] GC(20)   ResolvedMethodTable Weak       Min:  0.0, Avg:  0.0, Max:  0.0, Diff:  0.0, Sum:  0.1, Workers: 4
[418.269s][debug][gc,phases      ] GC(20)     Dead                           Min: 0, Avg:  4.0, Max: 11, Diff: 11, Sum: 16, Workers: 4
[418.269s][debug][gc,phases      ] GC(20)     Total                          Min: 0, Avg: 3597.2, Max: 6182, Diff: 6182, Sum: 14389, Workers: 4
[418.269s][debug][gc,phases      ] GC(20)   JNI Weak                       Min:  0.0, Avg:  0.0, Max:  0.0, Diff:  0.0, Sum:  0.0, Workers: 4
[418.269s][debug][gc,phases      ] GC(20)     Dead                           Min: 0, Avg:  0.0, Max: 0, Diff: 0, Sum: 0, Workers: 4
[418.269s][debug][gc,phases      ] GC(20)     Total                          Min: 0, Avg: 13.0, Max: 52, Diff: 52, Sum: 52, Workers: 4
[418.269s][debug][gc,phases      ] GC(20)   StringDedup Table Weak         Min:  0.0, Avg:  0.0, Max:  0.0, Diff:  0.0, Sum:  0.0, Workers: 4
[418.269s][debug][gc,phases      ] GC(20)     Dead                           Min: 0, Avg:  0.0, Max: 0, Diff: 0, Sum: 0, Workers: 4
[418.269s][debug][gc,phases      ] GC(20)     Total                          Min: 0, Avg:  0.0, Max: 0, Diff: 0, Sum: 0, Workers: 4
[418.269s][debug][gc,phases      ] GC(20)   StringDedup Requests0 Weak     Min:  0.0, Avg:  0.0, Max:  0.0, Diff:  0.0, Sum:  0.0, Workers: 4
[418.269s][debug][gc,phases      ] GC(20)     Dead                           Min: 0, Avg:  0.0, Max: 0, Diff: 0, Sum: 0, Workers: 4
[418.269s][debug][gc,phases      ] GC(20)     Total                          Min: 0, Avg:  0.0, Max: 0, Diff: 0, Sum: 0, Workers: 4
[418.269s][debug][gc,phases      ] GC(20)   StringDedup Requests1 Weak     Min:  0.0, Avg:  0.0, Max:  0.0, Diff:  0.0, Sum:  0.0, Workers: 4
[418.269s][debug][gc,phases      ] GC(20)     Dead                           Min: 0, Avg:  0.0, Max: 0, Diff: 0, Sum: 0, Workers: 4
[418.269s][debug][gc,phases      ] GC(20)     Total                          Min: 0, Avg:  0.0, Max: 0, Diff: 0, Sum: 0, Workers: 4
[418.269s][debug][gc,phases      ] GC(20)   Weak JFR Old Object Samples    Min:  0.0, Avg:  0.0, Max:  0.0, Diff:  0.0, Sum:  0.0, Workers: 4
[418.269s][debug][gc,phases      ] GC(20)     Dead                           Min: 0, Avg:  0.0, Max: 0, Diff: 0, Sum: 0, Workers: 4
[418.269s][debug][gc,phases      ] GC(20)     Total                          Min: 0, Avg:  0.0, Max: 0, Diff: 0, Sum: 0, Workers: 4
[418.269s][debug][gc,phases      ] GC(20) Weak Processing 0.349ms
[418.269s][debug][gc,age         ] GC(20) Desired survivor size 197656576 bytes, new threshold 1 (max threshold 15)
[418.269s][info ][gc,heap        ] GC(20) PSYoungGen: 1693216K(1896960K)->2496K(1890304K) Eden: 1690112K(1690112K)->0K(1690112K) From: 3104K(206848K)->2496K(200192K)
[418.269s][info ][gc,heap        ] GC(20) ParOldGen: 238763K(239104K)->239471K(239616K)
[418.269s][info ][gc,metaspace   ] GC(20) Metaspace: 103198K(104384K)->103198K(104384K) NonClass: 87489K(88192K)->87489K(88192K) Class: 15709K(16192K)->15709K(16192K)
[418.270s][info ][gc             ] GC(20) Pause Young (Allocation Failure) 1886M->236M(2080M) 2.733ms
[418.270s][info ][gc,cpu         ] GC(20) User=0.01s Sys=0.00s Real=0.00s
[418.270s][info ][safepoint      ] Safepoint "ParallelGCFailedAllocation", Time since last: 4785579355 ns, Reaching safepoint: 5400 ns, Cleanup: 3400 ns, At safepoint: 2788723 ns, Total: 2797523 ns
[419.270s][info ][safepoint      ] Safepoint "Cleanup", Time since last: 1000098914 ns, Reaching safepoint: 81000 ns, Cleanup: 30601 ns, At safepoint: 15200 ns, Total: 126801 ns
[421.154s][info ][safepoint      ] Safepoint "Cleanup", Time since last: 1884100538 ns, Reaching safepoint: 5400 ns, Cleanup: 38901 ns, At safepoint: 2100 ns, Total: 46401 ns
[426.154s][info ][safepoint      ] Safepoint "Cleanup", Time since last: 5000383946 ns, Reaching safepoint: 5800 ns, Cleanup: 10100 ns, At safepoint: 2501 ns, Total: 18401 ns
[427.154s][info ][safepoint      ] Safepoint "Cleanup", Time since last: 1000107890 ns, Reaching safepoint: 5200 ns, Cleanup: 7400 ns, At safepoint: 1700 ns, Total: 14300 ns
[431.155s][info ][safepoint      ] Safepoint "Cleanup", Time since last: 4000321262 ns, Reaching safepoint: 5300 ns, Cleanup: 23600 ns, At safepoint: 2000 ns, Total: 30900 ns
[432.155s][info ][safepoint      ] Safepoint "Cleanup", Time since last: 1000102890 ns, Reaching safepoint: 6200 ns, Cleanup: 8700 ns, At safepoint: 1900 ns, Total: 16800 ns
[433.155s][info ][safepoint      ] Safepoint "Cleanup", Time since last: 1000098991 ns, Reaching safepoint: 5000 ns, Cleanup: 8000 ns, At safepoint: 1600 ns, Total: 14600 ns
[434.155s][info ][safepoint      ] Safepoint "Cleanup", Time since last: 1000099954 ns, Reaching safepoint: 5600 ns, Cleanup: 9200 ns, At safepoint: 2300 ns, Total: 17100 ns
[435.155s][info ][safepoint      ] Safepoint "Cleanup", Time since last: 1000113466 ns, Reaching safepoint: 5600 ns, Cleanup: 8400 ns, At safepoint: 1900 ns, Total: 15900 ns
[437.155s][info ][safepoint      ] Safepoint "Cleanup", Time since last: 2000184231 ns, Reaching safepoint: 5800 ns, Cleanup: 6400 ns, At safepoint: 2600 ns, Total: 14800 ns
[443.156s][info ][safepoint      ] Safepoint "Cleanup", Time since last: 6000464399 ns, Reaching safepoint: 6400 ns, Cleanup: 9601 ns, At safepoint: 2400 ns, Total: 18401 ns
[449.156s][info ][safepoint      ] Safepoint "Cleanup", Time since last: 6000457815 ns, Reaching safepoint: 6000 ns, Cleanup: 41601 ns, At safepoint: 2200 ns, Total: 49801 ns
[450.157s][info ][safepoint      ] Safepoint "Cleanup", Time since last: 1000105849 ns, Reaching safepoint: 5700 ns, Cleanup: 33101 ns, At safepoint: 1900 ns, Total: 40701 ns
[452.157s][info ][safepoint      ] Safepoint "Cleanup", Time since last: 2000198990 ns, Reaching safepoint: 6700 ns, Cleanup: 9600 ns, At safepoint: 2100 ns, Total: 18400 ns
[453.157s][info ][safepoint      ] Safepoint "Cleanup", Time since last: 1000109246 ns, Reaching safepoint: 5800 ns, Cleanup: 15300 ns, At safepoint: 2000 ns, Total: 23100 ns
[457.066s][info ][gc,start       ] GC(21) Pause Young (Allocation Failure)
[457.069s][debug][gc,phases      ] GC(21) Scavenge 3.552ms
[457.069s][debug][gc,ref         ] GC(21) ReferenceProcessor::execute queues: 1, RefProcThreadModel::Single, marks_oops_alive: false
[457.069s][debug][gc,ref         ] GC(21) Skipped KeepAliveFinalRefsPhase of Reference Processing: no references
[457.069s][debug][gc,ref         ] GC(21) ReferenceProcessor::execute queues: 1, RefProcThreadModel::Single, marks_oops_alive: false
[457.069s][debug][gc,phases      ] GC(21) Reference Processing 0.109ms
[457.070s][debug][gc,phases      ] GC(21)   VM Weak                        Min:  0.0, Avg:  0.0, Max:  0.0, Diff:  0.0, Sum:  0.0, Workers: 4
[457.070s][debug][gc,phases      ] GC(21)     Dead                           Min: 0, Avg:  0.0, Max: 0, Diff: 0, Sum: 0, Workers: 4
[457.070s][debug][gc,phases      ] GC(21)     Total                          Min: 0, Avg: 220.0, Max: 512, Diff: 512, Sum: 880, Workers: 4
[457.070s][debug][gc,phases      ] GC(21)   ObjectSynchronizer Weak        Min:  0.0, Avg:  0.0, Max:  0.0, Diff:  0.0, Sum:  0.0, Workers: 4
[457.070s][debug][gc,phases      ] GC(21)     Dead                           Min: 0, Avg:  0.0, Max: 0, Diff: 0, Sum: 0, Workers: 4
[457.070s][debug][gc,phases      ] GC(21)     Total                          Min: 0, Avg:  1.0, Max: 4, Diff: 4, Sum: 4, Workers: 4
[457.070s][debug][gc,phases      ] GC(21)   JVMTI Tag Weak OopStorage      Min:  0.0, Avg:  0.0, Max:  0.0, Diff:  0.0, Sum:  0.0, Workers: 4
[457.070s][debug][gc,phases      ] GC(21)     Dead                           Min: 0, Avg:  0.0, Max: 0, Diff: 0, Sum: 0, Workers: 4
[457.070s][debug][gc,phases      ] GC(21)     Total                          Min: 0, Avg:  0.0, Max: 0, Diff: 0, Sum: 0, Workers: 4
[457.070s][debug][gc,phases      ] GC(21)   StringTable Weak               Min:  0.0, Avg:  0.1, Max:  0.1, Diff:  0.1, Sum:  0.4, Workers: 4
[457.070s][debug][gc,phases      ] GC(21)     Dead                           Min: 0, Avg:  0.2, Max: 1, Diff: 1, Sum: 1, Workers: 4
[457.070s][debug][gc,phases      ] GC(21)     Total                          Min: 0, Avg: 11404.5, Max: 19570, Diff: 19570, Sum: 45618, Workers: 4
[457.070s][debug][gc,phases      ] GC(21)   ResolvedMethodTable Weak       Min:  0.0, Avg:  0.0, Max:  0.0, Diff:  0.0, Sum:  0.1, Workers: 4
[457.070s][debug][gc,phases      ] GC(21)     Dead                           Min: 0, Avg:  4.5, Max: 10, Diff: 10, Sum: 18, Workers: 4
[457.070s][debug][gc,phases      ] GC(21)     Total                          Min: 0, Avg: 3606.0, Max: 6158, Diff: 6158, Sum: 14424, Workers: 4
[457.070s][debug][gc,phases      ] GC(21)   JNI Weak                       Min:  0.0, Avg:  0.0, Max:  0.0, Diff:  0.0, Sum:  0.0, Workers: 4
[457.070s][debug][gc,phases      ] GC(21)     Dead                           Min: 0, Avg:  0.0, Max: 0, Diff: 0, Sum: 0, Workers: 4
[457.070s][debug][gc,phases      ] GC(21)     Total                          Min: 0, Avg: 13.0, Max: 52, Diff: 52, Sum: 52, Workers: 4
[457.070s][debug][gc,phases      ] GC(21)   StringDedup Table Weak         Min:  0.0, Avg:  0.0, Max:  0.0, Diff:  0.0, Sum:  0.0, Workers: 4
[457.070s][debug][gc,phases      ] GC(21)     Dead                           Min: 0, Avg:  0.0, Max: 0, Diff: 0, Sum: 0, Workers: 4
[457.070s][debug][gc,phases      ] GC(21)     Total                          Min: 0, Avg:  0.0, Max: 0, Diff: 0, Sum: 0, Workers: 4
[457.070s][debug][gc,phases      ] GC(21)   StringDedup Requests0 Weak     Min:  0.0, Avg:  0.0, Max:  0.0, Diff:  0.0, Sum:  0.0, Workers: 4
[457.070s][debug][gc,phases      ] GC(21)     Dead                           Min: 0, Avg:  0.0, Max: 0, Diff: 0, Sum: 0, Workers: 4
[457.070s][debug][gc,phases      ] GC(21)     Total                          Min: 0, Avg:  0.0, Max: 0, Diff: 0, Sum: 0, Workers: 4
[457.070s][debug][gc,phases      ] GC(21)   StringDedup Requests1 Weak     Min:  0.0, Avg:  0.0, Max:  0.0, Diff:  0.0, Sum:  0.0, Workers: 4
[457.070s][debug][gc,phases      ] GC(21)     Dead                           Min: 0, Avg:  0.0, Max: 0, Diff: 0, Sum: 0, Workers: 4
[457.070s][debug][gc,phases      ] GC(21)     Total                          Min: 0, Avg:  0.0, Max: 0, Diff: 0, Sum: 0, Workers: 4
[457.070s][debug][gc,phases      ] GC(21)   Weak JFR Old Object Samples    Min:  0.0, Avg:  0.0, Max:  0.0, Diff:  0.0, Sum:  0.0, Workers: 4
[457.070s][debug][gc,phases      ] GC(21)     Dead                           Min: 0, Avg:  0.0, Max: 0, Diff: 0, Sum: 0, Workers: 4
[457.070s][debug][gc,phases      ] GC(21)     Total                          Min: 0, Avg:  0.0, Max: 0, Diff: 0, Sum: 0, Workers: 4
[457.070s][debug][gc,phases      ] GC(21) Weak Processing 0.357ms
[457.070s][debug][gc,age         ] GC(21) Desired survivor size 189792256 bytes, new threshold 1 (max threshold 15)
[457.070s][info ][gc,heap        ] GC(21) PSYoungGen: 1692608K(1890304K)->4880K(1911808K) Eden: 1690112K(1690112K)->0K(1718784K) From: 2496K(200192K)->4880K(193024K)
[457.070s][info ][gc,heap        ] GC(21) ParOldGen: 239471K(239616K)->240179K(240640K)
[457.070s][info ][gc,metaspace   ] GC(21) Metaspace: 103413K(104576K)->103413K(104576K) NonClass: 87682K(88320K)->87682K(88320K) Class: 15730K(16256K)->15730K(16256K)
[457.070s][info ][gc             ] GC(21) Pause Young (Allocation Failure) 1886M->239M(2102M) 4.127ms
[457.070s][info ][gc,cpu         ] GC(21) User=0.01s Sys=0.00s Real=0.01s
[457.070s][info ][safepoint      ] Safepoint "ParallelGCFailedAllocation", Time since last: 3908657098 ns, Reaching safepoint: 82800 ns, Cleanup: 29401 ns, At safepoint: 4199035 ns, Total: 4311236 ns
[459.070s][info ][safepoint      ] Safepoint "Cleanup", Time since last: 2000152295 ns, Reaching safepoint: 77901 ns, Cleanup: 16200 ns, At safepoint: 5000 ns, Total: 99101 ns
[462.070s][info ][safepoint      ] Safepoint "Cleanup", Time since last: 3000238063 ns, Reaching safepoint: 78001 ns, Cleanup: 7300 ns, At safepoint: 5200 ns, Total: 90501 ns
[463.071s][info ][safepoint      ] Safepoint "Cleanup", Time since last: 1000096221 ns, Reaching safepoint: 6300 ns, Cleanup: 9900 ns, At safepoint: 1900 ns, Total: 18100 ns
[464.071s][info ][safepoint      ] Safepoint "Cleanup", Time since last: 1000106622 ns, Reaching safepoint: 6000 ns, Cleanup: 8100 ns, At safepoint: 1800 ns, Total: 15900 ns
[465.071s][info ][safepoint      ] Safepoint "Cleanup", Time since last: 1000108521 ns, Reaching safepoint: 86001 ns, Cleanup: 11400 ns, At safepoint: 7000 ns, Total: 104401 ns
[466.071s][info ][safepoint      ] Safepoint "Cleanup", Time since last: 1000108020 ns, Reaching safepoint: 5900 ns, Cleanup: 9200 ns, At safepoint: 1900 ns, Total: 17000 ns
[467.071s][info ][safepoint      ] Safepoint "Cleanup", Time since last: 1000099180 ns, Reaching safepoint: 5600 ns, Cleanup: 13100 ns, At safepoint: 1700 ns, Total: 20400 ns
[469.071s][info ][safepoint      ] Safepoint "Cleanup", Time since last: 2000158060 ns, Reaching safepoint: 85201 ns, Cleanup: 7300 ns, At safepoint: 7700 ns, Total: 100201 ns
[470.072s][info ][safepoint      ] Safepoint "Cleanup", Time since last: 1000098780 ns, Reaching safepoint: 6400 ns, Cleanup: 25800 ns, At safepoint: 2500 ns, Total: 34700 ns
[471.072s][info ][safepoint      ] Safepoint "Cleanup", Time since last: 1000104881 ns, Reaching safepoint: 5200 ns, Cleanup: 20900 ns, At safepoint: 2100 ns, Total: 28200 ns
[472.072s][info ][safepoint      ] Safepoint "Cleanup", Time since last: 1000106080 ns, Reaching safepoint: 6300 ns, Cleanup: 8700 ns, At safepoint: 2000 ns, Total: 17000 ns
[473.072s][info ][safepoint      ] Safepoint "Cleanup", Time since last: 1000100780 ns, Reaching safepoint: 6100 ns, Cleanup: 8800 ns, At safepoint: 1800 ns, Total: 16700 ns
[475.072s][info ][safepoint      ] Safepoint "Cleanup", Time since last: 2000192431 ns, Reaching safepoint: 6100 ns, Cleanup: 11800 ns, At safepoint: 1900 ns, Total: 19800 ns
[476.072s][info ][safepoint      ] Safepoint "Cleanup", Time since last: 1000107021 ns, Reaching safepoint: 5600 ns, Cleanup: 7700 ns, At safepoint: 1600 ns, Total: 14900 ns
[477.072s][info ][safepoint      ] Safepoint "Cleanup", Time since last: 1000104221 ns, Reaching safepoint: 5500 ns, Cleanup: 20800 ns, At safepoint: 6500 ns, Total: 32800 ns
[478.073s][info ][safepoint      ] Safepoint "Cleanup", Time since last: 1000110221 ns, Reaching safepoint: 6100 ns, Cleanup: 16400 ns, At safepoint: 2200 ns, Total: 24700 ns
[479.073s][info ][safepoint      ] Safepoint "Cleanup", Time since last: 1000105321 ns, Reaching safepoint: 5200 ns, Cleanup: 9300 ns, At safepoint: 1800 ns, Total: 16300 ns
[480.073s][info ][safepoint      ] Safepoint "Cleanup", Time since last: 1000115021 ns, Reaching safepoint: 5700 ns, Cleanup: 8900 ns, At safepoint: 1800 ns, Total: 16400 ns
[481.171s][info ][safepoint      ] Safepoint "Cleanup", Time since last: 1098115666 ns, Reaching safepoint: 77501 ns, Cleanup: 10900 ns, At safepoint: 7000 ns, Total: 95401 ns
[483.471s][info ][gc,start       ] GC(22) Pause Young (CodeCache GC Threshold)
[483.476s][debug][gc,phases      ] GC(22) Scavenge 4.326ms
[483.476s][debug][gc,ref         ] GC(22) ReferenceProcessor::execute queues: 1, RefProcThreadModel::Single, marks_oops_alive: false
[483.476s][debug][gc,ref         ] GC(22) Skipped KeepAliveFinalRefsPhase of Reference Processing: no references
[483.476s][debug][gc,ref         ] GC(22) ReferenceProcessor::execute queues: 1, RefProcThreadModel::Single, marks_oops_alive: false
[483.476s][debug][gc,phases      ] GC(22) Reference Processing 0.110ms
[483.476s][debug][gc,phases      ] GC(22)   VM Weak                        Min:  0.0, Avg:  0.0, Max:  0.0, Diff:  0.0, Sum:  0.0, Workers: 4
[483.476s][debug][gc,phases      ] GC(22)     Dead                           Min: 0, Avg:  0.0, Max: 0, Diff: 0, Sum: 0, Workers: 4
[483.476s][debug][gc,phases      ] GC(22)     Total                          Min: 0, Avg: 220.0, Max: 624, Diff: 624, Sum: 880, Workers: 4
[483.476s][debug][gc,phases      ] GC(22)   ObjectSynchronizer Weak        Min:  0.0, Avg:  0.0, Max:  0.0, Diff:  0.0, Sum:  0.0, Workers: 4
[483.476s][debug][gc,phases      ] GC(22)     Dead                           Min: 0, Avg:  0.0, Max: 0, Diff: 0, Sum: 0, Workers: 4
[483.476s][debug][gc,phases      ] GC(22)     Total                          Min: 0, Avg:  1.0, Max: 4, Diff: 4, Sum: 4, Workers: 4
[483.476s][debug][gc,phases      ] GC(22)   JVMTI Tag Weak OopStorage      Min:  0.0, Avg:  0.0, Max:  0.0, Diff:  0.0, Sum:  0.0, Workers: 4
[483.476s][debug][gc,phases      ] GC(22)     Dead                           Min: 0, Avg:  0.0, Max: 0, Diff: 0, Sum: 0, Workers: 4
[483.476s][debug][gc,phases      ] GC(22)     Total                          Min: 0, Avg:  0.0, Max: 0, Diff: 0, Sum: 0, Workers: 4
[483.476s][debug][gc,phases      ] GC(22)   StringTable Weak               Min:  0.0, Avg:  0.1, Max:  0.1, Diff:  0.1, Sum:  0.4, Workers: 4
[483.476s][debug][gc,phases      ] GC(22)     Dead                           Min: 0, Avg:  0.0, Max: 0, Diff: 0, Sum: 0, Workers: 4
[483.476s][debug][gc,phases      ] GC(22)     Total                          Min: 0, Avg: 11405.2, Max: 19893, Diff: 19893, Sum: 45621, Workers: 4
[483.476s][debug][gc,phases      ] GC(22)   ResolvedMethodTable Weak       Min:  0.0, Avg:  0.0, Max:  0.0, Diff:  0.0, Sum:  0.1, Workers: 4
[483.476s][debug][gc,phases      ] GC(22)     Dead                           Min: 0, Avg:  0.0, Max: 0, Diff: 0, Sum: 0, Workers: 4
[483.476s][debug][gc,phases      ] GC(22)     Total                          Min: 0, Avg: 3606.0, Max: 6111, Diff: 6111, Sum: 14424, Workers: 4
[483.476s][debug][gc,phases      ] GC(22)   JNI Weak                       Min:  0.0, Avg:  0.0, Max:  0.0, Diff:  0.0, Sum:  0.0, Workers: 4
[483.476s][debug][gc,phases      ] GC(22)     Dead                           Min: 0, Avg:  0.0, Max: 0, Diff: 0, Sum: 0, Workers: 4
[483.476s][debug][gc,phases      ] GC(22)     Total                          Min: 0, Avg: 13.2, Max: 53, Diff: 53, Sum: 53, Workers: 4
[483.476s][debug][gc,phases      ] GC(22)   StringDedup Table Weak         Min:  0.0, Avg:  0.0, Max:  0.0, Diff:  0.0, Sum:  0.0, Workers: 4
[483.476s][debug][gc,phases      ] GC(22)     Dead                           Min: 0, Avg:  0.0, Max: 0, Diff: 0, Sum: 0, Workers: 4
[483.476s][debug][gc,phases      ] GC(22)     Total                          Min: 0, Avg:  0.0, Max: 0, Diff: 0, Sum: 0, Workers: 4
[483.476s][debug][gc,phases      ] GC(22)   StringDedup Requests0 Weak     Min:  0.0, Avg:  0.0, Max:  0.0, Diff:  0.0, Sum:  0.0, Workers: 4
[483.476s][debug][gc,phases      ] GC(22)     Dead                           Min: 0, Avg:  0.0, Max: 0, Diff: 0, Sum: 0, Workers: 4
[483.476s][debug][gc,phases      ] GC(22)     Total                          Min: 0, Avg:  0.0, Max: 0, Diff: 0, Sum: 0, Workers: 4
[483.476s][debug][gc,phases      ] GC(22)   StringDedup Requests1 Weak     Min:  0.0, Avg:  0.0, Max:  0.0, Diff:  0.0, Sum:  0.0, Workers: 4
[483.476s][debug][gc,phases      ] GC(22)     Dead                           Min: 0, Avg:  0.0, Max: 0, Diff: 0, Sum: 0, Workers: 4
[483.476s][debug][gc,phases      ] GC(22)     Total                          Min: 0, Avg:  0.0, Max: 0, Diff: 0, Sum: 0, Workers: 4
[483.476s][debug][gc,phases      ] GC(22)   Weak JFR Old Object Samples    Min:  0.0, Avg:  0.0, Max:  0.0, Diff:  0.0, Sum:  0.0, Workers: 4
[483.476s][debug][gc,phases      ] GC(22)     Dead                           Min: 0, Avg:  0.0, Max: 0, Diff: 0, Sum: 0, Workers: 4
[483.476s][debug][gc,phases      ] GC(22)     Total                          Min: 0, Avg:  0.0, Max: 0, Diff: 0, Sum: 0, Workers: 4
[483.476s][debug][gc,phases      ] GC(22) Weak Processing 0.330ms
[483.476s][debug][gc,age         ] GC(22) Desired survivor size 181403648 bytes, new threshold 1 (max threshold 15)
[483.476s][info ][gc,heap        ] GC(22) PSYoungGen: 1131610K(1911808K)->2864K(1904128K) Eden: 1126729K(1718784K)->0K(1718784K) From: 4880K(193024K)->2864K(185344K)
[483.476s][info ][gc,heap        ] GC(22) ParOldGen: 240179K(240640K)->243464K(243712K)
[483.476s][info ][gc,metaspace   ] GC(22) Metaspace: 103431K(104640K)->103431K(104640K) NonClass: 87700K(88384K)->87700K(88384K) Class: 15730K(16256K)->15730K(16256K)
[483.476s][info ][gc             ] GC(22) Pause Young (CodeCache GC Threshold) 1339M->240M(2097M) 4.860ms
[483.476s][info ][gc,cpu         ] GC(22) User=0.02s Sys=0.00s Real=0.00s
[483.476s][debug][gc,phases      ] GC(23) Pre Compact 0.007ms
[483.476s][info ][gc,start       ] GC(23) Pause Full (CodeCache GC Threshold)
[483.476s][info ][gc,phases,start] GC(23) Marking Phase
[483.552s][debug][gc,phases      ] GC(23) Par Mark 75.952ms
[483.553s][debug][gc,ref         ] GC(23) ReferenceProcessor::execute queues: 4, RefProcThreadModel::Multi, marks_oops_alive: false
[483.553s][debug][gc,ref         ] GC(23) ReferenceProcessor::execute queues: 4, RefProcThreadModel::Multi, marks_oops_alive: true
[483.553s][debug][gc,ref         ] GC(23) ReferenceProcessor::execute queues: 1, RefProcThreadModel::Single, marks_oops_alive: false
[483.553s][debug][gc,phases      ] GC(23) Reference Processing 1.266ms
[483.554s][debug][gc,phases      ] GC(23)   VM Weak                        Min:  0.0, Avg:  0.0, Max:  0.0, Diff:  0.0, Sum:  0.0, Workers: 4
[483.554s][debug][gc,phases      ] GC(23)     Dead                           Min: 0, Avg:  0.0, Max: 0, Diff: 0, Sum: 0, Workers: 4
[483.554s][debug][gc,phases      ] GC(23)     Total                          Min: 0, Avg: 220.0, Max: 448, Diff: 448, Sum: 880, Workers: 4
[483.554s][debug][gc,phases      ] GC(23)   ObjectSynchronizer Weak        Min:  0.0, Avg:  0.0, Max:  0.0, Diff:  0.0, Sum:  0.0, Workers: 4
[483.554s][debug][gc,phases      ] GC(23)     Dead                           Min: 0, Avg:  0.0, Max: 0, Diff: 0, Sum: 0, Workers: 4
[483.554s][debug][gc,phases      ] GC(23)     Total                          Min: 0, Avg:  1.0, Max: 4, Diff: 4, Sum: 4, Workers: 4
[483.554s][debug][gc,phases      ] GC(23)   JVMTI Tag Weak OopStorage      Min:  0.0, Avg:  0.0, Max:  0.0, Diff:  0.0, Sum:  0.0, Workers: 4
[483.554s][debug][gc,phases      ] GC(23)     Dead                           Min: 0, Avg:  0.0, Max: 0, Diff: 0, Sum: 0, Workers: 4
[483.554s][debug][gc,phases      ] GC(23)     Total                          Min: 0, Avg:  0.0, Max: 0, Diff: 0, Sum: 0, Workers: 4
[483.554s][debug][gc,phases      ] GC(23)   StringTable Weak               Min:  0.0, Avg:  0.1, Max:  0.2, Diff:  0.2, Sum:  0.6, Workers: 4
[483.554s][debug][gc,phases      ] GC(23)     Dead                           Min: 0, Avg:  0.0, Max: 0, Diff: 0, Sum: 0, Workers: 4
[483.554s][debug][gc,phases      ] GC(23)     Total                          Min: 0, Avg: 11405.2, Max: 17152, Diff: 17152, Sum: 45621, Workers: 4
[483.554s][debug][gc,phases      ] GC(23)   ResolvedMethodTable Weak       Min:  0.0, Avg:  0.1, Max:  0.1, Diff:  0.1, Sum:  0.2, Workers: 4
[483.554s][debug][gc,phases      ] GC(23)     Dead                           Min: 0, Avg:  0.0, Max: 0, Diff: 0, Sum: 0, Workers: 4
[483.554s][debug][gc,phases      ] GC(23)     Total                          Min: 0, Avg: 3606.0, Max: 5670, Diff: 5670, Sum: 14424, Workers: 4
[483.554s][debug][gc,phases      ] GC(23)   JNI Weak                       Min:  0.0, Avg:  0.0, Max:  0.0, Diff:  0.0, Sum:  0.0, Workers: 4
[483.554s][debug][gc,phases      ] GC(23)     Dead                           Min: 0, Avg:  0.0, Max: 0, Diff: 0, Sum: 0, Workers: 4
[483.554s][debug][gc,phases      ] GC(23)     Total                          Min: 0, Avg: 13.2, Max: 53, Diff: 53, Sum: 53, Workers: 4
[483.554s][debug][gc,phases      ] GC(23)   StringDedup Table Weak         Min:  0.0, Avg:  0.0, Max:  0.0, Diff:  0.0, Sum:  0.0, Workers: 4
[483.554s][debug][gc,phases      ] GC(23)     Dead                           Min: 0, Avg:  0.0, Max: 0, Diff: 0, Sum: 0, Workers: 4
[483.554s][debug][gc,phases      ] GC(23)     Total                          Min: 0, Avg:  0.0, Max: 0, Diff: 0, Sum: 0, Workers: 4
[483.554s][debug][gc,phases      ] GC(23)   StringDedup Requests0 Weak     Min:  0.0, Avg:  0.0, Max:  0.0, Diff:  0.0, Sum:  0.0, Workers: 4
[483.554s][debug][gc,phases      ] GC(23)     Dead                           Min: 0, Avg:  0.0, Max: 0, Diff: 0, Sum: 0, Workers: 4
[483.554s][debug][gc,phases      ] GC(23)     Total                          Min: 0, Avg:  0.0, Max: 0, Diff: 0, Sum: 0, Workers: 4
[483.554s][debug][gc,phases      ] GC(23)   StringDedup Requests1 Weak     Min:  0.0, Avg:  0.0, Max:  0.0, Diff:  0.0, Sum:  0.0, Workers: 4
[483.554s][debug][gc,phases      ] GC(23)     Dead                           Min: 0, Avg:  0.0, Max: 0, Diff: 0, Sum: 0, Workers: 4
[483.554s][debug][gc,phases      ] GC(23)     Total                          Min: 0, Avg:  0.0, Max: 0, Diff: 0, Sum: 0, Workers: 4
[483.554s][debug][gc,phases      ] GC(23)   Weak JFR Old Object Samples    Min:  0.0, Avg:  0.0, Max:  0.0, Diff:  0.0, Sum:  0.0, Workers: 4
[483.554s][debug][gc,phases      ] GC(23)     Dead                           Min: 0, Avg:  0.0, Max: 0, Diff: 0, Sum: 0, Workers: 4
[483.554s][debug][gc,phases      ] GC(23)     Total                          Min: 0, Avg:  0.0, Max: 0, Diff: 0, Sum: 0, Workers: 4
[483.554s][debug][gc,phases      ] GC(23) Weak Processing 0.449ms
[483.554s][debug][gc,phases      ] GC(23) ClassLoaderData 0.112ms
[483.554s][debug][gc,phases      ] GC(23) Trigger cleanups 0.000ms
[483.598s][debug][gc,phases      ] GC(23) Purge Unlinked NMethods 1.483ms
[483.598s][debug][gc,phases      ] GC(23) Unregister NMethods 0.001ms
[483.598s][debug][gc,phases      ] GC(23) Free Code Blobs 0.232ms
[483.598s][debug][gc,phases      ] GC(23) Class Unloading 44.127ms
[483.598s][debug][gc,phases      ] GC(23) Report Object Count 0.001ms
[483.598s][info ][gc,phases      ] GC(23) Marking Phase 121.854ms
[483.598s][info ][gc,phases,start] GC(23) Summary Phase
[483.598s][info ][gc,phases      ] GC(23) Summary Phase 0.010ms
[483.598s][info ][gc,phases,start] GC(23) Adjust Roots
[483.618s][info ][gc,phases      ] GC(23) Adjust Roots 20.243ms
[483.618s][info ][gc,phases,start] GC(23) Compaction Phase
[483.714s][info ][gc,phases      ] GC(23) Compaction Phase 96.089ms
[483.714s][info ][gc,phases,start] GC(23) Post Compact
[483.716s][debug][gc,phases      ] GC(23) Purge Class Loader Data 0.425ms
[483.716s][info ][gc,phases      ] GC(23) Post Compact 1.361ms
[483.716s][info ][gc,heap        ] GC(23) PSYoungGen: 2864K(1904128K)->0K(1904128K) Eden: 0K(1718784K)->0K(1718784K) From: 2864K(185344K)->0K(185344K)
[483.716s][info ][gc,heap        ] GC(23) ParOldGen: 243464K(243712K)->227012K(243712K)
[483.716s][info ][gc,metaspace   ] GC(23) Metaspace: 103431K(104640K)->103431K(104640K) NonClass: 87700K(88384K)->87700K(88384K) Class: 15730K(16256K)->15730K(16256K)
[483.716s][info ][gc             ] GC(23) Pause Full (CodeCache GC Threshold) 240M->221M(2097M) 239.657ms
[483.716s][info ][gc,cpu         ] GC(23) User=0.71s Sys=0.02s Real=0.24s
[483.716s][info ][safepoint      ] Safepoint "ParallelGCSystemGC", Time since last: 2300207427 ns, Reaching safepoint: 6200 ns, Cleanup: 4300 ns, At safepoint: 244625097 ns, Total: 244635597 ns
[484.716s][info ][safepoint      ] Safepoint "Cleanup", Time since last: 1000081472 ns, Reaching safepoint: 81201 ns, Cleanup: 72101 ns, At safepoint: 6900 ns, Total: 160202 ns
[486.716s][info ][safepoint      ] Safepoint "Cleanup", Time since last: 2000209646 ns, Reaching safepoint: 80600 ns, Cleanup: 9200 ns, At safepoint: 6100 ns, Total: 95900 ns
[487.717s][info ][safepoint      ] Safepoint "Cleanup", Time since last: 1000117873 ns, Reaching safepoint: 77301 ns, Cleanup: 10400 ns, At safepoint: 5300 ns, Total: 93001 ns
[491.717s][info ][safepoint      ] Safepoint "Cleanup", Time since last: 4000297082 ns, Reaching safepoint: 76401 ns, Cleanup: 12300 ns, At safepoint: 5200 ns, Total: 93901 ns
[492.717s][info ][safepoint      ] Safepoint "Cleanup", Time since last: 1000097569 ns, Reaching safepoint: 76101 ns, Cleanup: 16500 ns, At safepoint: 5300 ns, Total: 97901 ns
[495.718s][info ][safepoint      ] Safepoint "Cleanup", Time since last: 3000241507 ns, Reaching safepoint: 75901 ns, Cleanup: 115101 ns, At safepoint: 8100 ns, Total: 199102 ns
[496.718s][info ][safepoint      ] Safepoint "Cleanup", Time since last: 1000064669 ns, Reaching safepoint: 87801 ns, Cleanup: 44200 ns, At safepoint: 7300 ns, Total: 139301 ns
[497.718s][info ][safepoint      ] Safepoint "Cleanup", Time since last: 1000114117 ns, Reaching safepoint: 81401 ns, Cleanup: 10400 ns, At safepoint: 6600 ns, Total: 98401 ns
[498.718s][info ][safepoint      ] Safepoint "Cleanup", Time since last: 1000119814 ns, Reaching safepoint: 78901 ns, Cleanup: 14800 ns, At safepoint: 6000 ns, Total: 99701 ns
[499.718s][info ][safepoint      ] Safepoint "Cleanup", Time since last: 1000110313 ns, Reaching safepoint: 76701 ns, Cleanup: 11200 ns, At safepoint: 5900 ns, Total: 93801 ns
[500.719s][info ][safepoint      ] Safepoint "Cleanup", Time since last: 1000104114 ns, Reaching safepoint: 79100 ns, Cleanup: 35401 ns, At safepoint: 5900 ns, Total: 120401 ns
[501.719s][info ][safepoint      ] Safepoint "Cleanup", Time since last: 1000111413 ns, Reaching safepoint: 86001 ns, Cleanup: 30500 ns, At safepoint: 6400 ns, Total: 122901 ns
[502.719s][info ][safepoint      ] Safepoint "Cleanup", Time since last: 1000110714 ns, Reaching safepoint: 77201 ns, Cleanup: 17000 ns, At safepoint: 5300 ns, Total: 99501 ns
[503.719s][info ][safepoint      ] Safepoint "Cleanup", Time since last: 1000106513 ns, Reaching safepoint: 77701 ns, Cleanup: 11700 ns, At safepoint: 5500 ns, Total: 94901 ns
[504.720s][info ][safepoint      ] Safepoint "Cleanup", Time since last: 1000104614 ns, Reaching safepoint: 76500 ns, Cleanup: 9901 ns, At safepoint: 5100 ns, Total: 91501 ns
[505.720s][info ][safepoint      ] Safepoint "Cleanup", Time since last: 1000106683 ns, Reaching safepoint: 81300 ns, Cleanup: 12500 ns, At safepoint: 6601 ns, Total: 100401 ns
[506.720s][info ][safepoint      ] Safepoint "Cleanup", Time since last: 1000112118 ns, Reaching safepoint: 80201 ns, Cleanup: 10900 ns, At safepoint: 6700 ns, Total: 97801 ns
[507.720s][info ][safepoint      ] Safepoint "Cleanup", Time since last: 1000100919 ns, Reaching safepoint: 75601 ns, Cleanup: 7000 ns, At safepoint: 5400 ns, Total: 88001 ns
[508.720s][info ][safepoint      ] Safepoint "Cleanup", Time since last: 1000107419 ns, Reaching safepoint: 78200 ns, Cleanup: 27601 ns, At safepoint: 6900 ns, Total: 112701 ns
[509.721s][info ][safepoint      ] Safepoint "Cleanup", Time since last: 1000106919 ns, Reaching safepoint: 6000 ns, Cleanup: 9700 ns, At safepoint: 2600 ns, Total: 18300 ns
[510.721s][info ][safepoint      ] Safepoint "Cleanup", Time since last: 1000121319 ns, Reaching safepoint: 75901 ns, Cleanup: 24900 ns, At safepoint: 7400 ns, Total: 108201 ns
[511.721s][info ][safepoint      ] Safepoint "Cleanup", Time since last: 1000117119 ns, Reaching safepoint: 80300 ns, Cleanup: 20801 ns, At safepoint: 6100 ns, Total: 107201 ns
[512.721s][info ][safepoint      ] Safepoint "Cleanup", Time since last: 1000118519 ns, Reaching safepoint: 5600 ns, Cleanup: 18100 ns, At safepoint: 1900 ns, Total: 25600 ns
[513.721s][info ][safepoint      ] Safepoint "Cleanup", Time since last: 1000115024 ns, Reaching safepoint: 7000 ns, Cleanup: 10800 ns, At safepoint: 2300 ns, Total: 20100 ns
[514.721s][info ][safepoint      ] Safepoint "Cleanup", Time since last: 1000111434 ns, Reaching safepoint: 5400 ns, Cleanup: 13000 ns, At safepoint: 2000 ns, Total: 20400 ns
[515.722s][info ][safepoint      ] Safepoint "Cleanup", Time since last: 1000111935 ns, Reaching safepoint: 5400 ns, Cleanup: 8900 ns, At safepoint: 1700 ns, Total: 16000 ns
[516.722s][info ][safepoint      ] Safepoint "Cleanup", Time since last: 1000094934 ns, Reaching safepoint: 5500 ns, Cleanup: 8600 ns, At safepoint: 1800 ns, Total: 15900 ns
[517.722s][info ][safepoint      ] Safepoint "Cleanup", Time since last: 1000104934 ns, Reaching safepoint: 5700 ns, Cleanup: 10200 ns, At safepoint: 1800 ns, Total: 17700 ns
[518.722s][info ][safepoint      ] Safepoint "Cleanup", Time since last: 1000429537 ns, Reaching safepoint: 84101 ns, Cleanup: 9700 ns, At safepoint: 15900 ns, Total: 109701 ns
[519.722s][info ][safepoint      ] Safepoint "Cleanup", Time since last: 1000097834 ns, Reaching safepoint: 5100 ns, Cleanup: 11200 ns, At safepoint: 2000 ns, Total: 18300 ns
[520.723s][info ][safepoint      ] Safepoint "Cleanup", Time since last: 1000102135 ns, Reaching safepoint: 4700 ns, Cleanup: 13000 ns, At safepoint: 1600 ns, Total: 19300 ns
[521.816s][info ][gc,start       ] GC(24) Pause Young (Allocation Failure)
[521.819s][debug][gc,phases      ] GC(24) Scavenge 3.434ms
[521.819s][debug][gc,ref         ] GC(24) ReferenceProcessor::execute queues: 1, RefProcThreadModel::Single, marks_oops_alive: false
[521.819s][debug][gc,ref         ] GC(24) Skipped KeepAliveFinalRefsPhase of Reference Processing: no references
[521.819s][debug][gc,ref         ] GC(24) ReferenceProcessor::execute queues: 1, RefProcThreadModel::Single, marks_oops_alive: false
[521.819s][debug][gc,phases      ] GC(24) Reference Processing 0.099ms
[521.819s][debug][gc,phases      ] GC(24)   VM Weak                        Min:  0.0, Avg:  0.0, Max:  0.0, Diff:  0.0, Sum:  0.0, Workers: 4
[521.819s][debug][gc,phases      ] GC(24)     Dead                           Min: 0, Avg:  0.0, Max: 0, Diff: 0, Sum: 0, Workers: 4
[521.819s][debug][gc,phases      ] GC(24)     Total                          Min: 0, Avg: 221.8, Max: 823, Diff: 823, Sum: 887, Workers: 4
[521.819s][debug][gc,phases      ] GC(24)   ObjectSynchronizer Weak        Min:  0.0, Avg:  0.0, Max:  0.0, Diff:  0.0, Sum:  0.0, Workers: 4
[521.819s][debug][gc,phases      ] GC(24)     Dead                           Min: 0, Avg:  0.0, Max: 0, Diff: 0, Sum: 0, Workers: 4
[521.819s][debug][gc,phases      ] GC(24)     Total                          Min: 0, Avg:  1.0, Max: 4, Diff: 4, Sum: 4, Workers: 4
[521.819s][debug][gc,phases      ] GC(24)   JVMTI Tag Weak OopStorage      Min:  0.0, Avg:  0.0, Max:  0.0, Diff:  0.0, Sum:  0.0, Workers: 4
[521.819s][debug][gc,phases      ] GC(24)     Dead                           Min: 0, Avg:  0.0, Max: 0, Diff: 0, Sum: 0, Workers: 4
[521.819s][debug][gc,phases      ] GC(24)     Total                          Min: 0, Avg:  0.0, Max: 0, Diff: 0, Sum: 0, Workers: 4
[521.819s][debug][gc,phases      ] GC(24)   StringTable Weak               Min:  0.0, Avg:  0.1, Max:  0.1, Diff:  0.1, Sum:  0.4, Workers: 4
[521.819s][debug][gc,phases      ] GC(24)     Dead                           Min: 0, Avg:  0.8, Max: 2, Diff: 2, Sum: 3, Workers: 4
[521.819s][debug][gc,phases      ] GC(24)     Total                          Min: 0, Avg: 11413.5, Max: 19863, Diff: 19863, Sum: 45654, Workers: 4
[521.819s][debug][gc,phases      ] GC(24)   ResolvedMethodTable Weak       Min:  0.0, Avg:  0.0, Max:  0.0, Diff:  0.0, Sum:  0.1, Workers: 4
[521.819s][debug][gc,phases      ] GC(24)     Dead                           Min: 0, Avg:  6.5, Max: 24, Diff: 24, Sum: 26, Workers: 4
[521.819s][debug][gc,phases      ] GC(24)     Total                          Min: 0, Avg: 3618.2, Max: 6253, Diff: 6253, Sum: 14473, Workers: 4
[521.819s][debug][gc,phases      ] GC(24)   JNI Weak                       Min:  0.0, Avg:  0.0, Max:  0.0, Diff:  0.0, Sum:  0.0, Workers: 4
[521.819s][debug][gc,phases      ] GC(24)     Dead                           Min: 0, Avg:  0.0, Max: 0, Diff: 0, Sum: 0, Workers: 4
[521.819s][debug][gc,phases      ] GC(24)     Total                          Min: 0, Avg: 13.0, Max: 52, Diff: 52, Sum: 52, Workers: 4
[521.819s][debug][gc,phases      ] GC(24)   StringDedup Table Weak         Min:  0.0, Avg:  0.0, Max:  0.0, Diff:  0.0, Sum:  0.0, Workers: 4
[521.819s][debug][gc,phases      ] GC(24)     Dead                           Min: 0, Avg:  0.0, Max: 0, Diff: 0, Sum: 0, Workers: 4
[521.819s][debug][gc,phases      ] GC(24)     Total                          Min: 0, Avg:  0.0, Max: 0, Diff: 0, Sum: 0, Workers: 4
[521.819s][debug][gc,phases      ] GC(24)   StringDedup Requests0 Weak     Min:  0.0, Avg:  0.0, Max:  0.0, Diff:  0.0, Sum:  0.0, Workers: 4
[521.819s][debug][gc,phases      ] GC(24)     Dead                           Min: 0, Avg:  0.0, Max: 0, Diff: 0, Sum: 0, Workers: 4
[521.819s][debug][gc,phases      ] GC(24)     Total                          Min: 0, Avg:  0.0, Max: 0, Diff: 0, Sum: 0, Workers: 4
[521.819s][debug][gc,phases      ] GC(24)   StringDedup Requests1 Weak     Min:  0.0, Avg:  0.0, Max:  0.0, Diff:  0.0, Sum:  0.0, Workers: 4
[521.819s][debug][gc,phases      ] GC(24)     Dead                           Min: 0, Avg:  0.0, Max: 0, Diff: 0, Sum: 0, Workers: 4
[521.819s][debug][gc,phases      ] GC(24)     Total                          Min: 0, Avg:  0.0, Max: 0, Diff: 0, Sum: 0, Workers: 4
[521.819s][debug][gc,phases      ] GC(24)   Weak JFR Old Object Samples    Min:  0.0, Avg:  0.0, Max:  0.0, Diff:  0.0, Sum:  0.0, Workers: 4
[521.819s][debug][gc,phases      ] GC(24)     Dead                           Min: 0, Avg:  0.0, Max: 0, Diff: 0, Sum: 0, Workers: 4
[521.819s][debug][gc,phases      ] GC(24)     Total                          Min: 0, Avg:  0.0, Max: 0, Diff: 0, Sum: 0, Workers: 4
[521.819s][debug][gc,phases      ] GC(24) Weak Processing 0.351ms
[521.819s][debug][gc,age         ] GC(24) Desired survivor size 172490752 bytes, new threshold 1 (max threshold 15)
[521.819s][info ][gc,heap        ] GC(24) PSYoungGen: 1718784K(1904128K)->5840K(1928704K) Eden: 1718784K(1718784K)->0K(1751552K) From: 0K(185344K)->5840K(177152K)
[521.819s][info ][gc,heap        ] GC(24) ParOldGen: 227012K(243712K)->227012K(243712K)
[521.820s][info ][gc,metaspace   ] GC(24) Metaspace: 103572K(104768K)->103572K(104768K) NonClass: 87824K(88512K)->87824K(88512K) Class: 15748K(16256K)->15748K(16256K)
[521.820s][info ][gc             ] GC(24) Pause Young (Allocation Failure) 1900M->227M(2121M) 3.966ms
[521.820s][info ][gc,cpu         ] GC(24) User=0.01s Sys=0.00s Real=0.00s
[521.820s][info ][safepoint      ] Safepoint "ParallelGCFailedAllocation", Time since last: 1092923024 ns, Reaching safepoint: 76700 ns, Cleanup: 2700 ns, At safepoint: 4029935 ns, Total: 4109335 ns
[527.820s][info ][safepoint      ] Safepoint "Cleanup", Time since last: 6000414231 ns, Reaching safepoint: 75600 ns, Cleanup: 8000 ns, At safepoint: 5600 ns, Total: 89200 ns
[528.820s][info ][safepoint      ] Safepoint "Cleanup", Time since last: 1000110806 ns, Reaching safepoint: 5300 ns, Cleanup: 13500 ns, At safepoint: 2100 ns, Total: 20900 ns
[529.820s][info ][safepoint      ] Safepoint "Cleanup", Time since last: 1000109998 ns, Reaching safepoint: 80801 ns, Cleanup: 8000 ns, At safepoint: 6000 ns, Total: 94801 ns
[530.821s][info ][safepoint      ] Safepoint "Cleanup", Time since last: 1000112986 ns, Reaching safepoint: 80901 ns, Cleanup: 9900 ns, At safepoint: 6300 ns, Total: 97101 ns
[531.821s][info ][safepoint      ] Safepoint "Cleanup", Time since last: 1000106786 ns, Reaching safepoint: 5100 ns, Cleanup: 27200 ns, At safepoint: 1800 ns, Total: 34100 ns
[532.821s][info ][safepoint      ] Safepoint "Cleanup", Time since last: 1000090387 ns, Reaching safepoint: 4800 ns, Cleanup: 21800 ns, At safepoint: 1600 ns, Total: 28200 ns
[533.821s][info ][safepoint      ] Safepoint "Cleanup", Time since last: 1000092086 ns, Reaching safepoint: 4800 ns, Cleanup: 15000 ns, At safepoint: 1900 ns, Total: 21700 ns
[534.821s][info ][safepoint      ] Safepoint "Cleanup", Time since last: 1000104286 ns, Reaching safepoint: 5300 ns, Cleanup: 11700 ns, At safepoint: 1700 ns, Total: 18700 ns
[535.821s][info ][safepoint      ] Safepoint "Cleanup", Time since last: 1000109587 ns, Reaching safepoint: 5300 ns, Cleanup: 14200 ns, At safepoint: 1800 ns, Total: 21300 ns
[536.821s][info ][safepoint      ] Safepoint "Cleanup", Time since last: 1000107086 ns, Reaching safepoint: 5400 ns, Cleanup: 9900 ns, At safepoint: 2300 ns, Total: 17600 ns
[537.821s][info ][safepoint      ] Safepoint "Cleanup", Time since last: 1000107730 ns, Reaching safepoint: 5200 ns, Cleanup: 9800 ns, At safepoint: 2400 ns, Total: 17400 ns
[538.822s][info ][safepoint      ] Safepoint "Cleanup", Time since last: 1000101698 ns, Reaching safepoint: 5100 ns, Cleanup: 7000 ns, At safepoint: 1800 ns, Total: 13900 ns
[539.822s][info ][safepoint      ] Safepoint "Cleanup", Time since last: 1000100698 ns, Reaching safepoint: 89600 ns, Cleanup: 7300 ns, At safepoint: 11401 ns, Total: 108301 ns
[544.191s][info ][safepoint      ] Safepoint "Cleanup", Time since last: 4369307699 ns, Reaching safepoint: 5500 ns, Cleanup: 8500 ns, At safepoint: 2500 ns, Total: 16500 ns
[546.191s][info ][safepoint      ] Safepoint "Cleanup", Time since last: 2000176235 ns, Reaching safepoint: 5800 ns, Cleanup: 10100 ns, At safepoint: 2200 ns, Total: 18100 ns
[548.192s][info ][safepoint      ] Safepoint "Cleanup", Time since last: 2000171034 ns, Reaching safepoint: 5200 ns, Cleanup: 7400 ns, At safepoint: 1900 ns, Total: 14500 ns
[549.192s][info ][safepoint      ] Safepoint "Cleanup", Time since last: 1000106317 ns, Reaching safepoint: 5500 ns, Cleanup: 15100 ns, At safepoint: 2500 ns, Total: 23100 ns
[555.192s][info ][safepoint      ] Safepoint "Cleanup", Time since last: 6000448487 ns, Reaching safepoint: 5800 ns, Cleanup: 11200 ns, At safepoint: 2400 ns, Total: 19400 ns
[556.192s][info ][safepoint      ] Safepoint "Cleanup", Time since last: 1000110367 ns, Reaching safepoint: 6200 ns, Cleanup: 11800 ns, At safepoint: 2100 ns, Total: 20100 ns
[564.270s][info ][gc,start       ] GC(25) Pause Young (Allocation Failure)
[564.273s][debug][gc,phases      ] GC(25) Scavenge 3.379ms
[564.273s][debug][gc,ref         ] GC(25) ReferenceProcessor::execute queues: 1, RefProcThreadModel::Single, marks_oops_alive: false
[564.273s][debug][gc,ref         ] GC(25) Skipped KeepAliveFinalRefsPhase of Reference Processing: no references
[564.273s][debug][gc,ref         ] GC(25) ReferenceProcessor::execute queues: 1, RefProcThreadModel::Single, marks_oops_alive: false
[564.273s][debug][gc,phases      ] GC(25) Reference Processing 0.100ms
[564.273s][debug][gc,phases      ] GC(25)   VM Weak                        Min:  0.0, Avg:  0.0, Max:  0.0, Diff:  0.0, Sum:  0.0, Workers: 4
[564.273s][debug][gc,phases      ] GC(25)     Dead                           Min: 0, Avg:  0.0, Max: 0, Diff: 0, Sum: 0, Workers: 4
[564.273s][debug][gc,phases      ] GC(25)     Total                          Min: 0, Avg: 221.8, Max: 768, Diff: 768, Sum: 887, Workers: 4
[564.273s][debug][gc,phases      ] GC(25)   ObjectSynchronizer Weak        Min:  0.0, Avg:  0.0, Max:  0.0, Diff:  0.0, Sum:  0.0, Workers: 4
[564.273s][debug][gc,phases      ] GC(25)     Dead                           Min: 0, Avg:  0.0, Max: 0, Diff: 0, Sum: 0, Workers: 4
[564.273s][debug][gc,phases      ] GC(25)     Total                          Min: 0, Avg:  1.0, Max: 4, Diff: 4, Sum: 4, Workers: 4
[564.273s][debug][gc,phases      ] GC(25)   JVMTI Tag Weak OopStorage      Min:  0.0, Avg:  0.0, Max:  0.0, Diff:  0.0, Sum:  0.0, Workers: 4
[564.273s][debug][gc,phases      ] GC(25)     Dead                           Min: 0, Avg:  0.0, Max: 0, Diff: 0, Sum: 0, Workers: 4
[564.273s][debug][gc,phases      ] GC(25)     Total                          Min: 0, Avg:  0.0, Max: 0, Diff: 0, Sum: 0, Workers: 4
[564.273s][debug][gc,phases      ] GC(25)   StringTable Weak               Min:  0.0, Avg:  0.1, Max:  0.1, Diff:  0.1, Sum:  0.4, Workers: 4
[564.273s][debug][gc,phases      ] GC(25)     Dead                           Min: 0, Avg:  0.5, Max: 2, Diff: 2, Sum: 2, Workers: 4
[564.273s][debug][gc,phases      ] GC(25)     Total                          Min: 0, Avg: 11418.8, Max: 19455, Diff: 19455, Sum: 45675, Workers: 4
[564.273s][debug][gc,phases      ] GC(25)   ResolvedMethodTable Weak       Min:  0.0, Avg:  0.0, Max:  0.0, Diff:  0.0, Sum:  0.1, Workers: 4
[564.273s][debug][gc,phases      ] GC(25)     Dead                           Min: 0, Avg:  5.2, Max: 16, Diff: 16, Sum: 21, Workers: 4
[564.273s][debug][gc,phases      ] GC(25)     Total                          Min: 0, Avg: 3626.8, Max: 6260, Diff: 6260, Sum: 14507, Workers: 4
[564.273s][debug][gc,phases      ] GC(25)   JNI Weak                       Min:  0.0, Avg:  0.0, Max:  0.0, Diff:  0.0, Sum:  0.0, Workers: 4
[564.273s][debug][gc,phases      ] GC(25)     Dead                           Min: 0, Avg:  0.0, Max: 0, Diff: 0, Sum: 0, Workers: 4
[564.273s][debug][gc,phases      ] GC(25)     Total                          Min: 0, Avg: 13.0, Max: 52, Diff: 52, Sum: 52, Workers: 4
[564.273s][debug][gc,phases      ] GC(25)   StringDedup Table Weak         Min:  0.0, Avg:  0.0, Max:  0.0, Diff:  0.0, Sum:  0.0, Workers: 4
[564.273s][debug][gc,phases      ] GC(25)     Dead                           Min: 0, Avg:  0.0, Max: 0, Diff: 0, Sum: 0, Workers: 4
[564.273s][debug][gc,phases      ] GC(25)     Total                          Min: 0, Avg:  0.0, Max: 0, Diff: 0, Sum: 0, Workers: 4
[564.273s][debug][gc,phases      ] GC(25)   StringDedup Requests0 Weak     Min:  0.0, Avg:  0.0, Max:  0.0, Diff:  0.0, Sum:  0.0, Workers: 4
[564.274s][debug][gc,phases      ] GC(25)     Dead                           Min: 0, Avg:  0.0, Max: 0, Diff: 0, Sum: 0, Workers: 4
[564.274s][debug][gc,phases      ] GC(25)     Total                          Min: 0, Avg:  0.0, Max: 0, Diff: 0, Sum: 0, Workers: 4
[564.274s][debug][gc,phases      ] GC(25)   StringDedup Requests1 Weak     Min:  0.0, Avg:  0.0, Max:  0.0, Diff:  0.0, Sum:  0.0, Workers: 4
[564.274s][debug][gc,phases      ] GC(25)     Dead                           Min: 0, Avg:  0.0, Max: 0, Diff: 0, Sum: 0, Workers: 4
[564.274s][debug][gc,phases      ] GC(25)     Total                          Min: 0, Avg:  0.0, Max: 0, Diff: 0, Sum: 0, Workers: 4
[564.274s][debug][gc,phases      ] GC(25)   Weak JFR Old Object Samples    Min:  0.0, Avg:  0.0, Max:  0.0, Diff:  0.0, Sum:  0.0, Workers: 4
[564.274s][debug][gc,phases      ] GC(25)     Dead                           Min: 0, Avg:  0.0, Max: 0, Diff: 0, Sum: 0, Workers: 4
[564.274s][debug][gc,phases      ] GC(25)     Total                          Min: 0, Avg:  0.0, Max: 0, Diff: 0, Sum: 0, Workers: 4
[564.274s][debug][gc,phases      ] GC(25) Weak Processing 0.363ms
[564.274s][debug][gc,age         ] GC(25) Desired survivor size 164102144 bytes, new threshold 1 (max threshold 15)
[564.274s][info ][gc,heap        ] GC(25) PSYoungGen: 1757392K(1928704K)->2784K(1920000K) Eden: 1751552K(1751552K)->0K(1751552K) From: 5840K(177152K)->2784K(168448K)
[564.274s][info ][gc,heap        ] GC(25) ParOldGen: 227012K(243712K)->231020K(243712K)
[564.274s][info ][gc,metaspace   ] GC(25) Metaspace: 103651K(104832K)->103651K(104832K) NonClass: 87891K(88576K)->87891K(88576K) Class: 15759K(16256K)->15759K(16256K)
[564.274s][info ][gc             ] GC(25) Pause Young (Allocation Failure) 1937M->228M(2113M) 3.941ms
[564.274s][info ][gc,cpu         ] GC(25) User=0.01s Sys=0.00s Real=0.01s
[564.274s][info ][safepoint      ] Safepoint "ParallelGCFailedAllocation", Time since last: 8077353103 ns, Reaching safepoint: 5300 ns, Cleanup: 3401 ns, At safepoint: 3998034 ns, Total: 4006735 ns
[568.274s][info ][safepoint      ] Safepoint "Cleanup", Time since last: 4000315532 ns, Reaching safepoint: 5300 ns, Cleanup: 10000 ns, At safepoint: 2200 ns, Total: 17500 ns
[569.274s][info ][safepoint      ] Safepoint "Cleanup", Time since last: 1000125734 ns, Reaching safepoint: 4800 ns, Cleanup: 10400 ns, At safepoint: 2100 ns, Total: 17300 ns
[572.274s][info ][safepoint      ] Safepoint "Cleanup", Time since last: 3000235277 ns, Reaching safepoint: 5100 ns, Cleanup: 10500 ns, At safepoint: 2200 ns, Total: 17800 ns
[575.275s][info ][safepoint      ] Safepoint "Cleanup", Time since last: 3000247076 ns, Reaching safepoint: 5300 ns, Cleanup: 10000 ns, At safepoint: 2100 ns, Total: 17400 ns
[582.275s][info ][safepoint      ] Safepoint "Cleanup", Time since last: 7000559377 ns, Reaching safepoint: 5600 ns, Cleanup: 11600 ns, At safepoint: 2100 ns, Total: 19300 ns
[583.275s][info ][safepoint      ] Safepoint "Cleanup", Time since last: 1000111450 ns, Reaching safepoint: 4500 ns, Cleanup: 8300 ns, At safepoint: 1700 ns, Total: 14500 ns
[586.276s][info ][safepoint      ] Safepoint "Cleanup", Time since last: 3000245470 ns, Reaching safepoint: 5400 ns, Cleanup: 11800 ns, At safepoint: 1900 ns, Total: 19100 ns
[590.276s][info ][safepoint      ] Safepoint "Cleanup", Time since last: 4000316887 ns, Reaching safepoint: 5600 ns, Cleanup: 8301 ns, At safepoint: 2100 ns, Total: 16001 ns
[592.276s][info ][safepoint      ] Safepoint "Cleanup", Time since last: 2000192893 ns, Reaching safepoint: 5700 ns, Cleanup: 9800 ns, At safepoint: 2400 ns, Total: 17900 ns
[594.276s][info ][safepoint      ] Safepoint "Cleanup", Time since last: 2000175043 ns, Reaching safepoint: 4701 ns, Cleanup: 7600 ns, At safepoint: 2000 ns, Total: 14301 ns
[595.276s][info ][safepoint      ] Safepoint "Cleanup", Time since last: 1000102410 ns, Reaching safepoint: 5200 ns, Cleanup: 9100 ns, At safepoint: 2200 ns, Total: 16500 ns
[597.277s][info ][safepoint      ] Safepoint "Cleanup", Time since last: 2000195722 ns, Reaching safepoint: 5200 ns, Cleanup: 11100 ns, At safepoint: 2100 ns, Total: 18400 ns
[599.277s][info ][safepoint      ] Safepoint "Cleanup", Time since last: 2000191921 ns, Reaching safepoint: 5800 ns, Cleanup: 20201 ns, At safepoint: 2300 ns, Total: 28301 ns
[602.208s][info ][safepoint      ] Safepoint "Cleanup", Time since last: 2931107086 ns, Reaching safepoint: 5900 ns, Cleanup: 10900 ns, At safepoint: 2200 ns, Total: 19000 ns
[606.208s][info ][safepoint      ] Safepoint "Cleanup", Time since last: 4000319897 ns, Reaching safepoint: 5700 ns, Cleanup: 9500 ns, At safepoint: 2300 ns, Total: 17500 ns
[607.818s][info ][gc,start       ] GC(26) Pause Young (Allocation Failure)
[607.820s][debug][gc,phases      ] GC(26) Scavenge 2.271ms
[607.820s][debug][gc,ref         ] GC(26) ReferenceProcessor::execute queues: 1, RefProcThreadModel::Single, marks_oops_alive: false
[607.820s][debug][gc,ref         ] GC(26) Skipped KeepAliveFinalRefsPhase of Reference Processing: no references
[607.820s][debug][gc,ref         ] GC(26) Skipped PhantomRefsPhase of Reference Processing: no references
[607.820s][debug][gc,phases      ] GC(26) Reference Processing 0.084ms
[607.820s][debug][gc,phases      ] GC(26)   VM Weak                        Min:  0.0, Avg:  0.0, Max:  0.0, Diff:  0.0, Sum:  0.0, Workers: 4
[607.820s][debug][gc,phases      ] GC(26)     Dead                           Min: 0, Avg:  0.0, Max: 0, Diff: 0, Sum: 0, Workers: 4
[607.820s][debug][gc,phases      ] GC(26)     Total                          Min: 0, Avg: 221.8, Max: 823, Diff: 823, Sum: 887, Workers: 4
[607.820s][debug][gc,phases      ] GC(26)   ObjectSynchronizer Weak        Min:  0.0, Avg:  0.0, Max:  0.0, Diff:  0.0, Sum:  0.0, Workers: 4
[607.820s][debug][gc,phases      ] GC(26)     Dead                           Min: 0, Avg:  0.0, Max: 0, Diff: 0, Sum: 0, Workers: 4
[607.820s][debug][gc,phases      ] GC(26)     Total                          Min: 0, Avg:  0.8, Max: 3, Diff: 3, Sum: 3, Workers: 4
[607.821s][debug][gc,phases      ] GC(26)   JVMTI Tag Weak OopStorage      Min:  0.0, Avg:  0.0, Max:  0.0, Diff:  0.0, Sum:  0.0, Workers: 4
[607.821s][debug][gc,phases      ] GC(26)     Dead                           Min: 0, Avg:  0.0, Max: 0, Diff: 0, Sum: 0, Workers: 4
[607.821s][debug][gc,phases      ] GC(26)     Total                          Min: 0, Avg:  0.0, Max: 0, Diff: 0, Sum: 0, Workers: 4
[607.821s][debug][gc,phases      ] GC(26)   StringTable Weak               Min:  0.0, Avg:  0.1, Max:  0.1, Diff:  0.1, Sum:  0.4, Workers: 4
[607.821s][debug][gc,phases      ] GC(26)     Dead                           Min: 0, Avg:  0.0, Max: 0, Diff: 0, Sum: 0, Workers: 4
[607.821s][debug][gc,phases      ] GC(26)     Total                          Min: 0, Avg: 11419.5, Max: 19967, Diff: 19967, Sum: 45678, Workers: 4
[607.821s][debug][gc,phases      ] GC(26)   ResolvedMethodTable Weak       Min:  0.0, Avg:  0.0, Max:  0.0, Diff:  0.0, Sum:  0.1, Workers: 4
[607.821s][debug][gc,phases      ] GC(26)     Dead                           Min: 0, Avg:  4.0, Max: 16, Diff: 16, Sum: 16, Workers: 4
[607.821s][debug][gc,phases      ] GC(26)     Total                          Min: 0, Avg: 3626.8, Max: 6244, Diff: 6244, Sum: 14507, Workers: 4
[607.821s][debug][gc,phases      ] GC(26)   JNI Weak                       Min:  0.0, Avg:  0.0, Max:  0.0, Diff:  0.0, Sum:  0.0, Workers: 4
[607.821s][debug][gc,phases      ] GC(26)     Dead                           Min: 0, Avg:  0.0, Max: 0, Diff: 0, Sum: 0, Workers: 4
[607.821s][debug][gc,phases      ] GC(26)     Total                          Min: 0, Avg: 13.0, Max: 52, Diff: 52, Sum: 52, Workers: 4
[607.821s][debug][gc,phases      ] GC(26)   StringDedup Table Weak         Min:  0.0, Avg:  0.0, Max:  0.0, Diff:  0.0, Sum:  0.0, Workers: 4
[607.821s][debug][gc,phases      ] GC(26)     Dead                           Min: 0, Avg:  0.0, Max: 0, Diff: 0, Sum: 0, Workers: 4
[607.821s][debug][gc,phases      ] GC(26)     Total                          Min: 0, Avg:  0.0, Max: 0, Diff: 0, Sum: 0, Workers: 4
[607.821s][debug][gc,phases      ] GC(26)   StringDedup Requests0 Weak     Min:  0.0, Avg:  0.0, Max:  0.0, Diff:  0.0, Sum:  0.0, Workers: 4
[607.821s][debug][gc,phases      ] GC(26)     Dead                           Min: 0, Avg:  0.0, Max: 0, Diff: 0, Sum: 0, Workers: 4
[607.821s][debug][gc,phases      ] GC(26)     Total                          Min: 0, Avg:  0.0, Max: 0, Diff: 0, Sum: 0, Workers: 4
[607.821s][debug][gc,phases      ] GC(26)   StringDedup Requests1 Weak     Min:  0.0, Avg:  0.0, Max:  0.0, Diff:  0.0, Sum:  0.0, Workers: 4
[607.821s][debug][gc,phases      ] GC(26)     Dead                           Min: 0, Avg:  0.0, Max: 0, Diff: 0, Sum: 0, Workers: 4
[607.821s][debug][gc,phases      ] GC(26)     Total                          Min: 0, Avg:  0.0, Max: 0, Diff: 0, Sum: 0, Workers: 4
[607.821s][debug][gc,phases      ] GC(26)   Weak JFR Old Object Samples    Min:  0.0, Avg:  0.0, Max:  0.0, Diff:  0.0, Sum:  0.0, Workers: 4
[607.821s][debug][gc,phases      ] GC(26)     Dead                           Min: 0, Avg:  0.0, Max: 0, Diff: 0, Sum: 0, Workers: 4
[607.821s][debug][gc,phases      ] GC(26)     Total                          Min: 0, Avg:  0.0, Max: 0, Diff: 0, Sum: 0, Workers: 4
[607.821s][debug][gc,phases      ] GC(26) Weak Processing 0.359ms
[607.821s][debug][gc,age         ] GC(26) Desired survivor size 155713536 bytes, new threshold 1 (max threshold 15)
[607.821s][info ][gc,heap        ] GC(26) PSYoungGen: 1754336K(1920000K)->2528K(1945088K) Eden: 1751552K(1751552K)->0K(1784832K) From: 2784K(168448K)->2528K(160256K)
[607.821s][info ][gc,heap        ] GC(26) ParOldGen: 231020K(243712K)->232113K(243712K)
[607.821s][info ][gc,metaspace   ] GC(26) Metaspace: 103674K(104832K)->103674K(104832K) NonClass: 87914K(88576K)->87914K(88576K) Class: 15759K(16256K)->15759K(16256K)
[607.821s][info ][gc             ] GC(26) Pause Young (Allocation Failure) 1938M->229M(2137M) 2.800ms
[607.821s][info ][gc,cpu         ] GC(26) User=0.01s Sys=0.00s Real=0.01s
[607.821s][info ][safepoint      ] Safepoint "ParallelGCFailedAllocation", Time since last: 1609493819 ns, Reaching safepoint: 5100 ns, Cleanup: 3400 ns, At safepoint: 2854425 ns, Total: 2862925 ns
[611.821s][info ][safepoint      ] Safepoint "Cleanup", Time since last: 4000292478 ns, Reaching safepoint: 4900 ns, Cleanup: 8600 ns, At safepoint: 1600 ns, Total: 15100 ns
[612.821s][info ][safepoint      ] Safepoint "Cleanup", Time since last: 1000104242 ns, Reaching safepoint: 80601 ns, Cleanup: 64700 ns, At safepoint: 10000 ns, Total: 155301 ns
[617.822s][info ][safepoint      ] Safepoint "Cleanup", Time since last: 5000388446 ns, Reaching safepoint: 6000 ns, Cleanup: 7800 ns, At safepoint: 1700 ns, Total: 15500 ns
[619.822s][info ][safepoint      ] Safepoint "Cleanup", Time since last: 2000199552 ns, Reaching safepoint: 7000 ns, Cleanup: 14101 ns, At safepoint: 2000 ns, Total: 23101 ns
[620.822s][info ][safepoint      ] Safepoint "Cleanup", Time since last: 1000113176 ns, Reaching safepoint: 6100 ns, Cleanup: 12300 ns, At safepoint: 2300 ns, Total: 20700 ns
[621.822s][info ][safepoint      ] Safepoint "Cleanup", Time since last: 1000111876 ns, Reaching safepoint: 5400 ns, Cleanup: 8900 ns, At safepoint: 2300 ns, Total: 16600 ns
[638.823s][info ][safepoint      ] Safepoint "Cleanup", Time since last: 17001253148 ns, Reaching safepoint: 5800 ns, Cleanup: 29800 ns, At safepoint: 2800 ns, Total: 38400 ns
[639.824s][info ][safepoint      ] Safepoint "Cleanup", Time since last: 1000110252 ns, Reaching safepoint: 5800 ns, Cleanup: 27600 ns, At safepoint: 2000 ns, Total: 35400 ns
[640.824s][info ][safepoint      ] Safepoint "Cleanup", Time since last: 1000102152 ns, Reaching safepoint: 6000 ns, Cleanup: 8801 ns, At safepoint: 2400 ns, Total: 17201 ns
[647.824s][info ][safepoint      ] Safepoint "Cleanup", Time since last: 7000541749 ns, Reaching safepoint: 5100 ns, Cleanup: 13400 ns, At safepoint: 2100 ns, Total: 20600 ns
[648.824s][info ][safepoint      ] Safepoint "Cleanup", Time since last: 1000108254 ns, Reaching safepoint: 5200 ns, Cleanup: 10200 ns, At safepoint: 1900 ns, Total: 17300 ns
[649.825s][info ][safepoint      ] Safepoint "Cleanup", Time since last: 1000115353 ns, Reaching safepoint: 6600 ns, Cleanup: 17600 ns, At safepoint: 2300 ns, Total: 26500 ns
[651.066s][info ][gc,start       ] GC(27) Pause Young (Allocation Failure)
[651.069s][debug][gc,phases      ] GC(27) Scavenge 2.755ms
[651.069s][debug][gc,ref         ] GC(27) ReferenceProcessor::execute queues: 1, RefProcThreadModel::Single, marks_oops_alive: false
[651.069s][debug][gc,ref         ] GC(27) Skipped KeepAliveFinalRefsPhase of Reference Processing: no references
[651.069s][debug][gc,ref         ] GC(27) ReferenceProcessor::execute queues: 1, RefProcThreadModel::Single, marks_oops_alive: false
[651.069s][debug][gc,phases      ] GC(27) Reference Processing 0.117ms
[651.069s][debug][gc,phases      ] GC(27)   VM Weak                        Min:  0.0, Avg:  0.0, Max:  0.0, Diff:  0.0, Sum:  0.0, Workers: 4
[651.069s][debug][gc,phases      ] GC(27)     Dead                           Min: 0, Avg:  0.0, Max: 0, Diff: 0, Sum: 0, Workers: 4
[651.069s][debug][gc,phases      ] GC(27)     Total                          Min: 0, Avg: 221.8, Max: 695, Diff: 695, Sum: 887, Workers: 4
[651.069s][debug][gc,phases      ] GC(27)   ObjectSynchronizer Weak        Min:  0.0, Avg:  0.0, Max:  0.0, Diff:  0.0, Sum:  0.0, Workers: 4
[651.069s][debug][gc,phases      ] GC(27)     Dead                           Min: 0, Avg:  0.0, Max: 0, Diff: 0, Sum: 0, Workers: 4
[651.069s][debug][gc,phases      ] GC(27)     Total                          Min: 0, Avg:  1.0, Max: 4, Diff: 4, Sum: 4, Workers: 4
[651.069s][debug][gc,phases      ] GC(27)   JVMTI Tag Weak OopStorage      Min:  0.0, Avg:  0.0, Max:  0.0, Diff:  0.0, Sum:  0.0, Workers: 4
[651.069s][debug][gc,phases      ] GC(27)     Dead                           Min: 0, Avg:  0.0, Max: 0, Diff: 0, Sum: 0, Workers: 4
[651.069s][debug][gc,phases      ] GC(27)     Total                          Min: 0, Avg:  0.0, Max: 0, Diff: 0, Sum: 0, Workers: 4
[651.069s][debug][gc,phases      ] GC(27)   StringTable Weak               Min:  0.0, Avg:  0.1, Max:  0.1, Diff:  0.1, Sum:  0.4, Workers: 4
[651.069s][debug][gc,phases      ] GC(27)     Dead                           Min: 0, Avg:  0.0, Max: 0, Diff: 0, Sum: 0, Workers: 4
[651.069s][debug][gc,phases      ] GC(27)     Total                          Min: 0, Avg: 11422.2, Max: 19514, Diff: 19514, Sum: 45689, Workers: 4
[651.069s][debug][gc,phases      ] GC(27)   ResolvedMethodTable Weak       Min:  0.0, Avg:  0.0, Max:  0.0, Diff:  0.0, Sum:  0.1, Workers: 4
[651.069s][debug][gc,phases      ] GC(27)     Dead                           Min: 0, Avg:  4.0, Max: 16, Diff: 16, Sum: 16, Workers: 4
[651.069s][debug][gc,phases      ] GC(27)     Total                          Min: 0, Avg: 3627.2, Max: 6231, Diff: 6231, Sum: 14509, Workers: 4
[651.069s][debug][gc,phases      ] GC(27)   JNI Weak                       Min:  0.0, Avg:  0.0, Max:  0.0, Diff:  0.0, Sum:  0.0, Workers: 4
[651.069s][debug][gc,phases      ] GC(27)     Dead                           Min: 0, Avg:  0.0, Max: 0, Diff: 0, Sum: 0, Workers: 4
[651.069s][debug][gc,phases      ] GC(27)     Total                          Min: 0, Avg: 13.0, Max: 52, Diff: 52, Sum: 52, Workers: 4
[651.069s][debug][gc,phases      ] GC(27)   StringDedup Table Weak         Min:  0.0, Avg:  0.0, Max:  0.0, Diff:  0.0, Sum:  0.0, Workers: 4
[651.069s][debug][gc,phases      ] GC(27)     Dead                           Min: 0, Avg:  0.0, Max: 0, Diff: 0, Sum: 0, Workers: 4
[651.069s][debug][gc,phases      ] GC(27)     Total                          Min: 0, Avg:  0.0, Max: 0, Diff: 0, Sum: 0, Workers: 4
[651.069s][debug][gc,phases      ] GC(27)   StringDedup Requests0 Weak     Min:  0.0, Avg:  0.0, Max:  0.0, Diff:  0.0, Sum:  0.0, Workers: 4
[651.069s][debug][gc,phases      ] GC(27)     Dead                           Min: 0, Avg:  0.0, Max: 0, Diff: 0, Sum: 0, Workers: 4
[651.069s][debug][gc,phases      ] GC(27)     Total                          Min: 0, Avg:  0.0, Max: 0, Diff: 0, Sum: 0, Workers: 4
[651.069s][debug][gc,phases      ] GC(27)   StringDedup Requests1 Weak     Min:  0.0, Avg:  0.0, Max:  0.0, Diff:  0.0, Sum:  0.0, Workers: 4
[651.069s][debug][gc,phases      ] GC(27)     Dead                           Min: 0, Avg:  0.0, Max: 0, Diff: 0, Sum: 0, Workers: 4
[651.069s][debug][gc,phases      ] GC(27)     Total                          Min: 0, Avg:  0.0, Max: 0, Diff: 0, Sum: 0, Workers: 4
[651.069s][debug][gc,phases      ] GC(27)   Weak JFR Old Object Samples    Min:  0.0, Avg:  0.0, Max:  0.0, Diff:  0.0, Sum:  0.0, Workers: 4
[651.069s][debug][gc,phases      ] GC(27)     Dead                           Min: 0, Avg:  0.0, Max: 0, Diff: 0, Sum: 0, Workers: 4
[651.069s][debug][gc,phases      ] GC(27)     Total                          Min: 0, Avg:  0.0, Max: 0, Diff: 0, Sum: 0, Workers: 4
[651.069s][debug][gc,phases      ] GC(27) Weak Processing 0.361ms
[651.069s][debug][gc,age         ] GC(27) Desired survivor size 147324928 bytes, new threshold 1 (max threshold 15)
[651.069s][info ][gc,heap        ] GC(27) PSYoungGen: 1787360K(1945088K)->2992K(1936896K) Eden: 1784832K(1784832K)->0K(1784832K) From: 2528K(160256K)->2992K(152064K)
[651.069s][info ][gc,heap        ] GC(27) ParOldGen: 232113K(243712K)->232881K(243712K)
[651.069s][info ][gc,metaspace   ] GC(27) Metaspace: 103714K(104896K)->103714K(104896K) NonClass: 87954K(88640K)->87954K(88640K) Class: 15760K(16256K)->15760K(16256K)
[651.069s][info ][gc             ] GC(27) Pause Young (Allocation Failure) 1972M->230M(2129M) 3.343ms
[651.069s][info ][gc,cpu         ] GC(27) User=0.01s Sys=0.00s Real=0.00s
[651.069s][info ][safepoint      ] Safepoint "ParallelGCFailedAllocation", Time since last: 1241317934 ns, Reaching safepoint: 5600 ns, Cleanup: 3500 ns, At safepoint: 3402029 ns, Total: 3411129 ns
[652.069s][info ][safepoint      ] Safepoint "Cleanup", Time since last: 1000088148 ns, Reaching safepoint: 79801 ns, Cleanup: 10800 ns, At safepoint: 6500 ns, Total: 97101 ns
[653.070s][info ][safepoint      ] Safepoint "Cleanup", Time since last: 1000121148 ns, Reaching safepoint: 81301 ns, Cleanup: 8600 ns, At safepoint: 6300 ns, Total: 96201 ns
[654.070s][info ][safepoint      ] Safepoint "Cleanup", Time since last: 1000120248 ns, Reaching safepoint: 79901 ns, Cleanup: 8800 ns, At safepoint: 6600 ns, Total: 95301 ns
[657.070s][info ][safepoint      ] Safepoint "Cleanup", Time since last: 3000255643 ns, Reaching safepoint: 78701 ns, Cleanup: 10300 ns, At safepoint: 6500 ns, Total: 95501 ns
[660.071s][info ][safepoint      ] Safepoint "Cleanup", Time since last: 3000260347 ns, Reaching safepoint: 78900 ns, Cleanup: 8500 ns, At safepoint: 6500 ns, Total: 93900 ns
[661.225s][info ][safepoint      ] Safepoint "Cleanup", Time since last: 1154588225 ns, Reaching safepoint: 4900 ns, Cleanup: 11000 ns, At safepoint: 1900 ns, Total: 17800 ns
[662.225s][info ][safepoint      ] Safepoint "Cleanup", Time since last: 1000111869 ns, Reaching safepoint: 5100 ns, Cleanup: 10000 ns, At safepoint: 2200 ns, Total: 17300 ns
[663.225s][info ][safepoint      ] Safepoint "Cleanup", Time since last: 1000108670 ns, Reaching safepoint: 5300 ns, Cleanup: 16100 ns, At safepoint: 2400 ns, Total: 23800 ns
[664.226s][info ][safepoint      ] Safepoint "Cleanup", Time since last: 1000118370 ns, Reaching safepoint: 7100 ns, Cleanup: 8700 ns, At safepoint: 2900 ns, Total: 18700 ns
[665.226s][info ][safepoint      ] Safepoint "Cleanup", Time since last: 1000107469 ns, Reaching safepoint: 5100 ns, Cleanup: 9600 ns, At safepoint: 2100 ns, Total: 16800 ns
[666.226s][info ][safepoint      ] Safepoint "Cleanup", Time since last: 1000117201 ns, Reaching safepoint: 5200 ns, Cleanup: 15500 ns, At safepoint: 1700 ns, Total: 22400 ns
[667.226s][info ][safepoint      ] Safepoint "Cleanup", Time since last: 1000101762 ns, Reaching safepoint: 6000 ns, Cleanup: 7900 ns, At safepoint: 2000 ns, Total: 15900 ns
[668.226s][info ][safepoint      ] Safepoint "Cleanup", Time since last: 1000114261 ns, Reaching safepoint: 5900 ns, Cleanup: 9300 ns, At safepoint: 2000 ns, Total: 17200 ns
[669.226s][info ][safepoint      ] Safepoint "Cleanup", Time since last: 1000102262 ns, Reaching safepoint: 5600 ns, Cleanup: 11500 ns, At safepoint: 2500 ns, Total: 19600 ns
[670.226s][info ][safepoint      ] Safepoint "Cleanup", Time since last: 1000112162 ns, Reaching safepoint: 5900 ns, Cleanup: 10300 ns, At safepoint: 2200 ns, Total: 18400 ns
[671.226s][info ][safepoint      ] Safepoint "Cleanup", Time since last: 1000106261 ns, Reaching safepoint: 5400 ns, Cleanup: 10100 ns, At safepoint: 1700 ns, Total: 17200 ns
[672.227s][info ][safepoint      ] Safepoint "Cleanup", Time since last: 1000100862 ns, Reaching safepoint: 5500 ns, Cleanup: 22000 ns, At safepoint: 2500 ns, Total: 30000 ns
[673.227s][info ][safepoint      ] Safepoint "Cleanup", Time since last: 1000098661 ns, Reaching safepoint: 4900 ns, Cleanup: 6100 ns, At safepoint: 1800 ns, Total: 12800 ns
[675.227s][info ][safepoint      ] Safepoint "Cleanup", Time since last: 2000188691 ns, Reaching safepoint: 5300 ns, Cleanup: 7400 ns, At safepoint: 1900 ns, Total: 14600 ns
[676.227s][info ][safepoint      ] Safepoint "Cleanup", Time since last: 1000098764 ns, Reaching safepoint: 5600 ns, Cleanup: 7100 ns, At safepoint: 2000 ns, Total: 14700 ns
[677.227s][info ][safepoint      ] Safepoint "Cleanup", Time since last: 1000099264 ns, Reaching safepoint: 5401 ns, Cleanup: 14100 ns, At safepoint: 2300 ns, Total: 21801 ns
[678.227s][info ][safepoint      ] Safepoint "Cleanup", Time since last: 1000098564 ns, Reaching safepoint: 4900 ns, Cleanup: 8600 ns, At safepoint: 2000 ns, Total: 15500 ns
[682.228s][info ][safepoint      ] Safepoint "Cleanup", Time since last: 4000301199 ns, Reaching safepoint: 5600 ns, Cleanup: 15600 ns, At safepoint: 2100 ns, Total: 23300 ns
[684.228s][info ][safepoint      ] Safepoint "Cleanup", Time since last: 2000179144 ns, Reaching safepoint: 5200 ns, Cleanup: 9800 ns, At safepoint: 1800 ns, Total: 16800 ns
[685.228s][info ][safepoint      ] Safepoint "Cleanup", Time since last: 1000100872 ns, Reaching safepoint: 5100 ns, Cleanup: 11900 ns, At safepoint: 2200 ns, Total: 19200 ns
[686.228s][info ][safepoint      ] Safepoint "Cleanup", Time since last: 1000102572 ns, Reaching safepoint: 5800 ns, Cleanup: 8500 ns, At safepoint: 2000 ns, Total: 16300 ns
[687.228s][info ][safepoint      ] Safepoint "Cleanup", Time since last: 1000101172 ns, Reaching safepoint: 5500 ns, Cleanup: 10900 ns, At safepoint: 1900 ns, Total: 18300 ns
[688.228s][info ][safepoint      ] Safepoint "Cleanup", Time since last: 1000098972 ns, Reaching safepoint: 5000 ns, Cleanup: 10300 ns, At safepoint: 1900 ns, Total: 17200 ns
[690.228s][info ][safepoint      ] Safepoint "Cleanup", Time since last: 2000171906 ns, Reaching safepoint: 5400 ns, Cleanup: 9700 ns, At safepoint: 2300 ns, Total: 17400 ns
[692.229s][info ][safepoint      ] Safepoint "Cleanup", Time since last: 2000188347 ns, Reaching safepoint: 5700 ns, Cleanup: 9500 ns, At safepoint: 2000 ns, Total: 17200 ns
[693.229s][info ][safepoint      ] Safepoint "Cleanup", Time since last: 1000110573 ns, Reaching safepoint: 6100 ns, Cleanup: 13300 ns, At safepoint: 2500 ns, Total: 21900 ns
[695.229s][info ][safepoint      ] Safepoint "Cleanup", Time since last: 2000175047 ns, Reaching safepoint: 5800 ns, Cleanup: 12200 ns, At safepoint: 2300 ns, Total: 20300 ns
[696.022s][info ][gc,start       ] GC(28) Pause Young (Allocation Failure)
[696.024s][debug][gc,phases      ] GC(28) Scavenge 2.894ms
[696.025s][debug][gc,ref         ] GC(28) ReferenceProcessor::execute queues: 1, RefProcThreadModel::Single, marks_oops_alive: false
[696.025s][debug][gc,ref         ] GC(28) Skipped KeepAliveFinalRefsPhase of Reference Processing: no references
[696.025s][debug][gc,ref         ] GC(28) ReferenceProcessor::execute queues: 1, RefProcThreadModel::Single, marks_oops_alive: false
[696.025s][debug][gc,phases      ] GC(28) Reference Processing 0.086ms
[696.025s][debug][gc,phases      ] GC(28)   VM Weak                        Min:  0.0, Avg:  0.0, Max:  0.0, Diff:  0.0, Sum:  0.0, Workers: 4
[696.025s][debug][gc,phases      ] GC(28)     Dead                           Min: 0, Avg:  0.0, Max: 0, Diff: 0, Sum: 0, Workers: 4
[696.025s][debug][gc,phases      ] GC(28)     Total                          Min: 0, Avg: 221.8, Max: 823, Diff: 823, Sum: 887, Workers: 4
[696.025s][debug][gc,phases      ] GC(28)   ObjectSynchronizer Weak        Min:  0.0, Avg:  0.0, Max:  0.0, Diff:  0.0, Sum:  0.0, Workers: 4
[696.025s][debug][gc,phases      ] GC(28)     Dead                           Min: 0, Avg:  0.0, Max: 0, Diff: 0, Sum: 0, Workers: 4
[696.025s][debug][gc,phases      ] GC(28)     Total                          Min: 0, Avg:  1.0, Max: 4, Diff: 4, Sum: 4, Workers: 4
[696.025s][debug][gc,phases      ] GC(28)   JVMTI Tag Weak OopStorage      Min:  0.0, Avg:  0.0, Max:  0.0, Diff:  0.0, Sum:  0.0, Workers: 4
[696.025s][debug][gc,phases      ] GC(28)     Dead                           Min: 0, Avg:  0.0, Max: 0, Diff: 0, Sum: 0, Workers: 4
[696.025s][debug][gc,phases      ] GC(28)     Total                          Min: 0, Avg:  0.0, Max: 0, Diff: 0, Sum: 0, Workers: 4
[696.025s][debug][gc,phases      ] GC(28)   StringTable Weak               Min:  0.0, Avg:  0.1, Max:  0.2, Diff:  0.2, Sum:  0.5, Workers: 4
[696.025s][debug][gc,phases      ] GC(28)     Dead                           Min: 0, Avg:  0.0, Max: 0, Diff: 0, Sum: 0, Workers: 4
[696.025s][debug][gc,phases      ] GC(28)     Total                          Min: 0, Avg: 11437.8, Max: 18368, Diff: 18368, Sum: 45751, Workers: 4
[696.025s][debug][gc,phases      ] GC(28)   ResolvedMethodTable Weak       Min:  0.0, Avg:  0.0, Max:  0.1, Diff:  0.1, Sum:  0.2, Workers: 4
[696.025s][debug][gc,phases      ] GC(28)     Dead                           Min: 0, Avg:  4.5, Max: 18, Diff: 18, Sum: 18, Workers: 4
[696.025s][debug][gc,phases      ] GC(28)     Total                          Min: 0, Avg: 3630.2, Max: 5039, Diff: 5039, Sum: 14521, Workers: 4
[696.025s][debug][gc,phases      ] GC(28)   JNI Weak                       Min:  0.0, Avg:  0.0, Max:  0.0, Diff:  0.0, Sum:  0.0, Workers: 4
[696.025s][debug][gc,phases      ] GC(28)     Dead                           Min: 0, Avg:  0.0, Max: 0, Diff: 0, Sum: 0, Workers: 4
[696.025s][debug][gc,phases      ] GC(28)     Total                          Min: 0, Avg: 13.0, Max: 52, Diff: 52, Sum: 52, Workers: 4
[696.025s][debug][gc,phases      ] GC(28)   StringDedup Table Weak         Min:  0.0, Avg:  0.0, Max:  0.0, Diff:  0.0, Sum:  0.0, Workers: 4
[696.025s][debug][gc,phases      ] GC(28)     Dead                           Min: 0, Avg:  0.0, Max: 0, Diff: 0, Sum: 0, Workers: 4
[696.025s][debug][gc,phases      ] GC(28)     Total                          Min: 0, Avg:  0.0, Max: 0, Diff: 0, Sum: 0, Workers: 4
[696.025s][debug][gc,phases      ] GC(28)   StringDedup Requests0 Weak     Min:  0.0, Avg:  0.0, Max:  0.0, Diff:  0.0, Sum:  0.0, Workers: 4
[696.025s][debug][gc,phases      ] GC(28)     Dead                           Min: 0, Avg:  0.0, Max: 0, Diff: 0, Sum: 0, Workers: 4
[696.025s][debug][gc,phases      ] GC(28)     Total                          Min: 0, Avg:  0.0, Max: 0, Diff: 0, Sum: 0, Workers: 4
[696.025s][debug][gc,phases      ] GC(28)   StringDedup Requests1 Weak     Min:  0.0, Avg:  0.0, Max:  0.0, Diff:  0.0, Sum:  0.0, Workers: 4
[696.025s][debug][gc,phases      ] GC(28)     Dead                           Min: 0, Avg:  0.0, Max: 0, Diff: 0, Sum: 0, Workers: 4
[696.025s][debug][gc,phases      ] GC(28)     Total                          Min: 0, Avg:  0.0, Max: 0, Diff: 0, Sum: 0, Workers: 4
[696.025s][debug][gc,phases      ] GC(28)   Weak JFR Old Object Samples    Min:  0.0, Avg:  0.0, Max:  0.0, Diff:  0.0, Sum:  0.0, Workers: 4
[696.025s][debug][gc,phases      ] GC(28)     Dead                           Min: 0, Avg:  0.0, Max: 0, Diff: 0, Sum: 0, Workers: 4
[696.025s][debug][gc,phases      ] GC(28)     Total                          Min: 0, Avg:  0.0, Max: 0, Diff: 0, Sum: 0, Workers: 4
[696.025s][debug][gc,phases      ] GC(28) Weak Processing 0.426ms
[696.025s][debug][gc,age         ] GC(28) Desired survivor size 139460608 bytes, new threshold 1 (max threshold 15)
[696.025s][info ][gc,heap        ] GC(28) PSYoungGen: 1787824K(1936896K)->2128K(1960960K) Eden: 1784832K(1784832K)->0K(1817088K) From: 2992K(152064K)->2128K(143872K)
[696.025s][info ][gc,heap        ] GC(28) ParOldGen: 232881K(243712K)->234785K(243712K)
[696.025s][info ][gc,metaspace   ] GC(28) Metaspace: 103850K(105024K)->103850K(105024K) NonClass: 88083K(88768K)->88083K(88768K) Class: 15766K(16256K)->15766K(16256K)
[696.025s][info ][gc             ] GC(28) Pause Young (Allocation Failure) 1973M->231M(2153M) 3.502ms
[696.025s][info ][gc,cpu         ] GC(28) User=0.01s Sys=0.00s Real=0.00s
[696.025s][info ][safepoint      ] Safepoint "ParallelGCFailedAllocation", Time since last: 792567452 ns, Reaching safepoint: 4800 ns, Cleanup: 7401 ns, At safepoint: 3569631 ns, Total: 3581832 ns
[697.025s][info ][safepoint      ] Safepoint "Cleanup", Time since last: 1000088573 ns, Reaching safepoint: 5800 ns, Cleanup: 10000 ns, At safepoint: 1900 ns, Total: 17700 ns
[700.025s][info ][safepoint      ] Safepoint "Cleanup", Time since last: 3000250486 ns, Reaching safepoint: 6200 ns, Cleanup: 7900 ns, At safepoint: 1700 ns, Total: 15800 ns
[701.026s][info ][safepoint      ] Safepoint "Cleanup", Time since last: 1000115476 ns, Reaching safepoint: 76801 ns, Cleanup: 8100 ns, At safepoint: 5800 ns, Total: 90701 ns
[702.026s][info ][safepoint      ] Safepoint "Cleanup", Time since last: 1000125476 ns, Reaching safepoint: 6100 ns, Cleanup: 10300 ns, At safepoint: 2700 ns, Total: 19100 ns
[704.026s][info ][safepoint      ] Safepoint "Cleanup", Time since last: 2000181452 ns, Reaching safepoint: 5500 ns, Cleanup: 9700 ns, At safepoint: 2200 ns, Total: 17400 ns
[705.026s][info ][safepoint      ] Safepoint "Cleanup", Time since last: 1000101476 ns, Reaching safepoint: 5800 ns, Cleanup: 11300 ns, At safepoint: 1700 ns, Total: 18800 ns
[706.026s][info ][safepoint      ] Safepoint "Cleanup", Time since last: 1000104770 ns, Reaching safepoint: 6200 ns, Cleanup: 11901 ns, At safepoint: 2800 ns, Total: 20901 ns
[707.026s][info ][safepoint      ] Safepoint "Cleanup", Time since last: 1000114061 ns, Reaching safepoint: 6101 ns, Cleanup: 9000 ns, At safepoint: 2500 ns, Total: 17601 ns
[708.027s][info ][safepoint      ] Safepoint "Cleanup", Time since last: 1000115262 ns, Reaching safepoint: 5600 ns, Cleanup: 10800 ns, At safepoint: 2100 ns, Total: 18500 ns
[709.027s][info ][safepoint      ] Safepoint "Cleanup", Time since last: 1000105662 ns, Reaching safepoint: 5300 ns, Cleanup: 7600 ns, At safepoint: 2100 ns, Total: 15000 ns
[711.027s][info ][safepoint      ] Safepoint "Cleanup", Time since last: 2000198223 ns, Reaching safepoint: 5300 ns, Cleanup: 11301 ns, At safepoint: 2200 ns, Total: 18801 ns
[715.027s][info ][safepoint      ] Safepoint "Cleanup", Time since last: 4000320471 ns, Reaching safepoint: 5200 ns, Cleanup: 8300 ns, At safepoint: 1700 ns, Total: 15200 ns
[716.027s][info ][safepoint      ] Safepoint "Cleanup", Time since last: 1000121680 ns, Reaching safepoint: 5600 ns, Cleanup: 7000 ns, At safepoint: 2100 ns, Total: 14700 ns
[717.027s][info ][safepoint      ] Safepoint "Cleanup", Time since last: 1000105580 ns, Reaching safepoint: 5000 ns, Cleanup: 10300 ns, At safepoint: 2400 ns, Total: 17700 ns
[718.028s][info ][safepoint      ] Safepoint "Cleanup", Time since last: 1000106180 ns, Reaching safepoint: 5800 ns, Cleanup: 9200 ns, At safepoint: 2400 ns, Total: 17400 ns
[719.028s][info ][safepoint      ] Safepoint "Cleanup", Time since last: 1000110080 ns, Reaching safepoint: 5600 ns, Cleanup: 13801 ns, At safepoint: 2600 ns, Total: 22001 ns
[721.242s][info ][safepoint      ] Safepoint "Cleanup", Time since last: 2214593320 ns, Reaching safepoint: 5200 ns, Cleanup: 13500 ns, At safepoint: 2600 ns, Total: 21300 ns
[725.243s][info ][safepoint      ] Safepoint "Cleanup", Time since last: 4000340435 ns, Reaching safepoint: 4800 ns, Cleanup: 21700 ns, At safepoint: 2100 ns, Total: 28600 ns
[726.243s][info ][safepoint      ] Safepoint "Cleanup", Time since last: 1000112984 ns, Reaching safepoint: 5500 ns, Cleanup: 10400 ns, At safepoint: 2100 ns, Total: 18000 ns
[727.243s][info ][safepoint      ] Safepoint "Cleanup", Time since last: 1000109685 ns, Reaching safepoint: 5600 ns, Cleanup: 10000 ns, At safepoint: 2200 ns, Total: 17800 ns
[728.243s][info ][safepoint      ] Safepoint "Cleanup", Time since last: 1000110184 ns, Reaching safepoint: 5900 ns, Cleanup: 16500 ns, At safepoint: 2300 ns, Total: 24700 ns
[729.243s][info ][safepoint      ] Safepoint "Cleanup", Time since last: 1000105484 ns, Reaching safepoint: 5200 ns, Cleanup: 10801 ns, At safepoint: 2400 ns, Total: 18401 ns
[730.243s][info ][safepoint      ] Safepoint "Cleanup", Time since last: 1000103885 ns, Reaching safepoint: 4400 ns, Cleanup: 8200 ns, At safepoint: 1800 ns, Total: 14400 ns
[732.244s][info ][safepoint      ] Safepoint "Cleanup", Time since last: 2000169672 ns, Reaching safepoint: 5200 ns, Cleanup: 15801 ns, At safepoint: 2500 ns, Total: 23501 ns
[733.244s][info ][safepoint      ] Safepoint "Cleanup", Time since last: 1000109886 ns, Reaching safepoint: 5000 ns, Cleanup: 20000 ns, At safepoint: 2400 ns, Total: 27400 ns
[736.244s][info ][safepoint      ] Safepoint "Cleanup", Time since last: 3000264459 ns, Reaching safepoint: 5200 ns, Cleanup: 8100 ns, At safepoint: 1900 ns, Total: 15200 ns
[737.244s][info ][safepoint      ] Safepoint "Cleanup", Time since last: 1000104486 ns, Reaching safepoint: 5400 ns, Cleanup: 8300 ns, At safepoint: 2100 ns, Total: 15800 ns
[738.244s][info ][safepoint      ] Safepoint "Cleanup", Time since last: 1000108227 ns, Reaching safepoint: 5900 ns, Cleanup: 10300 ns, At safepoint: 2000 ns, Total: 18200 ns
[740.244s][info ][safepoint      ] Safepoint "Cleanup", Time since last: 2000177713 ns, Reaching safepoint: 5900 ns, Cleanup: 10400 ns, At safepoint: 2100 ns, Total: 18400 ns
[741.245s][info ][safepoint      ] Safepoint "Cleanup", Time since last: 1000106257 ns, Reaching safepoint: 5300 ns, Cleanup: 8900 ns, At safepoint: 2000 ns, Total: 16200 ns
[742.245s][info ][safepoint      ] Safepoint "Cleanup", Time since last: 1000101756 ns, Reaching safepoint: 6600 ns, Cleanup: 11500 ns, At safepoint: 1900 ns, Total: 20000 ns
[743.172s][info ][gc,start       ] GC(29) Pause Young (Allocation Failure)
[743.174s][debug][gc,phases      ] GC(29) Scavenge 2.458ms
[743.174s][debug][gc,ref         ] GC(29) ReferenceProcessor::execute queues: 1, RefProcThreadModel::Single, marks_oops_alive: false
[743.175s][debug][gc,ref         ] GC(29) Skipped KeepAliveFinalRefsPhase of Reference Processing: no references
[743.175s][debug][gc,ref         ] GC(29) ReferenceProcessor::execute queues: 1, RefProcThreadModel::Single, marks_oops_alive: false
[743.175s][debug][gc,phases      ] GC(29) Reference Processing 0.146ms
[743.175s][debug][gc,phases      ] GC(29)   VM Weak                        Min:  0.0, Avg:  0.0, Max:  0.0, Diff:  0.0, Sum:  0.0, Workers: 4
[743.175s][debug][gc,phases      ] GC(29)     Dead                           Min: 0, Avg:  0.0, Max: 0, Diff: 0, Sum: 0, Workers: 4
[743.175s][debug][gc,phases      ] GC(29)     Total                          Min: 0, Avg: 222.0, Max: 640, Diff: 640, Sum: 888, Workers: 4
[743.175s][debug][gc,phases      ] GC(29)   ObjectSynchronizer Weak        Min:  0.0, Avg:  0.0, Max:  0.0, Diff:  0.0, Sum:  0.0, Workers: 4
[743.175s][debug][gc,phases      ] GC(29)     Dead                           Min: 0, Avg:  0.0, Max: 0, Diff: 0, Sum: 0, Workers: 4
[743.175s][debug][gc,phases      ] GC(29)     Total                          Min: 0, Avg:  0.8, Max: 3, Diff: 3, Sum: 3, Workers: 4
[743.175s][debug][gc,phases      ] GC(29)   JVMTI Tag Weak OopStorage      Min:  0.0, Avg:  0.0, Max:  0.0, Diff:  0.0, Sum:  0.0, Workers: 4
[743.175s][debug][gc,phases      ] GC(29)     Dead                           Min: 0, Avg:  0.0, Max: 0, Diff: 0, Sum: 0, Workers: 4
[743.175s][debug][gc,phases      ] GC(29)     Total                          Min: 0, Avg:  0.0, Max: 0, Diff: 0, Sum: 0, Workers: 4
[743.175s][debug][gc,phases      ] GC(29)   StringTable Weak               Min:  0.1, Avg:  0.1, Max:  0.1, Diff:  0.0, Sum:  0.5, Workers: 4
[743.175s][debug][gc,phases      ] GC(29)     Dead                           Min: 0, Avg:  0.0, Max: 0, Diff: 0, Sum: 0, Workers: 4
[743.175s][debug][gc,phases      ] GC(29)     Total                          Min: 7562, Avg: 11442.5, Max: 13120, Diff: 5558, Sum: 45770, Workers: 4
[743.175s][debug][gc,phases      ] GC(29)   ResolvedMethodTable Weak       Min:  0.0, Avg:  0.0, Max:  0.0, Diff:  0.0, Sum:  0.2, Workers: 4
[743.175s][debug][gc,phases      ] GC(29)     Dead                           Min: 0, Avg:  4.0, Max: 16, Diff: 16, Sum: 16, Workers: 4
[743.175s][debug][gc,phases      ] GC(29)     Total                          Min: 3493, Avg: 3631.2, Max: 3917, Diff: 424, Sum: 14525, Workers: 4
[743.175s][debug][gc,phases      ] GC(29)   JNI Weak                       Min:  0.0, Avg:  0.0, Max:  0.0, Diff:  0.0, Sum:  0.0, Workers: 4
[743.175s][debug][gc,phases      ] GC(29)     Dead                           Min: 0, Avg:  0.0, Max: 0, Diff: 0, Sum: 0, Workers: 4
[743.175s][debug][gc,phases      ] GC(29)     Total                          Min: 0, Avg: 13.0, Max: 52, Diff: 52, Sum: 52, Workers: 4
[743.175s][debug][gc,phases      ] GC(29)   StringDedup Table Weak         Min:  0.0, Avg:  0.0, Max:  0.0, Diff:  0.0, Sum:  0.0, Workers: 4
[743.175s][debug][gc,phases      ] GC(29)     Dead                           Min: 0, Avg:  0.0, Max: 0, Diff: 0, Sum: 0, Workers: 4
[743.175s][debug][gc,phases      ] GC(29)     Total                          Min: 0, Avg:  0.0, Max: 0, Diff: 0, Sum: 0, Workers: 4
[743.175s][debug][gc,phases      ] GC(29)   StringDedup Requests0 Weak     Min:  0.0, Avg:  0.0, Max:  0.0, Diff:  0.0, Sum:  0.0, Workers: 4
[743.175s][debug][gc,phases      ] GC(29)     Dead                           Min: 0, Avg:  0.0, Max: 0, Diff: 0, Sum: 0, Workers: 4
[743.175s][debug][gc,phases      ] GC(29)     Total                          Min: 0, Avg:  0.0, Max: 0, Diff: 0, Sum: 0, Workers: 4
[743.175s][debug][gc,phases      ] GC(29)   StringDedup Requests1 Weak     Min:  0.0, Avg:  0.0, Max:  0.0, Diff:  0.0, Sum:  0.0, Workers: 4
[743.175s][debug][gc,phases      ] GC(29)     Dead                           Min: 0, Avg:  0.0, Max: 0, Diff: 0, Sum: 0, Workers: 4
[743.175s][debug][gc,phases      ] GC(29)     Total                          Min: 0, Avg:  0.0, Max: 0, Diff: 0, Sum: 0, Workers: 4
[743.175s][debug][gc,phases      ] GC(29)   Weak JFR Old Object Samples    Min:  0.0, Avg:  0.0, Max:  0.0, Diff:  0.0, Sum:  0.0, Workers: 4
[743.175s][debug][gc,phases      ] GC(29)     Dead                           Min: 0, Avg:  0.0, Max: 0, Diff: 0, Sum: 0, Workers: 4
[743.175s][debug][gc,phases      ] GC(29)     Total                          Min: 0, Avg:  0.0, Max: 0, Diff: 0, Sum: 0, Workers: 4
[743.175s][debug][gc,phases      ] GC(29) Weak Processing 0.357ms
[743.175s][debug][gc,age         ] GC(29) Desired survivor size 131596288 bytes, new threshold 1 (max threshold 15)
[743.175s][info ][gc,heap        ] GC(29) PSYoungGen: 1819216K(1960960K)->2208K(1953280K) Eden: 1817088K(1817088K)->0K(1817088K) From: 2128K(143872K)->2208K(136192K)
[743.175s][info ][gc,heap        ] GC(29) ParOldGen: 234785K(243712K)->235837K(243712K)
[743.175s][info ][gc,metaspace   ] GC(29) Metaspace: 103936K(105088K)->103936K(105088K) NonClass: 88168K(88832K)->88168K(88832K) Class: 15768K(16256K)->15768K(16256K)
[743.175s][info ][gc             ] GC(29) Pause Young (Allocation Failure) 2005M->232M(2145M) 3.069ms
[743.175s][info ][gc,cpu         ] GC(29) User=0.01s Sys=0.00s Real=0.00s
[743.175s][info ][safepoint      ] Safepoint "ParallelGCFailedAllocation", Time since last: 927196719 ns, Reaching safepoint: 5000 ns, Cleanup: 11100 ns, At safepoint: 3134427 ns, Total: 3150527 ns
[746.175s][info ][safepoint      ] Safepoint "Cleanup", Time since last: 3000229534 ns, Reaching safepoint: 5600 ns, Cleanup: 8400 ns, At safepoint: 2600 ns, Total: 16600 ns
[748.175s][info ][safepoint      ] Safepoint "Cleanup", Time since last: 2000170371 ns, Reaching safepoint: 5400 ns, Cleanup: 10100 ns, At safepoint: 2100 ns, Total: 17600 ns
[749.176s][info ][safepoint      ] Safepoint "Cleanup", Time since last: 1000100286 ns, Reaching safepoint: 4700 ns, Cleanup: 6300 ns, At safepoint: 2200 ns, Total: 13200 ns
[752.176s][info ][safepoint      ] Safepoint "Cleanup", Time since last: 3000240756 ns, Reaching safepoint: 4900 ns, Cleanup: 16400 ns, At safepoint: 2300 ns, Total: 23600 ns
[753.176s][info ][safepoint      ] Safepoint "Cleanup", Time since last: 1000105486 ns, Reaching safepoint: 5200 ns, Cleanup: 8400 ns, At safepoint: 1900 ns, Total: 15500 ns
[755.176s][info ][safepoint      ] Safepoint "Cleanup", Time since last: 2000175006 ns, Reaching safepoint: 4400 ns, Cleanup: 10000 ns, At safepoint: 2000 ns, Total: 16400 ns
[756.176s][info ][safepoint      ] Safepoint "Cleanup", Time since last: 1000095009 ns, Reaching safepoint: 4900 ns, Cleanup: 8900 ns, At safepoint: 2200 ns, Total: 16000 ns
[757.176s][info ][safepoint      ] Safepoint "Cleanup", Time since last: 1000094010 ns, Reaching safepoint: 4800 ns, Cleanup: 16700 ns, At safepoint: 2000 ns, Total: 23500 ns
[758.176s][info ][safepoint      ] Safepoint "Cleanup", Time since last: 1000094509 ns, Reaching safepoint: 5600 ns, Cleanup: 16501 ns, At safepoint: 16100 ns, Total: 38201 ns
[759.177s][info ][safepoint      ] Safepoint "Cleanup", Time since last: 1000095609 ns, Reaching safepoint: 5300 ns, Cleanup: 88201 ns, At safepoint: 3200 ns, Total: 96701 ns
[760.177s][info ][safepoint      ] Safepoint "Cleanup", Time since last: 1000107209 ns, Reaching safepoint: 5700 ns, Cleanup: 16001 ns, At safepoint: 2300 ns, Total: 24001 ns
[761.177s][info ][safepoint      ] Safepoint "Cleanup", Time since last: 1000097509 ns, Reaching safepoint: 5300 ns, Cleanup: 11700 ns, At safepoint: 2000 ns, Total: 19000 ns
[762.177s][info ][safepoint      ] Safepoint "Cleanup", Time since last: 1000094500 ns, Reaching safepoint: 5100 ns, Cleanup: 11800 ns, At safepoint: 1600 ns, Total: 18500 ns
[763.177s][info ][safepoint      ] Safepoint "Cleanup", Time since last: 1000095811 ns, Reaching safepoint: 6100 ns, Cleanup: 7700 ns, At safepoint: 2100 ns, Total: 15900 ns
[764.177s][info ][safepoint      ] Safepoint "Cleanup", Time since last: 1000095411 ns, Reaching safepoint: 5400 ns, Cleanup: 6400 ns, At safepoint: 2100 ns, Total: 13900 ns
[765.177s][info ][safepoint      ] Safepoint "Cleanup", Time since last: 1000096511 ns, Reaching safepoint: 5600 ns, Cleanup: 17100 ns, At safepoint: 2100 ns, Total: 24800 ns
[766.177s][info ][safepoint      ] Safepoint "Cleanup", Time since last: 1000105911 ns, Reaching safepoint: 6400 ns, Cleanup: 10500 ns, At safepoint: 1900 ns, Total: 18800 ns
[767.178s][info ][safepoint      ] Safepoint "Cleanup", Time since last: 1000103011 ns, Reaching safepoint: 6000 ns, Cleanup: 7700 ns, At safepoint: 1800 ns, Total: 15500 ns
[768.178s][info ][safepoint      ] Safepoint "Cleanup", Time since last: 1000096622 ns, Reaching safepoint: 5300 ns, Cleanup: 32400 ns, At safepoint: 2300 ns, Total: 40000 ns
[769.178s][info ][safepoint      ] Safepoint "Cleanup", Time since last: 1000110470 ns, Reaching safepoint: 5300 ns, Cleanup: 50901 ns, At safepoint: 2200 ns, Total: 58401 ns
[770.178s][info ][safepoint      ] Safepoint "Cleanup", Time since last: 1000095771 ns, Reaching safepoint: 5400 ns, Cleanup: 8100 ns, At safepoint: 2100 ns, Total: 15600 ns
[771.178s][info ][safepoint      ] Safepoint "Cleanup", Time since last: 1000094972 ns, Reaching safepoint: 6100 ns, Cleanup: 27500 ns, At safepoint: 1700 ns, Total: 35300 ns
[772.178s][info ][safepoint      ] Safepoint "Cleanup", Time since last: 1000113873 ns, Reaching safepoint: 81200 ns, Cleanup: 27001 ns, At safepoint: 12900 ns, Total: 121101 ns
[773.179s][info ][safepoint      ] Safepoint "Cleanup", Time since last: 1000104972 ns, Reaching safepoint: 6500 ns, Cleanup: 14000 ns, At safepoint: 2700 ns, Total: 23200 ns
[774.179s][info ][safepoint      ] Safepoint "Cleanup", Time since last: 1000117673 ns, Reaching safepoint: 7100 ns, Cleanup: 12200 ns, At safepoint: 2800 ns, Total: 22100 ns
[775.179s][info ][safepoint      ] Safepoint "Cleanup", Time since last: 1000124572 ns, Reaching safepoint: 5800 ns, Cleanup: 6500 ns, At safepoint: 2000 ns, Total: 14300 ns
[776.179s][info ][safepoint      ] Safepoint "Cleanup", Time since last: 1000092973 ns, Reaching safepoint: 5500 ns, Cleanup: 20200 ns, At safepoint: 1900 ns, Total: 27600 ns
[777.179s][info ][safepoint      ] Safepoint "Cleanup", Time since last: 1000101772 ns, Reaching safepoint: 6100 ns, Cleanup: 12500 ns, At safepoint: 2200 ns, Total: 20800 ns
[778.179s][info ][safepoint      ] Safepoint "Cleanup", Time since last: 1000104985 ns, Reaching safepoint: 15200 ns, Cleanup: 11200 ns, At safepoint: 2000 ns, Total: 28400 ns
[778.266s][info ][gc,start       ] GC(30) Pause Young (Allocation Failure)
[778.273s][debug][gc,phases      ] GC(30) Scavenge 6.493ms
[778.273s][debug][gc,ref         ] GC(30) ReferenceProcessor::execute queues: 1, RefProcThreadModel::Single, marks_oops_alive: false
[778.273s][debug][gc,ref         ] GC(30) Skipped KeepAliveFinalRefsPhase of Reference Processing: no references
[778.273s][debug][gc,ref         ] GC(30) ReferenceProcessor::execute queues: 1, RefProcThreadModel::Single, marks_oops_alive: false
[778.273s][debug][gc,phases      ] GC(30) Reference Processing 0.124ms
[778.273s][debug][gc,phases      ] GC(30)   VM Weak                        Min:  0.0, Avg:  0.0, Max:  0.0, Diff:  0.0, Sum:  0.0, Workers: 4
[778.273s][debug][gc,phases      ] GC(30)     Dead                           Min: 0, Avg:  0.0, Max: 0, Diff: 0, Sum: 0, Workers: 4
[778.273s][debug][gc,phases      ] GC(30)     Total                          Min: 0, Avg: 223.0, Max: 636, Diff: 636, Sum: 892, Workers: 4
[778.273s][debug][gc,phases      ] GC(30)   ObjectSynchronizer Weak        Min:  0.0, Avg:  0.0, Max:  0.0, Diff:  0.0, Sum:  0.0, Workers: 4
[778.273s][debug][gc,phases      ] GC(30)     Dead                           Min: 0, Avg:  0.0, Max: 0, Diff: 0, Sum: 0, Workers: 4
[778.273s][debug][gc,phases      ] GC(30)     Total                          Min: 0, Avg:  1.2, Max: 5, Diff: 5, Sum: 5, Workers: 4
[778.273s][debug][gc,phases      ] GC(30)   JVMTI Tag Weak OopStorage      Min:  0.0, Avg:  0.0, Max:  0.0, Diff:  0.0, Sum:  0.0, Workers: 4
[778.273s][debug][gc,phases      ] GC(30)     Dead                           Min: 0, Avg:  0.0, Max: 0, Diff: 0, Sum: 0, Workers: 4
[778.273s][debug][gc,phases      ] GC(30)     Total                          Min: 0, Avg:  0.0, Max: 0, Diff: 0, Sum: 0, Workers: 4
[778.273s][debug][gc,phases      ] GC(30)   StringTable Weak               Min:  0.0, Avg:  0.1, Max:  0.1, Diff:  0.1, Sum:  0.4, Workers: 4
[778.273s][debug][gc,phases      ] GC(30)     Dead                           Min: 0, Avg:  1.0, Max: 4, Diff: 4, Sum: 4, Workers: 4
[778.273s][debug][gc,phases      ] GC(30)     Total                          Min: 0, Avg: 11456.2, Max: 19969, Diff: 19969, Sum: 45825, Workers: 4
[778.273s][debug][gc,phases      ] GC(30)   ResolvedMethodTable Weak       Min:  0.0, Avg:  0.0, Max:  0.0, Diff:  0.0, Sum:  0.1, Workers: 4
[778.273s][debug][gc,phases      ] GC(30)     Dead                           Min: 0, Avg:  5.2, Max: 20, Diff: 20, Sum: 21, Workers: 4
[778.273s][debug][gc,phases      ] GC(30)     Total                          Min: 0, Avg: 3639.8, Max: 6270, Diff: 6270, Sum: 14559, Workers: 4
[778.273s][debug][gc,phases      ] GC(30)   JNI Weak                       Min:  0.0, Avg:  0.0, Max:  0.0, Diff:  0.0, Sum:  0.0, Workers: 4
[778.273s][debug][gc,phases      ] GC(30)     Dead                           Min: 0, Avg:  0.0, Max: 0, Diff: 0, Sum: 0, Workers: 4
[778.273s][debug][gc,phases      ] GC(30)     Total                          Min: 0, Avg: 13.0, Max: 52, Diff: 52, Sum: 52, Workers: 4
[778.273s][debug][gc,phases      ] GC(30)   StringDedup Table Weak         Min:  0.0, Avg:  0.0, Max:  0.0, Diff:  0.0, Sum:  0.0, Workers: 4
[778.273s][debug][gc,phases      ] GC(30)     Dead                           Min: 0, Avg:  0.0, Max: 0, Diff: 0, Sum: 0, Workers: 4
[778.273s][debug][gc,phases      ] GC(30)     Total                          Min: 0, Avg:  0.0, Max: 0, Diff: 0, Sum: 0, Workers: 4
[778.273s][debug][gc,phases      ] GC(30)   StringDedup Requests0 Weak     Min:  0.0, Avg:  0.0, Max:  0.0, Diff:  0.0, Sum:  0.0, Workers: 4
[778.273s][debug][gc,phases      ] GC(30)     Dead                           Min: 0, Avg:  0.0, Max: 0, Diff: 0, Sum: 0, Workers: 4
[778.273s][debug][gc,phases      ] GC(30)     Total                          Min: 0, Avg:  0.0, Max: 0, Diff: 0, Sum: 0, Workers: 4
[778.273s][debug][gc,phases      ] GC(30)   StringDedup Requests1 Weak     Min:  0.0, Avg:  0.0, Max:  0.0, Diff:  0.0, Sum:  0.0, Workers: 4
[778.273s][debug][gc,phases      ] GC(30)     Dead                           Min: 0, Avg:  0.0, Max: 0, Diff: 0, Sum: 0, Workers: 4
[778.273s][debug][gc,phases      ] GC(30)     Total                          Min: 0, Avg:  0.0, Max: 0, Diff: 0, Sum: 0, Workers: 4
[778.273s][debug][gc,phases      ] GC(30)   Weak JFR Old Object Samples    Min:  0.0, Avg:  0.0, Max:  0.0, Diff:  0.0, Sum:  0.0, Workers: 4
[778.273s][debug][gc,phases      ] GC(30)     Dead                           Min: 0, Avg:  0.0, Max: 0, Diff: 0, Sum: 0, Workers: 4
[778.273s][debug][gc,phases      ] GC(30)     Total                          Min: 0, Avg:  0.0, Max: 0, Diff: 0, Sum: 0, Workers: 4
[778.273s][debug][gc,phases      ] GC(30) Weak Processing 0.356ms
[778.273s][debug][gc,age         ] GC(30) Desired survivor size 121634816 bytes, new threshold 1 (max threshold 15)
[778.273s][info ][gc,heap        ] GC(30) PSYoungGen: 1819296K(1953280K)->13472K(1978368K) Eden: 1817088K(1817088K)->0K(1849856K) From: 2208K(136192K)->13472K(128512K)
[778.273s][info ][gc,heap        ] GC(30) ParOldGen: 235837K(243712K)->236618K(243712K)
[778.273s][info ][gc,metaspace   ] GC(30) Metaspace: 104141K(105344K)->104141K(105344K) NonClass: 88352K(89024K)->88352K(89024K) Class: 15789K(16320K)->15789K(16320K)
[778.273s][info ][gc             ] GC(30) Pause Young (Allocation Failure) 2006M->244M(2170M) 7.062ms
[778.273s][info ][gc,cpu         ] GC(30) User=0.02s Sys=0.00s Real=0.01s
[778.273s][info ][safepoint      ] Safepoint "ParallelGCFailedAllocation", Time since last: 86814955 ns, Reaching safepoint: 78201 ns, Cleanup: 3000 ns, At safepoint: 7124262 ns, Total: 7205463 ns
[779.273s][info ][safepoint      ] Safepoint "Cleanup", Time since last: 1000081199 ns, Reaching safepoint: 6300 ns, Cleanup: 14901 ns, At safepoint: 1800 ns, Total: 23001 ns
[781.260s][info ][safepoint      ] Safepoint "Cleanup", Time since last: 1986202276 ns, Reaching safepoint: 6001 ns, Cleanup: 23600 ns, At safepoint: 2100 ns, Total: 31701 ns
[782.260s][info ][safepoint      ] Safepoint "Cleanup", Time since last: 1000104599 ns, Reaching safepoint: 6000 ns, Cleanup: 12900 ns, At safepoint: 2200 ns, Total: 21100 ns
[783.260s][info ][safepoint      ] Safepoint "Cleanup", Time since last: 1000117400 ns, Reaching safepoint: 6300 ns, Cleanup: 15800 ns, At safepoint: 2300 ns, Total: 24400 ns
[784.260s][info ][safepoint      ] Safepoint "Cleanup", Time since last: 1000123600 ns, Reaching safepoint: 6400 ns, Cleanup: 11200 ns, At safepoint: 2500 ns, Total: 20100 ns
[785.260s][info ][safepoint      ] Safepoint "Cleanup", Time since last: 1000107499 ns, Reaching safepoint: 6300 ns, Cleanup: 10800 ns, At safepoint: 2500 ns, Total: 19600 ns
[786.260s][info ][safepoint      ] Safepoint "Cleanup", Time since last: 1000105395 ns, Reaching safepoint: 5100 ns, Cleanup: 32000 ns, At safepoint: 1901 ns, Total: 39001 ns
[787.260s][info ][safepoint      ] Safepoint "Cleanup", Time since last: 1000102190 ns, Reaching safepoint: 6500 ns, Cleanup: 20300 ns, At safepoint: 2300 ns, Total: 29100 ns
[788.261s][info ][safepoint      ] Safepoint "Cleanup", Time since last: 1000110991 ns, Reaching safepoint: 5900 ns, Cleanup: 42901 ns, At safepoint: 2400 ns, Total: 51201 ns
[789.261s][info ][safepoint      ] Safepoint "Cleanup", Time since last: 1000106690 ns, Reaching safepoint: 6200 ns, Cleanup: 37801 ns, At safepoint: 2500 ns, Total: 46501 ns
[790.261s][info ][safepoint      ] Safepoint "Cleanup", Time since last: 1000130791 ns, Reaching safepoint: 6400 ns, Cleanup: 9800 ns, At safepoint: 2500 ns, Total: 18700 ns
[792.261s][info ][safepoint      ] Safepoint "Cleanup", Time since last: 2000177981 ns, Reaching safepoint: 6100 ns, Cleanup: 7900 ns, At safepoint: 2200 ns, Total: 16200 ns
[793.724s][info ][safepoint      ] Safepoint "Cleanup", Time since last: 1462594810 ns, Reaching safepoint: 76200 ns, Cleanup: 61201 ns, At safepoint: 7300 ns, Total: 144701 ns
[794.724s][info ][safepoint      ] Safepoint "Cleanup", Time since last: 1000110720 ns, Reaching safepoint: 6500 ns, Cleanup: 24300 ns, At safepoint: 2200 ns, Total: 33000 ns
[795.724s][info ][safepoint      ] Safepoint "Cleanup", Time since last: 1000118121 ns, Reaching safepoint: 6700 ns, Cleanup: 12200 ns, At safepoint: 2200 ns, Total: 21100 ns
[797.724s][info ][safepoint      ] Safepoint "Cleanup", Time since last: 2000188441 ns, Reaching safepoint: 5900 ns, Cleanup: 9700 ns, At safepoint: 2200 ns, Total: 17800 ns
[798.724s][info ][safepoint      ] Safepoint "Cleanup", Time since last: 1000109421 ns, Reaching safepoint: 6000 ns, Cleanup: 20000 ns, At safepoint: 6400 ns, Total: 32400 ns
[799.725s][info ][safepoint      ] Safepoint "Cleanup", Time since last: 1000109120 ns, Reaching safepoint: 6001 ns, Cleanup: 13200 ns, At safepoint: 2000 ns, Total: 21201 ns
[801.725s][info ][safepoint      ] Safepoint "Cleanup", Time since last: 2000190041 ns, Reaching safepoint: 7200 ns, Cleanup: 24200 ns, At safepoint: 2500 ns, Total: 33900 ns
[802.725s][info ][safepoint      ] Safepoint "Cleanup", Time since last: 1000105794 ns, Reaching safepoint: 6200 ns, Cleanup: 16701 ns, At safepoint: 2200 ns, Total: 25101 ns
[803.725s][info ][safepoint      ] Safepoint "Cleanup", Time since last: 1000109693 ns, Reaching safepoint: 6401 ns, Cleanup: 6700 ns, At safepoint: 2100 ns, Total: 15201 ns
[804.725s][info ][safepoint      ] Safepoint "Cleanup", Time since last: 1000116994 ns, Reaching safepoint: 6200 ns, Cleanup: 15000 ns, At safepoint: 2200 ns, Total: 23400 ns
[805.725s][info ][safepoint      ] Safepoint "Cleanup", Time since last: 1000105094 ns, Reaching safepoint: 5900 ns, Cleanup: 14500 ns, At safepoint: 1800 ns, Total: 22200 ns
[806.725s][info ][safepoint      ] Safepoint "Cleanup", Time since last: 1000105994 ns, Reaching safepoint: 6100 ns, Cleanup: 52900 ns, At safepoint: 2000 ns, Total: 61000 ns
[807.726s][info ][safepoint      ] Safepoint "Cleanup", Time since last: 1000110094 ns, Reaching safepoint: 6500 ns, Cleanup: 12600 ns, At safepoint: 2500 ns, Total: 21600 ns
[808.726s][info ][safepoint      ] Safepoint "Cleanup", Time since last: 1000124894 ns, Reaching safepoint: 28101 ns, Cleanup: 8700 ns, At safepoint: 2400 ns, Total: 39201 ns
[810.726s][info ][safepoint      ] Safepoint "Cleanup", Time since last: 2000189680 ns, Reaching safepoint: 6800 ns, Cleanup: 9700 ns, At safepoint: 1900 ns, Total: 18400 ns
[811.726s][info ][safepoint      ] Safepoint "Cleanup", Time since last: 1000122587 ns, Reaching safepoint: 6200 ns, Cleanup: 9100 ns, At safepoint: 2000 ns, Total: 17300 ns
[813.726s][info ][safepoint      ] Safepoint "Cleanup", Time since last: 2000174472 ns, Reaching safepoint: 7800 ns, Cleanup: 9900 ns, At safepoint: 2600 ns, Total: 20300 ns
[817.169s][info ][gc,start       ] GC(31) Pause Young (Allocation Failure)
[817.177s][debug][gc,phases      ] GC(31) Scavenge 8.376ms
[817.177s][debug][gc,ref         ] GC(31) ReferenceProcessor::execute queues: 1, RefProcThreadModel::Single, marks_oops_alive: false
[817.177s][debug][gc,ref         ] GC(31) Skipped KeepAliveFinalRefsPhase of Reference Processing: no references
[817.177s][debug][gc,ref         ] GC(31) ReferenceProcessor::execute queues: 1, RefProcThreadModel::Single, marks_oops_alive: false
[817.177s][debug][gc,phases      ] GC(31) Reference Processing 0.109ms
[817.177s][debug][gc,phases      ] GC(31)   VM Weak                        Min:  0.0, Avg:  0.0, Max:  0.0, Diff:  0.0, Sum:  0.0, Workers: 4
[817.177s][debug][gc,phases      ] GC(31)     Dead                           Min: 0, Avg:  0.0, Max: 0, Diff: 0, Sum: 0, Workers: 4
[817.177s][debug][gc,phases      ] GC(31)     Total                          Min: 0, Avg: 226.0, Max: 576, Diff: 576, Sum: 904, Workers: 4
[817.177s][debug][gc,phases      ] GC(31)   ObjectSynchronizer Weak        Min:  0.0, Avg:  0.0, Max:  0.0, Diff:  0.0, Sum:  0.0, Workers: 4
[817.177s][debug][gc,phases      ] GC(31)     Dead                           Min: 0, Avg:  0.0, Max: 0, Diff: 0, Sum: 0, Workers: 4
[817.178s][debug][gc,phases      ] GC(31)     Total                          Min: 0, Avg:  1.0, Max: 4, Diff: 4, Sum: 4, Workers: 4
[817.178s][debug][gc,phases      ] GC(31)   JVMTI Tag Weak OopStorage      Min:  0.0, Avg:  0.0, Max:  0.0, Diff:  0.0, Sum:  0.0, Workers: 4
[817.178s][debug][gc,phases      ] GC(31)     Dead                           Min: 0, Avg:  0.0, Max: 0, Diff: 0, Sum: 0, Workers: 4
[817.178s][debug][gc,phases      ] GC(31)     Total                          Min: 0, Avg:  0.0, Max: 0, Diff: 0, Sum: 0, Workers: 4
[817.178s][debug][gc,phases      ] GC(31)   StringTable Weak               Min:  0.1, Avg:  0.1, Max:  0.1, Diff:  0.0, Sum:  0.5, Workers: 4
[817.178s][debug][gc,phases      ] GC(31)     Dead                           Min: 0, Avg:  0.8, Max: 2, Diff: 2, Sum: 3, Workers: 4
[817.178s][debug][gc,phases      ] GC(31)     Total                          Min: 10944, Avg: 11476.2, Max: 11968, Diff: 1024, Sum: 45905, Workers: 4
[817.178s][debug][gc,phases      ] GC(31)   ResolvedMethodTable Weak       Min:  0.0, Avg:  0.0, Max:  0.0, Diff:  0.0, Sum:  0.2, Workers: 4
[817.178s][debug][gc,phases      ] GC(31)     Dead                           Min: 7, Avg: 10.0, Max: 14, Diff: 7, Sum: 40, Workers: 4
[817.178s][debug][gc,phases      ] GC(31)     Total                          Min: 3601, Avg: 3672.0, Max: 3735, Diff: 134, Sum: 14688, Workers: 4
[817.178s][debug][gc,phases      ] GC(31)   JNI Weak                       Min:  0.0, Avg:  0.0, Max:  0.0, Diff:  0.0, Sum:  0.0, Workers: 4
[817.178s][debug][gc,phases      ] GC(31)     Dead                           Min: 0, Avg:  0.0, Max: 0, Diff: 0, Sum: 0, Workers: 4
[817.178s][debug][gc,phases      ] GC(31)     Total                          Min: 0, Avg: 13.0, Max: 52, Diff: 52, Sum: 52, Workers: 4
[817.178s][debug][gc,phases      ] GC(31)   StringDedup Table Weak         Min:  0.0, Avg:  0.0, Max:  0.0, Diff:  0.0, Sum:  0.0, Workers: 4
[817.178s][debug][gc,phases      ] GC(31)     Dead                           Min: 0, Avg:  0.0, Max: 0, Diff: 0, Sum: 0, Workers: 4
[817.178s][debug][gc,phases      ] GC(31)     Total                          Min: 0, Avg:  0.0, Max: 0, Diff: 0, Sum: 0, Workers: 4
[817.178s][debug][gc,phases      ] GC(31)   StringDedup Requests0 Weak     Min:  0.0, Avg:  0.0, Max:  0.0, Diff:  0.0, Sum:  0.0, Workers: 4
[817.178s][debug][gc,phases      ] GC(31)     Dead                           Min: 0, Avg:  0.0, Max: 0, Diff: 0, Sum: 0, Workers: 4
[817.178s][debug][gc,phases      ] GC(31)     Total                          Min: 0, Avg:  0.0, Max: 0, Diff: 0, Sum: 0, Workers: 4
[817.178s][debug][gc,phases      ] GC(31)   StringDedup Requests1 Weak     Min:  0.0, Avg:  0.0, Max:  0.0, Diff:  0.0, Sum:  0.0, Workers: 4
[817.178s][debug][gc,phases      ] GC(31)     Dead                           Min: 0, Avg:  0.0, Max: 0, Diff: 0, Sum: 0, Workers: 4
[817.178s][debug][gc,phases      ] GC(31)     Total                          Min: 0, Avg:  0.0, Max: 0, Diff: 0, Sum: 0, Workers: 4
[817.178s][debug][gc,phases      ] GC(31)   Weak JFR Old Object Samples    Min:  0.0, Avg:  0.0, Max:  0.0, Diff:  0.0, Sum:  0.0, Workers: 4
[817.178s][debug][gc,phases      ] GC(31)     Dead                           Min: 0, Avg:  0.0, Max: 0, Diff: 0, Sum: 0, Workers: 4
[817.178s][debug][gc,phases      ] GC(31)     Total                          Min: 0, Avg:  0.0, Max: 0, Diff: 0, Sum: 0, Workers: 4
[817.178s][debug][gc,phases      ] GC(31) Weak Processing 0.327ms
[817.178s][debug][gc,age         ] GC(31) Desired survivor size 114294784 bytes, new threshold 1 (max threshold 15)
[817.178s][info ][gc,heap        ] GC(31) PSYoungGen: 1863328K(1978368K)->6144K(1968640K) Eden: 1849856K(1849856K)->0K(1849856K) From: 13472K(128512K)->6144K(118784K)
[817.178s][info ][gc,heap        ] GC(31) ParOldGen: 236618K(243712K)->248102K(248320K)
[817.178s][info ][gc,metaspace   ] GC(31) Metaspace: 104418K(105600K)->104418K(105600K) NonClass: 88587K(89280K)->88587K(89280K) Class: 15831K(16320K)->15831K(16320K)
[817.178s][info ][gc             ] GC(31) Pause Young (Allocation Failure) 2050M->248M(2165M) 8.922ms
[817.178s][info ][gc,cpu         ] GC(31) User=0.03s Sys=0.00s Real=0.01s
[817.178s][info ][safepoint      ] Safepoint "ParallelGCFailedAllocation", Time since last: 3442394499 ns, Reaching safepoint: 6600 ns, Cleanup: 3800 ns, At safepoint: 9004778 ns, Total: 9015178 ns
[818.178s][info ][safepoint      ] Safepoint "Cleanup", Time since last: 1000082328 ns, Reaching safepoint: 5400 ns, Cleanup: 10700 ns, At safepoint: 1900 ns, Total: 18000 ns
[819.178s][info ][safepoint      ] Safepoint "Cleanup", Time since last: 1000103289 ns, Reaching safepoint: 6800 ns, Cleanup: 9300 ns, At safepoint: 2000 ns, Total: 18100 ns
[821.178s][info ][safepoint      ] Safepoint "Cleanup", Time since last: 2000167877 ns, Reaching safepoint: 5400 ns, Cleanup: 7600 ns, At safepoint: 1900 ns, Total: 14900 ns
[823.178s][info ][safepoint      ] Safepoint "Cleanup", Time since last: 2000161976 ns, Reaching safepoint: 6000 ns, Cleanup: 9500 ns, At safepoint: 1900 ns, Total: 17400 ns
[827.179s][info ][safepoint      ] Safepoint "Cleanup", Time since last: 4000309626 ns, Reaching safepoint: 6000 ns, Cleanup: 9600 ns, At safepoint: 2800 ns, Total: 18400 ns
[832.179s][info ][safepoint      ] Safepoint "Cleanup", Time since last: 5000378189 ns, Reaching safepoint: 6100 ns, Cleanup: 10200 ns, At safepoint: 2200 ns, Total: 18500 ns
[833.179s][info ][safepoint      ] Safepoint "Cleanup", Time since last: 1000113198 ns, Reaching safepoint: 6100 ns, Cleanup: 10700 ns, At safepoint: 2300 ns, Total: 19100 ns
[835.179s][info ][safepoint      ] Safepoint "Cleanup", Time since last: 2000186405 ns, Reaching safepoint: 5900 ns, Cleanup: 10700 ns, At safepoint: 2100 ns, Total: 18700 ns
[836.179s][info ][safepoint      ] Safepoint "Cleanup", Time since last: 1000109905 ns, Reaching safepoint: 6200 ns, Cleanup: 36800 ns, At safepoint: 2500 ns, Total: 45500 ns
[839.180s][info ][safepoint      ] Safepoint "Cleanup", Time since last: 3000251513 ns, Reaching safepoint: 6400 ns, Cleanup: 8800 ns, At safepoint: 2200 ns, Total: 17400 ns
[840.180s][info ][safepoint      ] Safepoint "Cleanup", Time since last: 1000116005 ns, Reaching safepoint: 5800 ns, Cleanup: 13300 ns, At safepoint: 2500 ns, Total: 21600 ns
[843.277s][info ][safepoint      ] Safepoint "Cleanup", Time since last: 3096838441 ns, Reaching safepoint: 5600 ns, Cleanup: 8000 ns, At safepoint: 2100 ns, Total: 15700 ns
[844.277s][info ][safepoint      ] Safepoint "Cleanup", Time since last: 1000112796 ns, Reaching safepoint: 5200 ns, Cleanup: 10100 ns, At safepoint: 2600 ns, Total: 17900 ns
[849.280s][info ][safepoint      ] Safepoint "Cleanup", Time since last: 5002844099 ns, Reaching safepoint: 226102 ns, Cleanup: 17600 ns, At safepoint: 8900 ns, Total: 252602 ns
[850.280s][info ][safepoint      ] Safepoint "Cleanup", Time since last: 1000104793 ns, Reaching safepoint: 6500 ns, Cleanup: 10700 ns, At safepoint: 11300 ns, Total: 28500 ns
[852.280s][info ][safepoint      ] Safepoint "Cleanup", Time since last: 2000168178 ns, Reaching safepoint: 6500 ns, Cleanup: 9900 ns, At safepoint: 2400 ns, Total: 18800 ns
[854.280s][info ][safepoint      ] Safepoint "Cleanup", Time since last: 2000172978 ns, Reaching safepoint: 5500 ns, Cleanup: 17400 ns, At safepoint: 2800 ns, Total: 25700 ns
[855.281s][info ][safepoint      ] Safepoint "Cleanup", Time since last: 1000175190 ns, Reaching safepoint: 6100 ns, Cleanup: 11000 ns, At safepoint: 2200 ns, Total: 19300 ns
[857.281s][info ][safepoint      ] Safepoint "Cleanup", Time since last: 2000200278 ns, Reaching safepoint: 5700 ns, Cleanup: 11200 ns, At safepoint: 2600 ns, Total: 19500 ns
[858.281s][info ][safepoint      ] Safepoint "Cleanup", Time since last: 1000127725 ns, Reaching safepoint: 6200 ns, Cleanup: 9600 ns, At safepoint: 3000 ns, Total: 18800 ns
[859.281s][info ][safepoint      ] Safepoint "Cleanup", Time since last: 1000108865 ns, Reaching safepoint: 5100 ns, Cleanup: 8900 ns, At safepoint: 1900 ns, Total: 15900 ns
[861.281s][info ][safepoint      ] Safepoint "Cleanup", Time since last: 2000177830 ns, Reaching safepoint: 6200 ns, Cleanup: 11600 ns, At safepoint: 2400 ns, Total: 20200 ns
[861.666s][info ][gc,start       ] GC(32) Pause Young (Allocation Failure)
[861.671s][debug][gc,phases      ] GC(32) Scavenge 4.411ms
[861.671s][debug][gc,ref         ] GC(32) ReferenceProcessor::execute queues: 1, RefProcThreadModel::Single, marks_oops_alive: false
[861.671s][debug][gc,ref         ] GC(32) Skipped KeepAliveFinalRefsPhase of Reference Processing: no references
[861.671s][debug][gc,ref         ] GC(32) Skipped PhantomRefsPhase of Reference Processing: no references
[861.671s][debug][gc,phases      ] GC(32) Reference Processing 0.096ms
[861.671s][debug][gc,phases      ] GC(32)   VM Weak                        Min:  0.0, Avg:  0.0, Max:  0.0, Diff:  0.0, Sum:  0.0, Workers: 4
[861.671s][debug][gc,phases      ] GC(32)     Dead                           Min: 0, Avg:  0.0, Max: 0, Diff: 0, Sum: 0, Workers: 4
[861.671s][debug][gc,phases      ] GC(32)     Total                          Min: 0, Avg: 226.0, Max: 640, Diff: 640, Sum: 904, Workers: 4
[861.671s][debug][gc,phases      ] GC(32)   ObjectSynchronizer Weak        Min:  0.0, Avg:  0.0, Max:  0.0, Diff:  0.0, Sum:  0.0, Workers: 4
[861.671s][debug][gc,phases      ] GC(32)     Dead                           Min: 0, Avg:  0.0, Max: 0, Diff: 0, Sum: 0, Workers: 4
[861.671s][debug][gc,phases      ] GC(32)     Total                          Min: 0, Avg:  0.8, Max: 3, Diff: 3, Sum: 3, Workers: 4
[861.671s][debug][gc,phases      ] GC(32)   JVMTI Tag Weak OopStorage      Min:  0.0, Avg:  0.0, Max:  0.0, Diff:  0.0, Sum:  0.0, Workers: 4
[861.671s][debug][gc,phases      ] GC(32)     Dead                           Min: 0, Avg:  0.0, Max: 0, Diff: 0, Sum: 0, Workers: 4
[861.671s][debug][gc,phases      ] GC(32)     Total                          Min: 0, Avg:  0.0, Max: 0, Diff: 0, Sum: 0, Workers: 4
[861.671s][debug][gc,phases      ] GC(32)   StringTable Weak               Min:  0.1, Avg:  0.1, Max:  0.1, Diff:  0.0, Sum:  0.4, Workers: 4
[861.671s][debug][gc,phases      ] GC(32)     Dead                           Min: 0, Avg:  0.0, Max: 0, Diff: 0, Sum: 0, Workers: 4
[861.671s][debug][gc,phases      ] GC(32)     Total                          Min: 10971, Avg: 11478.8, Max: 11840, Diff: 869, Sum: 45915, Workers: 4
[861.671s][debug][gc,phases      ] GC(32)   ResolvedMethodTable Weak       Min:  0.0, Avg:  0.0, Max:  0.0, Diff:  0.0, Sum:  0.2, Workers: 4
[861.671s][debug][gc,phases      ] GC(32)     Dead                           Min: 0, Avg:  4.0, Max: 9, Diff: 9, Sum: 16, Workers: 4
[861.671s][debug][gc,phases      ] GC(32)     Total                          Min: 3600, Avg: 3672.0, Max: 3780, Diff: 180, Sum: 14688, Workers: 4
[861.671s][debug][gc,phases      ] GC(32)   JNI Weak                       Min:  0.0, Avg:  0.0, Max:  0.0, Diff:  0.0, Sum:  0.0, Workers: 4
[861.671s][debug][gc,phases      ] GC(32)     Dead                           Min: 0, Avg:  0.0, Max: 0, Diff: 0, Sum: 0, Workers: 4
[861.671s][debug][gc,phases      ] GC(32)     Total                          Min: 0, Avg: 13.0, Max: 52, Diff: 52, Sum: 52, Workers: 4
[861.671s][debug][gc,phases      ] GC(32)   StringDedup Table Weak         Min:  0.0, Avg:  0.0, Max:  0.0, Diff:  0.0, Sum:  0.0, Workers: 4
[861.671s][debug][gc,phases      ] GC(32)     Dead                           Min: 0, Avg:  0.0, Max: 0, Diff: 0, Sum: 0, Workers: 4
[861.671s][debug][gc,phases      ] GC(32)     Total                          Min: 0, Avg:  0.0, Max: 0, Diff: 0, Sum: 0, Workers: 4
[861.671s][debug][gc,phases      ] GC(32)   StringDedup Requests0 Weak     Min:  0.0, Avg:  0.0, Max:  0.0, Diff:  0.0, Sum:  0.0, Workers: 4
[861.671s][debug][gc,phases      ] GC(32)     Dead                           Min: 0, Avg:  0.0, Max: 0, Diff: 0, Sum: 0, Workers: 4
[861.671s][debug][gc,phases      ] GC(32)     Total                          Min: 0, Avg:  0.0, Max: 0, Diff: 0, Sum: 0, Workers: 4
[861.671s][debug][gc,phases      ] GC(32)   StringDedup Requests1 Weak     Min:  0.0, Avg:  0.0, Max:  0.0, Diff:  0.0, Sum:  0.0, Workers: 4
[861.671s][debug][gc,phases      ] GC(32)     Dead                           Min: 0, Avg:  0.0, Max: 0, Diff: 0, Sum: 0, Workers: 4
[861.671s][debug][gc,phases      ] GC(32)     Total                          Min: 0, Avg:  0.0, Max: 0, Diff: 0, Sum: 0, Workers: 4
[861.671s][debug][gc,phases      ] GC(32)   Weak JFR Old Object Samples    Min:  0.0, Avg:  0.0, Max:  0.0, Diff:  0.0, Sum:  0.0, Workers: 4
[861.671s][debug][gc,phases      ] GC(32)     Dead                           Min: 0, Avg:  0.0, Max: 0, Diff: 0, Sum: 0, Workers: 4
[861.671s][debug][gc,phases      ] GC(32)     Total                          Min: 0, Avg:  0.0, Max: 0, Diff: 0, Sum: 0, Workers: 4
[861.671s][debug][gc,phases      ] GC(32) Weak Processing 0.341ms
[861.671s][debug][gc,age         ] GC(32) Desired survivor size 107479040 bytes, new threshold 1 (max threshold 15)
[861.671s][info ][gc,heap        ] GC(32) PSYoungGen: 1856000K(1968640K)->2240K(1992192K) Eden: 1849856K(1849856K)->0K(1880576K) From: 6144K(118784K)->2240K(111616K)
[861.671s][info ][gc,heap        ] GC(32) ParOldGen: 248102K(248320K)->252878K(252928K)
[861.671s][info ][gc,metaspace   ] GC(32) Metaspace: 104448K(105664K)->104448K(105664K) NonClass: 88617K(89344K)->88617K(89344K) Class: 15831K(16320K)->15831K(16320K)
[861.671s][info ][gc             ] GC(32) Pause Young (Allocation Failure) 2054M->249M(2192M) 4.951ms
[861.671s][info ][gc,cpu         ] GC(32) User=0.02s Sys=0.01s Real=0.01s
[861.671s][info ][safepoint      ] Safepoint "ParallelGCFailedAllocation", Time since last: 384845473 ns, Reaching safepoint: 80701 ns, Cleanup: 26400 ns, At safepoint: 5016444 ns, Total: 5123545 ns
[862.671s][info ][safepoint      ] Safepoint "Cleanup", Time since last: 1000083365 ns, Reaching safepoint: 5100 ns, Cleanup: 8000 ns, At safepoint: 1900 ns, Total: 15000 ns
[863.672s][info ][safepoint      ] Safepoint "Cleanup", Time since last: 1000106565 ns, Reaching safepoint: 7100 ns, Cleanup: 10600 ns, At safepoint: 2700 ns, Total: 20400 ns
[870.672s][info ][safepoint      ] Safepoint "Cleanup", Time since last: 7000534348 ns, Reaching safepoint: 5300 ns, Cleanup: 6901 ns, At safepoint: 2300 ns, Total: 14501 ns
[871.672s][info ][safepoint      ] Safepoint "Cleanup", Time since last: 1000104702 ns, Reaching safepoint: 5100 ns, Cleanup: 8200 ns, At safepoint: 2100 ns, Total: 15400 ns
[873.672s][info ][safepoint      ] Safepoint "Cleanup", Time since last: 2000167703 ns, Reaching safepoint: 5700 ns, Cleanup: 7701 ns, At safepoint: 1700 ns, Total: 15101 ns
[875.673s][info ][safepoint      ] Safepoint "Cleanup", Time since last: 2000184996 ns, Reaching safepoint: 5500 ns, Cleanup: 7400 ns, At safepoint: 2100 ns, Total: 15000 ns
[878.673s][info ][safepoint      ] Safepoint "Cleanup", Time since last: 3000263957 ns, Reaching safepoint: 5200 ns, Cleanup: 12100 ns, At safepoint: 2700 ns, Total: 20000 ns
[881.673s][info ][safepoint      ] Safepoint "Cleanup", Time since last: 3000235257 ns, Reaching safepoint: 5400 ns, Cleanup: 7500 ns, At safepoint: 2000 ns, Total: 14900 ns
[882.673s][info ][safepoint      ] Safepoint "Cleanup", Time since last: 1000110810 ns, Reaching safepoint: 6100 ns, Cleanup: 11100 ns, At safepoint: 2200 ns, Total: 19400 ns
[883.673s][info ][safepoint      ] Safepoint "Cleanup", Time since last: 1000107802 ns, Reaching safepoint: 5500 ns, Cleanup: 8000 ns, At safepoint: 2400 ns, Total: 15900 ns
[884.674s][info ][safepoint      ] Safepoint "Cleanup", Time since last: 1000106002 ns, Reaching safepoint: 5500 ns, Cleanup: 8100 ns, At safepoint: 1900 ns, Total: 15500 ns
[886.674s][info ][safepoint      ] Safepoint "Cleanup", Time since last: 2000186804 ns, Reaching safepoint: 6000 ns, Cleanup: 12000 ns, At safepoint: 2500 ns, Total: 20500 ns
[887.674s][info ][safepoint      ] Safepoint "Cleanup", Time since last: 1000113902 ns, Reaching safepoint: 5300 ns, Cleanup: 15700 ns, At safepoint: 2700 ns, Total: 23700 ns
[888.674s][info ][safepoint      ] Safepoint "Cleanup", Time since last: 1000107202 ns, Reaching safepoint: 5100 ns, Cleanup: 10700 ns, At safepoint: 1700 ns, Total: 17500 ns
[889.674s][info ][safepoint      ] Safepoint "Cleanup", Time since last: 1000099901 ns, Reaching safepoint: 5901 ns, Cleanup: 9900 ns, At safepoint: 2400 ns, Total: 18201 ns
[891.674s][info ][safepoint      ] Safepoint "Cleanup", Time since last: 2000177482 ns, Reaching safepoint: 4900 ns, Cleanup: 6600 ns, At safepoint: 1600 ns, Total: 13100 ns
[892.674s][info ][safepoint      ] Safepoint "Cleanup", Time since last: 1000109290 ns, Reaching safepoint: 5900 ns, Cleanup: 11500 ns, At safepoint: 2200 ns, Total: 19600 ns
[893.675s][info ][safepoint      ] Safepoint "Cleanup", Time since last: 1000115890 ns, Reaching safepoint: 6100 ns, Cleanup: 9000 ns, At safepoint: 2100 ns, Total: 17200 ns
[898.675s][info ][safepoint      ] Safepoint "Cleanup", Time since last: 5000390376 ns, Reaching safepoint: 5500 ns, Cleanup: 8200 ns, At safepoint: 2100 ns, Total: 15800 ns
[902.305s][info ][safepoint      ] Safepoint "Cleanup", Time since last: 3630289264 ns, Reaching safepoint: 4800 ns, Cleanup: 20400 ns, At safepoint: 1700 ns, Total: 26900 ns
[903.305s][info ][safepoint      ] Safepoint "Cleanup", Time since last: 1000101623 ns, Reaching safepoint: 5300 ns, Cleanup: 11800 ns, At safepoint: 1900 ns, Total: 19000 ns
[905.306s][info ][safepoint      ] Safepoint "Cleanup", Time since last: 2000167845 ns, Reaching safepoint: 6001 ns, Cleanup: 9100 ns, At safepoint: 2100 ns, Total: 17201 ns
[906.306s][info ][safepoint      ] Safepoint "Cleanup", Time since last: 1000115515 ns, Reaching safepoint: 6200 ns, Cleanup: 9700 ns, At safepoint: 2500 ns, Total: 18400 ns
[906.816s][info ][gc,start       ] GC(33) Pause Young (Allocation Failure)
[906.819s][debug][gc,phases      ] GC(33) Scavenge 2.428ms
[906.819s][debug][gc,ref         ] GC(33) ReferenceProcessor::execute queues: 1, RefProcThreadModel::Single, marks_oops_alive: false
[906.819s][debug][gc,ref         ] GC(33) Skipped KeepAliveFinalRefsPhase of Reference Processing: no references
[906.819s][debug][gc,ref         ] GC(33) ReferenceProcessor::execute queues: 1, RefProcThreadModel::Single, marks_oops_alive: false
[906.819s][debug][gc,phases      ] GC(33) Reference Processing 0.101ms
[906.819s][debug][gc,phases      ] GC(33)   VM Weak                        Min:  0.0, Avg:  0.0, Max:  0.0, Diff:  0.0, Sum:  0.0, Workers: 4
[906.819s][debug][gc,phases      ] GC(33)     Dead                           Min: 0, Avg:  0.0, Max: 0, Diff: 0, Sum: 0, Workers: 4
[906.819s][debug][gc,phases      ] GC(33)     Total                          Min: 0, Avg: 226.0, Max: 576, Diff: 576, Sum: 904, Workers: 4
[906.819s][debug][gc,phases      ] GC(33)   ObjectSynchronizer Weak        Min:  0.0, Avg:  0.0, Max:  0.0, Diff:  0.0, Sum:  0.0, Workers: 4
[906.819s][debug][gc,phases      ] GC(33)     Dead                           Min: 0, Avg:  0.0, Max: 0, Diff: 0, Sum: 0, Workers: 4
[906.819s][debug][gc,phases      ] GC(33)     Total                          Min: 0, Avg:  0.8, Max: 3, Diff: 3, Sum: 3, Workers: 4
[906.819s][debug][gc,phases      ] GC(33)   JVMTI Tag Weak OopStorage      Min:  0.0, Avg:  0.0, Max:  0.0, Diff:  0.0, Sum:  0.0, Workers: 4
[906.819s][debug][gc,phases      ] GC(33)     Dead                           Min: 0, Avg:  0.0, Max: 0, Diff: 0, Sum: 0, Workers: 4
[906.819s][debug][gc,phases      ] GC(33)     Total                          Min: 0, Avg:  0.0, Max: 0, Diff: 0, Sum: 0, Workers: 4
[906.819s][debug][gc,phases      ] GC(33)   StringTable Weak               Min:  0.0, Avg:  0.1, Max:  0.1, Diff:  0.1, Sum:  0.4, Workers: 4
[906.819s][debug][gc,phases      ] GC(33)     Dead                           Min: 0, Avg:  0.2, Max: 1, Diff: 1, Sum: 1, Workers: 4
[906.819s][debug][gc,phases      ] GC(33)     Total                          Min: 0, Avg: 11479.2, Max: 20160, Diff: 20160, Sum: 45917, Workers: 4
[906.819s][debug][gc,phases      ] GC(33)   ResolvedMethodTable Weak       Min:  0.0, Avg:  0.0, Max:  0.0, Diff:  0.0, Sum:  0.1, Workers: 4
[906.819s][debug][gc,phases      ] GC(33)     Dead                           Min: 0, Avg:  4.0, Max: 11, Diff: 11, Sum: 16, Workers: 4
[906.819s][debug][gc,phases      ] GC(33)     Total                          Min: 0, Avg: 3672.5, Max: 5920, Diff: 5920, Sum: 14690, Workers: 4
[906.819s][debug][gc,phases      ] GC(33)   JNI Weak                       Min:  0.0, Avg:  0.0, Max:  0.0, Diff:  0.0, Sum:  0.0, Workers: 4
[906.819s][debug][gc,phases      ] GC(33)     Dead                           Min: 0, Avg:  0.0, Max: 0, Diff: 0, Sum: 0, Workers: 4
[906.819s][debug][gc,phases      ] GC(33)     Total                          Min: 0, Avg: 13.0, Max: 52, Diff: 52, Sum: 52, Workers: 4
[906.819s][debug][gc,phases      ] GC(33)   StringDedup Table Weak         Min:  0.0, Avg:  0.0, Max:  0.0, Diff:  0.0, Sum:  0.0, Workers: 4
[906.819s][debug][gc,phases      ] GC(33)     Dead                           Min: 0, Avg:  0.0, Max: 0, Diff: 0, Sum: 0, Workers: 4
[906.819s][debug][gc,phases      ] GC(33)     Total                          Min: 0, Avg:  0.0, Max: 0, Diff: 0, Sum: 0, Workers: 4
[906.819s][debug][gc,phases      ] GC(33)   StringDedup Requests0 Weak     Min:  0.0, Avg:  0.0, Max:  0.0, Diff:  0.0, Sum:  0.0, Workers: 4
[906.819s][debug][gc,phases      ] GC(33)     Dead                           Min: 0, Avg:  0.0, Max: 0, Diff: 0, Sum: 0, Workers: 4
[906.819s][debug][gc,phases      ] GC(33)     Total                          Min: 0, Avg:  0.0, Max: 0, Diff: 0, Sum: 0, Workers: 4
[906.819s][debug][gc,phases      ] GC(33)   StringDedup Requests1 Weak     Min:  0.0, Avg:  0.0, Max:  0.0, Diff:  0.0, Sum:  0.0, Workers: 4
[906.819s][debug][gc,phases      ] GC(33)     Dead                           Min: 0, Avg:  0.0, Max: 0, Diff: 0, Sum: 0, Workers: 4
[906.819s][debug][gc,phases      ] GC(33)     Total                          Min: 0, Avg:  0.0, Max: 0, Diff: 0, Sum: 0, Workers: 4
[906.819s][debug][gc,phases      ] GC(33)   Weak JFR Old Object Samples    Min:  0.0, Avg:  0.0, Max:  0.0, Diff:  0.0, Sum:  0.0, Workers: 4
[906.819s][debug][gc,phases      ] GC(33)     Dead                           Min: 0, Avg:  0.0, Max: 0, Diff: 0, Sum: 0, Workers: 4
[906.819s][debug][gc,phases      ] GC(33)     Total                          Min: 0, Avg:  0.0, Max: 0, Diff: 0, Sum: 0, Workers: 4
[906.819s][debug][gc,phases      ] GC(33) Weak Processing 0.360ms
[906.819s][debug][gc,age         ] GC(33) Desired survivor size 101187584 bytes, new threshold 1 (max threshold 15)
[906.819s][info ][gc,heap        ] GC(33) PSYoungGen: 1882816K(1992192K)->2432K(1985536K) Eden: 1880576K(1880576K)->0K(1880576K) From: 2240K(111616K)->2432K(104960K)
[906.819s][info ][gc,heap        ] GC(33) ParOldGen: 252878K(252928K)->253787K(253952K)
[906.819s][info ][gc,metaspace   ] GC(33) Metaspace: 104482K(105664K)->104482K(105664K) NonClass: 88650K(89344K)->88650K(89344K) Class: 15831K(16320K)->15831K(16320K)
[906.819s][info ][gc             ] GC(33) Pause Young (Allocation Failure) 2085M->250M(2187M) 2.990ms
[906.819s][info ][gc,cpu         ] GC(33) User=0.01s Sys=0.00s Real=0.00s
[906.819s][info ][safepoint      ] Safepoint "ParallelGCFailedAllocation", Time since last: 510393043 ns, Reaching safepoint: 79801 ns, Cleanup: 9600 ns, At safepoint: 3051226 ns, Total: 3140627 ns
[907.819s][info ][safepoint      ] Safepoint "Cleanup", Time since last: 1000084206 ns, Reaching safepoint: 78101 ns, Cleanup: 9000 ns, At safepoint: 5200 ns, Total: 92301 ns
[910.820s][info ][safepoint      ] Safepoint "Cleanup", Time since last: 3000278616 ns, Reaching safepoint: 81801 ns, Cleanup: 7600 ns, At safepoint: 6600 ns, Total: 96001 ns
[911.820s][info ][safepoint      ] Safepoint "Cleanup", Time since last: 1000099606 ns, Reaching safepoint: 76000 ns, Cleanup: 8700 ns, At safepoint: 19300 ns, Total: 104000 ns
[912.820s][info ][safepoint      ] Safepoint "Cleanup", Time since last: 1000103806 ns, Reaching safepoint: 80101 ns, Cleanup: 49000 ns, At safepoint: 6000 ns, Total: 135101 ns
[921.821s][info ][safepoint      ] Safepoint "Cleanup", Time since last: 9000697620 ns, Reaching safepoint: 5700 ns, Cleanup: 10600 ns, At safepoint: 1700 ns, Total: 18000 ns
[922.821s][info ][safepoint      ] Safepoint "Cleanup", Time since last: 1000111298 ns, Reaching safepoint: 5400 ns, Cleanup: 8700 ns, At safepoint: 1600 ns, Total: 15700 ns
[925.821s][info ][safepoint      ] Safepoint "Cleanup", Time since last: 3000329678 ns, Reaching safepoint: 5301 ns, Cleanup: 11300 ns, At safepoint: 2000 ns, Total: 18601 ns
[927.822s][info ][safepoint      ] Safepoint "Cleanup", Time since last: 2000174885 ns, Reaching safepoint: 6300 ns, Cleanup: 7800 ns, At safepoint: 1900 ns, Total: 16000 ns
[930.822s][info ][safepoint      ] Safepoint "Cleanup", Time since last: 3000247792 ns, Reaching safepoint: 5800 ns, Cleanup: 9700 ns, At safepoint: 1700 ns, Total: 17200 ns
[932.822s][info ][safepoint      ] Safepoint "Cleanup", Time since last: 2000177216 ns, Reaching safepoint: 6000 ns, Cleanup: 7300 ns, At safepoint: 2300 ns, Total: 15600 ns
[945.823s][info ][safepoint      ] Safepoint "Cleanup", Time since last: 13000956655 ns, Reaching safepoint: 6300 ns, Cleanup: 10800 ns, At safepoint: 2600 ns, Total: 19700 ns
[950.823s][info ][safepoint      ] Safepoint "Cleanup", Time since last: 5000408105 ns, Reaching safepoint: 5300 ns, Cleanup: 9900 ns, At safepoint: 2100 ns, Total: 17300 ns
[951.212s][info ][gc,start       ] GC(34) Pause Young (Allocation Failure)
[951.216s][debug][gc,phases      ] GC(34) Scavenge 3.658ms
[951.216s][debug][gc,ref         ] GC(34) ReferenceProcessor::execute queues: 1, RefProcThreadModel::Single, marks_oops_alive: false
[951.216s][debug][gc,ref         ] GC(34) Skipped KeepAliveFinalRefsPhase of Reference Processing: no references
[951.216s][debug][gc,ref         ] GC(34) ReferenceProcessor::execute queues: 1, RefProcThreadModel::Single, marks_oops_alive: false
[951.216s][debug][gc,phases      ] GC(34) Reference Processing 0.090ms
[951.216s][debug][gc,phases      ] GC(34)   VM Weak                        Min:  0.0, Avg:  0.0, Max:  0.0, Diff:  0.0, Sum:  0.0, Workers: 4
[951.216s][debug][gc,phases      ] GC(34)     Dead                           Min: 0, Avg:  0.0, Max: 0, Diff: 0, Sum: 0, Workers: 4
[951.216s][debug][gc,phases      ] GC(34)     Total                          Min: 0, Avg: 226.0, Max: 456, Diff: 456, Sum: 904, Workers: 4
[951.216s][debug][gc,phases      ] GC(34)   ObjectSynchronizer Weak        Min:  0.0, Avg:  0.0, Max:  0.0, Diff:  0.0, Sum:  0.0, Workers: 4
[951.216s][debug][gc,phases      ] GC(34)     Dead                           Min: 0, Avg:  0.0, Max: 0, Diff: 0, Sum: 0, Workers: 4
[951.216s][debug][gc,phases      ] GC(34)     Total                          Min: 0, Avg:  1.0, Max: 4, Diff: 4, Sum: 4, Workers: 4
[951.216s][debug][gc,phases      ] GC(34)   JVMTI Tag Weak OopStorage      Min:  0.0, Avg:  0.0, Max:  0.0, Diff:  0.0, Sum:  0.0, Workers: 4
[951.216s][debug][gc,phases      ] GC(34)     Dead                           Min: 0, Avg:  0.0, Max: 0, Diff: 0, Sum: 0, Workers: 4
[951.216s][debug][gc,phases      ] GC(34)     Total                          Min: 0, Avg:  0.0, Max: 0, Diff: 0, Sum: 0, Workers: 4
[951.216s][debug][gc,phases      ] GC(34)   StringTable Weak               Min:  0.0, Avg:  0.1, Max:  0.1, Diff:  0.1, Sum:  0.4, Workers: 4
[951.216s][debug][gc,phases      ] GC(34)     Dead                           Min: 0, Avg:  0.2, Max: 1, Diff: 1, Sum: 1, Workers: 4
[951.216s][debug][gc,phases      ] GC(34)     Total                          Min: 0, Avg: 11499.8, Max: 19695, Diff: 19695, Sum: 45999, Workers: 4
[951.216s][debug][gc,phases      ] GC(34)   ResolvedMethodTable Weak       Min:  0.0, Avg:  0.0, Max:  0.0, Diff:  0.0, Sum:  0.1, Workers: 4
[951.216s][debug][gc,phases      ] GC(34)     Dead                           Min: 0, Avg:  4.8, Max: 19, Diff: 19, Sum: 19, Workers: 4
[951.216s][debug][gc,phases      ] GC(34)     Total                          Min: 0, Avg: 3676.5, Max: 6349, Diff: 6349, Sum: 14706, Workers: 4
[951.216s][debug][gc,phases      ] GC(34)   JNI Weak                       Min:  0.0, Avg:  0.0, Max:  0.0, Diff:  0.0, Sum:  0.0, Workers: 4
[951.216s][debug][gc,phases      ] GC(34)     Dead                           Min: 0, Avg:  0.0, Max: 0, Diff: 0, Sum: 0, Workers: 4
[951.216s][debug][gc,phases      ] GC(34)     Total                          Min: 0, Avg: 13.0, Max: 52, Diff: 52, Sum: 52, Workers: 4
[951.216s][debug][gc,phases      ] GC(34)   StringDedup Table Weak         Min:  0.0, Avg:  0.0, Max:  0.0, Diff:  0.0, Sum:  0.0, Workers: 4
[951.216s][debug][gc,phases      ] GC(34)     Dead                           Min: 0, Avg:  0.0, Max: 0, Diff: 0, Sum: 0, Workers: 4
[951.216s][debug][gc,phases      ] GC(34)     Total                          Min: 0, Avg:  0.0, Max: 0, Diff: 0, Sum: 0, Workers: 4
[951.216s][debug][gc,phases      ] GC(34)   StringDedup Requests0 Weak     Min:  0.0, Avg:  0.0, Max:  0.0, Diff:  0.0, Sum:  0.0, Workers: 4
[951.216s][debug][gc,phases      ] GC(34)     Dead                           Min: 0, Avg:  0.0, Max: 0, Diff: 0, Sum: 0, Workers: 4
[951.216s][debug][gc,phases      ] GC(34)     Total                          Min: 0, Avg:  0.0, Max: 0, Diff: 0, Sum: 0, Workers: 4
[951.216s][debug][gc,phases      ] GC(34)   StringDedup Requests1 Weak     Min:  0.0, Avg:  0.0, Max:  0.0, Diff:  0.0, Sum:  0.0, Workers: 4
[951.216s][debug][gc,phases      ] GC(34)     Dead                           Min: 0, Avg:  0.0, Max: 0, Diff: 0, Sum: 0, Workers: 4
[951.216s][debug][gc,phases      ] GC(34)     Total                          Min: 0, Avg:  0.0, Max: 0, Diff: 0, Sum: 0, Workers: 4
[951.216s][debug][gc,phases      ] GC(34)   Weak JFR Old Object Samples    Min:  0.0, Avg:  0.0, Max:  0.0, Diff:  0.0, Sum:  0.0, Workers: 4
[951.216s][debug][gc,phases      ] GC(34)     Dead                           Min: 0, Avg:  0.0, Max: 0, Diff: 0, Sum: 0, Workers: 4
[951.216s][debug][gc,phases      ] GC(34)     Total                          Min: 0, Avg:  0.0, Max: 0, Diff: 0, Sum: 0, Workers: 4
[951.216s][debug][gc,phases      ] GC(34) Weak Processing 0.344ms
[951.216s][debug][gc,age         ] GC(34) Desired survivor size 94896128 bytes, new threshold 1 (max threshold 15)
[951.217s][info ][gc,heap        ] GC(34) PSYoungGen: 1883008K(1985536K)->3360K(2004480K) Eden: 1880576K(1880576K)->0K(1905664K) From: 2432K(104960K)->3360K(98816K)
[951.217s][info ][gc,heap        ] GC(34) ParOldGen: 253787K(253952K)->254467K(254976K)
[951.217s][info ][gc,metaspace   ] GC(34) Metaspace: 104630K(105856K)->104630K(105856K) NonClass: 88778K(89472K)->88778K(89472K) Class: 15851K(16384K)->15851K(16384K)
[951.217s][info ][gc             ] GC(34) Pause Young (Allocation Failure) 2086M->251M(2206M) 4.187ms
[951.217s][info ][gc,cpu         ] GC(34) User=0.02s Sys=0.00s Real=0.00s
[951.217s][info ][safepoint      ] Safepoint "ParallelGCFailedAllocation", Time since last: 388780090 ns, Reaching safepoint: 7400 ns, Cleanup: 4600 ns, At safepoint: 4262637 ns, Total: 4274637 ns
[952.217s][info ][safepoint      ] Safepoint "Cleanup", Time since last: 1000089621 ns, Reaching safepoint: 80800 ns, Cleanup: 11600 ns, At safepoint: 6900 ns, Total: 99300 ns
[961.322s][info ][safepoint      ] Safepoint "Cleanup", Time since last: 9105296068 ns, Reaching safepoint: 5900 ns, Cleanup: 7700 ns, At safepoint: 2100 ns, Total: 15700 ns
[967.323s][info ][safepoint      ] Safepoint "Cleanup", Time since last: 6000458867 ns, Reaching safepoint: 5400 ns, Cleanup: 9400 ns, At safepoint: 2300 ns, Total: 17100 ns
[972.323s][info ][safepoint      ] Safepoint "Cleanup", Time since last: 5000382593 ns, Reaching safepoint: 5100 ns, Cleanup: 6300 ns, At safepoint: 2000 ns, Total: 13400 ns
[973.323s][info ][safepoint      ] Safepoint "Cleanup", Time since last: 1000110530 ns, Reaching safepoint: 5200 ns, Cleanup: 10200 ns, At safepoint: 2300 ns, Total: 17700 ns
[974.323s][info ][safepoint      ] Safepoint "Cleanup", Time since last: 1000118230 ns, Reaching safepoint: 5400 ns, Cleanup: 9600 ns, At safepoint: 2300 ns, Total: 17300 ns
[988.324s][info ][safepoint      ] Safepoint "Cleanup", Time since last: 14001007166 ns, Reaching safepoint: 5700 ns, Cleanup: 7400 ns, At safepoint: 2200 ns, Total: 15300 ns
[989.324s][info ][safepoint      ] Safepoint "Cleanup", Time since last: 1000108912 ns, Reaching safepoint: 5600 ns, Cleanup: 28001 ns, At safepoint: 1900 ns, Total: 35501 ns
[990.324s][info ][safepoint      ] Safepoint "Cleanup", Time since last: 1000109712 ns, Reaching safepoint: 5100 ns, Cleanup: 10900 ns, At safepoint: 2000 ns, Total: 18000 ns
[991.325s][info ][safepoint      ] Safepoint "Cleanup", Time since last: 1000109813 ns, Reaching safepoint: 5000 ns, Cleanup: 10500 ns, At safepoint: 2100 ns, Total: 17600 ns
[994.325s][info ][safepoint      ] Safepoint "Cleanup", Time since last: 3000247836 ns, Reaching safepoint: 5300 ns, Cleanup: 8000 ns, At safepoint: 1700 ns, Total: 15000 ns
[996.886s][info ][gc,start       ] GC(35) Pause Young (Allocation Failure)
[996.889s][debug][gc,phases      ] GC(35) Scavenge 2.950ms
[996.889s][debug][gc,ref         ] GC(35) ReferenceProcessor::execute queues: 1, RefProcThreadModel::Single, marks_oops_alive: false
[996.889s][debug][gc,ref         ] GC(35) Skipped KeepAliveFinalRefsPhase of Reference Processing: no references
[996.889s][debug][gc,ref         ] GC(35) ReferenceProcessor::execute queues: 1, RefProcThreadModel::Single, marks_oops_alive: false
[996.889s][debug][gc,phases      ] GC(35) Reference Processing 0.086ms
[996.890s][debug][gc,phases      ] GC(35)   VM Weak                        Min:  0.0, Avg:  0.0, Max:  0.0, Diff:  0.0, Sum:  0.0, Workers: 4
[996.890s][debug][gc,phases      ] GC(35)     Dead                           Min: 0, Avg:  0.0, Max: 0, Diff: 0, Sum: 0, Workers: 4
[996.890s][debug][gc,phases      ] GC(35)     Total                          Min: 0, Avg: 226.0, Max: 328, Diff: 328, Sum: 904, Workers: 4
[996.890s][debug][gc,phases      ] GC(35)   ObjectSynchronizer Weak        Min:  0.0, Avg:  0.0, Max:  0.0, Diff:  0.0, Sum:  0.0, Workers: 4
[996.890s][debug][gc,phases      ] GC(35)     Dead                           Min: 0, Avg:  0.0, Max: 0, Diff: 0, Sum: 0, Workers: 4
[996.890s][debug][gc,phases      ] GC(35)     Total                          Min: 0, Avg:  0.8, Max: 3, Diff: 3, Sum: 3, Workers: 4
[996.890s][debug][gc,phases      ] GC(35)   JVMTI Tag Weak OopStorage      Min:  0.0, Avg:  0.0, Max:  0.0, Diff:  0.0, Sum:  0.0, Workers: 4
[996.890s][debug][gc,phases      ] GC(35)     Dead                           Min: 0, Avg:  0.0, Max: 0, Diff: 0, Sum: 0, Workers: 4
[996.890s][debug][gc,phases      ] GC(35)     Total                          Min: 0, Avg:  0.0, Max: 0, Diff: 0, Sum: 0, Workers: 4
[996.890s][debug][gc,phases      ] GC(35)   StringTable Weak               Min:  0.1, Avg:  0.1, Max:  0.1, Diff:  0.0, Sum:  0.4, Workers: 4
[996.890s][debug][gc,phases      ] GC(35)     Dead                           Min: 0, Avg:  0.0, Max: 0, Diff: 0, Sum: 0, Workers: 4
[996.890s][debug][gc,phases      ] GC(35)     Total                          Min: 11328, Avg: 11500.2, Max: 11712, Diff: 384, Sum: 46001, Workers: 4
[996.890s][debug][gc,phases      ] GC(35)   ResolvedMethodTable Weak       Min:  0.0, Avg:  0.0, Max:  0.0, Diff:  0.0, Sum:  0.2, Workers: 4
[996.890s][debug][gc,phases      ] GC(35)     Dead                           Min: 0, Avg:  4.0, Max: 16, Diff: 16, Sum: 16, Workers: 4
[996.890s][debug][gc,phases      ] GC(35)     Total                          Min: 3610, Avg: 3676.8, Max: 3750, Diff: 140, Sum: 14707, Workers: 4
[996.890s][debug][gc,phases      ] GC(35)   JNI Weak                       Min:  0.0, Avg:  0.0, Max:  0.0, Diff:  0.0, Sum:  0.0, Workers: 4
[996.890s][debug][gc,phases      ] GC(35)     Dead                           Min: 0, Avg:  0.0, Max: 0, Diff: 0, Sum: 0, Workers: 4
[996.890s][debug][gc,phases      ] GC(35)     Total                          Min: 0, Avg: 13.0, Max: 52, Diff: 52, Sum: 52, Workers: 4
[996.890s][debug][gc,phases      ] GC(35)   StringDedup Table Weak         Min:  0.0, Avg:  0.0, Max:  0.0, Diff:  0.0, Sum:  0.0, Workers: 4
[996.890s][debug][gc,phases      ] GC(35)     Dead                           Min: 0, Avg:  0.0, Max: 0, Diff: 0, Sum: 0, Workers: 4
[996.890s][debug][gc,phases      ] GC(35)     Total                          Min: 0, Avg:  0.0, Max: 0, Diff: 0, Sum: 0, Workers: 4
[996.890s][debug][gc,phases      ] GC(35)   StringDedup Requests0 Weak     Min:  0.0, Avg:  0.0, Max:  0.0, Diff:  0.0, Sum:  0.0, Workers: 4
[996.890s][debug][gc,phases      ] GC(35)     Dead                           Min: 0, Avg:  0.0, Max: 0, Diff: 0, Sum: 0, Workers: 4
[996.890s][debug][gc,phases      ] GC(35)     Total                          Min: 0, Avg:  0.0, Max: 0, Diff: 0, Sum: 0, Workers: 4
[996.890s][debug][gc,phases      ] GC(35)   StringDedup Requests1 Weak     Min:  0.0, Avg:  0.0, Max:  0.0, Diff:  0.0, Sum:  0.0, Workers: 4
[996.890s][debug][gc,phases      ] GC(35)     Dead                           Min: 0, Avg:  0.0, Max: 0, Diff: 0, Sum: 0, Workers: 4
[996.890s][debug][gc,phases      ] GC(35)     Total                          Min: 0, Avg:  0.0, Max: 0, Diff: 0, Sum: 0, Workers: 4
[996.890s][debug][gc,phases      ] GC(35)   Weak JFR Old Object Samples    Min:  0.0, Avg:  0.0, Max:  0.0, Diff:  0.0, Sum:  0.0, Workers: 4
[996.890s][debug][gc,phases      ] GC(35)     Dead                           Min: 0, Avg:  0.0, Max: 0, Diff: 0, Sum: 0, Workers: 4
[996.890s][debug][gc,phases      ] GC(35)     Total                          Min: 0, Avg:  0.0, Max: 0, Diff: 0, Sum: 0, Workers: 4
[996.890s][debug][gc,phases      ] GC(35) Weak Processing 0.349ms
[996.890s][debug][gc,age         ] GC(35) Desired survivor size 89128960 bytes, new threshold 1 (max threshold 15)
[996.890s][info ][gc,heap        ] GC(35) PSYoungGen: 1909024K(2004480K)->2560K(1998336K) Eden: 1905664K(1905664K)->0K(1905664K) From: 3360K(98816K)->2560K(92672K)
[996.890s][info ][gc,heap        ] GC(35) ParOldGen: 254467K(254976K)->256187K(256512K)
[996.890s][info ][gc,metaspace   ] GC(35) Metaspace: 104655K(105856K)->104655K(105856K) NonClass: 88803K(89472K)->88803K(89472K) Class: 15852K(16384K)->15852K(16384K)
[996.890s][info ][gc             ] GC(35) Pause Young (Allocation Failure) 2112M->252M(2202M) 3.476ms
[996.890s][info ][gc,cpu         ] GC(35) User=0.01s Sys=0.00s Real=0.01s
[996.890s][info ][safepoint      ] Safepoint "ParallelGCFailedAllocation", Time since last: 2561419315 ns, Reaching safepoint: 5800 ns, Cleanup: 10100 ns, At safepoint: 3532131 ns, Total: 3548031 ns
[999.890s][info ][safepoint      ] Safepoint "Cleanup", Time since last: 3000223537 ns, Reaching safepoint: 5700 ns, Cleanup: 11000 ns, At safepoint: 1800 ns, Total: 18500 ns
[1000.890s][info ][safepoint      ] Safepoint "Cleanup", Time since last: 1000102813 ns, Reaching safepoint: 4500 ns, Cleanup: 8200 ns, At safepoint: 1600 ns, Total: 14300 ns
[1003.890s][info ][safepoint      ] Safepoint "Cleanup", Time since last: 3000245627 ns, Reaching safepoint: 6100 ns, Cleanup: 14800 ns, At safepoint: 15300 ns, Total: 36200 ns
[1004.891s][info ][safepoint      ] Safepoint "Cleanup", Time since last: 1000124107 ns, Reaching safepoint: 5500 ns, Cleanup: 8800 ns, At safepoint: 2300 ns, Total: 16600 ns
[1005.891s][info ][safepoint      ] Safepoint "Cleanup", Time since last: 1000111607 ns, Reaching safepoint: 5300 ns, Cleanup: 9000 ns, At safepoint: 1700 ns, Total: 16000 ns
[1006.891s][info ][safepoint      ] Safepoint "Cleanup", Time since last: 1000111207 ns, Reaching safepoint: 5700 ns, Cleanup: 8100 ns, At safepoint: 2400 ns, Total: 16200 ns
[1008.891s][info ][safepoint      ] Safepoint "Cleanup", Time since last: 2000181714 ns, Reaching safepoint: 6000 ns, Cleanup: 11700 ns, At safepoint: 2600 ns, Total: 20300 ns
[1010.891s][info ][safepoint      ] Safepoint "Cleanup", Time since last: 2000184720 ns, Reaching safepoint: 5700 ns, Cleanup: 13600 ns, At safepoint: 2500 ns, Total: 21800 ns
[1012.891s][info ][safepoint      ] Safepoint "Cleanup", Time since last: 2000178629 ns, Reaching safepoint: 5200 ns, Cleanup: 10600 ns, At safepoint: 2300 ns, Total: 18100 ns
[1013.892s][info ][safepoint      ] Safepoint "Cleanup", Time since last: 1000110815 ns, Reaching safepoint: 4800 ns, Cleanup: 9100 ns, At safepoint: 2200 ns, Total: 16100 ns
[1014.892s][info ][safepoint      ] Safepoint "Cleanup", Time since last: 1000110614 ns, Reaching safepoint: 5501 ns, Cleanup: 10900 ns, At safepoint: 2200 ns, Total: 18601 ns
[1025.339s][info ][safepoint      ] Safepoint "Cleanup", Time since last: 10447421254 ns, Reaching safepoint: 5400 ns, Cleanup: 9500 ns, At safepoint: 2300 ns, Total: 17200 ns
[1027.339s][info ][safepoint      ] Safepoint "Cleanup", Time since last: 2000181805 ns, Reaching safepoint: 5800 ns, Cleanup: 9000 ns, At safepoint: 1900 ns, Total: 16700 ns
[1030.340s][info ][safepoint      ] Safepoint "Cleanup", Time since last: 3000240605 ns, Reaching safepoint: 5300 ns, Cleanup: 7000 ns, At safepoint: 2300 ns, Total: 14600 ns
[1031.340s][info ][safepoint      ] Safepoint "Cleanup", Time since last: 1000102902 ns, Reaching safepoint: 5700 ns, Cleanup: 8600 ns, At safepoint: 1900 ns, Total: 16200 ns
[1032.340s][info ][safepoint      ] Safepoint "Cleanup", Time since last: 1000106802 ns, Reaching safepoint: 5300 ns, Cleanup: 8501 ns, At safepoint: 2200 ns, Total: 16001 ns
[1038.340s][info ][safepoint      ] Safepoint "Cleanup", Time since last: 6000463530 ns, Reaching safepoint: 5700 ns, Cleanup: 15400 ns, At safepoint: 2200 ns, Total: 23300 ns
[1040.717s][info ][gc,start       ] GC(36) Pause Young (Allocation Failure)
[1040.719s][debug][gc,phases      ] GC(36) Scavenge 2.272ms
[1040.719s][debug][gc,ref         ] GC(36) ReferenceProcessor::execute queues: 1, RefProcThreadModel::Single, marks_oops_alive: false
[1040.719s][debug][gc,ref         ] GC(36) Skipped KeepAliveFinalRefsPhase of Reference Processing: no references
[1040.719s][debug][gc,ref         ] GC(36) ReferenceProcessor::execute queues: 1, RefProcThreadModel::Single, marks_oops_alive: false
[1040.719s][debug][gc,phases      ] GC(36) Reference Processing 0.088ms
[1040.720s][debug][gc,phases      ] GC(36)   VM Weak                        Min:  0.0, Avg:  0.0, Max:  0.0, Diff:  0.0, Sum:  0.0, Workers: 4
[1040.720s][debug][gc,phases      ] GC(36)     Dead                           Min: 0, Avg:  0.0, Max: 0, Diff: 0, Sum: 0, Workers: 4
[1040.720s][debug][gc,phases      ] GC(36)     Total                          Min: 0, Avg: 226.0, Max: 904, Diff: 904, Sum: 904, Workers: 4
[1040.720s][debug][gc,phases      ] GC(36)   ObjectSynchronizer Weak        Min:  0.0, Avg:  0.0, Max:  0.0, Diff:  0.0, Sum:  0.0, Workers: 4
[1040.720s][debug][gc,phases      ] GC(36)     Dead                           Min: 0, Avg:  0.0, Max: 0, Diff: 0, Sum: 0, Workers: 4
[1040.720s][debug][gc,phases      ] GC(36)     Total                          Min: 0, Avg:  1.0, Max: 4, Diff: 4, Sum: 4, Workers: 4
[1040.720s][debug][gc,phases      ] GC(36)   JVMTI Tag Weak OopStorage      Min:  0.0, Avg:  0.0, Max:  0.0, Diff:  0.0, Sum:  0.0, Workers: 4
[1040.720s][debug][gc,phases      ] GC(36)     Dead                           Min: 0, Avg:  0.0, Max: 0, Diff: 0, Sum: 0, Workers: 4
[1040.720s][debug][gc,phases      ] GC(36)     Total                          Min: 0, Avg:  0.0, Max: 0, Diff: 0, Sum: 0, Workers: 4
[1040.720s][debug][gc,phases      ] GC(36)   StringTable Weak               Min:  0.0, Avg:  0.1, Max:  0.1, Diff:  0.1, Sum:  0.4, Workers: 4
[1040.720s][debug][gc,phases      ] GC(36)     Dead                           Min: 0, Avg:  0.0, Max: 0, Diff: 0, Sum: 0, Workers: 4
[1040.720s][debug][gc,phases      ] GC(36)     Total                          Min: 0, Avg: 11502.8, Max: 19899, Diff: 19899, Sum: 46011, Workers: 4
[1040.720s][debug][gc,phases      ] GC(36)   ResolvedMethodTable Weak       Min:  0.0, Avg:  0.0, Max:  0.0, Diff:  0.0, Sum:  0.1, Workers: 4
[1040.720s][debug][gc,phases      ] GC(36)     Dead                           Min: 0, Avg:  4.0, Max: 15, Diff: 15, Sum: 16, Workers: 4
[1040.720s][debug][gc,phases      ] GC(36)     Total                          Min: 0, Avg: 3676.8, Max: 6175, Diff: 6175, Sum: 14707, Workers: 4
[1040.720s][debug][gc,phases      ] GC(36)   JNI Weak                       Min:  0.0, Avg:  0.0, Max:  0.0, Diff:  0.0, Sum:  0.0, Workers: 4
[1040.720s][debug][gc,phases      ] GC(36)     Dead                           Min: 0, Avg:  0.0, Max: 0, Diff: 0, Sum: 0, Workers: 4
[1040.720s][debug][gc,phases      ] GC(36)     Total                          Min: 0, Avg: 13.0, Max: 52, Diff: 52, Sum: 52, Workers: 4
[1040.720s][debug][gc,phases      ] GC(36)   StringDedup Table Weak         Min:  0.0, Avg:  0.0, Max:  0.0, Diff:  0.0, Sum:  0.0, Workers: 4
[1040.720s][debug][gc,phases      ] GC(36)     Dead                           Min: 0, Avg:  0.0, Max: 0, Diff: 0, Sum: 0, Workers: 4
[1040.720s][debug][gc,phases      ] GC(36)     Total                          Min: 0, Avg:  0.0, Max: 0, Diff: 0, Sum: 0, Workers: 4
[1040.720s][debug][gc,phases      ] GC(36)   StringDedup Requests0 Weak     Min:  0.0, Avg:  0.0, Max:  0.0, Diff:  0.0, Sum:  0.0, Workers: 4
[1040.720s][debug][gc,phases      ] GC(36)     Dead                           Min: 0, Avg:  0.0, Max: 0, Diff: 0, Sum: 0, Workers: 4
[1040.720s][debug][gc,phases      ] GC(36)     Total                          Min: 0, Avg:  0.0, Max: 0, Diff: 0, Sum: 0, Workers: 4
[1040.720s][debug][gc,phases      ] GC(36)   StringDedup Requests1 Weak     Min:  0.0, Avg:  0.0, Max:  0.0, Diff:  0.0, Sum:  0.0, Workers: 4
[1040.720s][debug][gc,phases      ] GC(36)     Dead                           Min: 0, Avg:  0.0, Max: 0, Diff: 0, Sum: 0, Workers: 4
[1040.720s][debug][gc,phases      ] GC(36)     Total                          Min: 0, Avg:  0.0, Max: 0, Diff: 0, Sum: 0, Workers: 4
[1040.720s][debug][gc,phases      ] GC(36)   Weak JFR Old Object Samples    Min:  0.0, Avg:  0.0, Max:  0.0, Diff:  0.0, Sum:  0.0, Workers: 4
[1040.720s][debug][gc,phases      ] GC(36)     Dead                           Min: 0, Avg:  0.0, Max: 0, Diff: 0, Sum: 0, Workers: 4
[1040.720s][debug][gc,phases      ] GC(36)     Total                          Min: 0, Avg:  0.0, Max: 0, Diff: 0, Sum: 0, Workers: 4
[1040.720s][debug][gc,phases      ] GC(36) Weak Processing 0.367ms
[1040.720s][debug][gc,age         ] GC(36) Desired survivor size 83361792 bytes, new threshold 1 (max threshold 15)
[1040.720s][info ][gc,heap        ] GC(36) PSYoungGen: 1908224K(1998336K)->2608K(2015744K) Eden: 1905664K(1905664K)->0K(1928704K) From: 2560K(92672K)->2608K(87040K)
[1040.720s][info ][gc,heap        ] GC(36) ParOldGen: 256187K(256512K)->257027K(257536K)
[1040.720s][info ][gc,metaspace   ] GC(36) Metaspace: 104699K(105920K)->104699K(105920K) NonClass: 88846K(89536K)->88846K(89536K) Class: 15852K(16384K)->15852K(16384K)
[1040.720s][info ][gc             ] GC(36) Pause Young (Allocation Failure) 2113M->253M(2220M) 2.824ms
[1040.720s][info ][gc,cpu         ] GC(36) User=0.01s Sys=0.00s Real=0.01s
[1040.720s][info ][safepoint      ] Safepoint "ParallelGCFailedAllocation", Time since last: 2376584500 ns, Reaching safepoint: 5200 ns, Cleanup: 3800 ns, At safepoint: 2880026 ns, Total: 2889026 ns
[1058.721s][info ][safepoint      ] Safepoint "Cleanup", Time since last: 18001298622 ns, Reaching safepoint: 5500 ns, Cleanup: 10300 ns, At safepoint: 2000 ns, Total: 17800 ns
[1062.721s][info ][safepoint      ] Safepoint "Cleanup", Time since last: 4000315511 ns, Reaching safepoint: 5100 ns, Cleanup: 6800 ns, At safepoint: 1600 ns, Total: 13500 ns
[1066.722s][info ][safepoint      ] Safepoint "Cleanup", Time since last: 4000324495 ns, Reaching safepoint: 5700 ns, Cleanup: 7300 ns, At safepoint: 2200 ns, Total: 15200 ns
[1069.722s][info ][safepoint      ] Safepoint "Cleanup", Time since last: 3000243111 ns, Reaching safepoint: 4900 ns, Cleanup: 7400 ns, At safepoint: 1600 ns, Total: 13900 ns
[1070.722s][info ][safepoint      ] Safepoint "Cleanup", Time since last: 1000112304 ns, Reaching safepoint: 5600 ns, Cleanup: 14800 ns, At safepoint: 2400 ns, Total: 22800 ns
[1073.722s][info ][safepoint      ] Safepoint "Cleanup", Time since last: 3000251911 ns, Reaching safepoint: 4900 ns, Cleanup: 23101 ns, At safepoint: 2200 ns, Total: 30201 ns
[1074.723s][info ][safepoint      ] Safepoint "Cleanup", Time since last: 1000101604 ns, Reaching safepoint: 5700 ns, Cleanup: 29600 ns, At safepoint: 1800 ns, Total: 37100 ns
[1075.723s][info ][safepoint      ] Safepoint "Cleanup", Time since last: 1000108405 ns, Reaching safepoint: 6200 ns, Cleanup: 19200 ns, At safepoint: 2300 ns, Total: 27700 ns
[1076.723s][info ][safepoint      ] Safepoint "Cleanup", Time since last: 1000109805 ns, Reaching safepoint: 6800 ns, Cleanup: 28100 ns, At safepoint: 2200 ns, Total: 37100 ns
[1077.723s][info ][safepoint      ] Safepoint "Cleanup", Time since last: 1000114705 ns, Reaching safepoint: 6000 ns, Cleanup: 25200 ns, At safepoint: 2300 ns, Total: 33500 ns
[1079.723s][info ][safepoint      ] Safepoint "Cleanup", Time since last: 2000185309 ns, Reaching safepoint: 5700 ns, Cleanup: 7600 ns, At safepoint: 2000 ns, Total: 15300 ns
[1081.356s][info ][safepoint      ] Safepoint "Cleanup", Time since last: 1632689811 ns, Reaching safepoint: 6400 ns, Cleanup: 17100 ns, At safepoint: 2000 ns, Total: 25500 ns
[1082.356s][info ][safepoint      ] Safepoint "Cleanup", Time since last: 1000120905 ns, Reaching safepoint: 5900 ns, Cleanup: 9300 ns, At safepoint: 2900 ns, Total: 18100 ns
[1083.066s][info ][gc,start       ] GC(37) Pause Young (Allocation Failure)
[1083.070s][debug][gc,phases      ] GC(37) Scavenge 3.829ms
[1083.070s][debug][gc,ref         ] GC(37) ReferenceProcessor::execute queues: 1, RefProcThreadModel::Single, marks_oops_alive: false
[1083.070s][debug][gc,ref         ] GC(37) Skipped KeepAliveFinalRefsPhase of Reference Processing: no references
[1083.070s][debug][gc,ref         ] GC(37) ReferenceProcessor::execute queues: 1, RefProcThreadModel::Single, marks_oops_alive: false
[1083.070s][debug][gc,phases      ] GC(37) Reference Processing 0.102ms
[1083.070s][debug][gc,phases      ] GC(37)   VM Weak                        Min:  0.0, Avg:  0.0, Max:  0.0, Diff:  0.0, Sum:  0.0, Workers: 4
[1083.071s][debug][gc,phases      ] GC(37)     Dead                           Min: 0, Avg:  0.0, Max: 0, Diff: 0, Sum: 0, Workers: 4
[1083.071s][debug][gc,phases      ] GC(37)     Total                          Min: 0, Avg: 226.2, Max: 576, Diff: 576, Sum: 905, Workers: 4
[1083.071s][debug][gc,phases      ] GC(37)   ObjectSynchronizer Weak        Min:  0.0, Avg:  0.0, Max:  0.0, Diff:  0.0, Sum:  0.0, Workers: 4
[1083.071s][debug][gc,phases      ] GC(37)     Dead                           Min: 0, Avg:  0.0, Max: 0, Diff: 0, Sum: 0, Workers: 4
[1083.071s][debug][gc,phases      ] GC(37)     Total                          Min: 0, Avg:  0.8, Max: 3, Diff: 3, Sum: 3, Workers: 4
[1083.071s][debug][gc,phases      ] GC(37)   JVMTI Tag Weak OopStorage      Min:  0.0, Avg:  0.0, Max:  0.0, Diff:  0.0, Sum:  0.0, Workers: 4
[1083.071s][debug][gc,phases      ] GC(37)     Dead                           Min: 0, Avg:  0.0, Max: 0, Diff: 0, Sum: 0, Workers: 4
[1083.071s][debug][gc,phases      ] GC(37)     Total                          Min: 0, Avg:  0.0, Max: 0, Diff: 0, Sum: 0, Workers: 4
[1083.071s][debug][gc,phases      ] GC(37)   StringTable Weak               Min:  0.0, Avg:  0.1, Max:  0.1, Diff:  0.1, Sum:  0.4, Workers: 4
[1083.071s][debug][gc,phases      ] GC(37)     Dead                           Min: 0, Avg:  0.2, Max: 1, Diff: 1, Sum: 1, Workers: 4
[1083.071s][debug][gc,phases      ] GC(37)     Total                          Min: 0, Avg: 11506.2, Max: 20224, Diff: 20224, Sum: 46025, Workers: 4
[1083.071s][debug][gc,phases      ] GC(37)   ResolvedMethodTable Weak       Min:  0.0, Avg:  0.0, Max:  0.0, Diff:  0.0, Sum:  0.1, Workers: 4
[1083.071s][debug][gc,phases      ] GC(37)     Dead                           Min: 0, Avg:  5.0, Max: 17, Diff: 17, Sum: 20, Workers: 4
[1083.071s][debug][gc,phases      ] GC(37)     Total                          Min: 0, Avg: 3683.5, Max: 6382, Diff: 6382, Sum: 14734, Workers: 4
[1083.071s][debug][gc,phases      ] GC(37)   JNI Weak                       Min:  0.0, Avg:  0.0, Max:  0.0, Diff:  0.0, Sum:  0.0, Workers: 4
[1083.071s][debug][gc,phases      ] GC(37)     Dead                           Min: 0, Avg:  0.0, Max: 0, Diff: 0, Sum: 0, Workers: 4
[1083.071s][debug][gc,phases      ] GC(37)     Total                          Min: 0, Avg: 13.0, Max: 52, Diff: 52, Sum: 52, Workers: 4
[1083.071s][debug][gc,phases      ] GC(37)   StringDedup Table Weak         Min:  0.0, Avg:  0.0, Max:  0.0, Diff:  0.0, Sum:  0.0, Workers: 4
[1083.071s][debug][gc,phases      ] GC(37)     Dead                           Min: 0, Avg:  0.0, Max: 0, Diff: 0, Sum: 0, Workers: 4
[1083.071s][debug][gc,phases      ] GC(37)     Total                          Min: 0, Avg:  0.0, Max: 0, Diff: 0, Sum: 0, Workers: 4
[1083.071s][debug][gc,phases      ] GC(37)   StringDedup Requests0 Weak     Min:  0.0, Avg:  0.0, Max:  0.0, Diff:  0.0, Sum:  0.0, Workers: 4
[1083.071s][debug][gc,phases      ] GC(37)     Dead                           Min: 0, Avg:  0.0, Max: 0, Diff: 0, Sum: 0, Workers: 4
[1083.071s][debug][gc,phases      ] GC(37)     Total                          Min: 0, Avg:  0.0, Max: 0, Diff: 0, Sum: 0, Workers: 4
[1083.071s][debug][gc,phases      ] GC(37)   StringDedup Requests1 Weak     Min:  0.0, Avg:  0.0, Max:  0.0, Diff:  0.0, Sum:  0.0, Workers: 4
[1083.071s][debug][gc,phases      ] GC(37)     Dead                           Min: 0, Avg:  0.0, Max: 0, Diff: 0, Sum: 0, Workers: 4
[1083.071s][debug][gc,phases      ] GC(37)     Total                          Min: 0, Avg:  0.0, Max: 0, Diff: 0, Sum: 0, Workers: 4
[1083.071s][debug][gc,phases      ] GC(37)   Weak JFR Old Object Samples    Min:  0.0, Avg:  0.0, Max:  0.0, Diff:  0.0, Sum:  0.0, Workers: 4
[1083.071s][debug][gc,phases      ] GC(37)     Dead                           Min: 0, Avg:  0.0, Max: 0, Diff: 0, Sum: 0, Workers: 4
[1083.071s][debug][gc,phases      ] GC(37)     Total                          Min: 0, Avg:  0.0, Max: 0, Diff: 0, Sum: 0, Workers: 4
[1083.071s][debug][gc,phases      ] GC(37) Weak Processing 0.355ms
[1083.071s][debug][gc,age         ] GC(37) Desired survivor size 77594624 bytes, new threshold 1 (max threshold 15)
[1083.071s][info ][gc,heap        ] GC(37) PSYoungGen: 1931312K(2015744K)->5168K(2010112K) Eden: 1928704K(1928704K)->0K(1928704K) From: 2608K(87040K)->5168K(81408K)
[1083.071s][info ][gc,heap        ] GC(37) ParOldGen: 257027K(257536K)->257760K(258048K)
[1083.071s][info ][gc,metaspace   ] GC(37) Metaspace: 104742K(105984K)->104742K(105984K) NonClass: 88880K(89600K)->88880K(89600K) Class: 15862K(16384K)->15862K(16384K)
[1083.071s][info ][gc             ] GC(37) Pause Young (Allocation Failure) 2137M->256M(2215M) 4.399ms
[1083.071s][info ][gc,cpu         ] GC(37) User=0.01s Sys=0.00s Real=0.01s
[1083.071s][info ][safepoint      ] Safepoint "ParallelGCFailedAllocation", Time since last: 710022381 ns, Reaching safepoint: 83001 ns, Cleanup: 3600 ns, At safepoint: 4488339 ns, Total: 4574940 ns
[1086.071s][info ][safepoint      ] Safepoint "Cleanup", Time since last: 3000230416 ns, Reaching safepoint: 5800 ns, Cleanup: 9400 ns, At safepoint: 2000 ns, Total: 17200 ns
[1087.071s][info ][safepoint      ] Safepoint "Cleanup", Time since last: 1000132906 ns, Reaching safepoint: 5601 ns, Cleanup: 9200 ns, At safepoint: 2000 ns, Total: 16801 ns
[1088.071s][info ][safepoint      ] Safepoint "Cleanup", Time since last: 1000119306 ns, Reaching safepoint: 81600 ns, Cleanup: 13100 ns, At safepoint: 6500 ns, Total: 101200 ns
[1100.072s][info ][safepoint      ] Safepoint "Cleanup", Time since last: 12000872369 ns, Reaching safepoint: 5900 ns, Cleanup: 11200 ns, At safepoint: 1700 ns, Total: 18800 ns
[1106.073s][info ][safepoint      ] Safepoint "Cleanup", Time since last: 6000447663 ns, Reaching safepoint: 6400 ns, Cleanup: 7300 ns, At safepoint: 2300 ns, Total: 16000 ns
[1110.073s][info ][safepoint      ] Safepoint "Cleanup", Time since last: 4000349280 ns, Reaching safepoint: 5200 ns, Cleanup: 6600 ns, At safepoint: 1600 ns, Total: 13400 ns
[1131.247s][info ][gc,start       ] GC(38) Pause Young (Allocation Failure)
[1131.252s][debug][gc,phases      ] GC(38) Scavenge 4.728ms
[1131.252s][debug][gc,ref         ] GC(38) ReferenceProcessor::execute queues: 1, RefProcThreadModel::Single, marks_oops_alive: false
[1131.252s][debug][gc,ref         ] GC(38) Skipped KeepAliveFinalRefsPhase of Reference Processing: no references
[1131.252s][debug][gc,ref         ] GC(38) Skipped PhantomRefsPhase of Reference Processing: no references
[1131.252s][debug][gc,phases      ] GC(38) Reference Processing 0.126ms
[1131.252s][debug][gc,phases      ] GC(38)   VM Weak                        Min:  0.0, Avg:  0.0, Max:  0.0, Diff:  0.0, Sum:  0.0, Workers: 4
[1131.252s][debug][gc,phases      ] GC(38)     Dead                           Min: 0, Avg:  0.0, Max: 0, Diff: 0, Sum: 0, Workers: 4
[1131.252s][debug][gc,phases      ] GC(38)     Total                          Min: 0, Avg: 226.2, Max: 576, Diff: 576, Sum: 905, Workers: 4
[1131.252s][debug][gc,phases      ] GC(38)   ObjectSynchronizer Weak        Min:  0.0, Avg:  0.0, Max:  0.0, Diff:  0.0, Sum:  0.0, Workers: 4
[1131.252s][debug][gc,phases      ] GC(38)     Dead                           Min: 0, Avg:  0.0, Max: 0, Diff: 0, Sum: 0, Workers: 4
[1131.252s][debug][gc,phases      ] GC(38)     Total                          Min: 0, Avg:  0.8, Max: 3, Diff: 3, Sum: 3, Workers: 4
[1131.252s][debug][gc,phases      ] GC(38)   JVMTI Tag Weak OopStorage      Min:  0.0, Avg:  0.0, Max:  0.0, Diff:  0.0, Sum:  0.0, Workers: 4
[1131.252s][debug][gc,phases      ] GC(38)     Dead                           Min: 0, Avg:  0.0, Max: 0, Diff: 0, Sum: 0, Workers: 4
[1131.252s][debug][gc,phases      ] GC(38)     Total                          Min: 0, Avg:  0.0, Max: 0, Diff: 0, Sum: 0, Workers: 4
[1131.252s][debug][gc,phases      ] GC(38)   StringTable Weak               Min:  0.0, Avg:  0.1, Max:  0.2, Diff:  0.2, Sum:  0.4, Workers: 4
[1131.252s][debug][gc,phases      ] GC(38)     Dead                           Min: 0, Avg:  0.0, Max: 0, Diff: 0, Sum: 0, Workers: 4
[1131.252s][debug][gc,phases      ] GC(38)     Total                          Min: 0, Avg: 11506.2, Max: 15817, Diff: 15817, Sum: 46025, Workers: 4
[1131.252s][debug][gc,phases      ] GC(38)   ResolvedMethodTable Weak       Min:  0.0, Avg:  0.1, Max:  0.1, Diff:  0.1, Sum:  0.2, Workers: 4
[1131.252s][debug][gc,phases      ] GC(38)     Dead                           Min: 0, Avg:  4.0, Max: 9, Diff: 9, Sum: 16, Workers: 4
[1131.252s][debug][gc,phases      ] GC(38)     Total                          Min: 0, Avg: 3683.5, Max: 6607, Diff: 6607, Sum: 14734, Workers: 4
[1131.252s][debug][gc,phases      ] GC(38)   JNI Weak                       Min:  0.0, Avg:  0.0, Max:  0.0, Diff:  0.0, Sum:  0.0, Workers: 4
[1131.252s][debug][gc,phases      ] GC(38)     Dead                           Min: 0, Avg:  0.0, Max: 0, Diff: 0, Sum: 0, Workers: 4
[1131.252s][debug][gc,phases      ] GC(38)     Total                          Min: 0, Avg: 13.0, Max: 52, Diff: 52, Sum: 52, Workers: 4
[1131.252s][debug][gc,phases      ] GC(38)   StringDedup Table Weak         Min:  0.0, Avg:  0.0, Max:  0.0, Diff:  0.0, Sum:  0.0, Workers: 4
[1131.252s][debug][gc,phases      ] GC(38)     Dead                           Min: 0, Avg:  0.0, Max: 0, Diff: 0, Sum: 0, Workers: 4
[1131.252s][debug][gc,phases      ] GC(38)     Total                          Min: 0, Avg:  0.0, Max: 0, Diff: 0, Sum: 0, Workers: 4
[1131.252s][debug][gc,phases      ] GC(38)   StringDedup Requests0 Weak     Min:  0.0, Avg:  0.0, Max:  0.0, Diff:  0.0, Sum:  0.0, Workers: 4
[1131.252s][debug][gc,phases      ] GC(38)     Dead                           Min: 0, Avg:  0.0, Max: 0, Diff: 0, Sum: 0, Workers: 4
[1131.252s][debug][gc,phases      ] GC(38)     Total                          Min: 0, Avg:  0.0, Max: 0, Diff: 0, Sum: 0, Workers: 4
[1131.252s][debug][gc,phases      ] GC(38)   StringDedup Requests1 Weak     Min:  0.0, Avg:  0.0, Max:  0.0, Diff:  0.0, Sum:  0.0, Workers: 4
[1131.252s][debug][gc,phases      ] GC(38)     Dead                           Min: 0, Avg:  0.0, Max: 0, Diff: 0, Sum: 0, Workers: 4
[1131.252s][debug][gc,phases      ] GC(38)     Total                          Min: 0, Avg:  0.0, Max: 0, Diff: 0, Sum: 0, Workers: 4
[1131.252s][debug][gc,phases      ] GC(38)   Weak JFR Old Object Samples    Min:  0.0, Avg:  0.0, Max:  0.0, Diff:  0.0, Sum:  0.0, Workers: 4
[1131.252s][debug][gc,phases      ] GC(38)     Dead                           Min: 0, Avg:  0.0, Max: 0, Diff: 0, Sum: 0, Workers: 4
[1131.252s][debug][gc,phases      ] GC(38)     Total                          Min: 0, Avg:  0.0, Max: 0, Diff: 0, Sum: 0, Workers: 4
[1131.252s][debug][gc,phases      ] GC(38) Weak Processing 0.451ms
[1131.252s][debug][gc,age         ] GC(38) Desired survivor size 72351744 bytes, new threshold 1 (max threshold 15)
[1131.252s][info ][gc,heap        ] GC(38) PSYoungGen: 1933872K(2010112K)->2480K(2026496K) Eden: 1928704K(1928704K)->0K(1950720K) From: 5168K(81408K)->2480K(75776K)
[1131.252s][info ][gc,heap        ] GC(38) ParOldGen: 257760K(258048K)->261308K(261632K)
[1131.252s][info ][gc,metaspace   ] GC(38) Metaspace: 104750K(105984K)->104750K(105984K) NonClass: 88888K(89600K)->88888K(89600K) Class: 15862K(16384K)->15862K(16384K)
[1131.252s][info ][gc             ] GC(38) Pause Young (Allocation Failure) 2140M->257M(2234M) 5.413ms
[1131.252s][info ][gc,cpu         ] GC(38) User=0.01s Sys=0.00s Real=0.01s
[1131.252s][info ][safepoint      ] Safepoint "ParallelGCFailedAllocation", Time since last: 21173918871 ns, Reaching safepoint: 5900 ns, Cleanup: 3700 ns, At safepoint: 5480548 ns, Total: 5490148 ns
[1138.253s][info ][safepoint      ] Safepoint "Cleanup", Time since last: 7000509968 ns, Reaching safepoint: 6000 ns, Cleanup: 10900 ns, At safepoint: 2500 ns, Total: 19400 ns
[1139.253s][info ][safepoint      ] Safepoint "Cleanup", Time since last: 1000110806 ns, Reaching safepoint: 5900 ns, Cleanup: 8400 ns, At safepoint: 2000 ns, Total: 16300 ns
[1142.253s][info ][safepoint      ] Safepoint "Cleanup", Time since last: 3000241215 ns, Reaching safepoint: 5600 ns, Cleanup: 8700 ns, At safepoint: 1900 ns, Total: 16200 ns
[1157.254s][info ][safepoint      ] Safepoint "Cleanup", Time since last: 15001099149 ns, Reaching safepoint: 5800 ns, Cleanup: 9400 ns, At safepoint: 2100 ns, Total: 17300 ns
[1180.016s][info ][gc,start       ] GC(39) Pause Young (Allocation Failure)
[1180.018s][debug][gc,phases      ] GC(39) Scavenge 2.357ms
[1180.018s][debug][gc,ref         ] GC(39) ReferenceProcessor::execute queues: 1, RefProcThreadModel::Single, marks_oops_alive: false
[1180.018s][debug][gc,ref         ] GC(39) Skipped KeepAliveFinalRefsPhase of Reference Processing: no references
[1180.018s][debug][gc,ref         ] GC(39) Skipped PhantomRefsPhase of Reference Processing: no references
[1180.018s][debug][gc,phases      ] GC(39) Reference Processing 0.099ms
[1180.019s][debug][gc,phases      ] GC(39)   VM Weak                        Min:  0.0, Avg:  0.0, Max:  0.0, Diff:  0.0, Sum:  0.0, Workers: 4
[1180.019s][debug][gc,phases      ] GC(39)     Dead                           Min: 0, Avg:  0.0, Max: 0, Diff: 0, Sum: 0, Workers: 4
[1180.019s][debug][gc,phases      ] GC(39)     Total                          Min: 9, Avg: 226.2, Max: 512, Diff: 503, Sum: 905, Workers: 4
[1180.019s][debug][gc,phases      ] GC(39)   ObjectSynchronizer Weak        Min:  0.0, Avg:  0.0, Max:  0.0, Diff:  0.0, Sum:  0.0, Workers: 4
[1180.019s][debug][gc,phases      ] GC(39)     Dead                           Min: 0, Avg:  0.0, Max: 0, Diff: 0, Sum: 0, Workers: 4
[1180.019s][debug][gc,phases      ] GC(39)     Total                          Min: 0, Avg:  0.8, Max: 3, Diff: 3, Sum: 3, Workers: 4
[1180.019s][debug][gc,phases      ] GC(39)   JVMTI Tag Weak OopStorage      Min:  0.0, Avg:  0.0, Max:  0.0, Diff:  0.0, Sum:  0.0, Workers: 4
[1180.019s][debug][gc,phases      ] GC(39)     Dead                           Min: 0, Avg:  0.0, Max: 0, Diff: 0, Sum: 0, Workers: 4
[1180.019s][debug][gc,phases      ] GC(39)     Total                          Min: 0, Avg:  0.0, Max: 0, Diff: 0, Sum: 0, Workers: 4
[1180.019s][debug][gc,phases      ] GC(39)   StringTable Weak               Min:  0.1, Avg:  0.1, Max:  0.1, Diff:  0.0, Sum:  0.5, Workers: 4
[1180.019s][debug][gc,phases      ] GC(39)     Dead                           Min: 0, Avg:  0.0, Max: 0, Diff: 0, Sum: 0, Workers: 4
[1180.019s][debug][gc,phases      ] GC(39)     Total                          Min: 11209, Avg: 11506.2, Max: 11712, Diff: 503, Sum: 46025, Workers: 4
[1180.019s][debug][gc,phases      ] GC(39)   ResolvedMethodTable Weak       Min:  0.0, Avg:  0.0, Max:  0.0, Diff:  0.0, Sum:  0.2, Workers: 4
[1180.019s][debug][gc,phases      ] GC(39)     Dead                           Min: 0, Avg:  4.0, Max: 12, Diff: 12, Sum: 16, Workers: 4
[1180.019s][debug][gc,phases      ] GC(39)     Total                          Min: 3457, Avg: 3683.5, Max: 3862, Diff: 405, Sum: 14734, Workers: 4
[1180.019s][debug][gc,phases      ] GC(39)   JNI Weak                       Min:  0.0, Avg:  0.0, Max:  0.0, Diff:  0.0, Sum:  0.0, Workers: 4
[1180.019s][debug][gc,phases      ] GC(39)     Dead                           Min: 0, Avg:  0.0, Max: 0, Diff: 0, Sum: 0, Workers: 4
[1180.019s][debug][gc,phases      ] GC(39)     Total                          Min: 0, Avg: 13.0, Max: 52, Diff: 52, Sum: 52, Workers: 4
[1180.019s][debug][gc,phases      ] GC(39)   StringDedup Table Weak         Min:  0.0, Avg:  0.0, Max:  0.0, Diff:  0.0, Sum:  0.0, Workers: 4
[1180.019s][debug][gc,phases      ] GC(39)     Dead                           Min: 0, Avg:  0.0, Max: 0, Diff: 0, Sum: 0, Workers: 4
[1180.019s][debug][gc,phases      ] GC(39)     Total                          Min: 0, Avg:  0.0, Max: 0, Diff: 0, Sum: 0, Workers: 4
[1180.019s][debug][gc,phases      ] GC(39)   StringDedup Requests0 Weak     Min:  0.0, Avg:  0.0, Max:  0.0, Diff:  0.0, Sum:  0.0, Workers: 4
[1180.019s][debug][gc,phases      ] GC(39)     Dead                           Min: 0, Avg:  0.0, Max: 0, Diff: 0, Sum: 0, Workers: 4
[1180.019s][debug][gc,phases      ] GC(39)     Total                          Min: 0, Avg:  0.0, Max: 0, Diff: 0, Sum: 0, Workers: 4
[1180.019s][debug][gc,phases      ] GC(39)   StringDedup Requests1 Weak     Min:  0.0, Avg:  0.0, Max:  0.0, Diff:  0.0, Sum:  0.0, Workers: 4
[1180.019s][debug][gc,phases      ] GC(39)     Dead                           Min: 0, Avg:  0.0, Max: 0, Diff: 0, Sum: 0, Workers: 4
[1180.019s][debug][gc,phases      ] GC(39)     Total                          Min: 0, Avg:  0.0, Max: 0, Diff: 0, Sum: 0, Workers: 4
[1180.019s][debug][gc,phases      ] GC(39)   Weak JFR Old Object Samples    Min:  0.0, Avg:  0.0, Max:  0.0, Diff:  0.0, Sum:  0.0, Workers: 4
[1180.019s][debug][gc,phases      ] GC(39)     Dead                           Min: 0, Avg:  0.0, Max: 0, Diff: 0, Sum: 0, Workers: 4
[1180.019s][debug][gc,phases      ] GC(39)     Total                          Min: 0, Avg:  0.0, Max: 0, Diff: 0, Sum: 0, Workers: 4
[1180.019s][debug][gc,phases      ] GC(39) Weak Processing 0.343ms
[1180.019s][debug][gc,age         ] GC(39) Desired survivor size 67633152 bytes, new threshold 1 (max threshold 15)
[1180.019s][info ][gc,heap        ] GC(39) PSYoungGen: 1953200K(2026496K)->2496K(2021376K) Eden: 1950720K(1950720K)->0K(1950720K) From: 2480K(75776K)->2496K(70656K)
[1180.019s][info ][gc,heap        ] GC(39) ParOldGen: 261308K(261632K)->262064K(262144K)
[1180.019s][info ][gc,metaspace   ] GC(39) Metaspace: 104755K(105984K)->104755K(105984K) NonClass: 88893K(89600K)->88893K(89600K) Class: 15862K(16384K)->15862K(16384K)
[1180.019s][info ][gc             ] GC(39) Pause Young (Allocation Failure) 2162M->258M(2230M) 2.907ms
[1180.019s][info ][gc,cpu         ] GC(39) User=0.01s Sys=0.00s Real=0.00s
[1180.019s][info ][safepoint      ] Safepoint "ParallelGCFailedAllocation", Time since last: 22761158906 ns, Reaching safepoint: 81601 ns, Cleanup: 4300 ns, At safepoint: 2991626 ns, Total: 3077527 ns
[1185.019s][info ][safepoint      ] Safepoint "Cleanup", Time since last: 5000397216 ns, Reaching safepoint: 80401 ns, Cleanup: 9300 ns, At safepoint: 6900 ns, Total: 96601 ns
[1194.020s][info ][safepoint      ] Safepoint "Cleanup", Time since last: 9000658443 ns, Reaching safepoint: 86701 ns, Cleanup: 12300 ns, At safepoint: 6400 ns, Total: 105401 ns
[1213.021s][info ][safepoint      ] Safepoint "Cleanup", Time since last: 19001363976 ns, Reaching safepoint: 5600 ns, Cleanup: 34801 ns, At safepoint: 1700 ns, Total: 42101 ns
[1219.022s][info ][safepoint      ] Safepoint "Cleanup", Time since last: 6000455764 ns, Reaching safepoint: 6100 ns, Cleanup: 8101 ns, At safepoint: 2000 ns, Total: 16201 ns
[1220.022s][info ][safepoint      ] Safepoint "Cleanup", Time since last: 1000107700 ns, Reaching safepoint: 6000 ns, Cleanup: 9900 ns, At safepoint: 1900 ns, Total: 17800 ns
[1221.022s][info ][safepoint      ] Safepoint "Cleanup", Time since last: 1000109101 ns, Reaching safepoint: 79700 ns, Cleanup: 25600 ns, At safepoint: 6201 ns, Total: 111501 ns
[1224.022s][info ][safepoint      ] Safepoint "Cleanup", Time since last: 3000239100 ns, Reaching safepoint: 5800 ns, Cleanup: 10500 ns, At safepoint: 10200 ns, Total: 26500 ns
[1226.023s][info ][safepoint      ] Safepoint "Cleanup", Time since last: 2000195701 ns, Reaching safepoint: 6400 ns, Cleanup: 7500 ns, At safepoint: 1900 ns, Total: 15800 ns
[1226.466s][info ][gc,start       ] GC(40) Pause Young (Allocation Failure)
[1226.469s][debug][gc,phases      ] GC(40) Scavenge 2.709ms
[1226.469s][debug][gc,ref         ] GC(40) ReferenceProcessor::execute queues: 1, RefProcThreadModel::Single, marks_oops_alive: false
[1226.469s][debug][gc,ref         ] GC(40) Skipped KeepAliveFinalRefsPhase of Reference Processing: no references
[1226.469s][debug][gc,ref         ] GC(40) ReferenceProcessor::execute queues: 1, RefProcThreadModel::Single, marks_oops_alive: false
[1226.469s][debug][gc,phases      ] GC(40) Reference Processing 0.096ms
[1226.469s][debug][gc,phases      ] GC(40)   VM Weak                        Min:  0.0, Avg:  0.0, Max:  0.0, Diff:  0.0, Sum:  0.0, Workers: 4
[1226.469s][debug][gc,phases      ] GC(40)     Dead                           Min: 0, Avg:  0.0, Max: 0, Diff: 0, Sum: 0, Workers: 4
[1226.469s][debug][gc,phases      ] GC(40)     Total                          Min: 0, Avg: 226.5, Max: 640, Diff: 640, Sum: 906, Workers: 4
[1226.469s][debug][gc,phases      ] GC(40)   ObjectSynchronizer Weak        Min:  0.0, Avg:  0.0, Max:  0.0, Diff:  0.0, Sum:  0.0, Workers: 4
[1226.469s][debug][gc,phases      ] GC(40)     Dead                           Min: 0, Avg:  0.0, Max: 0, Diff: 0, Sum: 0, Workers: 4
[1226.469s][debug][gc,phases      ] GC(40)     Total                          Min: 0, Avg:  1.0, Max: 4, Diff: 4, Sum: 4, Workers: 4
[1226.469s][debug][gc,phases      ] GC(40)   JVMTI Tag Weak OopStorage      Min:  0.0, Avg:  0.0, Max:  0.0, Diff:  0.0, Sum:  0.0, Workers: 4
[1226.469s][debug][gc,phases      ] GC(40)     Dead                           Min: 0, Avg:  0.0, Max: 0, Diff: 0, Sum: 0, Workers: 4
[1226.469s][debug][gc,phases      ] GC(40)     Total                          Min: 0, Avg:  0.0, Max: 0, Diff: 0, Sum: 0, Workers: 4
[1226.469s][debug][gc,phases      ] GC(40)   StringTable Weak               Min:  0.0, Avg:  0.1, Max:  0.1, Diff:  0.1, Sum:  0.4, Workers: 4
[1226.469s][debug][gc,phases      ] GC(40)     Dead                           Min: 0, Avg:  0.2, Max: 1, Diff: 1, Sum: 1, Workers: 4
[1226.470s][debug][gc,phases      ] GC(40)     Total                          Min: 0, Avg: 11509.5, Max: 19648, Diff: 19648, Sum: 46038, Workers: 4
[1226.470s][debug][gc,phases      ] GC(40)   ResolvedMethodTable Weak       Min:  0.0, Avg:  0.0, Max:  0.0, Diff:  0.0, Sum:  0.1, Workers: 4
[1226.470s][debug][gc,phases      ] GC(40)     Dead                           Min: 0, Avg:  6.0, Max: 13, Diff: 13, Sum: 24, Workers: 4
[1226.470s][debug][gc,phases      ] GC(40)     Total                          Min: 0, Avg: 3688.2, Max: 6305, Diff: 6305, Sum: 14753, Workers: 4
[1226.470s][debug][gc,phases      ] GC(40)   JNI Weak                       Min:  0.0, Avg:  0.0, Max:  0.0, Diff:  0.0, Sum:  0.0, Workers: 4
[1226.470s][debug][gc,phases      ] GC(40)     Dead                           Min: 0, Avg:  0.0, Max: 0, Diff: 0, Sum: 0, Workers: 4
[1226.470s][debug][gc,phases      ] GC(40)     Total                          Min: 0, Avg: 13.0, Max: 52, Diff: 52, Sum: 52, Workers: 4
[1226.470s][debug][gc,phases      ] GC(40)   StringDedup Table Weak         Min:  0.0, Avg:  0.0, Max:  0.0, Diff:  0.0, Sum:  0.0, Workers: 4
[1226.470s][debug][gc,phases      ] GC(40)     Dead                           Min: 0, Avg:  0.0, Max: 0, Diff: 0, Sum: 0, Workers: 4
[1226.470s][debug][gc,phases      ] GC(40)     Total                          Min: 0, Avg:  0.0, Max: 0, Diff: 0, Sum: 0, Workers: 4
[1226.470s][debug][gc,phases      ] GC(40)   StringDedup Requests0 Weak     Min:  0.0, Avg:  0.0, Max:  0.0, Diff:  0.0, Sum:  0.0, Workers: 4
[1226.470s][debug][gc,phases      ] GC(40)     Dead                           Min: 0, Avg:  0.0, Max: 0, Diff: 0, Sum: 0, Workers: 4
[1226.470s][debug][gc,phases      ] GC(40)     Total                          Min: 0, Avg:  0.0, Max: 0, Diff: 0, Sum: 0, Workers: 4
[1226.470s][debug][gc,phases      ] GC(40)   StringDedup Requests1 Weak     Min:  0.0, Avg:  0.0, Max:  0.0, Diff:  0.0, Sum:  0.0, Workers: 4
[1226.470s][debug][gc,phases      ] GC(40)     Dead                           Min: 0, Avg:  0.0, Max: 0, Diff: 0, Sum: 0, Workers: 4
[1226.470s][debug][gc,phases      ] GC(40)     Total                          Min: 0, Avg:  0.0, Max: 0, Diff: 0, Sum: 0, Workers: 4
[1226.470s][debug][gc,phases      ] GC(40)   Weak JFR Old Object Samples    Min:  0.0, Avg:  0.0, Max:  0.0, Diff:  0.0, Sum:  0.0, Workers: 4
[1226.470s][debug][gc,phases      ] GC(40)     Dead                           Min: 0, Avg:  0.0, Max: 0, Diff: 0, Sum: 0, Workers: 4
[1226.470s][debug][gc,phases      ] GC(40)     Total                          Min: 0, Avg:  0.0, Max: 0, Diff: 0, Sum: 0, Workers: 4
[1226.470s][debug][gc,phases      ] GC(40) Weak Processing 0.363ms
[1226.470s][debug][gc,age         ] GC(40) Desired survivor size 63438848 bytes, new threshold 1 (max threshold 15)
[1226.470s][info ][gc,heap        ] GC(40) PSYoungGen: 1953216K(2021376K)->2832K(2035200K) Eden: 1950720K(1950720K)->0K(1969152K) From: 2496K(70656K)->2832K(66048K)
[1226.470s][info ][gc,heap        ] GC(40) ParOldGen: 262064K(262144K)->262692K(263168K)
[1226.470s][info ][gc,metaspace   ] GC(40) Metaspace: 104790K(105984K)->104790K(105984K) NonClass: 88922K(89600K)->88922K(89600K) Class: 15867K(16384K)->15867K(16384K)
[1226.470s][info ][gc             ] GC(40) Pause Young (Allocation Failure) 2163M->259M(2244M) 3.261ms
[1226.470s][info ][gc,cpu         ] GC(40) User=0.01s Sys=0.00s Real=0.00s
[1226.470s][info ][safepoint      ] Safepoint "ParallelGCFailedAllocation", Time since last: 443604159 ns, Reaching safepoint: 6300 ns, Cleanup: 24900 ns, At safepoint: 3321729 ns, Total: 3352929 ns
[1227.470s][info ][safepoint      ] Safepoint "Cleanup", Time since last: 1000086000 ns, Reaching safepoint: 80201 ns, Cleanup: 10900 ns, At safepoint: 6300 ns, Total: 97401 ns
[1231.470s][info ][safepoint      ] Safepoint "Cleanup", Time since last: 4000318801 ns, Reaching safepoint: 79801 ns, Cleanup: 10200 ns, At safepoint: 6300 ns, Total: 96301 ns
[1242.471s][info ][safepoint      ] Safepoint "Cleanup", Time since last: 11000849712 ns, Reaching safepoint: 6100 ns, Cleanup: 9800 ns, At safepoint: 2300 ns, Total: 18200 ns
[1254.472s][info ][safepoint      ] Safepoint "Cleanup", Time since last: 12000887696 ns, Reaching safepoint: 5800 ns, Cleanup: 12900 ns, At safepoint: 1900 ns, Total: 20600 ns
[1255.472s][info ][safepoint      ] Safepoint "Cleanup", Time since last: 1000101496 ns, Reaching safepoint: 5800 ns, Cleanup: 11000 ns, At safepoint: 19101 ns, Total: 35901 ns
[1256.472s][info ][safepoint      ] Safepoint "Cleanup", Time since last: 1000096296 ns, Reaching safepoint: 5500 ns, Cleanup: 13400 ns, At safepoint: 1600 ns, Total: 20500 ns
[1258.472s][info ][safepoint      ] Safepoint "Cleanup", Time since last: 2000170294 ns, Reaching safepoint: 7200 ns, Cleanup: 10400 ns, At safepoint: 2100 ns, Total: 19700 ns
[1259.473s][info ][safepoint      ] Safepoint "Cleanup", Time since last: 1000107102 ns, Reaching safepoint: 6600 ns, Cleanup: 10500 ns, At safepoint: 2100 ns, Total: 19200 ns
[1261.406s][info ][safepoint      ] Safepoint "Cleanup", Time since last: 1933044519 ns, Reaching safepoint: 6700 ns, Cleanup: 9700 ns, At safepoint: 2700 ns, Total: 19100 ns
[1271.406s][info ][safepoint      ] Safepoint "Cleanup", Time since last: 10000745209 ns, Reaching safepoint: 6600 ns, Cleanup: 9300 ns, At safepoint: 2500 ns, Total: 18400 ns
[1273.407s][info ][safepoint      ] Safepoint "Cleanup", Time since last: 2000182601 ns, Reaching safepoint: 6001 ns, Cleanup: 8500 ns, At safepoint: 2000 ns, Total: 16501 ns
[1274.280s][info ][gc,start       ] GC(41) Pause Young (Allocation Failure)
[1274.282s][debug][gc,phases      ] GC(41) Scavenge 2.007ms
[1274.282s][debug][gc,ref         ] GC(41) ReferenceProcessor::execute queues: 1, RefProcThreadModel::Single, marks_oops_alive: false
[1274.282s][debug][gc,ref         ] GC(41) Skipped KeepAliveFinalRefsPhase of Reference Processing: no references
[1274.282s][debug][gc,ref         ] GC(41) Skipped PhantomRefsPhase of Reference Processing: no references
[1274.282s][debug][gc,phases      ] GC(41) Reference Processing 0.094ms
[1274.282s][debug][gc,phases      ] GC(41)   VM Weak                        Min:  0.0, Avg:  0.0, Max:  0.0, Diff:  0.0, Sum:  0.0, Workers: 4
[1274.282s][debug][gc,phases      ] GC(41)     Dead                           Min: 0, Avg:  0.0, Max: 0, Diff: 0, Sum: 0, Workers: 4
[1274.282s][debug][gc,phases      ] GC(41)     Total                          Min: 0, Avg: 226.5, Max: 448, Diff: 448, Sum: 906, Workers: 4
[1274.282s][debug][gc,phases      ] GC(41)   ObjectSynchronizer Weak        Min:  0.0, Avg:  0.0, Max:  0.0, Diff:  0.0, Sum:  0.0, Workers: 4
[1274.282s][debug][gc,phases      ] GC(41)     Dead                           Min: 0, Avg:  0.0, Max: 0, Diff: 0, Sum: 0, Workers: 4
[1274.282s][debug][gc,phases      ] GC(41)     Total                          Min: 0, Avg:  0.8, Max: 3, Diff: 3, Sum: 3, Workers: 4
[1274.282s][debug][gc,phases      ] GC(41)   JVMTI Tag Weak OopStorage      Min:  0.0, Avg:  0.0, Max:  0.0, Diff:  0.0, Sum:  0.0, Workers: 4
[1274.282s][debug][gc,phases      ] GC(41)     Dead                           Min: 0, Avg:  0.0, Max: 0, Diff: 0, Sum: 0, Workers: 4
[1274.282s][debug][gc,phases      ] GC(41)     Total                          Min: 0, Avg:  0.0, Max: 0, Diff: 0, Sum: 0, Workers: 4
[1274.282s][debug][gc,phases      ] GC(41)   StringTable Weak               Min:  0.1, Avg:  0.1, Max:  0.1, Diff:  0.0, Sum:  0.4, Workers: 4
[1274.282s][debug][gc,phases      ] GC(41)     Dead                           Min: 0, Avg:  0.0, Max: 0, Diff: 0, Sum: 0, Workers: 4
[1274.282s][debug][gc,phases      ] GC(41)     Total                          Min: 11352, Avg: 11509.8, Max: 11648, Diff: 296, Sum: 46039, Workers: 4
[1274.282s][debug][gc,phases      ] GC(41)   ResolvedMethodTable Weak       Min:  0.0, Avg:  0.0, Max:  0.0, Diff:  0.0, Sum:  0.2, Workers: 4
[1274.282s][debug][gc,phases      ] GC(41)     Dead                           Min: 0, Avg:  4.5, Max: 11, Diff: 11, Sum: 18, Workers: 4
[1274.282s][debug][gc,phases      ] GC(41)     Total                          Min: 3576, Avg: 3688.2, Max: 3838, Diff: 262, Sum: 14753, Workers: 4
[1274.282s][debug][gc,phases      ] GC(41)   JNI Weak                       Min:  0.0, Avg:  0.0, Max:  0.0, Diff:  0.0, Sum:  0.0, Workers: 4
[1274.282s][debug][gc,phases      ] GC(41)     Dead                           Min: 0, Avg:  0.0, Max: 0, Diff: 0, Sum: 0, Workers: 4
[1274.282s][debug][gc,phases      ] GC(41)     Total                          Min: 0, Avg: 13.0, Max: 52, Diff: 52, Sum: 52, Workers: 4
[1274.282s][debug][gc,phases      ] GC(41)   StringDedup Table Weak         Min:  0.0, Avg:  0.0, Max:  0.0, Diff:  0.0, Sum:  0.0, Workers: 4
[1274.282s][debug][gc,phases      ] GC(41)     Dead                           Min: 0, Avg:  0.0, Max: 0, Diff: 0, Sum: 0, Workers: 4
[1274.282s][debug][gc,phases      ] GC(41)     Total                          Min: 0, Avg:  0.0, Max: 0, Diff: 0, Sum: 0, Workers: 4
[1274.282s][debug][gc,phases      ] GC(41)   StringDedup Requests0 Weak     Min:  0.0, Avg:  0.0, Max:  0.0, Diff:  0.0, Sum:  0.0, Workers: 4
[1274.282s][debug][gc,phases      ] GC(41)     Dead                           Min: 0, Avg:  0.0, Max: 0, Diff: 0, Sum: 0, Workers: 4
[1274.282s][debug][gc,phases      ] GC(41)     Total                          Min: 0, Avg:  0.0, Max: 0, Diff: 0, Sum: 0, Workers: 4
[1274.282s][debug][gc,phases      ] GC(41)   StringDedup Requests1 Weak     Min:  0.0, Avg:  0.0, Max:  0.0, Diff:  0.0, Sum:  0.0, Workers: 4
[1274.282s][debug][gc,phases      ] GC(41)     Dead                           Min: 0, Avg:  0.0, Max: 0, Diff: 0, Sum: 0, Workers: 4
[1274.282s][debug][gc,phases      ] GC(41)     Total                          Min: 0, Avg:  0.0, Max: 0, Diff: 0, Sum: 0, Workers: 4
[1274.282s][debug][gc,phases      ] GC(41)   Weak JFR Old Object Samples    Min:  0.0, Avg:  0.0, Max:  0.0, Diff:  0.0, Sum:  0.0, Workers: 4
[1274.282s][debug][gc,phases      ] GC(41)     Dead                           Min: 0, Avg:  0.0, Max: 0, Diff: 0, Sum: 0, Workers: 4
[1274.282s][debug][gc,phases      ] GC(41)     Total                          Min: 0, Avg:  0.0, Max: 0, Diff: 0, Sum: 0, Workers: 4
[1274.282s][debug][gc,phases      ] GC(41) Weak Processing 0.336ms
[1274.282s][debug][gc,age         ] GC(41) Desired survivor size 59244544 bytes, new threshold 1 (max threshold 15)
[1274.282s][info ][gc,heap        ] GC(41) PSYoungGen: 1971984K(2035200K)->1792K(2031104K) Eden: 1969152K(1969152K)->0K(1969152K) From: 2832K(66048K)->1792K(61952K)
[1274.282s][info ][gc,heap        ] GC(41) ParOldGen: 262692K(263168K)->264185K(264192K)
[1274.282s][info ][gc,metaspace   ] GC(41) Metaspace: 104798K(105984K)->104798K(105984K) NonClass: 88930K(89600K)->88930K(89600K) Class: 15867K(16384K)->15867K(16384K)
[1274.282s][info ][gc             ] GC(41) Pause Young (Allocation Failure) 2182M->259M(2241M) 2.528ms
[1274.282s][info ][gc,cpu         ] GC(41) User=0.01s Sys=0.00s Real=0.00s
[1274.282s][info ][safepoint      ] Safepoint "ParallelGCFailedAllocation", Time since last: 873264797 ns, Reaching safepoint: 5900 ns, Cleanup: 3900 ns, At safepoint: 2587922 ns, Total: 2597722 ns
[1275.283s][info ][safepoint      ] Safepoint "Cleanup", Time since last: 1000085601 ns, Reaching safepoint: 5701 ns, Cleanup: 8200 ns, At safepoint: 1700 ns, Total: 15601 ns
[1276.283s][info ][safepoint      ] Safepoint "Cleanup", Time since last: 1000102401 ns, Reaching safepoint: 5100 ns, Cleanup: 23500 ns, At safepoint: 2400 ns, Total: 31000 ns
[1277.283s][info ][safepoint      ] Safepoint "Cleanup", Time since last: 1000098901 ns, Reaching safepoint: 5100 ns, Cleanup: 9200 ns, At safepoint: 1800 ns, Total: 16100 ns
[1281.283s][info ][safepoint      ] Safepoint "Cleanup", Time since last: 4000304705 ns, Reaching safepoint: 5300 ns, Cleanup: 10600 ns, At safepoint: 2100 ns, Total: 18000 ns
[1303.285s][info ][safepoint      ] Safepoint "Cleanup", Time since last: 22001575470 ns, Reaching safepoint: 7000 ns, Cleanup: 13700 ns, At safepoint: 2900 ns, Total: 23600 ns
[1305.285s][info ][safepoint      ] Safepoint "Cleanup", Time since last: 2000232591 ns, Reaching safepoint: 7000 ns, Cleanup: 14200 ns, At safepoint: 2901 ns, Total: 24101 ns
[1307.285s][info ][safepoint      ] Safepoint "Cleanup", Time since last: 2000197988 ns, Reaching safepoint: 6000 ns, Cleanup: 13101 ns, At safepoint: 2700 ns, Total: 21801 ns
[1308.285s][info ][safepoint      ] Safepoint "Cleanup", Time since last: 1000103793 ns, Reaching safepoint: 5700 ns, Cleanup: 14000 ns, At safepoint: 2200 ns, Total: 21900 ns
[1312.286s][info ][safepoint      ] Safepoint "Cleanup", Time since last: 4000318172 ns, Reaching safepoint: 5800 ns, Cleanup: 8600 ns, At safepoint: 2400 ns, Total: 16800 ns
[1317.286s][info ][safepoint      ] Safepoint "Cleanup", Time since last: 5000411915 ns, Reaching safepoint: 5700 ns, Cleanup: 13900 ns, At safepoint: 2001 ns, Total: 21601 ns
[1318.286s][info ][safepoint      ] Safepoint "Cleanup", Time since last: 1000103610 ns, Reaching safepoint: 5100 ns, Cleanup: 8100 ns, At safepoint: 1700 ns, Total: 14900 ns
[1322.016s][info ][gc,start       ] GC(42) Pause Young (Allocation Failure)
[1322.017s][debug][gc,phases      ] GC(42) Scavenge 1.835ms
[1322.018s][debug][gc,ref         ] GC(42) ReferenceProcessor::execute queues: 1, RefProcThreadModel::Single, marks_oops_alive: false
[1322.018s][debug][gc,ref         ] GC(42) Skipped KeepAliveFinalRefsPhase of Reference Processing: no references
[1322.018s][debug][gc,ref         ] GC(42) ReferenceProcessor::execute queues: 1, RefProcThreadModel::Single, marks_oops_alive: false
[1322.018s][debug][gc,phases      ] GC(42) Reference Processing 0.092ms
[1322.018s][debug][gc,phases      ] GC(42)   VM Weak                        Min:  0.0, Avg:  0.0, Max:  0.0, Diff:  0.0, Sum:  0.0, Workers: 4
[1322.018s][debug][gc,phases      ] GC(42)     Dead                           Min: 0, Avg:  0.0, Max: 0, Diff: 0, Sum: 0, Workers: 4
[1322.018s][debug][gc,phases      ] GC(42)     Total                          Min: 0, Avg: 227.5, Max: 590, Diff: 590, Sum: 910, Workers: 4
[1322.018s][debug][gc,phases      ] GC(42)   ObjectSynchronizer Weak        Min:  0.0, Avg:  0.0, Max:  0.0, Diff:  0.0, Sum:  0.0, Workers: 4
[1322.018s][debug][gc,phases      ] GC(42)     Dead                           Min: 0, Avg:  0.0, Max: 0, Diff: 0, Sum: 0, Workers: 4
[1322.018s][debug][gc,phases      ] GC(42)     Total                          Min: 0, Avg:  0.8, Max: 3, Diff: 3, Sum: 3, Workers: 4
[1322.018s][debug][gc,phases      ] GC(42)   JVMTI Tag Weak OopStorage      Min:  0.0, Avg:  0.0, Max:  0.0, Diff:  0.0, Sum:  0.0, Workers: 4
[1322.018s][debug][gc,phases      ] GC(42)     Dead                           Min: 0, Avg:  0.0, Max: 0, Diff: 0, Sum: 0, Workers: 4
[1322.018s][debug][gc,phases      ] GC(42)     Total                          Min: 0, Avg:  0.0, Max: 0, Diff: 0, Sum: 0, Workers: 4
[1322.018s][debug][gc,phases      ] GC(42)   StringTable Weak               Min:  0.0, Avg:  0.1, Max:  0.1, Diff:  0.1, Sum:  0.4, Workers: 4
[1322.018s][debug][gc,phases      ] GC(42)     Dead                           Min: 0, Avg:  0.2, Max: 1, Diff: 1, Sum: 1, Workers: 4
[1322.018s][debug][gc,phases      ] GC(42)     Total                          Min: 0, Avg: 11510.8, Max: 19547, Diff: 19547, Sum: 46043, Workers: 4
[1322.018s][debug][gc,phases      ] GC(42)   ResolvedMethodTable Weak       Min:  0.0, Avg:  0.0, Max:  0.0, Diff:  0.0, Sum:  0.1, Workers: 4
[1322.018s][debug][gc,phases      ] GC(42)     Dead                           Min: 0, Avg:  4.2, Max: 16, Diff: 16, Sum: 17, Workers: 4
[1322.018s][debug][gc,phases      ] GC(42)     Total                          Min: 0, Avg: 3692.0, Max: 6379, Diff: 6379, Sum: 14768, Workers: 4
[1322.018s][debug][gc,phases      ] GC(42)   JNI Weak                       Min:  0.0, Avg:  0.0, Max:  0.0, Diff:  0.0, Sum:  0.0, Workers: 4
[1322.018s][debug][gc,phases      ] GC(42)     Dead                           Min: 0, Avg:  0.0, Max: 0, Diff: 0, Sum: 0, Workers: 4
[1322.018s][debug][gc,phases      ] GC(42)     Total                          Min: 0, Avg: 13.0, Max: 52, Diff: 52, Sum: 52, Workers: 4
[1322.018s][debug][gc,phases      ] GC(42)   StringDedup Table Weak         Min:  0.0, Avg:  0.0, Max:  0.0, Diff:  0.0, Sum:  0.0, Workers: 4
[1322.018s][debug][gc,phases      ] GC(42)     Dead                           Min: 0, Avg:  0.0, Max: 0, Diff: 0, Sum: 0, Workers: 4
[1322.018s][debug][gc,phases      ] GC(42)     Total                          Min: 0, Avg:  0.0, Max: 0, Diff: 0, Sum: 0, Workers: 4
[1322.018s][debug][gc,phases      ] GC(42)   StringDedup Requests0 Weak     Min:  0.0, Avg:  0.0, Max:  0.0, Diff:  0.0, Sum:  0.0, Workers: 4
[1322.018s][debug][gc,phases      ] GC(42)     Dead                           Min: 0, Avg:  0.0, Max: 0, Diff: 0, Sum: 0, Workers: 4
[1322.018s][debug][gc,phases      ] GC(42)     Total                          Min: 0, Avg:  0.0, Max: 0, Diff: 0, Sum: 0, Workers: 4
[1322.018s][debug][gc,phases      ] GC(42)   StringDedup Requests1 Weak     Min:  0.0, Avg:  0.0, Max:  0.0, Diff:  0.0, Sum:  0.0, Workers: 4
[1322.018s][debug][gc,phases      ] GC(42)     Dead                           Min: 0, Avg:  0.0, Max: 0, Diff: 0, Sum: 0, Workers: 4
[1322.018s][debug][gc,phases      ] GC(42)     Total                          Min: 0, Avg:  0.0, Max: 0, Diff: 0, Sum: 0, Workers: 4
[1322.018s][debug][gc,phases      ] GC(42)   Weak JFR Old Object Samples    Min:  0.0, Avg:  0.0, Max:  0.0, Diff:  0.0, Sum:  0.0, Workers: 4
[1322.018s][debug][gc,phases      ] GC(42)     Dead                           Min: 0, Avg:  0.0, Max: 0, Diff: 0, Sum: 0, Workers: 4
[1322.018s][debug][gc,phases      ] GC(42)     Total                          Min: 0, Avg:  0.0, Max: 0, Diff: 0, Sum: 0, Workers: 4
[1322.018s][debug][gc,phases      ] GC(42) Weak Processing 0.362ms
[1322.018s][debug][gc,age         ] GC(42) Desired survivor size 55050240 bytes, new threshold 1 (max threshold 15)
[1322.018s][info ][gc,heap        ] GC(42) PSYoungGen: 1970944K(2031104K)->1696K(2043392K) Eden: 1969152K(1969152K)->0K(1985536K) From: 1792K(61952K)->1696K(57856K)
[1322.018s][info ][gc,heap        ] GC(42) ParOldGen: 264185K(264192K)->264969K(265216K)
[1322.018s][info ][gc,metaspace   ] GC(42) Metaspace: 104822K(105984K)->104822K(105984K) NonClass: 88950K(89600K)->88950K(89600K) Class: 15872K(16384K)->15872K(16384K)
[1322.018s][info ][gc             ] GC(42) Pause Young (Allocation Failure) 2182M->260M(2254M) 2.381ms
[1322.018s][info ][gc,cpu         ] GC(42) User=0.01s Sys=0.00s Real=0.00s
[1322.018s][info ][safepoint      ] Safepoint "ParallelGCFailedAllocation", Time since last: 3729260580 ns, Reaching safepoint: 80001 ns, Cleanup: 3700 ns, At safepoint: 2441721 ns, Total: 2525422 ns
[1330.019s][info ][safepoint      ] Safepoint "Cleanup", Time since last: 8000602092 ns, Reaching safepoint: 76200 ns, Cleanup: 10401 ns, At safepoint: 5000 ns, Total: 91601 ns
[1331.019s][info ][safepoint      ] Safepoint "Cleanup", Time since last: 1000109099 ns, Reaching safepoint: 79600 ns, Cleanup: 7800 ns, At safepoint: 6001 ns, Total: 93401 ns
[1337.020s][info ][safepoint      ] Safepoint "Cleanup", Time since last: 6000499795 ns, Reaching safepoint: 74900 ns, Cleanup: 31901 ns, At safepoint: 7800 ns, Total: 114601 ns
[1338.119s][info ][safepoint      ] Safepoint "Cleanup", Time since last: 1099494064 ns, Reaching safepoint: 82400 ns, Cleanup: 80301 ns, At safepoint: 6700 ns, Total: 169401 ns
[1339.119s][info ][safepoint      ] Safepoint "Cleanup", Time since last: 1000133212 ns, Reaching safepoint: 81301 ns, Cleanup: 9900 ns, At safepoint: 7400 ns, Total: 98601 ns
[1342.120s][info ][safepoint      ] Safepoint "Cleanup", Time since last: 3000282649 ns, Reaching safepoint: 82300 ns, Cleanup: 5900 ns, At safepoint: 6201 ns, Total: 94401 ns
[1346.120s][info ][safepoint      ] Safepoint "Cleanup", Time since last: 4000320364 ns, Reaching safepoint: 78301 ns, Cleanup: 28000 ns, At safepoint: 6700 ns, Total: 113001 ns
[1347.120s][info ][safepoint      ] Safepoint "Cleanup", Time since last: 1000103105 ns, Reaching safepoint: 75301 ns, Cleanup: 40500 ns, At safepoint: 5300 ns, Total: 121101 ns
[1348.121s][info ][safepoint      ] Safepoint "Cleanup", Time since last: 1000095700 ns, Reaching safepoint: 6200 ns, Cleanup: 14200 ns, At safepoint: 2100 ns, Total: 22500 ns
[1349.121s][info ][safepoint      ] Safepoint "Cleanup", Time since last: 1000129201 ns, Reaching safepoint: 5600 ns, Cleanup: 14300 ns, At safepoint: 1800 ns, Total: 21700 ns
[1350.121s][info ][safepoint      ] Safepoint "Cleanup", Time since last: 1000103201 ns, Reaching safepoint: 79700 ns, Cleanup: 9700 ns, At safepoint: 10900 ns, Total: 100300 ns
[1351.121s][info ][safepoint      ] Safepoint "Cleanup", Time since last: 1000113401 ns, Reaching safepoint: 80301 ns, Cleanup: 9900 ns, At safepoint: 7000 ns, Total: 97201 ns
[1352.121s][info ][safepoint      ] Safepoint "Cleanup", Time since last: 1000130100 ns, Reaching safepoint: 5800 ns, Cleanup: 10200 ns, At safepoint: 2500 ns, Total: 18500 ns
[1354.122s][info ][safepoint      ] Safepoint "Cleanup", Time since last: 2000171601 ns, Reaching safepoint: 76101 ns, Cleanup: 11900 ns, At safepoint: 8000 ns, Total: 96001 ns
[1355.122s][info ][safepoint      ] Safepoint "Cleanup", Time since last: 1000103002 ns, Reaching safepoint: 77501 ns, Cleanup: 21000 ns, At safepoint: 5000 ns, Total: 103501 ns
[1356.122s][info ][safepoint      ] Safepoint "Cleanup", Time since last: 1000095704 ns, Reaching safepoint: 6100 ns, Cleanup: 62700 ns, At safepoint: 1900 ns, Total: 70700 ns
[1357.122s][info ][safepoint      ] Safepoint "Cleanup", Time since last: 1000104304 ns, Reaching safepoint: 6000 ns, Cleanup: 20700 ns, At safepoint: 1700 ns, Total: 28400 ns
[1358.122s][info ][safepoint      ] Safepoint "Cleanup", Time since last: 1000097304 ns, Reaching safepoint: 6000 ns, Cleanup: 8400 ns, At safepoint: 2000 ns, Total: 16400 ns
[1359.122s][info ][safepoint      ] Safepoint "Cleanup", Time since last: 1000107204 ns, Reaching safepoint: 6100 ns, Cleanup: 17300 ns, At safepoint: 2400 ns, Total: 25800 ns
[1361.123s][info ][safepoint      ] Safepoint "Cleanup", Time since last: 2000175107 ns, Reaching safepoint: 6200 ns, Cleanup: 9800 ns, At safepoint: 2200 ns, Total: 18200 ns
[1362.123s][info ][safepoint      ] Safepoint "Cleanup", Time since last: 1000113804 ns, Reaching safepoint: 6900 ns, Cleanup: 9600 ns, At safepoint: 3300 ns, Total: 19800 ns
[1363.116s][info ][gc,start       ] GC(43) Pause Young (Allocation Failure)
[1363.123s][debug][gc,phases      ] GC(43) Scavenge 7.570ms
[1363.123s][debug][gc,ref         ] GC(43) ReferenceProcessor::execute queues: 1, RefProcThreadModel::Single, marks_oops_alive: false
[1363.123s][debug][gc,ref         ] GC(43) Skipped KeepAliveFinalRefsPhase of Reference Processing: no references
[1363.123s][debug][gc,ref         ] GC(43) ReferenceProcessor::execute queues: 1, RefProcThreadModel::Single, marks_oops_alive: false
[1363.123s][debug][gc,phases      ] GC(43) Reference Processing 0.104ms
[1363.124s][debug][gc,phases      ] GC(43)   VM Weak                        Min:  0.0, Avg:  0.0, Max:  0.0, Diff:  0.0, Sum:  0.0, Workers: 4
[1363.124s][debug][gc,phases      ] GC(43)     Dead                           Min: 0, Avg:  0.0, Max: 0, Diff: 0, Sum: 0, Workers: 4
[1363.124s][debug][gc,phases      ] GC(43)     Total                          Min: 0, Avg: 230.2, Max: 512, Diff: 512, Sum: 921, Workers: 4
[1363.124s][debug][gc,phases      ] GC(43)   ObjectSynchronizer Weak        Min:  0.0, Avg:  0.0, Max:  0.0, Diff:  0.0, Sum:  0.0, Workers: 4
[1363.124s][debug][gc,phases      ] GC(43)     Dead                           Min: 0, Avg:  0.2, Max: 1, Diff: 1, Sum: 1, Workers: 4
[1363.124s][debug][gc,phases      ] GC(43)     Total                          Min: 0, Avg:  2.0, Max: 8, Diff: 8, Sum: 8, Workers: 4
[1363.124s][debug][gc,phases      ] GC(43)   JVMTI Tag Weak OopStorage      Min:  0.0, Avg:  0.0, Max:  0.0, Diff:  0.0, Sum:  0.0, Workers: 4
[1363.124s][debug][gc,phases      ] GC(43)     Dead                           Min: 0, Avg:  0.0, Max: 0, Diff: 0, Sum: 0, Workers: 4
[1363.124s][debug][gc,phases      ] GC(43)     Total                          Min: 0, Avg:  0.0, Max: 0, Diff: 0, Sum: 0, Workers: 4
[1363.124s][debug][gc,phases      ] GC(43)   StringTable Weak               Min:  0.0, Avg:  0.1, Max:  0.1, Diff:  0.1, Sum:  0.4, Workers: 4
[1363.124s][debug][gc,phases      ] GC(43)     Dead                           Min: 0, Avg:  1.0, Max: 4, Diff: 4, Sum: 4, Workers: 4
[1363.124s][debug][gc,phases      ] GC(43)     Total                          Min: 0, Avg: 11798.0, Max: 20568, Diff: 20568, Sum: 47192, Workers: 4
[1363.124s][debug][gc,phases      ] GC(43)   ResolvedMethodTable Weak       Min:  0.0, Avg:  0.0, Max:  0.0, Diff:  0.0, Sum:  0.1, Workers: 4
[1363.124s][debug][gc,phases      ] GC(43)     Dead                           Min: 0, Avg: 24.0, Max: 47, Diff: 47, Sum: 96, Workers: 4
[1363.124s][debug][gc,phases      ] GC(43)     Total                          Min: 0, Avg: 3735.5, Max: 6368, Diff: 6368, Sum: 14942, Workers: 4
[1363.124s][debug][gc,phases      ] GC(43)   JNI Weak                       Min:  0.0, Avg:  0.0, Max:  0.0, Diff:  0.0, Sum:  0.0, Workers: 4
[1363.124s][debug][gc,phases      ] GC(43)     Dead                           Min: 0, Avg:  0.0, Max: 0, Diff: 0, Sum: 0, Workers: 4
[1363.124s][debug][gc,phases      ] GC(43)     Total                          Min: 0, Avg: 13.0, Max: 52, Diff: 52, Sum: 52, Workers: 4
[1363.124s][debug][gc,phases      ] GC(43)   StringDedup Table Weak         Min:  0.0, Avg:  0.0, Max:  0.0, Diff:  0.0, Sum:  0.0, Workers: 4
[1363.124s][debug][gc,phases      ] GC(43)     Dead                           Min: 0, Avg:  0.0, Max: 0, Diff: 0, Sum: 0, Workers: 4
[1363.124s][debug][gc,phases      ] GC(43)     Total                          Min: 0, Avg:  0.0, Max: 0, Diff: 0, Sum: 0, Workers: 4
[1363.124s][debug][gc,phases      ] GC(43)   StringDedup Requests0 Weak     Min:  0.0, Avg:  0.0, Max:  0.0, Diff:  0.0, Sum:  0.0, Workers: 4
[1363.124s][debug][gc,phases      ] GC(43)     Dead                           Min: 0, Avg:  0.0, Max: 0, Diff: 0, Sum: 0, Workers: 4
[1363.124s][debug][gc,phases      ] GC(43)     Total                          Min: 0, Avg:  0.0, Max: 0, Diff: 0, Sum: 0, Workers: 4
[1363.124s][debug][gc,phases      ] GC(43)   StringDedup Requests1 Weak     Min:  0.0, Avg:  0.0, Max:  0.0, Diff:  0.0, Sum:  0.0, Workers: 4
[1363.124s][debug][gc,phases      ] GC(43)     Dead                           Min: 0, Avg:  0.0, Max: 0, Diff: 0, Sum: 0, Workers: 4
[1363.124s][debug][gc,phases      ] GC(43)     Total                          Min: 0, Avg:  0.0, Max: 0, Diff: 0, Sum: 0, Workers: 4
[1363.124s][debug][gc,phases      ] GC(43)   Weak JFR Old Object Samples    Min:  0.0, Avg:  0.0, Max:  0.0, Diff:  0.0, Sum:  0.0, Workers: 4
[1363.124s][debug][gc,phases      ] GC(43)     Dead                           Min: 0, Avg:  0.0, Max: 0, Diff: 0, Sum: 0, Workers: 4
[1363.124s][debug][gc,phases      ] GC(43)     Total                          Min: 0, Avg:  0.0, Max: 0, Diff: 0, Sum: 0, Workers: 4
[1363.124s][debug][gc,phases      ] GC(43) Weak Processing 0.359ms
[1363.124s][debug][gc,age         ] GC(43) Desired survivor size 53477376 bytes, new threshold 1 (max threshold 15)
[1363.124s][info ][gc,heap        ] GC(43) PSYoungGen: 1987232K(2043392K)->15497K(2039296K) Eden: 1985536K(1985536K)->0K(1985536K) From: 1696K(57856K)->15497K(53760K)
[1363.124s][info ][gc,heap        ] GC(43) ParOldGen: 264969K(265216K)->265529K(265728K)
[1363.124s][info ][gc,metaspace   ] GC(43) Metaspace: 108346K(109632K)->108346K(109632K) NonClass: 92046K(92736K)->92046K(92736K) Class: 16300K(16896K)->16300K(16896K)
[1363.124s][info ][gc             ] GC(43) Pause Young (Allocation Failure) 2199M->274M(2251M) 8.150ms
[1363.124s][info ][gc,cpu         ] GC(43) User=0.03s Sys=0.00s Real=0.01s
[1363.124s][info ][safepoint      ] Safepoint "ParallelGCFailedAllocation", Time since last: 992823035 ns, Reaching safepoint: 85101 ns, Cleanup: 3900 ns, At safepoint: 8213571 ns, Total: 8302572 ns
[1364.124s][info ][safepoint      ] Safepoint "Cleanup", Time since last: 1000097696 ns, Reaching safepoint: 7500 ns, Cleanup: 11600 ns, At safepoint: 2000 ns, Total: 21100 ns
[1365.124s][info ][safepoint      ] Safepoint "Cleanup", Time since last: 1000109996 ns, Reaching safepoint: 6601 ns, Cleanup: 44500 ns, At safepoint: 2500 ns, Total: 53601 ns
[1366.124s][info ][safepoint      ] Safepoint "Cleanup", Time since last: 1000119496 ns, Reaching safepoint: 6500 ns, Cleanup: 8800 ns, At safepoint: 2300 ns, Total: 17600 ns
[1367.124s][info ][safepoint      ] Safepoint "Cleanup", Time since last: 1000114796 ns, Reaching safepoint: 6400 ns, Cleanup: 10600 ns, At safepoint: 2000 ns, Total: 19000 ns
[1368.124s][info ][safepoint      ] Safepoint "Cleanup", Time since last: 1000110796 ns, Reaching safepoint: 6100 ns, Cleanup: 9601 ns, At safepoint: 2200 ns, Total: 17901 ns
[1369.914s][info ][safepoint      ] Safepoint "Cleanup", Time since last: 1789348458 ns, Reaching safepoint: 5000 ns, Cleanup: 109301 ns, At safepoint: 2200 ns, Total: 116501 ns
[1370.914s][info ][safepoint      ] Safepoint "Cleanup", Time since last: 1000094095 ns, Reaching safepoint: 6100 ns, Cleanup: 34801 ns, At safepoint: 2200 ns, Total: 43101 ns
[1371.914s][info ][safepoint      ] Safepoint "Cleanup", Time since last: 1000104894 ns, Reaching safepoint: 6600 ns, Cleanup: 7500 ns, At safepoint: 2300 ns, Total: 16400 ns
[1372.914s][info ][safepoint      ] Safepoint "Cleanup", Time since last: 1000098695 ns, Reaching safepoint: 5800 ns, Cleanup: 10400 ns, At safepoint: 2300 ns, Total: 18500 ns
[1373.914s][info ][safepoint      ] Safepoint "Cleanup", Time since last: 1000106595 ns, Reaching safepoint: 6600 ns, Cleanup: 12000 ns, At safepoint: 2100 ns, Total: 20700 ns
[1374.915s][info ][safepoint      ] Safepoint "Cleanup", Time since last: 1000119994 ns, Reaching safepoint: 5600 ns, Cleanup: 37301 ns, At safepoint: 8800 ns, Total: 51701 ns
[1375.915s][info ][safepoint      ] Safepoint "Cleanup", Time since last: 1000117594 ns, Reaching safepoint: 78001 ns, Cleanup: 9400 ns, At safepoint: 5200 ns, Total: 92601 ns
[1376.915s][info ][safepoint      ] Safepoint "Cleanup", Time since last: 1000108595 ns, Reaching safepoint: 77501 ns, Cleanup: 15500 ns, At safepoint: 5600 ns, Total: 98601 ns
[1377.915s][info ][safepoint      ] Safepoint "Cleanup", Time since last: 1000099294 ns, Reaching safepoint: 80201 ns, Cleanup: 7400 ns, At safepoint: 7100 ns, Total: 94701 ns
[1378.915s][info ][safepoint      ] Safepoint "Cleanup", Time since last: 1000103596 ns, Reaching safepoint: 76900 ns, Cleanup: 6401 ns, At safepoint: 5000 ns, Total: 88301 ns
[1379.916s][info ][safepoint      ] Safepoint "Cleanup", Time since last: 1000106697 ns, Reaching safepoint: 79600 ns, Cleanup: 43701 ns, At safepoint: 6400 ns, Total: 129701 ns
[1381.447s][info ][safepoint      ] Safepoint "Cleanup", Time since last: 1530912813 ns, Reaching safepoint: 6300 ns, Cleanup: 29700 ns, At safepoint: 2400 ns, Total: 38400 ns
[1382.447s][info ][safepoint      ] Safepoint "Cleanup", Time since last: 1000100997 ns, Reaching safepoint: 6500 ns, Cleanup: 42501 ns, At safepoint: 2400 ns, Total: 51401 ns
[1383.447s][info ][safepoint      ] Safepoint "Cleanup", Time since last: 1000102597 ns, Reaching safepoint: 6300 ns, Cleanup: 25800 ns, At safepoint: 1800 ns, Total: 33900 ns
[1384.447s][info ][safepoint      ] Safepoint "Cleanup", Time since last: 1000097897 ns, Reaching safepoint: 5500 ns, Cleanup: 11801 ns, At safepoint: 2000 ns, Total: 19301 ns
[1385.447s][info ][safepoint      ] Safepoint "Cleanup", Time since last: 1000106597 ns, Reaching safepoint: 8300 ns, Cleanup: 10400 ns, At safepoint: 2400 ns, Total: 21100 ns
[1386.447s][info ][safepoint      ] Safepoint "Cleanup", Time since last: 1000113397 ns, Reaching safepoint: 7900 ns, Cleanup: 8200 ns, At safepoint: 2700 ns, Total: 18800 ns
[1388.447s][info ][safepoint      ] Safepoint "Cleanup", Time since last: 2000199295 ns, Reaching safepoint: 7600 ns, Cleanup: 18000 ns, At safepoint: 1900 ns, Total: 27500 ns
[1389.448s][info ][safepoint      ] Safepoint "Cleanup", Time since last: 1000098997 ns, Reaching safepoint: 5800 ns, Cleanup: 16900 ns, At safepoint: 2000 ns, Total: 24700 ns
[1390.448s][info ][safepoint      ] Safepoint "Cleanup", Time since last: 1000113098 ns, Reaching safepoint: 7900 ns, Cleanup: 16400 ns, At safepoint: 2200 ns, Total: 26500 ns
[1391.448s][info ][safepoint      ] Safepoint "Cleanup", Time since last: 1000116097 ns, Reaching safepoint: 7600 ns, Cleanup: 10000 ns, At safepoint: 2400 ns, Total: 20000 ns
[1392.448s][info ][safepoint      ] Safepoint "Cleanup", Time since last: 1000171298 ns, Reaching safepoint: 93001 ns, Cleanup: 12600 ns, At safepoint: 20600 ns, Total: 126201 ns
[1392.568s][info ][gc,start       ] GC(44) Pause Young (Allocation Failure)
[1392.588s][debug][gc,phases      ] GC(44) Scavenge 19.779ms
[1392.588s][debug][gc,ref         ] GC(44) ReferenceProcessor::execute queues: 1, RefProcThreadModel::Single, marks_oops_alive: false
[1392.588s][debug][gc,ref         ] GC(44) Skipped KeepAliveFinalRefsPhase of Reference Processing: no references
[1392.588s][debug][gc,ref         ] GC(44) ReferenceProcessor::execute queues: 1, RefProcThreadModel::Single, marks_oops_alive: false
[1392.588s][debug][gc,phases      ] GC(44) Reference Processing 0.105ms
[1392.588s][debug][gc,phases      ] GC(44)   VM Weak                        Min:  0.0, Avg:  0.0, Max:  0.0, Diff:  0.0, Sum:  0.0, Workers: 4
[1392.588s][debug][gc,phases      ] GC(44)     Dead                           Min: 0, Avg:  0.0, Max: 0, Diff: 0, Sum: 0, Workers: 4
[1392.588s][debug][gc,phases      ] GC(44)     Total                          Min: 0, Avg: 231.2, Max: 512, Diff: 512, Sum: 925, Workers: 4
[1392.588s][debug][gc,phases      ] GC(44)   ObjectSynchronizer Weak        Min:  0.0, Avg:  0.0, Max:  0.0, Diff:  0.0, Sum:  0.0, Workers: 4
[1392.589s][debug][gc,phases      ] GC(44)     Dead                           Min: 0, Avg:  0.0, Max: 0, Diff: 0, Sum: 0, Workers: 4
[1392.589s][debug][gc,phases      ] GC(44)     Total                          Min: 0, Avg:  1.5, Max: 6, Diff: 6, Sum: 6, Workers: 4
[1392.589s][debug][gc,phases      ] GC(44)   JVMTI Tag Weak OopStorage      Min:  0.0, Avg:  0.0, Max:  0.0, Diff:  0.0, Sum:  0.0, Workers: 4
[1392.589s][debug][gc,phases      ] GC(44)     Dead                           Min: 0, Avg:  0.0, Max: 0, Diff: 0, Sum: 0, Workers: 4
[1392.589s][debug][gc,phases      ] GC(44)     Total                          Min: 0, Avg:  0.0, Max: 0, Diff: 0, Sum: 0, Workers: 4
[1392.589s][debug][gc,phases      ] GC(44)   StringTable Weak               Min:  0.0, Avg:  0.1, Max:  0.1, Diff:  0.1, Sum:  0.4, Workers: 4
[1392.589s][debug][gc,phases      ] GC(44)     Dead                           Min: 0, Avg:  0.5, Max: 2, Diff: 2, Sum: 2, Workers: 4
[1392.589s][debug][gc,phases      ] GC(44)     Total                          Min: 0, Avg: 11809.5, Max: 19974, Diff: 19974, Sum: 47238, Workers: 4
[1392.589s][debug][gc,phases      ] GC(44)   ResolvedMethodTable Weak       Min:  0.0, Avg:  0.0, Max:  0.1, Diff:  0.1, Sum:  0.2, Workers: 4
[1392.589s][debug][gc,phases      ] GC(44)     Dead                           Min: 0, Avg:  5.5, Max: 18, Diff: 18, Sum: 22, Workers: 4
[1392.589s][debug][gc,phases      ] GC(44)     Total                          Min: 0, Avg: 3744.8, Max: 5597, Diff: 5597, Sum: 14979, Workers: 4
[1392.589s][debug][gc,phases      ] GC(44)   JNI Weak                       Min:  0.0, Avg:  0.0, Max:  0.0, Diff:  0.0, Sum:  0.0, Workers: 4
[1392.589s][debug][gc,phases      ] GC(44)     Dead                           Min: 0, Avg:  0.0, Max: 0, Diff: 0, Sum: 0, Workers: 4
[1392.589s][debug][gc,phases      ] GC(44)     Total                          Min: 0, Avg: 13.0, Max: 52, Diff: 52, Sum: 52, Workers: 4
[1392.589s][debug][gc,phases      ] GC(44)   StringDedup Table Weak         Min:  0.0, Avg:  0.0, Max:  0.0, Diff:  0.0, Sum:  0.0, Workers: 4
[1392.589s][debug][gc,phases      ] GC(44)     Dead                           Min: 0, Avg:  0.0, Max: 0, Diff: 0, Sum: 0, Workers: 4
[1392.589s][debug][gc,phases      ] GC(44)     Total                          Min: 0, Avg:  0.0, Max: 0, Diff: 0, Sum: 0, Workers: 4
[1392.589s][debug][gc,phases      ] GC(44)   StringDedup Requests0 Weak     Min:  0.0, Avg:  0.0, Max:  0.0, Diff:  0.0, Sum:  0.0, Workers: 4
[1392.589s][debug][gc,phases      ] GC(44)     Dead                           Min: 0, Avg:  0.0, Max: 0, Diff: 0, Sum: 0, Workers: 4
[1392.589s][debug][gc,phases      ] GC(44)     Total                          Min: 0, Avg:  0.0, Max: 0, Diff: 0, Sum: 0, Workers: 4
[1392.589s][debug][gc,phases      ] GC(44)   StringDedup Requests1 Weak     Min:  0.0, Avg:  0.0, Max:  0.0, Diff:  0.0, Sum:  0.0, Workers: 4
[1392.589s][debug][gc,phases      ] GC(44)     Dead                           Min: 0, Avg:  0.0, Max: 0, Diff: 0, Sum: 0, Workers: 4
[1392.589s][debug][gc,phases      ] GC(44)     Total                          Min: 0, Avg:  0.0, Max: 0, Diff: 0, Sum: 0, Workers: 4
[1392.589s][debug][gc,phases      ] GC(44)   Weak JFR Old Object Samples    Min:  0.0, Avg:  0.0, Max:  0.0, Diff:  0.0, Sum:  0.0, Workers: 4
[1392.589s][debug][gc,phases      ] GC(44)     Dead                           Min: 0, Avg:  0.0, Max: 0, Diff: 0, Sum: 0, Workers: 4
[1392.589s][debug][gc,phases      ] GC(44)     Total                          Min: 0, Avg:  0.0, Max: 0, Diff: 0, Sum: 0, Workers: 4
[1392.589s][debug][gc,phases      ] GC(44) Weak Processing 0.365ms
[1392.589s][debug][gc,age         ] GC(44) Desired survivor size 61865984 bytes, new threshold 1 (max threshold 15)
[1392.589s][info ][gc,heap        ] GC(44) PSYoungGen: 2001033K(2039296K)->42419K(2028544K) Eden: 1985536K(1985536K)->0K(1976320K) From: 15497K(53760K)->42419K(52224K)
[1392.589s][info ][gc,heap        ] GC(44) ParOldGen: 265529K(265728K)->278755K(279040K)
[1392.589s][info ][gc,metaspace   ] GC(44) Metaspace: 108593K(109888K)->108593K(109888K) NonClass: 92277K(92992K)->92277K(92992K) Class: 16316K(16896K)->16316K(16896K)
[1392.589s][info ][gc             ] GC(44) Pause Young (Allocation Failure) 2213M->313M(2253M) 20.356ms
[1392.589s][info ][gc,cpu         ] GC(44) User=0.07s Sys=0.01s Real=0.02s
[1392.589s][info ][safepoint      ] Safepoint "ParallelGCFailedAllocation", Time since last: 119982644 ns, Reaching safepoint: 83000 ns, Cleanup: 21801 ns, At safepoint: 20455977 ns, Total: 20560778 ns
[1393.589s][info ][safepoint      ] Safepoint "Cleanup", Time since last: 1000098498 ns, Reaching safepoint: 5700 ns, Cleanup: 24200 ns, At safepoint: 2300 ns, Total: 32200 ns
[1394.589s][info ][safepoint      ] Safepoint "Cleanup", Time since last: 1000097597 ns, Reaching safepoint: 6000 ns, Cleanup: 7600 ns, At safepoint: 1600 ns, Total: 15200 ns
[1395.589s][info ][safepoint      ] Safepoint "Cleanup", Time since last: 1000100194 ns, Reaching safepoint: 7000 ns, Cleanup: 8800 ns, At safepoint: 2100 ns, Total: 17900 ns
[1396.589s][info ][safepoint      ] Safepoint "Cleanup", Time since last: 1000112495 ns, Reaching safepoint: 7000 ns, Cleanup: 18300 ns, At safepoint: 3000 ns, Total: 28300 ns
[1397.589s][info ][safepoint      ] Safepoint "Cleanup", Time since last: 1000102795 ns, Reaching safepoint: 6300 ns, Cleanup: 26900 ns, At safepoint: 1600 ns, Total: 34800 ns
[1399.590s][info ][safepoint      ] Safepoint "Cleanup", Time since last: 2000169588 ns, Reaching safepoint: 7100 ns, Cleanup: 10800 ns, At safepoint: 2000 ns, Total: 19900 ns
[1400.590s][info ][safepoint      ] Safepoint "Cleanup", Time since last: 1000097095 ns, Reaching safepoint: 5600 ns, Cleanup: 14200 ns, At safepoint: 2200 ns, Total: 22000 ns
[1401.590s][info ][safepoint      ] Safepoint "Cleanup", Time since last: 1000103194 ns, Reaching safepoint: 7301 ns, Cleanup: 8700 ns, At safepoint: 2100 ns, Total: 18101 ns
[1402.590s][info ][safepoint      ] Safepoint "Cleanup", Time since last: 1000119194 ns, Reaching safepoint: 6200 ns, Cleanup: 7800 ns, At safepoint: 2100 ns, Total: 16100 ns
[1403.590s][info ][safepoint      ] Safepoint "Cleanup", Time since last: 1000103793 ns, Reaching safepoint: 7400 ns, Cleanup: 9700 ns, At safepoint: 2500 ns, Total: 19600 ns
[1404.590s][info ][safepoint      ] Safepoint "Cleanup", Time since last: 1000121893 ns, Reaching safepoint: 7100 ns, Cleanup: 8300 ns, At safepoint: 1800 ns, Total: 17200 ns
[1405.590s][info ][safepoint      ] Safepoint "Cleanup", Time since last: 1000109593 ns, Reaching safepoint: 7300 ns, Cleanup: 20300 ns, At safepoint: 2300 ns, Total: 29900 ns
[1406.590s][info ][safepoint      ] Safepoint "Cleanup", Time since last: 1000114393 ns, Reaching safepoint: 7100 ns, Cleanup: 11700 ns, At safepoint: 2300 ns, Total: 21100 ns
[1407.591s][info ][safepoint      ] Safepoint "Cleanup", Time since last: 1000116393 ns, Reaching safepoint: 5900 ns, Cleanup: 9400 ns, At safepoint: 2000 ns, Total: 17300 ns
[1408.591s][info ][safepoint      ] Safepoint "Cleanup", Time since last: 1000124293 ns, Reaching safepoint: 6400 ns, Cleanup: 7400 ns, At safepoint: 16500 ns, Total: 30300 ns
[1409.591s][info ][safepoint      ] Safepoint "Cleanup", Time since last: 1000098592 ns, Reaching safepoint: 6700 ns, Cleanup: 13301 ns, At safepoint: 2600 ns, Total: 22601 ns
[1410.591s][info ][safepoint      ] Safepoint "Cleanup", Time since last: 1000108989 ns, Reaching safepoint: 6800 ns, Cleanup: 9100 ns, At safepoint: 2000 ns, Total: 17900 ns
[1414.591s][info ][safepoint      ] Safepoint "Cleanup", Time since last: 4000338058 ns, Reaching safepoint: 8100 ns, Cleanup: 22900 ns, At safepoint: 3001 ns, Total: 34001 ns
[1416.592s][info ][safepoint      ] Safepoint "Cleanup", Time since last: 2000172229 ns, Reaching safepoint: 6000 ns, Cleanup: 15500 ns, At safepoint: 1900 ns, Total: 23400 ns
[1417.592s][info ][safepoint      ] Safepoint "Cleanup", Time since last: 1000100164 ns, Reaching safepoint: 6201 ns, Cleanup: 14900 ns, At safepoint: 1800 ns, Total: 22901 ns
[1419.592s][info ][safepoint      ] Safepoint "Cleanup", Time since last: 2000193343 ns, Reaching safepoint: 80701 ns, Cleanup: 13800 ns, At safepoint: 11900 ns, Total: 106401 ns
[1420.592s][info ][safepoint      ] Safepoint "Cleanup", Time since last: 1000104077 ns, Reaching safepoint: 7300 ns, Cleanup: 11800 ns, At safepoint: 2800 ns, Total: 21900 ns
[1421.592s][info ][safepoint      ] Safepoint "Cleanup", Time since last: 1000105578 ns, Reaching safepoint: 7100 ns, Cleanup: 14500 ns, At safepoint: 2800 ns, Total: 24400 ns
[1422.592s][info ][safepoint      ] Safepoint "Cleanup", Time since last: 1000107277 ns, Reaching safepoint: 6700 ns, Cleanup: 9700 ns, At safepoint: 1900 ns, Total: 18300 ns
[1424.593s][info ][safepoint      ] Safepoint "Cleanup", Time since last: 2000184855 ns, Reaching safepoint: 6200 ns, Cleanup: 9100 ns, At safepoint: 2300 ns, Total: 17600 ns
[1425.593s][info ][safepoint      ] Safepoint "Cleanup", Time since last: 1000097277 ns, Reaching safepoint: 6300 ns, Cleanup: 7001 ns, At safepoint: 1900 ns, Total: 15201 ns
[1426.593s][info ][safepoint      ] Safepoint "Cleanup", Time since last: 1000116975 ns, Reaching safepoint: 6300 ns, Cleanup: 32300 ns, At safepoint: 2200 ns, Total: 40800 ns
[1428.593s][info ][safepoint      ] Safepoint "Cleanup", Time since last: 2000172214 ns, Reaching safepoint: 6400 ns, Cleanup: 13301 ns, At safepoint: 2100 ns, Total: 21801 ns
[1431.593s][info ][safepoint      ] Safepoint "Cleanup", Time since last: 3000234170 ns, Reaching safepoint: 5901 ns, Cleanup: 12300 ns, At safepoint: 1800 ns, Total: 20001 ns
[1431.817s][info ][gc,start       ] GC(45) Pause Young (Allocation Failure)
[1431.846s][debug][gc,phases      ] GC(45) Scavenge 29.155ms
[1431.846s][debug][gc,ref         ] GC(45) ReferenceProcessor::execute queues: 1, RefProcThreadModel::Single, marks_oops_alive: false
[1431.846s][debug][gc,ref         ] GC(45) Skipped KeepAliveFinalRefsPhase of Reference Processing: no references
[1431.846s][debug][gc,ref         ] GC(45) ReferenceProcessor::execute queues: 1, RefProcThreadModel::Single, marks_oops_alive: false
[1431.846s][debug][gc,phases      ] GC(45) Reference Processing 0.110ms
[1431.846s][debug][gc,phases      ] GC(45)   VM Weak                        Min:  0.0, Avg:  0.0, Max:  0.0, Diff:  0.0, Sum:  0.0, Workers: 4
[1431.847s][debug][gc,phases      ] GC(45)     Dead                           Min: 0, Avg:  0.0, Max: 0, Diff: 0, Sum: 0, Workers: 4
[1431.847s][debug][gc,phases      ] GC(45)     Total                          Min: 0, Avg: 234.5, Max: 618, Diff: 618, Sum: 938, Workers: 4
[1431.847s][debug][gc,phases      ] GC(45)   ObjectSynchronizer Weak        Min:  0.0, Avg:  0.0, Max:  0.0, Diff:  0.0, Sum:  0.0, Workers: 4
[1431.847s][debug][gc,phases      ] GC(45)     Dead                           Min: 0, Avg:  0.0, Max: 0, Diff: 0, Sum: 0, Workers: 4
[1431.847s][debug][gc,phases      ] GC(45)     Total                          Min: 0, Avg:  1.5, Max: 6, Diff: 6, Sum: 6, Workers: 4
[1431.847s][debug][gc,phases      ] GC(45)   JVMTI Tag Weak OopStorage      Min:  0.0, Avg:  0.0, Max:  0.0, Diff:  0.0, Sum:  0.0, Workers: 4
[1431.847s][debug][gc,phases      ] GC(45)     Dead                           Min: 0, Avg:  0.0, Max: 0, Diff: 0, Sum: 0, Workers: 4
[1431.847s][debug][gc,phases      ] GC(45)     Total                          Min: 0, Avg:  0.0, Max: 0, Diff: 0, Sum: 0, Workers: 4
[1431.847s][debug][gc,phases      ] GC(45)   StringTable Weak               Min:  0.0, Avg:  0.1, Max:  0.2, Diff:  0.2, Sum:  0.5, Workers: 4
[1431.847s][debug][gc,phases      ] GC(45)     Dead                           Min: 0, Avg:  0.2, Max: 1, Diff: 1, Sum: 1, Workers: 4
[1431.847s][debug][gc,phases      ] GC(45)     Total                          Min: 0, Avg: 11826.2, Max: 16073, Diff: 16073, Sum: 47305, Workers: 4
[1431.847s][debug][gc,phases      ] GC(45)   ResolvedMethodTable Weak       Min:  0.0, Avg:  0.0, Max:  0.1, Diff:  0.1, Sum:  0.2, Workers: 4
[1431.847s][debug][gc,phases      ] GC(45)     Dead                           Min: 0, Avg:  9.5, Max: 18, Diff: 18, Sum: 38, Workers: 4
[1431.847s][debug][gc,phases      ] GC(45)     Total                          Min: 0, Avg: 3769.5, Max: 5169, Diff: 5169, Sum: 15078, Workers: 4
[1431.847s][debug][gc,phases      ] GC(45)   JNI Weak                       Min:  0.0, Avg:  0.0, Max:  0.0, Diff:  0.0, Sum:  0.0, Workers: 4
[1431.847s][debug][gc,phases      ] GC(45)     Dead                           Min: 0, Avg:  0.0, Max: 0, Diff: 0, Sum: 0, Workers: 4
[1431.847s][debug][gc,phases      ] GC(45)     Total                          Min: 0, Avg: 13.0, Max: 52, Diff: 52, Sum: 52, Workers: 4
[1431.847s][debug][gc,phases      ] GC(45)   StringDedup Table Weak         Min:  0.0, Avg:  0.0, Max:  0.0, Diff:  0.0, Sum:  0.0, Workers: 4
[1431.847s][debug][gc,phases      ] GC(45)     Dead                           Min: 0, Avg:  0.0, Max: 0, Diff: 0, Sum: 0, Workers: 4
[1431.847s][debug][gc,phases      ] GC(45)     Total                          Min: 0, Avg:  0.0, Max: 0, Diff: 0, Sum: 0, Workers: 4
[1431.847s][debug][gc,phases      ] GC(45)   StringDedup Requests0 Weak     Min:  0.0, Avg:  0.0, Max:  0.0, Diff:  0.0, Sum:  0.0, Workers: 4
[1431.847s][debug][gc,phases      ] GC(45)     Dead                           Min: 0, Avg:  0.0, Max: 0, Diff: 0, Sum: 0, Workers: 4
[1431.847s][debug][gc,phases      ] GC(45)     Total                          Min: 0, Avg:  0.0, Max: 0, Diff: 0, Sum: 0, Workers: 4
[1431.847s][debug][gc,phases      ] GC(45)   StringDedup Requests1 Weak     Min:  0.0, Avg:  0.0, Max:  0.0, Diff:  0.0, Sum:  0.0, Workers: 4
[1431.847s][debug][gc,phases      ] GC(45)     Dead                           Min: 0, Avg:  0.0, Max: 0, Diff: 0, Sum: 0, Workers: 4
[1431.847s][debug][gc,phases      ] GC(45)     Total                          Min: 0, Avg:  0.0, Max: 0, Diff: 0, Sum: 0, Workers: 4
[1431.847s][debug][gc,phases      ] GC(45)   Weak JFR Old Object Samples    Min:  0.0, Avg:  0.0, Max:  0.0, Diff:  0.0, Sum:  0.0, Workers: 4
[1431.847s][debug][gc,phases      ] GC(45)     Dead                           Min: 0, Avg:  0.0, Max: 0, Diff: 0, Sum: 0, Workers: 4
[1431.847s][debug][gc,phases      ] GC(45)     Total                          Min: 0, Avg:  0.0, Max: 0, Diff: 0, Sum: 0, Workers: 4
[1431.847s][debug][gc,phases      ] GC(45) Weak Processing 0.449ms
[1431.847s][debug][gc,age         ] GC(45) Desired survivor size 68157440 bytes, new threshold 1 (max threshold 15)
[1431.847s][info ][gc,heap        ] GC(45) PSYoungGen: 2018739K(2028544K)->41111K(2017792K) Eden: 1976320K(1976320K)->0K(1976320K) From: 42419K(52224K)->41111K(41472K)
[1431.847s][info ][gc,heap        ] GC(45) ParOldGen: 278755K(279040K)->319689K(320000K)
[1431.847s][info ][gc,metaspace   ] GC(45) Metaspace: 108791K(110016K)->108791K(110016K) NonClass: 92440K(93120K)->92440K(93120K) Class: 16351K(16896K)->16351K(16896K)
[1431.847s][info ][gc             ] GC(45) Pause Young (Allocation Failure) 2243M->352M(2283M) 29.863ms
[1431.847s][info ][gc,cpu         ] GC(45) User=0.09s Sys=0.03s Real=0.03s
[1431.847s][info ][safepoint      ] Safepoint "ParallelGCFailedAllocation", Time since last: 223568435 ns, Reaching safepoint: 5800 ns, Cleanup: 2500 ns, At safepoint: 29942159 ns, Total: 29950459 ns
[1433.847s][info ][safepoint      ] Safepoint "Cleanup", Time since last: 2000172614 ns, Reaching safepoint: 8500 ns, Cleanup: 10800 ns, At safepoint: 2800 ns, Total: 22100 ns
[1435.847s][info ][safepoint      ] Safepoint "Cleanup", Time since last: 2000196558 ns, Reaching safepoint: 6800 ns, Cleanup: 7900 ns, At safepoint: 2200 ns, Total: 16900 ns
[1436.847s][info ][safepoint      ] Safepoint "Cleanup", Time since last: 1000112015 ns, Reaching safepoint: 5800 ns, Cleanup: 12500 ns, At safepoint: 2100 ns, Total: 20400 ns
[1438.848s][info ][safepoint      ] Safepoint "Cleanup", Time since last: 2000192729 ns, Reaching safepoint: 6000 ns, Cleanup: 7201 ns, At safepoint: 2200 ns, Total: 15401 ns
[1440.464s][info ][safepoint      ] Safepoint "Cleanup", Time since last: 1616480724 ns, Reaching safepoint: 5100 ns, Cleanup: 11000 ns, At safepoint: 6300 ns, Total: 22400 ns
[1442.464s][info ][safepoint      ] Safepoint "Cleanup", Time since last: 2000217030 ns, Reaching safepoint: 6600 ns, Cleanup: 12400 ns, At safepoint: 2600 ns, Total: 21600 ns
[1443.464s][info ][safepoint      ] Safepoint "Cleanup", Time since last: 1000101962 ns, Reaching safepoint: 5700 ns, Cleanup: 18100 ns, At safepoint: 1900 ns, Total: 25700 ns
[1444.465s][info ][safepoint      ] Safepoint "Cleanup", Time since last: 1000109764 ns, Reaching safepoint: 84301 ns, Cleanup: 15800 ns, At safepoint: 7100 ns, Total: 107201 ns
[1445.465s][info ][safepoint      ] Safepoint "Cleanup", Time since last: 1000077964 ns, Reaching safepoint: 76900 ns, Cleanup: 9001 ns, At safepoint: 4800 ns, Total: 90701 ns
[1446.465s][info ][safepoint      ] Safepoint "Cleanup", Time since last: 1000118664 ns, Reaching safepoint: 83001 ns, Cleanup: 18400 ns, At safepoint: 7700 ns, Total: 109101 ns
[1447.465s][info ][safepoint      ] Safepoint "Cleanup", Time since last: 1000134364 ns, Reaching safepoint: 80101 ns, Cleanup: 9900 ns, At safepoint: 6200 ns, Total: 96201 ns
[1448.465s][info ][safepoint      ] Safepoint "Cleanup", Time since last: 1000112564 ns, Reaching safepoint: 80101 ns, Cleanup: 9600 ns, At safepoint: 6900 ns, Total: 96601 ns
[1449.466s][info ][safepoint      ] Safepoint "Cleanup", Time since last: 1000116164 ns, Reaching safepoint: 79401 ns, Cleanup: 18300 ns, At safepoint: 21500 ns, Total: 119201 ns
[1450.466s][info ][safepoint      ] Safepoint "Cleanup", Time since last: 1000104364 ns, Reaching safepoint: 79501 ns, Cleanup: 22700 ns, At safepoint: 7100 ns, Total: 109301 ns
[1451.466s][info ][safepoint      ] Safepoint "Cleanup", Time since last: 1000101242 ns, Reaching safepoint: 76500 ns, Cleanup: 31501 ns, At safepoint: 5600 ns, Total: 113601 ns
[1452.466s][info ][safepoint      ] Safepoint "Cleanup", Time since last: 1000112440 ns, Reaching safepoint: 80301 ns, Cleanup: 11300 ns, At safepoint: 6000 ns, Total: 97601 ns
[1453.467s][info ][safepoint      ] Safepoint "Cleanup", Time since last: 1000089041 ns, Reaching safepoint: 79300 ns, Cleanup: 19300 ns, At safepoint: 5300 ns, Total: 103900 ns
[1454.467s][info ][safepoint      ] Safepoint "Cleanup", Time since last: 1000114841 ns, Reaching safepoint: 82001 ns, Cleanup: 8700 ns, At safepoint: 6500 ns, Total: 97201 ns
[1455.467s][info ][safepoint      ] Safepoint "Cleanup", Time since last: 1000112040 ns, Reaching safepoint: 79601 ns, Cleanup: 17500 ns, At safepoint: 6400 ns, Total: 103501 ns
[1456.467s][info ][safepoint      ] Safepoint "Cleanup", Time since last: 1000106141 ns, Reaching safepoint: 75400 ns, Cleanup: 35301 ns, At safepoint: 6300 ns, Total: 117001 ns
[1457.467s][info ][safepoint      ] Safepoint "Cleanup", Time since last: 1000109740 ns, Reaching safepoint: 6400 ns, Cleanup: 17000 ns, At safepoint: 9801 ns, Total: 33201 ns
[1458.468s][info ][safepoint      ] Safepoint "Cleanup", Time since last: 1000122740 ns, Reaching safepoint: 76001 ns, Cleanup: 16500 ns, At safepoint: 5200 ns, Total: 97701 ns
[1459.468s][info ][safepoint      ] Safepoint "Cleanup", Time since last: 1000106178 ns, Reaching safepoint: 79301 ns, Cleanup: 8200 ns, At safepoint: 9500 ns, Total: 97001 ns
[1460.468s][info ][safepoint      ] Safepoint "Cleanup", Time since last: 1000110681 ns, Reaching safepoint: 81900 ns, Cleanup: 21601 ns, At safepoint: 7100 ns, Total: 110601 ns
[1461.468s][info ][safepoint      ] Safepoint "Cleanup", Time since last: 1000107880 ns, Reaching safepoint: 78201 ns, Cleanup: 19600 ns, At safepoint: 7800 ns, Total: 105601 ns
[1462.476s][info ][safepoint      ] Safepoint "Cleanup", Time since last: 1007451044 ns, Reaching safepoint: 137802 ns, Cleanup: 18700 ns, At safepoint: 22000 ns, Total: 178502 ns
[1463.523s][info ][safepoint      ] Safepoint "Cleanup", Time since last: 1047378991 ns, Reaching safepoint: 81401 ns, Cleanup: 36900 ns, At safepoint: 7200 ns, Total: 125501 ns
[1464.523s][info ][safepoint      ] Safepoint "Cleanup", Time since last: 1000114481 ns, Reaching safepoint: 6800 ns, Cleanup: 18500 ns, At safepoint: 2300 ns, Total: 27600 ns
[1465.524s][info ][safepoint      ] Safepoint "Cleanup", Time since last: 1000099880 ns, Reaching safepoint: 5900 ns, Cleanup: 25601 ns, At safepoint: 2000 ns, Total: 33501 ns
[1466.016s][info ][gc,start       ] GC(46) Pause Young (Allocation Failure)
[1466.045s][debug][gc,phases      ] GC(46) Scavenge 28.321ms
[1466.045s][debug][gc,ref         ] GC(46) ReferenceProcessor::execute queues: 1, RefProcThreadModel::Single, marks_oops_alive: false
[1466.045s][debug][gc,ref         ] GC(46) Skipped KeepAliveFinalRefsPhase of Reference Processing: no references
[1466.045s][debug][gc,ref         ] GC(46) ReferenceProcessor::execute queues: 1, RefProcThreadModel::Single, marks_oops_alive: false
[1466.045s][debug][gc,phases      ] GC(46) Reference Processing 0.111ms
[1466.045s][debug][gc,phases      ] GC(46)   VM Weak                        Min:  0.0, Avg:  0.0, Max:  0.0, Diff:  0.0, Sum:  0.0, Workers: 4
[1466.045s][debug][gc,phases      ] GC(46)     Dead                           Min: 0, Avg:  0.0, Max: 0, Diff: 0, Sum: 0, Workers: 4
[1466.045s][debug][gc,phases      ] GC(46)     Total                          Min: 0, Avg: 237.5, Max: 566, Diff: 566, Sum: 950, Workers: 4
[1466.045s][debug][gc,phases      ] GC(46)   ObjectSynchronizer Weak        Min:  0.0, Avg:  0.0, Max:  0.0, Diff:  0.0, Sum:  0.0, Workers: 4
[1466.045s][debug][gc,phases      ] GC(46)     Dead                           Min: 0, Avg:  0.0, Max: 0, Diff: 0, Sum: 0, Workers: 4
[1466.045s][debug][gc,phases      ] GC(46)     Total                          Min: 0, Avg:  1.2, Max: 5, Diff: 5, Sum: 5, Workers: 4
[1466.045s][debug][gc,phases      ] GC(46)   JVMTI Tag Weak OopStorage      Min:  0.0, Avg:  0.0, Max:  0.0, Diff:  0.0, Sum:  0.0, Workers: 4
[1466.045s][debug][gc,phases      ] GC(46)     Dead                           Min: 0, Avg:  0.0, Max: 0, Diff: 0, Sum: 0, Workers: 4
[1466.045s][debug][gc,phases      ] GC(46)     Total                          Min: 0, Avg:  0.0, Max: 0, Diff: 0, Sum: 0, Workers: 4
[1466.045s][debug][gc,phases      ] GC(46)   StringTable Weak               Min:  0.0, Avg:  0.1, Max:  0.1, Diff:  0.1, Sum:  0.4, Workers: 4
[1466.045s][debug][gc,phases      ] GC(46)     Dead                           Min: 0, Avg:  0.5, Max: 2, Diff: 2, Sum: 2, Workers: 4
[1466.045s][debug][gc,phases      ] GC(46)     Total                          Min: 0, Avg: 11839.0, Max: 19198, Diff: 19198, Sum: 47356, Workers: 4
[1466.045s][debug][gc,phases      ] GC(46)   ResolvedMethodTable Weak       Min:  0.0, Avg:  0.0, Max:  0.0, Diff:  0.0, Sum:  0.1, Workers: 4
[1466.045s][debug][gc,phases      ] GC(46)     Dead                           Min: 0, Avg:  7.8, Max: 22, Diff: 22, Sum: 31, Workers: 4
[1466.045s][debug][gc,phases      ] GC(46)     Total                          Min: 0, Avg: 3788.5, Max: 6555, Diff: 6555, Sum: 15154, Workers: 4
[1466.045s][debug][gc,phases      ] GC(46)   JNI Weak                       Min:  0.0, Avg:  0.0, Max:  0.0, Diff:  0.0, Sum:  0.0, Workers: 4
[1466.045s][debug][gc,phases      ] GC(46)     Dead                           Min: 0, Avg:  0.0, Max: 0, Diff: 0, Sum: 0, Workers: 4
[1466.045s][debug][gc,phases      ] GC(46)     Total                          Min: 0, Avg: 13.0, Max: 52, Diff: 52, Sum: 52, Workers: 4
[1466.045s][debug][gc,phases      ] GC(46)   StringDedup Table Weak         Min:  0.0, Avg:  0.0, Max:  0.0, Diff:  0.0, Sum:  0.0, Workers: 4
[1466.045s][debug][gc,phases      ] GC(46)     Dead                           Min: 0, Avg:  0.0, Max: 0, Diff: 0, Sum: 0, Workers: 4
[1466.045s][debug][gc,phases      ] GC(46)     Total                          Min: 0, Avg:  0.0, Max: 0, Diff: 0, Sum: 0, Workers: 4
[1466.045s][debug][gc,phases      ] GC(46)   StringDedup Requests0 Weak     Min:  0.0, Avg:  0.0, Max:  0.0, Diff:  0.0, Sum:  0.0, Workers: 4
[1466.045s][debug][gc,phases      ] GC(46)     Dead                           Min: 0, Avg:  0.0, Max: 0, Diff: 0, Sum: 0, Workers: 4
[1466.045s][debug][gc,phases      ] GC(46)     Total                          Min: 0, Avg:  0.0, Max: 0, Diff: 0, Sum: 0, Workers: 4
[1466.045s][debug][gc,phases      ] GC(46)   StringDedup Requests1 Weak     Min:  0.0, Avg:  0.0, Max:  0.0, Diff:  0.0, Sum:  0.0, Workers: 4
[1466.045s][debug][gc,phases      ] GC(46)     Dead                           Min: 0, Avg:  0.0, Max: 0, Diff: 0, Sum: 0, Workers: 4
[1466.045s][debug][gc,phases      ] GC(46)     Total                          Min: 0, Avg:  0.0, Max: 0, Diff: 0, Sum: 0, Workers: 4
[1466.045s][debug][gc,phases      ] GC(46)   Weak JFR Old Object Samples    Min:  0.0, Avg:  0.0, Max:  0.0, Diff:  0.0, Sum:  0.0, Workers: 4
[1466.045s][debug][gc,phases      ] GC(46)     Dead                           Min: 0, Avg:  0.0, Max: 0, Diff: 0, Sum: 0, Workers: 4
[1466.045s][debug][gc,phases      ] GC(46)     Total                          Min: 0, Avg:  0.0, Max: 0, Diff: 0, Sum: 0, Workers: 4
[1466.045s][debug][gc,phases      ] GC(46) Weak Processing 0.349ms
[1466.045s][debug][gc,age         ] GC(46) Desired survivor size 71827456 bytes, new threshold 1 (max threshold 15)
[1466.045s][info ][gc,heap        ] GC(46) PSYoungGen: 2017431K(2017792K)->39280K(2023424K) Eden: 1976320K(1976320K)->0K(1956864K) From: 41111K(41472K)->39280K(66560K)
[1466.045s][info ][gc,heap        ] GC(46) ParOldGen: 319689K(320000K)->359908K(359936K)
[1466.045s][info ][gc,metaspace   ] GC(46) Metaspace: 109004K(110272K)->109004K(110272K) NonClass: 92627K(93312K)->92627K(93312K) Class: 16377K(16960K)->16377K(16960K)
[1466.045s][info ][gc             ] GC(46) Pause Young (Allocation Failure) 2282M->389M(2327M) 28.903ms
[1466.045s][info ][gc,cpu         ] GC(46) User=0.09s Sys=0.03s Real=0.03s
[1466.045s][info ][safepoint      ] Safepoint "ParallelGCFailedAllocation", Time since last: 492727976 ns, Reaching safepoint: 84101 ns, Cleanup: 7400 ns, At safepoint: 28985952 ns, Total: 29077453 ns
[1467.046s][info ][safepoint      ] Safepoint "Cleanup", Time since last: 1000082698 ns, Reaching safepoint: 6500 ns, Cleanup: 8300 ns, At safepoint: 1700 ns, Total: 16500 ns
[1468.046s][info ][safepoint      ] Safepoint "Cleanup", Time since last: 1000134719 ns, Reaching safepoint: 6800 ns, Cleanup: 10500 ns, At safepoint: 2200 ns, Total: 19500 ns
[1469.046s][info ][safepoint      ] Safepoint "Cleanup", Time since last: 1000128720 ns, Reaching safepoint: 5900 ns, Cleanup: 6100 ns, At safepoint: 1900 ns, Total: 13900 ns
[1470.046s][info ][safepoint      ] Safepoint "Cleanup", Time since last: 1000094219 ns, Reaching safepoint: 5300 ns, Cleanup: 10900 ns, At safepoint: 1600 ns, Total: 17800 ns
[1471.046s][info ][safepoint      ] Safepoint "Cleanup", Time since last: 1000098119 ns, Reaching safepoint: 6700 ns, Cleanup: 11700 ns, At safepoint: 2600 ns, Total: 21000 ns
[1472.046s][info ][safepoint      ] Safepoint "Cleanup", Time since last: 1000101819 ns, Reaching safepoint: 5500 ns, Cleanup: 8300 ns, At safepoint: 1701 ns, Total: 15501 ns
[1473.046s][info ][safepoint      ] Safepoint "Cleanup", Time since last: 1000112019 ns, Reaching safepoint: 7100 ns, Cleanup: 11300 ns, At safepoint: 2900 ns, Total: 21300 ns
[1475.046s][info ][safepoint      ] Safepoint "Cleanup", Time since last: 2000182208 ns, Reaching safepoint: 7601 ns, Cleanup: 9600 ns, At safepoint: 2100 ns, Total: 19301 ns
[1476.047s][info ][safepoint      ] Safepoint "Cleanup", Time since last: 1000105862 ns, Reaching safepoint: 5400 ns, Cleanup: 9701 ns, At safepoint: 1700 ns, Total: 16801 ns
[1477.047s][info ][safepoint      ] Safepoint "Cleanup", Time since last: 1000110562 ns, Reaching safepoint: 8500 ns, Cleanup: 7401 ns, At safepoint: 2300 ns, Total: 18201 ns
[1478.047s][info ][safepoint      ] Safepoint "Cleanup", Time since last: 1000109462 ns, Reaching safepoint: 8400 ns, Cleanup: 7900 ns, At safepoint: 2901 ns, Total: 19201 ns
[1480.047s][info ][safepoint      ] Safepoint "Cleanup", Time since last: 2000188725 ns, Reaching safepoint: 7500 ns, Cleanup: 10000 ns, At safepoint: 2500 ns, Total: 20000 ns
[1481.047s][info ][safepoint      ] Safepoint "Cleanup", Time since last: 1000114463 ns, Reaching safepoint: 7400 ns, Cleanup: 8900 ns, At safepoint: 2200 ns, Total: 18500 ns
[1482.047s][info ][safepoint      ] Safepoint "Cleanup", Time since last: 1000136963 ns, Reaching safepoint: 8600 ns, Cleanup: 11700 ns, At safepoint: 2600 ns, Total: 22900 ns
[1483.048s][info ][safepoint      ] Safepoint "Cleanup", Time since last: 1000120564 ns, Reaching safepoint: 8000 ns, Cleanup: 8900 ns, At safepoint: 2400 ns, Total: 19300 ns
[1488.048s][info ][safepoint      ] Safepoint "Cleanup", Time since last: 5000414917 ns, Reaching safepoint: 5700 ns, Cleanup: 12600 ns, At safepoint: 1700 ns, Total: 20000 ns
[1490.048s][info ][safepoint      ] Safepoint "Cleanup", Time since last: 2000169527 ns, Reaching safepoint: 6300 ns, Cleanup: 5400 ns, At safepoint: 1700 ns, Total: 13400 ns
[1491.048s][info ][safepoint      ] Safepoint "Cleanup", Time since last: 1000104028 ns, Reaching safepoint: 6200 ns, Cleanup: 7800 ns, At safepoint: 2200 ns, Total: 16200 ns
[1495.049s][info ][safepoint      ] Safepoint "Cleanup", Time since last: 4000314152 ns, Reaching safepoint: 5900 ns, Cleanup: 6500 ns, At safepoint: 1800 ns, Total: 14200 ns
[1496.049s][info ][safepoint      ] Safepoint "Cleanup", Time since last: 1000103088 ns, Reaching safepoint: 5900 ns, Cleanup: 26501 ns, At safepoint: 2200 ns, Total: 34601 ns
[1500.049s][info ][safepoint      ] Safepoint "Cleanup", Time since last: 4000301567 ns, Reaching safepoint: 5900 ns, Cleanup: 7900 ns, At safepoint: 2001 ns, Total: 15801 ns
[1503.488s][info ][safepoint      ] Safepoint "Cleanup", Time since last: 3439293604 ns, Reaching safepoint: 6100 ns, Cleanup: 9101 ns, At safepoint: 2200 ns, Total: 17401 ns
[1505.489s][info ][safepoint      ] Safepoint "Cleanup", Time since last: 2000169733 ns, Reaching safepoint: 6500 ns, Cleanup: 26400 ns, At safepoint: 2400 ns, Total: 35300 ns
[1506.489s][info ][safepoint      ] Safepoint "Cleanup", Time since last: 1000108367 ns, Reaching safepoint: 6200 ns, Cleanup: 9800 ns, At safepoint: 2100 ns, Total: 18100 ns
[1507.489s][info ][safepoint      ] Safepoint "Cleanup", Time since last: 1000121167 ns, Reaching safepoint: 6300 ns, Cleanup: 19400 ns, At safepoint: 2200 ns, Total: 27900 ns
[1508.489s][info ][safepoint      ] Safepoint "Cleanup", Time since last: 1000095367 ns, Reaching safepoint: 5500 ns, Cleanup: 8200 ns, At safepoint: 1700 ns, Total: 15400 ns
[1509.489s][info ][safepoint      ] Safepoint "Cleanup", Time since last: 1000094967 ns, Reaching safepoint: 6300 ns, Cleanup: 9100 ns, At safepoint: 1700 ns, Total: 17100 ns
[1512.489s][info ][safepoint      ] Safepoint "Cleanup", Time since last: 3000230399 ns, Reaching safepoint: 5900 ns, Cleanup: 18000 ns, At safepoint: 2300 ns, Total: 26200 ns
[1513.489s][info ][safepoint      ] Safepoint "Cleanup", Time since last: 1000097066 ns, Reaching safepoint: 5800 ns, Cleanup: 39901 ns, At safepoint: 2000 ns, Total: 47701 ns
[1514.490s][info ][safepoint      ] Safepoint "Cleanup", Time since last: 1000110066 ns, Reaching safepoint: 5800 ns, Cleanup: 7400 ns, At safepoint: 1700 ns, Total: 14900 ns
[1515.490s][info ][safepoint      ] Safepoint "Cleanup", Time since last: 1000096668 ns, Reaching safepoint: 6700 ns, Cleanup: 38200 ns, At safepoint: 2700 ns, Total: 47600 ns
[1516.490s][info ][safepoint      ] Safepoint "Cleanup", Time since last: 1000101768 ns, Reaching safepoint: 4900 ns, Cleanup: 21200 ns, At safepoint: 1800 ns, Total: 27900 ns
[1517.490s][info ][safepoint      ] Safepoint "Cleanup", Time since last: 1000091768 ns, Reaching safepoint: 5300 ns, Cleanup: 8300 ns, At safepoint: 1500 ns, Total: 15100 ns
[1518.490s][info ][safepoint      ] Safepoint "Cleanup", Time since last: 1000099368 ns, Reaching safepoint: 6400 ns, Cleanup: 28200 ns, At safepoint: 2400 ns, Total: 37000 ns
[1519.490s][info ][safepoint      ] Safepoint "Cleanup", Time since last: 1000108968 ns, Reaching safepoint: 6500 ns, Cleanup: 10200 ns, At safepoint: 2400 ns, Total: 19100 ns
[1520.490s][info ][safepoint      ] Safepoint "Cleanup", Time since last: 1000102267 ns, Reaching safepoint: 6100 ns, Cleanup: 6700 ns, At safepoint: 2500 ns, Total: 15300 ns
[1521.329s][info ][gc,start       ] GC(47) Pause Young (Allocation Failure)
[1521.354s][debug][gc,phases      ] GC(47) Scavenge 24.094ms
[1521.354s][debug][gc,ref         ] GC(47) ReferenceProcessor::execute queues: 1, RefProcThreadModel::Single, marks_oops_alive: false
[1521.354s][debug][gc,ref         ] GC(47) Skipped KeepAliveFinalRefsPhase of Reference Processing: no references
[1521.354s][debug][gc,ref         ] GC(47) ReferenceProcessor::execute queues: 1, RefProcThreadModel::Single, marks_oops_alive: false
[1521.354s][debug][gc,phases      ] GC(47) Reference Processing 0.141ms
[1521.354s][debug][gc,phases      ] GC(47)   VM Weak                        Min:  0.0, Avg:  0.0, Max:  0.0, Diff:  0.0, Sum:  0.0, Workers: 4
[1521.354s][debug][gc,phases      ] GC(47)     Dead                           Min: 0, Avg:  0.0, Max: 0, Diff: 0, Sum: 0, Workers: 4
[1521.354s][debug][gc,phases      ] GC(47)     Total                          Min: 0, Avg: 239.2, Max: 829, Diff: 829, Sum: 957, Workers: 4
[1521.354s][debug][gc,phases      ] GC(47)   ObjectSynchronizer Weak        Min:  0.0, Avg:  0.0, Max:  0.0, Diff:  0.0, Sum:  0.0, Workers: 4
[1521.354s][debug][gc,phases      ] GC(47)     Dead                           Min: 0, Avg:  0.0, Max: 0, Diff: 0, Sum: 0, Workers: 4
[1521.354s][debug][gc,phases      ] GC(47)     Total                          Min: 0, Avg:  1.2, Max: 5, Diff: 5, Sum: 5, Workers: 4
[1521.354s][debug][gc,phases      ] GC(47)   JVMTI Tag Weak OopStorage      Min:  0.0, Avg:  0.0, Max:  0.0, Diff:  0.0, Sum:  0.0, Workers: 4
[1521.354s][debug][gc,phases      ] GC(47)     Dead                           Min: 0, Avg:  0.0, Max: 0, Diff: 0, Sum: 0, Workers: 4
[1521.354s][debug][gc,phases      ] GC(47)     Total                          Min: 0, Avg:  0.0, Max: 0, Diff: 0, Sum: 0, Workers: 4
[1521.354s][debug][gc,phases      ] GC(47)   StringTable Weak               Min:  0.0, Avg:  0.1, Max:  0.1, Diff:  0.1, Sum:  0.4, Workers: 4
[1521.354s][debug][gc,phases      ] GC(47)     Dead                           Min: 0, Avg:  0.5, Max: 2, Diff: 2, Sum: 2, Workers: 4
[1521.354s][debug][gc,phases      ] GC(47)     Total                          Min: 0, Avg: 11850.2, Max: 20222, Diff: 20222, Sum: 47401, Workers: 4
[1521.354s][debug][gc,phases      ] GC(47)   ResolvedMethodTable Weak       Min:  0.0, Avg:  0.0, Max:  0.1, Diff:  0.1, Sum:  0.2, Workers: 4
[1521.354s][debug][gc,phases      ] GC(47)     Dead                           Min: 0, Avg:  4.5, Max: 17, Diff: 17, Sum: 18, Workers: 4
[1521.354s][debug][gc,phases      ] GC(47)     Total                          Min: 0, Avg: 3801.0, Max: 6625, Diff: 6625, Sum: 15204, Workers: 4
[1521.354s][debug][gc,phases      ] GC(47)   JNI Weak                       Min:  0.0, Avg:  0.0, Max:  0.0, Diff:  0.0, Sum:  0.0, Workers: 4
[1521.354s][debug][gc,phases      ] GC(47)     Dead                           Min: 0, Avg:  0.0, Max: 0, Diff: 0, Sum: 0, Workers: 4
[1521.354s][debug][gc,phases      ] GC(47)     Total                          Min: 0, Avg: 13.0, Max: 52, Diff: 52, Sum: 52, Workers: 4
[1521.354s][debug][gc,phases      ] GC(47)   StringDedup Table Weak         Min:  0.0, Avg:  0.0, Max:  0.0, Diff:  0.0, Sum:  0.0, Workers: 4
[1521.354s][debug][gc,phases      ] GC(47)     Dead                           Min: 0, Avg:  0.0, Max: 0, Diff: 0, Sum: 0, Workers: 4
[1521.354s][debug][gc,phases      ] GC(47)     Total                          Min: 0, Avg:  0.0, Max: 0, Diff: 0, Sum: 0, Workers: 4
[1521.354s][debug][gc,phases      ] GC(47)   StringDedup Requests0 Weak     Min:  0.0, Avg:  0.0, Max:  0.0, Diff:  0.0, Sum:  0.0, Workers: 4
[1521.354s][debug][gc,phases      ] GC(47)     Dead                           Min: 0, Avg:  0.0, Max: 0, Diff: 0, Sum: 0, Workers: 4
[1521.354s][debug][gc,phases      ] GC(47)     Total                          Min: 0, Avg:  0.0, Max: 0, Diff: 0, Sum: 0, Workers: 4
[1521.354s][debug][gc,phases      ] GC(47)   StringDedup Requests1 Weak     Min:  0.0, Avg:  0.0, Max:  0.0, Diff:  0.0, Sum:  0.0, Workers: 4
[1521.354s][debug][gc,phases      ] GC(47)     Dead                           Min: 0, Avg:  0.0, Max: 0, Diff: 0, Sum: 0, Workers: 4
[1521.354s][debug][gc,phases      ] GC(47)     Total                          Min: 0, Avg:  0.0, Max: 0, Diff: 0, Sum: 0, Workers: 4
[1521.354s][debug][gc,phases      ] GC(47)   Weak JFR Old Object Samples    Min:  0.0, Avg:  0.0, Max:  0.0, Diff:  0.0, Sum:  0.0, Workers: 4
[1521.354s][debug][gc,phases      ] GC(47)     Dead                           Min: 0, Avg:  0.0, Max: 0, Diff: 0, Sum: 0, Workers: 4
[1521.354s][debug][gc,phases      ] GC(47)     Total                          Min: 0, Avg:  0.0, Max: 0, Diff: 0, Sum: 0, Workers: 4
[1521.354s][debug][gc,phases      ] GC(47) Weak Processing 0.369ms
[1521.354s][debug][gc,age         ] GC(47) Desired survivor size 67633152 bytes, new threshold 1 (max threshold 15)
[1521.354s][info ][gc,heap        ] GC(47) PSYoungGen: 1996144K(2023424K)->20320K(2027008K) Eden: 1956864K(1956864K)->0K(1956864K) From: 39280K(66560K)->20320K(70144K)
[1521.354s][info ][gc,heap        ] GC(47) ParOldGen: 359908K(359936K)->398077K(398336K)
[1521.354s][info ][gc,metaspace   ] GC(47) Metaspace: 109146K(110400K)->109146K(110400K) NonClass: 92753K(93440K)->92753K(93440K) Class: 16393K(16960K)->16393K(16960K)
[1521.354s][info ][gc             ] GC(47) Pause Young (Allocation Failure) 2300M->408M(2368M) 24.725ms
[1521.354s][info ][gc,cpu         ] GC(47) User=0.06s Sys=0.03s Real=0.03s
[1521.354s][info ][safepoint      ] Safepoint "ParallelGCFailedAllocation", Time since last: 839030572 ns, Reaching safepoint: 6700 ns, Cleanup: 11500 ns, At safepoint: 24800415 ns, Total: 24818615 ns
[1522.354s][info ][safepoint      ] Safepoint "Cleanup", Time since last: 1000089368 ns, Reaching safepoint: 6300 ns, Cleanup: 7500 ns, At safepoint: 2100 ns, Total: 15900 ns
[1523.354s][info ][safepoint      ] Safepoint "Cleanup", Time since last: 1000098667 ns, Reaching safepoint: 5700 ns, Cleanup: 7100 ns, At safepoint: 1500 ns, Total: 14300 ns
[1525.355s][info ][safepoint      ] Safepoint "Cleanup", Time since last: 2000176434 ns, Reaching safepoint: 5600 ns, Cleanup: 13501 ns, At safepoint: 2400 ns, Total: 21501 ns
[1526.355s][info ][safepoint      ] Safepoint "Cleanup", Time since last: 1000108467 ns, Reaching safepoint: 6200 ns, Cleanup: 10100 ns, At safepoint: 2000 ns, Total: 18300 ns
[1527.355s][info ][safepoint      ] Safepoint "Cleanup", Time since last: 1000100467 ns, Reaching safepoint: 6300 ns, Cleanup: 8000 ns, At safepoint: 2200 ns, Total: 16500 ns
[1528.355s][info ][safepoint      ] Safepoint "Cleanup", Time since last: 1000104967 ns, Reaching safepoint: 6001 ns, Cleanup: 21600 ns, At safepoint: 2400 ns, Total: 30001 ns
[1529.355s][info ][safepoint      ] Safepoint "Cleanup", Time since last: 1000103067 ns, Reaching safepoint: 7100 ns, Cleanup: 16200 ns, At safepoint: 2500 ns, Total: 25800 ns
[1530.355s][info ][safepoint      ] Safepoint "Cleanup", Time since last: 1000110667 ns, Reaching safepoint: 6200 ns, Cleanup: 33401 ns, At safepoint: 2400 ns, Total: 42001 ns
[1531.355s][info ][safepoint      ] Safepoint "Cleanup", Time since last: 1000113166 ns, Reaching safepoint: 6400 ns, Cleanup: 9500 ns, At safepoint: 2400 ns, Total: 18300 ns
[1532.356s][info ][safepoint      ] Safepoint "Cleanup", Time since last: 1000104966 ns, Reaching safepoint: 6800 ns, Cleanup: 37700 ns, At safepoint: 2201 ns, Total: 46701 ns
[1533.356s][info ][safepoint      ] Safepoint "Cleanup", Time since last: 1000111265 ns, Reaching safepoint: 7301 ns, Cleanup: 9000 ns, At safepoint: 2700 ns, Total: 19001 ns
[1534.356s][info ][safepoint      ] Safepoint "Cleanup", Time since last: 1000104366 ns, Reaching safepoint: 6200 ns, Cleanup: 7000 ns, At safepoint: 2000 ns, Total: 15200 ns
[1535.356s][info ][safepoint      ] Safepoint "Cleanup", Time since last: 1000105366 ns, Reaching safepoint: 6400 ns, Cleanup: 7700 ns, At safepoint: 2100 ns, Total: 16200 ns
[1536.356s][info ][safepoint      ] Safepoint "Cleanup", Time since last: 1000104866 ns, Reaching safepoint: 6400 ns, Cleanup: 6600 ns, At safepoint: 2400 ns, Total: 15400 ns
[1537.356s][info ][safepoint      ] Safepoint "Cleanup", Time since last: 1000099466 ns, Reaching safepoint: 6900 ns, Cleanup: 12500 ns, At safepoint: 2300 ns, Total: 21700 ns
[1538.356s][info ][safepoint      ] Safepoint "Cleanup", Time since last: 1000107366 ns, Reaching safepoint: 7200 ns, Cleanup: 8200 ns, At safepoint: 2400 ns, Total: 17800 ns
[1541.357s][info ][safepoint      ] Safepoint "Cleanup", Time since last: 3000239495 ns, Reaching safepoint: 6200 ns, Cleanup: 7900 ns, At safepoint: 1600 ns, Total: 15700 ns
[1542.357s][info ][safepoint      ] Safepoint "Cleanup", Time since last: 1000104166 ns, Reaching safepoint: 5900 ns, Cleanup: 9700 ns, At safepoint: 2100 ns, Total: 17700 ns
[1543.357s][info ][safepoint      ] Safepoint "Cleanup", Time since last: 1000104965 ns, Reaching safepoint: 6200 ns, Cleanup: 10100 ns, At safepoint: 2100 ns, Total: 18400 ns
[1544.357s][info ][safepoint      ] Safepoint "Cleanup", Time since last: 1000100666 ns, Reaching safepoint: 5800 ns, Cleanup: 8000 ns, At safepoint: 1900 ns, Total: 15700 ns
[1545.357s][info ][safepoint      ] Safepoint "Cleanup", Time since last: 1000099265 ns, Reaching safepoint: 6400 ns, Cleanup: 8000 ns, At safepoint: 2400 ns, Total: 16800 ns
[1546.357s][info ][safepoint      ] Safepoint "Cleanup", Time since last: 1000106366 ns, Reaching safepoint: 7000 ns, Cleanup: 9900 ns, At safepoint: 2400 ns, Total: 19300 ns
[1547.357s][info ][safepoint      ] Safepoint "Cleanup", Time since last: 1000109465 ns, Reaching safepoint: 6200 ns, Cleanup: 10600 ns, At safepoint: 2100 ns, Total: 18900 ns
[1548.357s][info ][safepoint      ] Safepoint "Cleanup", Time since last: 1000099565 ns, Reaching safepoint: 5300 ns, Cleanup: 5800 ns, At safepoint: 1800 ns, Total: 12900 ns
[1551.358s][info ][safepoint      ] Safepoint "Cleanup", Time since last: 3000238494 ns, Reaching safepoint: 5800 ns, Cleanup: 7001 ns, At safepoint: 1700 ns, Total: 14501 ns
[1552.358s][info ][safepoint      ] Safepoint "Cleanup", Time since last: 1000101464 ns, Reaching safepoint: 6401 ns, Cleanup: 12100 ns, At safepoint: 2000 ns, Total: 20501 ns
[1555.358s][info ][safepoint      ] Safepoint "Cleanup", Time since last: 3000245395 ns, Reaching safepoint: 6500 ns, Cleanup: 11300 ns, At safepoint: 2200 ns, Total: 20000 ns
[1556.358s][info ][safepoint      ] Safepoint "Cleanup", Time since last: 1000110167 ns, Reaching safepoint: 6700 ns, Cleanup: 7300 ns, At safepoint: 2500 ns, Total: 16500 ns
[1558.358s][info ][safepoint      ] Safepoint "Cleanup", Time since last: 2000174533 ns, Reaching safepoint: 6300 ns, Cleanup: 19100 ns, At safepoint: 2500 ns, Total: 27900 ns
[1559.358s][info ][safepoint      ] Safepoint "Cleanup", Time since last: 1000102666 ns, Reaching safepoint: 6400 ns, Cleanup: 12201 ns, At safepoint: 2500 ns, Total: 21101 ns
[1560.359s][info ][safepoint      ] Safepoint "Cleanup", Time since last: 1000098766 ns, Reaching safepoint: 5200 ns, Cleanup: 10100 ns, At safepoint: 1800 ns, Total: 17100 ns
[1561.506s][info ][safepoint      ] Safepoint "Cleanup", Time since last: 1147072640 ns, Reaching safepoint: 6600 ns, Cleanup: 7400 ns, At safepoint: 2500 ns, Total: 16500 ns
[1563.506s][info ][safepoint      ] Safepoint "Cleanup", Time since last: 2000197334 ns, Reaching safepoint: 6800 ns, Cleanup: 15000 ns, At safepoint: 2000 ns, Total: 23800 ns
[1565.506s][info ][safepoint      ] Safepoint "Cleanup", Time since last: 2000184834 ns, Reaching safepoint: 6200 ns, Cleanup: 10200 ns, At safepoint: 2300 ns, Total: 18700 ns
[1567.506s][info ][safepoint      ] Safepoint "Cleanup", Time since last: 2000179434 ns, Reaching safepoint: 7100 ns, Cleanup: 8800 ns, At safepoint: 2600 ns, Total: 18500 ns
[1570.507s][info ][safepoint      ] Safepoint "Cleanup", Time since last: 3000249501 ns, Reaching safepoint: 6300 ns, Cleanup: 9100 ns, At safepoint: 2100 ns, Total: 17500 ns
[1571.507s][info ][safepoint      ] Safepoint "Cleanup", Time since last: 1000104767 ns, Reaching safepoint: 5700 ns, Cleanup: 6100 ns, At safepoint: 1800 ns, Total: 13600 ns
[1572.507s][info ][safepoint      ] Safepoint "Cleanup", Time since last: 1000126167 ns, Reaching safepoint: 6300 ns, Cleanup: 10600 ns, At safepoint: 2700 ns, Total: 19600 ns
[1573.507s][info ][safepoint      ] Safepoint "Cleanup", Time since last: 1000104467 ns, Reaching safepoint: 6300 ns, Cleanup: 7400 ns, At safepoint: 2000 ns, Total: 15700 ns
[1575.507s][info ][safepoint      ] Safepoint "Cleanup", Time since last: 2000170734 ns, Reaching safepoint: 5900 ns, Cleanup: 10100 ns, At safepoint: 2200 ns, Total: 18200 ns
[1576.507s][info ][safepoint      ] Safepoint "Cleanup", Time since last: 1000107367 ns, Reaching safepoint: 5300 ns, Cleanup: 10600 ns, At safepoint: 2500 ns, Total: 18400 ns
[1577.507s][info ][safepoint      ] Safepoint "Cleanup", Time since last: 1000099467 ns, Reaching safepoint: 5500 ns, Cleanup: 7600 ns, At safepoint: 1900 ns, Total: 15000 ns
[1578.508s][info ][safepoint      ] Safepoint "Cleanup", Time since last: 1000105767 ns, Reaching safepoint: 5900 ns, Cleanup: 22700 ns, At safepoint: 2300 ns, Total: 30900 ns
[1580.508s][info ][safepoint      ] Safepoint "Cleanup", Time since last: 2000188758 ns, Reaching safepoint: 5800 ns, Cleanup: 8500 ns, At safepoint: 1800 ns, Total: 16100 ns
[1582.155s][info ][gc,start       ] GC(48) Pause Young (Allocation Failure)
[1582.169s][debug][gc,phases      ] GC(48) Scavenge 13.920ms
[1582.169s][debug][gc,ref         ] GC(48) ReferenceProcessor::execute queues: 1, RefProcThreadModel::Single, marks_oops_alive: false
[1582.169s][debug][gc,ref         ] GC(48) Skipped KeepAliveFinalRefsPhase of Reference Processing: no references
[1582.169s][debug][gc,ref         ] GC(48) ReferenceProcessor::execute queues: 1, RefProcThreadModel::Single, marks_oops_alive: false
[1582.169s][debug][gc,phases      ] GC(48) Reference Processing 0.110ms
[1582.169s][debug][gc,phases      ] GC(48)   VM Weak                        Min:  0.0, Avg:  0.0, Max:  0.0, Diff:  0.0, Sum:  0.0, Workers: 4
[1582.169s][debug][gc,phases      ] GC(48)     Dead                           Min: 0, Avg:  0.0, Max: 0, Diff: 0, Sum: 0, Workers: 4
[1582.169s][debug][gc,phases      ] GC(48)     Total                          Min: 0, Avg: 239.5, Max: 574, Diff: 574, Sum: 958, Workers: 4
[1582.169s][debug][gc,phases      ] GC(48)   ObjectSynchronizer Weak        Min:  0.0, Avg:  0.0, Max:  0.0, Diff:  0.0, Sum:  0.0, Workers: 4
[1582.169s][debug][gc,phases      ] GC(48)     Dead                           Min: 0, Avg:  0.0, Max: 0, Diff: 0, Sum: 0, Workers: 4
[1582.169s][debug][gc,phases      ] GC(48)     Total                          Min: 0, Avg:  1.2, Max: 5, Diff: 5, Sum: 5, Workers: 4
[1582.169s][debug][gc,phases      ] GC(48)   JVMTI Tag Weak OopStorage      Min:  0.0, Avg:  0.0, Max:  0.0, Diff:  0.0, Sum:  0.0, Workers: 4
[1582.169s][debug][gc,phases      ] GC(48)     Dead                           Min: 0, Avg:  0.0, Max: 0, Diff: 0, Sum: 0, Workers: 4
[1582.169s][debug][gc,phases      ] GC(48)     Total                          Min: 0, Avg:  0.0, Max: 0, Diff: 0, Sum: 0, Workers: 4
[1582.169s][debug][gc,phases      ] GC(48)   StringTable Weak               Min:  0.0, Avg:  0.1, Max:  0.1, Diff:  0.1, Sum:  0.4, Workers: 4
[1582.169s][debug][gc,phases      ] GC(48)     Dead                           Min: 0, Avg:  0.0, Max: 0, Diff: 0, Sum: 0, Workers: 4
[1582.169s][debug][gc,phases      ] GC(48)     Total                          Min: 0, Avg: 11853.5, Max: 20735, Diff: 20735, Sum: 47414, Workers: 4
[1582.169s][debug][gc,phases      ] GC(48)   ResolvedMethodTable Weak       Min:  0.0, Avg:  0.0, Max:  0.0, Diff:  0.0, Sum:  0.1, Workers: 4
[1582.169s][debug][gc,phases      ] GC(48)     Dead                           Min: 0, Avg:  4.0, Max: 10, Diff: 10, Sum: 16, Workers: 4
[1582.169s][debug][gc,phases      ] GC(48)     Total                          Min: 0, Avg: 3802.5, Max: 6333, Diff: 6333, Sum: 15210, Workers: 4
[1582.169s][debug][gc,phases      ] GC(48)   JNI Weak                       Min:  0.0, Avg:  0.0, Max:  0.0, Diff:  0.0, Sum:  0.0, Workers: 4
[1582.169s][debug][gc,phases      ] GC(48)     Dead                           Min: 0, Avg:  0.0, Max: 0, Diff: 0, Sum: 0, Workers: 4
[1582.169s][debug][gc,phases      ] GC(48)     Total                          Min: 0, Avg: 13.0, Max: 52, Diff: 52, Sum: 52, Workers: 4
[1582.169s][debug][gc,phases      ] GC(48)   StringDedup Table Weak         Min:  0.0, Avg:  0.0, Max:  0.0, Diff:  0.0, Sum:  0.0, Workers: 4
[1582.169s][debug][gc,phases      ] GC(48)     Dead                           Min: 0, Avg:  0.0, Max: 0, Diff: 0, Sum: 0, Workers: 4
[1582.169s][debug][gc,phases      ] GC(48)     Total                          Min: 0, Avg:  0.0, Max: 0, Diff: 0, Sum: 0, Workers: 4
[1582.169s][debug][gc,phases      ] GC(48)   StringDedup Requests0 Weak     Min:  0.0, Avg:  0.0, Max:  0.0, Diff:  0.0, Sum:  0.0, Workers: 4
[1582.169s][debug][gc,phases      ] GC(48)     Dead                           Min: 0, Avg:  0.0, Max: 0, Diff: 0, Sum: 0, Workers: 4
[1582.169s][debug][gc,phases      ] GC(48)     Total                          Min: 0, Avg:  0.0, Max: 0, Diff: 0, Sum: 0, Workers: 4
[1582.169s][debug][gc,phases      ] GC(48)   StringDedup Requests1 Weak     Min:  0.0, Avg:  0.0, Max:  0.0, Diff:  0.0, Sum:  0.0, Workers: 4
[1582.169s][debug][gc,phases      ] GC(48)     Dead                           Min: 0, Avg:  0.0, Max: 0, Diff: 0, Sum: 0, Workers: 4
[1582.169s][debug][gc,phases      ] GC(48)     Total                          Min: 0, Avg:  0.0, Max: 0, Diff: 0, Sum: 0, Workers: 4
[1582.169s][debug][gc,phases      ] GC(48)   Weak JFR Old Object Samples    Min:  0.0, Avg:  0.0, Max:  0.0, Diff:  0.0, Sum:  0.0, Workers: 4
[1582.169s][debug][gc,phases      ] GC(48)     Dead                           Min: 0, Avg:  0.0, Max: 0, Diff: 0, Sum: 0, Workers: 4
[1582.169s][debug][gc,phases      ] GC(48)     Total                          Min: 0, Avg:  0.0, Max: 0, Diff: 0, Sum: 0, Workers: 4
[1582.169s][debug][gc,phases      ] GC(48) Weak Processing 0.360ms
[1582.169s][debug][gc,age         ] GC(48) Desired survivor size 63963136 bytes, new threshold 1 (max threshold 15)
[1582.169s][info ][gc,heap        ] GC(48) PSYoungGen: 1977184K(2027008K)->10432K(2034688K) Eden: 1956864K(1956864K)->0K(1968640K) From: 20320K(70144K)->10432K(66048K)
[1582.169s][info ][gc,heap        ] GC(48) ParOldGen: 398077K(398336K)->415923K(416256K)
[1582.169s][info ][gc,metaspace   ] GC(48) Metaspace: 109198K(110464K)->109198K(110464K) NonClass: 92802K(93504K)->92802K(93504K) Class: 16395K(16960K)->16395K(16960K)
[1582.169s][info ][gc             ] GC(48) Pause Young (Allocation Failure) 2319M->416M(2393M) 14.507ms
[1582.169s][info ][gc,cpu         ] GC(48) User=0.05s Sys=0.00s Real=0.01s
[1582.169s][info ][safepoint      ] Safepoint "ParallelGCFailedAllocation", Time since last: 1647018295 ns, Reaching safepoint: 82401 ns, Cleanup: 3400 ns, At safepoint: 14590426 ns, Total: 14676227 ns
[1583.170s][info ][safepoint      ] Safepoint "Cleanup", Time since last: 1000088280 ns, Reaching safepoint: 6300 ns, Cleanup: 7801 ns, At safepoint: 1700 ns, Total: 15801 ns
[1584.170s][info ][safepoint      ] Safepoint "Cleanup", Time since last: 1000112280 ns, Reaching safepoint: 5100 ns, Cleanup: 6800 ns, At safepoint: 1800 ns, Total: 13700 ns
[1585.170s][info ][safepoint      ] Safepoint "Cleanup", Time since last: 1000105380 ns, Reaching safepoint: 7900 ns, Cleanup: 23300 ns, At safepoint: 2200 ns, Total: 33400 ns
[1586.170s][info ][safepoint      ] Safepoint "Cleanup", Time since last: 1000136480 ns, Reaching safepoint: 8001 ns, Cleanup: 11800 ns, At safepoint: 2800 ns, Total: 22601 ns
[1587.170s][info ][safepoint      ] Safepoint "Cleanup", Time since last: 1000110478 ns, Reaching safepoint: 5701 ns, Cleanup: 14100 ns, At safepoint: 1900 ns, Total: 21701 ns
[1588.170s][info ][safepoint      ] Safepoint "Cleanup", Time since last: 1000101677 ns, Reaching safepoint: 5400 ns, Cleanup: 11100 ns, At safepoint: 1700 ns, Total: 18200 ns
[1590.170s][info ][safepoint      ] Safepoint "Cleanup", Time since last: 2000166054 ns, Reaching safepoint: 5500 ns, Cleanup: 7101 ns, At safepoint: 5100 ns, Total: 17701 ns
[1591.170s][info ][safepoint      ] Safepoint "Cleanup", Time since last: 1000095377 ns, Reaching safepoint: 5500 ns, Cleanup: 6200 ns, At safepoint: 2200 ns, Total: 13900 ns
[1592.171s][info ][safepoint      ] Safepoint "Cleanup", Time since last: 1000094777 ns, Reaching safepoint: 5400 ns, Cleanup: 15400 ns, At safepoint: 1600 ns, Total: 22400 ns
[1595.171s][info ][safepoint      ] Safepoint "Cleanup", Time since last: 3000241649 ns, Reaching safepoint: 6100 ns, Cleanup: 7700 ns, At safepoint: 2700 ns, Total: 16500 ns
[1596.171s][info ][safepoint      ] Safepoint "Cleanup", Time since last: 1000105813 ns, Reaching safepoint: 6300 ns, Cleanup: 8700 ns, At safepoint: 1900 ns, Total: 16900 ns
[1597.171s][info ][safepoint      ] Safepoint "Cleanup", Time since last: 1000096813 ns, Reaching safepoint: 5900 ns, Cleanup: 8400 ns, At safepoint: 1901 ns, Total: 16201 ns
[1599.171s][info ][safepoint      ] Safepoint "Cleanup", Time since last: 2000184825 ns, Reaching safepoint: 80201 ns, Cleanup: 6100 ns, At safepoint: 12500 ns, Total: 98801 ns
[1601.172s][info ][safepoint      ] Safepoint "Cleanup", Time since last: 2000168326 ns, Reaching safepoint: 5600 ns, Cleanup: 8100 ns, At safepoint: 1600 ns, Total: 15300 ns
[1603.172s][info ][safepoint      ] Safepoint "Cleanup", Time since last: 2000182668 ns, Reaching safepoint: 5600 ns, Cleanup: 7000 ns, At safepoint: 1900 ns, Total: 14500 ns
[1604.172s][info ][safepoint      ] Safepoint "Cleanup", Time since last: 1000102802 ns, Reaching safepoint: 6000 ns, Cleanup: 10800 ns, At safepoint: 1800 ns, Total: 18600 ns
[1606.172s][info ][safepoint      ] Safepoint "Cleanup", Time since last: 2000164504 ns, Reaching safepoint: 5700 ns, Cleanup: 8300 ns, At safepoint: 1600 ns, Total: 15600 ns
[1611.172s][info ][safepoint      ] Safepoint "Cleanup", Time since last: 5000405853 ns, Reaching safepoint: 6200 ns, Cleanup: 13001 ns, At safepoint: 2500 ns, Total: 21701 ns
[1612.173s][info ][safepoint      ] Safepoint "Cleanup", Time since last: 1000101482 ns, Reaching safepoint: 5600 ns, Cleanup: 6200 ns, At safepoint: 1800 ns, Total: 13600 ns
[1614.173s][info ][safepoint      ] Safepoint "Cleanup", Time since last: 2000161765 ns, Reaching safepoint: 5200 ns, Cleanup: 7200 ns, At safepoint: 1500 ns, Total: 13900 ns
[1615.173s][info ][safepoint      ] Safepoint "Cleanup", Time since last: 1000103083 ns, Reaching safepoint: 6300 ns, Cleanup: 8900 ns, At safepoint: 2100 ns, Total: 17300 ns
[1619.173s][info ][safepoint      ] Safepoint "Cleanup", Time since last: 4000311332 ns, Reaching safepoint: 5900 ns, Cleanup: 8100 ns, At safepoint: 2000 ns, Total: 16000 ns
[1621.523s][info ][safepoint      ] Safepoint "Cleanup", Time since last: 2349685015 ns, Reaching safepoint: 7200 ns, Cleanup: 7500 ns, At safepoint: 2100 ns, Total: 16800 ns
[1622.523s][info ][safepoint      ] Safepoint "Cleanup", Time since last: 1000116489 ns, Reaching safepoint: 5900 ns, Cleanup: 8000 ns, At safepoint: 2100 ns, Total: 16000 ns
[1623.523s][info ][safepoint      ] Safepoint "Cleanup", Time since last: 1000127490 ns, Reaching safepoint: 6000 ns, Cleanup: 9100 ns, At safepoint: 16000 ns, Total: 31100 ns
[1626.523s][info ][safepoint      ] Safepoint "Cleanup", Time since last: 3000253267 ns, Reaching safepoint: 6300 ns, Cleanup: 11400 ns, At safepoint: 2300 ns, Total: 20000 ns
[1632.524s][info ][safepoint      ] Safepoint "Cleanup", Time since last: 6000535299 ns, Reaching safepoint: 6500 ns, Cleanup: 9700 ns, At safepoint: 2400 ns, Total: 18600 ns
[1633.524s][info ][safepoint      ] Safepoint "Cleanup", Time since last: 1000101083 ns, Reaching safepoint: 5300 ns, Cleanup: 6000 ns, At safepoint: 1800 ns, Total: 13100 ns
[1634.524s][info ][safepoint      ] Safepoint "Cleanup", Time since last: 1000089583 ns, Reaching safepoint: 5400 ns, Cleanup: 12600 ns, At safepoint: 1600 ns, Total: 19600 ns
[1635.524s][info ][safepoint      ] Safepoint "Cleanup", Time since last: 1000096895 ns, Reaching safepoint: 76401 ns, Cleanup: 12800 ns, At safepoint: 5400 ns, Total: 94601 ns
[1636.525s][info ][safepoint      ] Safepoint "Cleanup", Time since last: 1000101499 ns, Reaching safepoint: 6900 ns, Cleanup: 9900 ns, At safepoint: 2400 ns, Total: 19200 ns
[1637.525s][info ][safepoint      ] Safepoint "Cleanup", Time since last: 1000117099 ns, Reaching safepoint: 6400 ns, Cleanup: 9000 ns, At safepoint: 2500 ns, Total: 17900 ns
[1638.525s][info ][safepoint      ] Safepoint "Cleanup", Time since last: 1000129699 ns, Reaching safepoint: 6100 ns, Cleanup: 8800 ns, At safepoint: 2300 ns, Total: 17200 ns
[1640.525s][info ][safepoint      ] Safepoint "Cleanup", Time since last: 2000166197 ns, Reaching safepoint: 5700 ns, Cleanup: 21501 ns, At safepoint: 1900 ns, Total: 29101 ns
[1641.266s][info ][gc,start       ] GC(49) Pause Young (Allocation Failure)
[1641.277s][debug][gc,phases      ] GC(49) Scavenge 11.254ms
[1641.277s][debug][gc,ref         ] GC(49) ReferenceProcessor::execute queues: 1, RefProcThreadModel::Single, marks_oops_alive: false
[1641.277s][debug][gc,ref         ] GC(49) Skipped KeepAliveFinalRefsPhase of Reference Processing: no references
[1641.277s][debug][gc,ref         ] GC(49) ReferenceProcessor::execute queues: 1, RefProcThreadModel::Single, marks_oops_alive: false
[1641.277s][debug][gc,phases      ] GC(49) Reference Processing 0.087ms
[1641.278s][debug][gc,phases      ] GC(49)   VM Weak                        Min:  0.0, Avg:  0.0, Max:  0.0, Diff:  0.0, Sum:  0.0, Workers: 4
[1641.278s][debug][gc,phases      ] GC(49)     Dead                           Min: 0, Avg:  0.0, Max: 0, Diff: 0, Sum: 0, Workers: 4
[1641.278s][debug][gc,phases      ] GC(49)     Total                          Min: 0, Avg: 240.5, Max: 704, Diff: 704, Sum: 962, Workers: 4
[1641.278s][debug][gc,phases      ] GC(49)   ObjectSynchronizer Weak        Min:  0.0, Avg:  0.0, Max:  0.0, Diff:  0.0, Sum:  0.0, Workers: 4
[1641.278s][debug][gc,phases      ] GC(49)     Dead                           Min: 0, Avg:  0.0, Max: 0, Diff: 0, Sum: 0, Workers: 4
[1641.278s][debug][gc,phases      ] GC(49)     Total                          Min: 0, Avg:  1.0, Max: 4, Diff: 4, Sum: 4, Workers: 4
[1641.278s][debug][gc,phases      ] GC(49)   JVMTI Tag Weak OopStorage      Min:  0.0, Avg:  0.0, Max:  0.0, Diff:  0.0, Sum:  0.0, Workers: 4
[1641.278s][debug][gc,phases      ] GC(49)     Dead                           Min: 0, Avg:  0.0, Max: 0, Diff: 0, Sum: 0, Workers: 4
[1641.278s][debug][gc,phases      ] GC(49)     Total                          Min: 0, Avg:  0.0, Max: 0, Diff: 0, Sum: 0, Workers: 4
[1641.278s][debug][gc,phases      ] GC(49)   StringTable Weak               Min:  0.0, Avg:  0.1, Max:  0.1, Diff:  0.1, Sum:  0.4, Workers: 4
[1641.278s][debug][gc,phases      ] GC(49)     Dead                           Min: 0, Avg:  0.0, Max: 0, Diff: 0, Sum: 0, Workers: 4
[1641.278s][debug][gc,phases      ] GC(49)     Total                          Min: 0, Avg: 11855.2, Max: 20542, Diff: 20542, Sum: 47421, Workers: 4
[1641.278s][debug][gc,phases      ] GC(49)   ResolvedMethodTable Weak       Min:  0.0, Avg:  0.0, Max:  0.0, Diff:  0.0, Sum:  0.1, Workers: 4
[1641.278s][debug][gc,phases      ] GC(49)     Dead                           Min: 0, Avg:  8.2, Max: 20, Diff: 20, Sum: 33, Workers: 4
[1641.278s][debug][gc,phases      ] GC(49)     Total                          Min: 0, Avg: 3806.8, Max: 6635, Diff: 6635, Sum: 15227, Workers: 4
[1641.278s][debug][gc,phases      ] GC(49)   JNI Weak                       Min:  0.0, Avg:  0.0, Max:  0.0, Diff:  0.0, Sum:  0.0, Workers: 4
[1641.278s][debug][gc,phases      ] GC(49)     Dead                           Min: 0, Avg:  0.0, Max: 0, Diff: 0, Sum: 0, Workers: 4
[1641.278s][debug][gc,phases      ] GC(49)     Total                          Min: 0, Avg: 13.0, Max: 52, Diff: 52, Sum: 52, Workers: 4
[1641.278s][debug][gc,phases      ] GC(49)   StringDedup Table Weak         Min:  0.0, Avg:  0.0, Max:  0.0, Diff:  0.0, Sum:  0.0, Workers: 4
[1641.278s][debug][gc,phases      ] GC(49)     Dead                           Min: 0, Avg:  0.0, Max: 0, Diff: 0, Sum: 0, Workers: 4
[1641.278s][debug][gc,phases      ] GC(49)     Total                          Min: 0, Avg:  0.0, Max: 0, Diff: 0, Sum: 0, Workers: 4
[1641.278s][debug][gc,phases      ] GC(49)   StringDedup Requests0 Weak     Min:  0.0, Avg:  0.0, Max:  0.0, Diff:  0.0, Sum:  0.0, Workers: 4
[1641.278s][debug][gc,phases      ] GC(49)     Dead                           Min: 0, Avg:  0.0, Max: 0, Diff: 0, Sum: 0, Workers: 4
[1641.278s][debug][gc,phases      ] GC(49)     Total                          Min: 0, Avg:  0.0, Max: 0, Diff: 0, Sum: 0, Workers: 4
[1641.278s][debug][gc,phases      ] GC(49)   StringDedup Requests1 Weak     Min:  0.0, Avg:  0.0, Max:  0.0, Diff:  0.0, Sum:  0.0, Workers: 4
[1641.278s][debug][gc,phases      ] GC(49)     Dead                           Min: 0, Avg:  0.0, Max: 0, Diff: 0, Sum: 0, Workers: 4
[1641.278s][debug][gc,phases      ] GC(49)     Total                          Min: 0, Avg:  0.0, Max: 0, Diff: 0, Sum: 0, Workers: 4
[1641.278s][debug][gc,phases      ] GC(49)   Weak JFR Old Object Samples    Min:  0.0, Avg:  0.0, Max:  0.0, Diff:  0.0, Sum:  0.0, Workers: 4
[1641.278s][debug][gc,phases      ] GC(49)     Dead                           Min: 0, Avg:  0.0, Max: 0, Diff: 0, Sum: 0, Workers: 4
[1641.278s][debug][gc,phases      ] GC(49)     Total                          Min: 0, Avg:  0.0, Max: 0, Diff: 0, Sum: 0, Workers: 4
[1641.278s][debug][gc,phases      ] GC(49) Weak Processing 0.385ms
[1641.278s][debug][gc,age         ] GC(49) Desired survivor size 59768832 bytes, new threshold 1 (max threshold 15)
[1641.278s][info ][gc,heap        ] GC(49) PSYoungGen: 1979072K(2034688K)->15680K(2031104K) Eden: 1968640K(1968640K)->0K(1968640K) From: 10432K(66048K)->15680K(62464K)
[1641.278s][info ][gc,heap        ] GC(49) ParOldGen: 415923K(416256K)->422755K(422912K)
[1641.278s][info ][gc,metaspace   ] GC(49) Metaspace: 109244K(110592K)->109244K(110592K) NonClass: 92844K(93632K)->92844K(93632K) Class: 16400K(16960K)->16400K(16960K)
[1641.278s][info ][gc             ] GC(49) Pause Young (Allocation Failure) 2338M->428M(2396M) 11.831ms
[1641.278s][info ][gc,cpu         ] GC(49) User=0.04s Sys=0.00s Real=0.01s
[1641.278s][info ][safepoint      ] Safepoint "ParallelGCFailedAllocation", Time since last: 740825443 ns, Reaching safepoint: 77401 ns, Cleanup: 4700 ns, At safepoint: 11900003 ns, Total: 11982104 ns
[1647.278s][info ][safepoint      ] Safepoint "Cleanup", Time since last: 6000420760 ns, Reaching safepoint: 6000 ns, Cleanup: 8300 ns, At safepoint: 2200 ns, Total: 16500 ns
[1650.279s][info ][safepoint      ] Safepoint "Cleanup", Time since last: 3000251775 ns, Reaching safepoint: 6100 ns, Cleanup: 8600 ns, At safepoint: 2600 ns, Total: 17300 ns
[1652.279s][info ][safepoint      ] Safepoint "Cleanup", Time since last: 2000176691 ns, Reaching safepoint: 6200 ns, Cleanup: 8500 ns, At safepoint: 2100 ns, Total: 16800 ns
[1654.279s][info ][safepoint      ] Safepoint "Cleanup", Time since last: 2000179893 ns, Reaching safepoint: 5700 ns, Cleanup: 14000 ns, At safepoint: 16900 ns, Total: 36600 ns
[1655.279s][info ][safepoint      ] Safepoint "Cleanup", Time since last: 1000098697 ns, Reaching safepoint: 5300 ns, Cleanup: 10500 ns, At safepoint: 1800 ns, Total: 17600 ns
[1661.280s][info ][safepoint      ] Safepoint "Cleanup", Time since last: 6000489477 ns, Reaching safepoint: 6700 ns, Cleanup: 12801 ns, At safepoint: 2000 ns, Total: 21501 ns
[1662.280s][info ][safepoint      ] Safepoint "Cleanup", Time since last: 1000137136 ns, Reaching safepoint: 6000 ns, Cleanup: 32700 ns, At safepoint: 2600 ns, Total: 41300 ns
[1663.280s][info ][safepoint      ] Safepoint "Cleanup", Time since last: 1000108137 ns, Reaching safepoint: 6700 ns, Cleanup: 8800 ns, At safepoint: 1900 ns, Total: 17400 ns
[1665.280s][info ][safepoint      ] Safepoint "Cleanup", Time since last: 2000178172 ns, Reaching safepoint: 4900 ns, Cleanup: 16800 ns, At safepoint: 2200 ns, Total: 23900 ns
[1666.280s][info ][safepoint      ] Safepoint "Cleanup", Time since last: 1000103936 ns, Reaching safepoint: 5600 ns, Cleanup: 9700 ns, At safepoint: 1900 ns, Total: 17200 ns
[1667.280s][info ][safepoint      ] Safepoint "Cleanup", Time since last: 1000103415 ns, Reaching safepoint: 5600 ns, Cleanup: 8400 ns, At safepoint: 2000 ns, Total: 16000 ns
[1669.281s][info ][safepoint      ] Safepoint "Cleanup", Time since last: 2000167888 ns, Reaching safepoint: 4500 ns, Cleanup: 7300 ns, At safepoint: 1900 ns, Total: 13700 ns
[1671.281s][info ][safepoint      ] Safepoint "Cleanup", Time since last: 2000158487 ns, Reaching safepoint: 4900 ns, Cleanup: 5400 ns, At safepoint: 1700 ns, Total: 12000 ns
[1673.281s][info ][safepoint      ] Safepoint "Cleanup", Time since last: 2000180388 ns, Reaching safepoint: 5800 ns, Cleanup: 8900 ns, At safepoint: 2500 ns, Total: 17200 ns
[1676.281s][info ][safepoint      ] Safepoint "Cleanup", Time since last: 3000231932 ns, Reaching safepoint: 4700 ns, Cleanup: 9200 ns, At safepoint: 1600 ns, Total: 15500 ns
[1677.281s][info ][safepoint      ] Safepoint "Cleanup", Time since last: 1000105628 ns, Reaching safepoint: 5500 ns, Cleanup: 8100 ns, At safepoint: 2100 ns, Total: 15700 ns
[1678.281s][info ][safepoint      ] Safepoint "Cleanup", Time since last: 1000098728 ns, Reaching safepoint: 5000 ns, Cleanup: 8700 ns, At safepoint: 1700 ns, Total: 15400 ns
[1681.541s][info ][safepoint      ] Safepoint "Cleanup", Time since last: 3259530146 ns, Reaching safepoint: 5101 ns, Cleanup: 8400 ns, At safepoint: 1800 ns, Total: 15301 ns
[1683.541s][info ][safepoint      ] Safepoint "Cleanup", Time since last: 2000204838 ns, Reaching safepoint: 5800 ns, Cleanup: 9301 ns, At safepoint: 2000 ns, Total: 17101 ns
[1687.542s][info ][safepoint      ] Safepoint "Cleanup", Time since last: 4000334019 ns, Reaching safepoint: 4700 ns, Cleanup: 8800 ns, At safepoint: 1600 ns, Total: 15100 ns
[1688.542s][info ][safepoint      ] Safepoint "Cleanup", Time since last: 1000109705 ns, Reaching safepoint: 5400 ns, Cleanup: 8700 ns, At safepoint: 2200 ns, Total: 16300 ns
[1689.542s][info ][safepoint      ] Safepoint "Cleanup", Time since last: 1000106405 ns, Reaching safepoint: 5200 ns, Cleanup: 6300 ns, At safepoint: 2300 ns, Total: 13800 ns
[1690.542s][info ][safepoint      ] Safepoint "Cleanup", Time since last: 1000107705 ns, Reaching safepoint: 5500 ns, Cleanup: 6400 ns, At safepoint: 2000 ns, Total: 13900 ns
[1692.542s][info ][safepoint      ] Safepoint "Cleanup", Time since last: 2000175701 ns, Reaching safepoint: 5600 ns, Cleanup: 7900 ns, At safepoint: 2000 ns, Total: 15500 ns
[1701.543s][info ][safepoint      ] Safepoint "Cleanup", Time since last: 9000922077 ns, Reaching safepoint: 5800 ns, Cleanup: 17000 ns, At safepoint: 1900 ns, Total: 24700 ns
[1716.544s][info ][safepoint      ] Safepoint "Cleanup", Time since last: 15001126818 ns, Reaching safepoint: 7600 ns, Cleanup: 11800 ns, At safepoint: 26800 ns, Total: 46200 ns
[1717.256s][info ][gc,start       ] GC(50) Pause Young (Allocation Failure)
[1717.266s][debug][gc,phases      ] GC(50) Scavenge 10.347ms
[1717.266s][debug][gc,ref         ] GC(50) ReferenceProcessor::execute queues: 1, RefProcThreadModel::Single, marks_oops_alive: false
[1717.266s][debug][gc,ref         ] GC(50) Skipped KeepAliveFinalRefsPhase of Reference Processing: no references
[1717.266s][debug][gc,ref         ] GC(50) ReferenceProcessor::execute queues: 1, RefProcThreadModel::Single, marks_oops_alive: false
[1717.266s][debug][gc,phases      ] GC(50) Reference Processing 0.146ms
[1717.267s][debug][gc,phases      ] GC(50)   VM Weak                        Min:  0.0, Avg:  0.0, Max:  0.0, Diff:  0.0, Sum:  0.0, Workers: 4
[1717.267s][debug][gc,phases      ] GC(50)     Dead                           Min: 0, Avg:  0.0, Max: 0, Diff: 0, Sum: 0, Workers: 4
[1717.267s][debug][gc,phases      ] GC(50)     Total                          Min: 0, Avg: 241.5, Max: 838, Diff: 838, Sum: 966, Workers: 4
[1717.267s][debug][gc,phases      ] GC(50)   ObjectSynchronizer Weak        Min:  0.0, Avg:  0.0, Max:  0.0, Diff:  0.0, Sum:  0.0, Workers: 4
[1717.267s][debug][gc,phases      ] GC(50)     Dead                           Min: 0, Avg:  0.0, Max: 0, Diff: 0, Sum: 0, Workers: 4
[1717.267s][debug][gc,phases      ] GC(50)     Total                          Min: 0, Avg:  1.0, Max: 4, Diff: 4, Sum: 4, Workers: 4
[1717.267s][debug][gc,phases      ] GC(50)   JVMTI Tag Weak OopStorage      Min:  0.0, Avg:  0.0, Max:  0.0, Diff:  0.0, Sum:  0.0, Workers: 4
[1717.267s][debug][gc,phases      ] GC(50)     Dead                           Min: 0, Avg:  0.0, Max: 0, Diff: 0, Sum: 0, Workers: 4
[1717.267s][debug][gc,phases      ] GC(50)     Total                          Min: 0, Avg:  0.0, Max: 0, Diff: 0, Sum: 0, Workers: 4
[1717.267s][debug][gc,phases      ] GC(50)   StringTable Weak               Min:  0.1, Avg:  0.1, Max:  0.1, Diff:  0.0, Sum:  0.5, Workers: 4
[1717.267s][debug][gc,phases      ] GC(50)     Dead                           Min: 0, Avg:  0.5, Max: 2, Diff: 2, Sum: 2, Workers: 4
[1717.267s][debug][gc,phases      ] GC(50)     Total                          Min: 10959, Avg: 11859.2, Max: 12352, Diff: 1393, Sum: 47437, Workers: 4
[1717.267s][debug][gc,phases      ] GC(50)   ResolvedMethodTable Weak       Min:  0.0, Avg:  0.0, Max:  0.0, Diff:  0.0, Sum:  0.2, Workers: 4
[1717.267s][debug][gc,phases      ] GC(50)     Dead                           Min: 0, Avg:  6.0, Max: 12, Diff: 12, Sum: 24, Workers: 4
[1717.267s][debug][gc,phases      ] GC(50)     Total                          Min: 3738, Avg: 3814.5, Max: 3895, Diff: 157, Sum: 15258, Workers: 4
[1717.267s][debug][gc,phases      ] GC(50)   JNI Weak                       Min:  0.0, Avg:  0.0, Max:  0.0, Diff:  0.0, Sum:  0.0, Workers: 4
[1717.267s][debug][gc,phases      ] GC(50)     Dead                           Min: 0, Avg:  0.0, Max: 0, Diff: 0, Sum: 0, Workers: 4
[1717.267s][debug][gc,phases      ] GC(50)     Total                          Min: 0, Avg: 13.0, Max: 52, Diff: 52, Sum: 52, Workers: 4
[1717.267s][debug][gc,phases      ] GC(50)   StringDedup Table Weak         Min:  0.0, Avg:  0.0, Max:  0.0, Diff:  0.0, Sum:  0.0, Workers: 4
[1717.267s][debug][gc,phases      ] GC(50)     Dead                           Min: 0, Avg:  0.0, Max: 0, Diff: 0, Sum: 0, Workers: 4
[1717.267s][debug][gc,phases      ] GC(50)     Total                          Min: 0, Avg:  0.0, Max: 0, Diff: 0, Sum: 0, Workers: 4
[1717.267s][debug][gc,phases      ] GC(50)   StringDedup Requests0 Weak     Min:  0.0, Avg:  0.0, Max:  0.0, Diff:  0.0, Sum:  0.0, Workers: 4
[1717.267s][debug][gc,phases      ] GC(50)     Dead                           Min: 0, Avg:  0.0, Max: 0, Diff: 0, Sum: 0, Workers: 4
[1717.267s][debug][gc,phases      ] GC(50)     Total                          Min: 0, Avg:  0.0, Max: 0, Diff: 0, Sum: 0, Workers: 4
[1717.267s][debug][gc,phases      ] GC(50)   StringDedup Requests1 Weak     Min:  0.0, Avg:  0.0, Max:  0.0, Diff:  0.0, Sum:  0.0, Workers: 4
[1717.267s][debug][gc,phases      ] GC(50)     Dead                           Min: 0, Avg:  0.0, Max: 0, Diff: 0, Sum: 0, Workers: 4
[1717.267s][debug][gc,phases      ] GC(50)     Total                          Min: 0, Avg:  0.0, Max: 0, Diff: 0, Sum: 0, Workers: 4
[1717.267s][debug][gc,phases      ] GC(50)   Weak JFR Old Object Samples    Min:  0.0, Avg:  0.0, Max:  0.0, Diff:  0.0, Sum:  0.0, Workers: 4
[1717.267s][debug][gc,phases      ] GC(50)     Dead                           Min: 0, Avg:  0.0, Max: 0, Diff: 0, Sum: 0, Workers: 4
[1717.267s][debug][gc,phases      ] GC(50)     Total                          Min: 0, Avg:  0.0, Max: 0, Diff: 0, Sum: 0, Workers: 4
[1717.267s][debug][gc,phases      ] GC(50) Weak Processing 0.345ms
[1717.267s][debug][gc,age         ] GC(50) Desired survivor size 56623104 bytes, new threshold 1 (max threshold 15)
[1717.267s][info ][gc,heap        ] GC(50) PSYoungGen: 1984320K(2031104K)->9248K(2041856K) Eden: 1968640K(1968640K)->0K(1983488K) From: 15680K(62464K)->9248K(58368K)
[1717.267s][info ][gc,heap        ] GC(50) ParOldGen: 422755K(422912K)->436195K(436224K)
[1717.267s][info ][gc,metaspace   ] GC(50) Metaspace: 109300K(110656K)->109300K(110656K) NonClass: 92892K(93632K)->92892K(93632K) Class: 16408K(17024K)->16408K(17024K)
[1717.267s][info ][gc             ] GC(50) Pause Young (Allocation Failure) 2350M->435M(2420M) 10.988ms
[1717.267s][info ][gc,cpu         ] GC(50) User=0.03s Sys=0.01s Real=0.01s
[1717.267s][info ][safepoint      ] Safepoint "ParallelGCFailedAllocation", Time since last: 711414404 ns, Reaching safepoint: 99101 ns, Cleanup: 9900 ns, At safepoint: 11069496 ns, Total: 11178497 ns
[1718.267s][info ][safepoint      ] Safepoint "Cleanup", Time since last: 1000087821 ns, Reaching safepoint: 76300 ns, Cleanup: 8801 ns, At safepoint: 5200 ns, Total: 90301 ns
[1727.268s][info ][safepoint      ] Safepoint "Cleanup", Time since last: 9000636639 ns, Reaching safepoint: 84001 ns, Cleanup: 33600 ns, At safepoint: 6500 ns, Total: 124101 ns
[1728.268s][info ][safepoint      ] Safepoint "Cleanup", Time since last: 1000102311 ns, Reaching safepoint: 90601 ns, Cleanup: 8500 ns, At safepoint: 7100 ns, Total: 106201 ns
[1735.269s][info ][safepoint      ] Safepoint "Cleanup", Time since last: 7000597869 ns, Reaching safepoint: 5600 ns, Cleanup: 9700 ns, At safepoint: 2000 ns, Total: 17300 ns
[1737.269s][info ][safepoint      ] Safepoint "Cleanup", Time since last: 2000174774 ns, Reaching safepoint: 6100 ns, Cleanup: 7300 ns, At safepoint: 1800 ns, Total: 15200 ns
[1740.269s][info ][safepoint      ] Safepoint "Cleanup", Time since last: 3000242641 ns, Reaching safepoint: 5300 ns, Cleanup: 7100 ns, At safepoint: 1700 ns, Total: 14100 ns
[1741.563s][info ][safepoint      ] Safepoint "Cleanup", Time since last: 1293589302 ns, Reaching safepoint: 5400 ns, Cleanup: 7100 ns, At safepoint: 1900 ns, Total: 14400 ns
[1744.563s][info ][safepoint      ] Safepoint "Cleanup", Time since last: 3000255045 ns, Reaching safepoint: 5500 ns, Cleanup: 8600 ns, At safepoint: 1900 ns, Total: 16000 ns
[1747.563s][info ][safepoint      ] Safepoint "Cleanup", Time since last: 3000243180 ns, Reaching safepoint: 5500 ns, Cleanup: 8400 ns, At safepoint: 2100 ns, Total: 16000 ns
[1750.563s][info ][safepoint      ] Safepoint "Cleanup", Time since last: 3000236558 ns, Reaching safepoint: 5500 ns, Cleanup: 7900 ns, At safepoint: 2300 ns, Total: 15700 ns
[1753.564s][info ][safepoint      ] Safepoint "Cleanup", Time since last: 3000245158 ns, Reaching safepoint: 5700 ns, Cleanup: 7701 ns, At safepoint: 1800 ns, Total: 15201 ns
[1755.564s][info ][safepoint      ] Safepoint "Cleanup", Time since last: 2000172345 ns, Reaching safepoint: 5600 ns, Cleanup: 10000 ns, At safepoint: 2100 ns, Total: 17700 ns
[1756.564s][info ][safepoint      ] Safepoint "Cleanup", Time since last: 1000098129 ns, Reaching safepoint: 5500 ns, Cleanup: 8100 ns, At safepoint: 1700 ns, Total: 15300 ns
[1758.564s][info ][safepoint      ] Safepoint "Cleanup", Time since last: 2000168659 ns, Reaching safepoint: 6700 ns, Cleanup: 49300 ns, At safepoint: 2500 ns, Total: 58500 ns
[1759.564s][info ][safepoint      ] Safepoint "Cleanup", Time since last: 1000114029 ns, Reaching safepoint: 6000 ns, Cleanup: 14000 ns, At safepoint: 2100 ns, Total: 22100 ns
[1760.564s][info ][safepoint      ] Safepoint "Cleanup", Time since last: 1000098530 ns, Reaching safepoint: 5600 ns, Cleanup: 15400 ns, At safepoint: 2200 ns, Total: 23200 ns
[1761.565s][info ][safepoint      ] Safepoint "Cleanup", Time since last: 1000105529 ns, Reaching safepoint: 7300 ns, Cleanup: 8900 ns, At safepoint: 3800 ns, Total: 20000 ns
[1762.565s][info ][safepoint      ] Safepoint "Cleanup", Time since last: 1000124330 ns, Reaching safepoint: 78700 ns, Cleanup: 11000 ns, At safepoint: 6600 ns, Total: 96300 ns
[1763.565s][info ][safepoint      ] Safepoint "Cleanup", Time since last: 1000120102 ns, Reaching safepoint: 83000 ns, Cleanup: 9501 ns, At safepoint: 7800 ns, Total: 100301 ns
[1765.565s][info ][safepoint      ] Safepoint "Cleanup", Time since last: 2000182274 ns, Reaching safepoint: 79701 ns, Cleanup: 14100 ns, At safepoint: 7600 ns, Total: 101401 ns
[1766.565s][info ][safepoint      ] Safepoint "Cleanup", Time since last: 1000110588 ns, Reaching safepoint: 5800 ns, Cleanup: 20700 ns, At safepoint: 10000 ns, Total: 36500 ns
[1767.566s][info ][safepoint      ] Safepoint "Cleanup", Time since last: 1000113188 ns, Reaching safepoint: 80101 ns, Cleanup: 12900 ns, At safepoint: 6800 ns, Total: 99801 ns
[1768.566s][info ][safepoint      ] Safepoint "Cleanup", Time since last: 1000115887 ns, Reaching safepoint: 76701 ns, Cleanup: 12400 ns, At safepoint: 5200 ns, Total: 94301 ns
[1770.309s][info ][safepoint      ] Safepoint "ParallelGCFailedAllocation", Time since last: 1742902240 ns, Reaching safepoint: 81801 ns, Cleanup: 3600 ns, At safepoint: 63901 ns, Total: 149302 ns
[1770.309s][info ][gc,start       ] GC(51) Pause Young (GCLocker Initiated GC)
[1770.321s][debug][gc,phases      ] GC(51) Scavenge 12.022ms
[1770.321s][debug][gc,ref         ] GC(51) ReferenceProcessor::execute queues: 1, RefProcThreadModel::Single, marks_oops_alive: false
[1770.321s][debug][gc,ref         ] GC(51) Skipped KeepAliveFinalRefsPhase of Reference Processing: no references
[1770.321s][debug][gc,ref         ] GC(51) ReferenceProcessor::execute queues: 1, RefProcThreadModel::Single, marks_oops_alive: false
[1770.321s][debug][gc,phases      ] GC(51) Reference Processing 0.117ms
[1770.322s][debug][gc,phases      ] GC(51)   VM Weak                        Min:  0.0, Avg:  0.0, Max:  0.0, Diff:  0.0, Sum:  0.0, Workers: 4
[1770.322s][debug][gc,phases      ] GC(51)     Dead                           Min: 0, Avg:  0.0, Max: 0, Diff: 0, Sum: 0, Workers: 4
[1770.322s][debug][gc,phases      ] GC(51)     Total                          Min: 0, Avg: 241.5, Max: 512, Diff: 512, Sum: 966, Workers: 4
[1770.322s][debug][gc,phases      ] GC(51)   ObjectSynchronizer Weak        Min:  0.0, Avg:  0.0, Max:  0.0, Diff:  0.0, Sum:  0.0, Workers: 4
[1770.322s][debug][gc,phases      ] GC(51)     Dead                           Min: 0, Avg:  0.0, Max: 0, Diff: 0, Sum: 0, Workers: 4
[1770.322s][debug][gc,phases      ] GC(51)     Total                          Min: 0, Avg:  1.5, Max: 6, Diff: 6, Sum: 6, Workers: 4
[1770.322s][debug][gc,phases      ] GC(51)   JVMTI Tag Weak OopStorage      Min:  0.0, Avg:  0.0, Max:  0.0, Diff:  0.0, Sum:  0.0, Workers: 4
[1770.322s][debug][gc,phases      ] GC(51)     Dead                           Min: 0, Avg:  0.0, Max: 0, Diff: 0, Sum: 0, Workers: 4
[1770.322s][debug][gc,phases      ] GC(51)     Total                          Min: 0, Avg:  0.0, Max: 0, Diff: 0, Sum: 0, Workers: 4
[1770.322s][debug][gc,phases      ] GC(51)   StringTable Weak               Min:  0.0, Avg:  0.1, Max:  0.1, Diff:  0.1, Sum:  0.4, Workers: 4
[1770.322s][debug][gc,phases      ] GC(51)     Dead                           Min: 0, Avg:  0.2, Max: 1, Diff: 1, Sum: 1, Workers: 4
[1770.322s][debug][gc,phases      ] GC(51)     Total                          Min: 0, Avg: 11861.8, Max: 20862, Diff: 20862, Sum: 47447, Workers: 4
[1770.322s][debug][gc,phases      ] GC(51)   ResolvedMethodTable Weak       Min:  0.0, Avg:  0.0, Max:  0.1, Diff:  0.1, Sum:  0.2, Workers: 4
[1770.322s][debug][gc,phases      ] GC(51)     Dead                           Min: 0, Avg:  4.8, Max: 13, Diff: 13, Sum: 19, Workers: 4
[1770.322s][debug][gc,phases      ] GC(51)     Total                          Min: 0, Avg: 3816.0, Max: 5519, Diff: 5519, Sum: 15264, Workers: 4
[1770.322s][debug][gc,phases      ] GC(51)   JNI Weak                       Min:  0.0, Avg:  0.0, Max:  0.0, Diff:  0.0, Sum:  0.0, Workers: 4
[1770.322s][debug][gc,phases      ] GC(51)     Dead                           Min: 0, Avg:  0.0, Max: 0, Diff: 0, Sum: 0, Workers: 4
[1770.322s][debug][gc,phases      ] GC(51)     Total                          Min: 0, Avg: 13.0, Max: 52, Diff: 52, Sum: 52, Workers: 4
[1770.322s][debug][gc,phases      ] GC(51)   StringDedup Table Weak         Min:  0.0, Avg:  0.0, Max:  0.0, Diff:  0.0, Sum:  0.0, Workers: 4
[1770.322s][debug][gc,phases      ] GC(51)     Dead                           Min: 0, Avg:  0.0, Max: 0, Diff: 0, Sum: 0, Workers: 4
[1770.322s][debug][gc,phases      ] GC(51)     Total                          Min: 0, Avg:  0.0, Max: 0, Diff: 0, Sum: 0, Workers: 4
[1770.322s][debug][gc,phases      ] GC(51)   StringDedup Requests0 Weak     Min:  0.0, Avg:  0.0, Max:  0.0, Diff:  0.0, Sum:  0.0, Workers: 4
[1770.322s][debug][gc,phases      ] GC(51)     Dead                           Min: 0, Avg:  0.0, Max: 0, Diff: 0, Sum: 0, Workers: 4
[1770.322s][debug][gc,phases      ] GC(51)     Total                          Min: 0, Avg:  0.0, Max: 0, Diff: 0, Sum: 0, Workers: 4
[1770.322s][debug][gc,phases      ] GC(51)   StringDedup Requests1 Weak     Min:  0.0, Avg:  0.0, Max:  0.0, Diff:  0.0, Sum:  0.0, Workers: 4
[1770.322s][debug][gc,phases      ] GC(51)     Dead                           Min: 0, Avg:  0.0, Max: 0, Diff: 0, Sum: 0, Workers: 4
[1770.322s][debug][gc,phases      ] GC(51)     Total                          Min: 0, Avg:  0.0, Max: 0, Diff: 0, Sum: 0, Workers: 4
[1770.322s][debug][gc,phases      ] GC(51)   Weak JFR Old Object Samples    Min:  0.0, Avg:  0.0, Max:  0.0, Diff:  0.0, Sum:  0.0, Workers: 4
[1770.322s][debug][gc,phases      ] GC(51)     Dead                           Min: 0, Avg:  0.0, Max: 0, Diff: 0, Sum: 0, Workers: 4
[1770.322s][debug][gc,phases      ] GC(51)     Total                          Min: 0, Avg:  0.0, Max: 0, Diff: 0, Sum: 0, Workers: 4
[1770.322s][debug][gc,phases      ] GC(51) Weak Processing 0.399ms
[1770.322s][debug][gc,age         ] GC(51) Desired survivor size 56098816 bytes, new threshold 1 (max threshold 15)
[1770.322s][info ][gc,heap        ] GC(51) PSYoungGen: 1992736K(2041856K)->25616K(2038784K) Eden: 1983488K(1983488K)->0K(1983488K) From: 9248K(58368K)->25616K(55296K)
[1770.322s][info ][gc,heap        ] GC(51) ParOldGen: 436451K(436736K)->443260K(443392K)
[1770.322s][info ][gc,metaspace   ] GC(51) Metaspace: 109342K(110720K)->109342K(110720K) NonClass: 92933K(93696K)->92933K(93696K) Class: 16409K(17024K)->16409K(17024K)
[1770.322s][info ][gc             ] GC(51) Pause Young (GCLocker Initiated GC) 2372M->457M(2424M) 12.647ms
[1770.322s][info ][gc,cpu         ] GC(51) User=0.04s Sys=0.01s Real=0.02s
[1770.322s][info ][safepoint      ] Safepoint "ParallelGCSystemGC", Time since last: 243702 ns, Reaching safepoint: 74000 ns, Cleanup: 1100 ns, At safepoint: 12718411 ns, Total: 12793511 ns
[1771.322s][info ][safepoint      ] Safepoint "Cleanup", Time since last: 1000090885 ns, Reaching safepoint: 5700 ns, Cleanup: 16100 ns, At safepoint: 1800 ns, Total: 23600 ns
[1772.322s][info ][safepoint      ] Safepoint "Cleanup", Time since last: 1000090983 ns, Reaching safepoint: 5100 ns, Cleanup: 12600 ns, At safepoint: 1900 ns, Total: 19600 ns
[1773.322s][info ][safepoint      ] Safepoint "Cleanup", Time since last: 1000092883 ns, Reaching safepoint: 5900 ns, Cleanup: 11100 ns, At safepoint: 1900 ns, Total: 18900 ns
[1774.322s][info ][safepoint      ] Safepoint "Cleanup", Time since last: 1000120483 ns, Reaching safepoint: 6600 ns, Cleanup: 9800 ns, At safepoint: 2400 ns, Total: 18800 ns
[1775.323s][info ][safepoint      ] Safepoint "Cleanup", Time since last: 1000128484 ns, Reaching safepoint: 5100 ns, Cleanup: 6000 ns, At safepoint: 1900 ns, Total: 13000 ns
[1776.323s][info ][safepoint      ] Safepoint "Cleanup", Time since last: 1000097482 ns, Reaching safepoint: 5300 ns, Cleanup: 12401 ns, At safepoint: 1800 ns, Total: 19501 ns
[1778.323s][info ][safepoint      ] Safepoint "Cleanup", Time since last: 2000183665 ns, Reaching safepoint: 4900 ns, Cleanup: 7200 ns, At safepoint: 2100 ns, Total: 14200 ns
[1780.323s][info ][safepoint      ] Safepoint "Cleanup", Time since last: 2000167570 ns, Reaching safepoint: 6100 ns, Cleanup: 12200 ns, At safepoint: 2100 ns, Total: 20400 ns
[1782.323s][info ][safepoint      ] Safepoint "Cleanup", Time since last: 2000176572 ns, Reaching safepoint: 5500 ns, Cleanup: 8900 ns, At safepoint: 1800 ns, Total: 16200 ns
[1784.323s][info ][safepoint      ] Safepoint "Cleanup", Time since last: 2000174871 ns, Reaching safepoint: 6100 ns, Cleanup: 17300 ns, At safepoint: 2200 ns, Total: 25600 ns
[1786.324s][info ][safepoint      ] Safepoint "Cleanup", Time since last: 2000178872 ns, Reaching safepoint: 78601 ns, Cleanup: 8600 ns, At safepoint: 7100 ns, Total: 94301 ns
[1788.324s][info ][safepoint      ] Safepoint "Cleanup", Time since last: 2000186368 ns, Reaching safepoint: 5600 ns, Cleanup: 10200 ns, At safepoint: 2300 ns, Total: 18100 ns
[1791.324s][info ][safepoint      ] Safepoint "Cleanup", Time since last: 3000252150 ns, Reaching safepoint: 5600 ns, Cleanup: 9800 ns, At safepoint: 1500 ns, Total: 16900 ns
[1792.655s][info ][gc,start       ] GC(52) Pause Young (Allocation Failure)
[1792.681s][debug][gc,phases      ] GC(52) Scavenge 26.729ms
[1792.681s][debug][gc,ref         ] GC(52) ReferenceProcessor::execute queues: 1, RefProcThreadModel::Single, marks_oops_alive: false
[1792.681s][debug][gc,ref         ] GC(52) Skipped KeepAliveFinalRefsPhase of Reference Processing: no references
[1792.681s][debug][gc,ref         ] GC(52) ReferenceProcessor::execute queues: 1, RefProcThreadModel::Single, marks_oops_alive: false
[1792.681s][debug][gc,phases      ] GC(52) Reference Processing 0.104ms
[1792.682s][debug][gc,phases      ] GC(52)   VM Weak                        Min:  0.0, Avg:  0.0, Max:  0.0, Diff:  0.0, Sum:  0.0, Workers: 4
[1792.682s][debug][gc,phases      ] GC(52)     Dead                           Min: 0, Avg:  0.0, Max: 0, Diff: 0, Sum: 0, Workers: 4
[1792.682s][debug][gc,phases      ] GC(52)     Total                          Min: 0, Avg: 241.5, Max: 582, Diff: 582, Sum: 966, Workers: 4
[1792.682s][debug][gc,phases      ] GC(52)   ObjectSynchronizer Weak        Min:  0.0, Avg:  0.0, Max:  0.0, Diff:  0.0, Sum:  0.0, Workers: 4
[1792.682s][debug][gc,phases      ] GC(52)     Dead                           Min: 0, Avg:  0.0, Max: 0, Diff: 0, Sum: 0, Workers: 4
[1792.682s][debug][gc,phases      ] GC(52)     Total                          Min: 0, Avg:  1.5, Max: 6, Diff: 6, Sum: 6, Workers: 4
[1792.682s][debug][gc,phases      ] GC(52)   JVMTI Tag Weak OopStorage      Min:  0.0, Avg:  0.0, Max:  0.0, Diff:  0.0, Sum:  0.0, Workers: 4
[1792.682s][debug][gc,phases      ] GC(52)     Dead                           Min: 0, Avg:  0.0, Max: 0, Diff: 0, Sum: 0, Workers: 4
[1792.682s][debug][gc,phases      ] GC(52)     Total                          Min: 0, Avg:  0.0, Max: 0, Diff: 0, Sum: 0, Workers: 4
[1792.682s][debug][gc,phases      ] GC(52)   StringTable Weak               Min:  0.0, Avg:  0.1, Max:  0.1, Diff:  0.1, Sum:  0.4, Workers: 4
[1792.682s][debug][gc,phases      ] GC(52)     Dead                           Min: 0, Avg:  0.0, Max: 0, Diff: 0, Sum: 0, Workers: 4
[1792.682s][debug][gc,phases      ] GC(52)     Total                          Min: 0, Avg: 11862.0, Max: 20798, Diff: 20798, Sum: 47448, Workers: 4
[1792.682s][debug][gc,phases      ] GC(52)   ResolvedMethodTable Weak       Min:  0.0, Avg:  0.0, Max:  0.0, Diff:  0.0, Sum:  0.1, Workers: 4
[1792.682s][debug][gc,phases      ] GC(52)     Dead                           Min: 0, Avg:  4.0, Max: 16, Diff: 16, Sum: 16, Workers: 4
[1792.682s][debug][gc,phases      ] GC(52)     Total                          Min: 0, Avg: 3816.0, Max: 6322, Diff: 6322, Sum: 15264, Workers: 4
[1792.682s][debug][gc,phases      ] GC(52)   JNI Weak                       Min:  0.0, Avg:  0.0, Max:  0.0, Diff:  0.0, Sum:  0.0, Workers: 4
[1792.682s][debug][gc,phases      ] GC(52)     Dead                           Min: 0, Avg:  0.0, Max: 0, Diff: 0, Sum: 0, Workers: 4
[1792.682s][debug][gc,phases      ] GC(52)     Total                          Min: 0, Avg: 13.0, Max: 52, Diff: 52, Sum: 52, Workers: 4
[1792.682s][debug][gc,phases      ] GC(52)   StringDedup Table Weak         Min:  0.0, Avg:  0.0, Max:  0.0, Diff:  0.0, Sum:  0.0, Workers: 4
[1792.682s][debug][gc,phases      ] GC(52)     Dead                           Min: 0, Avg:  0.0, Max: 0, Diff: 0, Sum: 0, Workers: 4
[1792.682s][debug][gc,phases      ] GC(52)     Total                          Min: 0, Avg:  0.0, Max: 0, Diff: 0, Sum: 0, Workers: 4
[1792.682s][debug][gc,phases      ] GC(52)   StringDedup Requests0 Weak     Min:  0.0, Avg:  0.0, Max:  0.0, Diff:  0.0, Sum:  0.0, Workers: 4
[1792.682s][debug][gc,phases      ] GC(52)     Dead                           Min: 0, Avg:  0.0, Max: 0, Diff: 0, Sum: 0, Workers: 4
[1792.682s][debug][gc,phases      ] GC(52)     Total                          Min: 0, Avg:  0.0, Max: 0, Diff: 0, Sum: 0, Workers: 4
[1792.682s][debug][gc,phases      ] GC(52)   StringDedup Requests1 Weak     Min:  0.0, Avg:  0.0, Max:  0.0, Diff:  0.0, Sum:  0.0, Workers: 4
[1792.682s][debug][gc,phases      ] GC(52)     Dead                           Min: 0, Avg:  0.0, Max: 0, Diff: 0, Sum: 0, Workers: 4
[1792.682s][debug][gc,phases      ] GC(52)     Total                          Min: 0, Avg:  0.0, Max: 0, Diff: 0, Sum: 0, Workers: 4
[1792.682s][debug][gc,phases      ] GC(52)   Weak JFR Old Object Samples    Min:  0.0, Avg:  0.0, Max:  0.0, Diff:  0.0, Sum:  0.0, Workers: 4
[1792.682s][debug][gc,phases      ] GC(52)     Dead                           Min: 0, Avg:  0.0, Max: 0, Diff: 0, Sum: 0, Workers: 4
[1792.682s][debug][gc,phases      ] GC(52)     Total                          Min: 0, Avg:  0.0, Max: 0, Diff: 0, Sum: 0, Workers: 4
[1792.682s][debug][gc,phases      ] GC(52) Weak Processing 0.393ms
[1792.682s][debug][gc,age         ] GC(52) Desired survivor size 63963136 bytes, new threshold 1 (max threshold 15)
[1792.682s][info ][gc,heap        ] GC(52) PSYoungGen: 2009104K(2038784K)->47856K(2027008K) Eden: 1983488K(1983488K)->0K(1972224K) From: 25616K(55296K)->47856K(54784K)
[1792.682s][info ][gc,heap        ] GC(52) ParOldGen: 443270K(443392K)->467415K(467456K)
[1792.682s][info ][gc,metaspace   ] GC(52) Metaspace: 109357K(110720K)->109357K(110720K) NonClass: 92947K(93696K)->92947K(93696K) Class: 16409K(17024K)->16409K(17024K)
[1792.682s][info ][gc             ] GC(52) Pause Young (Allocation Failure) 2394M->503M(2436M) 27.347ms
[1792.682s][info ][gc,cpu         ] GC(52) User=0.09s Sys=0.02s Real=0.03s
[1792.682s][info ][safepoint      ] Safepoint "ParallelGCFailedAllocation", Time since last: 1330200450 ns, Reaching safepoint: 78900 ns, Cleanup: 5800 ns, At safepoint: 27419638 ns, Total: 27504338 ns
[1793.682s][info ][safepoint      ] Safepoint "Cleanup", Time since last: 1000109284 ns, Reaching safepoint: 6100 ns, Cleanup: 9300 ns, At safepoint: 2500 ns, Total: 17900 ns
[1798.682s][info ][safepoint      ] Safepoint "Cleanup", Time since last: 5000375138 ns, Reaching safepoint: 5500 ns, Cleanup: 9900 ns, At safepoint: 2400 ns, Total: 17800 ns
[1800.275s][info ][safepoint      ] Safepoint "Cleanup", Time since last: 1592564437 ns, Reaching safepoint: 31000 ns, Cleanup: 92101 ns, At safepoint: 6000 ns, Total: 129101 ns
[1801.590s][info ][safepoint      ] Safepoint "Cleanup", Time since last: 1314885424 ns, Reaching safepoint: 7200 ns, Cleanup: 24901 ns, At safepoint: 2100 ns, Total: 34201 ns
[1802.590s][info ][safepoint      ] Safepoint "Cleanup", Time since last: 1000096689 ns, Reaching safepoint: 77701 ns, Cleanup: 17800 ns, At safepoint: 11800 ns, Total: 107301 ns
[1803.590s][info ][safepoint      ] Safepoint "Cleanup", Time since last: 1000101190 ns, Reaching safepoint: 6600 ns, Cleanup: 7400 ns, At safepoint: 2200 ns, Total: 16200 ns
[1804.590s][info ][safepoint      ] Safepoint "Cleanup", Time since last: 1000099391 ns, Reaching safepoint: 6200 ns, Cleanup: 9400 ns, At safepoint: 2300 ns, Total: 17900 ns
[1806.591s][info ][safepoint      ] Safepoint "Cleanup", Time since last: 2000170382 ns, Reaching safepoint: 6300 ns, Cleanup: 11400 ns, At safepoint: 2600 ns, Total: 20300 ns
[1808.591s][info ][safepoint      ] Safepoint "Cleanup", Time since last: 2000176881 ns, Reaching safepoint: 6500 ns, Cleanup: 14201 ns, At safepoint: 2700 ns, Total: 23401 ns
[1809.591s][info ][safepoint      ] Safepoint "Cleanup", Time since last: 1000125691 ns, Reaching safepoint: 7200 ns, Cleanup: 10800 ns, At safepoint: 2300 ns, Total: 20300 ns
[1814.591s][info ][safepoint      ] Safepoint "Cleanup", Time since last: 5000373721 ns, Reaching safepoint: 6700 ns, Cleanup: 14201 ns, At safepoint: 2700 ns, Total: 23601 ns
[1822.593s][info ][safepoint      ] Safepoint "Cleanup", Time since last: 8001847069 ns, Reaching safepoint: 7000 ns, Cleanup: 11200 ns, At safepoint: 2900 ns, Total: 21100 ns
[1823.593s][info ][safepoint      ] Safepoint "Cleanup", Time since last: 1000086833 ns, Reaching safepoint: 7700 ns, Cleanup: 10300 ns, At safepoint: 3000 ns, Total: 21000 ns
[1825.594s][info ][safepoint      ] Safepoint "Cleanup", Time since last: 2000170765 ns, Reaching safepoint: 7400 ns, Cleanup: 17900 ns, At safepoint: 2100 ns, Total: 27400 ns
[1826.594s][info ][safepoint      ] Safepoint "Cleanup", Time since last: 1000103133 ns, Reaching safepoint: 15400 ns, Cleanup: 20400 ns, At safepoint: 2500 ns, Total: 38300 ns
[1840.422s][info ][gc,start       ] GC(53) Pause Young (Allocation Failure)
[1840.508s][debug][gc,phases      ] GC(53) Scavenge 86.228ms
[1840.508s][debug][gc,ref         ] GC(53) ReferenceProcessor::execute queues: 1, RefProcThreadModel::Single, marks_oops_alive: false
[1840.508s][debug][gc,ref         ] GC(53) Skipped KeepAliveFinalRefsPhase of Reference Processing: no references
[1840.508s][debug][gc,ref         ] GC(53) ReferenceProcessor::execute queues: 1, RefProcThreadModel::Single, marks_oops_alive: false
[1840.508s][debug][gc,phases      ] GC(53) Reference Processing 0.128ms
[1840.508s][debug][gc,phases      ] GC(53)   VM Weak                        Min:  0.0, Avg:  0.0, Max:  0.0, Diff:  0.0, Sum:  0.0, Workers: 4
[1840.508s][debug][gc,phases      ] GC(53)     Dead                           Min: 0, Avg:  0.0, Max: 0, Diff: 0, Sum: 0, Workers: 4
[1840.508s][debug][gc,phases      ] GC(53)     Total                          Min: 0, Avg: 241.5, Max: 704, Diff: 704, Sum: 966, Workers: 4
[1840.508s][debug][gc,phases      ] GC(53)   ObjectSynchronizer Weak        Min:  0.0, Avg:  0.0, Max:  0.0, Diff:  0.0, Sum:  0.0, Workers: 4
[1840.508s][debug][gc,phases      ] GC(53)     Dead                           Min: 0, Avg:  0.0, Max: 0, Diff: 0, Sum: 0, Workers: 4
[1840.508s][debug][gc,phases      ] GC(53)     Total                          Min: 0, Avg:  1.0, Max: 4, Diff: 4, Sum: 4, Workers: 4
[1840.508s][debug][gc,phases      ] GC(53)   JVMTI Tag Weak OopStorage      Min:  0.0, Avg:  0.0, Max:  0.0, Diff:  0.0, Sum:  0.0, Workers: 4
[1840.508s][debug][gc,phases      ] GC(53)     Dead                           Min: 0, Avg:  0.0, Max: 0, Diff: 0, Sum: 0, Workers: 4
[1840.508s][debug][gc,phases      ] GC(53)     Total                          Min: 0, Avg:  0.0, Max: 0, Diff: 0, Sum: 0, Workers: 4
[1840.508s][debug][gc,phases      ] GC(53)   StringTable Weak               Min:  0.0, Avg:  0.1, Max:  0.2, Diff:  0.2, Sum:  0.5, Workers: 4
[1840.508s][debug][gc,phases      ] GC(53)     Dead                           Min: 0, Avg:  0.5, Max: 2, Diff: 2, Sum: 2, Workers: 4
[1840.508s][debug][gc,phases      ] GC(53)     Total                          Min: 0, Avg: 11870.5, Max: 25722, Diff: 25722, Sum: 47482, Workers: 4
[1840.508s][debug][gc,phases      ] GC(53)   ResolvedMethodTable Weak       Min:  0.0, Avg:  0.1, Max:  0.1, Diff:  0.1, Sum:  0.2, Workers: 4
[1840.508s][debug][gc,phases      ] GC(53)     Dead                           Min: 0, Avg: 15.0, Max: 49, Diff: 49, Sum: 60, Workers: 4
[1840.508s][debug][gc,phases      ] GC(53)     Total                          Min: 0, Avg: 3829.2, Max: 8647, Diff: 8647, Sum: 15317, Workers: 4
[1840.508s][debug][gc,phases      ] GC(53)   JNI Weak                       Min:  0.0, Avg:  0.0, Max:  0.0, Diff:  0.0, Sum:  0.0, Workers: 4
[1840.508s][debug][gc,phases      ] GC(53)     Dead                           Min: 0, Avg:  0.0, Max: 0, Diff: 0, Sum: 0, Workers: 4
[1840.508s][debug][gc,phases      ] GC(53)     Total                          Min: 0, Avg: 13.0, Max: 52, Diff: 52, Sum: 52, Workers: 4
[1840.508s][debug][gc,phases      ] GC(53)   StringDedup Table Weak         Min:  0.0, Avg:  0.0, Max:  0.0, Diff:  0.0, Sum:  0.0, Workers: 4
[1840.508s][debug][gc,phases      ] GC(53)     Dead                           Min: 0, Avg:  0.0, Max: 0, Diff: 0, Sum: 0, Workers: 4
[1840.509s][debug][gc,phases      ] GC(53)     Total                          Min: 0, Avg:  0.0, Max: 0, Diff: 0, Sum: 0, Workers: 4
[1840.509s][debug][gc,phases      ] GC(53)   StringDedup Requests0 Weak     Min:  0.0, Avg:  0.0, Max:  0.0, Diff:  0.0, Sum:  0.0, Workers: 4
[1840.509s][debug][gc,phases      ] GC(53)     Dead                           Min: 0, Avg:  0.0, Max: 0, Diff: 0, Sum: 0, Workers: 4
[1840.509s][debug][gc,phases      ] GC(53)     Total                          Min: 0, Avg:  0.0, Max: 0, Diff: 0, Sum: 0, Workers: 4
[1840.509s][debug][gc,phases      ] GC(53)   StringDedup Requests1 Weak     Min:  0.0, Avg:  0.0, Max:  0.0, Diff:  0.0, Sum:  0.0, Workers: 4
[1840.509s][debug][gc,phases      ] GC(53)     Dead                           Min: 0, Avg:  0.0, Max: 0, Diff: 0, Sum: 0, Workers: 4
[1840.509s][debug][gc,phases      ] GC(53)     Total                          Min: 0, Avg:  0.0, Max: 0, Diff: 0, Sum: 0, Workers: 4
[1840.509s][debug][gc,phases      ] GC(53)   Weak JFR Old Object Samples    Min:  0.0, Avg:  0.0, Max:  0.0, Diff:  0.0, Sum:  0.0, Workers: 4
[1840.509s][debug][gc,phases      ] GC(53)     Dead                           Min: 0, Avg:  0.0, Max: 0, Diff: 0, Sum: 0, Workers: 4
[1840.509s][debug][gc,phases      ] GC(53)     Total                          Min: 0, Avg:  0.0, Max: 0, Diff: 0, Sum: 0, Workers: 4
[1840.509s][debug][gc,phases      ] GC(53) Weak Processing 0.618ms
[1840.509s][debug][gc,age         ] GC(53) Desired survivor size 61865984 bytes, new threshold 1 (max threshold 15)
[1840.509s][info ][gc,heap        ] GC(53) PSYoungGen: 2020080K(2027008K)->7376K(2034688K) Eden: 1972224K(1972224K)->0K(1972224K) From: 47856K(54784K)->7376K(62464K)
[1840.509s][info ][gc,heap        ] GC(53) ParOldGen: 467415K(467456K)->516247K(516608K)
[1840.509s][info ][gc,metaspace   ] GC(53) Metaspace: 109436K(110784K)->109436K(110784K) NonClass: 93011K(93760K)->93011K(93760K) Class: 16424K(17024K)->16424K(17024K)
[1840.509s][info ][gc             ] GC(53) Pause Young (Allocation Failure) 2429M->511M(2491M) 87.102ms
[1840.509s][info ][gc,cpu         ] GC(53) User=0.05s Sys=0.03s Real=0.08s
[1840.509s][info ][safepoint      ] Safepoint "ParallelGCFailedAllocation", Time since last: 13827607611 ns, Reaching safepoint: 107301 ns, Cleanup: 5200 ns, At safepoint: 87368861 ns, Total: 87481362 ns
[1849.510s][info ][safepoint      ] Safepoint "Cleanup", Time since last: 9001013491 ns, Reaching safepoint: 5500 ns, Cleanup: 22100 ns, At safepoint: 2600 ns, Total: 30200 ns
[1852.510s][info ][safepoint      ] Safepoint "Cleanup", Time since last: 3000250913 ns, Reaching safepoint: 8001 ns, Cleanup: 12800 ns, At safepoint: 2300 ns, Total: 23101 ns
[1854.511s][info ][safepoint      ] Safepoint "Cleanup", Time since last: 2000715602 ns, Reaching safepoint: 8500 ns, Cleanup: 30500 ns, At safepoint: 3000 ns, Total: 42000 ns
[1858.512s][info ][safepoint      ] Safepoint "Cleanup", Time since last: 4000995801 ns, Reaching safepoint: 6200 ns, Cleanup: 22200 ns, At safepoint: 2200 ns, Total: 30600 ns
[1859.512s][info ][safepoint      ] Safepoint "Cleanup", Time since last: 1000117391 ns, Reaching safepoint: 7700 ns, Cleanup: 21101 ns, At safepoint: 3900 ns, Total: 32701 ns
[1861.655s][info ][safepoint      ] Safepoint "Cleanup", Time since last: 2143304507 ns, Reaching safepoint: 7500 ns, Cleanup: 14100 ns, At safepoint: 2600 ns, Total: 24200 ns
[1865.656s][info ][safepoint      ] Safepoint "Cleanup", Time since last: 4000334129 ns, Reaching safepoint: 6000 ns, Cleanup: 10400 ns, At safepoint: 1600 ns, Total: 18000 ns
[1878.657s][info ][safepoint      ] Safepoint "Cleanup", Time since last: 13000971858 ns, Reaching safepoint: 5700 ns, Cleanup: 29400 ns, At safepoint: 1800 ns, Total: 36900 ns
[1880.657s][info ][safepoint      ] Safepoint "Cleanup", Time since last: 2000196316 ns, Reaching safepoint: 7600 ns, Cleanup: 11801 ns, At safepoint: 2700 ns, Total: 22101 ns
[1886.657s][info ][safepoint      ] Safepoint "Cleanup", Time since last: 6000473942 ns, Reaching safepoint: 6000 ns, Cleanup: 13600 ns, At safepoint: 2200 ns, Total: 21800 ns
[1887.658s][info ][safepoint      ] Safepoint "Cleanup", Time since last: 1000109407 ns, Reaching safepoint: 5600 ns, Cleanup: 10700 ns, At safepoint: 2000 ns, Total: 18300 ns
[1890.658s][info ][safepoint      ] Safepoint "Cleanup", Time since last: 3000264919 ns, Reaching safepoint: 7300 ns, Cleanup: 26101 ns, At safepoint: 4300 ns, Total: 37701 ns
[1890.916s][info ][gc,start       ] GC(54) Pause Young (Allocation Failure)
[1890.921s][debug][gc,phases      ] GC(54) Scavenge 5.452ms
[1890.921s][debug][gc,ref         ] GC(54) ReferenceProcessor::execute queues: 1, RefProcThreadModel::Single, marks_oops_alive: false
[1890.922s][debug][gc,ref         ] GC(54) Skipped KeepAliveFinalRefsPhase of Reference Processing: no references
[1890.922s][debug][gc,ref         ] GC(54) ReferenceProcessor::execute queues: 1, RefProcThreadModel::Single, marks_oops_alive: false
[1890.922s][debug][gc,phases      ] GC(54) Reference Processing 0.089ms
[1890.922s][debug][gc,phases      ] GC(54)   VM Weak                        Min:  0.0, Avg:  0.0, Max:  0.0, Diff:  0.0, Sum:  0.0, Workers: 4
[1890.922s][debug][gc,phases      ] GC(54)     Dead                           Min: 0, Avg:  0.0, Max: 0, Diff: 0, Sum: 0, Workers: 4
[1890.922s][debug][gc,phases      ] GC(54)     Total                          Min: 0, Avg: 241.5, Max: 512, Diff: 512, Sum: 966, Workers: 4
[1890.922s][debug][gc,phases      ] GC(54)   ObjectSynchronizer Weak        Min:  0.0, Avg:  0.0, Max:  0.0, Diff:  0.0, Sum:  0.0, Workers: 4
[1890.922s][debug][gc,phases      ] GC(54)     Dead                           Min: 0, Avg:  0.0, Max: 0, Diff: 0, Sum: 0, Workers: 4
[1890.922s][debug][gc,phases      ] GC(54)     Total                          Min: 0, Avg:  0.8, Max: 3, Diff: 3, Sum: 3, Workers: 4
[1890.922s][debug][gc,phases      ] GC(54)   JVMTI Tag Weak OopStorage      Min:  0.0, Avg:  0.0, Max:  0.0, Diff:  0.0, Sum:  0.0, Workers: 4
[1890.922s][debug][gc,phases      ] GC(54)     Dead                           Min: 0, Avg:  0.0, Max: 0, Diff: 0, Sum: 0, Workers: 4
[1890.922s][debug][gc,phases      ] GC(54)     Total                          Min: 0, Avg:  0.0, Max: 0, Diff: 0, Sum: 0, Workers: 4
[1890.922s][debug][gc,phases      ] GC(54)   StringTable Weak               Min:  0.1, Avg:  0.1, Max:  0.1, Diff:  0.0, Sum:  0.5, Workers: 4
[1890.922s][debug][gc,phases      ] GC(54)     Dead                           Min: 0, Avg:  0.0, Max: 0, Diff: 0, Sum: 0, Workers: 4
[1890.922s][debug][gc,phases      ] GC(54)     Total                          Min: 11712, Avg: 11871.0, Max: 11968, Diff: 256, Sum: 47484, Workers: 4
[1890.922s][debug][gc,phases      ] GC(54)   ResolvedMethodTable Weak       Min:  0.1, Avg:  0.1, Max:  0.1, Diff:  0.0, Sum:  0.2, Workers: 4
[1890.922s][debug][gc,phases      ] GC(54)     Dead                           Min: 0, Avg:  4.8, Max: 12, Diff: 12, Sum: 19, Workers: 4
[1890.922s][debug][gc,phases      ] GC(54)     Total                          Min: 3193, Avg: 3829.8, Max: 4261, Diff: 1068, Sum: 15319, Workers: 4
[1890.922s][debug][gc,phases      ] GC(54)   JNI Weak                       Min:  0.0, Avg:  0.0, Max:  0.0, Diff:  0.0, Sum:  0.0, Workers: 4
[1890.922s][debug][gc,phases      ] GC(54)     Dead                           Min: 0, Avg:  0.0, Max: 0, Diff: 0, Sum: 0, Workers: 4
[1890.922s][debug][gc,phases      ] GC(54)     Total                          Min: 0, Avg: 13.0, Max: 52, Diff: 52, Sum: 52, Workers: 4
[1890.922s][debug][gc,phases      ] GC(54)   StringDedup Table Weak         Min:  0.0, Avg:  0.0, Max:  0.0, Diff:  0.0, Sum:  0.0, Workers: 4
[1890.922s][debug][gc,phases      ] GC(54)     Dead                           Min: 0, Avg:  0.0, Max: 0, Diff: 0, Sum: 0, Workers: 4
[1890.922s][debug][gc,phases      ] GC(54)     Total                          Min: 0, Avg:  0.0, Max: 0, Diff: 0, Sum: 0, Workers: 4
[1890.922s][debug][gc,phases      ] GC(54)   StringDedup Requests0 Weak     Min:  0.0, Avg:  0.0, Max:  0.0, Diff:  0.0, Sum:  0.0, Workers: 4
[1890.922s][debug][gc,phases      ] GC(54)     Dead                           Min: 0, Avg:  0.0, Max: 0, Diff: 0, Sum: 0, Workers: 4
[1890.922s][debug][gc,phases      ] GC(54)     Total                          Min: 0, Avg:  0.0, Max: 0, Diff: 0, Sum: 0, Workers: 4
[1890.922s][debug][gc,phases      ] GC(54)   StringDedup Requests1 Weak     Min:  0.0, Avg:  0.0, Max:  0.0, Diff:  0.0, Sum:  0.0, Workers: 4
[1890.922s][debug][gc,phases      ] GC(54)     Dead                           Min: 0, Avg:  0.0, Max: 0, Diff: 0, Sum: 0, Workers: 4
[1890.922s][debug][gc,phases      ] GC(54)     Total                          Min: 0, Avg:  0.0, Max: 0, Diff: 0, Sum: 0, Workers: 4
[1890.922s][debug][gc,phases      ] GC(54)   Weak JFR Old Object Samples    Min:  0.0, Avg:  0.0, Max:  0.0, Diff:  0.0, Sum:  0.0, Workers: 4
[1890.922s][debug][gc,phases      ] GC(54)     Dead                           Min: 0, Avg:  0.0, Max: 0, Diff: 0, Sum: 0, Workers: 4
[1890.922s][debug][gc,phases      ] GC(54)     Total                          Min: 0, Avg:  0.0, Max: 0, Diff: 0, Sum: 0, Workers: 4
[1890.922s][debug][gc,phases      ] GC(54) Weak Processing 0.368ms
[1890.922s][debug][gc,age         ] GC(54) Desired survivor size 60817408 bytes, new threshold 1 (max threshold 15)
[1890.922s][info ][gc,heap        ] GC(54) PSYoungGen: 1979600K(2034688K)->2592K(2037760K) Eden: 1972224K(1972224K)->0K(1977344K) From: 7376K(62464K)->2592K(60416K)
[1890.922s][info ][gc,heap        ] GC(54) ParOldGen: 516247K(516608K)->521400K(521728K)
[1890.922s][info ][gc,metaspace   ] GC(54) Metaspace: 109441K(110784K)->109441K(110784K) NonClass: 93016K(93760K)->93016K(93760K) Class: 16425K(17024K)->16425K(17024K)
[1890.922s][info ][gc             ] GC(54) Pause Young (Allocation Failure) 2437M->511M(2499M) 6.013ms
[1890.922s][info ][gc,cpu         ] GC(54) User=0.02s Sys=0.00s Real=0.01s
[1890.922s][info ][safepoint      ] Safepoint "ParallelGCFailedAllocation", Time since last: 257893545 ns, Reaching safepoint: 80400 ns, Cleanup: 11101 ns, At safepoint: 6077152 ns, Total: 6168653 ns
[1894.922s][info ][safepoint      ] Safepoint "Cleanup", Time since last: 4000289317 ns, Reaching safepoint: 6000 ns, Cleanup: 8400 ns, At safepoint: 1700 ns, Total: 16100 ns
[1898.923s][info ][safepoint      ] Safepoint "Cleanup", Time since last: 4000321613 ns, Reaching safepoint: 6000 ns, Cleanup: 8700 ns, At safepoint: 2300 ns, Total: 17000 ns
[1900.923s][info ][safepoint      ] Safepoint "Cleanup", Time since last: 2000175336 ns, Reaching safepoint: 6300 ns, Cleanup: 8800 ns, At safepoint: 19800 ns, Total: 34900 ns
[1901.923s][info ][safepoint      ] Safepoint "Cleanup", Time since last: 1000099322 ns, Reaching safepoint: 6200 ns, Cleanup: 11500 ns, At safepoint: 1600 ns, Total: 19300 ns
[1904.923s][info ][safepoint      ] Safepoint "Cleanup", Time since last: 3000244663 ns, Reaching safepoint: 5800 ns, Cleanup: 6600 ns, At safepoint: 1600 ns, Total: 14000 ns
[1912.924s][info ][safepoint      ] Safepoint "Cleanup", Time since last: 8000584562 ns, Reaching safepoint: 5800 ns, Cleanup: 15001 ns, At safepoint: 2000 ns, Total: 22801 ns
[1913.924s][info ][safepoint      ] Safepoint "Cleanup", Time since last: 1000111803 ns, Reaching safepoint: 5600 ns, Cleanup: 11800 ns, At safepoint: 1300 ns, Total: 18700 ns
[1915.924s][info ][safepoint      ] Safepoint "Cleanup", Time since last: 2000168728 ns, Reaching safepoint: 6400 ns, Cleanup: 17500 ns, At safepoint: 2300 ns, Total: 26200 ns
[1925.672s][info ][safepoint      ] Safepoint "Cleanup", Time since last: 9748268811 ns, Reaching safepoint: 6000 ns, Cleanup: 8000 ns, At safepoint: 2100 ns, Total: 16100 ns
[1927.673s][info ][safepoint      ] Safepoint "Cleanup", Time since last: 2000165679 ns, Reaching safepoint: 5200 ns, Cleanup: 7700 ns, At safepoint: 1800 ns, Total: 14700 ns
[1937.673s][info ][safepoint      ] Safepoint "Cleanup", Time since last: 10000729578 ns, Reaching safepoint: 5800 ns, Cleanup: 8300 ns, At safepoint: 1900 ns, Total: 16000 ns
[1939.218s][info ][gc,start       ] GC(55) Pause Young (Allocation Failure)
[1939.221s][debug][gc,phases      ] GC(55) Scavenge 3.051ms
[1939.221s][debug][gc,ref         ] GC(55) ReferenceProcessor::execute queues: 1, RefProcThreadModel::Single, marks_oops_alive: false
[1939.221s][debug][gc,ref         ] GC(55) Skipped KeepAliveFinalRefsPhase of Reference Processing: no references
[1939.221s][debug][gc,ref         ] GC(55) ReferenceProcessor::execute queues: 1, RefProcThreadModel::Single, marks_oops_alive: false
[1939.221s][debug][gc,phases      ] GC(55) Reference Processing 0.092ms
[1939.221s][debug][gc,phases      ] GC(55)   VM Weak                        Min:  0.0, Avg:  0.0, Max:  0.0, Diff:  0.0, Sum:  0.0, Workers: 4
[1939.221s][debug][gc,phases      ] GC(55)     Dead                           Min: 0, Avg:  0.0, Max: 0, Diff: 0, Sum: 0, Workers: 4
[1939.221s][debug][gc,phases      ] GC(55)     Total                          Min: 0, Avg: 241.5, Max: 774, Diff: 774, Sum: 966, Workers: 4
[1939.221s][debug][gc,phases      ] GC(55)   ObjectSynchronizer Weak        Min:  0.0, Avg:  0.0, Max:  0.0, Diff:  0.0, Sum:  0.0, Workers: 4
[1939.221s][debug][gc,phases      ] GC(55)     Dead                           Min: 0, Avg:  0.0, Max: 0, Diff: 0, Sum: 0, Workers: 4
[1939.221s][debug][gc,phases      ] GC(55)     Total                          Min: 0, Avg:  0.8, Max: 3, Diff: 3, Sum: 3, Workers: 4
[1939.221s][debug][gc,phases      ] GC(55)   JVMTI Tag Weak OopStorage      Min:  0.0, Avg:  0.0, Max:  0.0, Diff:  0.0, Sum:  0.0, Workers: 4
[1939.221s][debug][gc,phases      ] GC(55)     Dead                           Min: 0, Avg:  0.0, Max: 0, Diff: 0, Sum: 0, Workers: 4
[1939.221s][debug][gc,phases      ] GC(55)     Total                          Min: 0, Avg:  0.0, Max: 0, Diff: 0, Sum: 0, Workers: 4
[1939.221s][debug][gc,phases      ] GC(55)   StringTable Weak               Min:  0.0, Avg:  0.1, Max:  0.1, Diff:  0.1, Sum:  0.4, Workers: 4
[1939.221s][debug][gc,phases      ] GC(55)     Dead                           Min: 0, Avg:  0.0, Max: 0, Diff: 0, Sum: 0, Workers: 4
[1939.221s][debug][gc,phases      ] GC(55)     Total                          Min: 0, Avg: 11871.2, Max: 20864, Diff: 20864, Sum: 47485, Workers: 4
[1939.221s][debug][gc,phases      ] GC(55)   ResolvedMethodTable Weak       Min:  0.0, Avg:  0.0, Max:  0.0, Diff:  0.0, Sum:  0.1, Workers: 4
[1939.221s][debug][gc,phases      ] GC(55)     Dead                           Min: 0, Avg:  4.0, Max: 12, Diff: 12, Sum: 16, Workers: 4
[1939.221s][debug][gc,phases      ] GC(55)     Total                          Min: 0, Avg: 3830.0, Max: 6248, Diff: 6248, Sum: 15320, Workers: 4
[1939.221s][debug][gc,phases      ] GC(55)   JNI Weak                       Min:  0.0, Avg:  0.0, Max:  0.0, Diff:  0.0, Sum:  0.0, Workers: 4
[1939.221s][debug][gc,phases      ] GC(55)     Dead                           Min: 0, Avg:  0.0, Max: 0, Diff: 0, Sum: 0, Workers: 4
[1939.221s][debug][gc,phases      ] GC(55)     Total                          Min: 0, Avg: 13.0, Max: 52, Diff: 52, Sum: 52, Workers: 4
[1939.221s][debug][gc,phases      ] GC(55)   StringDedup Table Weak         Min:  0.0, Avg:  0.0, Max:  0.0, Diff:  0.0, Sum:  0.0, Workers: 4
[1939.221s][debug][gc,phases      ] GC(55)     Dead                           Min: 0, Avg:  0.0, Max: 0, Diff: 0, Sum: 0, Workers: 4
[1939.221s][debug][gc,phases      ] GC(55)     Total                          Min: 0, Avg:  0.0, Max: 0, Diff: 0, Sum: 0, Workers: 4
[1939.221s][debug][gc,phases      ] GC(55)   StringDedup Requests0 Weak     Min:  0.0, Avg:  0.0, Max:  0.0, Diff:  0.0, Sum:  0.0, Workers: 4
[1939.221s][debug][gc,phases      ] GC(55)     Dead                           Min: 0, Avg:  0.0, Max: 0, Diff: 0, Sum: 0, Workers: 4
[1939.221s][debug][gc,phases      ] GC(55)     Total                          Min: 0, Avg:  0.0, Max: 0, Diff: 0, Sum: 0, Workers: 4
[1939.221s][debug][gc,phases      ] GC(55)   StringDedup Requests1 Weak     Min:  0.0, Avg:  0.0, Max:  0.0, Diff:  0.0, Sum:  0.0, Workers: 4
[1939.221s][debug][gc,phases      ] GC(55)     Dead                           Min: 0, Avg:  0.0, Max: 0, Diff: 0, Sum: 0, Workers: 4
[1939.221s][debug][gc,phases      ] GC(55)     Total                          Min: 0, Avg:  0.0, Max: 0, Diff: 0, Sum: 0, Workers: 4
[1939.221s][debug][gc,phases      ] GC(55)   Weak JFR Old Object Samples    Min:  0.0, Avg:  0.0, Max:  0.0, Diff:  0.0, Sum:  0.0, Workers: 4
[1939.221s][debug][gc,phases      ] GC(55)     Dead                           Min: 0, Avg:  0.0, Max: 0, Diff: 0, Sum: 0, Workers: 4
[1939.221s][debug][gc,phases      ] GC(55)     Total                          Min: 0, Avg:  0.0, Max: 0, Diff: 0, Sum: 0, Workers: 4
[1939.221s][debug][gc,phases      ] GC(55) Weak Processing 0.349ms
[1939.221s][debug][gc,age         ] GC(55) Desired survivor size 58720256 bytes, new threshold 1 (max threshold 15)
[1939.221s][info ][gc,heap        ] GC(55) PSYoungGen: 1979936K(2037760K)->3072K(2036736K) Eden: 1977344K(1977344K)->0K(1977344K) From: 2592K(60416K)->3072K(59392K)
[1939.221s][info ][gc,heap        ] GC(55) ParOldGen: 521400K(521728K)->522052K(522240K)
[1939.221s][info ][gc,metaspace   ] GC(55) Metaspace: 109473K(110784K)->109473K(110784K) NonClass: 93048K(93760K)->93048K(93760K) Class: 16425K(17024K)->16425K(17024K)
[1939.221s][info ][gc             ] GC(55) Pause Young (Allocation Failure) 2442M->512M(2499M) 3.589ms
[1939.221s][info ][gc,cpu         ] GC(55) User=0.01s Sys=0.00s Real=0.01s
[1939.221s][info ][safepoint      ] Safepoint "ParallelGCFailedAllocation", Time since last: 1544444646 ns, Reaching safepoint: 5300 ns, Cleanup: 3800 ns, At safepoint: 3648032 ns, Total: 3657132 ns
[1940.222s][info ][safepoint      ] Safepoint "Cleanup", Time since last: 1000085913 ns, Reaching safepoint: 5100 ns, Cleanup: 7300 ns, At safepoint: 1700 ns, Total: 14100 ns
[1941.222s][info ][safepoint      ] Safepoint "Cleanup", Time since last: 1000105114 ns, Reaching safepoint: 5700 ns, Cleanup: 8000 ns, At safepoint: 1800 ns, Total: 15500 ns
[1944.222s][info ][safepoint      ] Safepoint "Cleanup", Time since last: 3000263739 ns, Reaching safepoint: 5700 ns, Cleanup: 10300 ns, At safepoint: 2000 ns, Total: 18000 ns
[1946.222s][info ][safepoint      ] Safepoint "Cleanup", Time since last: 2000183127 ns, Reaching safepoint: 6300 ns, Cleanup: 11000 ns, At safepoint: 1700 ns, Total: 19000 ns
[1948.222s][info ][safepoint      ] Safepoint "Cleanup", Time since last: 2000183941 ns, Reaching safepoint: 5800 ns, Cleanup: 8500 ns, At safepoint: 1800 ns, Total: 16100 ns
[1949.222s][info ][safepoint      ] Safepoint "Cleanup", Time since last: 1000118036 ns, Reaching safepoint: 5800 ns, Cleanup: 9900 ns, At safepoint: 2100 ns, Total: 17800 ns
[1953.223s][info ][safepoint      ] Safepoint "Cleanup", Time since last: 4000320141 ns, Reaching safepoint: 5900 ns, Cleanup: 6900 ns, At safepoint: 1800 ns, Total: 14600 ns
[1954.223s][info ][safepoint      ] Safepoint "Cleanup", Time since last: 1000116636 ns, Reaching safepoint: 6100 ns, Cleanup: 9300 ns, At safepoint: 2000 ns, Total: 17400 ns
[1969.224s][info ][safepoint      ] Safepoint "Cleanup", Time since last: 15001105952 ns, Reaching safepoint: 5600 ns, Cleanup: 9300 ns, At safepoint: 1500 ns, Total: 16400 ns
[1974.224s][info ][safepoint      ] Safepoint "Cleanup", Time since last: 5000406729 ns, Reaching safepoint: 5400 ns, Cleanup: 10000 ns, At safepoint: 2000 ns, Total: 17400 ns
[1975.225s][info ][safepoint      ] Safepoint "Cleanup", Time since last: 1000113852 ns, Reaching safepoint: 5800 ns, Cleanup: 19800 ns, At safepoint: 2100 ns, Total: 27700 ns
[1976.225s][info ][safepoint      ] Safepoint "Cleanup", Time since last: 1000105051 ns, Reaching safepoint: 5600 ns, Cleanup: 11600 ns, At safepoint: 1800 ns, Total: 19000 ns
[1977.225s][info ][safepoint      ] Safepoint "Cleanup", Time since last: 1000103852 ns, Reaching safepoint: 5500 ns, Cleanup: 9300 ns, At safepoint: 2000 ns, Total: 16800 ns
[1986.116s][info ][gc,start       ] GC(56) Pause Young (Allocation Failure)
[1986.119s][debug][gc,phases      ] GC(56) Scavenge 2.862ms
[1986.119s][debug][gc,ref         ] GC(56) ReferenceProcessor::execute queues: 1, RefProcThreadModel::Single, marks_oops_alive: false
[1986.119s][debug][gc,ref         ] GC(56) Skipped KeepAliveFinalRefsPhase of Reference Processing: no references
[1986.119s][debug][gc,ref         ] GC(56) Skipped PhantomRefsPhase of Reference Processing: no references
[1986.119s][debug][gc,phases      ] GC(56) Reference Processing 0.095ms
[1986.119s][debug][gc,phases      ] GC(56)   VM Weak                        Min:  0.0, Avg:  0.0, Max:  0.0, Diff:  0.0, Sum:  0.0, Workers: 4
[1986.119s][debug][gc,phases      ] GC(56)     Dead                           Min: 0, Avg:  0.0, Max: 0, Diff: 0, Sum: 0, Workers: 4
[1986.119s][debug][gc,phases      ] GC(56)     Total                          Min: 0, Avg: 241.5, Max: 576, Diff: 576, Sum: 966, Workers: 4
[1986.119s][debug][gc,phases      ] GC(56)   ObjectSynchronizer Weak        Min:  0.0, Avg:  0.0, Max:  0.0, Diff:  0.0, Sum:  0.0, Workers: 4
[1986.119s][debug][gc,phases      ] GC(56)     Dead                           Min: 0, Avg:  0.0, Max: 0, Diff: 0, Sum: 0, Workers: 4
[1986.119s][debug][gc,phases      ] GC(56)     Total                          Min: 0, Avg:  0.8, Max: 3, Diff: 3, Sum: 3, Workers: 4
[1986.119s][debug][gc,phases      ] GC(56)   JVMTI Tag Weak OopStorage      Min:  0.0, Avg:  0.0, Max:  0.0, Diff:  0.0, Sum:  0.0, Workers: 4
[1986.119s][debug][gc,phases      ] GC(56)     Dead                           Min: 0, Avg:  0.0, Max: 0, Diff: 0, Sum: 0, Workers: 4
[1986.119s][debug][gc,phases      ] GC(56)     Total                          Min: 0, Avg:  0.0, Max: 0, Diff: 0, Sum: 0, Workers: 4
[1986.119s][debug][gc,phases      ] GC(56)   StringTable Weak               Min:  0.0, Avg:  0.1, Max:  0.1, Diff:  0.1, Sum:  0.4, Workers: 4
[1986.119s][debug][gc,phases      ] GC(56)     Dead                           Min: 0, Avg:  0.0, Max: 0, Diff: 0, Sum: 0, Workers: 4
[1986.119s][debug][gc,phases      ] GC(56)     Total                          Min: 0, Avg: 11871.2, Max: 20413, Diff: 20413, Sum: 47485, Workers: 4
[1986.119s][debug][gc,phases      ] GC(56)   ResolvedMethodTable Weak       Min:  0.0, Avg:  0.0, Max:  0.1, Diff:  0.1, Sum:  0.2, Workers: 4
[1986.119s][debug][gc,phases      ] GC(56)     Dead                           Min: 0, Avg:  4.0, Max: 16, Diff: 16, Sum: 16, Workers: 4
[1986.119s][debug][gc,phases      ] GC(56)     Total                          Min: 0, Avg: 3830.0, Max: 5942, Diff: 5942, Sum: 15320, Workers: 4
[1986.119s][debug][gc,phases      ] GC(56)   JNI Weak                       Min:  0.0, Avg:  0.0, Max:  0.0, Diff:  0.0, Sum:  0.0, Workers: 4
[1986.119s][debug][gc,phases      ] GC(56)     Dead                           Min: 0, Avg:  0.0, Max: 0, Diff: 0, Sum: 0, Workers: 4
[1986.119s][debug][gc,phases      ] GC(56)     Total                          Min: 0, Avg: 13.0, Max: 52, Diff: 52, Sum: 52, Workers: 4
[1986.119s][debug][gc,phases      ] GC(56)   StringDedup Table Weak         Min:  0.0, Avg:  0.0, Max:  0.0, Diff:  0.0, Sum:  0.0, Workers: 4
[1986.119s][debug][gc,phases      ] GC(56)     Dead                           Min: 0, Avg:  0.0, Max: 0, Diff: 0, Sum: 0, Workers: 4
[1986.119s][debug][gc,phases      ] GC(56)     Total                          Min: 0, Avg:  0.0, Max: 0, Diff: 0, Sum: 0, Workers: 4
[1986.119s][debug][gc,phases      ] GC(56)   StringDedup Requests0 Weak     Min:  0.0, Avg:  0.0, Max:  0.0, Diff:  0.0, Sum:  0.0, Workers: 4
[1986.119s][debug][gc,phases      ] GC(56)     Dead                           Min: 0, Avg:  0.0, Max: 0, Diff: 0, Sum: 0, Workers: 4
[1986.119s][debug][gc,phases      ] GC(56)     Total                          Min: 0, Avg:  0.0, Max: 0, Diff: 0, Sum: 0, Workers: 4
[1986.119s][debug][gc,phases      ] GC(56)   StringDedup Requests1 Weak     Min:  0.0, Avg:  0.0, Max:  0.0, Diff:  0.0, Sum:  0.0, Workers: 4
[1986.119s][debug][gc,phases      ] GC(56)     Dead                           Min: 0, Avg:  0.0, Max: 0, Diff: 0, Sum: 0, Workers: 4
[1986.119s][debug][gc,phases      ] GC(56)     Total                          Min: 0, Avg:  0.0, Max: 0, Diff: 0, Sum: 0, Workers: 4
[1986.119s][debug][gc,phases      ] GC(56)   Weak JFR Old Object Samples    Min:  0.0, Avg:  0.0, Max:  0.0, Diff:  0.0, Sum:  0.0, Workers: 4
[1986.119s][debug][gc,phases      ] GC(56)     Dead                           Min: 0, Avg:  0.0, Max: 0, Diff: 0, Sum: 0, Workers: 4
[1986.119s][debug][gc,phases      ] GC(56)     Total                          Min: 0, Avg:  0.0, Max: 0, Diff: 0, Sum: 0, Workers: 4
[1986.119s][debug][gc,phases      ] GC(56) Weak Processing 0.403ms
[1986.119s][debug][gc,age         ] GC(56) Desired survivor size 56623104 bytes, new threshold 1 (max threshold 15)
[1986.119s][info ][gc,heap        ] GC(56) PSYoungGen: 1980416K(2036736K)->2640K(2041856K) Eden: 1977344K(1977344K)->0K(1984512K) From: 3072K(59392K)->2640K(57344K)
[1986.119s][info ][gc,heap        ] GC(56) ParOldGen: 522052K(522240K)->522932K(523264K)
[1986.119s][info ][gc,metaspace   ] GC(56) Metaspace: 109483K(110784K)->109483K(110784K) NonClass: 93057K(93760K)->93057K(93760K) Class: 16425K(17024K)->16425K(17024K)
[1986.119s][info ][gc             ] GC(56) Pause Young (Allocation Failure) 2443M->513M(2505M) 3.471ms
[1986.119s][info ][gc,cpu         ] GC(56) User=0.01s Sys=0.00s Real=0.00s
[1986.119s][info ][safepoint      ] Safepoint "ParallelGCFailedAllocation", Time since last: 8890863660 ns, Reaching safepoint: 79701 ns, Cleanup: 3900 ns, At safepoint: 3537631 ns, Total: 3621232 ns
[1990.120s][info ][safepoint      ] Safepoint "Cleanup", Time since last: 4000310198 ns, Reaching safepoint: 81301 ns, Cleanup: 6700 ns, At safepoint: 6000 ns, Total: 94001 ns
[1991.120s][info ][safepoint      ] Safepoint "Cleanup", Time since last: 1000102599 ns, Reaching safepoint: 78401 ns, Cleanup: 11300 ns, At safepoint: 4900 ns, Total: 94601 ns
[1995.120s][info ][safepoint      ] Safepoint "Cleanup", Time since last: 4000327296 ns, Reaching safepoint: 6000 ns, Cleanup: 9600 ns, At safepoint: 21600 ns, Total: 37200 ns
[2003.121s][info ][safepoint      ] Safepoint "Cleanup", Time since last: 8000604079 ns, Reaching safepoint: 6000 ns, Cleanup: 9100 ns, At safepoint: 2100 ns, Total: 17200 ns
[2008.121s][info ][safepoint      ] Safepoint "Cleanup", Time since last: 5000374690 ns, Reaching safepoint: 5900 ns, Cleanup: 8800 ns, At safepoint: 1600 ns, Total: 16300 ns
[2009.121s][info ][safepoint      ] Safepoint "Cleanup", Time since last: 1000114698 ns, Reaching safepoint: 6001 ns, Cleanup: 9700 ns, At safepoint: 1500 ns, Total: 17201 ns
[2016.122s][info ][safepoint      ] Safepoint "Cleanup", Time since last: 7000511441 ns, Reaching safepoint: 5700 ns, Cleanup: 9900 ns, At safepoint: 2300 ns, Total: 17900 ns
[2017.122s][info ][safepoint      ] Safepoint "Cleanup", Time since last: 1000109190 ns, Reaching safepoint: 5600 ns, Cleanup: 11000 ns, At safepoint: 1600 ns, Total: 18200 ns
[2027.123s][info ][safepoint      ] Safepoint "Cleanup", Time since last: 10000724995 ns, Reaching safepoint: 6400 ns, Cleanup: 10801 ns, At safepoint: 2200 ns, Total: 19401 ns
[2033.548s][info ][gc,start       ] GC(57) Pause Young (Allocation Failure)
[2033.553s][debug][gc,phases      ] GC(57) Scavenge 4.483ms
[2033.553s][debug][gc,ref         ] GC(57) ReferenceProcessor::execute queues: 1, RefProcThreadModel::Single, marks_oops_alive: false
[2033.553s][debug][gc,ref         ] GC(57) Skipped KeepAliveFinalRefsPhase of Reference Processing: no references
[2033.553s][debug][gc,ref         ] GC(57) Skipped PhantomRefsPhase of Reference Processing: no references
[2033.553s][debug][gc,phases      ] GC(57) Reference Processing 0.094ms
[2033.553s][debug][gc,phases      ] GC(57)   VM Weak                        Min:  0.0, Avg:  0.0, Max:  0.0, Diff:  0.0, Sum:  0.0, Workers: 4
[2033.553s][debug][gc,phases      ] GC(57)     Dead                           Min: 0, Avg:  0.0, Max: 0, Diff: 0, Sum: 0, Workers: 4
[2033.553s][debug][gc,phases      ] GC(57)     Total                          Min: 0, Avg: 241.5, Max: 576, Diff: 576, Sum: 966, Workers: 4
[2033.553s][debug][gc,phases      ] GC(57)   ObjectSynchronizer Weak        Min:  0.0, Avg:  0.0, Max:  0.0, Diff:  0.0, Sum:  0.0, Workers: 4
[2033.553s][debug][gc,phases      ] GC(57)     Dead                           Min: 0, Avg:  0.0, Max: 0, Diff: 0, Sum: 0, Workers: 4
[2033.553s][debug][gc,phases      ] GC(57)     Total                          Min: 0, Avg:  1.0, Max: 4, Diff: 4, Sum: 4, Workers: 4
[2033.553s][debug][gc,phases      ] GC(57)   JVMTI Tag Weak OopStorage      Min:  0.0, Avg:  0.0, Max:  0.0, Diff:  0.0, Sum:  0.0, Workers: 4
[2033.553s][debug][gc,phases      ] GC(57)     Dead                           Min: 0, Avg:  0.0, Max: 0, Diff: 0, Sum: 0, Workers: 4
[2033.553s][debug][gc,phases      ] GC(57)     Total                          Min: 0, Avg:  0.0, Max: 0, Diff: 0, Sum: 0, Workers: 4
[2033.553s][debug][gc,phases      ] GC(57)   StringTable Weak               Min:  0.0, Avg:  0.1, Max:  0.1, Diff:  0.1, Sum:  0.4, Workers: 4
[2033.553s][debug][gc,phases      ] GC(57)     Dead                           Min: 0, Avg:  0.0, Max: 0, Diff: 0, Sum: 0, Workers: 4
[2033.553s][debug][gc,phases      ] GC(57)     Total                          Min: 0, Avg: 11871.2, Max: 20416, Diff: 20416, Sum: 47485, Workers: 4
[2033.553s][debug][gc,phases      ] GC(57)   ResolvedMethodTable Weak       Min:  0.0, Avg:  0.0, Max:  0.0, Diff:  0.0, Sum:  0.1, Workers: 4
[2033.553s][debug][gc,phases      ] GC(57)     Dead                           Min: 0, Avg:  4.0, Max: 16, Diff: 16, Sum: 16, Workers: 4
[2033.553s][debug][gc,phases      ] GC(57)     Total                          Min: 0, Avg: 3830.0, Max: 6662, Diff: 6662, Sum: 15320, Workers: 4
[2033.553s][debug][gc,phases      ] GC(57)   JNI Weak                       Min:  0.0, Avg:  0.0, Max:  0.0, Diff:  0.0, Sum:  0.0, Workers: 4
[2033.553s][debug][gc,phases      ] GC(57)     Dead                           Min: 0, Avg:  0.0, Max: 0, Diff: 0, Sum: 0, Workers: 4
[2033.553s][debug][gc,phases      ] GC(57)     Total                          Min: 0, Avg: 13.0, Max: 52, Diff: 52, Sum: 52, Workers: 4
[2033.553s][debug][gc,phases      ] GC(57)   StringDedup Table Weak         Min:  0.0, Avg:  0.0, Max:  0.0, Diff:  0.0, Sum:  0.0, Workers: 4
[2033.553s][debug][gc,phases      ] GC(57)     Dead                           Min: 0, Avg:  0.0, Max: 0, Diff: 0, Sum: 0, Workers: 4
[2033.553s][debug][gc,phases      ] GC(57)     Total                          Min: 0, Avg:  0.0, Max: 0, Diff: 0, Sum: 0, Workers: 4
[2033.553s][debug][gc,phases      ] GC(57)   StringDedup Requests0 Weak     Min:  0.0, Avg:  0.0, Max:  0.0, Diff:  0.0, Sum:  0.0, Workers: 4
[2033.553s][debug][gc,phases      ] GC(57)     Dead                           Min: 0, Avg:  0.0, Max: 0, Diff: 0, Sum: 0, Workers: 4
[2033.553s][debug][gc,phases      ] GC(57)     Total                          Min: 0, Avg:  0.0, Max: 0, Diff: 0, Sum: 0, Workers: 4
[2033.553s][debug][gc,phases      ] GC(57)   StringDedup Requests1 Weak     Min:  0.0, Avg:  0.0, Max:  0.0, Diff:  0.0, Sum:  0.0, Workers: 4
[2033.553s][debug][gc,phases      ] GC(57)     Dead                           Min: 0, Avg:  0.0, Max: 0, Diff: 0, Sum: 0, Workers: 4
[2033.553s][debug][gc,phases      ] GC(57)     Total                          Min: 0, Avg:  0.0, Max: 0, Diff: 0, Sum: 0, Workers: 4
[2033.553s][debug][gc,phases      ] GC(57)   Weak JFR Old Object Samples    Min:  0.0, Avg:  0.0, Max:  0.0, Diff:  0.0, Sum:  0.0, Workers: 4
[2033.553s][debug][gc,phases      ] GC(57)     Dead                           Min: 0, Avg:  0.0, Max: 0, Diff: 0, Sum: 0, Workers: 4
[2033.553s][debug][gc,phases      ] GC(57)     Total                          Min: 0, Avg:  0.0, Max: 0, Diff: 0, Sum: 0, Workers: 4
[2033.553s][debug][gc,phases      ] GC(57) Weak Processing 0.360ms
[2033.553s][debug][gc,age         ] GC(57) Desired survivor size 54525952 bytes, new threshold 1 (max threshold 15)
[2033.553s][info ][gc,heap        ] GC(57) PSYoungGen: 1987152K(2041856K)->2864K(2039808K) Eden: 1984512K(1984512K)->0K(1984512K) From: 2640K(57344K)->2864K(55296K)
[2033.553s][info ][gc,heap        ] GC(57) ParOldGen: 522932K(523264K)->523804K(524288K)
[2033.553s][info ][gc,metaspace   ] GC(57) Metaspace: 109490K(110848K)->109490K(110848K) NonClass: 93064K(93824K)->93064K(93824K) Class: 16425K(17024K)->16425K(17024K)
[2033.553s][info ][gc             ] GC(57) Pause Young (Allocation Failure) 2451M->514M(2504M) 5.051ms
[2033.553s][info ][gc,cpu         ] GC(57) User=0.01s Sys=0.00s Real=0.01s
[2033.553s][info ][safepoint      ] Safepoint "ParallelGCFailedAllocation", Time since last: 6425256591 ns, Reaching safepoint: 5100 ns, Cleanup: 3200 ns, At safepoint: 5112845 ns, Total: 5121145 ns
[2045.706s][info ][safepoint      ] Safepoint "Cleanup", Time since last: 12153214525 ns, Reaching safepoint: 5600 ns, Cleanup: 10600 ns, At safepoint: 2100 ns, Total: 18300 ns
[2051.707s][info ][safepoint      ] Safepoint "Cleanup", Time since last: 6000466696 ns, Reaching safepoint: 5800 ns, Cleanup: 10200 ns, At safepoint: 2100 ns, Total: 18100 ns
[2056.707s][info ][safepoint      ] Safepoint "Cleanup", Time since last: 5000394764 ns, Reaching safepoint: 5900 ns, Cleanup: 13001 ns, At safepoint: 1900 ns, Total: 20801 ns
[2069.708s][info ][safepoint      ] Safepoint "Cleanup", Time since last: 13000984069 ns, Reaching safepoint: 5800 ns, Cleanup: 7700 ns, At safepoint: 2100 ns, Total: 15600 ns
[2074.709s][info ][safepoint      ] Safepoint "Cleanup", Time since last: 5000369391 ns, Reaching safepoint: 5800 ns, Cleanup: 9700 ns, At safepoint: 2200 ns, Total: 17700 ns
[2076.709s][info ][safepoint      ] Safepoint "Cleanup", Time since last: 2000174699 ns, Reaching safepoint: 6200 ns, Cleanup: 14000 ns, At safepoint: 2000 ns, Total: 22200 ns
[2082.558s][info ][gc,start       ] GC(58) Pause Young (Allocation Failure)
[2082.560s][debug][gc,phases      ] GC(58) Scavenge 2.682ms
[2082.560s][debug][gc,ref         ] GC(58) ReferenceProcessor::execute queues: 1, RefProcThreadModel::Single, marks_oops_alive: false
[2082.560s][debug][gc,ref         ] GC(58) Skipped KeepAliveFinalRefsPhase of Reference Processing: no references
[2082.560s][debug][gc,ref         ] GC(58) Skipped PhantomRefsPhase of Reference Processing: no references
[2082.560s][debug][gc,phases      ] GC(58) Reference Processing 0.091ms
[2082.561s][debug][gc,phases      ] GC(58)   VM Weak                        Min:  0.0, Avg:  0.0, Max:  0.0, Diff:  0.0, Sum:  0.0, Workers: 4
[2082.561s][debug][gc,phases      ] GC(58)     Dead                           Min: 0, Avg:  0.0, Max: 0, Diff: 0, Sum: 0, Workers: 4
[2082.561s][debug][gc,phases      ] GC(58)     Total                          Min: 0, Avg: 241.5, Max: 448, Diff: 448, Sum: 966, Workers: 4
[2082.561s][debug][gc,phases      ] GC(58)   ObjectSynchronizer Weak        Min:  0.0, Avg:  0.0, Max:  0.0, Diff:  0.0, Sum:  0.0, Workers: 4
[2082.561s][debug][gc,phases      ] GC(58)     Dead                           Min: 0, Avg:  0.0, Max: 0, Diff: 0, Sum: 0, Workers: 4
[2082.561s][debug][gc,phases      ] GC(58)     Total                          Min: 0, Avg:  0.8, Max: 3, Diff: 3, Sum: 3, Workers: 4
[2082.561s][debug][gc,phases      ] GC(58)   JVMTI Tag Weak OopStorage      Min:  0.0, Avg:  0.0, Max:  0.0, Diff:  0.0, Sum:  0.0, Workers: 4
[2082.561s][debug][gc,phases      ] GC(58)     Dead                           Min: 0, Avg:  0.0, Max: 0, Diff: 0, Sum: 0, Workers: 4
[2082.561s][debug][gc,phases      ] GC(58)     Total                          Min: 0, Avg:  0.0, Max: 0, Diff: 0, Sum: 0, Workers: 4
[2082.561s][debug][gc,phases      ] GC(58)   StringTable Weak               Min:  0.0, Avg:  0.1, Max:  0.1, Diff:  0.1, Sum:  0.4, Workers: 4
[2082.561s][debug][gc,phases      ] GC(58)     Dead                           Min: 0, Avg:  0.0, Max: 0, Diff: 0, Sum: 0, Workers: 4
[2082.561s][debug][gc,phases      ] GC(58)     Total                          Min: 0, Avg: 11872.2, Max: 20224, Diff: 20224, Sum: 47489, Workers: 4
[2082.561s][debug][gc,phases      ] GC(58)   ResolvedMethodTable Weak       Min:  0.0, Avg:  0.0, Max:  0.0, Diff:  0.0, Sum:  0.1, Workers: 4
[2082.561s][debug][gc,phases      ] GC(58)     Dead                           Min: 0, Avg:  4.0, Max: 15, Diff: 15, Sum: 16, Workers: 4
[2082.561s][debug][gc,phases      ] GC(58)     Total                          Min: 0, Avg: 3830.0, Max: 6510, Diff: 6510, Sum: 15320, Workers: 4
[2082.561s][debug][gc,phases      ] GC(58)   JNI Weak                       Min:  0.0, Avg:  0.0, Max:  0.0, Diff:  0.0, Sum:  0.0, Workers: 4
[2082.561s][debug][gc,phases      ] GC(58)     Dead                           Min: 0, Avg:  0.0, Max: 0, Diff: 0, Sum: 0, Workers: 4
[2082.561s][debug][gc,phases      ] GC(58)     Total                          Min: 0, Avg: 13.0, Max: 52, Diff: 52, Sum: 52, Workers: 4
[2082.561s][debug][gc,phases      ] GC(58)   StringDedup Table Weak         Min:  0.0, Avg:  0.0, Max:  0.0, Diff:  0.0, Sum:  0.0, Workers: 4
[2082.561s][debug][gc,phases      ] GC(58)     Dead                           Min: 0, Avg:  0.0, Max: 0, Diff: 0, Sum: 0, Workers: 4
[2082.561s][debug][gc,phases      ] GC(58)     Total                          Min: 0, Avg:  0.0, Max: 0, Diff: 0, Sum: 0, Workers: 4
[2082.561s][debug][gc,phases      ] GC(58)   StringDedup Requests0 Weak     Min:  0.0, Avg:  0.0, Max:  0.0, Diff:  0.0, Sum:  0.0, Workers: 4
[2082.561s][debug][gc,phases      ] GC(58)     Dead                           Min: 0, Avg:  0.0, Max: 0, Diff: 0, Sum: 0, Workers: 4
[2082.561s][debug][gc,phases      ] GC(58)     Total                          Min: 0, Avg:  0.0, Max: 0, Diff: 0, Sum: 0, Workers: 4
[2082.561s][debug][gc,phases      ] GC(58)   StringDedup Requests1 Weak     Min:  0.0, Avg:  0.0, Max:  0.0, Diff:  0.0, Sum:  0.0, Workers: 4
[2082.561s][debug][gc,phases      ] GC(58)     Dead                           Min: 0, Avg:  0.0, Max: 0, Diff: 0, Sum: 0, Workers: 4
[2082.561s][debug][gc,phases      ] GC(58)     Total                          Min: 0, Avg:  0.0, Max: 0, Diff: 0, Sum: 0, Workers: 4
[2082.561s][debug][gc,phases      ] GC(58)   Weak JFR Old Object Samples    Min:  0.0, Avg:  0.0, Max:  0.0, Diff:  0.0, Sum:  0.0, Workers: 4
[2082.561s][debug][gc,phases      ] GC(58)     Dead                           Min: 0, Avg:  0.0, Max: 0, Diff: 0, Sum: 0, Workers: 4
[2082.561s][debug][gc,phases      ] GC(58)     Total                          Min: 0, Avg:  0.0, Max: 0, Diff: 0, Sum: 0, Workers: 4
[2082.561s][debug][gc,phases      ] GC(58) Weak Processing 0.399ms
[2082.561s][debug][gc,age         ] GC(58) Desired survivor size 52428800 bytes, new threshold 1 (max threshold 15)
[2082.561s][info ][gc,heap        ] GC(58) PSYoungGen: 1987376K(2039808K)->2304K(2045952K) Eden: 1984512K(1984512K)->0K(1992704K) From: 2864K(55296K)->2304K(53248K)
[2082.561s][info ][gc,heap        ] GC(58) ParOldGen: 523804K(524288K)->525009K(525312K)
[2082.561s][info ][gc,metaspace   ] GC(58) Metaspace: 109493K(110848K)->109493K(110848K) NonClass: 93067K(93824K)->93067K(93824K) Class: 16425K(17024K)->16425K(17024K)
[2082.561s][info ][gc             ] GC(58) Pause Young (Allocation Failure) 2452M->514M(2511M) 3.266ms
[2082.561s][info ][gc,cpu         ] GC(58) User=0.01s Sys=0.00s Real=0.01s
[2082.561s][info ][safepoint      ] Safepoint "ParallelGCFailedAllocation", Time since last: 5848523977 ns, Reaching safepoint: 5300 ns, Cleanup: 3500 ns, At safepoint: 3329029 ns, Total: 3337829 ns
[2083.561s][info ][safepoint      ] Safepoint "Cleanup", Time since last: 1000088998 ns, Reaching safepoint: 5700 ns, Cleanup: 7500 ns, At safepoint: 2100 ns, Total: 15300 ns
[2084.561s][info ][safepoint      ] Safepoint "Cleanup", Time since last: 1000108290 ns, Reaching safepoint: 5700 ns, Cleanup: 10600 ns, At safepoint: 20600 ns, Total: 36900 ns
[2090.562s][info ][safepoint      ] Safepoint "Cleanup", Time since last: 6000460040 ns, Reaching safepoint: 5600 ns, Cleanup: 8900 ns, At safepoint: 2200 ns, Total: 16700 ns
[2108.563s][info ][safepoint      ] Safepoint "Cleanup", Time since last: 18001292937 ns, Reaching safepoint: 5200 ns, Cleanup: 12600 ns, At safepoint: 1800 ns, Total: 19600 ns
[2115.563s][info ][safepoint      ] Safepoint "Cleanup", Time since last: 7000528689 ns, Reaching safepoint: 6800 ns, Cleanup: 12001 ns, At safepoint: 2100 ns, Total: 20901 ns
[2119.564s][info ][safepoint      ] Safepoint "Cleanup", Time since last: 4000334261 ns, Reaching safepoint: 6400 ns, Cleanup: 10300 ns, At safepoint: 2400 ns, Total: 19100 ns
[2134.768s][info ][gc,start       ] GC(59) Pause Young (Allocation Failure)
[2134.772s][debug][gc,phases      ] GC(59) Scavenge 3.397ms
[2134.772s][debug][gc,ref         ] GC(59) ReferenceProcessor::execute queues: 1, RefProcThreadModel::Single, marks_oops_alive: false
[2134.772s][debug][gc,ref         ] GC(59) Skipped KeepAliveFinalRefsPhase of Reference Processing: no references
[2134.772s][debug][gc,ref         ] GC(59) ReferenceProcessor::execute queues: 1, RefProcThreadModel::Single, marks_oops_alive: false
[2134.772s][debug][gc,phases      ] GC(59) Reference Processing 0.091ms
[2134.772s][debug][gc,phases      ] GC(59)   VM Weak                        Min:  0.0, Avg:  0.0, Max:  0.0, Diff:  0.0, Sum:  0.0, Workers: 4
[2134.772s][debug][gc,phases      ] GC(59)     Dead                           Min: 0, Avg:  0.0, Max: 0, Diff: 0, Sum: 0, Workers: 4
[2134.772s][debug][gc,phases      ] GC(59)     Total                          Min: 0, Avg: 241.5, Max: 582, Diff: 582, Sum: 966, Workers: 4
[2134.772s][debug][gc,phases      ] GC(59)   ObjectSynchronizer Weak        Min:  0.0, Avg:  0.0, Max:  0.0, Diff:  0.0, Sum:  0.0, Workers: 4
[2134.772s][debug][gc,phases      ] GC(59)     Dead                           Min: 0, Avg:  0.0, Max: 0, Diff: 0, Sum: 0, Workers: 4
[2134.772s][debug][gc,phases      ] GC(59)     Total                          Min: 0, Avg:  0.8, Max: 3, Diff: 3, Sum: 3, Workers: 4
[2134.772s][debug][gc,phases      ] GC(59)   JVMTI Tag Weak OopStorage      Min:  0.0, Avg:  0.0, Max:  0.0, Diff:  0.0, Sum:  0.0, Workers: 4
[2134.772s][debug][gc,phases      ] GC(59)     Dead                           Min: 0, Avg:  0.0, Max: 0, Diff: 0, Sum: 0, Workers: 4
[2134.772s][debug][gc,phases      ] GC(59)     Total                          Min: 0, Avg:  0.0, Max: 0, Diff: 0, Sum: 0, Workers: 4
[2134.772s][debug][gc,phases      ] GC(59)   StringTable Weak               Min:  0.0, Avg:  0.1, Max:  0.2, Diff:  0.2, Sum:  0.5, Workers: 4
[2134.772s][debug][gc,phases      ] GC(59)     Dead                           Min: 0, Avg:  0.0, Max: 0, Diff: 0, Sum: 0, Workers: 4
[2134.772s][debug][gc,phases      ] GC(59)     Total                          Min: 0, Avg: 11872.2, Max: 16257, Diff: 16257, Sum: 47489, Workers: 4
[2134.772s][debug][gc,phases      ] GC(59)   ResolvedMethodTable Weak       Min:  0.0, Avg:  0.0, Max:  0.1, Diff:  0.0, Sum:  0.2, Workers: 4
[2134.772s][debug][gc,phases      ] GC(59)     Dead                           Min: 0, Avg:  4.0, Max: 9, Diff: 9, Sum: 16, Workers: 4
[2134.772s][debug][gc,phases      ] GC(59)     Total                          Min: 838, Avg: 3830.0, Max: 4967, Diff: 4129, Sum: 15320, Workers: 4
[2134.772s][debug][gc,phases      ] GC(59)   JNI Weak                       Min:  0.0, Avg:  0.0, Max:  0.0, Diff:  0.0, Sum:  0.0, Workers: 4
[2134.772s][debug][gc,phases      ] GC(59)     Dead                           Min: 0, Avg:  0.0, Max: 0, Diff: 0, Sum: 0, Workers: 4
[2134.772s][debug][gc,phases      ] GC(59)     Total                          Min: 0, Avg: 13.0, Max: 52, Diff: 52, Sum: 52, Workers: 4
[2134.772s][debug][gc,phases      ] GC(59)   StringDedup Table Weak         Min:  0.0, Avg:  0.0, Max:  0.0, Diff:  0.0, Sum:  0.0, Workers: 4
[2134.772s][debug][gc,phases      ] GC(59)     Dead                           Min: 0, Avg:  0.0, Max: 0, Diff: 0, Sum: 0, Workers: 4
[2134.772s][debug][gc,phases      ] GC(59)     Total                          Min: 0, Avg:  0.0, Max: 0, Diff: 0, Sum: 0, Workers: 4
[2134.772s][debug][gc,phases      ] GC(59)   StringDedup Requests0 Weak     Min:  0.0, Avg:  0.0, Max:  0.0, Diff:  0.0, Sum:  0.0, Workers: 4
[2134.772s][debug][gc,phases      ] GC(59)     Dead                           Min: 0, Avg:  0.0, Max: 0, Diff: 0, Sum: 0, Workers: 4
[2134.772s][debug][gc,phases      ] GC(59)     Total                          Min: 0, Avg:  0.0, Max: 0, Diff: 0, Sum: 0, Workers: 4
[2134.772s][debug][gc,phases      ] GC(59)   StringDedup Requests1 Weak     Min:  0.0, Avg:  0.0, Max:  0.0, Diff:  0.0, Sum:  0.0, Workers: 4
[2134.772s][debug][gc,phases      ] GC(59)     Dead                           Min: 0, Avg:  0.0, Max: 0, Diff: 0, Sum: 0, Workers: 4
[2134.772s][debug][gc,phases      ] GC(59)     Total                          Min: 0, Avg:  0.0, Max: 0, Diff: 0, Sum: 0, Workers: 4
[2134.772s][debug][gc,phases      ] GC(59)   Weak JFR Old Object Samples    Min:  0.0, Avg:  0.0, Max:  0.0, Diff:  0.0, Sum:  0.0, Workers: 4
[2134.772s][debug][gc,phases      ] GC(59)     Dead                           Min: 0, Avg:  0.0, Max: 0, Diff: 0, Sum: 0, Workers: 4
[2134.772s][debug][gc,phases      ] GC(59)     Total                          Min: 0, Avg:  0.0, Max: 0, Diff: 0, Sum: 0, Workers: 4
[2134.772s][debug][gc,phases      ] GC(59) Weak Processing 0.446ms
[2134.772s][debug][gc,age         ] GC(59) Desired survivor size 50331648 bytes, new threshold 1 (max threshold 15)
[2134.772s][info ][gc,heap        ] GC(59) PSYoungGen: 1995008K(2045952K)->1536K(2043904K) Eden: 1992704K(1992704K)->0K(1992704K) From: 2304K(53248K)->1536K(51200K)
[2134.773s][info ][gc,heap        ] GC(59) ParOldGen: 525009K(525312K)->526361K(526848K)
[2134.773s][info ][gc,metaspace   ] GC(59) Metaspace: 109515K(110848K)->109515K(110848K) NonClass: 93090K(93824K)->93090K(93824K) Class: 16425K(17024K)->16425K(17024K)
[2134.773s][info ][gc             ] GC(59) Pause Young (Allocation Failure) 2460M->515M(2510M) 4.042ms
[2134.773s][info ][gc,cpu         ] GC(59) User=0.01s Sys=0.00s Real=0.01s
[2134.773s][info ][safepoint      ] Safepoint "ParallelGCFailedAllocation", Time since last: 15204652782 ns, Reaching safepoint: 7700 ns, Cleanup: 5200 ns, At safepoint: 4106436 ns, Total: 4119336 ns
[2152.774s][info ][safepoint      ] Safepoint "Cleanup", Time since last: 18001303231 ns, Reaching safepoint: 5900 ns, Cleanup: 11600 ns, At safepoint: 2400 ns, Total: 19900 ns
[2154.774s][info ][safepoint      ] Safepoint "Cleanup", Time since last: 2000179295 ns, Reaching safepoint: 6600 ns, Cleanup: 8800 ns, At safepoint: 2101 ns, Total: 17501 ns
[2158.774s][info ][safepoint      ] Safepoint "Cleanup", Time since last: 4000305491 ns, Reaching safepoint: 5800 ns, Cleanup: 8300 ns, At safepoint: 2100 ns, Total: 16200 ns
[2164.775s][info ][safepoint      ] Safepoint "Cleanup", Time since last: 6000456887 ns, Reaching safepoint: 5400 ns, Cleanup: 7900 ns, At safepoint: 2100 ns, Total: 15400 ns
[2166.775s][info ][safepoint      ] Safepoint "Cleanup", Time since last: 2000172595 ns, Reaching safepoint: 6300 ns, Cleanup: 15400 ns, At safepoint: 2100 ns, Total: 23800 ns
[2167.775s][info ][safepoint      ] Safepoint "Cleanup", Time since last: 1000107698 ns, Reaching safepoint: 5600 ns, Cleanup: 9001 ns, At safepoint: 1800 ns, Total: 16401 ns
[2171.776s][info ][safepoint      ] Safepoint "Cleanup", Time since last: 4000312190 ns, Reaching safepoint: 6100 ns, Cleanup: 9601 ns, At safepoint: 2100 ns, Total: 17801 ns
[2180.777s][info ][safepoint      ] Safepoint "Cleanup", Time since last: 9001557404 ns, Reaching safepoint: 5500 ns, Cleanup: 8400 ns, At safepoint: 2200 ns, Total: 16100 ns
[2186.718s][info ][gc,start       ] GC(60) Pause Young (Allocation Failure)
[2186.723s][debug][gc,phases      ] GC(60) Scavenge 4.873ms
[2186.723s][debug][gc,ref         ] GC(60) ReferenceProcessor::execute queues: 1, RefProcThreadModel::Single, marks_oops_alive: false
[2186.723s][debug][gc,ref         ] GC(60) Skipped KeepAliveFinalRefsPhase of Reference Processing: no references
[2186.723s][debug][gc,ref         ] GC(60) Skipped PhantomRefsPhase of Reference Processing: no references
[2186.723s][debug][gc,phases      ] GC(60) Reference Processing 0.138ms
[2186.724s][debug][gc,phases      ] GC(60)   VM Weak                        Min:  0.0, Avg:  0.0, Max:  0.0, Diff:  0.0, Sum:  0.0, Workers: 4
[2186.724s][debug][gc,phases      ] GC(60)     Dead                           Min: 0, Avg:  0.0, Max: 0, Diff: 0, Sum: 0, Workers: 4
[2186.724s][debug][gc,phases      ] GC(60)     Total                          Min: 0, Avg: 241.5, Max: 966, Diff: 966, Sum: 966, Workers: 4
[2186.724s][debug][gc,phases      ] GC(60)   ObjectSynchronizer Weak        Min:  0.0, Avg:  0.0, Max:  0.0, Diff:  0.0, Sum:  0.0, Workers: 4
[2186.724s][debug][gc,phases      ] GC(60)     Dead                           Min: 0, Avg:  0.0, Max: 0, Diff: 0, Sum: 0, Workers: 4
[2186.724s][debug][gc,phases      ] GC(60)     Total                          Min: 0, Avg:  0.8, Max: 3, Diff: 3, Sum: 3, Workers: 4
[2186.724s][debug][gc,phases      ] GC(60)   JVMTI Tag Weak OopStorage      Min:  0.0, Avg:  0.0, Max:  0.0, Diff:  0.0, Sum:  0.0, Workers: 4
[2186.724s][debug][gc,phases      ] GC(60)     Dead                           Min: 0, Avg:  0.0, Max: 0, Diff: 0, Sum: 0, Workers: 4
[2186.724s][debug][gc,phases      ] GC(60)     Total                          Min: 0, Avg:  0.0, Max: 0, Diff: 0, Sum: 0, Workers: 4
[2186.724s][debug][gc,phases      ] GC(60)   StringTable Weak               Min:  0.0, Avg:  0.1, Max:  0.5, Diff:  0.5, Sum:  0.5, Workers: 4
[2186.724s][debug][gc,phases      ] GC(60)     Dead                           Min: 0, Avg:  0.0, Max: 0, Diff: 0, Sum: 0, Workers: 4
[2186.724s][debug][gc,phases      ] GC(60)     Total                          Min: 0, Avg: 11872.2, Max: 47489, Diff: 47489, Sum: 47489, Workers: 4
[2186.724s][debug][gc,phases      ] GC(60)   ResolvedMethodTable Weak       Min:  0.0, Avg:  0.0, Max:  0.1, Diff:  0.1, Sum:  0.2, Workers: 4
[2186.724s][debug][gc,phases      ] GC(60)     Dead                           Min: 0, Avg:  4.0, Max: 16, Diff: 16, Sum: 16, Workers: 4
[2186.724s][debug][gc,phases      ] GC(60)     Total                          Min: 0, Avg: 3830.0, Max: 10318, Diff: 10318, Sum: 15320, Workers: 4
[2186.724s][debug][gc,phases      ] GC(60)   JNI Weak                       Min:  0.0, Avg:  0.0, Max:  0.0, Diff:  0.0, Sum:  0.0, Workers: 4
[2186.724s][debug][gc,phases      ] GC(60)     Dead                           Min: 0, Avg:  0.0, Max: 0, Diff: 0, Sum: 0, Workers: 4
[2186.724s][debug][gc,phases      ] GC(60)     Total                          Min: 0, Avg: 13.0, Max: 52, Diff: 52, Sum: 52, Workers: 4
[2186.724s][debug][gc,phases      ] GC(60)   StringDedup Table Weak         Min:  0.0, Avg:  0.0, Max:  0.0, Diff:  0.0, Sum:  0.0, Workers: 4
[2186.724s][debug][gc,phases      ] GC(60)     Dead                           Min: 0, Avg:  0.0, Max: 0, Diff: 0, Sum: 0, Workers: 4
[2186.724s][debug][gc,phases      ] GC(60)     Total                          Min: 0, Avg:  0.0, Max: 0, Diff: 0, Sum: 0, Workers: 4
[2186.724s][debug][gc,phases      ] GC(60)   StringDedup Requests0 Weak     Min:  0.0, Avg:  0.0, Max:  0.0, Diff:  0.0, Sum:  0.0, Workers: 4
[2186.724s][debug][gc,phases      ] GC(60)     Dead                           Min: 0, Avg:  0.0, Max: 0, Diff: 0, Sum: 0, Workers: 4
[2186.724s][debug][gc,phases      ] GC(60)     Total                          Min: 0, Avg:  0.0, Max: 0, Diff: 0, Sum: 0, Workers: 4
[2186.724s][debug][gc,phases      ] GC(60)   StringDedup Requests1 Weak     Min:  0.0, Avg:  0.0, Max:  0.0, Diff:  0.0, Sum:  0.0, Workers: 4
[2186.724s][debug][gc,phases      ] GC(60)     Dead                           Min: 0, Avg:  0.0, Max: 0, Diff: 0, Sum: 0, Workers: 4
[2186.724s][debug][gc,phases      ] GC(60)     Total                          Min: 0, Avg:  0.0, Max: 0, Diff: 0, Sum: 0, Workers: 4
[2186.724s][debug][gc,phases      ] GC(60)   Weak JFR Old Object Samples    Min:  0.0, Avg:  0.0, Max:  0.0, Diff:  0.0, Sum:  0.0, Workers: 4
[2186.724s][debug][gc,phases      ] GC(60)     Dead                           Min: 0, Avg:  0.0, Max: 0, Diff: 0, Sum: 0, Workers: 4
[2186.724s][debug][gc,phases      ] GC(60)     Total                          Min: 0, Avg:  0.0, Max: 0, Diff: 0, Sum: 0, Workers: 4
[2186.724s][debug][gc,phases      ] GC(60) Weak Processing 0.858ms
[2186.724s][debug][gc,age         ] GC(60) Desired survivor size 48234496 bytes, new threshold 1 (max threshold 15)
[2186.724s][info ][gc,heap        ] GC(60) PSYoungGen: 1994240K(2043904K)->1936K(2050048K) Eden: 1992704K(1992704K)->0K(2000896K) From: 1536K(51200K)->1936K(49152K)
[2186.724s][info ][gc,heap        ] GC(60) ParOldGen: 526361K(526848K)->526929K(527360K)
[2186.724s][info ][gc,metaspace   ] GC(60) Metaspace: 109518K(110848K)->109518K(110848K) NonClass: 93092K(93824K)->93092K(93824K) Class: 16425K(17024K)->16425K(17024K)
[2186.724s][info ][gc             ] GC(60) Pause Young (Allocation Failure) 2461M->516M(2517M) 6.008ms
[2186.724s][info ][gc,cpu         ] GC(60) User=0.01s Sys=0.00s Real=0.01s
[2186.724s][info ][safepoint      ] Safepoint "ParallelGCFailedAllocation", Time since last: 5940806146 ns, Reaching safepoint: 80400 ns, Cleanup: 5000 ns, At safepoint: 6087053 ns, Total: 6172453 ns
[2196.726s][info ][safepoint      ] Safepoint "Cleanup", Time since last: 10002004201 ns, Reaching safepoint: 6400 ns, Cleanup: 9100 ns, At safepoint: 2300 ns, Total: 17800 ns
[2199.726s][info ][safepoint      ] Safepoint "Cleanup", Time since last: 3000267958 ns, Reaching safepoint: 82701 ns, Cleanup: 17600 ns, At safepoint: 9700 ns, Total: 110001 ns
[2201.727s][info ][safepoint      ] Safepoint "Cleanup", Time since last: 2000178639 ns, Reaching safepoint: 5800 ns, Cleanup: 9600 ns, At safepoint: 1900 ns, Total: 17300 ns
[2204.727s][info ][safepoint      ] Safepoint "Cleanup", Time since last: 3000243951 ns, Reaching safepoint: 6800 ns, Cleanup: 7400 ns, At safepoint: 2200 ns, Total: 16400 ns
[2227.729s][info ][safepoint      ] Safepoint "Cleanup", Time since last: 23002456455 ns, Reaching safepoint: 6300 ns, Cleanup: 16200 ns, At safepoint: 2600 ns, Total: 25100 ns
[2238.730s][info ][safepoint      ] Safepoint "Cleanup", Time since last: 11000816038 ns, Reaching safepoint: 6200 ns, Cleanup: 8000 ns, At safepoint: 2300 ns, Total: 16500 ns
[2238.769s][info ][gc,start       ] GC(61) Pause Young (Allocation Failure)
[2238.772s][debug][gc,phases      ] GC(61) Scavenge 2.311ms
[2238.772s][debug][gc,ref         ] GC(61) ReferenceProcessor::execute queues: 1, RefProcThreadModel::Single, marks_oops_alive: false
[2238.772s][debug][gc,ref         ] GC(61) Skipped KeepAliveFinalRefsPhase of Reference Processing: no references
[2238.772s][debug][gc,ref         ] GC(61) ReferenceProcessor::execute queues: 1, RefProcThreadModel::Single, marks_oops_alive: false
[2238.772s][debug][gc,phases      ] GC(61) Reference Processing 0.126ms
[2238.772s][debug][gc,phases      ] GC(61)   VM Weak                        Min:  0.0, Avg:  0.0, Max:  0.0, Diff:  0.0, Sum:  0.0, Workers: 4
[2238.772s][debug][gc,phases      ] GC(61)     Dead                           Min: 0, Avg:  0.0, Max: 0, Diff: 0, Sum: 0, Workers: 4
[2238.772s][debug][gc,phases      ] GC(61)     Total                          Min: 0, Avg: 241.5, Max: 518, Diff: 518, Sum: 966, Workers: 4
[2238.772s][debug][gc,phases      ] GC(61)   ObjectSynchronizer Weak        Min:  0.0, Avg:  0.0, Max:  0.0, Diff:  0.0, Sum:  0.0, Workers: 4
[2238.772s][debug][gc,phases      ] GC(61)     Dead                           Min: 0, Avg:  0.0, Max: 0, Diff: 0, Sum: 0, Workers: 4
[2238.772s][debug][gc,phases      ] GC(61)     Total                          Min: 0, Avg:  0.8, Max: 3, Diff: 3, Sum: 3, Workers: 4
[2238.772s][debug][gc,phases      ] GC(61)   JVMTI Tag Weak OopStorage      Min:  0.0, Avg:  0.0, Max:  0.0, Diff:  0.0, Sum:  0.0, Workers: 4
[2238.772s][debug][gc,phases      ] GC(61)     Dead                           Min: 0, Avg:  0.0, Max: 0, Diff: 0, Sum: 0, Workers: 4
[2238.772s][debug][gc,phases      ] GC(61)     Total                          Min: 0, Avg:  0.0, Max: 0, Diff: 0, Sum: 0, Workers: 4
[2238.772s][debug][gc,phases      ] GC(61)   StringTable Weak               Min:  0.1, Avg:  0.1, Max:  0.1, Diff:  0.0, Sum:  0.5, Workers: 4
[2238.772s][debug][gc,phases      ] GC(61)     Dead                           Min: 0, Avg:  0.2, Max: 1, Diff: 1, Sum: 1, Workers: 4
[2238.772s][debug][gc,phases      ] GC(61)     Total                          Min: 11712, Avg: 11882.0, Max: 11968, Diff: 256, Sum: 47528, Workers: 4
[2238.772s][debug][gc,phases      ] GC(61)   ResolvedMethodTable Weak       Min:  0.0, Avg:  0.0, Max:  0.0, Diff:  0.0, Sum:  0.2, Workers: 4
[2238.772s][debug][gc,phases      ] GC(61)     Dead                           Min: 0, Avg:  4.0, Max: 16, Diff: 16, Sum: 16, Workers: 4
[2238.772s][debug][gc,phases      ] GC(61)     Total                          Min: 3717, Avg: 3830.5, Max: 4102, Diff: 385, Sum: 15322, Workers: 4
[2238.772s][debug][gc,phases      ] GC(61)   JNI Weak                       Min:  0.0, Avg:  0.0, Max:  0.0, Diff:  0.0, Sum:  0.0, Workers: 4
[2238.772s][debug][gc,phases      ] GC(61)     Dead                           Min: 0, Avg:  0.0, Max: 0, Diff: 0, Sum: 0, Workers: 4
[2238.772s][debug][gc,phases      ] GC(61)     Total                          Min: 0, Avg: 13.0, Max: 52, Diff: 52, Sum: 52, Workers: 4
[2238.772s][debug][gc,phases      ] GC(61)   StringDedup Table Weak         Min:  0.0, Avg:  0.0, Max:  0.0, Diff:  0.0, Sum:  0.0, Workers: 4
[2238.772s][debug][gc,phases      ] GC(61)     Dead                           Min: 0, Avg:  0.0, Max: 0, Diff: 0, Sum: 0, Workers: 4
[2238.772s][debug][gc,phases      ] GC(61)     Total                          Min: 0, Avg:  0.0, Max: 0, Diff: 0, Sum: 0, Workers: 4
[2238.772s][debug][gc,phases      ] GC(61)   StringDedup Requests0 Weak     Min:  0.0, Avg:  0.0, Max:  0.0, Diff:  0.0, Sum:  0.0, Workers: 4
[2238.772s][debug][gc,phases      ] GC(61)     Dead                           Min: 0, Avg:  0.0, Max: 0, Diff: 0, Sum: 0, Workers: 4
[2238.772s][debug][gc,phases      ] GC(61)     Total                          Min: 0, Avg:  0.0, Max: 0, Diff: 0, Sum: 0, Workers: 4
[2238.772s][debug][gc,phases      ] GC(61)   StringDedup Requests1 Weak     Min:  0.0, Avg:  0.0, Max:  0.0, Diff:  0.0, Sum:  0.0, Workers: 4
[2238.772s][debug][gc,phases      ] GC(61)     Dead                           Min: 0, Avg:  0.0, Max: 0, Diff: 0, Sum: 0, Workers: 4
[2238.772s][debug][gc,phases      ] GC(61)     Total                          Min: 0, Avg:  0.0, Max: 0, Diff: 0, Sum: 0, Workers: 4
[2238.772s][debug][gc,phases      ] GC(61)   Weak JFR Old Object Samples    Min:  0.0, Avg:  0.0, Max:  0.0, Diff:  0.0, Sum:  0.0, Workers: 4
[2238.772s][debug][gc,phases      ] GC(61)     Dead                           Min: 0, Avg:  0.0, Max: 0, Diff: 0, Sum: 0, Workers: 4
[2238.772s][debug][gc,phases      ] GC(61)     Total                          Min: 0, Avg:  0.0, Max: 0, Diff: 0, Sum: 0, Workers: 4
[2238.772s][debug][gc,phases      ] GC(61) Weak Processing 0.343ms
[2238.772s][debug][gc,age         ] GC(61) Desired survivor size 45613056 bytes, new threshold 1 (max threshold 15)
[2238.772s][info ][gc,heap        ] GC(61) PSYoungGen: 2002832K(2050048K)->2336K(2048000K) Eden: 2000896K(2000896K)->0K(2000896K) From: 1936K(49152K)->2336K(47104K)
[2238.772s][info ][gc,heap        ] GC(61) ParOldGen: 526929K(527360K)->527517K(527872K)
[2238.772s][info ][gc,metaspace   ] GC(61) Metaspace: 109529K(110848K)->109529K(110848K) NonClass: 93102K(93824K)->93102K(93824K) Class: 16427K(17024K)->16427K(17024K)
[2238.772s][info ][gc             ] GC(61) Pause Young (Allocation Failure) 2470M->517M(2515M) 2.862ms
[2238.772s][info ][gc,cpu         ] GC(61) User=0.01s Sys=0.00s Real=0.01s
[2238.772s][info ][safepoint      ] Safepoint "ParallelGCFailedAllocation", Time since last: 38996840 ns, Reaching safepoint: 3100 ns, Cleanup: 1900 ns, At safepoint: 2916125 ns, Total: 2921125 ns
[2255.773s][info ][safepoint      ] Safepoint "Cleanup", Time since last: 17001247525 ns, Reaching safepoint: 6000 ns, Cleanup: 10000 ns, At safepoint: 2200 ns, Total: 18200 ns
[2291.016s][info ][gc,start       ] GC(62) Pause Young (Allocation Failure)
[2291.018s][debug][gc,phases      ] GC(62) Scavenge 2.432ms
[2291.018s][debug][gc,ref         ] GC(62) ReferenceProcessor::execute queues: 1, RefProcThreadModel::Single, marks_oops_alive: false
[2291.018s][debug][gc,ref         ] GC(62) Skipped KeepAliveFinalRefsPhase of Reference Processing: no references
[2291.018s][debug][gc,ref         ] GC(62) Skipped PhantomRefsPhase of Reference Processing: no references
[2291.018s][debug][gc,phases      ] GC(62) Reference Processing 0.151ms
[2291.019s][debug][gc,phases      ] GC(62)   VM Weak                        Min:  0.0, Avg:  0.0, Max:  0.0, Diff:  0.0, Sum:  0.0, Workers: 4
[2291.019s][debug][gc,phases      ] GC(62)     Dead                           Min: 0, Avg:  0.0, Max: 0, Diff: 0, Sum: 0, Workers: 4
[2291.019s][debug][gc,phases      ] GC(62)     Total                          Min: 0, Avg: 241.5, Max: 838, Diff: 838, Sum: 966, Workers: 4
[2291.019s][debug][gc,phases      ] GC(62)   ObjectSynchronizer Weak        Min:  0.0, Avg:  0.0, Max:  0.0, Diff:  0.0, Sum:  0.0, Workers: 4
[2291.019s][debug][gc,phases      ] GC(62)     Dead                           Min: 0, Avg:  0.0, Max: 0, Diff: 0, Sum: 0, Workers: 4
[2291.019s][debug][gc,phases      ] GC(62)     Total                          Min: 0, Avg:  0.8, Max: 3, Diff: 3, Sum: 3, Workers: 4
[2291.019s][debug][gc,phases      ] GC(62)   JVMTI Tag Weak OopStorage      Min:  0.0, Avg:  0.0, Max:  0.0, Diff:  0.0, Sum:  0.0, Workers: 4
[2291.019s][debug][gc,phases      ] GC(62)     Dead                           Min: 0, Avg:  0.0, Max: 0, Diff: 0, Sum: 0, Workers: 4
[2291.019s][debug][gc,phases      ] GC(62)     Total                          Min: 0, Avg:  0.0, Max: 0, Diff: 0, Sum: 0, Workers: 4
[2291.019s][debug][gc,phases      ] GC(62)   StringTable Weak               Min:  0.0, Avg:  0.1, Max:  0.2, Diff:  0.2, Sum:  0.5, Workers: 4
[2291.019s][debug][gc,phases      ] GC(62)     Dead                           Min: 0, Avg:  0.0, Max: 0, Diff: 0, Sum: 0, Workers: 4
[2291.019s][debug][gc,phases      ] GC(62)     Total                          Min: 0, Avg: 11882.2, Max: 16425, Diff: 16425, Sum: 47529, Workers: 4
[2291.019s][debug][gc,phases      ] GC(62)   ResolvedMethodTable Weak       Min:  0.0, Avg:  0.0, Max:  0.1, Diff:  0.1, Sum:  0.2, Workers: 4
[2291.019s][debug][gc,phases      ] GC(62)     Dead                           Min: 0, Avg:  4.0, Max: 12, Diff: 12, Sum: 16, Workers: 4
[2291.019s][debug][gc,phases      ] GC(62)     Total                          Min: 0, Avg: 3830.5, Max: 5187, Diff: 5187, Sum: 15322, Workers: 4
[2291.019s][debug][gc,phases      ] GC(62)   JNI Weak                       Min:  0.0, Avg:  0.0, Max:  0.0, Diff:  0.0, Sum:  0.0, Workers: 4
[2291.019s][debug][gc,phases      ] GC(62)     Dead                           Min: 0, Avg:  0.0, Max: 0, Diff: 0, Sum: 0, Workers: 4
[2291.019s][debug][gc,phases      ] GC(62)     Total                          Min: 0, Avg: 13.0, Max: 52, Diff: 52, Sum: 52, Workers: 4
[2291.019s][debug][gc,phases      ] GC(62)   StringDedup Table Weak         Min:  0.0, Avg:  0.0, Max:  0.0, Diff:  0.0, Sum:  0.0, Workers: 4
[2291.019s][debug][gc,phases      ] GC(62)     Dead                           Min: 0, Avg:  0.0, Max: 0, Diff: 0, Sum: 0, Workers: 4
[2291.019s][debug][gc,phases      ] GC(62)     Total                          Min: 0, Avg:  0.0, Max: 0, Diff: 0, Sum: 0, Workers: 4
[2291.019s][debug][gc,phases      ] GC(62)   StringDedup Requests0 Weak     Min:  0.0, Avg:  0.0, Max:  0.0, Diff:  0.0, Sum:  0.0, Workers: 4
[2291.019s][debug][gc,phases      ] GC(62)     Dead                           Min: 0, Avg:  0.0, Max: 0, Diff: 0, Sum: 0, Workers: 4
[2291.019s][debug][gc,phases      ] GC(62)     Total                          Min: 0, Avg:  0.0, Max: 0, Diff: 0, Sum: 0, Workers: 4
[2291.019s][debug][gc,phases      ] GC(62)   StringDedup Requests1 Weak     Min:  0.0, Avg:  0.0, Max:  0.0, Diff:  0.0, Sum:  0.0, Workers: 4
[2291.019s][debug][gc,phases      ] GC(62)     Dead                           Min: 0, Avg:  0.0, Max: 0, Diff: 0, Sum: 0, Workers: 4
[2291.019s][debug][gc,phases      ] GC(62)     Total                          Min: 0, Avg:  0.0, Max: 0, Diff: 0, Sum: 0, Workers: 4
[2291.019s][debug][gc,phases      ] GC(62)   Weak JFR Old Object Samples    Min:  0.0, Avg:  0.0, Max:  0.0, Diff:  0.0, Sum:  0.0, Workers: 4
[2291.019s][debug][gc,phases      ] GC(62)     Dead                           Min: 0, Avg:  0.0, Max: 0, Diff: 0, Sum: 0, Workers: 4
[2291.019s][debug][gc,phases      ] GC(62)     Total                          Min: 0, Avg:  0.0, Max: 0, Diff: 0, Sum: 0, Workers: 4
[2291.019s][debug][gc,phases      ] GC(62) Weak Processing 0.470ms
[2291.019s][debug][gc,age         ] GC(62) Desired survivor size 43515904 bytes, new threshold 1 (max threshold 15)
[2291.019s][info ][gc,heap        ] GC(62) PSYoungGen: 2003232K(2048000K)->1984K(2054656K) Eden: 2000896K(2000896K)->0K(2010112K) From: 2336K(47104K)->1984K(44544K)
[2291.019s][info ][gc,heap        ] GC(62) ParOldGen: 527517K(527872K)->528610K(528896K)
[2291.019s][info ][gc,metaspace   ] GC(62) Metaspace: 109532K(110848K)->109532K(110848K) NonClass: 93105K(93824K)->93105K(93824K) Class: 16427K(17024K)->16427K(17024K)
[2291.019s][info ][gc             ] GC(62) Pause Young (Allocation Failure) 2471M->518M(2523M) 3.170ms
[2291.019s][info ][gc,cpu         ] GC(62) User=0.01s Sys=0.00s Real=0.00s
[2291.019s][info ][safepoint      ] Safepoint "ParallelGCFailedAllocation", Time since last: 35242246901 ns, Reaching safepoint: 76701 ns, Cleanup: 4000 ns, At safepoint: 3240428 ns, Total: 3321129 ns
[2310.020s][info ][safepoint      ] Safepoint "Cleanup", Time since last: 19001425671 ns, Reaching safepoint: 6000 ns, Cleanup: 10000 ns, At safepoint: 3100 ns, Total: 19100 ns
[2336.022s][info ][safepoint      ] Safepoint "Cleanup", Time since last: 26001833513 ns, Reaching safepoint: 6100 ns, Cleanup: 9300 ns, At safepoint: 1700 ns, Total: 17100 ns
[2342.255s][info ][gc,start       ] GC(63) Pause Young (Allocation Failure)
[2342.259s][debug][gc,phases      ] GC(63) Scavenge 4.722ms
[2342.259s][debug][gc,ref         ] GC(63) ReferenceProcessor::execute queues: 1, RefProcThreadModel::Single, marks_oops_alive: false
[2342.259s][debug][gc,ref         ] GC(63) Skipped KeepAliveFinalRefsPhase of Reference Processing: no references
[2342.259s][debug][gc,ref         ] GC(63) ReferenceProcessor::execute queues: 1, RefProcThreadModel::Single, marks_oops_alive: false
[2342.259s][debug][gc,phases      ] GC(63) Reference Processing 0.127ms
[2342.260s][debug][gc,phases      ] GC(63)   VM Weak                        Min:  0.0, Avg:  0.0, Max:  0.0, Diff:  0.0, Sum:  0.0, Workers: 4
[2342.260s][debug][gc,phases      ] GC(63)     Dead                           Min: 0, Avg:  0.0, Max: 0, Diff: 0, Sum: 0, Workers: 4
[2342.260s][debug][gc,phases      ] GC(63)     Total                          Min: 0, Avg: 241.5, Max: 384, Diff: 384, Sum: 966, Workers: 4
[2342.260s][debug][gc,phases      ] GC(63)   ObjectSynchronizer Weak        Min:  0.0, Avg:  0.0, Max:  0.0, Diff:  0.0, Sum:  0.0, Workers: 4
[2342.260s][debug][gc,phases      ] GC(63)     Dead                           Min: 0, Avg:  0.0, Max: 0, Diff: 0, Sum: 0, Workers: 4
[2342.260s][debug][gc,phases      ] GC(63)     Total                          Min: 0, Avg:  1.0, Max: 4, Diff: 4, Sum: 4, Workers: 4
[2342.260s][debug][gc,phases      ] GC(63)   JVMTI Tag Weak OopStorage      Min:  0.0, Avg:  0.0, Max:  0.0, Diff:  0.0, Sum:  0.0, Workers: 4
[2342.260s][debug][gc,phases      ] GC(63)     Dead                           Min: 0, Avg:  0.0, Max: 0, Diff: 0, Sum: 0, Workers: 4
[2342.260s][debug][gc,phases      ] GC(63)     Total                          Min: 0, Avg:  0.0, Max: 0, Diff: 0, Sum: 0, Workers: 4
[2342.260s][debug][gc,phases      ] GC(63)   StringTable Weak               Min:  0.0, Avg:  0.1, Max:  0.2, Diff:  0.2, Sum:  0.5, Workers: 4
[2342.260s][debug][gc,phases      ] GC(63)     Dead                           Min: 0, Avg:  0.0, Max: 0, Diff: 0, Sum: 0, Workers: 4
[2342.260s][debug][gc,phases      ] GC(63)     Total                          Min: 0, Avg: 11882.5, Max: 16256, Diff: 16256, Sum: 47530, Workers: 4
[2342.260s][debug][gc,phases      ] GC(63)   ResolvedMethodTable Weak       Min:  0.0, Avg:  0.1, Max:  0.1, Diff:  0.1, Sum:  0.2, Workers: 4
[2342.260s][debug][gc,phases      ] GC(63)     Dead                           Min: 0, Avg:  4.0, Max: 16, Diff: 16, Sum: 16, Workers: 4
[2342.260s][debug][gc,phases      ] GC(63)     Total                          Min: 0, Avg: 3830.5, Max: 6107, Diff: 6107, Sum: 15322, Workers: 4
[2342.260s][debug][gc,phases      ] GC(63)   JNI Weak                       Min:  0.0, Avg:  0.0, Max:  0.0, Diff:  0.0, Sum:  0.0, Workers: 4
[2342.260s][debug][gc,phases      ] GC(63)     Dead                           Min: 0, Avg:  0.0, Max: 0, Diff: 0, Sum: 0, Workers: 4
[2342.260s][debug][gc,phases      ] GC(63)     Total                          Min: 0, Avg: 13.0, Max: 52, Diff: 52, Sum: 52, Workers: 4
[2342.260s][debug][gc,phases      ] GC(63)   StringDedup Table Weak         Min:  0.0, Avg:  0.0, Max:  0.0, Diff:  0.0, Sum:  0.0, Workers: 4
[2342.260s][debug][gc,phases      ] GC(63)     Dead                           Min: 0, Avg:  0.0, Max: 0, Diff: 0, Sum: 0, Workers: 4
[2342.260s][debug][gc,phases      ] GC(63)     Total                          Min: 0, Avg:  0.0, Max: 0, Diff: 0, Sum: 0, Workers: 4
[2342.260s][debug][gc,phases      ] GC(63)   StringDedup Requests0 Weak     Min:  0.0, Avg:  0.0, Max:  0.0, Diff:  0.0, Sum:  0.0, Workers: 4
[2342.260s][debug][gc,phases      ] GC(63)     Dead                           Min: 0, Avg:  0.0, Max: 0, Diff: 0, Sum: 0, Workers: 4
[2342.260s][debug][gc,phases      ] GC(63)     Total                          Min: 0, Avg:  0.0, Max: 0, Diff: 0, Sum: 0, Workers: 4
[2342.260s][debug][gc,phases      ] GC(63)   StringDedup Requests1 Weak     Min:  0.0, Avg:  0.0, Max:  0.0, Diff:  0.0, Sum:  0.0, Workers: 4
[2342.260s][debug][gc,phases      ] GC(63)     Dead                           Min: 0, Avg:  0.0, Max: 0, Diff: 0, Sum: 0, Workers: 4
[2342.260s][debug][gc,phases      ] GC(63)     Total                          Min: 0, Avg:  0.0, Max: 0, Diff: 0, Sum: 0, Workers: 4
[2342.260s][debug][gc,phases      ] GC(63)   Weak JFR Old Object Samples    Min:  0.0, Avg:  0.0, Max:  0.0, Diff:  0.0, Sum:  0.0, Workers: 4
[2342.260s][debug][gc,phases      ] GC(63)     Dead                           Min: 0, Avg:  0.0, Max: 0, Diff: 0, Sum: 0, Workers: 4
[2342.260s][debug][gc,phases      ] GC(63)     Total                          Min: 0, Avg:  0.0, Max: 0, Diff: 0, Sum: 0, Workers: 4
[2342.260s][debug][gc,phases      ] GC(63) Weak Processing 0.505ms
[2342.260s][debug][gc,age         ] GC(63) Desired survivor size 40894464 bytes, new threshold 1 (max threshold 15)
[2342.260s][info ][gc,heap        ] GC(63) PSYoungGen: 2011892K(2054656K)->4480K(2052608K) Eden: 2009908K(2010112K)->0K(2010112K) From: 1984K(44544K)->4480K(42496K)
[2342.260s][info ][gc,heap        ] GC(63) ParOldGen: 528610K(528896K)->529282K(529408K)
[2342.260s][info ][gc,metaspace   ] GC(63) Metaspace: 109534K(110848K)->109534K(110848K) NonClass: 93107K(93824K)->93107K(93824K) Class: 16427K(17024K)->16427K(17024K)
[2342.260s][info ][gc             ] GC(63) Pause Young (Allocation Failure) 2480M->521M(2521M) 5.471ms
[2342.260s][info ][gc,cpu         ] GC(63) User=0.02s Sys=0.00s Real=0.01s
[2342.260s][info ][safepoint      ] Safepoint "ParallelGCFailedAllocation", Time since last: 6232141112 ns, Reaching safepoint: 86101 ns, Cleanup: 4400 ns, At safepoint: 5555748 ns, Total: 5646249 ns
[2343.260s][info ][safepoint      ] Safepoint "Cleanup", Time since last: 1000134153 ns, Reaching safepoint: 6200 ns, Cleanup: 14800 ns, At safepoint: 2200 ns, Total: 23200 ns
[2352.261s][info ][safepoint      ] Safepoint "Cleanup", Time since last: 9000700720 ns, Reaching safepoint: 5900 ns, Cleanup: 8100 ns, At safepoint: 1800 ns, Total: 15800 ns
[2353.261s][info ][safepoint      ] Safepoint "Cleanup", Time since last: 1000110120 ns, Reaching safepoint: 6300 ns, Cleanup: 10000 ns, At safepoint: 2700 ns, Total: 19000 ns
[2356.261s][info ][safepoint      ] Safepoint "Cleanup", Time since last: 3000262044 ns, Reaching safepoint: 6700 ns, Cleanup: 9800 ns, At safepoint: 2700 ns, Total: 19200 ns
[2358.262s][info ][safepoint      ] Safepoint "Cleanup", Time since last: 2000185287 ns, Reaching safepoint: 6800 ns, Cleanup: 11000 ns, At safepoint: 2300 ns, Total: 20100 ns
[2360.262s][info ][safepoint      ] Safepoint "Cleanup", Time since last: 2000204287 ns, Reaching safepoint: 6300 ns, Cleanup: 10500 ns, At safepoint: 2300 ns, Total: 19100 ns
[2361.262s][info ][safepoint      ] Safepoint "Cleanup", Time since last: 1000104693 ns, Reaching safepoint: 6300 ns, Cleanup: 10100 ns, At safepoint: 25801 ns, Total: 42201 ns
[2364.262s][info ][safepoint      ] Safepoint "Cleanup", Time since last: 3000250825 ns, Reaching safepoint: 6100 ns, Cleanup: 10500 ns, At safepoint: 2400 ns, Total: 19000 ns
[2367.262s][info ][safepoint      ] Safepoint "Cleanup", Time since last: 3000250397 ns, Reaching safepoint: 5900 ns, Cleanup: 6400 ns, At safepoint: 1800 ns, Total: 14100 ns
[2368.263s][info ][safepoint      ] Safepoint "Cleanup", Time since last: 1000112066 ns, Reaching safepoint: 7400 ns, Cleanup: 12300 ns, At safepoint: 2400 ns, Total: 22100 ns
[2370.263s][info ][safepoint      ] Safepoint "Cleanup", Time since last: 2000187132 ns, Reaching safepoint: 6400 ns, Cleanup: 11700 ns, At safepoint: 2100 ns, Total: 20200 ns
[2371.263s][info ][safepoint      ] Safepoint "Cleanup", Time since last: 1000105666 ns, Reaching safepoint: 6300 ns, Cleanup: 10800 ns, At safepoint: 2100 ns, Total: 19200 ns
[2373.263s][info ][safepoint      ] Safepoint "Cleanup", Time since last: 2000172024 ns, Reaching safepoint: 5700 ns, Cleanup: 18700 ns, At safepoint: 1900 ns, Total: 26300 ns
[2373.816s][info ][gc,start       ] GC(64) Pause Young (Allocation Failure)
[2373.825s][debug][gc,phases      ] GC(64) Scavenge 9.326ms
[2373.825s][debug][gc,ref         ] GC(64) ReferenceProcessor::execute queues: 1, RefProcThreadModel::Single, marks_oops_alive: false
[2373.825s][debug][gc,ref         ] GC(64) Skipped KeepAliveFinalRefsPhase of Reference Processing: no references
[2373.825s][debug][gc,ref         ] GC(64) ReferenceProcessor::execute queues: 1, RefProcThreadModel::Single, marks_oops_alive: false
[2373.825s][debug][gc,phases      ] GC(64) Reference Processing 0.095ms
[2373.826s][debug][gc,phases      ] GC(64)   VM Weak                        Min:  0.0, Avg:  0.0, Max:  0.0, Diff:  0.0, Sum:  0.0, Workers: 4
[2373.826s][debug][gc,phases      ] GC(64)     Dead                           Min: 0, Avg:  0.0, Max: 0, Diff: 0, Sum: 0, Workers: 4
[2373.826s][debug][gc,phases      ] GC(64)     Total                          Min: 0, Avg: 241.5, Max: 582, Diff: 582, Sum: 966, Workers: 4
[2373.826s][debug][gc,phases      ] GC(64)   ObjectSynchronizer Weak        Min:  0.0, Avg:  0.0, Max:  0.0, Diff:  0.0, Sum:  0.0, Workers: 4
[2373.826s][debug][gc,phases      ] GC(64)     Dead                           Min: 0, Avg:  0.0, Max: 0, Diff: 0, Sum: 0, Workers: 4
[2373.826s][debug][gc,phases      ] GC(64)     Total                          Min: 0, Avg:  1.0, Max: 4, Diff: 4, Sum: 4, Workers: 4
[2373.826s][debug][gc,phases      ] GC(64)   JVMTI Tag Weak OopStorage      Min:  0.0, Avg:  0.0, Max:  0.0, Diff:  0.0, Sum:  0.0, Workers: 4
[2373.826s][debug][gc,phases      ] GC(64)     Dead                           Min: 0, Avg:  0.0, Max: 0, Diff: 0, Sum: 0, Workers: 4
[2373.826s][debug][gc,phases      ] GC(64)     Total                          Min: 0, Avg:  0.0, Max: 0, Diff: 0, Sum: 0, Workers: 4
[2373.826s][debug][gc,phases      ] GC(64)   StringTable Weak               Min:  0.0, Avg:  0.1, Max:  0.1, Diff:  0.1, Sum:  0.4, Workers: 4
[2373.826s][debug][gc,phases      ] GC(64)     Dead                           Min: 0, Avg:  0.0, Max: 0, Diff: 0, Sum: 0, Workers: 4
[2373.826s][debug][gc,phases      ] GC(64)     Total                          Min: 0, Avg: 11883.5, Max: 20864, Diff: 20864, Sum: 47534, Workers: 4
[2373.826s][debug][gc,phases      ] GC(64)   ResolvedMethodTable Weak       Min:  0.0, Avg:  0.0, Max:  0.0, Diff:  0.0, Sum:  0.1, Workers: 4
[2373.826s][debug][gc,phases      ] GC(64)     Dead                           Min: 0, Avg:  4.5, Max: 18, Diff: 18, Sum: 18, Workers: 4
[2373.826s][debug][gc,phases      ] GC(64)     Total                          Min: 0, Avg: 3830.5, Max: 6633, Diff: 6633, Sum: 15322, Workers: 4
[2373.826s][debug][gc,phases      ] GC(64)   JNI Weak                       Min:  0.0, Avg:  0.0, Max:  0.0, Diff:  0.0, Sum:  0.0, Workers: 4
[2373.826s][debug][gc,phases      ] GC(64)     Dead                           Min: 0, Avg:  0.0, Max: 0, Diff: 0, Sum: 0, Workers: 4
[2373.826s][debug][gc,phases      ] GC(64)     Total                          Min: 0, Avg: 13.0, Max: 52, Diff: 52, Sum: 52, Workers: 4
[2373.826s][debug][gc,phases      ] GC(64)   StringDedup Table Weak         Min:  0.0, Avg:  0.0, Max:  0.0, Diff:  0.0, Sum:  0.0, Workers: 4
[2373.826s][debug][gc,phases      ] GC(64)     Dead                           Min: 0, Avg:  0.0, Max: 0, Diff: 0, Sum: 0, Workers: 4
[2373.826s][debug][gc,phases      ] GC(64)     Total                          Min: 0, Avg:  0.0, Max: 0, Diff: 0, Sum: 0, Workers: 4
[2373.826s][debug][gc,phases      ] GC(64)   StringDedup Requests0 Weak     Min:  0.0, Avg:  0.0, Max:  0.0, Diff:  0.0, Sum:  0.0, Workers: 4
[2373.826s][debug][gc,phases      ] GC(64)     Dead                           Min: 0, Avg:  0.0, Max: 0, Diff: 0, Sum: 0, Workers: 4
[2373.826s][debug][gc,phases      ] GC(64)     Total                          Min: 0, Avg:  0.0, Max: 0, Diff: 0, Sum: 0, Workers: 4
[2373.826s][debug][gc,phases      ] GC(64)   StringDedup Requests1 Weak     Min:  0.0, Avg:  0.0, Max:  0.0, Diff:  0.0, Sum:  0.0, Workers: 4
[2373.826s][debug][gc,phases      ] GC(64)     Dead                           Min: 0, Avg:  0.0, Max: 0, Diff: 0, Sum: 0, Workers: 4
[2373.826s][debug][gc,phases      ] GC(64)     Total                          Min: 0, Avg:  0.0, Max: 0, Diff: 0, Sum: 0, Workers: 4
[2373.826s][debug][gc,phases      ] GC(64)   Weak JFR Old Object Samples    Min:  0.0, Avg:  0.0, Max:  0.0, Diff:  0.0, Sum:  0.0, Workers: 4
[2373.826s][debug][gc,phases      ] GC(64)     Dead                           Min: 0, Avg:  0.0, Max: 0, Diff: 0, Sum: 0, Workers: 4
[2373.826s][debug][gc,phases      ] GC(64)     Total                          Min: 0, Avg:  0.0, Max: 0, Diff: 0, Sum: 0, Workers: 4
[2373.826s][debug][gc,phases      ] GC(64) Weak Processing 0.379ms
[2373.826s][debug][gc,age         ] GC(64) Desired survivor size 41943040 bytes, new threshold 1 (max threshold 15)
[2373.826s][info ][gc,heap        ] GC(64) PSYoungGen: 2014592K(2052608K)->20288K(2055168K) Eden: 2010112K(2010112K)->0K(2015232K) From: 4480K(42496K)->20288K(39936K)
[2373.826s][info ][gc,heap        ] GC(64) ParOldGen: 529282K(529408K)->531506K(531968K)
[2373.826s][info ][gc,metaspace   ] GC(64) Metaspace: 109548K(110848K)->109548K(110848K) NonClass: 93121K(93824K)->93121K(93824K) Class: 16427K(17024K)->16427K(17024K)
[2373.826s][info ][gc             ] GC(64) Pause Young (Allocation Failure) 2484M->538M(2526M) 9.899ms
[2373.826s][info ][gc,cpu         ] GC(64) User=0.04s Sys=0.00s Real=0.01s
[2373.826s][info ][safepoint      ] Safepoint "ParallelGCFailedAllocation", Time since last: 552675252 ns, Reaching safepoint: 76901 ns, Cleanup: 3500 ns, At safepoint: 9965185 ns, Total: 10045586 ns
[2374.826s][info ][safepoint      ] Safepoint "Cleanup", Time since last: 1000086899 ns, Reaching safepoint: 6201 ns, Cleanup: 12400 ns, At safepoint: 2500 ns, Total: 21101 ns
[2376.826s][info ][safepoint      ] Safepoint "Cleanup", Time since last: 2000187598 ns, Reaching safepoint: 7000 ns, Cleanup: 14200 ns, At safepoint: 2600 ns, Total: 23800 ns
[2377.826s][info ][safepoint      ] Safepoint "Cleanup", Time since last: 1000119200 ns, Reaching safepoint: 6300 ns, Cleanup: 13700 ns, At safepoint: 2100 ns, Total: 22100 ns
[2378.826s][info ][safepoint      ] Safepoint "Cleanup", Time since last: 1000107199 ns, Reaching safepoint: 5800 ns, Cleanup: 18301 ns, At safepoint: 2200 ns, Total: 26301 ns
[2380.827s][info ][safepoint      ] Safepoint "Cleanup", Time since last: 2000194279 ns, Reaching safepoint: 7000 ns, Cleanup: 8100 ns, At safepoint: 2900 ns, Total: 18000 ns
[2381.827s][info ][safepoint      ] Safepoint "Cleanup", Time since last: 1000135766 ns, Reaching safepoint: 6500 ns, Cleanup: 9500 ns, At safepoint: 2100 ns, Total: 18100 ns
[2382.827s][info ][safepoint      ] Safepoint "Cleanup", Time since last: 1000129878 ns, Reaching safepoint: 6100 ns, Cleanup: 8200 ns, At safepoint: 2600 ns, Total: 16900 ns
[2386.827s][info ][safepoint      ] Safepoint "Cleanup", Time since last: 4000324008 ns, Reaching safepoint: 6000 ns, Cleanup: 7000 ns, At safepoint: 1800 ns, Total: 14800 ns
[2389.828s][info ][safepoint      ] Safepoint "Cleanup", Time since last: 3000235672 ns, Reaching safepoint: 5400 ns, Cleanup: 8700 ns, At safepoint: 1600 ns, Total: 15700 ns
[2390.828s][info ][safepoint      ] Safepoint "Cleanup", Time since last: 1000113481 ns, Reaching safepoint: 5600 ns, Cleanup: 8000 ns, At safepoint: 2200 ns, Total: 15800 ns
[2392.828s][info ][safepoint      ] Safepoint "Cleanup", Time since last: 2000191160 ns, Reaching safepoint: 6300 ns, Cleanup: 12700 ns, At safepoint: 2100 ns, Total: 21100 ns
[2393.828s][info ][safepoint      ] Safepoint "Cleanup", Time since last: 1000126581 ns, Reaching safepoint: 6600 ns, Cleanup: 9500 ns, At safepoint: 2100 ns, Total: 18200 ns
[2395.828s][info ][safepoint      ] Safepoint "Cleanup", Time since last: 2000182717 ns, Reaching safepoint: 6400 ns, Cleanup: 9300 ns, At safepoint: 2200 ns, Total: 17900 ns
[2396.828s][info ][safepoint      ] Safepoint "Cleanup", Time since last: 1000105561 ns, Reaching safepoint: 6300 ns, Cleanup: 11400 ns, At safepoint: 2300 ns, Total: 20000 ns
[2399.829s][info ][safepoint      ] Safepoint "Cleanup", Time since last: 3000243881 ns, Reaching safepoint: 6800 ns, Cleanup: 9100 ns, At safepoint: 2100 ns, Total: 18000 ns
[2402.822s][info ][safepoint      ] Safepoint "Cleanup", Time since last: 2993096120 ns, Reaching safepoint: 5600 ns, Cleanup: 8500 ns, At safepoint: 2000 ns, Total: 16100 ns
[2403.822s][info ][safepoint      ] Safepoint "Cleanup", Time since last: 1000110159 ns, Reaching safepoint: 6300 ns, Cleanup: 32600 ns, At safepoint: 2100 ns, Total: 41000 ns
[2404.822s][info ][safepoint      ] Safepoint "Cleanup", Time since last: 1000099551 ns, Reaching safepoint: 6000 ns, Cleanup: 12200 ns, At safepoint: 2300 ns, Total: 20500 ns
[2405.822s][info ][safepoint      ] Safepoint "Cleanup", Time since last: 1000119551 ns, Reaching safepoint: 6600 ns, Cleanup: 9800 ns, At safepoint: 2000 ns, Total: 18400 ns
[2406.822s][info ][safepoint      ] Safepoint "Cleanup", Time since last: 1000121351 ns, Reaching safepoint: 6100 ns, Cleanup: 20900 ns, At safepoint: 2800 ns, Total: 29800 ns
[2409.823s][info ][safepoint      ] Safepoint "Cleanup", Time since last: 3000243452 ns, Reaching safepoint: 6300 ns, Cleanup: 9500 ns, At safepoint: 1900 ns, Total: 17700 ns
[2411.799s][info ][gc,start       ] GC(65) Pause Young (Allocation Failure)
[2411.817s][debug][gc,phases      ] GC(65) Scavenge 17.019ms
[2411.817s][debug][gc,ref         ] GC(65) ReferenceProcessor::execute queues: 1, RefProcThreadModel::Single, marks_oops_alive: false
[2411.817s][debug][gc,ref         ] GC(65) Skipped KeepAliveFinalRefsPhase of Reference Processing: no references
[2411.817s][debug][gc,ref         ] GC(65) ReferenceProcessor::execute queues: 1, RefProcThreadModel::Single, marks_oops_alive: false
[2411.817s][debug][gc,phases      ] GC(65) Reference Processing 0.102ms
[2411.817s][debug][gc,phases      ] GC(65)   VM Weak                        Min:  0.0, Avg:  0.0, Max:  0.0, Diff:  0.0, Sum:  0.0, Workers: 4
[2411.817s][debug][gc,phases      ] GC(65)     Dead                           Min: 0, Avg:  0.0, Max: 0, Diff: 0, Sum: 0, Workers: 4
[2411.817s][debug][gc,phases      ] GC(65)     Total                          Min: 0, Avg: 241.5, Max: 966, Diff: 966, Sum: 966, Workers: 4
[2411.817s][debug][gc,phases      ] GC(65)   ObjectSynchronizer Weak        Min:  0.0, Avg:  0.0, Max:  0.0, Diff:  0.0, Sum:  0.0, Workers: 4
[2411.817s][debug][gc,phases      ] GC(65)     Dead                           Min: 0, Avg:  0.0, Max: 0, Diff: 0, Sum: 0, Workers: 4
[2411.817s][debug][gc,phases      ] GC(65)     Total                          Min: 0, Avg:  1.0, Max: 4, Diff: 4, Sum: 4, Workers: 4
[2411.817s][debug][gc,phases      ] GC(65)   JVMTI Tag Weak OopStorage      Min:  0.0, Avg:  0.0, Max:  0.0, Diff:  0.0, Sum:  0.0, Workers: 4
[2411.817s][debug][gc,phases      ] GC(65)     Dead                           Min: 0, Avg:  0.0, Max: 0, Diff: 0, Sum: 0, Workers: 4
[2411.817s][debug][gc,phases      ] GC(65)     Total                          Min: 0, Avg:  0.0, Max: 0, Diff: 0, Sum: 0, Workers: 4
[2411.817s][debug][gc,phases      ] GC(65)   StringTable Weak               Min:  0.0, Avg:  0.1, Max:  0.1, Diff:  0.1, Sum:  0.4, Workers: 4
[2411.817s][debug][gc,phases      ] GC(65)     Dead                           Min: 0, Avg:  0.0, Max: 0, Diff: 0, Sum: 0, Workers: 4
[2411.817s][debug][gc,phases      ] GC(65)     Total                          Min: 0, Avg: 11885.8, Max: 19968, Diff: 19968, Sum: 47543, Workers: 4
[2411.817s][debug][gc,phases      ] GC(65)   ResolvedMethodTable Weak       Min:  0.0, Avg:  0.0, Max:  0.0, Diff:  0.0, Sum:  0.1, Workers: 4
[2411.817s][debug][gc,phases      ] GC(65)     Dead                           Min: 0, Avg:  4.0, Max: 7, Diff: 7, Sum: 16, Workers: 4
[2411.817s][debug][gc,phases      ] GC(65)     Total                          Min: 0, Avg: 3831.5, Max: 6574, Diff: 6574, Sum: 15326, Workers: 4
[2411.817s][debug][gc,phases      ] GC(65)   JNI Weak                       Min:  0.0, Avg:  0.0, Max:  0.0, Diff:  0.0, Sum:  0.0, Workers: 4
[2411.817s][debug][gc,phases      ] GC(65)     Dead                           Min: 0, Avg:  0.0, Max: 0, Diff: 0, Sum: 0, Workers: 4
[2411.817s][debug][gc,phases      ] GC(65)     Total                          Min: 0, Avg: 13.0, Max: 52, Diff: 52, Sum: 52, Workers: 4
[2411.817s][debug][gc,phases      ] GC(65)   StringDedup Table Weak         Min:  0.0, Avg:  0.0, Max:  0.0, Diff:  0.0, Sum:  0.0, Workers: 4
[2411.817s][debug][gc,phases      ] GC(65)     Dead                           Min: 0, Avg:  0.0, Max: 0, Diff: 0, Sum: 0, Workers: 4
[2411.817s][debug][gc,phases      ] GC(65)     Total                          Min: 0, Avg:  0.0, Max: 0, Diff: 0, Sum: 0, Workers: 4
[2411.817s][debug][gc,phases      ] GC(65)   StringDedup Requests0 Weak     Min:  0.0, Avg:  0.0, Max:  0.0, Diff:  0.0, Sum:  0.0, Workers: 4
[2411.817s][debug][gc,phases      ] GC(65)     Dead                           Min: 0, Avg:  0.0, Max: 0, Diff: 0, Sum: 0, Workers: 4
[2411.817s][debug][gc,phases      ] GC(65)     Total                          Min: 0, Avg:  0.0, Max: 0, Diff: 0, Sum: 0, Workers: 4
[2411.817s][debug][gc,phases      ] GC(65)   StringDedup Requests1 Weak     Min:  0.0, Avg:  0.0, Max:  0.0, Diff:  0.0, Sum:  0.0, Workers: 4
[2411.817s][debug][gc,phases      ] GC(65)     Dead                           Min: 0, Avg:  0.0, Max: 0, Diff: 0, Sum: 0, Workers: 4
[2411.817s][debug][gc,phases      ] GC(65)     Total                          Min: 0, Avg:  0.0, Max: 0, Diff: 0, Sum: 0, Workers: 4
[2411.817s][debug][gc,phases      ] GC(65)   Weak JFR Old Object Samples    Min:  0.0, Avg:  0.0, Max:  0.0, Diff:  0.0, Sum:  0.0, Workers: 4
[2411.817s][debug][gc,phases      ] GC(65)     Dead                           Min: 0, Avg:  0.0, Max: 0, Diff: 0, Sum: 0, Workers: 4
[2411.817s][debug][gc,phases      ] GC(65)     Total                          Min: 0, Avg:  0.0, Max: 0, Diff: 0, Sum: 0, Workers: 4
[2411.817s][debug][gc,phases      ] GC(65) Weak Processing 0.393ms
[2411.817s][debug][gc,age         ] GC(65) Desired survivor size 42991616 bytes, new threshold 1 (max threshold 15)
[2411.817s][info ][gc,heap        ] GC(65) PSYoungGen: 2035520K(2055168K)->20384K(2035712K) Eden: 2015232K(2015232K)->0K(2015232K) From: 20288K(39936K)->20384K(20480K)
[2411.817s][info ][gc,heap        ] GC(65) ParOldGen: 531506K(531968K)->550126K(550400K)
[2411.817s][info ][gc,metaspace   ] GC(65) Metaspace: 109600K(110912K)->109600K(110912K) NonClass: 93171K(93888K)->93171K(93888K) Class: 16428K(17024K)->16428K(17024K)
[2411.817s][info ][gc             ] GC(65) Pause Young (Allocation Failure) 2506M->557M(2525M) 17.623ms
[2411.817s][info ][gc,cpu         ] GC(65) User=0.05s Sys=0.00s Real=0.02s
[2411.817s][info ][safepoint      ] Safepoint "ParallelGCFailedAllocation", Time since last: 1976815909 ns, Reaching safepoint: 79700 ns, Cleanup: 3400 ns, At safepoint: 17703353 ns, Total: 17786453 ns
[2414.817s][info ][safepoint      ] Safepoint "Cleanup", Time since last: 3000222355 ns, Reaching safepoint: 79500 ns, Cleanup: 9001 ns, At safepoint: 6500 ns, Total: 95001 ns
[2415.818s][info ][safepoint      ] Safepoint "Cleanup", Time since last: 1000105918 ns, Reaching safepoint: 6400 ns, Cleanup: 21600 ns, At safepoint: 2300 ns, Total: 30300 ns
[2417.818s][info ][safepoint      ] Safepoint "Cleanup", Time since last: 2000188837 ns, Reaching safepoint: 82001 ns, Cleanup: 7800 ns, At safepoint: 6200 ns, Total: 96001 ns
[2418.818s][info ][safepoint      ] Safepoint "Cleanup", Time since last: 1000116019 ns, Reaching safepoint: 78300 ns, Cleanup: 13500 ns, At safepoint: 6000 ns, Total: 97800 ns
[2421.818s][info ][safepoint      ] Safepoint "Cleanup", Time since last: 3000246578 ns, Reaching safepoint: 77501 ns, Cleanup: 10500 ns, At safepoint: 10800 ns, Total: 98801 ns
[2424.819s][info ][safepoint      ] Safepoint "Cleanup", Time since last: 3000254354 ns, Reaching safepoint: 6100 ns, Cleanup: 8201 ns, At safepoint: 1900 ns, Total: 16201 ns
[2426.819s][info ][safepoint      ] Safepoint "Cleanup", Time since last: 2000628240 ns, Reaching safepoint: 92801 ns, Cleanup: 7100 ns, At safepoint: 15300 ns, Total: 115201 ns
[2428.820s][info ][safepoint      ] Safepoint "Cleanup", Time since last: 2000175627 ns, Reaching safepoint: 6300 ns, Cleanup: 10100 ns, At safepoint: 1900 ns, Total: 18300 ns
[2429.820s][info ][safepoint      ] Safepoint "Cleanup", Time since last: 1000108749 ns, Reaching safepoint: 6601 ns, Cleanup: 17000 ns, At safepoint: 2100 ns, Total: 25701 ns
[2430.520s][info ][gc,start       ] GC(66) Pause Young (CodeCache GC Threshold)
[2430.536s][debug][gc,phases      ] GC(66) Scavenge 15.694ms
[2430.536s][debug][gc,ref         ] GC(66) ReferenceProcessor::execute queues: 1, RefProcThreadModel::Single, marks_oops_alive: false
[2430.536s][debug][gc,ref         ] GC(66) Skipped KeepAliveFinalRefsPhase of Reference Processing: no references
[2430.536s][debug][gc,ref         ] GC(66) ReferenceProcessor::execute queues: 1, RefProcThreadModel::Single, marks_oops_alive: false
[2430.536s][debug][gc,phases      ] GC(66) Reference Processing 0.100ms
[2430.537s][debug][gc,phases      ] GC(66)   VM Weak                        Min:  0.0, Avg:  0.0, Max:  0.0, Diff:  0.0, Sum:  0.0, Workers: 4
[2430.537s][debug][gc,phases      ] GC(66)     Dead                           Min: 0, Avg:  0.0, Max: 0, Diff: 0, Sum: 0, Workers: 4
[2430.537s][debug][gc,phases      ] GC(66)     Total                          Min: 0, Avg: 241.5, Max: 710, Diff: 710, Sum: 966, Workers: 4
[2430.537s][debug][gc,phases      ] GC(66)   ObjectSynchronizer Weak        Min:  0.0, Avg:  0.0, Max:  0.0, Diff:  0.0, Sum:  0.0, Workers: 4
[2430.537s][debug][gc,phases      ] GC(66)     Dead                           Min: 0, Avg:  0.0, Max: 0, Diff: 0, Sum: 0, Workers: 4
[2430.537s][debug][gc,phases      ] GC(66)     Total                          Min: 0, Avg:  1.2, Max: 5, Diff: 5, Sum: 5, Workers: 4
[2430.537s][debug][gc,phases      ] GC(66)   JVMTI Tag Weak OopStorage      Min:  0.0, Avg:  0.0, Max:  0.0, Diff:  0.0, Sum:  0.0, Workers: 4
[2430.537s][debug][gc,phases      ] GC(66)     Dead                           Min: 0, Avg:  0.0, Max: 0, Diff: 0, Sum: 0, Workers: 4
[2430.537s][debug][gc,phases      ] GC(66)     Total                          Min: 0, Avg:  0.0, Max: 0, Diff: 0, Sum: 0, Workers: 4
[2430.537s][debug][gc,phases      ] GC(66)   StringTable Weak               Min:  0.0, Avg:  0.1, Max:  0.1, Diff:  0.1, Sum:  0.4, Workers: 4
[2430.537s][debug][gc,phases      ] GC(66)     Dead                           Min: 0, Avg:  0.0, Max: 0, Diff: 0, Sum: 0, Workers: 4
[2430.537s][debug][gc,phases      ] GC(66)     Total                          Min: 0, Avg: 11888.0, Max: 20736, Diff: 20736, Sum: 47552, Workers: 4
[2430.537s][debug][gc,phases      ] GC(66)   ResolvedMethodTable Weak       Min:  0.0, Avg:  0.0, Max:  0.0, Diff:  0.0, Sum:  0.1, Workers: 4
[2430.537s][debug][gc,phases      ] GC(66)     Dead                           Min: 0, Avg:  4.2, Max: 15, Diff: 15, Sum: 17, Workers: 4
[2430.537s][debug][gc,phases      ] GC(66)     Total                          Min: 0, Avg: 3834.2, Max: 6693, Diff: 6693, Sum: 15337, Workers: 4
[2430.537s][debug][gc,phases      ] GC(66)   JNI Weak                       Min:  0.0, Avg:  0.0, Max:  0.0, Diff:  0.0, Sum:  0.0, Workers: 4
[2430.537s][debug][gc,phases      ] GC(66)     Dead                           Min: 0, Avg:  0.0, Max: 0, Diff: 0, Sum: 0, Workers: 4
[2430.537s][debug][gc,phases      ] GC(66)     Total                          Min: 0, Avg: 14.5, Max: 58, Diff: 58, Sum: 58, Workers: 4
[2430.537s][debug][gc,phases      ] GC(66)   StringDedup Table Weak         Min:  0.0, Avg:  0.0, Max:  0.0, Diff:  0.0, Sum:  0.0, Workers: 4
[2430.537s][debug][gc,phases      ] GC(66)     Dead                           Min: 0, Avg:  0.0, Max: 0, Diff: 0, Sum: 0, Workers: 4
[2430.537s][debug][gc,phases      ] GC(66)     Total                          Min: 0, Avg:  0.0, Max: 0, Diff: 0, Sum: 0, Workers: 4
[2430.537s][debug][gc,phases      ] GC(66)   StringDedup Requests0 Weak     Min:  0.0, Avg:  0.0, Max:  0.0, Diff:  0.0, Sum:  0.0, Workers: 4
[2430.537s][debug][gc,phases      ] GC(66)     Dead                           Min: 0, Avg:  0.0, Max: 0, Diff: 0, Sum: 0, Workers: 4
[2430.537s][debug][gc,phases      ] GC(66)     Total                          Min: 0, Avg:  0.0, Max: 0, Diff: 0, Sum: 0, Workers: 4
[2430.537s][debug][gc,phases      ] GC(66)   StringDedup Requests1 Weak     Min:  0.0, Avg:  0.0, Max:  0.0, Diff:  0.0, Sum:  0.0, Workers: 4
[2430.537s][debug][gc,phases      ] GC(66)     Dead                           Min: 0, Avg:  0.0, Max: 0, Diff: 0, Sum: 0, Workers: 4
[2430.537s][debug][gc,phases      ] GC(66)     Total                          Min: 0, Avg:  0.0, Max: 0, Diff: 0, Sum: 0, Workers: 4
[2430.537s][debug][gc,phases      ] GC(66)   Weak JFR Old Object Samples    Min:  0.0, Avg:  0.0, Max:  0.0, Diff:  0.0, Sum:  0.0, Workers: 4
[2430.537s][debug][gc,phases      ] GC(66)     Dead                           Min: 0, Avg:  0.0, Max: 0, Diff: 0, Sum: 0, Workers: 4
[2430.537s][debug][gc,phases      ] GC(66)     Total                          Min: 0, Avg:  0.0, Max: 0, Diff: 0, Sum: 0, Workers: 4
[2430.537s][debug][gc,phases      ] GC(66) Weak Processing 0.361ms
[2430.537s][debug][gc,age         ] GC(66) Desired survivor size 42991616 bytes, new threshold 1 (max threshold 15)
[2430.537s][info ][gc,heap        ] GC(66) PSYoungGen: 994761K(2035712K)->18528K(2055168K) Eden: 974376K(2015232K)->0K(2013184K) From: 20384K(20480K)->18528K(41984K)
[2430.537s][info ][gc,heap        ] GC(66) ParOldGen: 550126K(550400K)->570219K(570368K)
[2430.537s][info ][gc,metaspace   ] GC(66) Metaspace: 109620K(110912K)->109620K(110912K) NonClass: 93188K(93888K)->93188K(93888K) Class: 16432K(17024K)->16432K(17024K)
[2430.537s][info ][gc             ] GC(66) Pause Young (CodeCache GC Threshold) 1508M->574M(2564M) 16.295ms
[2430.537s][info ][gc,cpu         ] GC(66) User=0.05s Sys=0.01s Real=0.01s
[2430.537s][debug][gc,phases      ] GC(67) Pre Compact 0.009ms
[2430.537s][info ][gc,start       ] GC(67) Pause Full (CodeCache GC Threshold)
[2430.537s][info ][gc,phases,start] GC(67) Marking Phase
[2430.630s][debug][gc,phases      ] GC(67) Par Mark 92.984ms
[2430.631s][debug][gc,ref         ] GC(67) ReferenceProcessor::execute queues: 4, RefProcThreadModel::Multi, marks_oops_alive: false
[2430.631s][debug][gc,ref         ] GC(67) Skipped KeepAliveFinalRefsPhase of Reference Processing: no references
[2430.631s][debug][gc,ref         ] GC(67) ReferenceProcessor::execute queues: 1, RefProcThreadModel::Single, marks_oops_alive: false
[2430.631s][debug][gc,phases      ] GC(67) Reference Processing 1.140ms
[2430.631s][debug][gc,phases      ] GC(67)   VM Weak                        Min:  0.0, Avg:  0.0, Max:  0.0, Diff:  0.0, Sum:  0.0, Workers: 4
[2430.631s][debug][gc,phases      ] GC(67)     Dead                           Min: 0, Avg:  0.0, Max: 0, Diff: 0, Sum: 0, Workers: 4
[2430.631s][debug][gc,phases      ] GC(67)     Total                          Min: 0, Avg: 241.5, Max: 518, Diff: 518, Sum: 966, Workers: 4
[2430.631s][debug][gc,phases      ] GC(67)   ObjectSynchronizer Weak        Min:  0.0, Avg:  0.0, Max:  0.0, Diff:  0.0, Sum:  0.0, Workers: 4
[2430.631s][debug][gc,phases      ] GC(67)     Dead                           Min: 0, Avg:  0.0, Max: 0, Diff: 0, Sum: 0, Workers: 4
[2430.631s][debug][gc,phases      ] GC(67)     Total                          Min: 0, Avg:  1.2, Max: 5, Diff: 5, Sum: 5, Workers: 4
[2430.631s][debug][gc,phases      ] GC(67)   JVMTI Tag Weak OopStorage      Min:  0.0, Avg:  0.0, Max:  0.0, Diff:  0.0, Sum:  0.0, Workers: 4
[2430.631s][debug][gc,phases      ] GC(67)     Dead                           Min: 0, Avg:  0.0, Max: 0, Diff: 0, Sum: 0, Workers: 4
[2430.631s][debug][gc,phases      ] GC(67)     Total                          Min: 0, Avg:  0.0, Max: 0, Diff: 0, Sum: 0, Workers: 4
[2430.631s][debug][gc,phases      ] GC(67)   StringTable Weak               Min:  0.0, Avg:  0.2, Max:  0.2, Diff:  0.2, Sum:  0.7, Workers: 4
[2430.631s][debug][gc,phases      ] GC(67)     Dead                           Min: 0, Avg:  0.0, Max: 0, Diff: 0, Sum: 0, Workers: 4
[2430.631s][debug][gc,phases      ] GC(67)     Total                          Min: 0, Avg: 11888.0, Max: 17856, Diff: 17856, Sum: 47552, Workers: 4
[2430.631s][debug][gc,phases      ] GC(67)   ResolvedMethodTable Weak       Min:  0.0, Avg:  0.1, Max:  0.1, Diff:  0.1, Sum:  0.2, Workers: 4
[2430.631s][debug][gc,phases      ] GC(67)     Dead                           Min: 0, Avg:  0.0, Max: 0, Diff: 0, Sum: 0, Workers: 4
[2430.631s][debug][gc,phases      ] GC(67)     Total                          Min: 0, Avg: 3834.2, Max: 5263, Diff: 5263, Sum: 15337, Workers: 4
[2430.631s][debug][gc,phases      ] GC(67)   JNI Weak                       Min:  0.0, Avg:  0.0, Max:  0.0, Diff:  0.0, Sum:  0.0, Workers: 4
[2430.631s][debug][gc,phases      ] GC(67)     Dead                           Min: 0, Avg:  0.0, Max: 0, Diff: 0, Sum: 0, Workers: 4
[2430.631s][debug][gc,phases      ] GC(67)     Total                          Min: 0, Avg: 14.5, Max: 58, Diff: 58, Sum: 58, Workers: 4
[2430.631s][debug][gc,phases      ] GC(67)   StringDedup Table Weak         Min:  0.0, Avg:  0.0, Max:  0.0, Diff:  0.0, Sum:  0.0, Workers: 4
[2430.631s][debug][gc,phases      ] GC(67)     Dead                           Min: 0, Avg:  0.0, Max: 0, Diff: 0, Sum: 0, Workers: 4
[2430.631s][debug][gc,phases      ] GC(67)     Total                          Min: 0, Avg:  0.0, Max: 0, Diff: 0, Sum: 0, Workers: 4
[2430.631s][debug][gc,phases      ] GC(67)   StringDedup Requests0 Weak     Min:  0.0, Avg:  0.0, Max:  0.0, Diff:  0.0, Sum:  0.0, Workers: 4
[2430.631s][debug][gc,phases      ] GC(67)     Dead                           Min: 0, Avg:  0.0, Max: 0, Diff: 0, Sum: 0, Workers: 4
[2430.631s][debug][gc,phases      ] GC(67)     Total                          Min: 0, Avg:  0.0, Max: 0, Diff: 0, Sum: 0, Workers: 4
[2430.631s][debug][gc,phases      ] GC(67)   StringDedup Requests1 Weak     Min:  0.0, Avg:  0.0, Max:  0.0, Diff:  0.0, Sum:  0.0, Workers: 4
[2430.631s][debug][gc,phases      ] GC(67)     Dead                           Min: 0, Avg:  0.0, Max: 0, Diff: 0, Sum: 0, Workers: 4
[2430.631s][debug][gc,phases      ] GC(67)     Total                          Min: 0, Avg:  0.0, Max: 0, Diff: 0, Sum: 0, Workers: 4
[2430.631s][debug][gc,phases      ] GC(67)   Weak JFR Old Object Samples    Min:  0.0, Avg:  0.0, Max:  0.0, Diff:  0.0, Sum:  0.0, Workers: 4
[2430.631s][debug][gc,phases      ] GC(67)     Dead                           Min: 0, Avg:  0.0, Max: 0, Diff: 0, Sum: 0, Workers: 4
[2430.631s][debug][gc,phases      ] GC(67)     Total                          Min: 0, Avg:  0.0, Max: 0, Diff: 0, Sum: 0, Workers: 4
[2430.632s][debug][gc,phases      ] GC(67) Weak Processing 0.565ms
[2430.632s][debug][gc,phases      ] GC(67) ClassLoaderData 0.121ms
[2430.632s][debug][gc,phases      ] GC(67) Trigger cleanups 0.000ms
[2430.690s][debug][gc,phases      ] GC(67) Purge Unlinked NMethods 1.862ms
[2430.690s][debug][gc,phases      ] GC(67) Unregister NMethods 0.001ms
[2430.690s][debug][gc,phases      ] GC(67) Free Code Blobs 0.269ms
[2430.690s][debug][gc,phases      ] GC(67) Class Unloading 58.943ms
[2430.690s][debug][gc,phases      ] GC(67) Report Object Count 0.001ms
[2430.690s][info ][gc,phases      ] GC(67) Marking Phase 153.689ms
[2430.690s][info ][gc,phases,start] GC(67) Summary Phase
[2430.690s][info ][gc,phases      ] GC(67) Summary Phase 0.018ms
[2430.690s][info ][gc,phases,start] GC(67) Adjust Roots
[2430.713s][info ][gc,phases      ] GC(67) Adjust Roots 22.294ms
[2430.713s][info ][gc,phases,start] GC(67) Compaction Phase
[2430.821s][info ][gc,phases      ] GC(67) Compaction Phase 107.712ms
[2430.821s][info ][gc,phases,start] GC(67) Post Compact
[2430.825s][debug][gc,phases      ] GC(67) Purge Class Loader Data 0.865ms
[2430.825s][info ][gc,phases      ] GC(67) Post Compact 4.590ms
[2430.825s][info ][gc,heap        ] GC(67) PSYoungGen: 18528K(2055168K)->0K(2055168K) Eden: 0K(2013184K)->0K(2013184K) From: 18528K(41984K)->0K(41984K)
[2430.825s][info ][gc,heap        ] GC(67) ParOldGen: 570219K(570368K)->271287K(570368K)
[2430.825s][info ][gc,metaspace   ] GC(67) Metaspace: 109620K(110912K)->109620K(110912K) NonClass: 93188K(93888K)->93188K(93888K) Class: 16432K(17024K)->16432K(17024K)
[2430.825s][info ][gc             ] GC(67) Pause Full (CodeCache GC Threshold) 574M->264M(2564M) 288.405ms
[2430.825s][info ][gc,cpu         ] GC(67) User=0.81s Sys=0.02s Real=0.29s
[2430.825s][info ][safepoint      ] Safepoint "ParallelGCSystemGC", Time since last: 700514318 ns, Reaching safepoint: 83101 ns, Cleanup: 3300 ns, At safepoint: 304826775 ns, Total: 304913176 ns
[2431.825s][info ][safepoint      ] Safepoint "Cleanup", Time since last: 1000091050 ns, Reaching safepoint: 6500 ns, Cleanup: 100301 ns, At safepoint: 2900 ns, Total: 109701 ns
[2432.826s][info ][safepoint      ] Safepoint "Cleanup", Time since last: 1000103249 ns, Reaching safepoint: 6300 ns, Cleanup: 8500 ns, At safepoint: 2100 ns, Total: 16900 ns
[2433.826s][info ][safepoint      ] Safepoint "Cleanup", Time since last: 1000103050 ns, Reaching safepoint: 83301 ns, Cleanup: 13000 ns, At safepoint: 7400 ns, Total: 103701 ns
[2435.826s][info ][safepoint      ] Safepoint "Cleanup", Time since last: 2000168108 ns, Reaching safepoint: 6700 ns, Cleanup: 7400 ns, At safepoint: 2100 ns, Total: 16200 ns
[2444.827s][info ][safepoint      ] Safepoint "Cleanup", Time since last: 9000649255 ns, Reaching safepoint: 6400 ns, Cleanup: 12900 ns, At safepoint: 2400 ns, Total: 21700 ns
[2446.827s][info ][safepoint      ] Safepoint "Cleanup", Time since last: 2000179324 ns, Reaching safepoint: 6100 ns, Cleanup: 9800 ns, At safepoint: 2000 ns, Total: 17900 ns
[2447.827s][info ][safepoint      ] Safepoint "Cleanup", Time since last: 1000101962 ns, Reaching safepoint: 6000 ns, Cleanup: 9400 ns, At safepoint: 1800 ns, Total: 17200 ns
[2454.827s][info ][safepoint      ] Safepoint "Cleanup", Time since last: 7000530687 ns, Reaching safepoint: 5200 ns, Cleanup: 14800 ns, At safepoint: 2000 ns, Total: 22000 ns
[2456.828s][info ][safepoint      ] Safepoint "Cleanup", Time since last: 2000168859 ns, Reaching safepoint: 6701 ns, Cleanup: 9100 ns, At safepoint: 2400 ns, Total: 18201 ns
[2457.828s][info ][safepoint      ] Safepoint "Cleanup", Time since last: 1000133780 ns, Reaching safepoint: 7000 ns, Cleanup: 18500 ns, At safepoint: 2200 ns, Total: 27700 ns
[2460.828s][info ][safepoint      ] Safepoint "Cleanup", Time since last: 3000265675 ns, Reaching safepoint: 6700 ns, Cleanup: 12700 ns, At safepoint: 2100 ns, Total: 21500 ns
[2461.841s][info ][safepoint      ] Safepoint "Cleanup", Time since last: 1013171257 ns, Reaching safepoint: 6800 ns, Cleanup: 8100 ns, At safepoint: 3100 ns, Total: 18000 ns
[2463.841s][info ][safepoint      ] Safepoint "Cleanup", Time since last: 2000181162 ns, Reaching safepoint: 6201 ns, Cleanup: 8700 ns, At safepoint: 2200 ns, Total: 17101 ns
[2468.842s][info ][safepoint      ] Safepoint "Cleanup", Time since last: 5000380072 ns, Reaching safepoint: 5700 ns, Cleanup: 7600 ns, At safepoint: 1900 ns, Total: 15200 ns
[2470.842s][info ][safepoint      ] Safepoint "Cleanup", Time since last: 2000177582 ns, Reaching safepoint: 6900 ns, Cleanup: 10000 ns, At safepoint: 2500 ns, Total: 19400 ns
[2471.842s][info ][safepoint      ] Safepoint "Cleanup", Time since last: 1000114141 ns, Reaching safepoint: 7000 ns, Cleanup: 23901 ns, At safepoint: 2300 ns, Total: 33201 ns
[2472.842s][info ][safepoint      ] Safepoint "Cleanup", Time since last: 1000096541 ns, Reaching safepoint: 5600 ns, Cleanup: 19100 ns, At safepoint: 1900 ns, Total: 26600 ns
[2474.843s][info ][safepoint      ] Safepoint "Cleanup", Time since last: 2000160982 ns, Reaching safepoint: 6600 ns, Cleanup: 10500 ns, At safepoint: 1800 ns, Total: 18900 ns
[2475.843s][info ][safepoint      ] Safepoint "Cleanup", Time since last: 1000094154 ns, Reaching safepoint: 6500 ns, Cleanup: 14701 ns, At safepoint: 2600 ns, Total: 23801 ns
[2476.843s][info ][safepoint      ] Safepoint "Cleanup", Time since last: 1000100120 ns, Reaching safepoint: 6300 ns, Cleanup: 9900 ns, At safepoint: 2200 ns, Total: 18400 ns
[2478.836s][info ][gc,start       ] GC(68) Pause Young (Allocation Failure)
[2478.845s][debug][gc,phases      ] GC(68) Scavenge 8.824ms
[2478.845s][debug][gc,ref         ] GC(68) ReferenceProcessor::execute queues: 1, RefProcThreadModel::Single, marks_oops_alive: false
[2478.845s][debug][gc,ref         ] GC(68) Skipped KeepAliveFinalRefsPhase of Reference Processing: no references
[2478.845s][debug][gc,ref         ] GC(68) ReferenceProcessor::execute queues: 1, RefProcThreadModel::Single, marks_oops_alive: false
[2478.845s][debug][gc,phases      ] GC(68) Reference Processing 0.129ms
[2478.845s][debug][gc,phases      ] GC(68)   VM Weak                        Min:  0.0, Avg:  0.0, Max:  0.0, Diff:  0.0, Sum:  0.0, Workers: 4
[2478.845s][debug][gc,phases      ] GC(68)     Dead                           Min: 0, Avg:  0.0, Max: 0, Diff: 0, Sum: 0, Workers: 4
[2478.845s][debug][gc,phases      ] GC(68)     Total                          Min: 0, Avg: 243.0, Max: 704, Diff: 704, Sum: 972, Workers: 4
[2478.845s][debug][gc,phases      ] GC(68)   ObjectSynchronizer Weak        Min:  0.0, Avg:  0.0, Max:  0.0, Diff:  0.0, Sum:  0.0, Workers: 4
[2478.845s][debug][gc,phases      ] GC(68)     Dead                           Min: 0, Avg:  0.0, Max: 0, Diff: 0, Sum: 0, Workers: 4
[2478.845s][debug][gc,phases      ] GC(68)     Total                          Min: 0, Avg:  1.0, Max: 4, Diff: 4, Sum: 4, Workers: 4
[2478.845s][debug][gc,phases      ] GC(68)   JVMTI Tag Weak OopStorage      Min:  0.0, Avg:  0.0, Max:  0.0, Diff:  0.0, Sum:  0.0, Workers: 4
[2478.845s][debug][gc,phases      ] GC(68)     Dead                           Min: 0, Avg:  0.0, Max: 0, Diff: 0, Sum: 0, Workers: 4
[2478.845s][debug][gc,phases      ] GC(68)     Total                          Min: 0, Avg:  0.0, Max: 0, Diff: 0, Sum: 0, Workers: 4
[2478.845s][debug][gc,phases      ] GC(68)   StringTable Weak               Min:  0.0, Avg:  0.1, Max:  0.1, Diff:  0.1, Sum:  0.4, Workers: 4
[2478.845s][debug][gc,phases      ] GC(68)     Dead                           Min: 0, Avg:  0.2, Max: 1, Diff: 1, Sum: 1, Workers: 4
[2478.845s][debug][gc,phases      ] GC(68)     Total                          Min: 0, Avg: 11891.5, Max: 20751, Diff: 20751, Sum: 47566, Workers: 4
[2478.845s][debug][gc,phases      ] GC(68)   ResolvedMethodTable Weak       Min:  0.0, Avg:  0.0, Max:  0.0, Diff:  0.0, Sum:  0.1, Workers: 4
[2478.845s][debug][gc,phases      ] GC(68)     Dead                           Min: 0, Avg:  4.5, Max: 11, Diff: 11, Sum: 18, Workers: 4
[2478.845s][debug][gc,phases      ] GC(68)     Total                          Min: 0, Avg: 3843.0, Max: 6667, Diff: 6667, Sum: 15372, Workers: 4
[2478.845s][debug][gc,phases      ] GC(68)   JNI Weak                       Min:  0.0, Avg:  0.0, Max:  0.0, Diff:  0.0, Sum:  0.0, Workers: 4
[2478.845s][debug][gc,phases      ] GC(68)     Dead                           Min: 0, Avg:  0.0, Max: 0, Diff: 0, Sum: 0, Workers: 4
[2478.845s][debug][gc,phases      ] GC(68)     Total                          Min: 0, Avg: 13.0, Max: 52, Diff: 52, Sum: 52, Workers: 4
[2478.845s][debug][gc,phases      ] GC(68)   StringDedup Table Weak         Min:  0.0, Avg:  0.0, Max:  0.0, Diff:  0.0, Sum:  0.0, Workers: 4
[2478.845s][debug][gc,phases      ] GC(68)     Dead                           Min: 0, Avg:  0.0, Max: 0, Diff: 0, Sum: 0, Workers: 4
[2478.845s][debug][gc,phases      ] GC(68)     Total                          Min: 0, Avg:  0.0, Max: 0, Diff: 0, Sum: 0, Workers: 4
[2478.845s][debug][gc,phases      ] GC(68)   StringDedup Requests0 Weak     Min:  0.0, Avg:  0.0, Max:  0.0, Diff:  0.0, Sum:  0.0, Workers: 4
[2478.845s][debug][gc,phases      ] GC(68)     Dead                           Min: 0, Avg:  0.0, Max: 0, Diff: 0, Sum: 0, Workers: 4
[2478.845s][debug][gc,phases      ] GC(68)     Total                          Min: 0, Avg:  0.0, Max: 0, Diff: 0, Sum: 0, Workers: 4
[2478.845s][debug][gc,phases      ] GC(68)   StringDedup Requests1 Weak     Min:  0.0, Avg:  0.0, Max:  0.0, Diff:  0.0, Sum:  0.0, Workers: 4
[2478.845s][debug][gc,phases      ] GC(68)     Dead                           Min: 0, Avg:  0.0, Max: 0, Diff: 0, Sum: 0, Workers: 4
[2478.845s][debug][gc,phases      ] GC(68)     Total                          Min: 0, Avg:  0.0, Max: 0, Diff: 0, Sum: 0, Workers: 4
[2478.845s][debug][gc,phases      ] GC(68)   Weak JFR Old Object Samples    Min:  0.0, Avg:  0.0, Max:  0.0, Diff:  0.0, Sum:  0.0, Workers: 4
[2478.845s][debug][gc,phases      ] GC(68)     Dead                           Min: 0, Avg:  0.0, Max: 0, Diff: 0, Sum: 0, Workers: 4
[2478.845s][debug][gc,phases      ] GC(68)     Total                          Min: 0, Avg:  0.0, Max: 0, Diff: 0, Sum: 0, Workers: 4
[2478.845s][debug][gc,phases      ] GC(68) Weak Processing 0.380ms
[2478.845s][debug][gc,age         ] GC(68) Desired survivor size 43515904 bytes, new threshold 1 (max threshold 15)
[2478.845s][info ][gc,heap        ] GC(68) PSYoungGen: 2013184K(2055168K)->21952K(2035200K) Eden: 2013184K(2013184K)->0K(2013184K) From: 0K(41984K)->21952K(22016K)
[2478.845s][info ][gc,heap        ] GC(68) ParOldGen: 271287K(570368K)->271287K(570368K)
[2478.845s][info ][gc,metaspace   ] GC(68) Metaspace: 109681K(110976K)->109681K(110976K) NonClass: 93238K(93952K)->93238K(93952K) Class: 16442K(17024K)->16442K(17024K)
[2478.845s][info ][gc             ] GC(68) Pause Young (Allocation Failure) 2230M->286M(2544M) 9.470ms
[2478.845s][info ][gc,cpu         ] GC(68) User=0.04s Sys=0.00s Real=0.01s
[2478.845s][info ][safepoint      ] Safepoint "ParallelGCFailedAllocation", Time since last: 1992866376 ns, Reaching safepoint: 6200 ns, Cleanup: 3400 ns, At safepoint: 9542484 ns, Total: 9552084 ns
[2480.845s][info ][safepoint      ] Safepoint "Cleanup", Time since last: 2000155641 ns, Reaching safepoint: 6100 ns, Cleanup: 6700 ns, At safepoint: 1500 ns, Total: 14300 ns
[2485.846s][info ][safepoint      ] Safepoint "Cleanup", Time since last: 5000375538 ns, Reaching safepoint: 6400 ns, Cleanup: 7600 ns, At safepoint: 1900 ns, Total: 15900 ns
[2486.846s][info ][safepoint      ] Safepoint "Cleanup", Time since last: 1000099545 ns, Reaching safepoint: 5400 ns, Cleanup: 8200 ns, At safepoint: 2500 ns, Total: 16100 ns
[2492.846s][info ][safepoint      ] Safepoint "Cleanup", Time since last: 6000454496 ns, Reaching safepoint: 7900 ns, Cleanup: 18100 ns, At safepoint: 2900 ns, Total: 28900 ns
[2493.846s][info ][safepoint      ] Safepoint "Cleanup", Time since last: 1000120670 ns, Reaching safepoint: 6600 ns, Cleanup: 12200 ns, At safepoint: 2100 ns, Total: 20900 ns
[2496.847s][info ][safepoint      ] Safepoint "Cleanup", Time since last: 3000242909 ns, Reaching safepoint: 6200 ns, Cleanup: 7100 ns, At safepoint: 2000 ns, Total: 15300 ns
[2498.847s][info ][safepoint      ] Safepoint "Cleanup", Time since last: 2000184640 ns, Reaching safepoint: 6500 ns, Cleanup: 16900 ns, At safepoint: 2400 ns, Total: 25800 ns
[2500.847s][info ][safepoint      ] Safepoint "Cleanup", Time since last: 2000204900 ns, Reaching safepoint: 8000 ns, Cleanup: 17000 ns, At safepoint: 2500 ns, Total: 27500 ns
[2501.847s][info ][safepoint      ] Safepoint "Cleanup", Time since last: 1000120743 ns, Reaching safepoint: 7100 ns, Cleanup: 13300 ns, At safepoint: 2700 ns, Total: 23100 ns
[2502.847s][info ][safepoint      ] Safepoint "Cleanup", Time since last: 1000115643 ns, Reaching safepoint: 7000 ns, Cleanup: 8100 ns, At safepoint: 2100 ns, Total: 17200 ns
[2507.848s][info ][safepoint      ] Safepoint "Cleanup", Time since last: 5000410856 ns, Reaching safepoint: 7100 ns, Cleanup: 13100 ns, At safepoint: 2300 ns, Total: 22500 ns
[2509.848s][info ][safepoint      ] Safepoint "Cleanup", Time since last: 2000190807 ns, Reaching safepoint: 6700 ns, Cleanup: 8100 ns, At safepoint: 2400 ns, Total: 17200 ns
[2510.848s][info ][safepoint      ] Safepoint "Cleanup", Time since last: 1000123154 ns, Reaching safepoint: 77301 ns, Cleanup: 9600 ns, At safepoint: 4700 ns, Total: 91601 ns
[2512.849s][info ][safepoint      ] Safepoint "Cleanup", Time since last: 2000172806 ns, Reaching safepoint: 5600 ns, Cleanup: 10301 ns, At safepoint: 2100 ns, Total: 18001 ns
[2513.849s][info ][safepoint      ] Safepoint "Cleanup", Time since last: 1000114553 ns, Reaching safepoint: 6100 ns, Cleanup: 20800 ns, At safepoint: 2500 ns, Total: 29400 ns
[2514.849s][info ][safepoint      ] Safepoint "Cleanup", Time since last: 1000128854 ns, Reaching safepoint: 6000 ns, Cleanup: 9800 ns, At safepoint: 1900 ns, Total: 17700 ns
[2515.849s][info ][safepoint      ] Safepoint "Cleanup", Time since last: 1000100656 ns, Reaching safepoint: 4800 ns, Cleanup: 7100 ns, At safepoint: 1700 ns, Total: 13600 ns
[2516.849s][info ][safepoint      ] Safepoint "Cleanup", Time since last: 1000102213 ns, Reaching safepoint: 6400 ns, Cleanup: 8400 ns, At safepoint: 2700 ns, Total: 17500 ns
[2521.858s][info ][safepoint      ] Safepoint "Cleanup", Time since last: 5009423843 ns, Reaching safepoint: 5200 ns, Cleanup: 9500 ns, At safepoint: 1800 ns, Total: 16500 ns
[2525.859s][info ][safepoint      ] Safepoint "Cleanup", Time since last: 4000310356 ns, Reaching safepoint: 5200 ns, Cleanup: 10600 ns, At safepoint: 1800 ns, Total: 17600 ns
[2526.859s][info ][safepoint      ] Safepoint "Cleanup", Time since last: 1000107415 ns, Reaching safepoint: 9000 ns, Cleanup: 11701 ns, At safepoint: 2400 ns, Total: 23101 ns
[2529.859s][info ][safepoint      ] Safepoint "Cleanup", Time since last: 3000249545 ns, Reaching safepoint: 5900 ns, Cleanup: 9500 ns, At safepoint: 3000 ns, Total: 18400 ns
[2530.166s][info ][gc,start       ] GC(69) Pause Young (Allocation Failure)
[2530.180s][debug][gc,phases      ] GC(69) Scavenge 13.279ms
[2530.180s][debug][gc,ref         ] GC(69) ReferenceProcessor::execute queues: 1, RefProcThreadModel::Single, marks_oops_alive: false
[2530.180s][debug][gc,ref         ] GC(69) Skipped KeepAliveFinalRefsPhase of Reference Processing: no references
[2530.180s][debug][gc,ref         ] GC(69) ReferenceProcessor::execute queues: 1, RefProcThreadModel::Single, marks_oops_alive: false
[2530.180s][debug][gc,phases      ] GC(69) Reference Processing 0.101ms
[2530.180s][debug][gc,phases      ] GC(69)   VM Weak                        Min:  0.0, Avg:  0.0, Max:  0.0, Diff:  0.0, Sum:  0.0, Workers: 4
[2530.180s][debug][gc,phases      ] GC(69)     Dead                           Min: 0, Avg:  0.0, Max: 0, Diff: 0, Sum: 0, Workers: 4
[2530.180s][debug][gc,phases      ] GC(69)     Total                          Min: 0, Avg: 243.0, Max: 832, Diff: 832, Sum: 972, Workers: 4
[2530.180s][debug][gc,phases      ] GC(69)   ObjectSynchronizer Weak        Min:  0.0, Avg:  0.0, Max:  0.0, Diff:  0.0, Sum:  0.0, Workers: 4
[2530.180s][debug][gc,phases      ] GC(69)     Dead                           Min: 0, Avg:  0.0, Max: 0, Diff: 0, Sum: 0, Workers: 4
[2530.180s][debug][gc,phases      ] GC(69)     Total                          Min: 0, Avg:  1.0, Max: 4, Diff: 4, Sum: 4, Workers: 4
[2530.180s][debug][gc,phases      ] GC(69)   JVMTI Tag Weak OopStorage      Min:  0.0, Avg:  0.0, Max:  0.0, Diff:  0.0, Sum:  0.0, Workers: 4
[2530.180s][debug][gc,phases      ] GC(69)     Dead                           Min: 0, Avg:  0.0, Max: 0, Diff: 0, Sum: 0, Workers: 4
[2530.180s][debug][gc,phases      ] GC(69)     Total                          Min: 0, Avg:  0.0, Max: 0, Diff: 0, Sum: 0, Workers: 4
[2530.180s][debug][gc,phases      ] GC(69)   StringTable Weak               Min:  0.1, Avg:  0.1, Max:  0.1, Diff:  0.0, Sum:  0.5, Workers: 4
[2530.180s][debug][gc,phases      ] GC(69)     Dead                           Min: 0, Avg:  0.0, Max: 0, Diff: 0, Sum: 0, Workers: 4
[2530.180s][debug][gc,phases      ] GC(69)     Total                          Min: 9616, Avg: 11891.8, Max: 12800, Diff: 3184, Sum: 47567, Workers: 4
[2530.180s][debug][gc,phases      ] GC(69)   ResolvedMethodTable Weak       Min:  0.0, Avg:  0.0, Max:  0.0, Diff:  0.0, Sum:  0.2, Workers: 4
[2530.180s][debug][gc,phases      ] GC(69)     Dead                           Min: 0, Avg:  4.0, Max: 16, Diff: 16, Sum: 16, Workers: 4
[2530.180s][debug][gc,phases      ] GC(69)     Total                          Min: 3748, Avg: 3843.0, Max: 3978, Diff: 230, Sum: 15372, Workers: 4
[2530.180s][debug][gc,phases      ] GC(69)   JNI Weak                       Min:  0.0, Avg:  0.0, Max:  0.0, Diff:  0.0, Sum:  0.0, Workers: 4
[2530.180s][debug][gc,phases      ] GC(69)     Dead                           Min: 0, Avg:  0.0, Max: 0, Diff: 0, Sum: 0, Workers: 4
[2530.180s][debug][gc,phases      ] GC(69)     Total                          Min: 0, Avg: 13.0, Max: 52, Diff: 52, Sum: 52, Workers: 4
[2530.180s][debug][gc,phases      ] GC(69)   StringDedup Table Weak         Min:  0.0, Avg:  0.0, Max:  0.0, Diff:  0.0, Sum:  0.0, Workers: 4
[2530.180s][debug][gc,phases      ] GC(69)     Dead                           Min: 0, Avg:  0.0, Max: 0, Diff: 0, Sum: 0, Workers: 4
[2530.180s][debug][gc,phases      ] GC(69)     Total                          Min: 0, Avg:  0.0, Max: 0, Diff: 0, Sum: 0, Workers: 4
[2530.180s][debug][gc,phases      ] GC(69)   StringDedup Requests0 Weak     Min:  0.0, Avg:  0.0, Max:  0.0, Diff:  0.0, Sum:  0.0, Workers: 4
[2530.180s][debug][gc,phases      ] GC(69)     Dead                           Min: 0, Avg:  0.0, Max: 0, Diff: 0, Sum: 0, Workers: 4
[2530.180s][debug][gc,phases      ] GC(69)     Total                          Min: 0, Avg:  0.0, Max: 0, Diff: 0, Sum: 0, Workers: 4
[2530.180s][debug][gc,phases      ] GC(69)   StringDedup Requests1 Weak     Min:  0.0, Avg:  0.0, Max:  0.0, Diff:  0.0, Sum:  0.0, Workers: 4
[2530.180s][debug][gc,phases      ] GC(69)     Dead                           Min: 0, Avg:  0.0, Max: 0, Diff: 0, Sum: 0, Workers: 4
[2530.180s][debug][gc,phases      ] GC(69)     Total                          Min: 0, Avg:  0.0, Max: 0, Diff: 0, Sum: 0, Workers: 4
[2530.180s][debug][gc,phases      ] GC(69)   Weak JFR Old Object Samples    Min:  0.0, Avg:  0.0, Max:  0.0, Diff:  0.0, Sum:  0.0, Workers: 4
[2530.180s][debug][gc,phases      ] GC(69)     Dead                           Min: 0, Avg:  0.0, Max: 0, Diff: 0, Sum: 0, Workers: 4
[2530.180s][debug][gc,phases      ] GC(69)     Total                          Min: 0, Avg:  0.0, Max: 0, Diff: 0, Sum: 0, Workers: 4
[2530.180s][debug][gc,phases      ] GC(69) Weak Processing 0.372ms
[2530.180s][debug][gc,age         ] GC(69) Desired survivor size 44564480 bytes, new threshold 1 (max threshold 15)
[2530.180s][info ][gc,heap        ] GC(69) PSYoungGen: 2035136K(2035200K)->22416K(2052608K) Eden: 2013184K(2013184K)->0K(2010112K) From: 21952K(22016K)->22416K(42496K)
[2530.180s][info ][gc,heap        ] GC(69) ParOldGen: 271287K(570368K)->288316K(570368K)
[2530.180s][info ][gc,metaspace   ] GC(69) Metaspace: 109704K(110976K)->109704K(110976K) NonClass: 93261K(93952K)->93261K(93952K) Class: 16442K(17024K)->16442K(17024K)
[2530.180s][info ][gc             ] GC(69) Pause Young (Allocation Failure) 2252M->303M(2561M) 13.867ms
[2530.180s][info ][gc,cpu         ] GC(69) User=0.05s Sys=0.00s Real=0.02s
[2530.180s][info ][safepoint      ] Safepoint "ParallelGCFailedAllocation", Time since last: 306868174 ns, Reaching safepoint: 79101 ns, Cleanup: 3600 ns, At safepoint: 13937822 ns, Total: 14020523 ns
[2531.180s][info ][safepoint      ] Safepoint "Cleanup", Time since last: 1000085115 ns, Reaching safepoint: 6000 ns, Cleanup: 11500 ns, At safepoint: 2100 ns, Total: 19600 ns
[2535.181s][info ][safepoint      ] Safepoint "Cleanup", Time since last: 4000311926 ns, Reaching safepoint: 5300 ns, Cleanup: 9400 ns, At safepoint: 2100 ns, Total: 16800 ns
[2551.182s][info ][safepoint      ] Safepoint "Cleanup", Time since last: 16001168845 ns, Reaching safepoint: 5600 ns, Cleanup: 8300 ns, At safepoint: 2000 ns, Total: 15900 ns
[2552.182s][info ][safepoint      ] Safepoint "Cleanup", Time since last: 1000109279 ns, Reaching safepoint: 5600 ns, Cleanup: 9400 ns, At safepoint: 2200 ns, Total: 17200 ns
[2557.182s][info ][safepoint      ] Safepoint "Cleanup", Time since last: 5000400437 ns, Reaching safepoint: 6300 ns, Cleanup: 8700 ns, At safepoint: 2900 ns, Total: 17900 ns
[2560.183s][info ][safepoint      ] Safepoint "Cleanup", Time since last: 3000260432 ns, Reaching safepoint: 5800 ns, Cleanup: 8600 ns, At safepoint: 2400 ns, Total: 16800 ns
[2563.617s][info ][gc,start       ] GC(70) Pause Young (Allocation Failure)
[2563.628s][debug][gc,phases      ] GC(70) Scavenge 11.041ms
[2563.628s][debug][gc,ref         ] GC(70) ReferenceProcessor::execute queues: 1, RefProcThreadModel::Single, marks_oops_alive: false
[2563.628s][debug][gc,ref         ] GC(70) Skipped KeepAliveFinalRefsPhase of Reference Processing: no references
[2563.628s][debug][gc,ref         ] GC(70) ReferenceProcessor::execute queues: 1, RefProcThreadModel::Single, marks_oops_alive: false
[2563.628s][debug][gc,phases      ] GC(70) Reference Processing 0.104ms
[2563.628s][debug][gc,phases      ] GC(70)   VM Weak                        Min:  0.0, Avg:  0.0, Max:  0.0, Diff:  0.0, Sum:  0.0, Workers: 4
[2563.628s][debug][gc,phases      ] GC(70)     Dead                           Min: 0, Avg:  0.0, Max: 0, Diff: 0, Sum: 0, Workers: 4
[2563.628s][debug][gc,phases      ] GC(70)     Total                          Min: 0, Avg: 243.0, Max: 512, Diff: 512, Sum: 972, Workers: 4
[2563.628s][debug][gc,phases      ] GC(70)   ObjectSynchronizer Weak        Min:  0.0, Avg:  0.0, Max:  0.0, Diff:  0.0, Sum:  0.0, Workers: 4
[2563.628s][debug][gc,phases      ] GC(70)     Dead                           Min: 0, Avg:  0.0, Max: 0, Diff: 0, Sum: 0, Workers: 4
[2563.628s][debug][gc,phases      ] GC(70)     Total                          Min: 0, Avg:  1.0, Max: 4, Diff: 4, Sum: 4, Workers: 4
[2563.628s][debug][gc,phases      ] GC(70)   JVMTI Tag Weak OopStorage      Min:  0.0, Avg:  0.0, Max:  0.0, Diff:  0.0, Sum:  0.0, Workers: 4
[2563.628s][debug][gc,phases      ] GC(70)     Dead                           Min: 0, Avg:  0.0, Max: 0, Diff: 0, Sum: 0, Workers: 4
[2563.628s][debug][gc,phases      ] GC(70)     Total                          Min: 0, Avg:  0.0, Max: 0, Diff: 0, Sum: 0, Workers: 4
[2563.628s][debug][gc,phases      ] GC(70)   StringTable Weak               Min:  0.0, Avg:  0.1, Max:  0.1, Diff:  0.1, Sum:  0.4, Workers: 4
[2563.628s][debug][gc,phases      ] GC(70)     Dead                           Min: 0, Avg:  0.0, Max: 0, Diff: 0, Sum: 0, Workers: 4
[2563.628s][debug][gc,phases      ] GC(70)     Total                          Min: 0, Avg: 11891.8, Max: 20223, Diff: 20223, Sum: 47567, Workers: 4
[2563.628s][debug][gc,phases      ] GC(70)   ResolvedMethodTable Weak       Min:  0.0, Avg:  0.0, Max:  0.0, Diff:  0.0, Sum:  0.1, Workers: 4
[2563.628s][debug][gc,phases      ] GC(70)     Dead                           Min: 0, Avg:  4.0, Max: 8, Diff: 8, Sum: 16, Workers: 4
[2563.628s][debug][gc,phases      ] GC(70)     Total                          Min: 0, Avg: 3843.0, Max: 6652, Diff: 6652, Sum: 15372, Workers: 4
[2563.628s][debug][gc,phases      ] GC(70)   JNI Weak                       Min:  0.0, Avg:  0.0, Max:  0.0, Diff:  0.0, Sum:  0.0, Workers: 4
[2563.628s][debug][gc,phases      ] GC(70)     Dead                           Min: 0, Avg:  0.0, Max: 0, Diff: 0, Sum: 0, Workers: 4
[2563.628s][debug][gc,phases      ] GC(70)     Total                          Min: 0, Avg: 13.0, Max: 52, Diff: 52, Sum: 52, Workers: 4
[2563.628s][debug][gc,phases      ] GC(70)   StringDedup Table Weak         Min:  0.0, Avg:  0.0, Max:  0.0, Diff:  0.0, Sum:  0.0, Workers: 4
[2563.628s][debug][gc,phases      ] GC(70)     Dead                           Min: 0, Avg:  0.0, Max: 0, Diff: 0, Sum: 0, Workers: 4
[2563.628s][debug][gc,phases      ] GC(70)     Total                          Min: 0, Avg:  0.0, Max: 0, Diff: 0, Sum: 0, Workers: 4
[2563.628s][debug][gc,phases      ] GC(70)   StringDedup Requests0 Weak     Min:  0.0, Avg:  0.0, Max:  0.0, Diff:  0.0, Sum:  0.0, Workers: 4
[2563.628s][debug][gc,phases      ] GC(70)     Dead                           Min: 0, Avg:  0.0, Max: 0, Diff: 0, Sum: 0, Workers: 4
[2563.628s][debug][gc,phases      ] GC(70)     Total                          Min: 0, Avg:  0.0, Max: 0, Diff: 0, Sum: 0, Workers: 4
[2563.628s][debug][gc,phases      ] GC(70)   StringDedup Requests1 Weak     Min:  0.0, Avg:  0.0, Max:  0.0, Diff:  0.0, Sum:  0.0, Workers: 4
[2563.628s][debug][gc,phases      ] GC(70)     Dead                           Min: 0, Avg:  0.0, Max: 0, Diff: 0, Sum: 0, Workers: 4
[2563.628s][debug][gc,phases      ] GC(70)     Total                          Min: 0, Avg:  0.0, Max: 0, Diff: 0, Sum: 0, Workers: 4
[2563.628s][debug][gc,phases      ] GC(70)   Weak JFR Old Object Samples    Min:  0.0, Avg:  0.0, Max:  0.0, Diff:  0.0, Sum:  0.0, Workers: 4
[2563.628s][debug][gc,phases      ] GC(70)     Dead                           Min: 0, Avg:  0.0, Max: 0, Diff: 0, Sum: 0, Workers: 4
[2563.628s][debug][gc,phases      ] GC(70)     Total                          Min: 0, Avg:  0.0, Max: 0, Diff: 0, Sum: 0, Workers: 4
[2563.628s][debug][gc,phases      ] GC(70) Weak Processing 0.393ms
[2563.628s][debug][gc,age         ] GC(70) Desired survivor size 42467328 bytes, new threshold 1 (max threshold 15)
[2563.628s][info ][gc,heap        ] GC(70) PSYoungGen: 2032528K(2052608K)->15856K(2053632K) Eden: 2010112K(2010112K)->0K(2010112K) From: 22416K(42496K)->15856K(43520K)
[2563.628s][info ][gc,heap        ] GC(70) ParOldGen: 288316K(570368K)->309513K(570368K)
[2563.628s][info ][gc,metaspace   ] GC(70) Metaspace: 109712K(110976K)->109712K(110976K) NonClass: 93269K(93952K)->93269K(93952K) Class: 16442K(17024K)->16442K(17024K)
[2563.628s][info ][gc             ] GC(70) Pause Young (Allocation Failure) 2266M->317M(2562M) 11.647ms
[2563.628s][info ][gc,cpu         ] GC(70) User=0.04s Sys=0.00s Real=0.01s
[2563.628s][info ][safepoint      ] Safepoint "ParallelGCFailedAllocation", Time since last: 3434076811 ns, Reaching safepoint: 77400 ns, Cleanup: 3800 ns, At safepoint: 11716402 ns, Total: 11797602 ns
[2568.629s][info ][safepoint      ] Safepoint "Cleanup", Time since last: 5000359771 ns, Reaching safepoint: 5900 ns, Cleanup: 9400 ns, At safepoint: 2000 ns, Total: 17300 ns
[2570.629s][info ][safepoint      ] Safepoint "Cleanup", Time since last: 2000168687 ns, Reaching safepoint: 5500 ns, Cleanup: 9500 ns, At safepoint: 2400 ns, Total: 17400 ns
[2575.629s][info ][safepoint      ] Safepoint "Cleanup", Time since last: 5000407274 ns, Reaching safepoint: 5500 ns, Cleanup: 7500 ns, At safepoint: 1700 ns, Total: 14700 ns
[2576.630s][info ][safepoint      ] Safepoint "Cleanup", Time since last: 1000105589 ns, Reaching safepoint: 8400 ns, Cleanup: 13700 ns, At safepoint: 25901 ns, Total: 48001 ns
[2577.630s][info ][safepoint      ] Safepoint "Cleanup", Time since last: 1000106489 ns, Reaching safepoint: 5100 ns, Cleanup: 6800 ns, At safepoint: 2400 ns, Total: 14300 ns
[2583.878s][info ][safepoint      ] Safepoint "Cleanup", Time since last: 6248226536 ns, Reaching safepoint: 4600 ns, Cleanup: 7700 ns, At safepoint: 1800 ns, Total: 14100 ns
[2585.878s][info ][safepoint      ] Safepoint "Cleanup", Time since last: 2000128117 ns, Reaching safepoint: 5700 ns, Cleanup: 10300 ns, At safepoint: 2000 ns, Total: 18000 ns
[2593.879s][info ][safepoint      ] Safepoint "Cleanup", Time since last: 8000599549 ns, Reaching safepoint: 5700 ns, Cleanup: 9700 ns, At safepoint: 2500 ns, Total: 17900 ns
[2598.879s][info ][safepoint      ] Safepoint "Cleanup", Time since last: 5000443690 ns, Reaching safepoint: 6601 ns, Cleanup: 10400 ns, At safepoint: 2400 ns, Total: 19401 ns
[2603.617s][info ][gc,start       ] GC(71) Pause Young (Allocation Failure)
[2603.624s][debug][gc,phases      ] GC(71) Scavenge 7.802ms
[2603.625s][debug][gc,ref         ] GC(71) ReferenceProcessor::execute queues: 1, RefProcThreadModel::Single, marks_oops_alive: false
[2603.625s][debug][gc,ref         ] GC(71) Skipped KeepAliveFinalRefsPhase of Reference Processing: no references
[2603.625s][debug][gc,ref         ] GC(71) ReferenceProcessor::execute queues: 1, RefProcThreadModel::Single, marks_oops_alive: false
[2603.625s][debug][gc,phases      ] GC(71) Reference Processing 0.093ms
[2603.625s][debug][gc,phases      ] GC(71)   VM Weak                        Min:  0.0, Avg:  0.0, Max:  0.0, Diff:  0.0, Sum:  0.0, Workers: 4
[2603.625s][debug][gc,phases      ] GC(71)     Dead                           Min: 0, Avg:  0.0, Max: 0, Diff: 0, Sum: 0, Workers: 4
[2603.625s][debug][gc,phases      ] GC(71)     Total                          Min: 0, Avg: 243.0, Max: 704, Diff: 704, Sum: 972, Workers: 4
[2603.625s][debug][gc,phases      ] GC(71)   ObjectSynchronizer Weak        Min:  0.0, Avg:  0.0, Max:  0.0, Diff:  0.0, Sum:  0.0, Workers: 4
[2603.625s][debug][gc,phases      ] GC(71)     Dead                           Min: 0, Avg:  0.0, Max: 0, Diff: 0, Sum: 0, Workers: 4
[2603.625s][debug][gc,phases      ] GC(71)     Total                          Min: 0, Avg:  1.0, Max: 4, Diff: 4, Sum: 4, Workers: 4
[2603.625s][debug][gc,phases      ] GC(71)   JVMTI Tag Weak OopStorage      Min:  0.0, Avg:  0.0, Max:  0.0, Diff:  0.0, Sum:  0.0, Workers: 4
[2603.625s][debug][gc,phases      ] GC(71)     Dead                           Min: 0, Avg:  0.0, Max: 0, Diff: 0, Sum: 0, Workers: 4
[2603.625s][debug][gc,phases      ] GC(71)     Total                          Min: 0, Avg:  0.0, Max: 0, Diff: 0, Sum: 0, Workers: 4
[2603.625s][debug][gc,phases      ] GC(71)   StringTable Weak               Min:  0.0, Avg:  0.1, Max:  0.1, Diff:  0.1, Sum:  0.4, Workers: 4
[2603.625s][debug][gc,phases      ] GC(71)     Dead                           Min: 0, Avg:  0.2, Max: 1, Diff: 1, Sum: 1, Workers: 4
[2603.625s][debug][gc,phases      ] GC(71)     Total                          Min: 0, Avg: 11892.8, Max: 20159, Diff: 20159, Sum: 47571, Workers: 4
[2603.625s][debug][gc,phases      ] GC(71)   ResolvedMethodTable Weak       Min:  0.0, Avg:  0.0, Max:  0.0, Diff:  0.0, Sum:  0.1, Workers: 4
[2603.625s][debug][gc,phases      ] GC(71)     Dead                           Min: 0, Avg:  4.8, Max: 11, Diff: 11, Sum: 19, Workers: 4
[2603.625s][debug][gc,phases      ] GC(71)     Total                          Min: 0, Avg: 3844.5, Max: 6731, Diff: 6731, Sum: 15378, Workers: 4
[2603.625s][debug][gc,phases      ] GC(71)   JNI Weak                       Min:  0.0, Avg:  0.0, Max:  0.0, Diff:  0.0, Sum:  0.0, Workers: 4
[2603.625s][debug][gc,phases      ] GC(71)     Dead                           Min: 0, Avg:  0.0, Max: 0, Diff: 0, Sum: 0, Workers: 4
[2603.625s][debug][gc,phases      ] GC(71)     Total                          Min: 0, Avg: 13.2, Max: 53, Diff: 53, Sum: 53, Workers: 4
[2603.625s][debug][gc,phases      ] GC(71)   StringDedup Table Weak         Min:  0.0, Avg:  0.0, Max:  0.0, Diff:  0.0, Sum:  0.0, Workers: 4
[2603.625s][debug][gc,phases      ] GC(71)     Dead                           Min: 0, Avg:  0.0, Max: 0, Diff: 0, Sum: 0, Workers: 4
[2603.625s][debug][gc,phases      ] GC(71)     Total                          Min: 0, Avg:  0.0, Max: 0, Diff: 0, Sum: 0, Workers: 4
[2603.625s][debug][gc,phases      ] GC(71)   StringDedup Requests0 Weak     Min:  0.0, Avg:  0.0, Max:  0.0, Diff:  0.0, Sum:  0.0, Workers: 4
[2603.625s][debug][gc,phases      ] GC(71)     Dead                           Min: 0, Avg:  0.0, Max: 0, Diff: 0, Sum: 0, Workers: 4
[2603.625s][debug][gc,phases      ] GC(71)     Total                          Min: 0, Avg:  0.0, Max: 0, Diff: 0, Sum: 0, Workers: 4
[2603.625s][debug][gc,phases      ] GC(71)   StringDedup Requests1 Weak     Min:  0.0, Avg:  0.0, Max:  0.0, Diff:  0.0, Sum:  0.0, Workers: 4
[2603.625s][debug][gc,phases      ] GC(71)     Dead                           Min: 0, Avg:  0.0, Max: 0, Diff: 0, Sum: 0, Workers: 4
[2603.625s][debug][gc,phases      ] GC(71)     Total                          Min: 0, Avg:  0.0, Max: 0, Diff: 0, Sum: 0, Workers: 4
[2603.625s][debug][gc,phases      ] GC(71)   Weak JFR Old Object Samples    Min:  0.0, Avg:  0.0, Max:  0.0, Diff:  0.0, Sum:  0.0, Workers: 4
[2603.625s][debug][gc,phases      ] GC(71)     Dead                           Min: 0, Avg:  0.0, Max: 0, Diff: 0, Sum: 0, Workers: 4
[2603.625s][debug][gc,phases      ] GC(71)     Total                          Min: 0, Avg:  0.0, Max: 0, Diff: 0, Sum: 0, Workers: 4
[2603.625s][debug][gc,phases      ] GC(71) Weak Processing 0.401ms
[2603.625s][debug][gc,age         ] GC(71) Desired survivor size 39845888 bytes, new threshold 1 (max threshold 15)
[2603.625s][info ][gc,heap        ] GC(71) PSYoungGen: 2025968K(2053632K)->11376K(2058240K) Eden: 2010112K(2010112K)->0K(2016768K) From: 15856K(43520K)->11376K(41472K)
[2603.625s][info ][gc,heap        ] GC(71) ParOldGen: 309513K(570368K)->323653K(570368K)
[2603.625s][info ][gc,metaspace   ] GC(71) Metaspace: 109732K(111040K)->109732K(111040K) NonClass: 93287K(94016K)->93287K(94016K) Class: 16444K(17024K)->16444K(17024K)
[2603.625s][info ][gc             ] GC(71) Pause Young (Allocation Failure) 2280M->327M(2567M) 8.400ms
[2603.625s][info ][gc,cpu         ] GC(71) User=0.03s Sys=0.00s Real=0.01s
[2603.625s][info ][safepoint      ] Safepoint "ParallelGCFailedAllocation", Time since last: 4737328337 ns, Reaching safepoint: 80901 ns, Cleanup: 3700 ns, At safepoint: 8460274 ns, Total: 8544875 ns
[2608.625s][info ][safepoint      ] Safepoint "Cleanup", Time since last: 5000370993 ns, Reaching safepoint: 6200 ns, Cleanup: 8900 ns, At safepoint: 2200 ns, Total: 17300 ns
[2610.626s][info ][safepoint      ] Safepoint "Cleanup", Time since last: 2000181137 ns, Reaching safepoint: 6400 ns, Cleanup: 9300 ns, At safepoint: 2100 ns, Total: 17800 ns
[2623.627s][info ][safepoint      ] Safepoint "Cleanup", Time since last: 13000967364 ns, Reaching safepoint: 6501 ns, Cleanup: 10100 ns, At safepoint: 2500 ns, Total: 19101 ns
[2625.627s][info ][safepoint      ] Safepoint "Cleanup", Time since last: 2000198237 ns, Reaching safepoint: 6500 ns, Cleanup: 10400 ns, At safepoint: 2300 ns, Total: 19200 ns
[2631.627s][info ][safepoint      ] Safepoint "Cleanup", Time since last: 6000487949 ns, Reaching safepoint: 8100 ns, Cleanup: 8300 ns, At safepoint: 2700 ns, Total: 19100 ns
[2634.628s][info ][safepoint      ] Safepoint "Cleanup", Time since last: 3000255705 ns, Reaching safepoint: 7000 ns, Cleanup: 11400 ns, At safepoint: 2200 ns, Total: 20600 ns
[2653.416s][info ][gc,start       ] GC(72) Pause Young (Allocation Failure)
[2653.420s][debug][gc,phases      ] GC(72) Scavenge 4.274ms
[2653.420s][debug][gc,ref         ] GC(72) ReferenceProcessor::execute queues: 1, RefProcThreadModel::Single, marks_oops_alive: false
[2653.420s][debug][gc,ref         ] GC(72) Skipped KeepAliveFinalRefsPhase of Reference Processing: no references
[2653.420s][debug][gc,ref         ] GC(72) Skipped PhantomRefsPhase of Reference Processing: no references
[2653.420s][debug][gc,phases      ] GC(72) Reference Processing 0.099ms
[2653.421s][debug][gc,phases      ] GC(72)   VM Weak                        Min:  0.0, Avg:  0.0, Max:  0.0, Diff:  0.0, Sum:  0.0, Workers: 4
[2653.421s][debug][gc,phases      ] GC(72)     Dead                           Min: 0, Avg:  0.0, Max: 0, Diff: 0, Sum: 0, Workers: 4
[2653.421s][debug][gc,phases      ] GC(72)     Total                          Min: 0, Avg: 243.0, Max: 652, Diff: 652, Sum: 972, Workers: 4
[2653.421s][debug][gc,phases      ] GC(72)   ObjectSynchronizer Weak        Min:  0.0, Avg:  0.0, Max:  0.0, Diff:  0.0, Sum:  0.0, Workers: 4
[2653.421s][debug][gc,phases      ] GC(72)     Dead                           Min: 0, Avg:  0.0, Max: 0, Diff: 0, Sum: 0, Workers: 4
[2653.421s][debug][gc,phases      ] GC(72)     Total                          Min: 0, Avg:  0.8, Max: 3, Diff: 3, Sum: 3, Workers: 4
[2653.421s][debug][gc,phases      ] GC(72)   JVMTI Tag Weak OopStorage      Min:  0.0, Avg:  0.0, Max:  0.0, Diff:  0.0, Sum:  0.0, Workers: 4
[2653.421s][debug][gc,phases      ] GC(72)     Dead                           Min: 0, Avg:  0.0, Max: 0, Diff: 0, Sum: 0, Workers: 4
[2653.421s][debug][gc,phases      ] GC(72)     Total                          Min: 0, Avg:  0.0, Max: 0, Diff: 0, Sum: 0, Workers: 4
[2653.421s][debug][gc,phases      ] GC(72)   StringTable Weak               Min:  0.0, Avg:  0.1, Max:  0.1, Diff:  0.1, Sum:  0.4, Workers: 4
[2653.421s][debug][gc,phases      ] GC(72)     Dead                           Min: 0, Avg:  0.0, Max: 0, Diff: 0, Sum: 0, Workers: 4
[2653.421s][debug][gc,phases      ] GC(72)     Total                          Min: 0, Avg: 11892.8, Max: 20351, Diff: 20351, Sum: 47571, Workers: 4
[2653.421s][debug][gc,phases      ] GC(72)   ResolvedMethodTable Weak       Min:  0.0, Avg:  0.0, Max:  0.0, Diff:  0.0, Sum:  0.1, Workers: 4
[2653.421s][debug][gc,phases      ] GC(72)     Dead                           Min: 0, Avg:  4.0, Max: 16, Diff: 16, Sum: 16, Workers: 4
[2653.421s][debug][gc,phases      ] GC(72)     Total                          Min: 0, Avg: 3844.5, Max: 6619, Diff: 6619, Sum: 15378, Workers: 4
[2653.421s][debug][gc,phases      ] GC(72)   JNI Weak                       Min:  0.0, Avg:  0.0, Max:  0.0, Diff:  0.0, Sum:  0.0, Workers: 4
[2653.421s][debug][gc,phases      ] GC(72)     Dead                           Min: 0, Avg:  0.0, Max: 0, Diff: 0, Sum: 0, Workers: 4
[2653.421s][debug][gc,phases      ] GC(72)     Total                          Min: 0, Avg: 13.0, Max: 52, Diff: 52, Sum: 52, Workers: 4
[2653.421s][debug][gc,phases      ] GC(72)   StringDedup Table Weak         Min:  0.0, Avg:  0.0, Max:  0.0, Diff:  0.0, Sum:  0.0, Workers: 4
[2653.421s][debug][gc,phases      ] GC(72)     Dead                           Min: 0, Avg:  0.0, Max: 0, Diff: 0, Sum: 0, Workers: 4
[2653.421s][debug][gc,phases      ] GC(72)     Total                          Min: 0, Avg:  0.0, Max: 0, Diff: 0, Sum: 0, Workers: 4
[2653.421s][debug][gc,phases      ] GC(72)   StringDedup Requests0 Weak     Min:  0.0, Avg:  0.0, Max:  0.0, Diff:  0.0, Sum:  0.0, Workers: 4
[2653.421s][debug][gc,phases      ] GC(72)     Dead                           Min: 0, Avg:  0.0, Max: 0, Diff: 0, Sum: 0, Workers: 4
[2653.421s][debug][gc,phases      ] GC(72)     Total                          Min: 0, Avg:  0.0, Max: 0, Diff: 0, Sum: 0, Workers: 4
[2653.421s][debug][gc,phases      ] GC(72)   StringDedup Requests1 Weak     Min:  0.0, Avg:  0.0, Max:  0.0, Diff:  0.0, Sum:  0.0, Workers: 4
[2653.421s][debug][gc,phases      ] GC(72)     Dead                           Min: 0, Avg:  0.0, Max: 0, Diff: 0, Sum: 0, Workers: 4
[2653.421s][debug][gc,phases      ] GC(72)     Total                          Min: 0, Avg:  0.0, Max: 0, Diff: 0, Sum: 0, Workers: 4
[2653.421s][debug][gc,phases      ] GC(72)   Weak JFR Old Object Samples    Min:  0.0, Avg:  0.0, Max:  0.0, Diff:  0.0, Sum:  0.0, Workers: 4
[2653.421s][debug][gc,phases      ] GC(72)     Dead                           Min: 0, Avg:  0.0, Max: 0, Diff: 0, Sum: 0, Workers: 4
[2653.421s][debug][gc,phases      ] GC(72)     Total                          Min: 0, Avg:  0.0, Max: 0, Diff: 0, Sum: 0, Workers: 4
[2653.421s][debug][gc,phases      ] GC(72) Weak Processing 0.362ms
[2653.421s][debug][gc,age         ] GC(72) Desired survivor size 39321600 bytes, new threshold 1 (max threshold 15)
[2653.421s][info ][gc,heap        ] GC(72) PSYoungGen: 2028144K(2058240K)->2352K(2055680K) Eden: 2016768K(2016768K)->0K(2016768K) From: 11376K(41472K)->2352K(38912K)
[2653.421s][info ][gc,heap        ] GC(72) ParOldGen: 323653K(570368K)->333921K(570368K)
[2653.421s][info ][gc,metaspace   ] GC(72) Metaspace: 109757K(111040K)->109757K(111040K) NonClass: 93312K(94016K)->93312K(94016K) Class: 16444K(17024K)->16444K(17024K)
[2653.421s][info ][gc             ] GC(72) Pause Young (Allocation Failure) 2296M->328M(2564M) 4.856ms
[2653.421s][info ][gc,cpu         ] GC(72) User=0.01s Sys=0.00s Real=0.01s
[2653.421s][info ][safepoint      ] Safepoint "ParallelGCFailedAllocation", Time since last: 18788150668 ns, Reaching safepoint: 75800 ns, Cleanup: 3600 ns, At safepoint: 4921843 ns, Total: 5001243 ns
[2677.434s][info ][safepoint      ] Safepoint "Cleanup", Time since last: 24013407915 ns, Reaching safepoint: 6100 ns, Cleanup: 9000 ns, At safepoint: 2100 ns, Total: 17200 ns
[2682.435s][info ][safepoint      ] Safepoint "Cleanup", Time since last: 5000399573 ns, Reaching safepoint: 6000 ns, Cleanup: 10001 ns, At safepoint: 1700 ns, Total: 17701 ns
[2684.435s][info ][safepoint      ] Safepoint "Cleanup", Time since last: 2000205123 ns, Reaching safepoint: 5601 ns, Cleanup: 9400 ns, At safepoint: 2000 ns, Total: 17001 ns
[2685.435s][info ][safepoint      ] Safepoint "Cleanup", Time since last: 1000099325 ns, Reaching safepoint: 4800 ns, Cleanup: 10900 ns, At safepoint: 1900 ns, Total: 17600 ns
[2697.436s][info ][safepoint      ] Safepoint "Cleanup", Time since last: 12001066896 ns, Reaching safepoint: 6500 ns, Cleanup: 8300 ns, At safepoint: 1700 ns, Total: 16500 ns
[2704.893s][info ][gc,start       ] GC(73) Pause Young (Allocation Failure)
[2704.895s][debug][gc,phases      ] GC(73) Scavenge 1.912ms
[2704.895s][debug][gc,ref         ] GC(73) ReferenceProcessor::execute queues: 1, RefProcThreadModel::Single, marks_oops_alive: false
[2704.895s][debug][gc,ref         ] GC(73) Skipped KeepAliveFinalRefsPhase of Reference Processing: no references
[2704.895s][debug][gc,ref         ] GC(73) Skipped PhantomRefsPhase of Reference Processing: no references
[2704.895s][debug][gc,phases      ] GC(73) Reference Processing 0.090ms
[2704.895s][debug][gc,phases      ] GC(73)   VM Weak                        Min:  0.0, Avg:  0.0, Max:  0.0, Diff:  0.0, Sum:  0.0, Workers: 4
[2704.895s][debug][gc,phases      ] GC(73)     Dead                           Min: 0, Avg:  0.0, Max: 0, Diff: 0, Sum: 0, Workers: 4
[2704.895s][debug][gc,phases      ] GC(73)     Total                          Min: 0, Avg: 243.0, Max: 512, Diff: 512, Sum: 972, Workers: 4
[2704.895s][debug][gc,phases      ] GC(73)   ObjectSynchronizer Weak        Min:  0.0, Avg:  0.0, Max:  0.0, Diff:  0.0, Sum:  0.0, Workers: 4
[2704.895s][debug][gc,phases      ] GC(73)     Dead                           Min: 0, Avg:  0.0, Max: 0, Diff: 0, Sum: 0, Workers: 4
[2704.895s][debug][gc,phases      ] GC(73)     Total                          Min: 0, Avg:  0.8, Max: 3, Diff: 3, Sum: 3, Workers: 4
[2704.895s][debug][gc,phases      ] GC(73)   JVMTI Tag Weak OopStorage      Min:  0.0, Avg:  0.0, Max:  0.0, Diff:  0.0, Sum:  0.0, Workers: 4
[2704.895s][debug][gc,phases      ] GC(73)     Dead                           Min: 0, Avg:  0.0, Max: 0, Diff: 0, Sum: 0, Workers: 4
[2704.895s][debug][gc,phases      ] GC(73)     Total                          Min: 0, Avg:  0.0, Max: 0, Diff: 0, Sum: 0, Workers: 4
[2704.895s][debug][gc,phases      ] GC(73)   StringTable Weak               Min:  0.0, Avg:  0.1, Max:  0.1, Diff:  0.1, Sum:  0.4, Workers: 4
[2704.895s][debug][gc,phases      ] GC(73)     Dead                           Min: 0, Avg:  0.0, Max: 0, Diff: 0, Sum: 0, Workers: 4
[2704.895s][debug][gc,phases      ] GC(73)     Total                          Min: 0, Avg: 11895.0, Max: 20125, Diff: 20125, Sum: 47580, Workers: 4
[2704.895s][debug][gc,phases      ] GC(73)   ResolvedMethodTable Weak       Min:  0.0, Avg:  0.0, Max:  0.0, Diff:  0.0, Sum:  0.1, Workers: 4
[2704.895s][debug][gc,phases      ] GC(73)     Dead                           Min: 0, Avg:  4.0, Max: 16, Diff: 16, Sum: 16, Workers: 4
[2704.895s][debug][gc,phases      ] GC(73)     Total                          Min: 0, Avg: 3844.5, Max: 6560, Diff: 6560, Sum: 15378, Workers: 4
[2704.895s][debug][gc,phases      ] GC(73)   JNI Weak                       Min:  0.0, Avg:  0.0, Max:  0.0, Diff:  0.0, Sum:  0.0, Workers: 4
[2704.895s][debug][gc,phases      ] GC(73)     Dead                           Min: 0, Avg:  0.0, Max: 0, Diff: 0, Sum: 0, Workers: 4
[2704.895s][debug][gc,phases      ] GC(73)     Total                          Min: 0, Avg: 13.0, Max: 52, Diff: 52, Sum: 52, Workers: 4
[2704.895s][debug][gc,phases      ] GC(73)   StringDedup Table Weak         Min:  0.0, Avg:  0.0, Max:  0.0, Diff:  0.0, Sum:  0.0, Workers: 4
[2704.895s][debug][gc,phases      ] GC(73)     Dead                           Min: 0, Avg:  0.0, Max: 0, Diff: 0, Sum: 0, Workers: 4
[2704.895s][debug][gc,phases      ] GC(73)     Total                          Min: 0, Avg:  0.0, Max: 0, Diff: 0, Sum: 0, Workers: 4
[2704.895s][debug][gc,phases      ] GC(73)   StringDedup Requests0 Weak     Min:  0.0, Avg:  0.0, Max:  0.0, Diff:  0.0, Sum:  0.0, Workers: 4
[2704.895s][debug][gc,phases      ] GC(73)     Dead                           Min: 0, Avg:  0.0, Max: 0, Diff: 0, Sum: 0, Workers: 4
[2704.895s][debug][gc,phases      ] GC(73)     Total                          Min: 0, Avg:  0.0, Max: 0, Diff: 0, Sum: 0, Workers: 4
[2704.895s][debug][gc,phases      ] GC(73)   StringDedup Requests1 Weak     Min:  0.0, Avg:  0.0, Max:  0.0, Diff:  0.0, Sum:  0.0, Workers: 4
[2704.895s][debug][gc,phases      ] GC(73)     Dead                           Min: 0, Avg:  0.0, Max: 0, Diff: 0, Sum: 0, Workers: 4
[2704.895s][debug][gc,phases      ] GC(73)     Total                          Min: 0, Avg:  0.0, Max: 0, Diff: 0, Sum: 0, Workers: 4
[2704.895s][debug][gc,phases      ] GC(73)   Weak JFR Old Object Samples    Min:  0.0, Avg:  0.0, Max:  0.0, Diff:  0.0, Sum:  0.0, Workers: 4
[2704.895s][debug][gc,phases      ] GC(73)     Dead                           Min: 0, Avg:  0.0, Max: 0, Diff: 0, Sum: 0, Workers: 4
[2704.895s][debug][gc,phases      ] GC(73)     Total                          Min: 0, Avg:  0.0, Max: 0, Diff: 0, Sum: 0, Workers: 4
[2704.895s][debug][gc,phases      ] GC(73) Weak Processing 0.374ms
[2704.895s][debug][gc,age         ] GC(73) Desired survivor size 38273024 bytes, new threshold 1 (max threshold 15)
[2704.895s][info ][gc,heap        ] GC(73) PSYoungGen: 2019120K(2055680K)->2288K(2059776K) Eden: 2016768K(2016768K)->0K(2021376K) From: 2352K(38912K)->2288K(38400K)
[2704.895s][info ][gc,heap        ] GC(73) ParOldGen: 333921K(570368K)->334882K(570368K)
[2704.895s][info ][gc,metaspace   ] GC(73) Metaspace: 109762K(111040K)->109762K(111040K) NonClass: 93317K(94016K)->93317K(94016K) Class: 16444K(17024K)->16444K(17024K)
[2704.895s][info ][gc             ] GC(73) Pause Young (Allocation Failure) 2297M->329M(2568M) 2.470ms
[2704.895s][info ][gc,cpu         ] GC(73) User=0.01s Sys=0.00s Real=0.00s
[2704.895s][info ][safepoint      ] Safepoint "ParallelGCFailedAllocation", Time since last: 7456889782 ns, Reaching safepoint: 5100 ns, Cleanup: 3400 ns, At safepoint: 2539323 ns, Total: 2547823 ns
[2714.896s][info ][safepoint      ] Safepoint "Cleanup", Time since last: 10000708553 ns, Reaching safepoint: 5000 ns, Cleanup: 12200 ns, At safepoint: 2200 ns, Total: 19400 ns
[2741.901s][info ][safepoint      ] Safepoint "Cleanup", Time since last: 27004426726 ns, Reaching safepoint: 8200 ns, Cleanup: 8700 ns, At safepoint: 2000 ns, Total: 18900 ns
[2745.902s][info ][safepoint      ] Safepoint "Cleanup", Time since last: 4001721532 ns, Reaching safepoint: 7000 ns, Cleanup: 9000 ns, At safepoint: 2200 ns, Total: 18200 ns
[2751.903s][info ][safepoint      ] Safepoint "Cleanup", Time since last: 6000452182 ns, Reaching safepoint: 6000 ns, Cleanup: 11200 ns, At safepoint: 2100 ns, Total: 19300 ns
[2756.193s][info ][gc,start       ] GC(74) Pause Young (Allocation Failure)
[2756.195s][debug][gc,phases      ] GC(74) Scavenge 2.036ms
[2756.195s][debug][gc,ref         ] GC(74) ReferenceProcessor::execute queues: 1, RefProcThreadModel::Single, marks_oops_alive: false
[2756.195s][debug][gc,ref         ] GC(74) Skipped KeepAliveFinalRefsPhase of Reference Processing: no references
[2756.195s][debug][gc,ref         ] GC(74) ReferenceProcessor::execute queues: 1, RefProcThreadModel::Single, marks_oops_alive: false
[2756.195s][debug][gc,phases      ] GC(74) Reference Processing 0.100ms
[2756.195s][debug][gc,phases      ] GC(74)   VM Weak                        Min:  0.0, Avg:  0.0, Max:  0.0, Diff:  0.0, Sum:  0.0, Workers: 4
[2756.195s][debug][gc,phases      ] GC(74)     Dead                           Min: 0, Avg:  0.0, Max: 0, Diff: 0, Sum: 0, Workers: 4
[2756.195s][debug][gc,phases      ] GC(74)     Total                          Min: 0, Avg: 243.0, Max: 844, Diff: 844, Sum: 972, Workers: 4
[2756.195s][debug][gc,phases      ] GC(74)   ObjectSynchronizer Weak        Min:  0.0, Avg:  0.0, Max:  0.0, Diff:  0.0, Sum:  0.0, Workers: 4
[2756.195s][debug][gc,phases      ] GC(74)     Dead                           Min: 0, Avg:  0.0, Max: 0, Diff: 0, Sum: 0, Workers: 4
[2756.195s][debug][gc,phases      ] GC(74)     Total                          Min: 0, Avg:  0.8, Max: 3, Diff: 3, Sum: 3, Workers: 4
[2756.195s][debug][gc,phases      ] GC(74)   JVMTI Tag Weak OopStorage      Min:  0.0, Avg:  0.0, Max:  0.0, Diff:  0.0, Sum:  0.0, Workers: 4
[2756.195s][debug][gc,phases      ] GC(74)     Dead                           Min: 0, Avg:  0.0, Max: 0, Diff: 0, Sum: 0, Workers: 4
[2756.195s][debug][gc,phases      ] GC(74)     Total                          Min: 0, Avg:  0.0, Max: 0, Diff: 0, Sum: 0, Workers: 4
[2756.195s][debug][gc,phases      ] GC(74)   StringTable Weak               Min:  0.1, Avg:  0.1, Max:  0.1, Diff:  0.0, Sum:  0.5, Workers: 4
[2756.195s][debug][gc,phases      ] GC(74)     Dead                           Min: 0, Avg:  0.2, Max: 1, Diff: 1, Sum: 1, Workers: 4
[2756.195s][debug][gc,phases      ] GC(74)     Total                          Min: 11776, Avg: 11897.2, Max: 12095, Diff: 319, Sum: 47589, Workers: 4
[2756.195s][debug][gc,phases      ] GC(74)   ResolvedMethodTable Weak       Min:  0.0, Avg:  0.0, Max:  0.0, Diff:  0.0, Sum:  0.2, Workers: 4
[2756.195s][debug][gc,phases      ] GC(74)     Dead                           Min: 0, Avg:  4.0, Max: 16, Diff: 16, Sum: 16, Workers: 4
[2756.195s][debug][gc,phases      ] GC(74)     Total                          Min: 3815, Avg: 3845.2, Max: 3906, Diff: 91, Sum: 15381, Workers: 4
[2756.195s][debug][gc,phases      ] GC(74)   JNI Weak                       Min:  0.0, Avg:  0.0, Max:  0.0, Diff:  0.0, Sum:  0.0, Workers: 4
[2756.195s][debug][gc,phases      ] GC(74)     Dead                           Min: 0, Avg:  0.0, Max: 0, Diff: 0, Sum: 0, Workers: 4
[2756.195s][debug][gc,phases      ] GC(74)     Total                          Min: 0, Avg: 13.0, Max: 52, Diff: 52, Sum: 52, Workers: 4
[2756.195s][debug][gc,phases      ] GC(74)   StringDedup Table Weak         Min:  0.0, Avg:  0.0, Max:  0.0, Diff:  0.0, Sum:  0.0, Workers: 4
[2756.195s][debug][gc,phases      ] GC(74)     Dead                           Min: 0, Avg:  0.0, Max: 0, Diff: 0, Sum: 0, Workers: 4
[2756.195s][debug][gc,phases      ] GC(74)     Total                          Min: 0, Avg:  0.0, Max: 0, Diff: 0, Sum: 0, Workers: 4
[2756.195s][debug][gc,phases      ] GC(74)   StringDedup Requests0 Weak     Min:  0.0, Avg:  0.0, Max:  0.0, Diff:  0.0, Sum:  0.0, Workers: 4
[2756.195s][debug][gc,phases      ] GC(74)     Dead                           Min: 0, Avg:  0.0, Max: 0, Diff: 0, Sum: 0, Workers: 4
[2756.195s][debug][gc,phases      ] GC(74)     Total                          Min: 0, Avg:  0.0, Max: 0, Diff: 0, Sum: 0, Workers: 4
[2756.195s][debug][gc,phases      ] GC(74)   StringDedup Requests1 Weak     Min:  0.0, Avg:  0.0, Max:  0.0, Diff:  0.0, Sum:  0.0, Workers: 4
[2756.195s][debug][gc,phases      ] GC(74)     Dead                           Min: 0, Avg:  0.0, Max: 0, Diff: 0, Sum: 0, Workers: 4
[2756.195s][debug][gc,phases      ] GC(74)     Total                          Min: 0, Avg:  0.0, Max: 0, Diff: 0, Sum: 0, Workers: 4
[2756.195s][debug][gc,phases      ] GC(74)   Weak JFR Old Object Samples    Min:  0.0, Avg:  0.0, Max:  0.0, Diff:  0.0, Sum:  0.0, Workers: 4
[2756.195s][debug][gc,phases      ] GC(74)     Dead                           Min: 0, Avg:  0.0, Max: 0, Diff: 0, Sum: 0, Workers: 4
[2756.195s][debug][gc,phases      ] GC(74)     Total                          Min: 0, Avg:  0.0, Max: 0, Diff: 0, Sum: 0, Workers: 4
[2756.195s][debug][gc,phases      ] GC(74) Weak Processing 0.327ms
[2756.195s][debug][gc,age         ] GC(74) Desired survivor size 37224448 bytes, new threshold 1 (max threshold 15)
[2756.195s][info ][gc,heap        ] GC(74) PSYoungGen: 2023664K(2059776K)->2304K(2058752K) Eden: 2021376K(2021376K)->0K(2021376K) From: 2288K(38400K)->2304K(37376K)
[2756.195s][info ][gc,heap        ] GC(74) ParOldGen: 334882K(570368K)->335638K(570368K)
[2756.195s][info ][gc,metaspace   ] GC(74) Metaspace: 109815K(111104K)->109815K(111104K) NonClass: 93364K(94080K)->93364K(94080K) Class: 16451K(17024K)->16451K(17024K)
[2756.195s][info ][gc             ] GC(74) Pause Young (Allocation Failure) 2303M->330M(2567M) 2.552ms
[2756.195s][info ][gc,cpu         ] GC(74) User=0.01s Sys=0.00s Real=0.00s
[2756.195s][info ][safepoint      ] Safepoint "ParallelGCFailedAllocation", Time since last: 4289784087 ns, Reaching safepoint: 5700 ns, Cleanup: 3300 ns, At safepoint: 2606223 ns, Total: 2615223 ns
[2760.196s][info ][safepoint      ] Safepoint "Cleanup", Time since last: 4000286920 ns, Reaching safepoint: 5900 ns, Cleanup: 9100 ns, At safepoint: 1900 ns, Total: 16900 ns
[2761.196s][info ][safepoint      ] Safepoint "Cleanup", Time since last: 1000107205 ns, Reaching safepoint: 5900 ns, Cleanup: 7800 ns, At safepoint: 2100 ns, Total: 15800 ns
[2767.196s][info ][safepoint      ] Safepoint "Cleanup", Time since last: 6000450630 ns, Reaching safepoint: 6200 ns, Cleanup: 11400 ns, At safepoint: 2301 ns, Total: 19901 ns
[2772.197s][info ][safepoint      ] Safepoint "Cleanup", Time since last: 5000411625 ns, Reaching safepoint: 7800 ns, Cleanup: 11300 ns, At safepoint: 2300 ns, Total: 21400 ns
[2803.199s][info ][safepoint      ] Safepoint "Cleanup", Time since last: 31002263638 ns, Reaching safepoint: 5400 ns, Cleanup: 7900 ns, At safepoint: 1900 ns, Total: 15200 ns
[2806.916s][info ][gc,start       ] GC(75) Pause Young (Allocation Failure)
[2806.918s][debug][gc,phases      ] GC(75) Scavenge 2.401ms
[2806.918s][debug][gc,ref         ] GC(75) ReferenceProcessor::execute queues: 1, RefProcThreadModel::Single, marks_oops_alive: false
[2806.918s][debug][gc,ref         ] GC(75) Skipped KeepAliveFinalRefsPhase of Reference Processing: no references
[2806.918s][debug][gc,ref         ] GC(75) Skipped PhantomRefsPhase of Reference Processing: no references
[2806.918s][debug][gc,phases      ] GC(75) Reference Processing 0.097ms
[2806.918s][debug][gc,phases      ] GC(75)   VM Weak                        Min:  0.0, Avg:  0.0, Max:  0.0, Diff:  0.0, Sum:  0.0, Workers: 4
[2806.918s][debug][gc,phases      ] GC(75)     Dead                           Min: 0, Avg:  0.0, Max: 0, Diff: 0, Sum: 0, Workers: 4
[2806.918s][debug][gc,phases      ] GC(75)     Total                          Min: 0, Avg: 243.0, Max: 960, Diff: 960, Sum: 972, Workers: 4
[2806.918s][debug][gc,phases      ] GC(75)   ObjectSynchronizer Weak        Min:  0.0, Avg:  0.0, Max:  0.0, Diff:  0.0, Sum:  0.0, Workers: 4
[2806.918s][debug][gc,phases      ] GC(75)     Dead                           Min: 0, Avg:  0.0, Max: 0, Diff: 0, Sum: 0, Workers: 4
[2806.918s][debug][gc,phases      ] GC(75)     Total                          Min: 0, Avg:  0.8, Max: 3, Diff: 3, Sum: 3, Workers: 4
[2806.918s][debug][gc,phases      ] GC(75)   JVMTI Tag Weak OopStorage      Min:  0.0, Avg:  0.0, Max:  0.0, Diff:  0.0, Sum:  0.0, Workers: 4
[2806.918s][debug][gc,phases      ] GC(75)     Dead                           Min: 0, Avg:  0.0, Max: 0, Diff: 0, Sum: 0, Workers: 4
[2806.918s][debug][gc,phases      ] GC(75)     Total                          Min: 0, Avg:  0.0, Max: 0, Diff: 0, Sum: 0, Workers: 4
[2806.918s][debug][gc,phases      ] GC(75)   StringTable Weak               Min:  0.0, Avg:  0.1, Max:  0.1, Diff:  0.1, Sum:  0.4, Workers: 4
[2806.918s][debug][gc,phases      ] GC(75)     Dead                           Min: 0, Avg:  0.0, Max: 0, Diff: 0, Sum: 0, Workers: 4
[2806.918s][debug][gc,phases      ] GC(75)     Total                          Min: 0, Avg: 11897.2, Max: 20774, Diff: 20774, Sum: 47589, Workers: 4
[2806.918s][debug][gc,phases      ] GC(75)   ResolvedMethodTable Weak       Min:  0.0, Avg:  0.0, Max:  0.0, Diff:  0.0, Sum:  0.1, Workers: 4
[2806.918s][debug][gc,phases      ] GC(75)     Dead                           Min: 0, Avg:  4.0, Max: 16, Diff: 16, Sum: 16, Workers: 4
[2806.918s][debug][gc,phases      ] GC(75)     Total                          Min: 0, Avg: 3845.2, Max: 6721, Diff: 6721, Sum: 15381, Workers: 4
[2806.918s][debug][gc,phases      ] GC(75)   JNI Weak                       Min:  0.0, Avg:  0.0, Max:  0.0, Diff:  0.0, Sum:  0.0, Workers: 4
[2806.918s][debug][gc,phases      ] GC(75)     Dead                           Min: 0, Avg:  0.0, Max: 0, Diff: 0, Sum: 0, Workers: 4
[2806.918s][debug][gc,phases      ] GC(75)     Total                          Min: 0, Avg: 13.0, Max: 52, Diff: 52, Sum: 52, Workers: 4
[2806.918s][debug][gc,phases      ] GC(75)   StringDedup Table Weak         Min:  0.0, Avg:  0.0, Max:  0.0, Diff:  0.0, Sum:  0.0, Workers: 4
[2806.918s][debug][gc,phases      ] GC(75)     Dead                           Min: 0, Avg:  0.0, Max: 0, Diff: 0, Sum: 0, Workers: 4
[2806.918s][debug][gc,phases      ] GC(75)     Total                          Min: 0, Avg:  0.0, Max: 0, Diff: 0, Sum: 0, Workers: 4
[2806.918s][debug][gc,phases      ] GC(75)   StringDedup Requests0 Weak     Min:  0.0, Avg:  0.0, Max:  0.0, Diff:  0.0, Sum:  0.0, Workers: 4
[2806.918s][debug][gc,phases      ] GC(75)     Dead                           Min: 0, Avg:  0.0, Max: 0, Diff: 0, Sum: 0, Workers: 4
[2806.918s][debug][gc,phases      ] GC(75)     Total                          Min: 0, Avg:  0.0, Max: 0, Diff: 0, Sum: 0, Workers: 4
[2806.918s][debug][gc,phases      ] GC(75)   StringDedup Requests1 Weak     Min:  0.0, Avg:  0.0, Max:  0.0, Diff:  0.0, Sum:  0.0, Workers: 4
[2806.918s][debug][gc,phases      ] GC(75)     Dead                           Min: 0, Avg:  0.0, Max: 0, Diff: 0, Sum: 0, Workers: 4
[2806.918s][debug][gc,phases      ] GC(75)     Total                          Min: 0, Avg:  0.0, Max: 0, Diff: 0, Sum: 0, Workers: 4
[2806.918s][debug][gc,phases      ] GC(75)   Weak JFR Old Object Samples    Min:  0.0, Avg:  0.0, Max:  0.0, Diff:  0.0, Sum:  0.0, Workers: 4
[2806.918s][debug][gc,phases      ] GC(75)     Dead                           Min: 0, Avg:  0.0, Max: 0, Diff: 0, Sum: 0, Workers: 4
[2806.918s][debug][gc,phases      ] GC(75)     Total                          Min: 0, Avg:  0.0, Max: 0, Diff: 0, Sum: 0, Workers: 4
[2806.918s][debug][gc,phases      ] GC(75) Weak Processing 0.370ms
[2806.918s][debug][gc,age         ] GC(75) Desired survivor size 36175872 bytes, new threshold 1 (max threshold 15)
[2806.918s][info ][gc,heap        ] GC(75) PSYoungGen: 2023680K(2058752K)->2448K(2061824K) Eden: 2021376K(2021376K)->0K(2025472K) From: 2304K(37376K)->2448K(36352K)
[2806.918s][info ][gc,heap        ] GC(75) ParOldGen: 335638K(570368K)->336302K(570368K)
[2806.918s][info ][gc,metaspace   ] GC(75) Metaspace: 109845K(111104K)->109845K(111104K) NonClass: 93394K(94080K)->93394K(94080K) Class: 16451K(17024K)->16451K(17024K)
[2806.919s][info ][gc             ] GC(75) Pause Young (Allocation Failure) 2304M->330M(2570M) 2.965ms
[2806.919s][info ][gc,cpu         ] GC(75) User=0.01s Sys=0.00s Real=0.00s
[2806.919s][info ][safepoint      ] Safepoint "ParallelGCFailedAllocation", Time since last: 3716562033 ns, Reaching safepoint: 91701 ns, Cleanup: 6000 ns, At safepoint: 3033426 ns, Total: 3131127 ns
[2814.919s][info ][safepoint      ] Safepoint "Cleanup", Time since last: 8000607695 ns, Reaching safepoint: 76400 ns, Cleanup: 29501 ns, At safepoint: 5500 ns, Total: 111401 ns
[2820.920s][info ][safepoint      ] Safepoint "Cleanup", Time since last: 6000470150 ns, Reaching safepoint: 76701 ns, Cleanup: 11400 ns, At safepoint: 5400 ns, Total: 93501 ns
[2825.920s][info ][safepoint      ] Safepoint "Cleanup", Time since last: 5000363549 ns, Reaching safepoint: 77601 ns, Cleanup: 6700 ns, At safepoint: 5400 ns, Total: 89701 ns
[2831.921s][info ][safepoint      ] Safepoint "Cleanup", Time since last: 6000460733 ns, Reaching safepoint: 5100 ns, Cleanup: 8500 ns, At safepoint: 1900 ns, Total: 15500 ns
[2833.921s][info ][safepoint      ] Safepoint "Cleanup", Time since last: 2000169672 ns, Reaching safepoint: 80300 ns, Cleanup: 9200 ns, At safepoint: 6400 ns, Total: 95900 ns
[2835.921s][info ][safepoint      ] Safepoint "Cleanup", Time since last: 2000172372 ns, Reaching safepoint: 5000 ns, Cleanup: 7200 ns, At safepoint: 2000 ns, Total: 14200 ns
[2840.922s][info ][safepoint      ] Safepoint "Cleanup", Time since last: 5000385170 ns, Reaching safepoint: 78400 ns, Cleanup: 6800 ns, At safepoint: 6100 ns, Total: 91300 ns
[2841.922s][info ][safepoint      ] Safepoint "Cleanup", Time since last: 1000132995 ns, Reaching safepoint: 80201 ns, Cleanup: 10100 ns, At safepoint: 6200 ns, Total: 96501 ns
[2843.922s][info ][safepoint      ] Safepoint "Cleanup", Time since last: 2000197089 ns, Reaching safepoint: 79901 ns, Cleanup: 15500 ns, At safepoint: 7900 ns, Total: 103301 ns
[2847.923s][info ][safepoint      ] Safepoint "Cleanup", Time since last: 4000332986 ns, Reaching safepoint: 6001 ns, Cleanup: 8400 ns, At safepoint: 2000 ns, Total: 16401 ns
[2856.925s][info ][gc,start       ] GC(76) Pause Young (Allocation Failure)
[2856.927s][debug][gc,phases      ] GC(76) Scavenge 2.196ms
[2856.927s][debug][gc,ref         ] GC(76) ReferenceProcessor::execute queues: 1, RefProcThreadModel::Single, marks_oops_alive: false
[2856.927s][debug][gc,ref         ] GC(76) Skipped KeepAliveFinalRefsPhase of Reference Processing: no references
[2856.927s][debug][gc,ref         ] GC(76) ReferenceProcessor::execute queues: 1, RefProcThreadModel::Single, marks_oops_alive: false
[2856.927s][debug][gc,phases      ] GC(76) Reference Processing 0.100ms
[2856.927s][debug][gc,phases      ] GC(76)   VM Weak                        Min:  0.0, Avg:  0.0, Max:  0.0, Diff:  0.0, Sum:  0.0, Workers: 4
[2856.927s][debug][gc,phases      ] GC(76)     Dead                           Min: 0, Avg:  0.0, Max: 0, Diff: 0, Sum: 0, Workers: 4
[2856.927s][debug][gc,phases      ] GC(76)     Total                          Min: 0, Avg: 243.0, Max: 576, Diff: 576, Sum: 972, Workers: 4
[2856.927s][debug][gc,phases      ] GC(76)   ObjectSynchronizer Weak        Min:  0.0, Avg:  0.0, Max:  0.0, Diff:  0.0, Sum:  0.0, Workers: 4
[2856.927s][debug][gc,phases      ] GC(76)     Dead                           Min: 0, Avg:  0.0, Max: 0, Diff: 0, Sum: 0, Workers: 4
[2856.927s][debug][gc,phases      ] GC(76)     Total                          Min: 0, Avg:  0.8, Max: 3, Diff: 3, Sum: 3, Workers: 4
[2856.927s][debug][gc,phases      ] GC(76)   JVMTI Tag Weak OopStorage      Min:  0.0, Avg:  0.0, Max:  0.0, Diff:  0.0, Sum:  0.0, Workers: 4
[2856.927s][debug][gc,phases      ] GC(76)     Dead                           Min: 0, Avg:  0.0, Max: 0, Diff: 0, Sum: 0, Workers: 4
[2856.927s][debug][gc,phases      ] GC(76)     Total                          Min: 0, Avg:  0.0, Max: 0, Diff: 0, Sum: 0, Workers: 4
[2856.927s][debug][gc,phases      ] GC(76)   StringTable Weak               Min:  0.0, Avg:  0.1, Max:  0.1, Diff:  0.1, Sum:  0.4, Workers: 4
[2856.927s][debug][gc,phases      ] GC(76)     Dead                           Min: 0, Avg:  0.2, Max: 1, Diff: 1, Sum: 1, Workers: 4
[2856.927s][debug][gc,phases      ] GC(76)     Total                          Min: 0, Avg: 11899.2, Max: 20991, Diff: 20991, Sum: 47597, Workers: 4
[2856.927s][debug][gc,phases      ] GC(76)   ResolvedMethodTable Weak       Min:  0.0, Avg:  0.0, Max:  0.0, Diff:  0.0, Sum:  0.1, Workers: 4
[2856.927s][debug][gc,phases      ] GC(76)     Dead                           Min: 0, Avg:  4.8, Max: 19, Diff: 19, Sum: 19, Workers: 4
[2856.927s][debug][gc,phases      ] GC(76)     Total                          Min: 0, Avg: 3848.0, Max: 6428, Diff: 6428, Sum: 15392, Workers: 4
[2856.927s][debug][gc,phases      ] GC(76)   JNI Weak                       Min:  0.0, Avg:  0.0, Max:  0.0, Diff:  0.0, Sum:  0.0, Workers: 4
[2856.927s][debug][gc,phases      ] GC(76)     Dead                           Min: 0, Avg:  0.0, Max: 0, Diff: 0, Sum: 0, Workers: 4
[2856.927s][debug][gc,phases      ] GC(76)     Total                          Min: 0, Avg: 13.0, Max: 52, Diff: 52, Sum: 52, Workers: 4
[2856.927s][debug][gc,phases      ] GC(76)   StringDedup Table Weak         Min:  0.0, Avg:  0.0, Max:  0.0, Diff:  0.0, Sum:  0.0, Workers: 4
[2856.927s][debug][gc,phases      ] GC(76)     Dead                           Min: 0, Avg:  0.0, Max: 0, Diff: 0, Sum: 0, Workers: 4
[2856.927s][debug][gc,phases      ] GC(76)     Total                          Min: 0, Avg:  0.0, Max: 0, Diff: 0, Sum: 0, Workers: 4
[2856.927s][debug][gc,phases      ] GC(76)   StringDedup Requests0 Weak     Min:  0.0, Avg:  0.0, Max:  0.0, Diff:  0.0, Sum:  0.0, Workers: 4
[2856.927s][debug][gc,phases      ] GC(76)     Dead                           Min: 0, Avg:  0.0, Max: 0, Diff: 0, Sum: 0, Workers: 4
[2856.927s][debug][gc,phases      ] GC(76)     Total                          Min: 0, Avg:  0.0, Max: 0, Diff: 0, Sum: 0, Workers: 4
[2856.927s][debug][gc,phases      ] GC(76)   StringDedup Requests1 Weak     Min:  0.0, Avg:  0.0, Max:  0.0, Diff:  0.0, Sum:  0.0, Workers: 4
[2856.927s][debug][gc,phases      ] GC(76)     Dead                           Min: 0, Avg:  0.0, Max: 0, Diff: 0, Sum: 0, Workers: 4
[2856.927s][debug][gc,phases      ] GC(76)     Total                          Min: 0, Avg:  0.0, Max: 0, Diff: 0, Sum: 0, Workers: 4
[2856.927s][debug][gc,phases      ] GC(76)   Weak JFR Old Object Samples    Min:  0.0, Avg:  0.0, Max:  0.0, Diff:  0.0, Sum:  0.0, Workers: 4
[2856.927s][debug][gc,phases      ] GC(76)     Dead                           Min: 0, Avg:  0.0, Max: 0, Diff: 0, Sum: 0, Workers: 4
[2856.927s][debug][gc,phases      ] GC(76)     Total                          Min: 0, Avg:  0.0, Max: 0, Diff: 0, Sum: 0, Workers: 4
[2856.927s][debug][gc,phases      ] GC(76) Weak Processing 0.377ms
[2856.927s][debug][gc,age         ] GC(76) Desired survivor size 34603008 bytes, new threshold 1 (max threshold 15)
[2856.927s][info ][gc,heap        ] GC(76) PSYoungGen: 2027920K(2061824K)->2896K(2060800K) Eden: 2025472K(2025472K)->0K(2025472K) From: 2448K(36352K)->2896K(35328K)
[2856.927s][info ][gc,heap        ] GC(76) ParOldGen: 336302K(570368K)->336854K(570368K)
[2856.927s][info ][gc,metaspace   ] GC(76) Metaspace: 109899K(111168K)->109899K(111168K) NonClass: 93444K(94144K)->93444K(94144K) Class: 16454K(17024K)->16454K(17024K)
[2856.927s][info ][gc             ] GC(76) Pause Young (Allocation Failure) 2308M->331M(2569M) 2.763ms
[2856.927s][info ][gc,cpu         ] GC(76) User=0.01s Sys=0.00s Real=0.00s
[2856.927s][info ][safepoint      ] Safepoint "ParallelGCFailedAllocation", Time since last: 9002024672 ns, Reaching safepoint: 5300 ns, Cleanup: 3100 ns, At safepoint: 2821024 ns, Total: 2829424 ns
[2860.928s][info ][safepoint      ] Safepoint "Cleanup", Time since last: 4000308784 ns, Reaching safepoint: 5300 ns, Cleanup: 7300 ns, At safepoint: 2100 ns, Total: 14700 ns
[2862.928s][info ][safepoint      ] Safepoint "Cleanup", Time since last: 2000165504 ns, Reaching safepoint: 5200 ns, Cleanup: 9500 ns, At safepoint: 1900 ns, Total: 16600 ns
[2869.928s][info ][safepoint      ] Safepoint "Cleanup", Time since last: 7000504395 ns, Reaching safepoint: 5300 ns, Cleanup: 8100 ns, At safepoint: 1900 ns, Total: 15300 ns
[2873.929s][info ][safepoint      ] Safepoint "Cleanup", Time since last: 4000306364 ns, Reaching safepoint: 5400 ns, Cleanup: 9700 ns, At safepoint: 1801 ns, Total: 16901 ns
[2874.929s][info ][safepoint      ] Safepoint "Cleanup", Time since last: 1000104591 ns, Reaching safepoint: 5600 ns, Cleanup: 7600 ns, At safepoint: 1700 ns, Total: 14900 ns
[2875.929s][info ][safepoint      ] Safepoint "Cleanup", Time since last: 1000098491 ns, Reaching safepoint: 5000 ns, Cleanup: 8701 ns, At safepoint: 1900 ns, Total: 15601 ns
[2881.929s][info ][safepoint      ] Safepoint "Cleanup", Time since last: 6000458903 ns, Reaching safepoint: 5500 ns, Cleanup: 10701 ns, At safepoint: 1900 ns, Total: 18101 ns
[2888.930s][info ][safepoint      ] Safepoint "Cleanup", Time since last: 7000539607 ns, Reaching safepoint: 6100 ns, Cleanup: 20901 ns, At safepoint: 2400 ns, Total: 29401 ns
[2889.930s][info ][safepoint      ] Safepoint "Cleanup", Time since last: 1000102101 ns, Reaching safepoint: 6700 ns, Cleanup: 9400 ns, At safepoint: 2200 ns, Total: 18300 ns
[2890.930s][info ][safepoint      ] Safepoint "Cleanup", Time since last: 1000101601 ns, Reaching safepoint: 5800 ns, Cleanup: 7801 ns, At safepoint: 2700 ns, Total: 16301 ns
[2891.930s][info ][safepoint      ] Safepoint "Cleanup", Time since last: 1000110201 ns, Reaching safepoint: 6000 ns, Cleanup: 9300 ns, At safepoint: 2400 ns, Total: 17700 ns
[2894.931s][info ][safepoint      ] Safepoint "Cleanup", Time since last: 3000267334 ns, Reaching safepoint: 5700 ns, Cleanup: 7900 ns, At safepoint: 2300 ns, Total: 15900 ns
[2895.931s][info ][safepoint      ] Safepoint "Cleanup", Time since last: 1000126275 ns, Reaching safepoint: 5800 ns, Cleanup: 14000 ns, At safepoint: 2000 ns, Total: 21800 ns
[2898.931s][info ][safepoint      ] Safepoint "Cleanup", Time since last: 3000236724 ns, Reaching safepoint: 5100 ns, Cleanup: 9000 ns, At safepoint: 2000 ns, Total: 16100 ns
[2900.931s][info ][safepoint      ] Safepoint "Cleanup", Time since last: 2000168866 ns, Reaching safepoint: 6000 ns, Cleanup: 13900 ns, At safepoint: 2000 ns, Total: 21900 ns
[2902.931s][info ][safepoint      ] Safepoint "Cleanup", Time since last: 2000177202 ns, Reaching safepoint: 7100 ns, Cleanup: 8200 ns, At safepoint: 2700 ns, Total: 18000 ns
[2903.818s][info ][gc,start       ] GC(77) Pause Young (Allocation Failure)
[2903.823s][debug][gc,phases      ] GC(77) Scavenge 4.804ms
[2903.823s][debug][gc,ref         ] GC(77) ReferenceProcessor::execute queues: 1, RefProcThreadModel::Single, marks_oops_alive: false
[2903.823s][debug][gc,ref         ] GC(77) Skipped KeepAliveFinalRefsPhase of Reference Processing: no references
[2903.823s][debug][gc,ref         ] GC(77) ReferenceProcessor::execute queues: 1, RefProcThreadModel::Single, marks_oops_alive: false
[2903.823s][debug][gc,phases      ] GC(77) Reference Processing 0.094ms
[2903.823s][debug][gc,phases      ] GC(77)   VM Weak                        Min:  0.0, Avg:  0.0, Max:  0.0, Diff:  0.0, Sum:  0.0, Workers: 4
[2903.823s][debug][gc,phases      ] GC(77)     Dead                           Min: 0, Avg:  0.0, Max: 0, Diff: 0, Sum: 0, Workers: 4
[2903.823s][debug][gc,phases      ] GC(77)     Total                          Min: 0, Avg: 243.0, Max: 576, Diff: 576, Sum: 972, Workers: 4
[2903.823s][debug][gc,phases      ] GC(77)   ObjectSynchronizer Weak        Min:  0.0, Avg:  0.0, Max:  0.0, Diff:  0.0, Sum:  0.0, Workers: 4
[2903.823s][debug][gc,phases      ] GC(77)     Dead                           Min: 0, Avg:  0.0, Max: 0, Diff: 0, Sum: 0, Workers: 4
[2903.823s][debug][gc,phases      ] GC(77)     Total                          Min: 0, Avg:  0.8, Max: 3, Diff: 3, Sum: 3, Workers: 4
[2903.823s][debug][gc,phases      ] GC(77)   JVMTI Tag Weak OopStorage      Min:  0.0, Avg:  0.0, Max:  0.0, Diff:  0.0, Sum:  0.0, Workers: 4
[2903.823s][debug][gc,phases      ] GC(77)     Dead                           Min: 0, Avg:  0.0, Max: 0, Diff: 0, Sum: 0, Workers: 4
[2903.823s][debug][gc,phases      ] GC(77)     Total                          Min: 0, Avg:  0.0, Max: 0, Diff: 0, Sum: 0, Workers: 4
[2903.823s][debug][gc,phases      ] GC(77)   StringTable Weak               Min:  0.0, Avg:  0.1, Max:  0.2, Diff:  0.2, Sum:  0.5, Workers: 4
[2903.823s][debug][gc,phases      ] GC(77)     Dead                           Min: 0, Avg:  0.0, Max: 0, Diff: 0, Sum: 0, Workers: 4
[2903.823s][debug][gc,phases      ] GC(77)     Total                          Min: 0, Avg: 11900.0, Max: 23872, Diff: 23872, Sum: 47600, Workers: 4
[2903.823s][debug][gc,phases      ] GC(77)   ResolvedMethodTable Weak       Min:  0.0, Avg:  0.0, Max:  0.1, Diff:  0.1, Sum:  0.2, Workers: 4
[2903.823s][debug][gc,phases      ] GC(77)     Dead                           Min: 0, Avg:  4.0, Max: 16, Diff: 16, Sum: 16, Workers: 4
[2903.823s][debug][gc,phases      ] GC(77)     Total                          Min: 0, Avg: 3849.0, Max: 7742, Diff: 7742, Sum: 15396, Workers: 4
[2903.823s][debug][gc,phases      ] GC(77)   JNI Weak                       Min:  0.0, Avg:  0.0, Max:  0.0, Diff:  0.0, Sum:  0.0, Workers: 4
[2903.823s][debug][gc,phases      ] GC(77)     Dead                           Min: 0, Avg:  0.0, Max: 0, Diff: 0, Sum: 0, Workers: 4
[2903.823s][debug][gc,phases      ] GC(77)     Total                          Min: 0, Avg: 13.0, Max: 52, Diff: 52, Sum: 52, Workers: 4
[2903.823s][debug][gc,phases      ] GC(77)   StringDedup Table Weak         Min:  0.0, Avg:  0.0, Max:  0.0, Diff:  0.0, Sum:  0.0, Workers: 4
[2903.823s][debug][gc,phases      ] GC(77)     Dead                           Min: 0, Avg:  0.0, Max: 0, Diff: 0, Sum: 0, Workers: 4
[2903.823s][debug][gc,phases      ] GC(77)     Total                          Min: 0, Avg:  0.0, Max: 0, Diff: 0, Sum: 0, Workers: 4
[2903.823s][debug][gc,phases      ] GC(77)   StringDedup Requests0 Weak     Min:  0.0, Avg:  0.0, Max:  0.0, Diff:  0.0, Sum:  0.0, Workers: 4
[2903.823s][debug][gc,phases      ] GC(77)     Dead                           Min: 0, Avg:  0.0, Max: 0, Diff: 0, Sum: 0, Workers: 4
[2903.823s][debug][gc,phases      ] GC(77)     Total                          Min: 0, Avg:  0.0, Max: 0, Diff: 0, Sum: 0, Workers: 4
[2903.823s][debug][gc,phases      ] GC(77)   StringDedup Requests1 Weak     Min:  0.0, Avg:  0.0, Max:  0.0, Diff:  0.0, Sum:  0.0, Workers: 4
[2903.823s][debug][gc,phases      ] GC(77)     Dead                           Min: 0, Avg:  0.0, Max: 0, Diff: 0, Sum: 0, Workers: 4
[2903.823s][debug][gc,phases      ] GC(77)     Total                          Min: 0, Avg:  0.0, Max: 0, Diff: 0, Sum: 0, Workers: 4
[2903.823s][debug][gc,phases      ] GC(77)   Weak JFR Old Object Samples    Min:  0.0, Avg:  0.0, Max:  0.0, Diff:  0.0, Sum:  0.0, Workers: 4
[2903.823s][debug][gc,phases      ] GC(77)     Dead                           Min: 0, Avg:  0.0, Max: 0, Diff: 0, Sum: 0, Workers: 4
[2903.823s][debug][gc,phases      ] GC(77)     Total                          Min: 0, Avg:  0.0, Max: 0, Diff: 0, Sum: 0, Workers: 4
[2903.823s][debug][gc,phases      ] GC(77) Weak Processing 0.502ms
[2903.823s][debug][gc,age         ] GC(77) Desired survivor size 33030144 bytes, new threshold 1 (max threshold 15)
[2903.823s][info ][gc,heap        ] GC(77) PSYoungGen: 2028368K(2060800K)->2656K(2064896K) Eden: 2025472K(2025472K)->0K(2031104K) From: 2896K(35328K)->2656K(33792K)
[2903.823s][info ][gc,heap        ] GC(77) ParOldGen: 336854K(570368K)->337947K(570368K)
[2903.823s][info ][gc,metaspace   ] GC(77) Metaspace: 109921K(111168K)->109921K(111168K) NonClass: 93465K(94144K)->93465K(94144K) Class: 16455K(17024K)->16455K(17024K)
[2903.823s][info ][gc             ] GC(77) Pause Young (Allocation Failure) 2309M->332M(2573M) 5.499ms
[2903.823s][info ][gc,cpu         ] GC(77) User=0.01s Sys=0.00s Real=0.01s
[2903.824s][info ][safepoint      ] Safepoint "ParallelGCFailedAllocation", Time since last: 886371511 ns, Reaching safepoint: 82901 ns, Cleanup: 4100 ns, At safepoint: 5570649 ns, Total: 5657650 ns
[2904.824s][info ][safepoint      ] Safepoint "Cleanup", Time since last: 1000104201 ns, Reaching safepoint: 6300 ns, Cleanup: 16600 ns, At safepoint: 2400 ns, Total: 25300 ns
[2905.824s][info ][safepoint      ] Safepoint "Cleanup", Time since last: 1000103501 ns, Reaching safepoint: 5700 ns, Cleanup: 11600 ns, At safepoint: 2200 ns, Total: 19500 ns
[2910.824s][info ][safepoint      ] Safepoint "Cleanup", Time since last: 5000392901 ns, Reaching safepoint: 6100 ns, Cleanup: 13300 ns, At safepoint: 2500 ns, Total: 21900 ns
[2917.825s][info ][safepoint      ] Safepoint "Cleanup", Time since last: 7000541500 ns, Reaching safepoint: 6200 ns, Cleanup: 8800 ns, At safepoint: 1900 ns, Total: 16900 ns
[2935.828s][info ][safepoint      ] Safepoint "Cleanup", Time since last: 18002839421 ns, Reaching safepoint: 6000 ns, Cleanup: 9800 ns, At safepoint: 2700 ns, Total: 18500 ns
[2939.828s][info ][safepoint      ] Safepoint "Cleanup", Time since last: 4000314792 ns, Reaching safepoint: 4600 ns, Cleanup: 4900 ns, At safepoint: 1400 ns, Total: 10900 ns
[2940.828s][info ][safepoint      ] Safepoint "Cleanup", Time since last: 1000113287 ns, Reaching safepoint: 4700 ns, Cleanup: 9700 ns, At safepoint: 2000 ns, Total: 16400 ns
[2944.001s][info ][safepoint      ] Safepoint "Cleanup", Time since last: 3172551918 ns, Reaching safepoint: 6300 ns, Cleanup: 10600 ns, At safepoint: 2400 ns, Total: 19300 ns
[2949.693s][info ][safepoint      ] Safepoint "ParallelGCFailedAllocation", Time since last: 5692607466 ns, Reaching safepoint: 82101 ns, Cleanup: 3900 ns, At safepoint: 30400 ns, Total: 116401 ns
[2949.694s][info ][gc,start       ] GC(78) Pause Young (GCLocker Initiated GC)
[2949.699s][debug][gc,phases      ] GC(78) Scavenge 5.037ms
[2949.699s][debug][gc,ref         ] GC(78) ReferenceProcessor::execute queues: 1, RefProcThreadModel::Single, marks_oops_alive: false
[2949.699s][debug][gc,ref         ] GC(78) Skipped KeepAliveFinalRefsPhase of Reference Processing: no references
[2949.699s][debug][gc,ref         ] GC(78) ReferenceProcessor::execute queues: 1, RefProcThreadModel::Single, marks_oops_alive: false
[2949.699s][debug][gc,phases      ] GC(78) Reference Processing 0.135ms
[2949.699s][debug][gc,phases      ] GC(78)   VM Weak                        Min:  0.0, Avg:  0.0, Max:  0.0, Diff:  0.0, Sum:  0.0, Workers: 4
[2949.699s][debug][gc,phases      ] GC(78)     Dead                           Min: 0, Avg:  0.0, Max: 0, Diff: 0, Sum: 0, Workers: 4
[2949.699s][debug][gc,phases      ] GC(78)     Total                          Min: 0, Avg: 243.0, Max: 576, Diff: 576, Sum: 972, Workers: 4
[2949.699s][debug][gc,phases      ] GC(78)   ObjectSynchronizer Weak        Min:  0.0, Avg:  0.0, Max:  0.0, Diff:  0.0, Sum:  0.0, Workers: 4
[2949.699s][debug][gc,phases      ] GC(78)     Dead                           Min: 0, Avg:  0.0, Max: 0, Diff: 0, Sum: 0, Workers: 4
[2949.699s][debug][gc,phases      ] GC(78)     Total                          Min: 0, Avg:  1.0, Max: 4, Diff: 4, Sum: 4, Workers: 4
[2949.699s][debug][gc,phases      ] GC(78)   JVMTI Tag Weak OopStorage      Min:  0.0, Avg:  0.0, Max:  0.0, Diff:  0.0, Sum:  0.0, Workers: 4
[2949.699s][debug][gc,phases      ] GC(78)     Dead                           Min: 0, Avg:  0.0, Max: 0, Diff: 0, Sum: 0, Workers: 4
[2949.699s][debug][gc,phases      ] GC(78)     Total                          Min: 0, Avg:  0.0, Max: 0, Diff: 0, Sum: 0, Workers: 4
[2949.699s][debug][gc,phases      ] GC(78)   StringTable Weak               Min:  0.0, Avg:  0.1, Max:  0.2, Diff:  0.2, Sum:  0.5, Workers: 4
[2949.699s][debug][gc,phases      ] GC(78)     Dead                           Min: 0, Avg:  0.0, Max: 0, Diff: 0, Sum: 0, Workers: 4
[2949.699s][debug][gc,phases      ] GC(78)     Total                          Min: 0, Avg: 11900.2, Max: 16000, Diff: 16000, Sum: 47601, Workers: 4
[2949.699s][debug][gc,phases      ] GC(78)   ResolvedMethodTable Weak       Min:  0.0, Avg:  0.0, Max:  0.1, Diff:  0.1, Sum:  0.2, Workers: 4
[2949.699s][debug][gc,phases      ] GC(78)     Dead                           Min: 0, Avg:  5.0, Max: 20, Diff: 20, Sum: 20, Workers: 4
[2949.699s][debug][gc,phases      ] GC(78)     Total                          Min: 0, Avg: 3849.0, Max: 5284, Diff: 5284, Sum: 15396, Workers: 4
[2949.699s][debug][gc,phases      ] GC(78)   JNI Weak                       Min:  0.0, Avg:  0.0, Max:  0.0, Diff:  0.0, Sum:  0.0, Workers: 4
[2949.699s][debug][gc,phases      ] GC(78)     Dead                           Min: 0, Avg:  0.0, Max: 0, Diff: 0, Sum: 0, Workers: 4
[2949.699s][debug][gc,phases      ] GC(78)     Total                          Min: 0, Avg: 13.0, Max: 52, Diff: 52, Sum: 52, Workers: 4
[2949.699s][debug][gc,phases      ] GC(78)   StringDedup Table Weak         Min:  0.0, Avg:  0.0, Max:  0.0, Diff:  0.0, Sum:  0.0, Workers: 4
[2949.699s][debug][gc,phases      ] GC(78)     Dead                           Min: 0, Avg:  0.0, Max: 0, Diff: 0, Sum: 0, Workers: 4
[2949.699s][debug][gc,phases      ] GC(78)     Total                          Min: 0, Avg:  0.0, Max: 0, Diff: 0, Sum: 0, Workers: 4
[2949.699s][debug][gc,phases      ] GC(78)   StringDedup Requests0 Weak     Min:  0.0, Avg:  0.0, Max:  0.0, Diff:  0.0, Sum:  0.0, Workers: 4
[2949.699s][debug][gc,phases      ] GC(78)     Dead                           Min: 0, Avg:  0.0, Max: 0, Diff: 0, Sum: 0, Workers: 4
[2949.699s][debug][gc,phases      ] GC(78)     Total                          Min: 0, Avg:  0.0, Max: 0, Diff: 0, Sum: 0, Workers: 4
[2949.699s][debug][gc,phases      ] GC(78)   StringDedup Requests1 Weak     Min:  0.0, Avg:  0.0, Max:  0.0, Diff:  0.0, Sum:  0.0, Workers: 4
[2949.699s][debug][gc,phases      ] GC(78)     Dead                           Min: 0, Avg:  0.0, Max: 0, Diff: 0, Sum: 0, Workers: 4
[2949.699s][debug][gc,phases      ] GC(78)     Total                          Min: 0, Avg:  0.0, Max: 0, Diff: 0, Sum: 0, Workers: 4
[2949.699s][debug][gc,phases      ] GC(78)   Weak JFR Old Object Samples    Min:  0.0, Avg:  0.0, Max:  0.0, Diff:  0.0, Sum:  0.0, Workers: 4
[2949.699s][debug][gc,phases      ] GC(78)     Dead                           Min: 0, Avg:  0.0, Max: 0, Diff: 0, Sum: 0, Workers: 4
[2949.699s][debug][gc,phases      ] GC(78)     Total                          Min: 0, Avg:  0.0, Max: 0, Diff: 0, Sum: 0, Workers: 4
[2949.699s][debug][gc,phases      ] GC(78) Weak Processing 0.483ms
[2949.699s][debug][gc,age         ] GC(78) Desired survivor size 31457280 bytes, new threshold 1 (max threshold 15)
[2949.699s][info ][gc,heap        ] GC(78) PSYoungGen: 2033760K(2064896K)->4368K(2063360K) Eden: 2031104K(2031104K)->0K(2031104K) From: 2656K(33792K)->4368K(32256K)
[2949.699s][info ][gc,heap        ] GC(78) ParOldGen: 338203K(570368K)->339155K(570368K)
[2949.699s][info ][gc,metaspace   ] GC(78) Metaspace: 109933K(111232K)->109933K(111232K) NonClass: 93477K(94208K)->93477K(94208K) Class: 16455K(17024K)->16455K(17024K)
[2949.699s][info ][gc             ] GC(78) Pause Young (GCLocker Initiated GC) 2316M->335M(2572M) 5.751ms
[2949.699s][info ][gc,cpu         ] GC(78) User=0.02s Sys=0.00s Real=0.00s
[2949.699s][info ][safepoint      ] Safepoint "ParallelGCSystemGC", Time since last: 83201 ns, Reaching safepoint: 74701 ns, Cleanup: 1300 ns, At safepoint: 5821750 ns, Total: 5897751 ns
[2950.699s][info ][safepoint      ] Safepoint "Cleanup", Time since last: 1000094667 ns, Reaching safepoint: 5600 ns, Cleanup: 8200 ns, At safepoint: 2600 ns, Total: 16400 ns
[2952.700s][info ][safepoint      ] Safepoint "Cleanup", Time since last: 2000174633 ns, Reaching safepoint: 5300 ns, Cleanup: 8800 ns, At safepoint: 1800 ns, Total: 15900 ns
[2953.701s][info ][safepoint      ] Safepoint "Cleanup", Time since last: 1001098576 ns, Reaching safepoint: 6200 ns, Cleanup: 8400 ns, At safepoint: 2800 ns, Total: 17400 ns
[2954.701s][info ][safepoint      ] Safepoint "Cleanup", Time since last: 1000112267 ns, Reaching safepoint: 6300 ns, Cleanup: 13300 ns, At safepoint: 2700 ns, Total: 22300 ns
[2957.701s][info ][safepoint      ] Safepoint "Cleanup", Time since last: 3000283744 ns, Reaching safepoint: 5400 ns, Cleanup: 9000 ns, At safepoint: 2401 ns, Total: 16801 ns
[2958.701s][info ][safepoint      ] Safepoint "Cleanup", Time since last: 1000106899 ns, Reaching safepoint: 6800 ns, Cleanup: 10401 ns, At safepoint: 2500 ns, Total: 19701 ns
[2960.702s][info ][safepoint      ] Safepoint "Cleanup", Time since last: 2000179599 ns, Reaching safepoint: 6700 ns, Cleanup: 25700 ns, At safepoint: 1900 ns, Total: 34300 ns
[2961.702s][info ][safepoint      ] Safepoint "Cleanup", Time since last: 1000101800 ns, Reaching safepoint: 6200 ns, Cleanup: 12100 ns, At safepoint: 2200 ns, Total: 20500 ns
[2962.702s][info ][safepoint      ] Safepoint "Cleanup", Time since last: 1000082100 ns, Reaching safepoint: 6000 ns, Cleanup: 8700 ns, At safepoint: 2100 ns, Total: 16800 ns
[2963.702s][info ][safepoint      ] Safepoint "Cleanup", Time since last: 1000102300 ns, Reaching safepoint: 5000 ns, Cleanup: 9800 ns, At safepoint: 1900 ns, Total: 16700 ns
[2965.702s][info ][safepoint      ] Safepoint "Cleanup", Time since last: 2000168997 ns, Reaching safepoint: 5700 ns, Cleanup: 6800 ns, At safepoint: 1900 ns, Total: 14400 ns
[2968.702s][info ][safepoint      ] Safepoint "Cleanup", Time since last: 3000275394 ns, Reaching safepoint: 7100 ns, Cleanup: 12300 ns, At safepoint: 2200 ns, Total: 21600 ns
[2970.703s][info ][safepoint      ] Safepoint "Cleanup", Time since last: 2000378297 ns, Reaching safepoint: 7500 ns, Cleanup: 13300 ns, At safepoint: 2901 ns, Total: 23701 ns
[2971.703s][info ][safepoint      ] Safepoint "Cleanup", Time since last: 1000111498 ns, Reaching safepoint: 5700 ns, Cleanup: 9000 ns, At safepoint: 2000 ns, Total: 16700 ns
[2973.703s][info ][safepoint      ] Safepoint "Cleanup", Time since last: 2000165296 ns, Reaching safepoint: 5600 ns, Cleanup: 7100 ns, At safepoint: 1700 ns, Total: 14400 ns
[2977.703s][info ][safepoint      ] Safepoint "Cleanup", Time since last: 4000304794 ns, Reaching safepoint: 5500 ns, Cleanup: 7900 ns, At safepoint: 2000 ns, Total: 15400 ns
[2978.703s][info ][safepoint      ] Safepoint "Cleanup", Time since last: 1000111399 ns, Reaching safepoint: 6000 ns, Cleanup: 8000 ns, At safepoint: 1900 ns, Total: 15900 ns
[2982.704s][info ][safepoint      ] Safepoint "Cleanup", Time since last: 4000307602 ns, Reaching safepoint: 5500 ns, Cleanup: 7100 ns, At safepoint: 1600 ns, Total: 14200 ns
[2983.704s][info ][safepoint      ] Safepoint "Cleanup", Time since last: 1000098902 ns, Reaching safepoint: 5900 ns, Cleanup: 8100 ns, At safepoint: 2000 ns, Total: 16000 ns
[2984.704s][info ][safepoint      ] Safepoint "Cleanup", Time since last: 1000103202 ns, Reaching safepoint: 6500 ns, Cleanup: 9500 ns, At safepoint: 2100 ns, Total: 18100 ns
[2985.266s][info ][gc,start       ] GC(79) Pause Young (Allocation Failure)
[2985.283s][debug][gc,phases      ] GC(79) Scavenge 16.964ms
[2985.283s][debug][gc,ref         ] GC(79) ReferenceProcessor::execute queues: 1, RefProcThreadModel::Single, marks_oops_alive: false
[2985.283s][debug][gc,ref         ] GC(79) Skipped KeepAliveFinalRefsPhase of Reference Processing: no references
[2985.283s][debug][gc,ref         ] GC(79) ReferenceProcessor::execute queues: 1, RefProcThreadModel::Single, marks_oops_alive: false
[2985.283s][debug][gc,phases      ] GC(79) Reference Processing 0.106ms
[2985.284s][debug][gc,phases      ] GC(79)   VM Weak                        Min:  0.0, Avg:  0.0, Max:  0.0, Diff:  0.0, Sum:  0.0, Workers: 4
[2985.284s][debug][gc,phases      ] GC(79)     Dead                           Min: 0, Avg:  0.0, Max: 0, Diff: 0, Sum: 0, Workers: 4
[2985.284s][debug][gc,phases      ] GC(79)     Total                          Min: 0, Avg: 243.0, Max: 524, Diff: 524, Sum: 972, Workers: 4
[2985.284s][debug][gc,phases      ] GC(79)   ObjectSynchronizer Weak        Min:  0.0, Avg:  0.0, Max:  0.0, Diff:  0.0, Sum:  0.0, Workers: 4
[2985.284s][debug][gc,phases      ] GC(79)     Dead                           Min: 0, Avg:  0.0, Max: 0, Diff: 0, Sum: 0, Workers: 4
[2985.284s][debug][gc,phases      ] GC(79)     Total                          Min: 0, Avg:  1.0, Max: 4, Diff: 4, Sum: 4, Workers: 4
[2985.284s][debug][gc,phases      ] GC(79)   JVMTI Tag Weak OopStorage      Min:  0.0, Avg:  0.0, Max:  0.0, Diff:  0.0, Sum:  0.0, Workers: 4
[2985.284s][debug][gc,phases      ] GC(79)     Dead                           Min: 0, Avg:  0.0, Max: 0, Diff: 0, Sum: 0, Workers: 4
[2985.284s][debug][gc,phases      ] GC(79)     Total                          Min: 0, Avg:  0.0, Max: 0, Diff: 0, Sum: 0, Workers: 4
[2985.284s][debug][gc,phases      ] GC(79)   StringTable Weak               Min:  0.0, Avg:  0.1, Max:  0.1, Diff:  0.1, Sum:  0.4, Workers: 4
[2985.284s][debug][gc,phases      ] GC(79)     Dead                           Min: 0, Avg:  0.0, Max: 0, Diff: 0, Sum: 0, Workers: 4
[2985.284s][debug][gc,phases      ] GC(79)     Total                          Min: 0, Avg: 11900.2, Max: 20032, Diff: 20032, Sum: 47601, Workers: 4
[2985.284s][debug][gc,phases      ] GC(79)   ResolvedMethodTable Weak       Min:  0.0, Avg:  0.0, Max:  0.0, Diff:  0.0, Sum:  0.1, Workers: 4
[2985.284s][debug][gc,phases      ] GC(79)     Dead                           Min: 0, Avg:  4.8, Max: 19, Diff: 19, Sum: 19, Workers: 4
[2985.284s][debug][gc,phases      ] GC(79)     Total                          Min: 0, Avg: 3849.0, Max: 6582, Diff: 6582, Sum: 15396, Workers: 4
[2985.284s][debug][gc,phases      ] GC(79)   JNI Weak                       Min:  0.0, Avg:  0.0, Max:  0.0, Diff:  0.0, Sum:  0.0, Workers: 4
[2985.284s][debug][gc,phases      ] GC(79)     Dead                           Min: 0, Avg:  0.0, Max: 0, Diff: 0, Sum: 0, Workers: 4
[2985.284s][debug][gc,phases      ] GC(79)     Total                          Min: 0, Avg: 13.0, Max: 52, Diff: 52, Sum: 52, Workers: 4
[2985.284s][debug][gc,phases      ] GC(79)   StringDedup Table Weak         Min:  0.0, Avg:  0.0, Max:  0.0, Diff:  0.0, Sum:  0.0, Workers: 4
[2985.284s][debug][gc,phases      ] GC(79)     Dead                           Min: 0, Avg:  0.0, Max: 0, Diff: 0, Sum: 0, Workers: 4
[2985.284s][debug][gc,phases      ] GC(79)     Total                          Min: 0, Avg:  0.0, Max: 0, Diff: 0, Sum: 0, Workers: 4
[2985.284s][debug][gc,phases      ] GC(79)   StringDedup Requests0 Weak     Min:  0.0, Avg:  0.0, Max:  0.0, Diff:  0.0, Sum:  0.0, Workers: 4
[2985.284s][debug][gc,phases      ] GC(79)     Dead                           Min: 0, Avg:  0.0, Max: 0, Diff: 0, Sum: 0, Workers: 4
[2985.284s][debug][gc,phases      ] GC(79)     Total                          Min: 0, Avg:  0.0, Max: 0, Diff: 0, Sum: 0, Workers: 4
[2985.284s][debug][gc,phases      ] GC(79)   StringDedup Requests1 Weak     Min:  0.0, Avg:  0.0, Max:  0.0, Diff:  0.0, Sum:  0.0, Workers: 4
[2985.284s][debug][gc,phases      ] GC(79)     Dead                           Min: 0, Avg:  0.0, Max: 0, Diff: 0, Sum: 0, Workers: 4
[2985.284s][debug][gc,phases      ] GC(79)     Total                          Min: 0, Avg:  0.0, Max: 0, Diff: 0, Sum: 0, Workers: 4
[2985.284s][debug][gc,phases      ] GC(79)   Weak JFR Old Object Samples    Min:  0.0, Avg:  0.0, Max:  0.0, Diff:  0.0, Sum:  0.0, Workers: 4
[2985.284s][debug][gc,phases      ] GC(79)     Dead                           Min: 0, Avg:  0.0, Max: 0, Diff: 0, Sum: 0, Workers: 4
[2985.284s][debug][gc,phases      ] GC(79)     Total                          Min: 0, Avg:  0.0, Max: 0, Diff: 0, Sum: 0, Workers: 4
[2985.284s][debug][gc,phases      ] GC(79) Weak Processing 0.386ms
[2985.284s][debug][gc,age         ] GC(79) Desired survivor size 43515904 bytes, new threshold 1 (max threshold 15)
[2985.284s][info ][gc,heap        ] GC(79) PSYoungGen: 2035472K(2063360K)->30688K(2042880K) Eden: 2031104K(2031104K)->0K(2012160K) From: 4368K(32256K)->30688K(30720K)
[2985.284s][info ][gc,heap        ] GC(79) ParOldGen: 339189K(570368K)->354997K(570368K)
[2985.284s][info ][gc,metaspace   ] GC(79) Metaspace: 109953K(111296K)->109953K(111296K) NonClass: 93498K(94272K)->93498K(94272K) Class: 16455K(17024K)->16455K(17024K)
[2985.284s][info ][gc             ] GC(79) Pause Young (Allocation Failure) 2319M->376M(2552M) 17.573ms
[2985.284s][info ][gc,cpu         ] GC(79) User=0.06s Sys=0.00s Real=0.02s
[2985.284s][info ][safepoint      ] Safepoint "ParallelGCFailedAllocation", Time since last: 562149292 ns, Reaching safepoint: 78500 ns, Cleanup: 8900 ns, At safepoint: 17641754 ns, Total: 17729154 ns
[2986.284s][info ][safepoint      ] Safepoint "Cleanup", Time since last: 1000086302 ns, Reaching safepoint: 6000 ns, Cleanup: 13500 ns, At safepoint: 2100 ns, Total: 21600 ns
[2990.284s][info ][safepoint      ] Safepoint "Cleanup", Time since last: 4000305799 ns, Reaching safepoint: 6000 ns, Cleanup: 9000 ns, At safepoint: 2100 ns, Total: 17100 ns
[2991.284s][info ][safepoint      ] Safepoint "Cleanup", Time since last: 1000111997 ns, Reaching safepoint: 6400 ns, Cleanup: 12001 ns, At safepoint: 2300 ns, Total: 20701 ns
[2993.285s][info ][safepoint      ] Safepoint "Cleanup", Time since last: 2000181694 ns, Reaching safepoint: 6400 ns, Cleanup: 7901 ns, At safepoint: 2100 ns, Total: 16401 ns
[3005.019s][info ][safepoint      ] Safepoint "Cleanup", Time since last: 11734455328 ns, Reaching safepoint: 76101 ns, Cleanup: 8800 ns, At safepoint: 5600 ns, Total: 90501 ns
[3007.020s][info ][safepoint      ] Safepoint "Cleanup", Time since last: 2000184904 ns, Reaching safepoint: 79800 ns, Cleanup: 8001 ns, At safepoint: 5700 ns, Total: 93501 ns
[3008.020s][info ][safepoint      ] Safepoint "Cleanup", Time since last: 1000101202 ns, Reaching safepoint: 79000 ns, Cleanup: 24600 ns, At safepoint: 5600 ns, Total: 109200 ns
[3009.866s][info ][gc,start       ] GC(80) Pause Young (Allocation Failure)
[3009.881s][debug][gc,phases      ] GC(80) Scavenge 15.493ms
[3009.881s][debug][gc,ref         ] GC(80) ReferenceProcessor::execute queues: 1, RefProcThreadModel::Single, marks_oops_alive: false
[3009.881s][debug][gc,ref         ] GC(80) Skipped KeepAliveFinalRefsPhase of Reference Processing: no references
[3009.881s][debug][gc,ref         ] GC(80) ReferenceProcessor::execute queues: 1, RefProcThreadModel::Single, marks_oops_alive: false
[3009.881s][debug][gc,phases      ] GC(80) Reference Processing 0.103ms
[3009.882s][debug][gc,phases      ] GC(80)   VM Weak                        Min:  0.0, Avg:  0.0, Max:  0.0, Diff:  0.0, Sum:  0.0, Workers: 4
[3009.882s][debug][gc,phases      ] GC(80)     Dead                           Min: 0, Avg:  0.0, Max: 0, Diff: 0, Sum: 0, Workers: 4
[3009.882s][debug][gc,phases      ] GC(80)     Total                          Min: 0, Avg: 243.0, Max: 524, Diff: 524, Sum: 972, Workers: 4
[3009.882s][debug][gc,phases      ] GC(80)   ObjectSynchronizer Weak        Min:  0.0, Avg:  0.0, Max:  0.0, Diff:  0.0, Sum:  0.0, Workers: 4
[3009.882s][debug][gc,phases      ] GC(80)     Dead                           Min: 0, Avg:  0.0, Max: 0, Diff: 0, Sum: 0, Workers: 4
[3009.882s][debug][gc,phases      ] GC(80)     Total                          Min: 0, Avg:  0.8, Max: 3, Diff: 3, Sum: 3, Workers: 4
[3009.882s][debug][gc,phases      ] GC(80)   JVMTI Tag Weak OopStorage      Min:  0.0, Avg:  0.0, Max:  0.0, Diff:  0.0, Sum:  0.0, Workers: 4
[3009.882s][debug][gc,phases      ] GC(80)     Dead                           Min: 0, Avg:  0.0, Max: 0, Diff: 0, Sum: 0, Workers: 4
[3009.882s][debug][gc,phases      ] GC(80)     Total                          Min: 0, Avg:  0.0, Max: 0, Diff: 0, Sum: 0, Workers: 4
[3009.882s][debug][gc,phases      ] GC(80)   StringTable Weak               Min:  0.0, Avg:  0.1, Max:  0.1, Diff:  0.1, Sum:  0.4, Workers: 4
[3009.882s][debug][gc,phases      ] GC(80)     Dead                           Min: 0, Avg:  0.0, Max: 0, Diff: 0, Sum: 0, Workers: 4
[3009.882s][debug][gc,phases      ] GC(80)     Total                          Min: 0, Avg: 11900.5, Max: 19968, Diff: 19968, Sum: 47602, Workers: 4
[3009.882s][debug][gc,phases      ] GC(80)   ResolvedMethodTable Weak       Min:  0.0, Avg:  0.0, Max:  0.0, Diff:  0.0, Sum:  0.1, Workers: 4
[3009.882s][debug][gc,phases      ] GC(80)     Dead                           Min: 0, Avg:  4.8, Max: 19, Diff: 19, Sum: 19, Workers: 4
[3009.882s][debug][gc,phases      ] GC(80)     Total                          Min: 0, Avg: 3849.0, Max: 6580, Diff: 6580, Sum: 15396, Workers: 4
[3009.882s][debug][gc,phases      ] GC(80)   JNI Weak                       Min:  0.0, Avg:  0.0, Max:  0.0, Diff:  0.0, Sum:  0.0, Workers: 4
[3009.882s][debug][gc,phases      ] GC(80)     Dead                           Min: 0, Avg:  0.0, Max: 0, Diff: 0, Sum: 0, Workers: 4
[3009.882s][debug][gc,phases      ] GC(80)     Total                          Min: 0, Avg: 13.0, Max: 52, Diff: 52, Sum: 52, Workers: 4
[3009.882s][debug][gc,phases      ] GC(80)   StringDedup Table Weak         Min:  0.0, Avg:  0.0, Max:  0.0, Diff:  0.0, Sum:  0.0, Workers: 4
[3009.882s][debug][gc,phases      ] GC(80)     Dead                           Min: 0, Avg:  0.0, Max: 0, Diff: 0, Sum: 0, Workers: 4
[3009.882s][debug][gc,phases      ] GC(80)     Total                          Min: 0, Avg:  0.0, Max: 0, Diff: 0, Sum: 0, Workers: 4
[3009.882s][debug][gc,phases      ] GC(80)   StringDedup Requests0 Weak     Min:  0.0, Avg:  0.0, Max:  0.0, Diff:  0.0, Sum:  0.0, Workers: 4
[3009.882s][debug][gc,phases      ] GC(80)     Dead                           Min: 0, Avg:  0.0, Max: 0, Diff: 0, Sum: 0, Workers: 4
[3009.882s][debug][gc,phases      ] GC(80)     Total                          Min: 0, Avg:  0.0, Max: 0, Diff: 0, Sum: 0, Workers: 4
[3009.882s][debug][gc,phases      ] GC(80)   StringDedup Requests1 Weak     Min:  0.0, Avg:  0.0, Max:  0.0, Diff:  0.0, Sum:  0.0, Workers: 4
[3009.882s][debug][gc,phases      ] GC(80)     Dead                           Min: 0, Avg:  0.0, Max: 0, Diff: 0, Sum: 0, Workers: 4
[3009.882s][debug][gc,phases      ] GC(80)     Total                          Min: 0, Avg:  0.0, Max: 0, Diff: 0, Sum: 0, Workers: 4
[3009.882s][debug][gc,phases      ] GC(80)   Weak JFR Old Object Samples    Min:  0.0, Avg:  0.0, Max:  0.0, Diff:  0.0, Sum:  0.0, Workers: 4
[3009.882s][debug][gc,phases      ] GC(80)     Dead                           Min: 0, Avg:  0.0, Max: 0, Diff: 0, Sum: 0, Workers: 4
[3009.882s][debug][gc,phases      ] GC(80)     Total                          Min: 0, Avg:  0.0, Max: 0, Diff: 0, Sum: 0, Workers: 4
[3009.882s][debug][gc,phases      ] GC(80) Weak Processing 0.386ms
[3009.882s][debug][gc,age         ] GC(80) Desired survivor size 46661632 bytes, new threshold 1 (max threshold 15)
[3009.882s][info ][gc,heap        ] GC(80) PSYoungGen: 2042848K(2042880K)->27104K(2039296K) Eden: 2012160K(2012160K)->0K(2012160K) From: 30688K(30720K)->27104K(27136K)
[3009.882s][info ][gc,heap        ] GC(80) ParOldGen: 354997K(570368K)->379514K(570368K)
[3009.882s][info ][gc,metaspace   ] GC(80) Metaspace: 109959K(111296K)->109959K(111296K) NonClass: 93503K(94272K)->93503K(94272K) Class: 16455K(17024K)->16455K(17024K)
[3009.882s][info ][gc             ] GC(80) Pause Young (Allocation Failure) 2341M->397M(2548M) 16.093ms
[3009.882s][info ][gc,cpu         ] GC(80) User=0.06s Sys=0.00s Real=0.02s
[3009.882s][info ][safepoint      ] Safepoint "ParallelGCFailedAllocation", Time since last: 1845885362 ns, Reaching safepoint: 79900 ns, Cleanup: 3800 ns, At safepoint: 16175441 ns, Total: 16259141 ns
[3012.882s][info ][safepoint      ] Safepoint "Cleanup", Time since last: 3000231287 ns, Reaching safepoint: 5700 ns, Cleanup: 8700 ns, At safepoint: 2200 ns, Total: 16600 ns
[3014.882s][info ][safepoint      ] Safepoint "Cleanup", Time since last: 2000178624 ns, Reaching safepoint: 80701 ns, Cleanup: 10000 ns, At safepoint: 15400 ns, Total: 106101 ns
[3016.883s][info ][safepoint      ] Safepoint "Cleanup", Time since last: 2000165724 ns, Reaching safepoint: 6200 ns, Cleanup: 8000 ns, At safepoint: 2000 ns, Total: 16200 ns
[3023.883s][info ][safepoint      ] Safepoint "Cleanup", Time since last: 7000514554 ns, Reaching safepoint: 6600 ns, Cleanup: 10800 ns, At safepoint: 1800 ns, Total: 19200 ns
[3026.883s][info ][safepoint      ] Safepoint "Cleanup", Time since last: 3000257792 ns, Reaching safepoint: 6300 ns, Cleanup: 8600 ns, At safepoint: 1900 ns, Total: 16800 ns
[3030.884s][info ][safepoint      ] Safepoint "Cleanup", Time since last: 4000327590 ns, Reaching safepoint: 7400 ns, Cleanup: 10400 ns, At safepoint: 2800 ns, Total: 20600 ns
[3037.884s][info ][safepoint      ] Safepoint "Cleanup", Time since last: 7000517992 ns, Reaching safepoint: 6700 ns, Cleanup: 8600 ns, At safepoint: 2200 ns, Total: 17500 ns
[3044.885s][info ][safepoint      ] Safepoint "Cleanup", Time since last: 7000528123 ns, Reaching safepoint: 6700 ns, Cleanup: 8500 ns, At safepoint: 1800 ns, Total: 17000 ns
[3045.885s][info ][safepoint      ] Safepoint "Cleanup", Time since last: 1000105702 ns, Reaching safepoint: 7400 ns, Cleanup: 9400 ns, At safepoint: 2500 ns, Total: 19300 ns
[3047.717s][info ][gc,start       ] GC(81) Pause Young (Allocation Failure)
[3047.727s][debug][gc,phases      ] GC(81) Scavenge 10.154ms
[3047.727s][debug][gc,ref         ] GC(81) ReferenceProcessor::execute queues: 1, RefProcThreadModel::Single, marks_oops_alive: false
[3047.727s][debug][gc,ref         ] GC(81) Skipped KeepAliveFinalRefsPhase of Reference Processing: no references
[3047.727s][debug][gc,ref         ] GC(81) Skipped PhantomRefsPhase of Reference Processing: no references
[3047.727s][debug][gc,phases      ] GC(81) Reference Processing 0.119ms
[3047.728s][debug][gc,phases      ] GC(81)   VM Weak                        Min:  0.0, Avg:  0.0, Max:  0.0, Diff:  0.0, Sum:  0.0, Workers: 4
[3047.728s][debug][gc,phases      ] GC(81)     Dead                           Min: 0, Avg:  0.0, Max: 0, Diff: 0, Sum: 0, Workers: 4
[3047.728s][debug][gc,phases      ] GC(81)     Total                          Min: 0, Avg: 243.0, Max: 512, Diff: 512, Sum: 972, Workers: 4
[3047.728s][debug][gc,phases      ] GC(81)   ObjectSynchronizer Weak        Min:  0.0, Avg:  0.0, Max:  0.0, Diff:  0.0, Sum:  0.0, Workers: 4
[3047.728s][debug][gc,phases      ] GC(81)     Dead                           Min: 0, Avg:  0.0, Max: 0, Diff: 0, Sum: 0, Workers: 4
[3047.728s][debug][gc,phases      ] GC(81)     Total                          Min: 0, Avg:  1.0, Max: 4, Diff: 4, Sum: 4, Workers: 4
[3047.728s][debug][gc,phases      ] GC(81)   JVMTI Tag Weak OopStorage      Min:  0.0, Avg:  0.0, Max:  0.0, Diff:  0.0, Sum:  0.0, Workers: 4
[3047.728s][debug][gc,phases      ] GC(81)     Dead                           Min: 0, Avg:  0.0, Max: 0, Diff: 0, Sum: 0, Workers: 4
[3047.728s][debug][gc,phases      ] GC(81)     Total                          Min: 0, Avg:  0.0, Max: 0, Diff: 0, Sum: 0, Workers: 4
[3047.728s][debug][gc,phases      ] GC(81)   StringTable Weak               Min:  0.1, Avg:  0.1, Max:  0.1, Diff:  0.0, Sum:  0.5, Workers: 4
[3047.728s][debug][gc,phases      ] GC(81)     Dead                           Min: 0, Avg:  0.0, Max: 0, Diff: 0, Sum: 0, Workers: 4
[3047.728s][debug][gc,phases      ] GC(81)     Total                          Min: 11583, Avg: 11901.2, Max: 12086, Diff: 503, Sum: 47605, Workers: 4
[3047.728s][debug][gc,phases      ] GC(81)   ResolvedMethodTable Weak       Min:  0.0, Avg:  0.0, Max:  0.0, Diff:  0.0, Sum:  0.2, Workers: 4
[3047.728s][debug][gc,phases      ] GC(81)     Dead                           Min: 0, Avg:  4.0, Max: 16, Diff: 16, Sum: 16, Workers: 4
[3047.728s][debug][gc,phases      ] GC(81)     Total                          Min: 3746, Avg: 3849.0, Max: 3946, Diff: 200, Sum: 15396, Workers: 4
[3047.728s][debug][gc,phases      ] GC(81)   JNI Weak                       Min:  0.0, Avg:  0.0, Max:  0.0, Diff:  0.0, Sum:  0.0, Workers: 4
[3047.728s][debug][gc,phases      ] GC(81)     Dead                           Min: 0, Avg:  0.0, Max: 0, Diff: 0, Sum: 0, Workers: 4
[3047.728s][debug][gc,phases      ] GC(81)     Total                          Min: 0, Avg: 13.0, Max: 52, Diff: 52, Sum: 52, Workers: 4
[3047.728s][debug][gc,phases      ] GC(81)   StringDedup Table Weak         Min:  0.0, Avg:  0.0, Max:  0.0, Diff:  0.0, Sum:  0.0, Workers: 4
[3047.728s][debug][gc,phases      ] GC(81)     Dead                           Min: 0, Avg:  0.0, Max: 0, Diff: 0, Sum: 0, Workers: 4
[3047.728s][debug][gc,phases      ] GC(81)     Total                          Min: 0, Avg:  0.0, Max: 0, Diff: 0, Sum: 0, Workers: 4
[3047.728s][debug][gc,phases      ] GC(81)   StringDedup Requests0 Weak     Min:  0.0, Avg:  0.0, Max:  0.0, Diff:  0.0, Sum:  0.0, Workers: 4
[3047.728s][debug][gc,phases      ] GC(81)     Dead                           Min: 0, Avg:  0.0, Max: 0, Diff: 0, Sum: 0, Workers: 4
[3047.728s][debug][gc,phases      ] GC(81)     Total                          Min: 0, Avg:  0.0, Max: 0, Diff: 0, Sum: 0, Workers: 4
[3047.728s][debug][gc,phases      ] GC(81)   StringDedup Requests1 Weak     Min:  0.0, Avg:  0.0, Max:  0.0, Diff:  0.0, Sum:  0.0, Workers: 4
[3047.728s][debug][gc,phases      ] GC(81)     Dead                           Min: 0, Avg:  0.0, Max: 0, Diff: 0, Sum: 0, Workers: 4
[3047.728s][debug][gc,phases      ] GC(81)     Total                          Min: 0, Avg:  0.0, Max: 0, Diff: 0, Sum: 0, Workers: 4
[3047.728s][debug][gc,phases      ] GC(81)   Weak JFR Old Object Samples    Min:  0.0, Avg:  0.0, Max:  0.0, Diff:  0.0, Sum:  0.0, Workers: 4
[3047.728s][debug][gc,phases      ] GC(81)     Dead                           Min: 0, Avg:  0.0, Max: 0, Diff: 0, Sum: 0, Workers: 4
[3047.728s][debug][gc,phases      ] GC(81)     Total                          Min: 0, Avg:  0.0, Max: 0, Diff: 0, Sum: 0, Workers: 4
[3047.728s][debug][gc,phases      ] GC(81) Weak Processing 0.364ms
[3047.728s][debug][gc,age         ] GC(81) Desired survivor size 44040192 bytes, new threshold 1 (max threshold 15)
[3047.728s][info ][gc,heap        ] GC(81) PSYoungGen: 2039264K(2039296K)->7968K(2054144K) Eden: 2012160K(2012160K)->0K(2008576K) From: 27104K(27136K)->7968K(45568K)
[3047.728s][info ][gc,heap        ] GC(81) ParOldGen: 379514K(570368K)->405755K(570368K)
[3047.728s][info ][gc,metaspace   ] GC(81) Metaspace: 110005K(111296K)->110005K(111296K) NonClass: 93549K(94272K)->93549K(94272K) Class: 16455K(17024K)->16455K(17024K)
[3047.728s][info ][gc             ] GC(81) Pause Young (Allocation Failure) 2362M->404M(2563M) 10.750ms
[3047.728s][info ][gc,cpu         ] GC(81) User=0.04s Sys=0.01s Real=0.01s
[3047.728s][info ][safepoint      ] Safepoint "ParallelGCFailedAllocation", Time since last: 1832103440 ns, Reaching safepoint: 7100 ns, Cleanup: 4000 ns, At safepoint: 10823194 ns, Total: 10834294 ns
[3048.728s][info ][safepoint      ] Safepoint "Cleanup", Time since last: 1000093201 ns, Reaching safepoint: 6500 ns, Cleanup: 7800 ns, At safepoint: 2701 ns, Total: 17001 ns
[3051.728s][info ][safepoint      ] Safepoint "Cleanup", Time since last: 3000245303 ns, Reaching safepoint: 5300 ns, Cleanup: 9700 ns, At safepoint: 2200 ns, Total: 17200 ns
[3059.729s][info ][safepoint      ] Safepoint "Cleanup", Time since last: 8000619813 ns, Reaching safepoint: 6400 ns, Cleanup: 9500 ns, At safepoint: 2400 ns, Total: 18300 ns
[3065.037s][info ][safepoint      ] Safepoint "Cleanup", Time since last: 5307891817 ns, Reaching safepoint: 6100 ns, Cleanup: 10400 ns, At safepoint: 1900 ns, Total: 18400 ns
[3072.037s][info ][safepoint      ] Safepoint "Cleanup", Time since last: 7000535737 ns, Reaching safepoint: 7000 ns, Cleanup: 18400 ns, At safepoint: 2700 ns, Total: 28100 ns
[3073.038s][info ][safepoint      ] Safepoint "Cleanup", Time since last: 1000120502 ns, Reaching safepoint: 6900 ns, Cleanup: 12401 ns, At safepoint: 2400 ns, Total: 21701 ns
[3074.038s][info ][safepoint      ] Safepoint "Cleanup", Time since last: 1000102802 ns, Reaching safepoint: 6300 ns, Cleanup: 18300 ns, At safepoint: 2200 ns, Total: 26800 ns
[3080.038s][info ][safepoint      ] Safepoint "Cleanup", Time since last: 6000447317 ns, Reaching safepoint: 6600 ns, Cleanup: 9500 ns, At safepoint: 2400 ns, Total: 18500 ns
[3083.038s][info ][safepoint      ] Safepoint "Cleanup", Time since last: 3000249011 ns, Reaching safepoint: 6800 ns, Cleanup: 24600 ns, At safepoint: 4000 ns, Total: 35400 ns
[3087.039s][info ][safepoint      ] Safepoint "Cleanup", Time since last: 4000332598 ns, Reaching safepoint: 6000 ns, Cleanup: 6800 ns, At safepoint: 2600 ns, Total: 15400 ns
[3090.766s][info ][gc,start       ] GC(82) Pause Young (Allocation Failure)
[3090.770s][debug][gc,phases      ] GC(82) Scavenge 4.297ms
[3090.770s][debug][gc,ref         ] GC(82) ReferenceProcessor::execute queues: 1, RefProcThreadModel::Single, marks_oops_alive: false
[3090.770s][debug][gc,ref         ] GC(82) Skipped KeepAliveFinalRefsPhase of Reference Processing: no references
[3090.770s][debug][gc,ref         ] GC(82) Skipped PhantomRefsPhase of Reference Processing: no references
[3090.770s][debug][gc,phases      ] GC(82) Reference Processing 0.095ms
[3090.771s][debug][gc,phases      ] GC(82)   VM Weak                        Min:  0.0, Avg:  0.0, Max:  0.0, Diff:  0.0, Sum:  0.0, Workers: 4
[3090.771s][debug][gc,phases      ] GC(82)     Dead                           Min: 0, Avg:  0.0, Max: 0, Diff: 0, Sum: 0, Workers: 4
[3090.771s][debug][gc,phases      ] GC(82)     Total                          Min: 0, Avg: 243.0, Max: 704, Diff: 704, Sum: 972, Workers: 4
[3090.771s][debug][gc,phases      ] GC(82)   ObjectSynchronizer Weak        Min:  0.0, Avg:  0.0, Max:  0.0, Diff:  0.0, Sum:  0.0, Workers: 4
[3090.771s][debug][gc,phases      ] GC(82)     Dead                           Min: 0, Avg:  0.0, Max: 0, Diff: 0, Sum: 0, Workers: 4
[3090.771s][debug][gc,phases      ] GC(82)     Total                          Min: 0, Avg:  0.8, Max: 3, Diff: 3, Sum: 3, Workers: 4
[3090.771s][debug][gc,phases      ] GC(82)   JVMTI Tag Weak OopStorage      Min:  0.0, Avg:  0.0, Max:  0.0, Diff:  0.0, Sum:  0.0, Workers: 4
[3090.771s][debug][gc,phases      ] GC(82)     Dead                           Min: 0, Avg:  0.0, Max: 0, Diff: 0, Sum: 0, Workers: 4
[3090.771s][debug][gc,phases      ] GC(82)     Total                          Min: 0, Avg:  0.0, Max: 0, Diff: 0, Sum: 0, Workers: 4
[3090.771s][debug][gc,phases      ] GC(82)   StringTable Weak               Min:  0.0, Avg:  0.1, Max:  0.1, Diff:  0.1, Sum:  0.4, Workers: 4
[3090.771s][debug][gc,phases      ] GC(82)     Dead                           Min: 0, Avg:  0.0, Max: 0, Diff: 0, Sum: 0, Workers: 4
[3090.771s][debug][gc,phases      ] GC(82)     Total                          Min: 0, Avg: 11902.0, Max: 20160, Diff: 20160, Sum: 47608, Workers: 4
[3090.771s][debug][gc,phases      ] GC(82)   ResolvedMethodTable Weak       Min:  0.0, Avg:  0.0, Max:  0.0, Diff:  0.0, Sum:  0.1, Workers: 4
[3090.771s][debug][gc,phases      ] GC(82)     Dead                           Min: 0, Avg:  4.0, Max: 16, Diff: 16, Sum: 16, Workers: 4
[3090.771s][debug][gc,phases      ] GC(82)     Total                          Min: 0, Avg: 3849.0, Max: 6691, Diff: 6691, Sum: 15396, Workers: 4
[3090.771s][debug][gc,phases      ] GC(82)   JNI Weak                       Min:  0.0, Avg:  0.0, Max:  0.0, Diff:  0.0, Sum:  0.0, Workers: 4
[3090.771s][debug][gc,phases      ] GC(82)     Dead                           Min: 0, Avg:  0.0, Max: 0, Diff: 0, Sum: 0, Workers: 4
[3090.771s][debug][gc,phases      ] GC(82)     Total                          Min: 0, Avg: 13.0, Max: 52, Diff: 52, Sum: 52, Workers: 4
[3090.771s][debug][gc,phases      ] GC(82)   StringDedup Table Weak         Min:  0.0, Avg:  0.0, Max:  0.0, Diff:  0.0, Sum:  0.0, Workers: 4
[3090.771s][debug][gc,phases      ] GC(82)     Dead                           Min: 0, Avg:  0.0, Max: 0, Diff: 0, Sum: 0, Workers: 4
[3090.771s][debug][gc,phases      ] GC(82)     Total                          Min: 0, Avg:  0.0, Max: 0, Diff: 0, Sum: 0, Workers: 4
[3090.771s][debug][gc,phases      ] GC(82)   StringDedup Requests0 Weak     Min:  0.0, Avg:  0.0, Max:  0.0, Diff:  0.0, Sum:  0.0, Workers: 4
[3090.771s][debug][gc,phases      ] GC(82)     Dead                           Min: 0, Avg:  0.0, Max: 0, Diff: 0, Sum: 0, Workers: 4
[3090.771s][debug][gc,phases      ] GC(82)     Total                          Min: 0, Avg:  0.0, Max: 0, Diff: 0, Sum: 0, Workers: 4
[3090.771s][debug][gc,phases      ] GC(82)   StringDedup Requests1 Weak     Min:  0.0, Avg:  0.0, Max:  0.0, Diff:  0.0, Sum:  0.0, Workers: 4
[3090.771s][debug][gc,phases      ] GC(82)     Dead                           Min: 0, Avg:  0.0, Max: 0, Diff: 0, Sum: 0, Workers: 4
[3090.771s][debug][gc,phases      ] GC(82)     Total                          Min: 0, Avg:  0.0, Max: 0, Diff: 0, Sum: 0, Workers: 4
[3090.771s][debug][gc,phases      ] GC(82)   Weak JFR Old Object Samples    Min:  0.0, Avg:  0.0, Max:  0.0, Diff:  0.0, Sum:  0.0, Workers: 4
[3090.771s][debug][gc,phases      ] GC(82)     Dead                           Min: 0, Avg:  0.0, Max: 0, Diff: 0, Sum: 0, Workers: 4
[3090.771s][debug][gc,phases      ] GC(82)     Total                          Min: 0, Avg:  0.0, Max: 0, Diff: 0, Sum: 0, Workers: 4
[3090.771s][debug][gc,phases      ] GC(82) Weak Processing 0.396ms
[3090.771s][debug][gc,age         ] GC(82) Desired survivor size 42991616 bytes, new threshold 1 (max threshold 15)
[3090.771s][info ][gc,heap        ] GC(82) PSYoungGen: 2016544K(2054144K)->2464K(2051584K) Eden: 2008576K(2008576K)->0K(2008576K) From: 7968K(45568K)->2464K(43008K)
[3090.771s][info ][gc,heap        ] GC(82) ParOldGen: 405755K(570368K)->411909K(570368K)
[3090.771s][info ][gc,metaspace   ] GC(82) Metaspace: 110044K(111360K)->110044K(111360K) NonClass: 93588K(94336K)->93588K(94336K) Class: 16455K(17024K)->16455K(17024K)
[3090.771s][info ][gc             ] GC(82) Pause Young (Allocation Failure) 2365M->404M(2560M) 4.889ms
[3090.771s][info ][gc,cpu         ] GC(82) User=0.02s Sys=0.00s Real=0.01s
[3090.771s][info ][safepoint      ] Safepoint "ParallelGCFailedAllocation", Time since last: 3727083211 ns, Reaching safepoint: 81601 ns, Cleanup: 4100 ns, At safepoint: 4952643 ns, Total: 5038344 ns
[3110.772s][info ][safepoint      ] Safepoint "Cleanup", Time since last: 20001438552 ns, Reaching safepoint: 5900 ns, Cleanup: 7800 ns, At safepoint: 1800 ns, Total: 15500 ns
[3112.772s][info ][safepoint      ] Safepoint "Cleanup", Time since last: 2000172491 ns, Reaching safepoint: 4500 ns, Cleanup: 6700 ns, At safepoint: 1400 ns, Total: 12600 ns
[3113.773s][info ][safepoint      ] Safepoint "Cleanup", Time since last: 1000108796 ns, Reaching safepoint: 5500 ns, Cleanup: 11300 ns, At safepoint: 2000 ns, Total: 18800 ns
[3114.773s][info ][safepoint      ] Safepoint "Cleanup", Time since last: 1000108896 ns, Reaching safepoint: 5400 ns, Cleanup: 12900 ns, At safepoint: 2000 ns, Total: 20300 ns
[3120.773s][info ][safepoint      ] Safepoint "Cleanup", Time since last: 6000466957 ns, Reaching safepoint: 5000 ns, Cleanup: 9800 ns, At safepoint: 2000 ns, Total: 16800 ns
[3122.435s][info ][safepoint      ] Safepoint "Cleanup", Time since last: 1662084345 ns, Reaching safepoint: 5400 ns, Cleanup: 9300 ns, At safepoint: 2100 ns, Total: 16800 ns
[3123.435s][info ][safepoint      ] Safepoint "Cleanup", Time since last: 1000105192 ns, Reaching safepoint: 5500 ns, Cleanup: 10200 ns, At safepoint: 2700 ns, Total: 18400 ns
[3125.436s][info ][safepoint      ] Safepoint "Cleanup", Time since last: 2000171684 ns, Reaching safepoint: 5400 ns, Cleanup: 15100 ns, At safepoint: 2500 ns, Total: 23000 ns
[3128.436s][info ][safepoint      ] Safepoint "Cleanup", Time since last: 3000278977 ns, Reaching safepoint: 5900 ns, Cleanup: 10300 ns, At safepoint: 1900 ns, Total: 18100 ns
[3129.436s][info ][safepoint      ] Safepoint "Cleanup", Time since last: 1000108892 ns, Reaching safepoint: 5500 ns, Cleanup: 17700 ns, At safepoint: 1900 ns, Total: 25100 ns
[3131.436s][info ][safepoint      ] Safepoint "Cleanup", Time since last: 2000185584 ns, Reaching safepoint: 5400 ns, Cleanup: 8400 ns, At safepoint: 2300 ns, Total: 16100 ns
[3133.437s][info ][safepoint      ] Safepoint "Cleanup", Time since last: 2000184387 ns, Reaching safepoint: 80101 ns, Cleanup: 9300 ns, At safepoint: 6600 ns, Total: 96001 ns
[3134.271s][info ][gc,start       ] GC(83) Pause Young (Allocation Failure)
[3134.275s][debug][gc,phases      ] GC(83) Scavenge 3.320ms
[3134.275s][debug][gc,ref         ] GC(83) ReferenceProcessor::execute queues: 1, RefProcThreadModel::Single, marks_oops_alive: false
[3134.275s][debug][gc,ref         ] GC(83) Skipped KeepAliveFinalRefsPhase of Reference Processing: no references
[3134.275s][debug][gc,ref         ] GC(83) ReferenceProcessor::execute queues: 1, RefProcThreadModel::Single, marks_oops_alive: false
[3134.275s][debug][gc,phases      ] GC(83) Reference Processing 0.114ms
[3134.275s][debug][gc,phases      ] GC(83)   VM Weak                        Min:  0.0, Avg:  0.0, Max:  0.0, Diff:  0.0, Sum:  0.0, Workers: 4
[3134.275s][debug][gc,phases      ] GC(83)     Dead                           Min: 0, Avg:  0.0, Max: 0, Diff: 0, Sum: 0, Workers: 4
[3134.275s][debug][gc,phases      ] GC(83)     Total                          Min: 0, Avg: 243.0, Max: 512, Diff: 512, Sum: 972, Workers: 4
[3134.275s][debug][gc,phases      ] GC(83)   ObjectSynchronizer Weak        Min:  0.0, Avg:  0.0, Max:  0.0, Diff:  0.0, Sum:  0.0, Workers: 4
[3134.275s][debug][gc,phases      ] GC(83)     Dead                           Min: 0, Avg:  0.0, Max: 0, Diff: 0, Sum: 0, Workers: 4
[3134.275s][debug][gc,phases      ] GC(83)     Total                          Min: 0, Avg:  0.8, Max: 3, Diff: 3, Sum: 3, Workers: 4
[3134.275s][debug][gc,phases      ] GC(83)   JVMTI Tag Weak OopStorage      Min:  0.0, Avg:  0.0, Max:  0.0, Diff:  0.0, Sum:  0.0, Workers: 4
[3134.275s][debug][gc,phases      ] GC(83)     Dead                           Min: 0, Avg:  0.0, Max: 0, Diff: 0, Sum: 0, Workers: 4
[3134.275s][debug][gc,phases      ] GC(83)     Total                          Min: 0, Avg:  0.0, Max: 0, Diff: 0, Sum: 0, Workers: 4
[3134.275s][debug][gc,phases      ] GC(83)   StringTable Weak               Min:  0.0, Avg:  0.1, Max:  0.1, Diff:  0.1, Sum:  0.4, Workers: 4
[3134.275s][debug][gc,phases      ] GC(83)     Dead                           Min: 0, Avg:  0.2, Max: 1, Diff: 1, Sum: 1, Workers: 4
[3134.275s][debug][gc,phases      ] GC(83)     Total                          Min: 0, Avg: 11904.2, Max: 20097, Diff: 20097, Sum: 47617, Workers: 4
[3134.275s][debug][gc,phases      ] GC(83)   ResolvedMethodTable Weak       Min:  0.0, Avg:  0.0, Max:  0.0, Diff:  0.0, Sum:  0.1, Workers: 4
[3134.275s][debug][gc,phases      ] GC(83)     Dead                           Min: 0, Avg:  4.2, Max: 17, Diff: 17, Sum: 17, Workers: 4
[3134.275s][debug][gc,phases      ] GC(83)     Total                          Min: 0, Avg: 3849.5, Max: 6087, Diff: 6087, Sum: 15398, Workers: 4
[3134.275s][debug][gc,phases      ] GC(83)   JNI Weak                       Min:  0.0, Avg:  0.0, Max:  0.0, Diff:  0.0, Sum:  0.0, Workers: 4
[3134.275s][debug][gc,phases      ] GC(83)     Dead                           Min: 0, Avg:  0.0, Max: 0, Diff: 0, Sum: 0, Workers: 4
[3134.275s][debug][gc,phases      ] GC(83)     Total                          Min: 0, Avg: 13.0, Max: 52, Diff: 52, Sum: 52, Workers: 4
[3134.275s][debug][gc,phases      ] GC(83)   StringDedup Table Weak         Min:  0.0, Avg:  0.0, Max:  0.0, Diff:  0.0, Sum:  0.0, Workers: 4
[3134.275s][debug][gc,phases      ] GC(83)     Dead                           Min: 0, Avg:  0.0, Max: 0, Diff: 0, Sum: 0, Workers: 4
[3134.275s][debug][gc,phases      ] GC(83)     Total                          Min: 0, Avg:  0.0, Max: 0, Diff: 0, Sum: 0, Workers: 4
[3134.275s][debug][gc,phases      ] GC(83)   StringDedup Requests0 Weak     Min:  0.0, Avg:  0.0, Max:  0.0, Diff:  0.0, Sum:  0.0, Workers: 4
[3134.275s][debug][gc,phases      ] GC(83)     Dead                           Min: 0, Avg:  0.0, Max: 0, Diff: 0, Sum: 0, Workers: 4
[3134.275s][debug][gc,phases      ] GC(83)     Total                          Min: 0, Avg:  0.0, Max: 0, Diff: 0, Sum: 0, Workers: 4
[3134.275s][debug][gc,phases      ] GC(83)   StringDedup Requests1 Weak     Min:  0.0, Avg:  0.0, Max:  0.0, Diff:  0.0, Sum:  0.0, Workers: 4
[3134.275s][debug][gc,phases      ] GC(83)     Dead                           Min: 0, Avg:  0.0, Max: 0, Diff: 0, Sum: 0, Workers: 4
[3134.275s][debug][gc,phases      ] GC(83)     Total                          Min: 0, Avg:  0.0, Max: 0, Diff: 0, Sum: 0, Workers: 4
[3134.275s][debug][gc,phases      ] GC(83)   Weak JFR Old Object Samples    Min:  0.0, Avg:  0.0, Max:  0.0, Diff:  0.0, Sum:  0.0, Workers: 4
[3134.275s][debug][gc,phases      ] GC(83)     Dead                           Min: 0, Avg:  0.0, Max: 0, Diff: 0, Sum: 0, Workers: 4
[3134.275s][debug][gc,phases      ] GC(83)     Total                          Min: 0, Avg:  0.0, Max: 0, Diff: 0, Sum: 0, Workers: 4
[3134.275s][debug][gc,phases      ] GC(83) Weak Processing 0.397ms
[3134.275s][debug][gc,age         ] GC(83) Desired survivor size 41418752 bytes, new threshold 1 (max threshold 15)
[3134.275s][info ][gc,heap        ] GC(83) PSYoungGen: 2011040K(2051584K)->2976K(2056704K) Eden: 2008576K(2008576K)->0K(2014720K) From: 2464K(43008K)->2976K(41984K)
[3134.275s][info ][gc,heap        ] GC(83) ParOldGen: 411909K(570368K)->412733K(570368K)
[3134.275s][info ][gc,metaspace   ] GC(83) Metaspace: 110072K(111360K)->110072K(111360K) NonClass: 93613K(94336K)->93613K(94336K) Class: 16459K(17024K)->16459K(17024K)
[3134.275s][info ][gc             ] GC(83) Pause Young (Allocation Failure) 2366M->405M(2565M) 3.928ms
[3134.275s][info ][gc,cpu         ] GC(83) User=0.01s Sys=0.01s Real=0.00s
[3134.275s][info ][safepoint      ] Safepoint "ParallelGCFailedAllocation", Time since last: 834653656 ns, Reaching safepoint: 4700 ns, Cleanup: 5800 ns, At safepoint: 3983735 ns, Total: 3994235 ns
[3135.275s][info ][safepoint      ] Safepoint "Cleanup", Time since last: 1000096495 ns, Reaching safepoint: 6300 ns, Cleanup: 10500 ns, At safepoint: 2500 ns, Total: 19300 ns
[3140.276s][info ][safepoint      ] Safepoint "Cleanup", Time since last: 5000401474 ns, Reaching safepoint: 6100 ns, Cleanup: 8800 ns, At safepoint: 2100 ns, Total: 17000 ns
[3153.277s][info ][safepoint      ] Safepoint "Cleanup", Time since last: 13000959757 ns, Reaching safepoint: 6200 ns, Cleanup: 9800 ns, At safepoint: 2600 ns, Total: 18600 ns
[3166.278s][info ][safepoint      ] Safepoint "Cleanup", Time since last: 13000996380 ns, Reaching safepoint: 5400 ns, Cleanup: 9000 ns, At safepoint: 2500 ns, Total: 16900 ns
[3172.278s][info ][safepoint      ] Safepoint "Cleanup", Time since last: 6000469354 ns, Reaching safepoint: 5800 ns, Cleanup: 9200 ns, At safepoint: 2100 ns, Total: 17100 ns
[3176.279s][info ][safepoint      ] Safepoint "Cleanup", Time since last: 4000325714 ns, Reaching safepoint: 7100 ns, Cleanup: 28800 ns, At safepoint: 3400 ns, Total: 39300 ns
[3177.279s][info ][safepoint      ] Safepoint "Cleanup", Time since last: 1000119003 ns, Reaching safepoint: 5700 ns, Cleanup: 9800 ns, At safepoint: 2100 ns, Total: 17600 ns
[3179.279s][info ][safepoint      ] Safepoint "Cleanup", Time since last: 2000181706 ns, Reaching safepoint: 5800 ns, Cleanup: 11301 ns, At safepoint: 2300 ns, Total: 19401 ns
[3180.916s][info ][gc,start       ] GC(84) Pause Young (Allocation Failure)
[3180.918s][debug][gc,phases      ] GC(84) Scavenge 2.528ms
[3180.918s][debug][gc,ref         ] GC(84) ReferenceProcessor::execute queues: 1, RefProcThreadModel::Single, marks_oops_alive: false
[3180.918s][debug][gc,ref         ] GC(84) Skipped KeepAliveFinalRefsPhase of Reference Processing: no references
[3180.918s][debug][gc,ref         ] GC(84) ReferenceProcessor::execute queues: 1, RefProcThreadModel::Single, marks_oops_alive: false
[3180.918s][debug][gc,phases      ] GC(84) Reference Processing 0.096ms
[3180.918s][debug][gc,phases      ] GC(84)   VM Weak                        Min:  0.0, Avg:  0.0, Max:  0.0, Diff:  0.0, Sum:  0.0, Workers: 4
[3180.919s][debug][gc,phases      ] GC(84)     Dead                           Min: 0, Avg:  0.0, Max: 0, Diff: 0, Sum: 0, Workers: 4
[3180.919s][debug][gc,phases      ] GC(84)     Total                          Min: 64, Avg: 243.0, Max: 448, Diff: 384, Sum: 972, Workers: 4
[3180.919s][debug][gc,phases      ] GC(84)   ObjectSynchronizer Weak        Min:  0.0, Avg:  0.0, Max:  0.0, Diff:  0.0, Sum:  0.0, Workers: 4
[3180.919s][debug][gc,phases      ] GC(84)     Dead                           Min: 0, Avg:  0.0, Max: 0, Diff: 0, Sum: 0, Workers: 4
[3180.919s][debug][gc,phases      ] GC(84)     Total                          Min: 0, Avg:  0.8, Max: 3, Diff: 3, Sum: 3, Workers: 4
[3180.919s][debug][gc,phases      ] GC(84)   JVMTI Tag Weak OopStorage      Min:  0.0, Avg:  0.0, Max:  0.0, Diff:  0.0, Sum:  0.0, Workers: 4
[3180.919s][debug][gc,phases      ] GC(84)     Dead                           Min: 0, Avg:  0.0, Max: 0, Diff: 0, Sum: 0, Workers: 4
[3180.919s][debug][gc,phases      ] GC(84)     Total                          Min: 0, Avg:  0.0, Max: 0, Diff: 0, Sum: 0, Workers: 4
[3180.919s][debug][gc,phases      ] GC(84)   StringTable Weak               Min:  0.1, Avg:  0.1, Max:  0.1, Diff:  0.0, Sum:  0.5, Workers: 4
[3180.919s][debug][gc,phases      ] GC(84)     Dead                           Min: 0, Avg:  0.0, Max: 0, Diff: 0, Sum: 0, Workers: 4
[3180.919s][debug][gc,phases      ] GC(84)     Total                          Min: 11780, Avg: 11905.0, Max: 11968, Diff: 188, Sum: 47620, Workers: 4
[3180.919s][debug][gc,phases      ] GC(84)   ResolvedMethodTable Weak       Min:  0.0, Avg:  0.0, Max:  0.0, Diff:  0.0, Sum:  0.2, Workers: 4
[3180.919s][debug][gc,phases      ] GC(84)     Dead                           Min: 0, Avg:  4.0, Max: 16, Diff: 16, Sum: 16, Workers: 4
[3180.919s][debug][gc,phases      ] GC(84)     Total                          Min: 3790, Avg: 3850.0, Max: 3946, Diff: 156, Sum: 15400, Workers: 4
[3180.919s][debug][gc,phases      ] GC(84)   JNI Weak                       Min:  0.0, Avg:  0.0, Max:  0.0, Diff:  0.0, Sum:  0.0, Workers: 4
[3180.919s][debug][gc,phases      ] GC(84)     Dead                           Min: 0, Avg:  0.0, Max: 0, Diff: 0, Sum: 0, Workers: 4
[3180.919s][debug][gc,phases      ] GC(84)     Total                          Min: 0, Avg: 13.0, Max: 52, Diff: 52, Sum: 52, Workers: 4
[3180.919s][debug][gc,phases      ] GC(84)   StringDedup Table Weak         Min:  0.0, Avg:  0.0, Max:  0.0, Diff:  0.0, Sum:  0.0, Workers: 4
[3180.919s][debug][gc,phases      ] GC(84)     Dead                           Min: 0, Avg:  0.0, Max: 0, Diff: 0, Sum: 0, Workers: 4
[3180.919s][debug][gc,phases      ] GC(84)     Total                          Min: 0, Avg:  0.0, Max: 0, Diff: 0, Sum: 0, Workers: 4
[3180.919s][debug][gc,phases      ] GC(84)   StringDedup Requests0 Weak     Min:  0.0, Avg:  0.0, Max:  0.0, Diff:  0.0, Sum:  0.0, Workers: 4
[3180.919s][debug][gc,phases      ] GC(84)     Dead                           Min: 0, Avg:  0.0, Max: 0, Diff: 0, Sum: 0, Workers: 4
[3180.919s][debug][gc,phases      ] GC(84)     Total                          Min: 0, Avg:  0.0, Max: 0, Diff: 0, Sum: 0, Workers: 4
[3180.919s][debug][gc,phases      ] GC(84)   StringDedup Requests1 Weak     Min:  0.0, Avg:  0.0, Max:  0.0, Diff:  0.0, Sum:  0.0, Workers: 4
[3180.919s][debug][gc,phases      ] GC(84)     Dead                           Min: 0, Avg:  0.0, Max: 0, Diff: 0, Sum: 0, Workers: 4
[3180.919s][debug][gc,phases      ] GC(84)     Total                          Min: 0, Avg:  0.0, Max: 0, Diff: 0, Sum: 0, Workers: 4
[3180.919s][debug][gc,phases      ] GC(84)   Weak JFR Old Object Samples    Min:  0.0, Avg:  0.0, Max:  0.0, Diff:  0.0, Sum:  0.0, Workers: 4
[3180.919s][debug][gc,phases      ] GC(84)     Dead                           Min: 0, Avg:  0.0, Max: 0, Diff: 0, Sum: 0, Workers: 4
[3180.919s][debug][gc,phases      ] GC(84)     Total                          Min: 0, Avg:  0.0, Max: 0, Diff: 0, Sum: 0, Workers: 4
[3180.919s][debug][gc,phases      ] GC(84) Weak Processing 0.359ms
[3180.919s][debug][gc,age         ] GC(84) Desired survivor size 39845888 bytes, new threshold 1 (max threshold 15)
[3180.919s][info ][gc,heap        ] GC(84) PSYoungGen: 2017696K(2056704K)->2528K(2055168K) Eden: 2014720K(2014720K)->0K(2014720K) From: 2976K(41984K)->2528K(40448K)
[3180.919s][info ][gc,heap        ] GC(84) ParOldGen: 412733K(570368K)->414093K(570368K)
[3180.919s][info ][gc,metaspace   ] GC(84) Metaspace: 110086K(111424K)->110086K(111424K) NonClass: 93627K(94400K)->93627K(94400K) Class: 16459K(17024K)->16459K(17024K)
[3180.919s][info ][gc             ] GC(84) Pause Young (Allocation Failure) 2373M->406M(2564M) 3.080ms
[3180.919s][info ][gc,cpu         ] GC(84) User=0.01s Sys=0.00s Real=0.00s
[3180.919s][info ][safepoint      ] Safepoint "ParallelGCFailedAllocation", Time since last: 1636536450 ns, Reaching safepoint: 85001 ns, Cleanup: 4700 ns, At safepoint: 3161627 ns, Total: 3251328 ns
[3191.920s][info ][safepoint      ] Safepoint "Cleanup", Time since last: 11000829745 ns, Reaching safepoint: 78501 ns, Cleanup: 10500 ns, At safepoint: 6400 ns, Total: 95401 ns
[3201.921s][info ][safepoint      ] Safepoint "Cleanup", Time since last: 10000771207 ns, Reaching safepoint: 79101 ns, Cleanup: 13600 ns, At safepoint: 7000 ns, Total: 99701 ns
[3202.921s][info ][safepoint      ] Safepoint "Cleanup", Time since last: 1000107255 ns, Reaching safepoint: 80801 ns, Cleanup: 9000 ns, At safepoint: 6000 ns, Total: 95801 ns
[3223.922s][info ][safepoint      ] Safepoint "Cleanup", Time since last: 21001527528 ns, Reaching safepoint: 5900 ns, Cleanup: 7800 ns, At safepoint: 1700 ns, Total: 15400 ns
[3227.998s][info ][gc,start       ] GC(85) Pause Young (Allocation Failure)
[3228.002s][debug][gc,phases      ] GC(85) Scavenge 3.982ms
[3228.003s][debug][gc,ref         ] GC(85) ReferenceProcessor::execute queues: 1, RefProcThreadModel::Single, marks_oops_alive: false
[3228.003s][debug][gc,ref         ] GC(85) Skipped KeepAliveFinalRefsPhase of Reference Processing: no references
[3228.003s][debug][gc,ref         ] GC(85) Skipped PhantomRefsPhase of Reference Processing: no references
[3228.003s][debug][gc,phases      ] GC(85) Reference Processing 0.146ms
[3228.003s][debug][gc,phases      ] GC(85)   VM Weak                        Min:  0.0, Avg:  0.0, Max:  0.0, Diff:  0.0, Sum:  0.0, Workers: 4
[3228.003s][debug][gc,phases      ] GC(85)     Dead                           Min: 0, Avg:  0.0, Max: 0, Diff: 0, Sum: 0, Workers: 4
[3228.003s][debug][gc,phases      ] GC(85)     Total                          Min: 0, Avg: 243.0, Max: 716, Diff: 716, Sum: 972, Workers: 4
[3228.003s][debug][gc,phases      ] GC(85)   ObjectSynchronizer Weak        Min:  0.0, Avg:  0.0, Max:  0.0, Diff:  0.0, Sum:  0.0, Workers: 4
[3228.003s][debug][gc,phases      ] GC(85)     Dead                           Min: 0, Avg:  0.0, Max: 0, Diff: 0, Sum: 0, Workers: 4
[3228.003s][debug][gc,phases      ] GC(85)     Total                          Min: 0, Avg:  0.8, Max: 3, Diff: 3, Sum: 3, Workers: 4
[3228.003s][debug][gc,phases      ] GC(85)   JVMTI Tag Weak OopStorage      Min:  0.0, Avg:  0.0, Max:  0.0, Diff:  0.0, Sum:  0.0, Workers: 4
[3228.003s][debug][gc,phases      ] GC(85)     Dead                           Min: 0, Avg:  0.0, Max: 0, Diff: 0, Sum: 0, Workers: 4
[3228.003s][debug][gc,phases      ] GC(85)     Total                          Min: 0, Avg:  0.0, Max: 0, Diff: 0, Sum: 0, Workers: 4
[3228.003s][debug][gc,phases      ] GC(85)   StringTable Weak               Min:  0.0, Avg:  0.1, Max:  0.2, Diff:  0.2, Sum:  0.5, Workers: 4
[3228.003s][debug][gc,phases      ] GC(85)     Dead                           Min: 0, Avg:  0.0, Max: 0, Diff: 0, Sum: 0, Workers: 4
[3228.003s][debug][gc,phases      ] GC(85)     Total                          Min: 0, Avg: 11905.0, Max: 15936, Diff: 15936, Sum: 47620, Workers: 4
[3228.003s][debug][gc,phases      ] GC(85)   ResolvedMethodTable Weak       Min:  0.0, Avg:  0.0, Max:  0.1, Diff:  0.1, Sum:  0.2, Workers: 4
[3228.003s][debug][gc,phases      ] GC(85)     Dead                           Min: 0, Avg:  4.0, Max: 16, Diff: 16, Sum: 16, Workers: 4
[3228.003s][debug][gc,phases      ] GC(85)     Total                          Min: 0, Avg: 3850.0, Max: 5267, Diff: 5267, Sum: 15400, Workers: 4
[3228.003s][debug][gc,phases      ] GC(85)   JNI Weak                       Min:  0.0, Avg:  0.0, Max:  0.0, Diff:  0.0, Sum:  0.0, Workers: 4
[3228.003s][debug][gc,phases      ] GC(85)     Dead                           Min: 0, Avg:  0.0, Max: 0, Diff: 0, Sum: 0, Workers: 4
[3228.003s][debug][gc,phases      ] GC(85)     Total                          Min: 0, Avg: 13.0, Max: 52, Diff: 52, Sum: 52, Workers: 4
[3228.003s][debug][gc,phases      ] GC(85)   StringDedup Table Weak         Min:  0.0, Avg:  0.0, Max:  0.0, Diff:  0.0, Sum:  0.0, Workers: 4
[3228.003s][debug][gc,phases      ] GC(85)     Dead                           Min: 0, Avg:  0.0, Max: 0, Diff: 0, Sum: 0, Workers: 4
[3228.003s][debug][gc,phases      ] GC(85)     Total                          Min: 0, Avg:  0.0, Max: 0, Diff: 0, Sum: 0, Workers: 4
[3228.003s][debug][gc,phases      ] GC(85)   StringDedup Requests0 Weak     Min:  0.0, Avg:  0.0, Max:  0.0, Diff:  0.0, Sum:  0.0, Workers: 4
[3228.003s][debug][gc,phases      ] GC(85)     Dead                           Min: 0, Avg:  0.0, Max: 0, Diff: 0, Sum: 0, Workers: 4
[3228.003s][debug][gc,phases      ] GC(85)     Total                          Min: 0, Avg:  0.0, Max: 0, Diff: 0, Sum: 0, Workers: 4
[3228.003s][debug][gc,phases      ] GC(85)   StringDedup Requests1 Weak     Min:  0.0, Avg:  0.0, Max:  0.0, Diff:  0.0, Sum:  0.0, Workers: 4
[3228.003s][debug][gc,phases      ] GC(85)     Dead                           Min: 0, Avg:  0.0, Max: 0, Diff: 0, Sum: 0, Workers: 4
[3228.003s][debug][gc,phases      ] GC(85)     Total                          Min: 0, Avg:  0.0, Max: 0, Diff: 0, Sum: 0, Workers: 4
[3228.003s][debug][gc,phases      ] GC(85)   Weak JFR Old Object Samples    Min:  0.0, Avg:  0.0, Max:  0.0, Diff:  0.0, Sum:  0.0, Workers: 4
[3228.003s][debug][gc,phases      ] GC(85)     Dead                           Min: 0, Avg:  0.0, Max: 0, Diff: 0, Sum: 0, Workers: 4
[3228.003s][debug][gc,phases      ] GC(85)     Total                          Min: 0, Avg:  0.0, Max: 0, Diff: 0, Sum: 0, Workers: 4
[3228.003s][debug][gc,phases      ] GC(85) Weak Processing 0.408ms
[3228.003s][debug][gc,age         ] GC(85) Desired survivor size 38273024 bytes, new threshold 1 (max threshold 15)
[3228.003s][info ][gc,heap        ] GC(85) PSYoungGen: 2017248K(2055168K)->2912K(2059776K) Eden: 2014720K(2014720K)->0K(2020864K) From: 2528K(40448K)->2912K(38912K)
[3228.003s][info ][gc,heap        ] GC(85) ParOldGen: 414093K(570368K)->415005K(570368K)
[3228.003s][info ][gc,metaspace   ] GC(85) Metaspace: 110089K(111424K)->110089K(111424K) NonClass: 93629K(94400K)->93629K(94400K) Class: 16459K(17024K)->16459K(17024K)
[3228.003s][info ][gc             ] GC(85) Pause Young (Allocation Failure) 2374M->408M(2568M) 4.647ms
[3228.003s][info ][gc,cpu         ] GC(85) User=0.01s Sys=0.00s Real=0.01s
[3228.003s][info ][safepoint      ] Safepoint "ParallelGCFailedAllocation", Time since last: 4076133562 ns, Reaching safepoint: 6400 ns, Cleanup: 3900 ns, At safepoint: 4710941 ns, Total: 4721241 ns
[3231.003s][info ][safepoint      ] Safepoint "Cleanup", Time since last: 3000243364 ns, Reaching safepoint: 6400 ns, Cleanup: 9701 ns, At safepoint: 2100 ns, Total: 18201 ns
[3274.006s][info ][safepoint      ] Safepoint "Cleanup", Time since last: 43003010163 ns, Reaching safepoint: 5500 ns, Cleanup: 27300 ns, At safepoint: 2400 ns, Total: 35200 ns
[3275.007s][info ][safepoint      ] Safepoint "Cleanup", Time since last: 1000104504 ns, Reaching safepoint: 5500 ns, Cleanup: 7800 ns, At safepoint: 1900 ns, Total: 15200 ns
[3275.216s][info ][gc,start       ] GC(86) Pause Young (Allocation Failure)
[3275.219s][debug][gc,phases      ] GC(86) Scavenge 2.493ms
[3275.219s][debug][gc,ref         ] GC(86) ReferenceProcessor::execute queues: 1, RefProcThreadModel::Single, marks_oops_alive: false
[3275.219s][debug][gc,ref         ] GC(86) Skipped KeepAliveFinalRefsPhase of Reference Processing: no references
[3275.219s][debug][gc,ref         ] GC(86) ReferenceProcessor::execute queues: 1, RefProcThreadModel::Single, marks_oops_alive: false
[3275.219s][debug][gc,phases      ] GC(86) Reference Processing 0.117ms
[3275.219s][debug][gc,phases      ] GC(86)   VM Weak                        Min:  0.0, Avg:  0.0, Max:  0.0, Diff:  0.0, Sum:  0.0, Workers: 4
[3275.219s][debug][gc,phases      ] GC(86)     Dead                           Min: 0, Avg:  0.0, Max: 0, Diff: 0, Sum: 0, Workers: 4
[3275.219s][debug][gc,phases      ] GC(86)     Total                          Min: 0, Avg: 243.0, Max: 652, Diff: 652, Sum: 972, Workers: 4
[3275.219s][debug][gc,phases      ] GC(86)   ObjectSynchronizer Weak        Min:  0.0, Avg:  0.0, Max:  0.0, Diff:  0.0, Sum:  0.0, Workers: 4
[3275.219s][debug][gc,phases      ] GC(86)     Dead                           Min: 0, Avg:  0.0, Max: 0, Diff: 0, Sum: 0, Workers: 4
[3275.219s][debug][gc,phases      ] GC(86)     Total                          Min: 0, Avg:  0.8, Max: 3, Diff: 3, Sum: 3, Workers: 4
[3275.219s][debug][gc,phases      ] GC(86)   JVMTI Tag Weak OopStorage      Min:  0.0, Avg:  0.0, Max:  0.0, Diff:  0.0, Sum:  0.0, Workers: 4
[3275.219s][debug][gc,phases      ] GC(86)     Dead                           Min: 0, Avg:  0.0, Max: 0, Diff: 0, Sum: 0, Workers: 4
[3275.219s][debug][gc,phases      ] GC(86)     Total                          Min: 0, Avg:  0.0, Max: 0, Diff: 0, Sum: 0, Workers: 4
[3275.219s][debug][gc,phases      ] GC(86)   StringTable Weak               Min:  0.0, Avg:  0.1, Max:  0.1, Diff:  0.1, Sum:  0.4, Workers: 4
[3275.219s][debug][gc,phases      ] GC(86)     Dead                           Min: 0, Avg:  0.2, Max: 1, Diff: 1, Sum: 1, Workers: 4
[3275.219s][debug][gc,phases      ] GC(86)     Total                          Min: 0, Avg: 11905.8, Max: 20168, Diff: 20168, Sum: 47623, Workers: 4
[3275.219s][debug][gc,phases      ] GC(86)   ResolvedMethodTable Weak       Min:  0.0, Avg:  0.0, Max:  0.0, Diff:  0.0, Sum:  0.1, Workers: 4
[3275.219s][debug][gc,phases      ] GC(86)     Dead                           Min: 0, Avg:  4.0, Max: 16, Diff: 16, Sum: 16, Workers: 4
[3275.219s][debug][gc,phases      ] GC(86)     Total                          Min: 0, Avg: 3851.5, Max: 6192, Diff: 6192, Sum: 15406, Workers: 4
[3275.219s][debug][gc,phases      ] GC(86)   JNI Weak                       Min:  0.0, Avg:  0.0, Max:  0.0, Diff:  0.0, Sum:  0.0, Workers: 4
[3275.219s][debug][gc,phases      ] GC(86)     Dead                           Min: 0, Avg:  0.0, Max: 0, Diff: 0, Sum: 0, Workers: 4
[3275.219s][debug][gc,phases      ] GC(86)     Total                          Min: 0, Avg: 13.0, Max: 52, Diff: 52, Sum: 52, Workers: 4
[3275.219s][debug][gc,phases      ] GC(86)   StringDedup Table Weak         Min:  0.0, Avg:  0.0, Max:  0.0, Diff:  0.0, Sum:  0.0, Workers: 4
[3275.219s][debug][gc,phases      ] GC(86)     Dead                           Min: 0, Avg:  0.0, Max: 0, Diff: 0, Sum: 0, Workers: 4
[3275.219s][debug][gc,phases      ] GC(86)     Total                          Min: 0, Avg:  0.0, Max: 0, Diff: 0, Sum: 0, Workers: 4
[3275.219s][debug][gc,phases      ] GC(86)   StringDedup Requests0 Weak     Min:  0.0, Avg:  0.0, Max:  0.0, Diff:  0.0, Sum:  0.0, Workers: 4
[3275.219s][debug][gc,phases      ] GC(86)     Dead                           Min: 0, Avg:  0.0, Max: 0, Diff: 0, Sum: 0, Workers: 4
[3275.219s][debug][gc,phases      ] GC(86)     Total                          Min: 0, Avg:  0.0, Max: 0, Diff: 0, Sum: 0, Workers: 4
[3275.219s][debug][gc,phases      ] GC(86)   StringDedup Requests1 Weak     Min:  0.0, Avg:  0.0, Max:  0.0, Diff:  0.0, Sum:  0.0, Workers: 4
[3275.219s][debug][gc,phases      ] GC(86)     Dead                           Min: 0, Avg:  0.0, Max: 0, Diff: 0, Sum: 0, Workers: 4
[3275.219s][debug][gc,phases      ] GC(86)     Total                          Min: 0, Avg:  0.0, Max: 0, Diff: 0, Sum: 0, Workers: 4
[3275.219s][debug][gc,phases      ] GC(86)   Weak JFR Old Object Samples    Min:  0.0, Avg:  0.0, Max:  0.0, Diff:  0.0, Sum:  0.0, Workers: 4
[3275.219s][debug][gc,phases      ] GC(86)     Dead                           Min: 0, Avg:  0.0, Max: 0, Diff: 0, Sum: 0, Workers: 4
[3275.219s][debug][gc,phases      ] GC(86)     Total                          Min: 0, Avg:  0.0, Max: 0, Diff: 0, Sum: 0, Workers: 4
[3275.219s][debug][gc,phases      ] GC(86) Weak Processing 0.365ms
[3275.219s][debug][gc,age         ] GC(86) Desired survivor size 36175872 bytes, new threshold 1 (max threshold 15)
[3275.219s][info ][gc,heap        ] GC(86) PSYoungGen: 2023776K(2059776K)->2832K(2058240K) Eden: 2020864K(2020864K)->0K(2020864K) From: 2912K(38912K)->2832K(37376K)
[3275.219s][info ][gc,heap        ] GC(86) ParOldGen: 415005K(570368K)->415958K(570368K)
[3275.219s][info ][gc,metaspace   ] GC(86) Metaspace: 110096K(111424K)->110096K(111424K) NonClass: 93635K(94400K)->93635K(94400K) Class: 16461K(17024K)->16461K(17024K)
[3275.219s][info ][gc             ] GC(86) Pause Young (Allocation Failure) 2381M->408M(2567M) 3.060ms
[3275.219s][info ][gc,cpu         ] GC(86) User=0.01s Sys=0.00s Real=0.00s
[3275.219s][info ][safepoint      ] Safepoint "ParallelGCFailedAllocation", Time since last: 209428623 ns, Reaching safepoint: 100301 ns, Cleanup: 3800 ns, At safepoint: 3121527 ns, Total: 3225628 ns
[3277.219s][info ][safepoint      ] Safepoint "Cleanup", Time since last: 2000149605 ns, Reaching safepoint: 78100 ns, Cleanup: 15000 ns, At safepoint: 16901 ns, Total: 110001 ns
[3280.220s][info ][safepoint      ] Safepoint "Cleanup", Time since last: 3000264994 ns, Reaching safepoint: 107901 ns, Cleanup: 9600 ns, At safepoint: 8800 ns, Total: 126301 ns
[3281.220s][info ][safepoint      ] Safepoint "Cleanup", Time since last: 1000109999 ns, Reaching safepoint: 80000 ns, Cleanup: 8700 ns, At safepoint: 5700 ns, Total: 94400 ns
[3283.220s][info ][safepoint      ] Safepoint "Cleanup", Time since last: 2000184797 ns, Reaching safepoint: 79901 ns, Cleanup: 8300 ns, At safepoint: 6500 ns, Total: 94701 ns
[3290.221s][info ][safepoint      ] Safepoint "Cleanup", Time since last: 7000588089 ns, Reaching safepoint: 5100 ns, Cleanup: 10900 ns, At safepoint: 1900 ns, Total: 17900 ns
[3292.221s][info ][safepoint      ] Safepoint "Cleanup", Time since last: 2000181398 ns, Reaching safepoint: 4400 ns, Cleanup: 5600 ns, At safepoint: 1900 ns, Total: 11900 ns
[3302.107s][info ][safepoint      ] Safepoint "Cleanup", Time since last: 9886000560 ns, Reaching safepoint: 5000 ns, Cleanup: 11200 ns, At safepoint: 2001 ns, Total: 18201 ns
[3307.108s][info ][safepoint      ] Safepoint "Cleanup", Time since last: 5000414278 ns, Reaching safepoint: 5200 ns, Cleanup: 12701 ns, At safepoint: 2000 ns, Total: 19901 ns
[3312.108s][info ][safepoint      ] Safepoint "Cleanup", Time since last: 5000447075 ns, Reaching safepoint: 5000 ns, Cleanup: 12500 ns, At safepoint: 2200 ns, Total: 19700 ns
[3315.108s][info ][safepoint      ] Safepoint "Cleanup", Time since last: 3000239383 ns, Reaching safepoint: 6500 ns, Cleanup: 14800 ns, At safepoint: 2400 ns, Total: 23700 ns
[3319.216s][info ][gc,start       ] GC(87) Pause Young (Allocation Failure)
[3319.220s][debug][gc,phases      ] GC(87) Scavenge 3.465ms
[3319.220s][debug][gc,ref         ] GC(87) ReferenceProcessor::execute queues: 1, RefProcThreadModel::Single, marks_oops_alive: false
[3319.220s][debug][gc,ref         ] GC(87) Skipped KeepAliveFinalRefsPhase of Reference Processing: no references
[3319.220s][debug][gc,ref         ] GC(87) ReferenceProcessor::execute queues: 1, RefProcThreadModel::Single, marks_oops_alive: false
[3319.220s][debug][gc,phases      ] GC(87) Reference Processing 0.117ms
[3319.220s][debug][gc,phases      ] GC(87)   VM Weak                        Min:  0.0, Avg:  0.0, Max:  0.0, Diff:  0.0, Sum:  0.0, Workers: 4
[3319.220s][debug][gc,phases      ] GC(87)     Dead                           Min: 0, Avg:  0.0, Max: 0, Diff: 0, Sum: 0, Workers: 4
[3319.220s][debug][gc,phases      ] GC(87)     Total                          Min: 0, Avg: 243.0, Max: 652, Diff: 652, Sum: 972, Workers: 4
[3319.220s][debug][gc,phases      ] GC(87)   ObjectSynchronizer Weak        Min:  0.0, Avg:  0.0, Max:  0.0, Diff:  0.0, Sum:  0.0, Workers: 4
[3319.220s][debug][gc,phases      ] GC(87)     Dead                           Min: 0, Avg:  0.0, Max: 0, Diff: 0, Sum: 0, Workers: 4
[3319.220s][debug][gc,phases      ] GC(87)     Total                          Min: 0, Avg:  1.0, Max: 4, Diff: 4, Sum: 4, Workers: 4
[3319.220s][debug][gc,phases      ] GC(87)   JVMTI Tag Weak OopStorage      Min:  0.0, Avg:  0.0, Max:  0.0, Diff:  0.0, Sum:  0.0, Workers: 4
[3319.220s][debug][gc,phases      ] GC(87)     Dead                           Min: 0, Avg:  0.0, Max: 0, Diff: 0, Sum: 0, Workers: 4
[3319.220s][debug][gc,phases      ] GC(87)     Total                          Min: 0, Avg:  0.0, Max: 0, Diff: 0, Sum: 0, Workers: 4
[3319.220s][debug][gc,phases      ] GC(87)   StringTable Weak               Min:  0.0, Avg:  0.1, Max:  0.1, Diff:  0.1, Sum:  0.4, Workers: 4
[3319.220s][debug][gc,phases      ] GC(87)     Dead                           Min: 0, Avg:  0.0, Max: 0, Diff: 0, Sum: 0, Workers: 4
[3319.220s][debug][gc,phases      ] GC(87)     Total                          Min: 0, Avg: 11905.8, Max: 20871, Diff: 20871, Sum: 47623, Workers: 4
[3319.220s][debug][gc,phases      ] GC(87)   ResolvedMethodTable Weak       Min:  0.0, Avg:  0.0, Max:  0.0, Diff:  0.0, Sum:  0.1, Workers: 4
[3319.220s][debug][gc,phases      ] GC(87)     Dead                           Min: 0, Avg:  4.0, Max: 15, Diff: 15, Sum: 16, Workers: 4
[3319.220s][debug][gc,phases      ] GC(87)     Total                          Min: 0, Avg: 3851.5, Max: 6698, Diff: 6698, Sum: 15406, Workers: 4
[3319.220s][debug][gc,phases      ] GC(87)   JNI Weak                       Min:  0.0, Avg:  0.0, Max:  0.0, Diff:  0.0, Sum:  0.0, Workers: 4
[3319.220s][debug][gc,phases      ] GC(87)     Dead                           Min: 0, Avg:  0.0, Max: 0, Diff: 0, Sum: 0, Workers: 4
[3319.220s][debug][gc,phases      ] GC(87)     Total                          Min: 0, Avg: 13.0, Max: 52, Diff: 52, Sum: 52, Workers: 4
[3319.220s][debug][gc,phases      ] GC(87)   StringDedup Table Weak         Min:  0.0, Avg:  0.0, Max:  0.0, Diff:  0.0, Sum:  0.0, Workers: 4
[3319.220s][debug][gc,phases      ] GC(87)     Dead                           Min: 0, Avg:  0.0, Max: 0, Diff: 0, Sum: 0, Workers: 4
[3319.220s][debug][gc,phases      ] GC(87)     Total                          Min: 0, Avg:  0.0, Max: 0, Diff: 0, Sum: 0, Workers: 4
[3319.220s][debug][gc,phases      ] GC(87)   StringDedup Requests0 Weak     Min:  0.0, Avg:  0.0, Max:  0.0, Diff:  0.0, Sum:  0.0, Workers: 4
[3319.220s][debug][gc,phases      ] GC(87)     Dead                           Min: 0, Avg:  0.0, Max: 0, Diff: 0, Sum: 0, Workers: 4
[3319.220s][debug][gc,phases      ] GC(87)     Total                          Min: 0, Avg:  0.0, Max: 0, Diff: 0, Sum: 0, Workers: 4
[3319.220s][debug][gc,phases      ] GC(87)   StringDedup Requests1 Weak     Min:  0.0, Avg:  0.0, Max:  0.0, Diff:  0.0, Sum:  0.0, Workers: 4
[3319.220s][debug][gc,phases      ] GC(87)     Dead                           Min: 0, Avg:  0.0, Max: 0, Diff: 0, Sum: 0, Workers: 4
[3319.220s][debug][gc,phases      ] GC(87)     Total                          Min: 0, Avg:  0.0, Max: 0, Diff: 0, Sum: 0, Workers: 4
[3319.220s][debug][gc,phases      ] GC(87)   Weak JFR Old Object Samples    Min:  0.0, Avg:  0.0, Max:  0.0, Diff:  0.0, Sum:  0.0, Workers: 4
[3319.220s][debug][gc,phases      ] GC(87)     Dead                           Min: 0, Avg:  0.0, Max: 0, Diff: 0, Sum: 0, Workers: 4
[3319.220s][debug][gc,phases      ] GC(87)     Total                          Min: 0, Avg:  0.0, Max: 0, Diff: 0, Sum: 0, Workers: 4
[3319.220s][debug][gc,phases      ] GC(87) Weak Processing 0.381ms
[3319.220s][debug][gc,age         ] GC(87) Desired survivor size 34603008 bytes, new threshold 1 (max threshold 15)
[3319.220s][info ][gc,heap        ] GC(87) PSYoungGen: 2023696K(2058240K)->3264K(2063360K) Eden: 2020864K(2020864K)->0K(2028032K) From: 2832K(37376K)->3264K(35328K)
[3319.220s][info ][gc,heap        ] GC(87) ParOldGen: 415958K(570368K)->416794K(570368K)
[3319.220s][info ][gc,metaspace   ] GC(87) Metaspace: 110104K(111424K)->110104K(111424K) NonClass: 93642K(94400K)->93642K(94400K) Class: 16461K(17024K)->16461K(17024K)
[3319.220s][info ][gc             ] GC(87) Pause Young (Allocation Failure) 2382M->410M(2572M) 4.060ms
[3319.220s][info ][gc,cpu         ] GC(87) User=0.01s Sys=0.00s Real=0.01s
[3319.220s][info ][safepoint      ] Safepoint "ParallelGCFailedAllocation", Time since last: 4107658388 ns, Reaching safepoint: 79700 ns, Cleanup: 3300 ns, At safepoint: 4125936 ns, Total: 4208936 ns
[3334.221s][info ][safepoint      ] Safepoint "Cleanup", Time since last: 15001132649 ns, Reaching safepoint: 5000 ns, Cleanup: 9000 ns, At safepoint: 1800 ns, Total: 15800 ns
[3335.221s][info ][safepoint      ] Safepoint "Cleanup", Time since last: 1000120474 ns, Reaching safepoint: 6300 ns, Cleanup: 9200 ns, At safepoint: 2400 ns, Total: 17900 ns
[3339.222s][info ][safepoint      ] Safepoint "Cleanup", Time since last: 4000308894 ns, Reaching safepoint: 5401 ns, Cleanup: 5900 ns, At safepoint: 1800 ns, Total: 13101 ns
[3342.222s][info ][safepoint      ] Safepoint "Cleanup", Time since last: 3000241254 ns, Reaching safepoint: 5700 ns, Cleanup: 8300 ns, At safepoint: 1900 ns, Total: 15900 ns
[3343.222s][info ][safepoint      ] Safepoint "Cleanup", Time since last: 1000096693 ns, Reaching safepoint: 5600 ns, Cleanup: 6200 ns, At safepoint: 1600 ns, Total: 13400 ns
[3345.222s][info ][safepoint      ] Safepoint "Cleanup", Time since last: 2000175787 ns, Reaching safepoint: 10200 ns, Cleanup: 9400 ns, At safepoint: 2700 ns, Total: 22300 ns
[3349.223s][info ][safepoint      ] Safepoint "Cleanup", Time since last: 4000330674 ns, Reaching safepoint: 20200 ns, Cleanup: 6900 ns, At safepoint: 2200 ns, Total: 29300 ns
[3350.223s][info ][safepoint      ] Safepoint "Cleanup", Time since last: 1000107194 ns, Reaching safepoint: 6800 ns, Cleanup: 13900 ns, At safepoint: 2900 ns, Total: 23600 ns
[3352.223s][info ][safepoint      ] Safepoint "Cleanup", Time since last: 2000192687 ns, Reaching safepoint: 6200 ns, Cleanup: 7900 ns, At safepoint: 2200 ns, Total: 16300 ns
[3358.224s][info ][safepoint      ] Safepoint "Cleanup", Time since last: 6000516773 ns, Reaching safepoint: 5900 ns, Cleanup: 9100 ns, At safepoint: 2400 ns, Total: 17400 ns
[3364.116s][info ][gc,start       ] GC(88) Pause Young (Allocation Failure)
[3364.121s][debug][gc,phases      ] GC(88) Scavenge 5.082ms
[3364.121s][debug][gc,ref         ] GC(88) ReferenceProcessor::execute queues: 1, RefProcThreadModel::Single, marks_oops_alive: false
[3364.121s][debug][gc,ref         ] GC(88) Skipped KeepAliveFinalRefsPhase of Reference Processing: no references
[3364.121s][debug][gc,ref         ] GC(88) ReferenceProcessor::execute queues: 1, RefProcThreadModel::Single, marks_oops_alive: false
[3364.121s][debug][gc,phases      ] GC(88) Reference Processing 0.097ms
[3364.122s][debug][gc,phases      ] GC(88)   VM Weak                        Min:  0.0, Avg:  0.0, Max:  0.0, Diff:  0.0, Sum:  0.0, Workers: 4
[3364.122s][debug][gc,phases      ] GC(88)     Dead                           Min: 0, Avg:  0.0, Max: 0, Diff: 0, Sum: 0, Workers: 4
[3364.122s][debug][gc,phases      ] GC(88)     Total                          Min: 0, Avg: 243.0, Max: 716, Diff: 716, Sum: 972, Workers: 4
[3364.122s][debug][gc,phases      ] GC(88)   ObjectSynchronizer Weak        Min:  0.0, Avg:  0.0, Max:  0.0, Diff:  0.0, Sum:  0.0, Workers: 4
[3364.122s][debug][gc,phases      ] GC(88)     Dead                           Min: 0, Avg:  0.0, Max: 0, Diff: 0, Sum: 0, Workers: 4
[3364.122s][debug][gc,phases      ] GC(88)     Total                          Min: 0, Avg:  0.8, Max: 3, Diff: 3, Sum: 3, Workers: 4
[3364.122s][debug][gc,phases      ] GC(88)   JVMTI Tag Weak OopStorage      Min:  0.0, Avg:  0.0, Max:  0.0, Diff:  0.0, Sum:  0.0, Workers: 4
[3364.122s][debug][gc,phases      ] GC(88)     Dead                           Min: 0, Avg:  0.0, Max: 0, Diff: 0, Sum: 0, Workers: 4
[3364.122s][debug][gc,phases      ] GC(88)     Total                          Min: 0, Avg:  0.0, Max: 0, Diff: 0, Sum: 0, Workers: 4
[3364.122s][debug][gc,phases      ] GC(88)   StringTable Weak               Min:  0.0, Avg:  0.1, Max:  0.1, Diff:  0.1, Sum:  0.4, Workers: 4
[3364.122s][debug][gc,phases      ] GC(88)     Dead                           Min: 0, Avg:  0.2, Max: 1, Diff: 1, Sum: 1, Workers: 4
[3364.122s][debug][gc,phases      ] GC(88)     Total                          Min: 0, Avg: 11909.0, Max: 20757, Diff: 20757, Sum: 47636, Workers: 4
[3364.122s][debug][gc,phases      ] GC(88)   ResolvedMethodTable Weak       Min:  0.0, Avg:  0.0, Max:  0.1, Diff:  0.1, Sum:  0.2, Workers: 4
[3364.122s][debug][gc,phases      ] GC(88)     Dead                           Min: 0, Avg:  4.2, Max: 17, Diff: 17, Sum: 17, Workers: 4
[3364.122s][debug][gc,phases      ] GC(88)     Total                          Min: 0, Avg: 3855.2, Max: 6080, Diff: 6080, Sum: 15421, Workers: 4
[3364.122s][debug][gc,phases      ] GC(88)   JNI Weak                       Min:  0.0, Avg:  0.0, Max:  0.0, Diff:  0.0, Sum:  0.0, Workers: 4
[3364.122s][debug][gc,phases      ] GC(88)     Dead                           Min: 0, Avg:  0.0, Max: 0, Diff: 0, Sum: 0, Workers: 4
[3364.122s][debug][gc,phases      ] GC(88)     Total                          Min: 0, Avg: 13.0, Max: 52, Diff: 52, Sum: 52, Workers: 4
[3364.122s][debug][gc,phases      ] GC(88)   StringDedup Table Weak         Min:  0.0, Avg:  0.0, Max:  0.0, Diff:  0.0, Sum:  0.0, Workers: 4
[3364.122s][debug][gc,phases      ] GC(88)     Dead                           Min: 0, Avg:  0.0, Max: 0, Diff: 0, Sum: 0, Workers: 4
[3364.122s][debug][gc,phases      ] GC(88)     Total                          Min: 0, Avg:  0.0, Max: 0, Diff: 0, Sum: 0, Workers: 4
[3364.122s][debug][gc,phases      ] GC(88)   StringDedup Requests0 Weak     Min:  0.0, Avg:  0.0, Max:  0.0, Diff:  0.0, Sum:  0.0, Workers: 4
[3364.122s][debug][gc,phases      ] GC(88)     Dead                           Min: 0, Avg:  0.0, Max: 0, Diff: 0, Sum: 0, Workers: 4
[3364.122s][debug][gc,phases      ] GC(88)     Total                          Min: 0, Avg:  0.0, Max: 0, Diff: 0, Sum: 0, Workers: 4
[3364.122s][debug][gc,phases      ] GC(88)   StringDedup Requests1 Weak     Min:  0.0, Avg:  0.0, Max:  0.0, Diff:  0.0, Sum:  0.0, Workers: 4
[3364.122s][debug][gc,phases      ] GC(88)     Dead                           Min: 0, Avg:  0.0, Max: 0, Diff: 0, Sum: 0, Workers: 4
[3364.122s][debug][gc,phases      ] GC(88)     Total                          Min: 0, Avg:  0.0, Max: 0, Diff: 0, Sum: 0, Workers: 4
[3364.122s][debug][gc,phases      ] GC(88)   Weak JFR Old Object Samples    Min:  0.0, Avg:  0.0, Max:  0.0, Diff:  0.0, Sum:  0.0, Workers: 4
[3364.122s][debug][gc,phases      ] GC(88)     Dead                           Min: 0, Avg:  0.0, Max: 0, Diff: 0, Sum: 0, Workers: 4
[3364.122s][debug][gc,phases      ] GC(88)     Total                          Min: 0, Avg:  0.0, Max: 0, Diff: 0, Sum: 0, Workers: 4
[3364.122s][debug][gc,phases      ] GC(88) Weak Processing 0.409ms
[3364.122s][debug][gc,age         ] GC(88) Desired survivor size 32505856 bytes, new threshold 1 (max threshold 15)
[3364.122s][info ][gc,heap        ] GC(88) PSYoungGen: 2031296K(2063360K)->4304K(2061824K) Eden: 2028032K(2028032K)->0K(2028032K) From: 3264K(35328K)->4304K(33792K)
[3364.122s][info ][gc,heap        ] GC(88) ParOldGen: 416794K(570368K)->417978K(570368K)
[3364.122s][info ][gc,metaspace   ] GC(88) Metaspace: 110144K(111424K)->110144K(111424K) NonClass: 93675K(94400K)->93675K(94400K) Class: 16468K(17024K)->16468K(17024K)
[3364.122s][info ][gc             ] GC(88) Pause Young (Allocation Failure) 2390M->412M(2570M) 5.685ms
[3364.122s][info ][gc,cpu         ] GC(88) User=0.02s Sys=0.00s Real=0.01s
[3364.122s][info ][safepoint      ] Safepoint "ParallelGCFailedAllocation", Time since last: 5892366276 ns, Reaching safepoint: 85700 ns, Cleanup: 4200 ns, At safepoint: 5750250 ns, Total: 5840150 ns
[3370.122s][info ][safepoint      ] Safepoint "Cleanup", Time since last: 6000507800 ns, Reaching safepoint: 5700 ns, Cleanup: 6900 ns, At safepoint: 1900 ns, Total: 14500 ns
[3373.123s][info ][safepoint      ] Safepoint "Cleanup", Time since last: 3000309199 ns, Reaching safepoint: 6500 ns, Cleanup: 8601 ns, At safepoint: 2200 ns, Total: 17301 ns
[3375.123s][info ][safepoint      ] Safepoint "Cleanup", Time since last: 2000174899 ns, Reaching safepoint: 5000 ns, Cleanup: 7700 ns, At safepoint: 2100 ns, Total: 14800 ns
[3381.123s][info ][safepoint      ] Safepoint "Cleanup", Time since last: 6000440298 ns, Reaching safepoint: 5600 ns, Cleanup: 7300 ns, At safepoint: 1800 ns, Total: 14700 ns
[3386.124s][info ][safepoint      ] Safepoint "Cleanup", Time since last: 5000379503 ns, Reaching safepoint: 6200 ns, Cleanup: 8800 ns, At safepoint: 2700 ns, Total: 17700 ns
[3389.124s][info ][safepoint      ] Safepoint "Cleanup", Time since last: 3000286402 ns, Reaching safepoint: 6200 ns, Cleanup: 9200 ns, At safepoint: 2600 ns, Total: 18000 ns
[3396.125s][info ][safepoint      ] Safepoint "Cleanup", Time since last: 7000560302 ns, Reaching safepoint: 7101 ns, Cleanup: 12100 ns, At safepoint: 2000 ns, Total: 21201 ns
[3397.125s][info ][safepoint      ] Safepoint "Cleanup", Time since last: 1000116399 ns, Reaching safepoint: 22500 ns, Cleanup: 11200 ns, At safepoint: 2200 ns, Total: 35900 ns
[3399.125s][info ][safepoint      ] Safepoint "Cleanup", Time since last: 2000186290 ns, Reaching safepoint: 6600 ns, Cleanup: 14200 ns, At safepoint: 2500 ns, Total: 23300 ns
[3406.100s][info ][safepoint      ] Safepoint "Cleanup", Time since last: 6974897727 ns, Reaching safepoint: 3800 ns, Cleanup: 15900 ns, At safepoint: 4300 ns, Total: 24000 ns
[3407.101s][info ][safepoint      ] Safepoint "Cleanup", Time since last: 1001162094 ns, Reaching safepoint: 5300 ns, Cleanup: 12100 ns, At safepoint: 2300 ns, Total: 19700 ns
[3409.035s][info ][gc,start       ] GC(89) Pause Young (Allocation Failure)
[3409.040s][debug][gc,phases      ] GC(89) Scavenge 4.073ms
[3409.040s][debug][gc,ref         ] GC(89) ReferenceProcessor::execute queues: 1, RefProcThreadModel::Single, marks_oops_alive: false
[3409.040s][debug][gc,ref         ] GC(89) Skipped KeepAliveFinalRefsPhase of Reference Processing: no references
[3409.040s][debug][gc,ref         ] GC(89) ReferenceProcessor::execute queues: 1, RefProcThreadModel::Single, marks_oops_alive: false
[3409.040s][debug][gc,phases      ] GC(89) Reference Processing 0.106ms
[3409.040s][debug][gc,phases      ] GC(89)   VM Weak                        Min:  0.0, Avg:  0.0, Max:  0.0, Diff:  0.0, Sum:  0.0, Workers: 4
[3409.040s][debug][gc,phases      ] GC(89)     Dead                           Min: 0, Avg:  0.0, Max: 0, Diff: 0, Sum: 0, Workers: 4
[3409.040s][debug][gc,phases      ] GC(89)     Total                          Min: 0, Avg: 243.0, Max: 524, Diff: 524, Sum: 972, Workers: 4
[3409.040s][debug][gc,phases      ] GC(89)   ObjectSynchronizer Weak        Min:  0.0, Avg:  0.0, Max:  0.0, Diff:  0.0, Sum:  0.0, Workers: 4
[3409.040s][debug][gc,phases      ] GC(89)     Dead                           Min: 0, Avg:  0.0, Max: 0, Diff: 0, Sum: 0, Workers: 4
[3409.040s][debug][gc,phases      ] GC(89)     Total                          Min: 0, Avg:  1.0, Max: 4, Diff: 4, Sum: 4, Workers: 4
[3409.040s][debug][gc,phases      ] GC(89)   JVMTI Tag Weak OopStorage      Min:  0.0, Avg:  0.0, Max:  0.0, Diff:  0.0, Sum:  0.0, Workers: 4
[3409.040s][debug][gc,phases      ] GC(89)     Dead                           Min: 0, Avg:  0.0, Max: 0, Diff: 0, Sum: 0, Workers: 4
[3409.040s][debug][gc,phases      ] GC(89)     Total                          Min: 0, Avg:  0.0, Max: 0, Diff: 0, Sum: 0, Workers: 4
[3409.040s][debug][gc,phases      ] GC(89)   StringTable Weak               Min:  0.0, Avg:  0.1, Max:  0.1, Diff:  0.1, Sum:  0.4, Workers: 4
[3409.040s][debug][gc,phases      ] GC(89)     Dead                           Min: 0, Avg:  0.5, Max: 2, Diff: 2, Sum: 2, Workers: 4
[3409.040s][debug][gc,phases      ] GC(89)     Total                          Min: 0, Avg: 11911.2, Max: 20319, Diff: 20319, Sum: 47645, Workers: 4
[3409.040s][debug][gc,phases      ] GC(89)   ResolvedMethodTable Weak       Min:  0.0, Avg:  0.0, Max:  0.0, Diff:  0.0, Sum:  0.1, Workers: 4
[3409.040s][debug][gc,phases      ] GC(89)     Dead                           Min: 0, Avg:  5.0, Max: 10, Diff: 10, Sum: 20, Workers: 4
[3409.040s][debug][gc,phases      ] GC(89)     Total                          Min: 0, Avg: 3857.8, Max: 6641, Diff: 6641, Sum: 15431, Workers: 4
[3409.040s][debug][gc,phases      ] GC(89)   JNI Weak                       Min:  0.0, Avg:  0.0, Max:  0.0, Diff:  0.0, Sum:  0.0, Workers: 4
[3409.040s][debug][gc,phases      ] GC(89)     Dead                           Min: 0, Avg:  0.0, Max: 0, Diff: 0, Sum: 0, Workers: 4
[3409.040s][debug][gc,phases      ] GC(89)     Total                          Min: 0, Avg: 13.0, Max: 52, Diff: 52, Sum: 52, Workers: 4
[3409.040s][debug][gc,phases      ] GC(89)   StringDedup Table Weak         Min:  0.0, Avg:  0.0, Max:  0.0, Diff:  0.0, Sum:  0.0, Workers: 4
[3409.040s][debug][gc,phases      ] GC(89)     Dead                           Min: 0, Avg:  0.0, Max: 0, Diff: 0, Sum: 0, Workers: 4
[3409.040s][debug][gc,phases      ] GC(89)     Total                          Min: 0, Avg:  0.0, Max: 0, Diff: 0, Sum: 0, Workers: 4
[3409.040s][debug][gc,phases      ] GC(89)   StringDedup Requests0 Weak     Min:  0.0, Avg:  0.0, Max:  0.0, Diff:  0.0, Sum:  0.0, Workers: 4
[3409.040s][debug][gc,phases      ] GC(89)     Dead                           Min: 0, Avg:  0.0, Max: 0, Diff: 0, Sum: 0, Workers: 4
[3409.040s][debug][gc,phases      ] GC(89)     Total                          Min: 0, Avg:  0.0, Max: 0, Diff: 0, Sum: 0, Workers: 4
[3409.040s][debug][gc,phases      ] GC(89)   StringDedup Requests1 Weak     Min:  0.0, Avg:  0.0, Max:  0.0, Diff:  0.0, Sum:  0.0, Workers: 4
[3409.040s][debug][gc,phases      ] GC(89)     Dead                           Min: 0, Avg:  0.0, Max: 0, Diff: 0, Sum: 0, Workers: 4
[3409.040s][debug][gc,phases      ] GC(89)     Total                          Min: 0, Avg:  0.0, Max: 0, Diff: 0, Sum: 0, Workers: 4
[3409.040s][debug][gc,phases      ] GC(89)   Weak JFR Old Object Samples    Min:  0.0, Avg:  0.0, Max:  0.0, Diff:  0.0, Sum:  0.0, Workers: 4
[3409.040s][debug][gc,phases      ] GC(89)     Dead                           Min: 0, Avg:  0.0, Max: 0, Diff: 0, Sum: 0, Workers: 4
[3409.040s][debug][gc,phases      ] GC(89)     Total                          Min: 0, Avg:  0.0, Max: 0, Diff: 0, Sum: 0, Workers: 4
[3409.040s][debug][gc,phases      ] GC(89) Weak Processing 0.363ms
[3409.040s][debug][gc,age         ] GC(89) Desired survivor size 30932992 bytes, new threshold 1 (max threshold 15)
[3409.040s][info ][gc,heap        ] GC(89) PSYoungGen: 2032336K(2061824K)->3584K(2066944K) Eden: 2028032K(2028032K)->0K(2035200K) From: 4304K(33792K)->3584K(31744K)
[3409.040s][info ][gc,heap        ] GC(89) ParOldGen: 417978K(570368K)->419507K(570368K)
[3409.040s][info ][gc,metaspace   ] GC(89) Metaspace: 110171K(111552K)->110171K(111552K) NonClass: 93697K(94464K)->93697K(94464K) Class: 16473K(17088K)->16473K(17088K)
[3409.040s][info ][gc             ] GC(89) Pause Young (Allocation Failure) 2392M->413M(2575M) 4.638ms
[3409.040s][info ][gc,cpu         ] GC(89) User=0.02s Sys=0.00s Real=0.01s
[3409.040s][info ][safepoint      ] Safepoint "ParallelGCFailedAllocation", Time since last: 1934317696 ns, Reaching safepoint: 6400 ns, Cleanup: 11900 ns, At safepoint: 4704641 ns, Total: 4722941 ns
[3410.040s][info ][safepoint      ] Safepoint "Cleanup", Time since last: 1000085484 ns, Reaching safepoint: 5300 ns, Cleanup: 16701 ns, At safepoint: 1900 ns, Total: 23901 ns
[3412.040s][info ][safepoint      ] Safepoint "Cleanup", Time since last: 2000165368 ns, Reaching safepoint: 5400 ns, Cleanup: 7600 ns, At safepoint: 2300 ns, Total: 15300 ns
[3415.041s][info ][safepoint      ] Safepoint "Cleanup", Time since last: 3000242530 ns, Reaching safepoint: 5700 ns, Cleanup: 7900 ns, At safepoint: 2501 ns, Total: 16101 ns
[3416.041s][info ][safepoint      ] Safepoint "Cleanup", Time since last: 1000096974 ns, Reaching safepoint: 5100 ns, Cleanup: 12100 ns, At safepoint: 1800 ns, Total: 19000 ns
[3435.144s][info ][safepoint      ] Safepoint "Cleanup", Time since last: 19103380576 ns, Reaching safepoint: 6700 ns, Cleanup: 11801 ns, At safepoint: 2200 ns, Total: 20701 ns
[3443.145s][info ][safepoint      ] Safepoint "Cleanup", Time since last: 8000687643 ns, Reaching safepoint: 4800 ns, Cleanup: 7400 ns, At safepoint: 1900 ns, Total: 14100 ns
[3454.369s][info ][gc,start       ] GC(90) Pause Young (Allocation Failure)
[3454.373s][debug][gc,phases      ] GC(90) Scavenge 3.381ms
[3454.373s][debug][gc,ref         ] GC(90) ReferenceProcessor::execute queues: 1, RefProcThreadModel::Single, marks_oops_alive: false
[3454.373s][debug][gc,ref         ] GC(90) Skipped KeepAliveFinalRefsPhase of Reference Processing: no references
[3454.373s][debug][gc,ref         ] GC(90) ReferenceProcessor::execute queues: 1, RefProcThreadModel::Single, marks_oops_alive: false
[3454.373s][debug][gc,phases      ] GC(90) Reference Processing 0.102ms
[3454.373s][debug][gc,phases      ] GC(90)   VM Weak                        Min:  0.0, Avg:  0.0, Max:  0.0, Diff:  0.0, Sum:  0.0, Workers: 4
[3454.373s][debug][gc,phases      ] GC(90)     Dead                           Min: 0, Avg:  0.0, Max: 0, Diff: 0, Sum: 0, Workers: 4
[3454.373s][debug][gc,phases      ] GC(90)     Total                          Min: 0, Avg: 244.0, Max: 576, Diff: 576, Sum: 976, Workers: 4
[3454.373s][debug][gc,phases      ] GC(90)   ObjectSynchronizer Weak        Min:  0.0, Avg:  0.0, Max:  0.0, Diff:  0.0, Sum:  0.0, Workers: 4
[3454.373s][debug][gc,phases      ] GC(90)     Dead                           Min: 0, Avg:  0.0, Max: 0, Diff: 0, Sum: 0, Workers: 4
[3454.373s][debug][gc,phases      ] GC(90)     Total                          Min: 0, Avg:  1.0, Max: 4, Diff: 4, Sum: 4, Workers: 4
[3454.373s][debug][gc,phases      ] GC(90)   JVMTI Tag Weak OopStorage      Min:  0.0, Avg:  0.0, Max:  0.0, Diff:  0.0, Sum:  0.0, Workers: 4
[3454.373s][debug][gc,phases      ] GC(90)     Dead                           Min: 0, Avg:  0.0, Max: 0, Diff: 0, Sum: 0, Workers: 4
[3454.373s][debug][gc,phases      ] GC(90)     Total                          Min: 0, Avg:  0.0, Max: 0, Diff: 0, Sum: 0, Workers: 4
[3454.373s][debug][gc,phases      ] GC(90)   StringTable Weak               Min:  0.0, Avg:  0.1, Max:  0.1, Diff:  0.1, Sum:  0.4, Workers: 4
[3454.373s][debug][gc,phases      ] GC(90)     Dead                           Min: 0, Avg:  0.2, Max: 1, Diff: 1, Sum: 1, Workers: 4
[3454.373s][debug][gc,phases      ] GC(90)     Total                          Min: 0, Avg: 11912.5, Max: 20900, Diff: 20900, Sum: 47650, Workers: 4
[3454.373s][debug][gc,phases      ] GC(90)   ResolvedMethodTable Weak       Min:  0.0, Avg:  0.0, Max:  0.1, Diff:  0.1, Sum:  0.2, Workers: 4
[3454.373s][debug][gc,phases      ] GC(90)     Dead                           Min: 0, Avg:  4.2, Max: 17, Diff: 17, Sum: 17, Workers: 4
[3454.373s][debug][gc,phases      ] GC(90)     Total                          Min: 0, Avg: 3862.2, Max: 6805, Diff: 6805, Sum: 15449, Workers: 4
[3454.373s][debug][gc,phases      ] GC(90)   JNI Weak                       Min:  0.0, Avg:  0.0, Max:  0.0, Diff:  0.0, Sum:  0.0, Workers: 4
[3454.373s][debug][gc,phases      ] GC(90)     Dead                           Min: 0, Avg:  0.0, Max: 0, Diff: 0, Sum: 0, Workers: 4
[3454.373s][debug][gc,phases      ] GC(90)     Total                          Min: 0, Avg: 13.0, Max: 52, Diff: 52, Sum: 52, Workers: 4
[3454.373s][debug][gc,phases      ] GC(90)   StringDedup Table Weak         Min:  0.0, Avg:  0.0, Max:  0.0, Diff:  0.0, Sum:  0.0, Workers: 4
[3454.373s][debug][gc,phases      ] GC(90)     Dead                           Min: 0, Avg:  0.0, Max: 0, Diff: 0, Sum: 0, Workers: 4
[3454.373s][debug][gc,phases      ] GC(90)     Total                          Min: 0, Avg:  0.0, Max: 0, Diff: 0, Sum: 0, Workers: 4
[3454.373s][debug][gc,phases      ] GC(90)   StringDedup Requests0 Weak     Min:  0.0, Avg:  0.0, Max:  0.0, Diff:  0.0, Sum:  0.0, Workers: 4
[3454.373s][debug][gc,phases      ] GC(90)     Dead                           Min: 0, Avg:  0.0, Max: 0, Diff: 0, Sum: 0, Workers: 4
[3454.373s][debug][gc,phases      ] GC(90)     Total                          Min: 0, Avg:  0.0, Max: 0, Diff: 0, Sum: 0, Workers: 4
[3454.373s][debug][gc,phases      ] GC(90)   StringDedup Requests1 Weak     Min:  0.0, Avg:  0.0, Max:  0.0, Diff:  0.0, Sum:  0.0, Workers: 4
[3454.373s][debug][gc,phases      ] GC(90)     Dead                           Min: 0, Avg:  0.0, Max: 0, Diff: 0, Sum: 0, Workers: 4
[3454.373s][debug][gc,phases      ] GC(90)     Total                          Min: 0, Avg:  0.0, Max: 0, Diff: 0, Sum: 0, Workers: 4
[3454.373s][debug][gc,phases      ] GC(90)   Weak JFR Old Object Samples    Min:  0.0, Avg:  0.0, Max:  0.0, Diff:  0.0, Sum:  0.0, Workers: 4
[3454.373s][debug][gc,phases      ] GC(90)     Dead                           Min: 0, Avg:  0.0, Max: 0, Diff: 0, Sum: 0, Workers: 4
[3454.373s][debug][gc,phases      ] GC(90)     Total                          Min: 0, Avg:  0.0, Max: 0, Diff: 0, Sum: 0, Workers: 4
[3454.373s][debug][gc,phases      ] GC(90) Weak Processing 0.374ms
[3454.373s][debug][gc,age         ] GC(90) Desired survivor size 29360128 bytes, new threshold 1 (max threshold 15)
[3454.373s][info ][gc,heap        ] GC(90) PSYoungGen: 2038784K(2066944K)->3552K(2065408K) Eden: 2035200K(2035200K)->0K(2035200K) From: 3584K(31744K)->3552K(30208K)
[3454.373s][info ][gc,heap        ] GC(90) ParOldGen: 419507K(570368K)->420103K(570368K)
[3454.373s][info ][gc,metaspace   ] GC(90) Metaspace: 110195K(111552K)->110195K(111552K) NonClass: 93716K(94464K)->93716K(94464K) Class: 16478K(17088K)->16478K(17088K)
[3454.373s][info ][gc             ] GC(90) Pause Young (Allocation Failure) 2400M->413M(2574M) 3.965ms
[3454.373s][info ][gc,cpu         ] GC(90) User=0.02s Sys=0.00s Real=0.01s
[3454.373s][info ][safepoint      ] Safepoint "ParallelGCFailedAllocation", Time since last: 11224540769 ns, Reaching safepoint: 5700 ns, Cleanup: 4500 ns, At safepoint: 4028035 ns, Total: 4038235 ns
[3476.375s][info ][safepoint      ] Safepoint "Cleanup", Time since last: 22001832349 ns, Reaching safepoint: 4900 ns, Cleanup: 6700 ns, At safepoint: 1700 ns, Total: 13300 ns
[3480.376s][info ][safepoint      ] Safepoint "Cleanup", Time since last: 4000450404 ns, Reaching safepoint: 5900 ns, Cleanup: 13500 ns, At safepoint: 2400 ns, Total: 21800 ns
[3482.166s][info ][safepoint      ] Safepoint "Cleanup", Time since last: 1789771124 ns, Reaching safepoint: 97301 ns, Cleanup: 8400 ns, At safepoint: 11100 ns, Total: 116801 ns
[3490.166s][info ][safepoint      ] Safepoint "Cleanup", Time since last: 8000654035 ns, Reaching safepoint: 79700 ns, Cleanup: 8400 ns, At safepoint: 6300 ns, Total: 94400 ns
[3499.866s][info ][gc,start       ] GC(91) Pause Young (Allocation Failure)
[3499.868s][debug][gc,phases      ] GC(91) Scavenge 2.738ms
[3499.869s][debug][gc,ref         ] GC(91) ReferenceProcessor::execute queues: 1, RefProcThreadModel::Single, marks_oops_alive: false
[3499.869s][debug][gc,ref         ] GC(91) Skipped KeepAliveFinalRefsPhase of Reference Processing: no references
[3499.869s][debug][gc,ref         ] GC(91) Skipped PhantomRefsPhase of Reference Processing: no references
[3499.869s][debug][gc,phases      ] GC(91) Reference Processing 0.094ms
[3499.869s][debug][gc,phases      ] GC(91)   VM Weak                        Min:  0.0, Avg:  0.0, Max:  0.0, Diff:  0.0, Sum:  0.0, Workers: 4
[3499.869s][debug][gc,phases      ] GC(91)     Dead                           Min: 0, Avg:  0.0, Max: 0, Diff: 0, Sum: 0, Workers: 4
[3499.869s][debug][gc,phases      ] GC(91)     Total                          Min: 0, Avg: 244.0, Max: 640, Diff: 640, Sum: 976, Workers: 4
[3499.869s][debug][gc,phases      ] GC(91)   ObjectSynchronizer Weak        Min:  0.0, Avg:  0.0, Max:  0.0, Diff:  0.0, Sum:  0.0, Workers: 4
[3499.869s][debug][gc,phases      ] GC(91)     Dead                           Min: 0, Avg:  0.0, Max: 0, Diff: 0, Sum: 0, Workers: 4
[3499.869s][debug][gc,phases      ] GC(91)     Total                          Min: 0, Avg:  0.8, Max: 3, Diff: 3, Sum: 3, Workers: 4
[3499.869s][debug][gc,phases      ] GC(91)   JVMTI Tag Weak OopStorage      Min:  0.0, Avg:  0.0, Max:  0.0, Diff:  0.0, Sum:  0.0, Workers: 4
[3499.869s][debug][gc,phases      ] GC(91)     Dead                           Min: 0, Avg:  0.0, Max: 0, Diff: 0, Sum: 0, Workers: 4
[3499.869s][debug][gc,phases      ] GC(91)     Total                          Min: 0, Avg:  0.0, Max: 0, Diff: 0, Sum: 0, Workers: 4
[3499.869s][debug][gc,phases      ] GC(91)   StringTable Weak               Min:  0.0, Avg:  0.1, Max:  0.1, Diff:  0.1, Sum:  0.4, Workers: 4
[3499.869s][debug][gc,phases      ] GC(91)     Dead                           Min: 0, Avg:  0.0, Max: 0, Diff: 0, Sum: 0, Workers: 4
[3499.869s][debug][gc,phases      ] GC(91)     Total                          Min: 0, Avg: 11912.5, Max: 20197, Diff: 20197, Sum: 47650, Workers: 4
[3499.869s][debug][gc,phases      ] GC(91)   ResolvedMethodTable Weak       Min:  0.0, Avg:  0.0, Max:  0.0, Diff:  0.0, Sum:  0.1, Workers: 4
[3499.869s][debug][gc,phases      ] GC(91)     Dead                           Min: 0, Avg:  4.0, Max: 16, Diff: 16, Sum: 16, Workers: 4
[3499.869s][debug][gc,phases      ] GC(91)     Total                          Min: 0, Avg: 3862.2, Max: 6668, Diff: 6668, Sum: 15449, Workers: 4
[3499.869s][debug][gc,phases      ] GC(91)   JNI Weak                       Min:  0.0, Avg:  0.0, Max:  0.0, Diff:  0.0, Sum:  0.0, Workers: 4
[3499.869s][debug][gc,phases      ] GC(91)     Dead                           Min: 0, Avg:  0.0, Max: 0, Diff: 0, Sum: 0, Workers: 4
[3499.869s][debug][gc,phases      ] GC(91)     Total                          Min: 0, Avg: 13.0, Max: 52, Diff: 52, Sum: 52, Workers: 4
[3499.869s][debug][gc,phases      ] GC(91)   StringDedup Table Weak         Min:  0.0, Avg:  0.0, Max:  0.0, Diff:  0.0, Sum:  0.0, Workers: 4
[3499.869s][debug][gc,phases      ] GC(91)     Dead                           Min: 0, Avg:  0.0, Max: 0, Diff: 0, Sum: 0, Workers: 4
[3499.869s][debug][gc,phases      ] GC(91)     Total                          Min: 0, Avg:  0.0, Max: 0, Diff: 0, Sum: 0, Workers: 4
[3499.869s][debug][gc,phases      ] GC(91)   StringDedup Requests0 Weak     Min:  0.0, Avg:  0.0, Max:  0.0, Diff:  0.0, Sum:  0.0, Workers: 4
[3499.869s][debug][gc,phases      ] GC(91)     Dead                           Min: 0, Avg:  0.0, Max: 0, Diff: 0, Sum: 0, Workers: 4
[3499.869s][debug][gc,phases      ] GC(91)     Total                          Min: 0, Avg:  0.0, Max: 0, Diff: 0, Sum: 0, Workers: 4
[3499.869s][debug][gc,phases      ] GC(91)   StringDedup Requests1 Weak     Min:  0.0, Avg:  0.0, Max:  0.0, Diff:  0.0, Sum:  0.0, Workers: 4
[3499.869s][debug][gc,phases      ] GC(91)     Dead                           Min: 0, Avg:  0.0, Max: 0, Diff: 0, Sum: 0, Workers: 4
[3499.869s][debug][gc,phases      ] GC(91)     Total                          Min: 0, Avg:  0.0, Max: 0, Diff: 0, Sum: 0, Workers: 4
[3499.869s][debug][gc,phases      ] GC(91)   Weak JFR Old Object Samples    Min:  0.0, Avg:  0.0, Max:  0.0, Diff:  0.0, Sum:  0.0, Workers: 4
[3499.869s][debug][gc,phases      ] GC(91)     Dead                           Min: 0, Avg:  0.0, Max: 0, Diff: 0, Sum: 0, Workers: 4
[3499.869s][debug][gc,phases      ] GC(91)     Total                          Min: 0, Avg:  0.0, Max: 0, Diff: 0, Sum: 0, Workers: 4
[3499.869s][debug][gc,phases      ] GC(91) Weak Processing 0.400ms
[3499.869s][debug][gc,age         ] GC(91) Desired survivor size 27787264 bytes, new threshold 1 (max threshold 15)
[3499.869s][info ][gc,heap        ] GC(91) PSYoungGen: 2038752K(2065408K)->3232K(2070016K) Eden: 2035200K(2035200K)->0K(2041344K) From: 3552K(30208K)->3232K(28672K)
[3499.869s][info ][gc,heap        ] GC(91) ParOldGen: 420103K(570368K)->421807K(570368K)
[3499.869s][info ][gc,metaspace   ] GC(91) Metaspace: 110198K(111552K)->110198K(111552K) NonClass: 93720K(94464K)->93720K(94464K) Class: 16478K(17088K)->16478K(17088K)
[3499.869s][info ][gc             ] GC(91) Pause Young (Allocation Failure) 2401M->415M(2578M) 3.342ms
[3499.869s][info ][gc,cpu         ] GC(91) User=0.01s Sys=0.00s Real=0.00s
[3499.869s][info ][safepoint      ] Safepoint "ParallelGCFailedAllocation", Time since last: 9699191017 ns, Reaching safepoint: 80301 ns, Cleanup: 3500 ns, At safepoint: 3403030 ns, Total: 3486831 ns
[3503.869s][info ][safepoint      ] Safepoint "Cleanup", Time since last: 4000324928 ns, Reaching safepoint: 80501 ns, Cleanup: 12600 ns, At safepoint: 6700 ns, Total: 99801 ns
[3505.870s][info ][safepoint      ] Safepoint "Cleanup", Time since last: 2000208995 ns, Reaching safepoint: 97801 ns, Cleanup: 7100 ns, At safepoint: 6100 ns, Total: 111001 ns
[3518.871s][info ][safepoint      ] Safepoint "Cleanup", Time since last: 13001003562 ns, Reaching safepoint: 5000 ns, Cleanup: 8300 ns, At safepoint: 1600 ns, Total: 14900 ns
[3521.871s][info ][safepoint      ] Safepoint "Cleanup", Time since last: 3000260597 ns, Reaching safepoint: 7300 ns, Cleanup: 14200 ns, At safepoint: 2100 ns, Total: 23600 ns
[3523.871s][info ][safepoint      ] Safepoint "Cleanup", Time since last: 2000186098 ns, Reaching safepoint: 6300 ns, Cleanup: 12100 ns, At safepoint: 14400 ns, Total: 32800 ns
[3540.873s][info ][safepoint      ] Safepoint "Cleanup", Time since last: 17001306184 ns, Reaching safepoint: 5400 ns, Cleanup: 8300 ns, At safepoint: 1800 ns, Total: 15500 ns
[3545.020s][info ][gc,start       ] GC(92) Pause Young (Allocation Failure)
[3545.022s][debug][gc,phases      ] GC(92) Scavenge 2.156ms
[3545.022s][debug][gc,ref         ] GC(92) ReferenceProcessor::execute queues: 1, RefProcThreadModel::Single, marks_oops_alive: false
[3545.022s][debug][gc,ref         ] GC(92) Skipped KeepAliveFinalRefsPhase of Reference Processing: no references
[3545.022s][debug][gc,ref         ] GC(92) Skipped PhantomRefsPhase of Reference Processing: no references
[3545.022s][debug][gc,phases      ] GC(92) Reference Processing 0.107ms
[3545.022s][debug][gc,phases      ] GC(92)   VM Weak                        Min:  0.0, Avg:  0.0, Max:  0.0, Diff:  0.0, Sum:  0.0, Workers: 4
[3545.022s][debug][gc,phases      ] GC(92)     Dead                           Min: 0, Avg:  0.0, Max: 0, Diff: 0, Sum: 0, Workers: 4
[3545.022s][debug][gc,phases      ] GC(92)     Total                          Min: 0, Avg: 244.0, Max: 848, Diff: 848, Sum: 976, Workers: 4
[3545.022s][debug][gc,phases      ] GC(92)   ObjectSynchronizer Weak        Min:  0.0, Avg:  0.0, Max:  0.0, Diff:  0.0, Sum:  0.0, Workers: 4
[3545.022s][debug][gc,phases      ] GC(92)     Dead                           Min: 0, Avg:  0.0, Max: 0, Diff: 0, Sum: 0, Workers: 4
[3545.022s][debug][gc,phases      ] GC(92)     Total                          Min: 0, Avg:  0.8, Max: 3, Diff: 3, Sum: 3, Workers: 4
[3545.022s][debug][gc,phases      ] GC(92)   JVMTI Tag Weak OopStorage      Min:  0.0, Avg:  0.0, Max:  0.0, Diff:  0.0, Sum:  0.0, Workers: 4
[3545.022s][debug][gc,phases      ] GC(92)     Dead                           Min: 0, Avg:  0.0, Max: 0, Diff: 0, Sum: 0, Workers: 4
[3545.022s][debug][gc,phases      ] GC(92)     Total                          Min: 0, Avg:  0.0, Max: 0, Diff: 0, Sum: 0, Workers: 4
[3545.022s][debug][gc,phases      ] GC(92)   StringTable Weak               Min:  0.0, Avg:  0.1, Max:  0.1, Diff:  0.1, Sum:  0.4, Workers: 4
[3545.022s][debug][gc,phases      ] GC(92)     Dead                           Min: 0, Avg:  0.0, Max: 0, Diff: 0, Sum: 0, Workers: 4
[3545.022s][debug][gc,phases      ] GC(92)     Total                          Min: 0, Avg: 11912.5, Max: 20837, Diff: 20837, Sum: 47650, Workers: 4
[3545.022s][debug][gc,phases      ] GC(92)   ResolvedMethodTable Weak       Min:  0.0, Avg:  0.0, Max:  0.0, Diff:  0.0, Sum:  0.1, Workers: 4
[3545.022s][debug][gc,phases      ] GC(92)     Dead                           Min: 0, Avg:  4.0, Max: 16, Diff: 16, Sum: 16, Workers: 4
[3545.022s][debug][gc,phases      ] GC(92)     Total                          Min: 0, Avg: 3862.2, Max: 6760, Diff: 6760, Sum: 15449, Workers: 4
[3545.022s][debug][gc,phases      ] GC(92)   JNI Weak                       Min:  0.0, Avg:  0.0, Max:  0.0, Diff:  0.0, Sum:  0.0, Workers: 4
[3545.022s][debug][gc,phases      ] GC(92)     Dead                           Min: 0, Avg:  0.0, Max: 0, Diff: 0, Sum: 0, Workers: 4
[3545.022s][debug][gc,phases      ] GC(92)     Total                          Min: 0, Avg: 13.0, Max: 52, Diff: 52, Sum: 52, Workers: 4
[3545.022s][debug][gc,phases      ] GC(92)   StringDedup Table Weak         Min:  0.0, Avg:  0.0, Max:  0.0, Diff:  0.0, Sum:  0.0, Workers: 4
[3545.022s][debug][gc,phases      ] GC(92)     Dead                           Min: 0, Avg:  0.0, Max: 0, Diff: 0, Sum: 0, Workers: 4
[3545.022s][debug][gc,phases      ] GC(92)     Total                          Min: 0, Avg:  0.0, Max: 0, Diff: 0, Sum: 0, Workers: 4
[3545.022s][debug][gc,phases      ] GC(92)   StringDedup Requests0 Weak     Min:  0.0, Avg:  0.0, Max:  0.0, Diff:  0.0, Sum:  0.0, Workers: 4
[3545.022s][debug][gc,phases      ] GC(92)     Dead                           Min: 0, Avg:  0.0, Max: 0, Diff: 0, Sum: 0, Workers: 4
[3545.022s][debug][gc,phases      ] GC(92)     Total                          Min: 0, Avg:  0.0, Max: 0, Diff: 0, Sum: 0, Workers: 4
[3545.022s][debug][gc,phases      ] GC(92)   StringDedup Requests1 Weak     Min:  0.0, Avg:  0.0, Max:  0.0, Diff:  0.0, Sum:  0.0, Workers: 4
[3545.022s][debug][gc,phases      ] GC(92)     Dead                           Min: 0, Avg:  0.0, Max: 0, Diff: 0, Sum: 0, Workers: 4
[3545.022s][debug][gc,phases      ] GC(92)     Total                          Min: 0, Avg:  0.0, Max: 0, Diff: 0, Sum: 0, Workers: 4
[3545.022s][debug][gc,phases      ] GC(92)   Weak JFR Old Object Samples    Min:  0.0, Avg:  0.0, Max:  0.0, Diff:  0.0, Sum:  0.0, Workers: 4
[3545.022s][debug][gc,phases      ] GC(92)     Dead                           Min: 0, Avg:  0.0, Max: 0, Diff: 0, Sum: 0, Workers: 4
[3545.022s][debug][gc,phases      ] GC(92)     Total                          Min: 0, Avg:  0.0, Max: 0, Diff: 0, Sum: 0, Workers: 4
[3545.022s][debug][gc,phases      ] GC(92) Weak Processing 0.360ms
[3545.022s][debug][gc,age         ] GC(92) Desired survivor size 26214400 bytes, new threshold 1 (max threshold 15)
[3545.022s][info ][gc,heap        ] GC(92) PSYoungGen: 2044576K(2070016K)->2704K(2068480K) Eden: 2041344K(2041344K)->0K(2041344K) From: 3232K(28672K)->2704K(27136K)
[3545.022s][info ][gc,heap        ] GC(92) ParOldGen: 421807K(570368K)->422948K(570368K)
[3545.022s][info ][gc,metaspace   ] GC(92) Metaspace: 110203K(111552K)->110203K(111552K) NonClass: 93724K(94464K)->93724K(94464K) Class: 16478K(17088K)->16478K(17088K)
[3545.022s][info ][gc             ] GC(92) Pause Young (Allocation Failure) 2408M->415M(2577M) 2.729ms
[3545.022s][info ][gc,cpu         ] GC(92) User=0.01s Sys=0.00s Real=0.00s
[3545.023s][info ][safepoint      ] Safepoint "ParallelGCFailedAllocation", Time since last: 4147044378 ns, Reaching safepoint: 23000 ns, Cleanup: 4000 ns, At safepoint: 2786624 ns, Total: 2813624 ns
[3555.023s][info ][safepoint      ] Safepoint "Cleanup", Time since last: 10000882831 ns, Reaching safepoint: 5500 ns, Cleanup: 7900 ns, At safepoint: 2100 ns, Total: 15500 ns
[3558.024s][info ][safepoint      ] Safepoint "Cleanup", Time since last: 3000261960 ns, Reaching safepoint: 5900 ns, Cleanup: 16300 ns, At safepoint: 35700 ns, Total: 57900 ns
[3559.024s][info ][safepoint      ] Safepoint "Cleanup", Time since last: 1000107687 ns, Reaching safepoint: 5900 ns, Cleanup: 12801 ns, At safepoint: 2200 ns, Total: 20901 ns
[3566.027s][info ][safepoint      ] Safepoint "Cleanup", Time since last: 7003086230 ns, Reaching safepoint: 85301 ns, Cleanup: 16800 ns, At safepoint: 6800 ns, Total: 108901 ns
[3567.027s][info ][safepoint      ] Safepoint "Cleanup", Time since last: 1000119987 ns, Reaching safepoint: 6400 ns, Cleanup: 8400 ns, At safepoint: 2400 ns, Total: 17200 ns
[3576.028s][info ][safepoint      ] Safepoint "Cleanup", Time since last: 9000676006 ns, Reaching safepoint: 5600 ns, Cleanup: 8500 ns, At safepoint: 1800 ns, Total: 15900 ns
[3591.083s][info ][gc,start       ] GC(93) Pause Young (Allocation Failure)
[3591.087s][debug][gc,phases      ] GC(93) Scavenge 3.772ms
[3591.087s][debug][gc,ref         ] GC(93) ReferenceProcessor::execute queues: 1, RefProcThreadModel::Single, marks_oops_alive: false
[3591.087s][debug][gc,ref         ] GC(93) Skipped KeepAliveFinalRefsPhase of Reference Processing: no references
[3591.087s][debug][gc,ref         ] GC(93) ReferenceProcessor::execute queues: 1, RefProcThreadModel::Single, marks_oops_alive: false
[3591.087s][debug][gc,phases      ] GC(93) Reference Processing 0.134ms
[3591.088s][debug][gc,phases      ] GC(93)   VM Weak                        Min:  0.0, Avg:  0.0, Max:  0.0, Diff:  0.0, Sum:  0.0, Workers: 4
[3591.088s][debug][gc,phases      ] GC(93)     Dead                           Min: 0, Avg:  0.0, Max: 0, Diff: 0, Sum: 0, Workers: 4
[3591.088s][debug][gc,phases      ] GC(93)     Total                          Min: 0, Avg: 244.0, Max: 656, Diff: 656, Sum: 976, Workers: 4
[3591.088s][debug][gc,phases      ] GC(93)   ObjectSynchronizer Weak        Min:  0.0, Avg:  0.0, Max:  0.0, Diff:  0.0, Sum:  0.0, Workers: 4
[3591.088s][debug][gc,phases      ] GC(93)     Dead                           Min: 0, Avg:  0.0, Max: 0, Diff: 0, Sum: 0, Workers: 4
[3591.088s][debug][gc,phases      ] GC(93)     Total                          Min: 0, Avg:  0.8, Max: 3, Diff: 3, Sum: 3, Workers: 4
[3591.088s][debug][gc,phases      ] GC(93)   JVMTI Tag Weak OopStorage      Min:  0.0, Avg:  0.0, Max:  0.0, Diff:  0.0, Sum:  0.0, Workers: 4
[3591.088s][debug][gc,phases      ] GC(93)     Dead                           Min: 0, Avg:  0.0, Max: 0, Diff: 0, Sum: 0, Workers: 4
[3591.088s][debug][gc,phases      ] GC(93)     Total                          Min: 0, Avg:  0.0, Max: 0, Diff: 0, Sum: 0, Workers: 4
[3591.088s][debug][gc,phases      ] GC(93)   StringTable Weak               Min:  0.0, Avg:  0.1, Max:  0.2, Diff:  0.2, Sum:  0.5, Workers: 4
[3591.088s][debug][gc,phases      ] GC(93)     Dead                           Min: 0, Avg:  0.0, Max: 0, Diff: 0, Sum: 0, Workers: 4
[3591.088s][debug][gc,phases      ] GC(93)     Total                          Min: 0, Avg: 11912.5, Max: 16037, Diff: 16037, Sum: 47650, Workers: 4
[3591.088s][debug][gc,phases      ] GC(93)   ResolvedMethodTable Weak       Min:  0.0, Avg:  0.0, Max:  0.1, Diff:  0.1, Sum:  0.2, Workers: 4
[3591.088s][debug][gc,phases      ] GC(93)     Dead                           Min: 0, Avg:  4.5, Max: 18, Diff: 18, Sum: 18, Workers: 4
[3591.088s][debug][gc,phases      ] GC(93)     Total                          Min: 0, Avg: 3862.2, Max: 5586, Diff: 5586, Sum: 15449, Workers: 4
[3591.088s][debug][gc,phases      ] GC(93)   JNI Weak                       Min:  0.0, Avg:  0.0, Max:  0.0, Diff:  0.0, Sum:  0.0, Workers: 4
[3591.088s][debug][gc,phases      ] GC(93)     Dead                           Min: 0, Avg:  0.0, Max: 0, Diff: 0, Sum: 0, Workers: 4
[3591.088s][debug][gc,phases      ] GC(93)     Total                          Min: 0, Avg: 13.0, Max: 52, Diff: 52, Sum: 52, Workers: 4
[3591.088s][debug][gc,phases      ] GC(93)   StringDedup Table Weak         Min:  0.0, Avg:  0.0, Max:  0.0, Diff:  0.0, Sum:  0.0, Workers: 4
[3591.088s][debug][gc,phases      ] GC(93)     Dead                           Min: 0, Avg:  0.0, Max: 0, Diff: 0, Sum: 0, Workers: 4
[3591.088s][debug][gc,phases      ] GC(93)     Total                          Min: 0, Avg:  0.0, Max: 0, Diff: 0, Sum: 0, Workers: 4
[3591.088s][debug][gc,phases      ] GC(93)   StringDedup Requests0 Weak     Min:  0.0, Avg:  0.0, Max:  0.0, Diff:  0.0, Sum:  0.0, Workers: 4
[3591.088s][debug][gc,phases      ] GC(93)     Dead                           Min: 0, Avg:  0.0, Max: 0, Diff: 0, Sum: 0, Workers: 4
[3591.088s][debug][gc,phases      ] GC(93)     Total                          Min: 0, Avg:  0.0, Max: 0, Diff: 0, Sum: 0, Workers: 4
[3591.088s][debug][gc,phases      ] GC(93)   StringDedup Requests1 Weak     Min:  0.0, Avg:  0.0, Max:  0.0, Diff:  0.0, Sum:  0.0, Workers: 4
[3591.088s][debug][gc,phases      ] GC(93)     Dead                           Min: 0, Avg:  0.0, Max: 0, Diff: 0, Sum: 0, Workers: 4
[3591.088s][debug][gc,phases      ] GC(93)     Total                          Min: 0, Avg:  0.0, Max: 0, Diff: 0, Sum: 0, Workers: 4
[3591.088s][debug][gc,phases      ] GC(93)   Weak JFR Old Object Samples    Min:  0.0, Avg:  0.0, Max:  0.0, Diff:  0.0, Sum:  0.0, Workers: 4
[3591.088s][debug][gc,phases      ] GC(93)     Dead                           Min: 0, Avg:  0.0, Max: 0, Diff: 0, Sum: 0, Workers: 4
[3591.088s][debug][gc,phases      ] GC(93)     Total                          Min: 0, Avg:  0.0, Max: 0, Diff: 0, Sum: 0, Workers: 4
[3591.088s][debug][gc,phases      ] GC(93) Weak Processing 0.547ms
[3591.088s][debug][gc,age         ] GC(93) Desired survivor size 25165824 bytes, new threshold 1 (max threshold 15)
[3591.088s][info ][gc,heap        ] GC(93) PSYoungGen: 2044048K(2068480K)->2368K(2072576K) Eden: 2041344K(2041344K)->0K(2046976K) From: 2704K(27136K)->2368K(25600K)
[3591.088s][info ][gc,heap        ] GC(93) ParOldGen: 422948K(570368K)->423916K(570368K)
[3591.088s][info ][gc,metaspace   ] GC(93) Metaspace: 110222K(111552K)->110222K(111552K) NonClass: 93743K(94464K)->93743K(94464K) Class: 16478K(17088K)->16478K(17088K)
[3591.088s][info ][gc             ] GC(93) Pause Young (Allocation Failure) 2409M->416M(2581M) 4.573ms
[3591.088s][info ][gc,cpu         ] GC(93) User=0.01s Sys=0.00s Real=0.00s
[3591.088s][info ][safepoint      ] Safepoint "ParallelGCFailedAllocation", Time since last: 15055453443 ns, Reaching safepoint: 6100 ns, Cleanup: 3100 ns, At safepoint: 4661146 ns, Total: 4670346 ns
[3603.089s][info ][safepoint      ] Safepoint "Cleanup", Time since last: 12001022826 ns, Reaching safepoint: 6200 ns, Cleanup: 30500 ns, At safepoint: 2501 ns, Total: 39201 ns
[3610.091s][info ][safepoint      ] Safepoint "Cleanup", Time since last: 7002006752 ns, Reaching safepoint: 6900 ns, Cleanup: 31001 ns, At safepoint: 2100 ns, Total: 40001 ns
[3611.091s][info ][safepoint      ] Safepoint "Cleanup", Time since last: 1000101594 ns, Reaching safepoint: 6600 ns, Cleanup: 8300 ns, At safepoint: 2001 ns, Total: 16901 ns
[3615.094s][info ][safepoint      ] Safepoint "Cleanup", Time since last: 4002487282 ns, Reaching safepoint: 6600 ns, Cleanup: 12200 ns, At safepoint: 2600 ns, Total: 21400 ns
[3616.094s][info ][safepoint      ] Safepoint "Cleanup", Time since last: 1000111258 ns, Reaching safepoint: 6500 ns, Cleanup: 8100 ns, At safepoint: 2100 ns, Total: 16700 ns
[3617.094s][info ][safepoint      ] Safepoint "Cleanup", Time since last: 1000095958 ns, Reaching safepoint: 6500 ns, Cleanup: 8400 ns, At safepoint: 2100 ns, Total: 17000 ns
[3639.166s][info ][gc,start       ] GC(94) Pause Young (Allocation Failure)
[3639.174s][debug][gc,phases      ] GC(94) Scavenge 8.243ms
[3639.174s][debug][gc,ref         ] GC(94) ReferenceProcessor::execute queues: 1, RefProcThreadModel::Single, marks_oops_alive: false
[3639.174s][debug][gc,ref         ] GC(94) Skipped KeepAliveFinalRefsPhase of Reference Processing: no references
[3639.174s][debug][gc,ref         ] GC(94) ReferenceProcessor::execute queues: 1, RefProcThreadModel::Single, marks_oops_alive: false
[3639.174s][debug][gc,phases      ] GC(94) Reference Processing 0.108ms
[3639.174s][debug][gc,phases      ] GC(94)   VM Weak                        Min:  0.0, Avg:  0.0, Max:  0.0, Diff:  0.0, Sum:  0.0, Workers: 4
[3639.174s][debug][gc,phases      ] GC(94)     Dead                           Min: 0, Avg:  0.0, Max: 0, Diff: 0, Sum: 0, Workers: 4
[3639.174s][debug][gc,phases      ] GC(94)     Total                          Min: 0, Avg: 244.0, Max: 976, Diff: 976, Sum: 976, Workers: 4
[3639.174s][debug][gc,phases      ] GC(94)   ObjectSynchronizer Weak        Min:  0.0, Avg:  0.0, Max:  0.0, Diff:  0.0, Sum:  0.0, Workers: 4
[3639.174s][debug][gc,phases      ] GC(94)     Dead                           Min: 0, Avg:  0.0, Max: 0, Diff: 0, Sum: 0, Workers: 4
[3639.174s][debug][gc,phases      ] GC(94)     Total                          Min: 0, Avg:  0.8, Max: 3, Diff: 3, Sum: 3, Workers: 4
[3639.174s][debug][gc,phases      ] GC(94)   JVMTI Tag Weak OopStorage      Min:  0.0, Avg:  0.0, Max:  0.0, Diff:  0.0, Sum:  0.0, Workers: 4
[3639.174s][debug][gc,phases      ] GC(94)     Dead                           Min: 0, Avg:  0.0, Max: 0, Diff: 0, Sum: 0, Workers: 4
[3639.174s][debug][gc,phases      ] GC(94)     Total                          Min: 0, Avg:  0.0, Max: 0, Diff: 0, Sum: 0, Workers: 4
[3639.174s][debug][gc,phases      ] GC(94)   StringTable Weak               Min:  0.0, Avg:  0.1, Max:  0.2, Diff:  0.2, Sum:  0.5, Workers: 4
[3639.174s][debug][gc,phases      ] GC(94)     Dead                           Min: 0, Avg:  0.2, Max: 1, Diff: 1, Sum: 1, Workers: 4
[3639.174s][debug][gc,phases      ] GC(94)     Total                          Min: 0, Avg: 11917.5, Max: 25078, Diff: 25078, Sum: 47670, Workers: 4
[3639.174s][debug][gc,phases      ] GC(94)   ResolvedMethodTable Weak       Min:  0.0, Avg:  0.0, Max:  0.1, Diff:  0.1, Sum:  0.2, Workers: 4
[3639.174s][debug][gc,phases      ] GC(94)     Dead                           Min: 0, Avg:  6.8, Max: 24, Diff: 24, Sum: 27, Workers: 4
[3639.174s][debug][gc,phases      ] GC(94)     Total                          Min: 0, Avg: 3865.8, Max: 7899, Diff: 7899, Sum: 15463, Workers: 4
[3639.174s][debug][gc,phases      ] GC(94)   JNI Weak                       Min:  0.0, Avg:  0.0, Max:  0.0, Diff:  0.0, Sum:  0.0, Workers: 4
[3639.174s][debug][gc,phases      ] GC(94)     Dead                           Min: 0, Avg:  0.0, Max: 0, Diff: 0, Sum: 0, Workers: 4
[3639.174s][debug][gc,phases      ] GC(94)     Total                          Min: 0, Avg: 13.0, Max: 52, Diff: 52, Sum: 52, Workers: 4
[3639.174s][debug][gc,phases      ] GC(94)   StringDedup Table Weak         Min:  0.0, Avg:  0.0, Max:  0.0, Diff:  0.0, Sum:  0.0, Workers: 4
[3639.174s][debug][gc,phases      ] GC(94)     Dead                           Min: 0, Avg:  0.0, Max: 0, Diff: 0, Sum: 0, Workers: 4
[3639.174s][debug][gc,phases      ] GC(94)     Total                          Min: 0, Avg:  0.0, Max: 0, Diff: 0, Sum: 0, Workers: 4
[3639.174s][debug][gc,phases      ] GC(94)   StringDedup Requests0 Weak     Min:  0.0, Avg:  0.0, Max:  0.0, Diff:  0.0, Sum:  0.0, Workers: 4
[3639.174s][debug][gc,phases      ] GC(94)     Dead                           Min: 0, Avg:  0.0, Max: 0, Diff: 0, Sum: 0, Workers: 4
[3639.174s][debug][gc,phases      ] GC(94)     Total                          Min: 0, Avg:  0.0, Max: 0, Diff: 0, Sum: 0, Workers: 4
[3639.174s][debug][gc,phases      ] GC(94)   StringDedup Requests1 Weak     Min:  0.0, Avg:  0.0, Max:  0.0, Diff:  0.0, Sum:  0.0, Workers: 4
[3639.175s][debug][gc,phases      ] GC(94)     Dead                           Min: 0, Avg:  0.0, Max: 0, Diff: 0, Sum: 0, Workers: 4
[3639.175s][debug][gc,phases      ] GC(94)     Total                          Min: 0, Avg:  0.0, Max: 0, Diff: 0, Sum: 0, Workers: 4
[3639.175s][debug][gc,phases      ] GC(94)   Weak JFR Old Object Samples    Min:  0.0, Avg:  0.0, Max:  0.0, Diff:  0.0, Sum:  0.0, Workers: 4
[3639.175s][debug][gc,phases      ] GC(94)     Dead                           Min: 0, Avg:  0.0, Max: 0, Diff: 0, Sum: 0, Workers: 4
[3639.175s][debug][gc,phases      ] GC(94)     Total                          Min: 0, Avg:  0.0, Max: 0, Diff: 0, Sum: 0, Workers: 4
[3639.175s][debug][gc,phases      ] GC(94) Weak Processing 0.608ms
[3639.175s][debug][gc,age         ] GC(94) Desired survivor size 24117248 bytes, new threshold 1 (max threshold 15)
[3639.175s][info ][gc,heap        ] GC(94) PSYoungGen: 2049344K(2072576K)->1616K(2071552K) Eden: 2046976K(2046976K)->0K(2046976K) From: 2368K(25600K)->1616K(24576K)
[3639.175s][info ][gc,heap        ] GC(94) ParOldGen: 423916K(570368K)->425388K(570368K)
[3639.175s][info ][gc,metaspace   ] GC(94) Metaspace: 110275K(111616K)->110275K(111616K) NonClass: 93790K(94528K)->93790K(94528K) Class: 16485K(17088K)->16485K(17088K)
[3639.175s][info ][gc             ] GC(94) Pause Young (Allocation Failure) 2415M->416M(2580M) 9.078ms
[3639.175s][info ][gc,cpu         ] GC(94) User=0.01s Sys=0.01s Real=0.01s
[3639.175s][info ][safepoint      ] Safepoint "ParallelGCFailedAllocation", Time since last: 22071480568 ns, Reaching safepoint: 6500 ns, Cleanup: 4000 ns, At safepoint: 9151680 ns, Total: 9162180 ns
[3657.182s][info ][safepoint      ] Safepoint "Cleanup", Time since last: 18007837160 ns, Reaching safepoint: 6800 ns, Cleanup: 11200 ns, At safepoint: 2100 ns, Total: 20100 ns
[3681.184s][info ][safepoint      ] Safepoint "Cleanup", Time since last: 24001777934 ns, Reaching safepoint: 6000 ns, Cleanup: 13200 ns, At safepoint: 5200 ns, Total: 24400 ns
[3685.185s][info ][safepoint      ] Safepoint "Cleanup", Time since last: 4000368948 ns, Reaching safepoint: 6200 ns, Cleanup: 8200 ns, At safepoint: 2600 ns, Total: 17000 ns
[3686.185s][info ][safepoint      ] Safepoint "Cleanup", Time since last: 1000135871 ns, Reaching safepoint: 5200 ns, Cleanup: 11900 ns, At safepoint: 1900 ns, Total: 19000 ns
[3687.316s][info ][gc,start       ] GC(95) Pause Young (Allocation Failure)
[3687.318s][debug][gc,phases      ] GC(95) Scavenge 2.401ms
[3687.318s][debug][gc,ref         ] GC(95) ReferenceProcessor::execute queues: 1, RefProcThreadModel::Single, marks_oops_alive: false
[3687.318s][debug][gc,ref         ] GC(95) Skipped KeepAliveFinalRefsPhase of Reference Processing: no references
[3687.318s][debug][gc,ref         ] GC(95) ReferenceProcessor::execute queues: 1, RefProcThreadModel::Single, marks_oops_alive: false
[3687.318s][debug][gc,phases      ] GC(95) Reference Processing 0.104ms
[3687.318s][debug][gc,phases      ] GC(95)   VM Weak                        Min:  0.0, Avg:  0.0, Max:  0.0, Diff:  0.0, Sum:  0.0, Workers: 4
[3687.318s][debug][gc,phases      ] GC(95)     Dead                           Min: 0, Avg:  0.0, Max: 0, Diff: 0, Sum: 0, Workers: 4
[3687.318s][debug][gc,phases      ] GC(95)     Total                          Min: 0, Avg: 244.0, Max: 576, Diff: 576, Sum: 976, Workers: 4
[3687.318s][debug][gc,phases      ] GC(95)   ObjectSynchronizer Weak        Min:  0.0, Avg:  0.0, Max:  0.0, Diff:  0.0, Sum:  0.0, Workers: 4
[3687.318s][debug][gc,phases      ] GC(95)     Dead                           Min: 0, Avg:  0.0, Max: 0, Diff: 0, Sum: 0, Workers: 4
[3687.318s][debug][gc,phases      ] GC(95)     Total                          Min: 0, Avg:  0.8, Max: 3, Diff: 3, Sum: 3, Workers: 4
[3687.318s][debug][gc,phases      ] GC(95)   JVMTI Tag Weak OopStorage      Min:  0.0, Avg:  0.0, Max:  0.0, Diff:  0.0, Sum:  0.0, Workers: 4
[3687.318s][debug][gc,phases      ] GC(95)     Dead                           Min: 0, Avg:  0.0, Max: 0, Diff: 0, Sum: 0, Workers: 4
[3687.318s][debug][gc,phases      ] GC(95)     Total                          Min: 0, Avg:  0.0, Max: 0, Diff: 0, Sum: 0, Workers: 4
[3687.318s][debug][gc,phases      ] GC(95)   StringTable Weak               Min:  0.0, Avg:  0.1, Max:  0.1, Diff:  0.1, Sum:  0.4, Workers: 4
[3687.318s][debug][gc,phases      ] GC(95)     Dead                           Min: 0, Avg:  0.5, Max: 1, Diff: 1, Sum: 2, Workers: 4
[3687.318s][debug][gc,phases      ] GC(95)     Total                          Min: 0, Avg: 11924.0, Max: 20176, Diff: 20176, Sum: 47696, Workers: 4
[3687.318s][debug][gc,phases      ] GC(95)   ResolvedMethodTable Weak       Min:  0.0, Avg:  0.0, Max:  0.0, Diff:  0.0, Sum:  0.1, Workers: 4
[3687.318s][debug][gc,phases      ] GC(95)     Dead                           Min: 0, Avg:  8.0, Max: 25, Diff: 25, Sum: 32, Workers: 4
[3687.318s][debug][gc,phases      ] GC(95)     Total                          Min: 0, Avg: 3873.5, Max: 6705, Diff: 6705, Sum: 15494, Workers: 4
[3687.318s][debug][gc,phases      ] GC(95)   JNI Weak                       Min:  0.0, Avg:  0.0, Max:  0.0, Diff:  0.0, Sum:  0.0, Workers: 4
[3687.318s][debug][gc,phases      ] GC(95)     Dead                           Min: 0, Avg:  0.0, Max: 0, Diff: 0, Sum: 0, Workers: 4
[3687.318s][debug][gc,phases      ] GC(95)     Total                          Min: 0, Avg: 13.0, Max: 52, Diff: 52, Sum: 52, Workers: 4
[3687.318s][debug][gc,phases      ] GC(95)   StringDedup Table Weak         Min:  0.0, Avg:  0.0, Max:  0.0, Diff:  0.0, Sum:  0.0, Workers: 4
[3687.318s][debug][gc,phases      ] GC(95)     Dead                           Min: 0, Avg:  0.0, Max: 0, Diff: 0, Sum: 0, Workers: 4
[3687.318s][debug][gc,phases      ] GC(95)     Total                          Min: 0, Avg:  0.0, Max: 0, Diff: 0, Sum: 0, Workers: 4
[3687.318s][debug][gc,phases      ] GC(95)   StringDedup Requests0 Weak     Min:  0.0, Avg:  0.0, Max:  0.0, Diff:  0.0, Sum:  0.0, Workers: 4
[3687.318s][debug][gc,phases      ] GC(95)     Dead                           Min: 0, Avg:  0.0, Max: 0, Diff: 0, Sum: 0, Workers: 4
[3687.318s][debug][gc,phases      ] GC(95)     Total                          Min: 0, Avg:  0.0, Max: 0, Diff: 0, Sum: 0, Workers: 4
[3687.318s][debug][gc,phases      ] GC(95)   StringDedup Requests1 Weak     Min:  0.0, Avg:  0.0, Max:  0.0, Diff:  0.0, Sum:  0.0, Workers: 4
[3687.318s][debug][gc,phases      ] GC(95)     Dead                           Min: 0, Avg:  0.0, Max: 0, Diff: 0, Sum: 0, Workers: 4
[3687.318s][debug][gc,phases      ] GC(95)     Total                          Min: 0, Avg:  0.0, Max: 0, Diff: 0, Sum: 0, Workers: 4
[3687.318s][debug][gc,phases      ] GC(95)   Weak JFR Old Object Samples    Min:  0.0, Avg:  0.0, Max:  0.0, Diff:  0.0, Sum:  0.0, Workers: 4
[3687.318s][debug][gc,phases      ] GC(95)     Dead                           Min: 0, Avg:  0.0, Max: 0, Diff: 0, Sum: 0, Workers: 4
[3687.318s][debug][gc,phases      ] GC(95)     Total                          Min: 0, Avg:  0.0, Max: 0, Diff: 0, Sum: 0, Workers: 4
[3687.318s][debug][gc,phases      ] GC(95) Weak Processing 0.378ms
[3687.318s][debug][gc,age         ] GC(95) Desired survivor size 22544384 bytes, new threshold 1 (max threshold 15)
[3687.318s][info ][gc,heap        ] GC(95) PSYoungGen: 2048592K(2071552K)->1888K(2075136K) Eden: 2046976K(2046976K)->0K(2051584K) From: 1616K(24576K)->1888K(23552K)
[3687.318s][info ][gc,heap        ] GC(95) ParOldGen: 425388K(570368K)->426180K(570368K)
[3687.318s][info ][gc,metaspace   ] GC(95) Metaspace: 110338K(111680K)->110338K(111680K) NonClass: 93842K(94592K)->93842K(94592K) Class: 16496K(17088K)->16496K(17088K)
[3687.318s][info ][gc             ] GC(95) Pause Young (Allocation Failure) 2415M->418M(2583M) 2.971ms
[3687.318s][info ][gc,cpu         ] GC(95) User=0.01s Sys=0.00s Real=0.00s
[3687.319s][info ][safepoint      ] Safepoint "ParallelGCFailedAllocation", Time since last: 1130582386 ns, Reaching safepoint: 83000 ns, Cleanup: 3800 ns, At safepoint: 3032525 ns, Total: 3119325 ns
[3706.320s][info ][safepoint      ] Safepoint "Cleanup", Time since last: 19001647618 ns, Reaching safepoint: 80901 ns, Cleanup: 6300 ns, At safepoint: 6800 ns, Total: 94001 ns
[3709.321s][info ][safepoint      ] Safepoint "Cleanup", Time since last: 3000253548 ns, Reaching safepoint: 4900 ns, Cleanup: 7600 ns, At safepoint: 1800 ns, Total: 14300 ns
[3710.321s][info ][safepoint      ] Safepoint "Cleanup", Time since last: 1000099016 ns, Reaching safepoint: 5400 ns, Cleanup: 6400 ns, At safepoint: 1900 ns, Total: 13700 ns
[3726.322s][info ][safepoint      ] Safepoint "Cleanup", Time since last: 16001236641 ns, Reaching safepoint: 5400 ns, Cleanup: 8000 ns, At safepoint: 14300 ns, Total: 27700 ns
[3727.322s][info ][safepoint      ] Safepoint "Cleanup", Time since last: 1000099838 ns, Reaching safepoint: 4700 ns, Cleanup: 8600 ns, At safepoint: 1600 ns, Total: 14900 ns
[3733.134s][info ][gc,start       ] GC(96) Pause Young (Allocation Failure)
[3733.136s][debug][gc,phases      ] GC(96) Scavenge 2.476ms
[3733.136s][debug][gc,ref         ] GC(96) ReferenceProcessor::execute queues: 1, RefProcThreadModel::Single, marks_oops_alive: false
[3733.136s][debug][gc,ref         ] GC(96) Skipped KeepAliveFinalRefsPhase of Reference Processing: no references
[3733.136s][debug][gc,ref         ] GC(96) Skipped PhantomRefsPhase of Reference Processing: no references
[3733.136s][debug][gc,phases      ] GC(96) Reference Processing 0.098ms
[3733.137s][debug][gc,phases      ] GC(96)   VM Weak                        Min:  0.0, Avg:  0.0, Max:  0.0, Diff:  0.0, Sum:  0.0, Workers: 4
[3733.137s][debug][gc,phases      ] GC(96)     Dead                           Min: 0, Avg:  0.0, Max: 0, Diff: 0, Sum: 0, Workers: 4
[3733.137s][debug][gc,phases      ] GC(96)     Total                          Min: 0, Avg: 244.0, Max: 912, Diff: 912, Sum: 976, Workers: 4
[3733.137s][debug][gc,phases      ] GC(96)   ObjectSynchronizer Weak        Min:  0.0, Avg:  0.0, Max:  0.0, Diff:  0.0, Sum:  0.0, Workers: 4
[3733.137s][debug][gc,phases      ] GC(96)     Dead                           Min: 0, Avg:  0.0, Max: 0, Diff: 0, Sum: 0, Workers: 4
[3733.137s][debug][gc,phases      ] GC(96)     Total                          Min: 0, Avg:  1.0, Max: 4, Diff: 4, Sum: 4, Workers: 4
[3733.137s][debug][gc,phases      ] GC(96)   JVMTI Tag Weak OopStorage      Min:  0.0, Avg:  0.0, Max:  0.0, Diff:  0.0, Sum:  0.0, Workers: 4
[3733.137s][debug][gc,phases      ] GC(96)     Dead                           Min: 0, Avg:  0.0, Max: 0, Diff: 0, Sum: 0, Workers: 4
[3733.137s][debug][gc,phases      ] GC(96)     Total                          Min: 0, Avg:  0.0, Max: 0, Diff: 0, Sum: 0, Workers: 4
[3733.137s][debug][gc,phases      ] GC(96)   StringTable Weak               Min:  0.1, Avg:  0.1, Max:  0.1, Diff:  0.0, Sum:  0.5, Workers: 4
[3733.137s][debug][gc,phases      ] GC(96)     Dead                           Min: 0, Avg:  0.0, Max: 0, Diff: 0, Sum: 0, Workers: 4
[3733.137s][debug][gc,phases      ] GC(96)     Total                          Min: 11776, Avg: 11924.0, Max: 12096, Diff: 320, Sum: 47696, Workers: 4
[3733.137s][debug][gc,phases      ] GC(96)   ResolvedMethodTable Weak       Min:  0.0, Avg:  0.0, Max:  0.0, Diff:  0.0, Sum:  0.2, Workers: 4
[3733.137s][debug][gc,phases      ] GC(96)     Dead                           Min: 0, Avg:  4.5, Max: 18, Diff: 18, Sum: 18, Workers: 4
[3733.137s][debug][gc,phases      ] GC(96)     Total                          Min: 3686, Avg: 3873.5, Max: 4044, Diff: 358, Sum: 15494, Workers: 4
[3733.137s][debug][gc,phases      ] GC(96)   JNI Weak                       Min:  0.0, Avg:  0.0, Max:  0.0, Diff:  0.0, Sum:  0.0, Workers: 4
[3733.137s][debug][gc,phases      ] GC(96)     Dead                           Min: 0, Avg:  0.0, Max: 0, Diff: 0, Sum: 0, Workers: 4
[3733.137s][debug][gc,phases      ] GC(96)     Total                          Min: 0, Avg: 13.0, Max: 52, Diff: 52, Sum: 52, Workers: 4
[3733.137s][debug][gc,phases      ] GC(96)   StringDedup Table Weak         Min:  0.0, Avg:  0.0, Max:  0.0, Diff:  0.0, Sum:  0.0, Workers: 4
[3733.137s][debug][gc,phases      ] GC(96)     Dead                           Min: 0, Avg:  0.0, Max: 0, Diff: 0, Sum: 0, Workers: 4
[3733.137s][debug][gc,phases      ] GC(96)     Total                          Min: 0, Avg:  0.0, Max: 0, Diff: 0, Sum: 0, Workers: 4
[3733.137s][debug][gc,phases      ] GC(96)   StringDedup Requests0 Weak     Min:  0.0, Avg:  0.0, Max:  0.0, Diff:  0.0, Sum:  0.0, Workers: 4
[3733.137s][debug][gc,phases      ] GC(96)     Dead                           Min: 0, Avg:  0.0, Max: 0, Diff: 0, Sum: 0, Workers: 4
[3733.137s][debug][gc,phases      ] GC(96)     Total                          Min: 0, Avg:  0.0, Max: 0, Diff: 0, Sum: 0, Workers: 4
[3733.137s][debug][gc,phases      ] GC(96)   StringDedup Requests1 Weak     Min:  0.0, Avg:  0.0, Max:  0.0, Diff:  0.0, Sum:  0.0, Workers: 4
[3733.137s][debug][gc,phases      ] GC(96)     Dead                           Min: 0, Avg:  0.0, Max: 0, Diff: 0, Sum: 0, Workers: 4
[3733.137s][debug][gc,phases      ] GC(96)     Total                          Min: 0, Avg:  0.0, Max: 0, Diff: 0, Sum: 0, Workers: 4
[3733.137s][debug][gc,phases      ] GC(96)   Weak JFR Old Object Samples    Min:  0.0, Avg:  0.0, Max:  0.0, Diff:  0.0, Sum:  0.0, Workers: 4
[3733.137s][debug][gc,phases      ] GC(96)     Dead                           Min: 0, Avg:  0.0, Max: 0, Diff: 0, Sum: 0, Workers: 4
[3733.137s][debug][gc,phases      ] GC(96)     Total                          Min: 0, Avg:  0.0, Max: 0, Diff: 0, Sum: 0, Workers: 4
[3733.137s][debug][gc,phases      ] GC(96) Weak Processing 0.371ms
[3733.137s][debug][gc,age         ] GC(96) Desired survivor size 21495808 bytes, new threshold 1 (max threshold 15)
[3733.137s][info ][gc,heap        ] GC(96) PSYoungGen: 2053472K(2075136K)->2912K(2073600K) Eden: 2051584K(2051584K)->0K(2051584K) From: 1888K(23552K)->2912K(22016K)
[3733.137s][info ][gc,heap        ] GC(96) ParOldGen: 426180K(570368K)->426616K(570368K)
[3733.137s][info ][gc,metaspace   ] GC(96) Metaspace: 110340K(111680K)->110340K(111680K) NonClass: 93843K(94592K)->93843K(94592K) Class: 16496K(17088K)->16496K(17088K)
[3733.137s][info ][gc             ] GC(96) Pause Young (Allocation Failure) 2421M->419M(2582M) 3.034ms
[3733.137s][info ][gc,cpu         ] GC(96) User=0.01s Sys=0.00s Real=0.00s
[3733.137s][info ][safepoint      ] Safepoint "ParallelGCFailedAllocation", Time since last: 5811774197 ns, Reaching safepoint: 5100 ns, Cleanup: 3400 ns, At safepoint: 3093926 ns, Total: 3102426 ns
[3744.138s][info ][safepoint      ] Safepoint "Cleanup", Time since last: 11000778502 ns, Reaching safepoint: 5600 ns, Cleanup: 26000 ns, At safepoint: 2600 ns, Total: 34200 ns
[3778.140s][info ][safepoint      ] Safepoint "Cleanup", Time since last: 34002533554 ns, Reaching safepoint: 5500 ns, Cleanup: 9000 ns, At safepoint: 1900 ns, Total: 16400 ns
[3780.023s][info ][gc,start       ] GC(97) Pause Young (Allocation Failure)
[3780.030s][debug][gc,phases      ] GC(97) Scavenge 7.148ms
[3780.030s][debug][gc,ref         ] GC(97) ReferenceProcessor::execute queues: 1, RefProcThreadModel::Single, marks_oops_alive: false
[3780.030s][debug][gc,ref         ] GC(97) Skipped KeepAliveFinalRefsPhase of Reference Processing: no references
[3780.030s][debug][gc,ref         ] GC(97) ReferenceProcessor::execute queues: 1, RefProcThreadModel::Single, marks_oops_alive: false
[3780.030s][debug][gc,phases      ] GC(97) Reference Processing 0.110ms
[3780.030s][debug][gc,phases      ] GC(97)   VM Weak                        Min:  0.0, Avg:  0.0, Max:  0.0, Diff:  0.0, Sum:  0.0, Workers: 4
[3780.030s][debug][gc,phases      ] GC(97)     Dead                           Min: 0, Avg:  0.0, Max: 0, Diff: 0, Sum: 0, Workers: 4
[3780.030s][debug][gc,phases      ] GC(97)     Total                          Min: 0, Avg: 244.0, Max: 768, Diff: 768, Sum: 976, Workers: 4
[3780.030s][debug][gc,phases      ] GC(97)   ObjectSynchronizer Weak        Min:  0.0, Avg:  0.0, Max:  0.0, Diff:  0.0, Sum:  0.0, Workers: 4
[3780.030s][debug][gc,phases      ] GC(97)     Dead                           Min: 0, Avg:  0.0, Max: 0, Diff: 0, Sum: 0, Workers: 4
[3780.030s][debug][gc,phases      ] GC(97)     Total                          Min: 0, Avg:  1.0, Max: 4, Diff: 4, Sum: 4, Workers: 4
[3780.030s][debug][gc,phases      ] GC(97)   JVMTI Tag Weak OopStorage      Min:  0.0, Avg:  0.0, Max:  0.0, Diff:  0.0, Sum:  0.0, Workers: 4
[3780.030s][debug][gc,phases      ] GC(97)     Dead                           Min: 0, Avg:  0.0, Max: 0, Diff: 0, Sum: 0, Workers: 4
[3780.030s][debug][gc,phases      ] GC(97)     Total                          Min: 0, Avg:  0.0, Max: 0, Diff: 0, Sum: 0, Workers: 4
[3780.030s][debug][gc,phases      ] GC(97)   StringTable Weak               Min:  0.1, Avg:  0.1, Max:  0.1, Diff:  0.0, Sum:  0.5, Workers: 4
[3780.030s][debug][gc,phases      ] GC(97)     Dead                           Min: 0, Avg:  0.0, Max: 0, Diff: 0, Sum: 0, Workers: 4
[3780.030s][debug][gc,phases      ] GC(97)     Total                          Min: 11264, Avg: 11924.0, Max: 12352, Diff: 1088, Sum: 47696, Workers: 4
[3780.030s][debug][gc,phases      ] GC(97)   ResolvedMethodTable Weak       Min:  0.0, Avg:  0.0, Max:  0.0, Diff:  0.0, Sum:  0.2, Workers: 4
[3780.030s][debug][gc,phases      ] GC(97)     Dead                           Min: 0, Avg:  4.0, Max: 16, Diff: 16, Sum: 16, Workers: 4
[3780.030s][debug][gc,phases      ] GC(97)     Total                          Min: 3706, Avg: 3873.5, Max: 3999, Diff: 293, Sum: 15494, Workers: 4
[3780.030s][debug][gc,phases      ] GC(97)   JNI Weak                       Min:  0.0, Avg:  0.0, Max:  0.0, Diff:  0.0, Sum:  0.0, Workers: 4
[3780.030s][debug][gc,phases      ] GC(97)     Dead                           Min: 0, Avg:  0.0, Max: 0, Diff: 0, Sum: 0, Workers: 4
[3780.030s][debug][gc,phases      ] GC(97)     Total                          Min: 0, Avg: 13.0, Max: 52, Diff: 52, Sum: 52, Workers: 4
[3780.030s][debug][gc,phases      ] GC(97)   StringDedup Table Weak         Min:  0.0, Avg:  0.0, Max:  0.0, Diff:  0.0, Sum:  0.0, Workers: 4
[3780.030s][debug][gc,phases      ] GC(97)     Dead                           Min: 0, Avg:  0.0, Max: 0, Diff: 0, Sum: 0, Workers: 4
[3780.030s][debug][gc,phases      ] GC(97)     Total                          Min: 0, Avg:  0.0, Max: 0, Diff: 0, Sum: 0, Workers: 4
[3780.030s][debug][gc,phases      ] GC(97)   StringDedup Requests0 Weak     Min:  0.0, Avg:  0.0, Max:  0.0, Diff:  0.0, Sum:  0.0, Workers: 4
[3780.030s][debug][gc,phases      ] GC(97)     Dead                           Min: 0, Avg:  0.0, Max: 0, Diff: 0, Sum: 0, Workers: 4
[3780.030s][debug][gc,phases      ] GC(97)     Total                          Min: 0, Avg:  0.0, Max: 0, Diff: 0, Sum: 0, Workers: 4
[3780.030s][debug][gc,phases      ] GC(97)   StringDedup Requests1 Weak     Min:  0.0, Avg:  0.0, Max:  0.0, Diff:  0.0, Sum:  0.0, Workers: 4
[3780.030s][debug][gc,phases      ] GC(97)     Dead                           Min: 0, Avg:  0.0, Max: 0, Diff: 0, Sum: 0, Workers: 4
[3780.030s][debug][gc,phases      ] GC(97)     Total                          Min: 0, Avg:  0.0, Max: 0, Diff: 0, Sum: 0, Workers: 4
[3780.030s][debug][gc,phases      ] GC(97)   Weak JFR Old Object Samples    Min:  0.0, Avg:  0.0, Max:  0.0, Diff:  0.0, Sum:  0.0, Workers: 4
[3780.030s][debug][gc,phases      ] GC(97)     Dead                           Min: 0, Avg:  0.0, Max: 0, Diff: 0, Sum: 0, Workers: 4
[3780.030s][debug][gc,phases      ] GC(97)     Total                          Min: 0, Avg:  0.0, Max: 0, Diff: 0, Sum: 0, Workers: 4
[3780.030s][debug][gc,phases      ] GC(97) Weak Processing 0.386ms
[3780.030s][debug][gc,age         ] GC(97) Desired survivor size 19922944 bytes, new threshold 1 (max threshold 15)
[3780.030s][info ][gc,heap        ] GC(97) PSYoungGen: 2054496K(2073600K)->2912K(2077696K) Eden: 2051584K(2051584K)->0K(2056704K) From: 2912K(22016K)->2912K(20992K)
[3780.030s][info ][gc,heap        ] GC(97) ParOldGen: 426616K(570368K)->428249K(570368K)
[3780.030s][info ][gc,metaspace   ] GC(97) Metaspace: 110340K(111680K)->110340K(111680K) NonClass: 93843K(94592K)->93843K(94592K) Class: 16496K(17088K)->16496K(17088K)
[3780.030s][info ][gc             ] GC(97) Pause Young (Allocation Failure) 2422M->421M(2586M) 7.761ms
[3780.030s][info ][gc,cpu         ] GC(97) User=0.01s Sys=0.00s Real=0.01s
[3780.030s][info ][safepoint      ] Safepoint "ParallelGCFailedAllocation", Time since last: 1882279811 ns, Reaching safepoint: 5900 ns, Cleanup: 4200 ns, At safepoint: 7835468 ns, Total: 7845568 ns
[3815.291s][info ][safepoint      ] Safepoint "Cleanup", Time since last: 35261025451 ns, Reaching safepoint: 6100 ns, Cleanup: 9100 ns, At safepoint: 21500 ns, Total: 36700 ns
[3828.517s][info ][gc,start       ] GC(98) Pause Young (Allocation Failure)
[3828.519s][debug][gc,phases      ] GC(98) Scavenge 2.151ms
[3828.520s][debug][gc,ref         ] GC(98) ReferenceProcessor::execute queues: 1, RefProcThreadModel::Single, marks_oops_alive: false
[3828.520s][debug][gc,ref         ] GC(98) Skipped KeepAliveFinalRefsPhase of Reference Processing: no references
[3828.520s][debug][gc,ref         ] GC(98) Skipped PhantomRefsPhase of Reference Processing: no references
[3828.520s][debug][gc,phases      ] GC(98) Reference Processing 0.102ms
[3828.520s][debug][gc,phases      ] GC(98)   VM Weak                        Min:  0.0, Avg:  0.0, Max:  0.0, Diff:  0.0, Sum:  0.0, Workers: 4
[3828.520s][debug][gc,phases      ] GC(98)     Dead                           Min: 0, Avg:  0.0, Max: 0, Diff: 0, Sum: 0, Workers: 4
[3828.520s][debug][gc,phases      ] GC(98)     Total                          Min: 0, Avg: 244.0, Max: 912, Diff: 912, Sum: 976, Workers: 4
[3828.520s][debug][gc,phases      ] GC(98)   ObjectSynchronizer Weak        Min:  0.0, Avg:  0.0, Max:  0.0, Diff:  0.0, Sum:  0.0, Workers: 4
[3828.520s][debug][gc,phases      ] GC(98)     Dead                           Min: 0, Avg:  0.0, Max: 0, Diff: 0, Sum: 0, Workers: 4
[3828.520s][debug][gc,phases      ] GC(98)     Total                          Min: 0, Avg:  0.8, Max: 3, Diff: 3, Sum: 3, Workers: 4
[3828.520s][debug][gc,phases      ] GC(98)   JVMTI Tag Weak OopStorage      Min:  0.0, Avg:  0.0, Max:  0.0, Diff:  0.0, Sum:  0.0, Workers: 4
[3828.520s][debug][gc,phases      ] GC(98)     Dead                           Min: 0, Avg:  0.0, Max: 0, Diff: 0, Sum: 0, Workers: 4
[3828.520s][debug][gc,phases      ] GC(98)     Total                          Min: 0, Avg:  0.0, Max: 0, Diff: 0, Sum: 0, Workers: 4
[3828.520s][debug][gc,phases      ] GC(98)   StringTable Weak               Min:  0.1, Avg:  0.1, Max:  0.1, Diff:  0.0, Sum:  0.5, Workers: 4
[3828.520s][debug][gc,phases      ] GC(98)     Dead                           Min: 0, Avg:  0.0, Max: 0, Diff: 0, Sum: 0, Workers: 4
[3828.520s][debug][gc,phases      ] GC(98)     Total                          Min: 10624, Avg: 11924.0, Max: 12800, Diff: 2176, Sum: 47696, Workers: 4
[3828.520s][debug][gc,phases      ] GC(98)   ResolvedMethodTable Weak       Min:  0.0, Avg:  0.0, Max:  0.0, Diff:  0.0, Sum:  0.2, Workers: 4
[3828.520s][debug][gc,phases      ] GC(98)     Dead                           Min: 0, Avg:  4.0, Max: 16, Diff: 16, Sum: 16, Workers: 4
[3828.520s][debug][gc,phases      ] GC(98)     Total                          Min: 3720, Avg: 3873.5, Max: 3960, Diff: 240, Sum: 15494, Workers: 4
[3828.520s][debug][gc,phases      ] GC(98)   JNI Weak                       Min:  0.0, Avg:  0.0, Max:  0.0, Diff:  0.0, Sum:  0.0, Workers: 4
[3828.520s][debug][gc,phases      ] GC(98)     Dead                           Min: 0, Avg:  0.0, Max: 0, Diff: 0, Sum: 0, Workers: 4
[3828.520s][debug][gc,phases      ] GC(98)     Total                          Min: 0, Avg: 13.0, Max: 52, Diff: 52, Sum: 52, Workers: 4
[3828.520s][debug][gc,phases      ] GC(98)   StringDedup Table Weak         Min:  0.0, Avg:  0.0, Max:  0.0, Diff:  0.0, Sum:  0.0, Workers: 4
[3828.520s][debug][gc,phases      ] GC(98)     Dead                           Min: 0, Avg:  0.0, Max: 0, Diff: 0, Sum: 0, Workers: 4
[3828.520s][debug][gc,phases      ] GC(98)     Total                          Min: 0, Avg:  0.0, Max: 0, Diff: 0, Sum: 0, Workers: 4
[3828.520s][debug][gc,phases      ] GC(98)   StringDedup Requests0 Weak     Min:  0.0, Avg:  0.0, Max:  0.0, Diff:  0.0, Sum:  0.0, Workers: 4
[3828.520s][debug][gc,phases      ] GC(98)     Dead                           Min: 0, Avg:  0.0, Max: 0, Diff: 0, Sum: 0, Workers: 4
[3828.520s][debug][gc,phases      ] GC(98)     Total                          Min: 0, Avg:  0.0, Max: 0, Diff: 0, Sum: 0, Workers: 4
[3828.520s][debug][gc,phases      ] GC(98)   StringDedup Requests1 Weak     Min:  0.0, Avg:  0.0, Max:  0.0, Diff:  0.0, Sum:  0.0, Workers: 4
[3828.520s][debug][gc,phases      ] GC(98)     Dead                           Min: 0, Avg:  0.0, Max: 0, Diff: 0, Sum: 0, Workers: 4
[3828.520s][debug][gc,phases      ] GC(98)     Total                          Min: 0, Avg:  0.0, Max: 0, Diff: 0, Sum: 0, Workers: 4
[3828.520s][debug][gc,phases      ] GC(98)   Weak JFR Old Object Samples    Min:  0.0, Avg:  0.0, Max:  0.0, Diff:  0.0, Sum:  0.0, Workers: 4
[3828.520s][debug][gc,phases      ] GC(98)     Dead                           Min: 0, Avg:  0.0, Max: 0, Diff: 0, Sum: 0, Workers: 4
[3828.520s][debug][gc,phases      ] GC(98)     Total                          Min: 0, Avg:  0.0, Max: 0, Diff: 0, Sum: 0, Workers: 4
[3828.520s][debug][gc,phases      ] GC(98) Weak Processing 0.391ms
[3828.520s][debug][gc,age         ] GC(98) Desired survivor size 18874368 bytes, new threshold 1 (max threshold 15)
[3828.520s][info ][gc,heap        ] GC(98) PSYoungGen: 2059616K(2077696K)->1920K(2076160K) Eden: 2056704K(2056704K)->0K(2056704K) From: 2912K(20992K)->1920K(19456K)
[3828.520s][info ][gc,heap        ] GC(98) ParOldGen: 428249K(570368K)->429745K(570368K)
[3828.520s][info ][gc,metaspace   ] GC(98) Metaspace: 110344K(111680K)->110344K(111680K) NonClass: 93847K(94592K)->93847K(94592K) Class: 16496K(17088K)->16496K(17088K)
[3828.520s][info ][gc             ] GC(98) Pause Young (Allocation Failure) 2429M->421M(2584M) 2.731ms
[3828.520s][info ][gc,cpu         ] GC(98) User=0.01s Sys=0.00s Real=0.01s
[3828.520s][info ][safepoint      ] Safepoint "ParallelGCFailedAllocation", Time since last: 13225758665 ns, Reaching safepoint: 5100 ns, Cleanup: 3400 ns, At safepoint: 2785824 ns, Total: 2794324 ns
[3848.522s][info ][safepoint      ] Safepoint "Cleanup", Time since last: 20001612470 ns, Reaching safepoint: 5300 ns, Cleanup: 7300 ns, At safepoint: 1900 ns, Total: 14500 ns
[3874.524s][info ][safepoint      ] Safepoint "Cleanup", Time since last: 26002396812 ns, Reaching safepoint: 5300 ns, Cleanup: 7700 ns, At safepoint: 14700 ns, Total: 27700 ns
[3876.115s][info ][gc,start       ] GC(99) Pause Young (Allocation Failure)
[3876.118s][debug][gc,phases      ] GC(99) Scavenge 2.547ms
[3876.118s][debug][gc,ref         ] GC(99) ReferenceProcessor::execute queues: 1, RefProcThreadModel::Single, marks_oops_alive: false
[3876.118s][debug][gc,ref         ] GC(99) Skipped KeepAliveFinalRefsPhase of Reference Processing: no references
[3876.118s][debug][gc,ref         ] GC(99) Skipped PhantomRefsPhase of Reference Processing: no references
[3876.118s][debug][gc,phases      ] GC(99) Reference Processing 0.094ms
[3876.118s][debug][gc,phases      ] GC(99)   VM Weak                        Min:  0.0, Avg:  0.0, Max:  0.0, Diff:  0.0, Sum:  0.0, Workers: 4
[3876.118s][debug][gc,phases      ] GC(99)     Dead                           Min: 0, Avg:  0.0, Max: 0, Diff: 0, Sum: 0, Workers: 4
[3876.118s][debug][gc,phases      ] GC(99)     Total                          Min: 0, Avg: 244.0, Max: 576, Diff: 576, Sum: 976, Workers: 4
[3876.118s][debug][gc,phases      ] GC(99)   ObjectSynchronizer Weak        Min:  0.0, Avg:  0.0, Max:  0.0, Diff:  0.0, Sum:  0.0, Workers: 4
[3876.118s][debug][gc,phases      ] GC(99)     Dead                           Min: 0, Avg:  0.0, Max: 0, Diff: 0, Sum: 0, Workers: 4
[3876.118s][debug][gc,phases      ] GC(99)     Total                          Min: 0, Avg:  0.8, Max: 3, Diff: 3, Sum: 3, Workers: 4
[3876.118s][debug][gc,phases      ] GC(99)   JVMTI Tag Weak OopStorage      Min:  0.0, Avg:  0.0, Max:  0.0, Diff:  0.0, Sum:  0.0, Workers: 4
[3876.118s][debug][gc,phases      ] GC(99)     Dead                           Min: 0, Avg:  0.0, Max: 0, Diff: 0, Sum: 0, Workers: 4
[3876.118s][debug][gc,phases      ] GC(99)     Total                          Min: 0, Avg:  0.0, Max: 0, Diff: 0, Sum: 0, Workers: 4
[3876.118s][debug][gc,phases      ] GC(99)   StringTable Weak               Min:  0.0, Avg:  0.1, Max:  0.1, Diff:  0.1, Sum:  0.4, Workers: 4
[3876.118s][debug][gc,phases      ] GC(99)     Dead                           Min: 0, Avg:  0.0, Max: 0, Diff: 0, Sum: 0, Workers: 4
[3876.118s][debug][gc,phases      ] GC(99)     Total                          Min: 0, Avg: 11925.8, Max: 20160, Diff: 20160, Sum: 47703, Workers: 4
[3876.118s][debug][gc,phases      ] GC(99)   ResolvedMethodTable Weak       Min:  0.0, Avg:  0.0, Max:  0.1, Diff:  0.1, Sum:  0.1, Workers: 4
[3876.118s][debug][gc,phases      ] GC(99)     Dead                           Min: 0, Avg:  4.0, Max: 16, Diff: 16, Sum: 16, Workers: 4
[3876.118s][debug][gc,phases      ] GC(99)     Total                          Min: 0, Avg: 3873.5, Max: 6727, Diff: 6727, Sum: 15494, Workers: 4
[3876.118s][debug][gc,phases      ] GC(99)   JNI Weak                       Min:  0.0, Avg:  0.0, Max:  0.0, Diff:  0.0, Sum:  0.0, Workers: 4
[3876.118s][debug][gc,phases      ] GC(99)     Dead                           Min: 0, Avg:  0.0, Max: 0, Diff: 0, Sum: 0, Workers: 4
[3876.118s][debug][gc,phases      ] GC(99)     Total                          Min: 0, Avg: 13.0, Max: 52, Diff: 52, Sum: 52, Workers: 4
[3876.118s][debug][gc,phases      ] GC(99)   StringDedup Table Weak         Min:  0.0, Avg:  0.0, Max:  0.0, Diff:  0.0, Sum:  0.0, Workers: 4
[3876.118s][debug][gc,phases      ] GC(99)     Dead                           Min: 0, Avg:  0.0, Max: 0, Diff: 0, Sum: 0, Workers: 4
[3876.118s][debug][gc,phases      ] GC(99)     Total                          Min: 0, Avg:  0.0, Max: 0, Diff: 0, Sum: 0, Workers: 4
[3876.118s][debug][gc,phases      ] GC(99)   StringDedup Requests0 Weak     Min:  0.0, Avg:  0.0, Max:  0.0, Diff:  0.0, Sum:  0.0, Workers: 4
[3876.118s][debug][gc,phases      ] GC(99)     Dead                           Min: 0, Avg:  0.0, Max: 0, Diff: 0, Sum: 0, Workers: 4
[3876.118s][debug][gc,phases      ] GC(99)     Total                          Min: 0, Avg:  0.0, Max: 0, Diff: 0, Sum: 0, Workers: 4
[3876.118s][debug][gc,phases      ] GC(99)   StringDedup Requests1 Weak     Min:  0.0, Avg:  0.0, Max:  0.0, Diff:  0.0, Sum:  0.0, Workers: 4
[3876.118s][debug][gc,phases      ] GC(99)     Dead                           Min: 0, Avg:  0.0, Max: 0, Diff: 0, Sum: 0, Workers: 4
[3876.118s][debug][gc,phases      ] GC(99)     Total                          Min: 0, Avg:  0.0, Max: 0, Diff: 0, Sum: 0, Workers: 4
[3876.119s][debug][gc,phases      ] GC(99)   Weak JFR Old Object Samples    Min:  0.0, Avg:  0.0, Max:  0.0, Diff:  0.0, Sum:  0.0, Workers: 4
[3876.119s][debug][gc,phases      ] GC(99)     Dead                           Min: 0, Avg:  0.0, Max: 0, Diff: 0, Sum: 0, Workers: 4
[3876.119s][debug][gc,phases      ] GC(99)     Total                          Min: 0, Avg:  0.0, Max: 0, Diff: 0, Sum: 0, Workers: 4
[3876.119s][debug][gc,phases      ] GC(99) Weak Processing 0.388ms
[3876.119s][debug][gc,age         ] GC(99) Desired survivor size 17825792 bytes, new threshold 1 (max threshold 15)
[3876.119s][info ][gc,heap        ] GC(99) PSYoungGen: 2058624K(2076160K)->2496K(2079744K) Eden: 2056704K(2056704K)->0K(2061312K) From: 1920K(19456K)->2496K(18432K)
[3876.119s][info ][gc,heap        ] GC(99) ParOldGen: 429745K(570368K)->430646K(570368K)
[3876.119s][info ][gc,metaspace   ] GC(99) Metaspace: 110358K(111680K)->110358K(111680K) NonClass: 93861K(94592K)->93861K(94592K) Class: 16496K(17088K)->16496K(17088K)
[3876.119s][info ][gc             ] GC(99) Pause Young (Allocation Failure) 2430M->422M(2588M) 3.135ms
[3876.119s][info ][gc,cpu         ] GC(99) User=0.01s Sys=0.00s Real=0.00s
[3876.119s][info ][safepoint      ] Safepoint "ParallelGCFailedAllocation", Time since last: 1591230840 ns, Reaching safepoint: 85501 ns, Cleanup: 4500 ns, At safepoint: 3205928 ns, Total: 3295929 ns
[3899.120s][info ][safepoint      ] Safepoint "Cleanup", Time since last: 23001788876 ns, Reaching safepoint: 81900 ns, Cleanup: 8000 ns, At safepoint: 7100 ns, Total: 97000 ns
[3902.121s][info ][safepoint      ] Safepoint "Cleanup", Time since last: 3000255672 ns, Reaching safepoint: 5300 ns, Cleanup: 6900 ns, At safepoint: 1600 ns, Total: 13800 ns
[3923.173s][info ][gc,start       ] GC(100) Pause Young (Allocation Failure)
[3923.175s][debug][gc,phases      ] GC(100) Scavenge 2.502ms
[3923.175s][debug][gc,ref         ] GC(100) ReferenceProcessor::execute queues: 1, RefProcThreadModel::Single, marks_oops_alive: false
[3923.175s][debug][gc,ref         ] GC(100) Skipped KeepAliveFinalRefsPhase of Reference Processing: no references
[3923.175s][debug][gc,ref         ] GC(100) ReferenceProcessor::execute queues: 1, RefProcThreadModel::Single, marks_oops_alive: false
[3923.175s][debug][gc,phases      ] GC(100) Reference Processing 0.094ms
[3923.175s][debug][gc,phases      ] GC(100)   VM Weak                        Min:  0.0, Avg:  0.0, Max:  0.0, Diff:  0.0, Sum:  0.0, Workers: 4
[3923.175s][debug][gc,phases      ] GC(100)     Dead                           Min: 0, Avg:  0.0, Max: 0, Diff: 0, Sum: 0, Workers: 4
[3923.175s][debug][gc,phases      ] GC(100)     Total                          Min: 0, Avg: 244.0, Max: 960, Diff: 960, Sum: 976, Workers: 4
[3923.175s][debug][gc,phases      ] GC(100)   ObjectSynchronizer Weak        Min:  0.0, Avg:  0.0, Max:  0.0, Diff:  0.0, Sum:  0.0, Workers: 4
[3923.175s][debug][gc,phases      ] GC(100)     Dead                           Min: 0, Avg:  0.0, Max: 0, Diff: 0, Sum: 0, Workers: 4
[3923.175s][debug][gc,phases      ] GC(100)     Total                          Min: 0, Avg:  0.8, Max: 3, Diff: 3, Sum: 3, Workers: 4
[3923.175s][debug][gc,phases      ] GC(100)   JVMTI Tag Weak OopStorage      Min:  0.0, Avg:  0.0, Max:  0.0, Diff:  0.0, Sum:  0.0, Workers: 4
[3923.175s][debug][gc,phases      ] GC(100)     Dead                           Min: 0, Avg:  0.0, Max: 0, Diff: 0, Sum: 0, Workers: 4
[3923.175s][debug][gc,phases      ] GC(100)     Total                          Min: 0, Avg:  0.0, Max: 0, Diff: 0, Sum: 0, Workers: 4
[3923.175s][debug][gc,phases      ] GC(100)   StringTable Weak               Min:  0.0, Avg:  0.1, Max:  0.1, Diff:  0.1, Sum:  0.4, Workers: 4
[3923.175s][debug][gc,phases      ] GC(100)     Dead                           Min: 0, Avg:  0.0, Max: 0, Diff: 0, Sum: 0, Workers: 4
[3923.176s][debug][gc,phases      ] GC(100)     Total                          Min: 0, Avg: 11927.0, Max: 20288, Diff: 20288, Sum: 47708, Workers: 4
[3923.176s][debug][gc,phases      ] GC(100)   ResolvedMethodTable Weak       Min:  0.0, Avg:  0.0, Max:  0.0, Diff:  0.0, Sum:  0.1, Workers: 4
[3923.176s][debug][gc,phases      ] GC(100)     Dead                           Min: 0, Avg:  4.0, Max: 16, Diff: 16, Sum: 16, Workers: 4
[3923.176s][debug][gc,phases      ] GC(100)     Total                          Min: 0, Avg: 3873.5, Max: 6416, Diff: 6416, Sum: 15494, Workers: 4
[3923.176s][debug][gc,phases      ] GC(100)   JNI Weak                       Min:  0.0, Avg:  0.0, Max:  0.0, Diff:  0.0, Sum:  0.0, Workers: 4
[3923.176s][debug][gc,phases      ] GC(100)     Dead                           Min: 0, Avg:  0.0, Max: 0, Diff: 0, Sum: 0, Workers: 4
[3923.176s][debug][gc,phases      ] GC(100)     Total                          Min: 0, Avg: 13.0, Max: 52, Diff: 52, Sum: 52, Workers: 4
[3923.176s][debug][gc,phases      ] GC(100)   StringDedup Table Weak         Min:  0.0, Avg:  0.0, Max:  0.0, Diff:  0.0, Sum:  0.0, Workers: 4
[3923.176s][debug][gc,phases      ] GC(100)     Dead                           Min: 0, Avg:  0.0, Max: 0, Diff: 0, Sum: 0, Workers: 4
[3923.176s][debug][gc,phases      ] GC(100)     Total                          Min: 0, Avg:  0.0, Max: 0, Diff: 0, Sum: 0, Workers: 4
[3923.176s][debug][gc,phases      ] GC(100)   StringDedup Requests0 Weak     Min:  0.0, Avg:  0.0, Max:  0.0, Diff:  0.0, Sum:  0.0, Workers: 4
[3923.176s][debug][gc,phases      ] GC(100)     Dead                           Min: 0, Avg:  0.0, Max: 0, Diff: 0, Sum: 0, Workers: 4
[3923.176s][debug][gc,phases      ] GC(100)     Total                          Min: 0, Avg:  0.0, Max: 0, Diff: 0, Sum: 0, Workers: 4
[3923.176s][debug][gc,phases      ] GC(100)   StringDedup Requests1 Weak     Min:  0.0, Avg:  0.0, Max:  0.0, Diff:  0.0, Sum:  0.0, Workers: 4
[3923.176s][debug][gc,phases      ] GC(100)     Dead                           Min: 0, Avg:  0.0, Max: 0, Diff: 0, Sum: 0, Workers: 4
[3923.176s][debug][gc,phases      ] GC(100)     Total                          Min: 0, Avg:  0.0, Max: 0, Diff: 0, Sum: 0, Workers: 4
[3923.176s][debug][gc,phases      ] GC(100)   Weak JFR Old Object Samples    Min:  0.0, Avg:  0.0, Max:  0.0, Diff:  0.0, Sum:  0.0, Workers: 4
[3923.176s][debug][gc,phases      ] GC(100)     Dead                           Min: 0, Avg:  0.0, Max: 0, Diff: 0, Sum: 0, Workers: 4
[3923.176s][debug][gc,phases      ] GC(100)     Total                          Min: 0, Avg:  0.0, Max: 0, Diff: 0, Sum: 0, Workers: 4
[3923.176s][debug][gc,phases      ] GC(100) Weak Processing 0.389ms
[3923.176s][debug][gc,age         ] GC(100) Desired survivor size 16777216 bytes, new threshold 1 (max threshold 15)
[3923.176s][info ][gc,heap        ] GC(100) PSYoungGen: 2063808K(2079744K)->2320K(2078720K) Eden: 2061312K(2061312K)->0K(2061312K) From: 2496K(18432K)->2320K(17408K)
[3923.176s][info ][gc,heap        ] GC(100) ParOldGen: 430646K(570368K)->431470K(570368K)
[3923.176s][info ][gc,metaspace   ] GC(100) Metaspace: 110367K(111680K)->110367K(111680K) NonClass: 93871K(94592K)->93871K(94592K) Class: 16496K(17088K)->16496K(17088K)
[3923.176s][info ][gc             ] GC(100) Pause Young (Allocation Failure) 2435M->423M(2587M) 3.090ms
[3923.176s][info ][gc,cpu         ] GC(100) User=0.01s Sys=0.00s Real=0.00s
[3923.176s][info ][safepoint      ] Safepoint "ParallelGCFailedAllocation", Time since last: 21051756445 ns, Reaching safepoint: 7300 ns, Cleanup: 4200 ns, At safepoint: 3155428 ns, Total: 3166928 ns
[3971.968s][info ][gc,start       ] GC(101) Pause Young (Allocation Failure)
[3971.970s][debug][gc,phases      ] GC(101) Scavenge 2.310ms
[3971.970s][debug][gc,ref         ] GC(101) ReferenceProcessor::execute queues: 1, RefProcThreadModel::Single, marks_oops_alive: false
[3971.970s][debug][gc,ref         ] GC(101) Skipped KeepAliveFinalRefsPhase of Reference Processing: no references
[3971.970s][debug][gc,ref         ] GC(101) ReferenceProcessor::execute queues: 1, RefProcThreadModel::Single, marks_oops_alive: false
[3971.970s][debug][gc,phases      ] GC(101) Reference Processing 0.113ms
[3971.970s][debug][gc,phases      ] GC(101)   VM Weak                        Min:  0.0, Avg:  0.0, Max:  0.0, Diff:  0.0, Sum:  0.0, Workers: 4
[3971.970s][debug][gc,phases      ] GC(101)     Dead                           Min: 0, Avg:  0.0, Max: 0, Diff: 0, Sum: 0, Workers: 4
[3971.970s][debug][gc,phases      ] GC(101)     Total                          Min: 0, Avg: 244.0, Max: 528, Diff: 528, Sum: 976, Workers: 4
[3971.970s][debug][gc,phases      ] GC(101)   ObjectSynchronizer Weak        Min:  0.0, Avg:  0.0, Max:  0.0, Diff:  0.0, Sum:  0.0, Workers: 4
[3971.970s][debug][gc,phases      ] GC(101)     Dead                           Min: 0, Avg:  0.0, Max: 0, Diff: 0, Sum: 0, Workers: 4
[3971.970s][debug][gc,phases      ] GC(101)     Total                          Min: 0, Avg:  0.8, Max: 3, Diff: 3, Sum: 3, Workers: 4
[3971.970s][debug][gc,phases      ] GC(101)   JVMTI Tag Weak OopStorage      Min:  0.0, Avg:  0.0, Max:  0.0, Diff:  0.0, Sum:  0.0, Workers: 4
[3971.970s][debug][gc,phases      ] GC(101)     Dead                           Min: 0, Avg:  0.0, Max: 0, Diff: 0, Sum: 0, Workers: 4
[3971.970s][debug][gc,phases      ] GC(101)     Total                          Min: 0, Avg:  0.0, Max: 0, Diff: 0, Sum: 0, Workers: 4
[3971.970s][debug][gc,phases      ] GC(101)   StringTable Weak               Min:  0.0, Avg:  0.1, Max:  0.1, Diff:  0.1, Sum:  0.4, Workers: 4
[3971.970s][debug][gc,phases      ] GC(101)     Dead                           Min: 0, Avg:  0.0, Max: 0, Diff: 0, Sum: 0, Workers: 4
[3971.970s][debug][gc,phases      ] GC(101)     Total                          Min: 0, Avg: 11927.0, Max: 20416, Diff: 20416, Sum: 47708, Workers: 4
[3971.970s][debug][gc,phases      ] GC(101)   ResolvedMethodTable Weak       Min:  0.0, Avg:  0.0, Max:  0.0, Diff:  0.0, Sum:  0.1, Workers: 4
[3971.970s][debug][gc,phases      ] GC(101)     Dead                           Min: 0, Avg:  4.0, Max: 16, Diff: 16, Sum: 16, Workers: 4
[3971.970s][debug][gc,phases      ] GC(101)     Total                          Min: 0, Avg: 3873.5, Max: 6428, Diff: 6428, Sum: 15494, Workers: 4
[3971.970s][debug][gc,phases      ] GC(101)   JNI Weak                       Min:  0.0, Avg:  0.0, Max:  0.0, Diff:  0.0, Sum:  0.0, Workers: 4
[3971.970s][debug][gc,phases      ] GC(101)     Dead                           Min: 0, Avg:  0.0, Max: 0, Diff: 0, Sum: 0, Workers: 4
[3971.970s][debug][gc,phases      ] GC(101)     Total                          Min: 0, Avg: 13.0, Max: 52, Diff: 52, Sum: 52, Workers: 4
[3971.970s][debug][gc,phases      ] GC(101)   StringDedup Table Weak         Min:  0.0, Avg:  0.0, Max:  0.0, Diff:  0.0, Sum:  0.0, Workers: 4
[3971.970s][debug][gc,phases      ] GC(101)     Dead                           Min: 0, Avg:  0.0, Max: 0, Diff: 0, Sum: 0, Workers: 4
[3971.970s][debug][gc,phases      ] GC(101)     Total                          Min: 0, Avg:  0.0, Max: 0, Diff: 0, Sum: 0, Workers: 4
[3971.970s][debug][gc,phases      ] GC(101)   StringDedup Requests0 Weak     Min:  0.0, Avg:  0.0, Max:  0.0, Diff:  0.0, Sum:  0.0, Workers: 4
[3971.970s][debug][gc,phases      ] GC(101)     Dead                           Min: 0, Avg:  0.0, Max: 0, Diff: 0, Sum: 0, Workers: 4
[3971.970s][debug][gc,phases      ] GC(101)     Total                          Min: 0, Avg:  0.0, Max: 0, Diff: 0, Sum: 0, Workers: 4
[3971.970s][debug][gc,phases      ] GC(101)   StringDedup Requests1 Weak     Min:  0.0, Avg:  0.0, Max:  0.0, Diff:  0.0, Sum:  0.0, Workers: 4
[3971.970s][debug][gc,phases      ] GC(101)     Dead                           Min: 0, Avg:  0.0, Max: 0, Diff: 0, Sum: 0, Workers: 4
[3971.970s][debug][gc,phases      ] GC(101)     Total                          Min: 0, Avg:  0.0, Max: 0, Diff: 0, Sum: 0, Workers: 4
[3971.970s][debug][gc,phases      ] GC(101)   Weak JFR Old Object Samples    Min:  0.0, Avg:  0.0, Max:  0.0, Diff:  0.0, Sum:  0.0, Workers: 4
[3971.970s][debug][gc,phases      ] GC(101)     Dead                           Min: 0, Avg:  0.0, Max: 0, Diff: 0, Sum: 0, Workers: 4
[3971.970s][debug][gc,phases      ] GC(101)     Total                          Min: 0, Avg:  0.0, Max: 0, Diff: 0, Sum: 0, Workers: 4
[3971.970s][debug][gc,phases      ] GC(101) Weak Processing 0.363ms
[3971.970s][debug][gc,age         ] GC(101) Desired survivor size 15728640 bytes, new threshold 1 (max threshold 15)
[3971.970s][info ][gc,heap        ] GC(101) PSYoungGen: 2063632K(2078720K)->2432K(2081792K) Eden: 2061312K(2061312K)->0K(2065408K) From: 2320K(17408K)->2432K(16384K)
[3971.970s][info ][gc,heap        ] GC(101) ParOldGen: 431470K(570368K)->432126K(570368K)
[3971.970s][info ][gc,metaspace   ] GC(101) Metaspace: 110368K(111680K)->110368K(111680K) NonClass: 93871K(94592K)->93871K(94592K) Class: 16496K(17088K)->16496K(17088K)
[3971.970s][info ][gc             ] GC(101) Pause Young (Allocation Failure) 2436M->424M(2590M) 2.875ms
[3971.970s][info ][gc,cpu         ] GC(101) User=0.01s Sys=0.00s Real=0.01s
[3971.970s][info ][safepoint      ] Safepoint "ParallelGCFailedAllocation", Time since last: 48791887797 ns, Reaching safepoint: 6200 ns, Cleanup: 3300 ns, At safepoint: 2946726 ns, Total: 2956226 ns
[3989.972s][info ][safepoint      ] Safepoint "Cleanup", Time since last: 18001293473 ns, Reaching safepoint: 5900 ns, Cleanup: 7500 ns, At safepoint: 1700 ns, Total: 15100 ns
[4015.974s][info ][safepoint      ] Safepoint "Cleanup", Time since last: 26002165328 ns, Reaching safepoint: 76801 ns, Cleanup: 10400 ns, At safepoint: 5500 ns, Total: 92701 ns
[4020.521s][info ][gc,start       ] GC(102) Pause Young (Allocation Failure)
[4020.523s][debug][gc,phases      ] GC(102) Scavenge 2.679ms
[4020.524s][debug][gc,ref         ] GC(102) ReferenceProcessor::execute queues: 1, RefProcThreadModel::Single, marks_oops_alive: false
[4020.524s][debug][gc,ref         ] GC(102) Skipped KeepAliveFinalRefsPhase of Reference Processing: no references
[4020.524s][debug][gc,ref         ] GC(102) ReferenceProcessor::execute queues: 1, RefProcThreadModel::Single, marks_oops_alive: false
[4020.524s][debug][gc,phases      ] GC(102) Reference Processing 0.098ms
[4020.524s][debug][gc,phases      ] GC(102)   VM Weak                        Min:  0.0, Avg:  0.0, Max:  0.0, Diff:  0.0, Sum:  0.0, Workers: 4
[4020.524s][debug][gc,phases      ] GC(102)     Dead                           Min: 0, Avg:  0.0, Max: 0, Diff: 0, Sum: 0, Workers: 4
[4020.524s][debug][gc,phases      ] GC(102)     Total                          Min: 0, Avg: 244.0, Max: 512, Diff: 512, Sum: 976, Workers: 4
[4020.524s][debug][gc,phases      ] GC(102)   ObjectSynchronizer Weak        Min:  0.0, Avg:  0.0, Max:  0.0, Diff:  0.0, Sum:  0.0, Workers: 4
[4020.524s][debug][gc,phases      ] GC(102)     Dead                           Min: 0, Avg:  0.0, Max: 0, Diff: 0, Sum: 0, Workers: 4
[4020.524s][debug][gc,phases      ] GC(102)     Total                          Min: 0, Avg:  0.8, Max: 3, Diff: 3, Sum: 3, Workers: 4
[4020.524s][debug][gc,phases      ] GC(102)   JVMTI Tag Weak OopStorage      Min:  0.0, Avg:  0.0, Max:  0.0, Diff:  0.0, Sum:  0.0, Workers: 4
[4020.524s][debug][gc,phases      ] GC(102)     Dead                           Min: 0, Avg:  0.0, Max: 0, Diff: 0, Sum: 0, Workers: 4
[4020.524s][debug][gc,phases      ] GC(102)     Total                          Min: 0, Avg:  0.0, Max: 0, Diff: 0, Sum: 0, Workers: 4
[4020.524s][debug][gc,phases      ] GC(102)   StringTable Weak               Min:  0.0, Avg:  0.1, Max:  0.2, Diff:  0.2, Sum:  0.5, Workers: 4
[4020.524s][debug][gc,phases      ] GC(102)     Dead                           Min: 0, Avg:  0.5, Max: 2, Diff: 2, Sum: 2, Workers: 4
[4020.524s][debug][gc,phases      ] GC(102)     Total                          Min: 0, Avg: 11929.8, Max: 16192, Diff: 16192, Sum: 47719, Workers: 4
[4020.524s][debug][gc,phases      ] GC(102)   ResolvedMethodTable Weak       Min:  0.0, Avg:  0.0, Max:  0.1, Diff:  0.1, Sum:  0.2, Workers: 4
[4020.524s][debug][gc,phases      ] GC(102)     Dead                           Min: 0, Avg:  9.2, Max: 35, Diff: 35, Sum: 37, Workers: 4
[4020.524s][debug][gc,phases      ] GC(102)     Total                          Min: 0, Avg: 3877.5, Max: 5229, Diff: 5229, Sum: 15510, Workers: 4
[4020.524s][debug][gc,phases      ] GC(102)   JNI Weak                       Min:  0.0, Avg:  0.0, Max:  0.0, Diff:  0.0, Sum:  0.0, Workers: 4
[4020.524s][debug][gc,phases      ] GC(102)     Dead                           Min: 0, Avg:  0.0, Max: 0, Diff: 0, Sum: 0, Workers: 4
[4020.524s][debug][gc,phases      ] GC(102)     Total                          Min: 0, Avg: 13.0, Max: 52, Diff: 52, Sum: 52, Workers: 4
[4020.524s][debug][gc,phases      ] GC(102)   StringDedup Table Weak         Min:  0.0, Avg:  0.0, Max:  0.0, Diff:  0.0, Sum:  0.0, Workers: 4
[4020.524s][debug][gc,phases      ] GC(102)     Dead                           Min: 0, Avg:  0.0, Max: 0, Diff: 0, Sum: 0, Workers: 4
[4020.524s][debug][gc,phases      ] GC(102)     Total                          Min: 0, Avg:  0.0, Max: 0, Diff: 0, Sum: 0, Workers: 4
[4020.524s][debug][gc,phases      ] GC(102)   StringDedup Requests0 Weak     Min:  0.0, Avg:  0.0, Max:  0.0, Diff:  0.0, Sum:  0.0, Workers: 4
[4020.524s][debug][gc,phases      ] GC(102)     Dead                           Min: 0, Avg:  0.0, Max: 0, Diff: 0, Sum: 0, Workers: 4
[4020.524s][debug][gc,phases      ] GC(102)     Total                          Min: 0, Avg:  0.0, Max: 0, Diff: 0, Sum: 0, Workers: 4
[4020.524s][debug][gc,phases      ] GC(102)   StringDedup Requests1 Weak     Min:  0.0, Avg:  0.0, Max:  0.0, Diff:  0.0, Sum:  0.0, Workers: 4
[4020.524s][debug][gc,phases      ] GC(102)     Dead                           Min: 0, Avg:  0.0, Max: 0, Diff: 0, Sum: 0, Workers: 4
[4020.524s][debug][gc,phases      ] GC(102)     Total                          Min: 0, Avg:  0.0, Max: 0, Diff: 0, Sum: 0, Workers: 4
[4020.524s][debug][gc,phases      ] GC(102)   Weak JFR Old Object Samples    Min:  0.0, Avg:  0.0, Max:  0.0, Diff:  0.0, Sum:  0.0, Workers: 4
[4020.524s][debug][gc,phases      ] GC(102)     Dead                           Min: 0, Avg:  0.0, Max: 0, Diff: 0, Sum: 0, Workers: 4
[4020.524s][debug][gc,phases      ] GC(102)     Total                          Min: 0, Avg:  0.0, Max: 0, Diff: 0, Sum: 0, Workers: 4
[4020.524s][debug][gc,phases      ] GC(102) Weak Processing 0.439ms
[4020.524s][debug][gc,age         ] GC(102) Desired survivor size 15204352 bytes, new threshold 1 (max threshold 15)
[4020.524s][info ][gc,heap        ] GC(102) PSYoungGen: 2067840K(2081792K)->2368K(2080768K) Eden: 2065408K(2065408K)->0K(2065408K) From: 2432K(16384K)->2368K(15360K)
[4020.524s][info ][gc,heap        ] GC(102) ParOldGen: 432126K(570368K)->432966K(570368K)
[4020.524s][info ][gc,metaspace   ] GC(102) Metaspace: 110396K(111744K)->110396K(111744K) NonClass: 93893K(94656K)->93893K(94656K) Class: 16502K(17088K)->16502K(17088K)
[4020.524s][info ][gc             ] GC(102) Pause Young (Allocation Failure) 2441M->425M(2589M) 3.309ms
[4020.524s][info ][gc,cpu         ] GC(102) User=0.01s Sys=0.00s Real=0.00s
[4020.524s][info ][safepoint      ] Safepoint "ParallelGCFailedAllocation", Time since last: 4546641467 ns, Reaching safepoint: 6600 ns, Cleanup: 3800 ns, At safepoint: 3363730 ns, Total: 3374130 ns
[4038.525s][info ][safepoint      ] Safepoint "Cleanup", Time since last: 18001366979 ns, Reaching safepoint: 6301 ns, Cleanup: 7900 ns, At safepoint: 20500 ns, Total: 34701 ns
[4039.526s][info ][safepoint      ] Safepoint "Cleanup", Time since last: 1000105452 ns, Reaching safepoint: 6800 ns, Cleanup: 9900 ns, At safepoint: 2300 ns, Total: 19000 ns
[4043.526s][info ][safepoint      ] Safepoint "Cleanup", Time since last: 4000337110 ns, Reaching safepoint: 5700 ns, Cleanup: 9600 ns, At safepoint: 2000 ns, Total: 17300 ns
[4047.526s][info ][safepoint      ] Safepoint "Cleanup", Time since last: 4000318497 ns, Reaching safepoint: 6500 ns, Cleanup: 9000 ns, At safepoint: 2300 ns, Total: 17800 ns
[4050.527s][info ][safepoint      ] Safepoint "Cleanup", Time since last: 3000253453 ns, Reaching safepoint: 5400 ns, Cleanup: 11800 ns, At safepoint: 1600 ns, Total: 18800 ns
[4053.527s][info ][safepoint      ] Safepoint "Cleanup", Time since last: 3000248852 ns, Reaching safepoint: 6400 ns, Cleanup: 28301 ns, At safepoint: 2300 ns, Total: 37001 ns
[4055.527s][info ][safepoint      ] Safepoint "Cleanup", Time since last: 2000189422 ns, Reaching safepoint: 6800 ns, Cleanup: 12100 ns, At safepoint: 2100 ns, Total: 21000 ns
[4056.527s][info ][safepoint      ] Safepoint "Cleanup", Time since last: 1000118202 ns, Reaching safepoint: 6300 ns, Cleanup: 11900 ns, At safepoint: 2500 ns, Total: 20700 ns
[4059.527s][info ][safepoint      ] Safepoint "Cleanup", Time since last: 3000261754 ns, Reaching safepoint: 6000 ns, Cleanup: 7300 ns, At safepoint: 2800 ns, Total: 16100 ns
[4061.528s][info ][safepoint      ] Safepoint "Cleanup", Time since last: 2000178658 ns, Reaching safepoint: 6000 ns, Cleanup: 8100 ns, At safepoint: 2800 ns, Total: 16900 ns
[4064.528s][info ][safepoint      ] Safepoint "Cleanup", Time since last: 3000267943 ns, Reaching safepoint: 6100 ns, Cleanup: 8300 ns, At safepoint: 25300 ns, Total: 39700 ns
[4066.528s][info ][safepoint      ] Safepoint "Cleanup", Time since last: 2000175733 ns, Reaching safepoint: 5900 ns, Cleanup: 10800 ns, At safepoint: 2000 ns, Total: 18700 ns
[4067.528s][info ][safepoint      ] Safepoint "Cleanup", Time since last: 1000106316 ns, Reaching safepoint: 5700 ns, Cleanup: 8401 ns, At safepoint: 2000 ns, Total: 16101 ns
[4069.116s][info ][gc,start       ] GC(103) Pause Young (Allocation Failure)
[4069.118s][debug][gc,phases      ] GC(103) Scavenge 2.352ms
[4069.118s][debug][gc,ref         ] GC(103) ReferenceProcessor::execute queues: 1, RefProcThreadModel::Single, marks_oops_alive: false
[4069.118s][debug][gc,ref         ] GC(103) Skipped KeepAliveFinalRefsPhase of Reference Processing: no references
[4069.118s][debug][gc,ref         ] GC(103) Skipped PhantomRefsPhase of Reference Processing: no references
[4069.118s][debug][gc,phases      ] GC(103) Reference Processing 0.142ms
[4069.118s][debug][gc,phases      ] GC(103)   VM Weak                        Min:  0.0, Avg:  0.0, Max:  0.0, Diff:  0.0, Sum:  0.0, Workers: 4
[4069.118s][debug][gc,phases      ] GC(103)     Dead                           Min: 0, Avg:  0.0, Max: 0, Diff: 0, Sum: 0, Workers: 4
[4069.118s][debug][gc,phases      ] GC(103)     Total                          Min: 0, Avg: 244.0, Max: 656, Diff: 656, Sum: 976, Workers: 4
[4069.118s][debug][gc,phases      ] GC(103)   ObjectSynchronizer Weak        Min:  0.0, Avg:  0.0, Max:  0.0, Diff:  0.0, Sum:  0.0, Workers: 4
[4069.118s][debug][gc,phases      ] GC(103)     Dead                           Min: 0, Avg:  0.0, Max: 0, Diff: 0, Sum: 0, Workers: 4
[4069.118s][debug][gc,phases      ] GC(103)     Total                          Min: 0, Avg:  0.8, Max: 3, Diff: 3, Sum: 3, Workers: 4
[4069.118s][debug][gc,phases      ] GC(103)   JVMTI Tag Weak OopStorage      Min:  0.0, Avg:  0.0, Max:  0.0, Diff:  0.0, Sum:  0.0, Workers: 4
[4069.118s][debug][gc,phases      ] GC(103)     Dead                           Min: 0, Avg:  0.0, Max: 0, Diff: 0, Sum: 0, Workers: 4
[4069.118s][debug][gc,phases      ] GC(103)     Total                          Min: 0, Avg:  0.0, Max: 0, Diff: 0, Sum: 0, Workers: 4
[4069.118s][debug][gc,phases      ] GC(103)   StringTable Weak               Min:  0.1, Avg:  0.1, Max:  0.1, Diff:  0.0, Sum:  0.5, Workers: 4
[4069.118s][debug][gc,phases      ] GC(103)     Dead                           Min: 0, Avg:  0.0, Max: 0, Diff: 0, Sum: 0, Workers: 4
[4069.118s][debug][gc,phases      ] GC(103)     Total                          Min: 11456, Avg: 11931.0, Max: 12352, Diff: 896, Sum: 47724, Workers: 4
[4069.118s][debug][gc,phases      ] GC(103)   ResolvedMethodTable Weak       Min:  0.0, Avg:  0.0, Max:  0.0, Diff:  0.0, Sum:  0.2, Workers: 4
[4069.118s][debug][gc,phases      ] GC(103)     Dead                           Min: 0, Avg:  4.0, Max: 11, Diff: 11, Sum: 16, Workers: 4
[4069.118s][debug][gc,phases      ] GC(103)     Total                          Min: 3809, Avg: 3877.5, Max: 4015, Diff: 206, Sum: 15510, Workers: 4
[4069.118s][debug][gc,phases      ] GC(103)   JNI Weak                       Min:  0.0, Avg:  0.0, Max:  0.0, Diff:  0.0, Sum:  0.0, Workers: 4
[4069.118s][debug][gc,phases      ] GC(103)     Dead                           Min: 0, Avg:  0.0, Max: 0, Diff: 0, Sum: 0, Workers: 4
[4069.118s][debug][gc,phases      ] GC(103)     Total                          Min: 0, Avg: 13.0, Max: 52, Diff: 52, Sum: 52, Workers: 4
[4069.118s][debug][gc,phases      ] GC(103)   StringDedup Table Weak         Min:  0.0, Avg:  0.0, Max:  0.0, Diff:  0.0, Sum:  0.0, Workers: 4
[4069.118s][debug][gc,phases      ] GC(103)     Dead                           Min: 0, Avg:  0.0, Max: 0, Diff: 0, Sum: 0, Workers: 4
[4069.118s][debug][gc,phases      ] GC(103)     Total                          Min: 0, Avg:  0.0, Max: 0, Diff: 0, Sum: 0, Workers: 4
[4069.118s][debug][gc,phases      ] GC(103)   StringDedup Requests0 Weak     Min:  0.0, Avg:  0.0, Max:  0.0, Diff:  0.0, Sum:  0.0, Workers: 4
[4069.118s][debug][gc,phases      ] GC(103)     Dead                           Min: 0, Avg:  0.0, Max: 0, Diff: 0, Sum: 0, Workers: 4
[4069.118s][debug][gc,phases      ] GC(103)     Total                          Min: 0, Avg:  0.0, Max: 0, Diff: 0, Sum: 0, Workers: 4
[4069.118s][debug][gc,phases      ] GC(103)   StringDedup Requests1 Weak     Min:  0.0, Avg:  0.0, Max:  0.0, Diff:  0.0, Sum:  0.0, Workers: 4
[4069.118s][debug][gc,phases      ] GC(103)     Dead                           Min: 0, Avg:  0.0, Max: 0, Diff: 0, Sum: 0, Workers: 4
[4069.118s][debug][gc,phases      ] GC(103)     Total                          Min: 0, Avg:  0.0, Max: 0, Diff: 0, Sum: 0, Workers: 4
[4069.118s][debug][gc,phases      ] GC(103)   Weak JFR Old Object Samples    Min:  0.0, Avg:  0.0, Max:  0.0, Diff:  0.0, Sum:  0.0, Workers: 4
[4069.118s][debug][gc,phases      ] GC(103)     Dead                           Min: 0, Avg:  0.0, Max: 0, Diff: 0, Sum: 0, Workers: 4
[4069.118s][debug][gc,phases      ] GC(103)     Total                          Min: 0, Avg:  0.0, Max: 0, Diff: 0, Sum: 0, Workers: 4
[4069.118s][debug][gc,phases      ] GC(103) Weak Processing 0.336ms
[4069.118s][debug][gc,age         ] GC(103) Desired survivor size 14155776 bytes, new threshold 1 (max threshold 15)
[4069.118s][info ][gc,heap        ] GC(103) PSYoungGen: 2067776K(2080768K)->2384K(2083328K) Eden: 2065408K(2065408K)->0K(2068480K) From: 2368K(15360K)->2384K(14848K)
[4069.118s][info ][gc,heap        ] GC(103) ParOldGen: 432966K(570368K)->433682K(570368K)
[4069.119s][info ][gc,metaspace   ] GC(103) Metaspace: 110426K(111744K)->110426K(111744K) NonClass: 93921K(94656K)->93921K(94656K) Class: 16504K(17088K)->16504K(17088K)
[4069.119s][info ][gc             ] GC(103) Pause Young (Allocation Failure) 2442M->425M(2591M) 2.946ms
[4069.119s][info ][gc,cpu         ] GC(103) User=0.01s Sys=0.00s Real=0.00s
[4069.119s][info ][safepoint      ] Safepoint "ParallelGCFailedAllocation", Time since last: 1587130132 ns, Reaching safepoint: 83201 ns, Cleanup: 4900 ns, At safepoint: 3018926 ns, Total: 3107027 ns
[4071.119s][info ][safepoint      ] Safepoint "Cleanup", Time since last: 2000164334 ns, Reaching safepoint: 76501 ns, Cleanup: 8800 ns, At safepoint: 4800 ns, Total: 90101 ns
[4080.120s][info ][safepoint      ] Safepoint "Cleanup", Time since last: 9000748629 ns, Reaching safepoint: 82001 ns, Cleanup: 12300 ns, At safepoint: 7000 ns, Total: 101301 ns
[4091.393s][info ][safepoint      ] Safepoint "Cleanup", Time since last: 11273275893 ns, Reaching safepoint: 6400 ns, Cleanup: 8800 ns, At safepoint: 2200 ns, Total: 17400 ns
[4097.393s][info ][safepoint      ] Safepoint "Cleanup", Time since last: 6000448988 ns, Reaching safepoint: 5300 ns, Cleanup: 17300 ns, At safepoint: 1800 ns, Total: 24400 ns
[4110.394s][info ][safepoint      ] Safepoint "Cleanup", Time since last: 13000909339 ns, Reaching safepoint: 5700 ns, Cleanup: 11200 ns, At safepoint: 2200 ns, Total: 19100 ns
[4113.768s][info ][gc,start       ] GC(104) Pause Young (Allocation Failure)
[4113.773s][debug][gc,phases      ] GC(104) Scavenge 4.411ms
[4113.773s][debug][gc,ref         ] GC(104) ReferenceProcessor::execute queues: 1, RefProcThreadModel::Single, marks_oops_alive: false
[4113.773s][debug][gc,ref         ] GC(104) Skipped KeepAliveFinalRefsPhase of Reference Processing: no references
[4113.773s][debug][gc,ref         ] GC(104) ReferenceProcessor::execute queues: 1, RefProcThreadModel::Single, marks_oops_alive: false
[4113.773s][debug][gc,phases      ] GC(104) Reference Processing 0.126ms
[4113.773s][debug][gc,phases      ] GC(104)   VM Weak                        Min:  0.0, Avg:  0.0, Max:  0.0, Diff:  0.0, Sum:  0.0, Workers: 4
[4113.773s][debug][gc,phases      ] GC(104)     Dead                           Min: 0, Avg:  0.0, Max: 0, Diff: 0, Sum: 0, Workers: 4
[4113.773s][debug][gc,phases      ] GC(104)     Total                          Min: 0, Avg: 244.0, Max: 976, Diff: 976, Sum: 976, Workers: 4
[4113.773s][debug][gc,phases      ] GC(104)   ObjectSynchronizer Weak        Min:  0.0, Avg:  0.0, Max:  0.0, Diff:  0.0, Sum:  0.0, Workers: 4
[4113.773s][debug][gc,phases      ] GC(104)     Dead                           Min: 0, Avg:  0.0, Max: 0, Diff: 0, Sum: 0, Workers: 4
[4113.773s][debug][gc,phases      ] GC(104)     Total                          Min: 0, Avg:  1.0, Max: 4, Diff: 4, Sum: 4, Workers: 4
[4113.773s][debug][gc,phases      ] GC(104)   JVMTI Tag Weak OopStorage      Min:  0.0, Avg:  0.0, Max:  0.0, Diff:  0.0, Sum:  0.0, Workers: 4
[4113.773s][debug][gc,phases      ] GC(104)     Dead                           Min: 0, Avg:  0.0, Max: 0, Diff: 0, Sum: 0, Workers: 4
[4113.773s][debug][gc,phases      ] GC(104)     Total                          Min: 0, Avg:  0.0, Max: 0, Diff: 0, Sum: 0, Workers: 4
[4113.773s][debug][gc,phases      ] GC(104)   StringTable Weak               Min:  0.0, Avg:  0.1, Max:  0.1, Diff:  0.1, Sum:  0.4, Workers: 4
[4113.773s][debug][gc,phases      ] GC(104)     Dead                           Min: 0, Avg:  0.0, Max: 0, Diff: 0, Sum: 0, Workers: 4
[4113.773s][debug][gc,phases      ] GC(104)     Total                          Min: 0, Avg: 11931.0, Max: 20846, Diff: 20846, Sum: 47724, Workers: 4
[4113.773s][debug][gc,phases      ] GC(104)   ResolvedMethodTable Weak       Min:  0.0, Avg:  0.0, Max:  0.0, Diff:  0.0, Sum:  0.1, Workers: 4
[4113.773s][debug][gc,phases      ] GC(104)     Dead                           Min: 0, Avg:  4.0, Max: 11, Diff: 11, Sum: 16, Workers: 4
[4113.773s][debug][gc,phases      ] GC(104)     Total                          Min: 0, Avg: 3877.5, Max: 6782, Diff: 6782, Sum: 15510, Workers: 4
[4113.773s][debug][gc,phases      ] GC(104)   JNI Weak                       Min:  0.0, Avg:  0.0, Max:  0.0, Diff:  0.0, Sum:  0.0, Workers: 4
[4113.773s][debug][gc,phases      ] GC(104)     Dead                           Min: 0, Avg:  0.0, Max: 0, Diff: 0, Sum: 0, Workers: 4
[4113.773s][debug][gc,phases      ] GC(104)     Total                          Min: 0, Avg: 13.0, Max: 52, Diff: 52, Sum: 52, Workers: 4
[4113.773s][debug][gc,phases      ] GC(104)   StringDedup Table Weak         Min:  0.0, Avg:  0.0, Max:  0.0, Diff:  0.0, Sum:  0.0, Workers: 4
[4113.773s][debug][gc,phases      ] GC(104)     Dead                           Min: 0, Avg:  0.0, Max: 0, Diff: 0, Sum: 0, Workers: 4
[4113.773s][debug][gc,phases      ] GC(104)     Total                          Min: 0, Avg:  0.0, Max: 0, Diff: 0, Sum: 0, Workers: 4
[4113.773s][debug][gc,phases      ] GC(104)   StringDedup Requests0 Weak     Min:  0.0, Avg:  0.0, Max:  0.0, Diff:  0.0, Sum:  0.0, Workers: 4
[4113.773s][debug][gc,phases      ] GC(104)     Dead                           Min: 0, Avg:  0.0, Max: 0, Diff: 0, Sum: 0, Workers: 4
[4113.773s][debug][gc,phases      ] GC(104)     Total                          Min: 0, Avg:  0.0, Max: 0, Diff: 0, Sum: 0, Workers: 4
[4113.773s][debug][gc,phases      ] GC(104)   StringDedup Requests1 Weak     Min:  0.0, Avg:  0.0, Max:  0.0, Diff:  0.0, Sum:  0.0, Workers: 4
[4113.773s][debug][gc,phases      ] GC(104)     Dead                           Min: 0, Avg:  0.0, Max: 0, Diff: 0, Sum: 0, Workers: 4
[4113.773s][debug][gc,phases      ] GC(104)     Total                          Min: 0, Avg:  0.0, Max: 0, Diff: 0, Sum: 0, Workers: 4
[4113.773s][debug][gc,phases      ] GC(104)   Weak JFR Old Object Samples    Min:  0.0, Avg:  0.0, Max:  0.0, Diff:  0.0, Sum:  0.0, Workers: 4
[4113.773s][debug][gc,phases      ] GC(104)     Dead                           Min: 0, Avg:  0.0, Max: 0, Diff: 0, Sum: 0, Workers: 4
[4113.773s][debug][gc,phases      ] GC(104)     Total                          Min: 0, Avg:  0.0, Max: 0, Diff: 0, Sum: 0, Workers: 4
[4113.773s][debug][gc,phases      ] GC(104) Weak Processing 0.369ms
[4113.773s][debug][gc,age         ] GC(104) Desired survivor size 13631488 bytes, new threshold 1 (max threshold 15)
[4113.773s][info ][gc,heap        ] GC(104) PSYoungGen: 2070864K(2083328K)->5088K(2082304K) Eden: 2068480K(2068480K)->0K(2068480K) From: 2384K(14848K)->5088K(13824K)
[4113.773s][info ][gc,heap        ] GC(104) ParOldGen: 433682K(570368K)->434178K(570368K)
[4113.773s][info ][gc,metaspace   ] GC(104) Metaspace: 110434K(111744K)->110434K(111744K) NonClass: 93929K(94656K)->93929K(94656K) Class: 16504K(17088K)->16504K(17088K)
[4113.773s][info ][gc             ] GC(104) Pause Young (Allocation Failure) 2445M->428M(2590M) 5.008ms
[4113.773s][info ][gc,cpu         ] GC(104) User=0.02s Sys=0.00s Real=0.01s
[4113.773s][info ][safepoint      ] Safepoint "ParallelGCFailedAllocation", Time since last: 3373793935 ns, Reaching safepoint: 5700 ns, Cleanup: 3900 ns, At safepoint: 5069245 ns, Total: 5078845 ns
[4121.774s][info ][safepoint      ] Safepoint "Cleanup", Time since last: 8000585141 ns, Reaching safepoint: 6601 ns, Cleanup: 9500 ns, At safepoint: 2700 ns, Total: 18801 ns
[4134.775s][info ][safepoint      ] Safepoint "Cleanup", Time since last: 13000965150 ns, Reaching safepoint: 6200 ns, Cleanup: 9400 ns, At safepoint: 2200 ns, Total: 17800 ns
[4153.410s][info ][safepoint      ] Safepoint "Cleanup", Time since last: 18635567997 ns, Reaching safepoint: 5400 ns, Cleanup: 7100 ns, At safepoint: 1800 ns, Total: 14300 ns
[4163.225s][info ][gc,start       ] GC(105) Pause Young (Allocation Failure)
[4163.228s][debug][gc,phases      ] GC(105) Scavenge 3.491ms
[4163.229s][debug][gc,ref         ] GC(105) ReferenceProcessor::execute queues: 1, RefProcThreadModel::Single, marks_oops_alive: false
[4163.229s][debug][gc,ref         ] GC(105) Skipped KeepAliveFinalRefsPhase of Reference Processing: no references
[4163.229s][debug][gc,ref         ] GC(105) Skipped PhantomRefsPhase of Reference Processing: no references
[4163.229s][debug][gc,phases      ] GC(105) Reference Processing 0.093ms
[4163.229s][debug][gc,phases      ] GC(105)   VM Weak                        Min:  0.0, Avg:  0.0, Max:  0.0, Diff:  0.0, Sum:  0.0, Workers: 4
[4163.229s][debug][gc,phases      ] GC(105)     Dead                           Min: 0, Avg:  0.0, Max: 0, Diff: 0, Sum: 0, Workers: 4
[4163.229s][debug][gc,phases      ] GC(105)     Total                          Min: 0, Avg: 244.0, Max: 576, Diff: 576, Sum: 976, Workers: 4
[4163.229s][debug][gc,phases      ] GC(105)   ObjectSynchronizer Weak        Min:  0.0, Avg:  0.0, Max:  0.0, Diff:  0.0, Sum:  0.0, Workers: 4
[4163.229s][debug][gc,phases      ] GC(105)     Dead                           Min: 0, Avg:  0.0, Max: 0, Diff: 0, Sum: 0, Workers: 4
[4163.229s][debug][gc,phases      ] GC(105)     Total                          Min: 0, Avg:  0.8, Max: 3, Diff: 3, Sum: 3, Workers: 4
[4163.229s][debug][gc,phases      ] GC(105)   JVMTI Tag Weak OopStorage      Min:  0.0, Avg:  0.0, Max:  0.0, Diff:  0.0, Sum:  0.0, Workers: 4
[4163.229s][debug][gc,phases      ] GC(105)     Dead                           Min: 0, Avg:  0.0, Max: 0, Diff: 0, Sum: 0, Workers: 4
[4163.229s][debug][gc,phases      ] GC(105)     Total                          Min: 0, Avg:  0.0, Max: 0, Diff: 0, Sum: 0, Workers: 4
[4163.229s][debug][gc,phases      ] GC(105)   StringTable Weak               Min:  0.1, Avg:  0.1, Max:  0.1, Diff:  0.0, Sum:  0.5, Workers: 4
[4163.229s][debug][gc,phases      ] GC(105)     Dead                           Min: 0, Avg:  0.0, Max: 0, Diff: 0, Sum: 0, Workers: 4
[4163.229s][debug][gc,phases      ] GC(105)     Total                          Min: 11838, Avg: 11931.0, Max: 12078, Diff: 240, Sum: 47724, Workers: 4
[4163.229s][debug][gc,phases      ] GC(105)   ResolvedMethodTable Weak       Min:  0.0, Avg:  0.0, Max:  0.0, Diff:  0.0, Sum:  0.2, Workers: 4
[4163.229s][debug][gc,phases      ] GC(105)     Dead                           Min: 0, Avg:  4.0, Max: 16, Diff: 16, Sum: 16, Workers: 4
[4163.229s][debug][gc,phases      ] GC(105)     Total                          Min: 3682, Avg: 3877.5, Max: 4324, Diff: 642, Sum: 15510, Workers: 4
[4163.229s][debug][gc,phases      ] GC(105)   JNI Weak                       Min:  0.0, Avg:  0.0, Max:  0.0, Diff:  0.0, Sum:  0.0, Workers: 4
[4163.229s][debug][gc,phases      ] GC(105)     Dead                           Min: 0, Avg:  0.0, Max: 0, Diff: 0, Sum: 0, Workers: 4
[4163.229s][debug][gc,phases      ] GC(105)     Total                          Min: 0, Avg: 13.0, Max: 52, Diff: 52, Sum: 52, Workers: 4
[4163.229s][debug][gc,phases      ] GC(105)   StringDedup Table Weak         Min:  0.0, Avg:  0.0, Max:  0.0, Diff:  0.0, Sum:  0.0, Workers: 4
[4163.229s][debug][gc,phases      ] GC(105)     Dead                           Min: 0, Avg:  0.0, Max: 0, Diff: 0, Sum: 0, Workers: 4
[4163.229s][debug][gc,phases      ] GC(105)     Total                          Min: 0, Avg:  0.0, Max: 0, Diff: 0, Sum: 0, Workers: 4
[4163.229s][debug][gc,phases      ] GC(105)   StringDedup Requests0 Weak     Min:  0.0, Avg:  0.0, Max:  0.0, Diff:  0.0, Sum:  0.0, Workers: 4
[4163.229s][debug][gc,phases      ] GC(105)     Dead                           Min: 0, Avg:  0.0, Max: 0, Diff: 0, Sum: 0, Workers: 4
[4163.229s][debug][gc,phases      ] GC(105)     Total                          Min: 0, Avg:  0.0, Max: 0, Diff: 0, Sum: 0, Workers: 4
[4163.229s][debug][gc,phases      ] GC(105)   StringDedup Requests1 Weak     Min:  0.0, Avg:  0.0, Max:  0.0, Diff:  0.0, Sum:  0.0, Workers: 4
[4163.229s][debug][gc,phases      ] GC(105)     Dead                           Min: 0, Avg:  0.0, Max: 0, Diff: 0, Sum: 0, Workers: 4
[4163.229s][debug][gc,phases      ] GC(105)     Total                          Min: 0, Avg:  0.0, Max: 0, Diff: 0, Sum: 0, Workers: 4
[4163.229s][debug][gc,phases      ] GC(105)   Weak JFR Old Object Samples    Min:  0.0, Avg:  0.0, Max:  0.0, Diff:  0.0, Sum:  0.0, Workers: 4
[4163.229s][debug][gc,phases      ] GC(105)     Dead                           Min: 0, Avg:  0.0, Max: 0, Diff: 0, Sum: 0, Workers: 4
[4163.229s][debug][gc,phases      ] GC(105)     Total                          Min: 0, Avg:  0.0, Max: 0, Diff: 0, Sum: 0, Workers: 4
[4163.229s][debug][gc,phases      ] GC(105) Weak Processing 0.380ms
[4163.229s][debug][gc,age         ] GC(105) Desired survivor size 13107200 bytes, new threshold 1 (max threshold 15)
[4163.229s][info ][gc,heap        ] GC(105) PSYoungGen: 2073568K(2082304K)->2416K(2084352K) Eden: 2068480K(2068480K)->0K(2071040K) From: 5088K(13824K)->2416K(13312K)
[4163.229s][info ][gc,heap        ] GC(105) ParOldGen: 434178K(570368K)->437407K(570368K)
[4163.229s][info ][gc,metaspace   ] GC(105) Metaspace: 110435K(111744K)->110435K(111744K) NonClass: 93930K(94656K)->93930K(94656K) Class: 16504K(17088K)->16504K(17088K)
[4163.229s][info ][gc             ] GC(105) Pause Young (Allocation Failure) 2448M->429M(2592M) 4.057ms
[4163.229s][info ][gc,cpu         ] GC(105) User=0.01s Sys=0.00s Real=0.00s
[4163.229s][info ][safepoint      ] Safepoint "ParallelGCFailedAllocation", Time since last: 9814501130 ns, Reaching safepoint: 5500 ns, Cleanup: 3800 ns, At safepoint: 4130336 ns, Total: 4139636 ns
[4185.231s][info ][safepoint      ] Safepoint "Cleanup", Time since last: 22001510722 ns, Reaching safepoint: 5700 ns, Cleanup: 9200 ns, At safepoint: 2200 ns, Total: 17100 ns
[4195.231s][info ][safepoint      ] Safepoint "Cleanup", Time since last: 10000720430 ns, Reaching safepoint: 5000 ns, Cleanup: 8800 ns, At safepoint: 2000 ns, Total: 15800 ns
[4196.231s][info ][safepoint      ] Safepoint "Cleanup", Time since last: 1000105286 ns, Reaching safepoint: 5300 ns, Cleanup: 8000 ns, At safepoint: 6300 ns, Total: 19600 ns
[4210.234s][info ][gc,start       ] GC(106) Pause Young (Allocation Failure)
[4210.237s][debug][gc,phases      ] GC(106) Scavenge 2.637ms
[4210.237s][debug][gc,ref         ] GC(106) ReferenceProcessor::execute queues: 1, RefProcThreadModel::Single, marks_oops_alive: false
[4210.237s][debug][gc,ref         ] GC(106) Skipped KeepAliveFinalRefsPhase of Reference Processing: no references
[4210.237s][debug][gc,ref         ] GC(106) Skipped PhantomRefsPhase of Reference Processing: no references
[4210.237s][debug][gc,phases      ] GC(106) Reference Processing 0.094ms
[4210.237s][debug][gc,phases      ] GC(106)   VM Weak                        Min:  0.0, Avg:  0.0, Max:  0.0, Diff:  0.0, Sum:  0.0, Workers: 4
[4210.237s][debug][gc,phases      ] GC(106)     Dead                           Min: 0, Avg:  0.0, Max: 0, Diff: 0, Sum: 0, Workers: 4
[4210.237s][debug][gc,phases      ] GC(106)     Total                          Min: 0, Avg: 244.0, Max: 784, Diff: 784, Sum: 976, Workers: 4
[4210.237s][debug][gc,phases      ] GC(106)   ObjectSynchronizer Weak        Min:  0.0, Avg:  0.0, Max:  0.0, Diff:  0.0, Sum:  0.0, Workers: 4
[4210.237s][debug][gc,phases      ] GC(106)     Dead                           Min: 0, Avg:  0.0, Max: 0, Diff: 0, Sum: 0, Workers: 4
[4210.237s][debug][gc,phases      ] GC(106)     Total                          Min: 0, Avg:  0.8, Max: 3, Diff: 3, Sum: 3, Workers: 4
[4210.237s][debug][gc,phases      ] GC(106)   JVMTI Tag Weak OopStorage      Min:  0.0, Avg:  0.0, Max:  0.0, Diff:  0.0, Sum:  0.0, Workers: 4
[4210.237s][debug][gc,phases      ] GC(106)     Dead                           Min: 0, Avg:  0.0, Max: 0, Diff: 0, Sum: 0, Workers: 4
[4210.237s][debug][gc,phases      ] GC(106)     Total                          Min: 0, Avg:  0.0, Max: 0, Diff: 0, Sum: 0, Workers: 4
[4210.237s][debug][gc,phases      ] GC(106)   StringTable Weak               Min:  0.0, Avg:  0.1, Max:  0.1, Diff:  0.1, Sum:  0.4, Workers: 4
[4210.237s][debug][gc,phases      ] GC(106)     Dead                           Min: 0, Avg:  0.0, Max: 0, Diff: 0, Sum: 0, Workers: 4
[4210.237s][debug][gc,phases      ] GC(106)     Total                          Min: 0, Avg: 11931.0, Max: 20158, Diff: 20158, Sum: 47724, Workers: 4
[4210.237s][debug][gc,phases      ] GC(106)   ResolvedMethodTable Weak       Min:  0.0, Avg:  0.0, Max:  0.0, Diff:  0.0, Sum:  0.1, Workers: 4
[4210.237s][debug][gc,phases      ] GC(106)     Dead                           Min: 0, Avg:  4.0, Max: 16, Diff: 16, Sum: 16, Workers: 4
[4210.237s][debug][gc,phases      ] GC(106)     Total                          Min: 0, Avg: 3877.5, Max: 6209, Diff: 6209, Sum: 15510, Workers: 4
[4210.237s][debug][gc,phases      ] GC(106)   JNI Weak                       Min:  0.0, Avg:  0.0, Max:  0.0, Diff:  0.0, Sum:  0.0, Workers: 4
[4210.237s][debug][gc,phases      ] GC(106)     Dead                           Min: 0, Avg:  0.0, Max: 0, Diff: 0, Sum: 0, Workers: 4
[4210.237s][debug][gc,phases      ] GC(106)     Total                          Min: 0, Avg: 13.0, Max: 52, Diff: 52, Sum: 52, Workers: 4
[4210.237s][debug][gc,phases      ] GC(106)   StringDedup Table Weak         Min:  0.0, Avg:  0.0, Max:  0.0, Diff:  0.0, Sum:  0.0, Workers: 4
[4210.237s][debug][gc,phases      ] GC(106)     Dead                           Min: 0, Avg:  0.0, Max: 0, Diff: 0, Sum: 0, Workers: 4
[4210.237s][debug][gc,phases      ] GC(106)     Total                          Min: 0, Avg:  0.0, Max: 0, Diff: 0, Sum: 0, Workers: 4
[4210.237s][debug][gc,phases      ] GC(106)   StringDedup Requests0 Weak     Min:  0.0, Avg:  0.0, Max:  0.0, Diff:  0.0, Sum:  0.0, Workers: 4
[4210.237s][debug][gc,phases      ] GC(106)     Dead                           Min: 0, Avg:  0.0, Max: 0, Diff: 0, Sum: 0, Workers: 4
[4210.237s][debug][gc,phases      ] GC(106)     Total                          Min: 0, Avg:  0.0, Max: 0, Diff: 0, Sum: 0, Workers: 4
[4210.237s][debug][gc,phases      ] GC(106)   StringDedup Requests1 Weak     Min:  0.0, Avg:  0.0, Max:  0.0, Diff:  0.0, Sum:  0.0, Workers: 4
[4210.237s][debug][gc,phases      ] GC(106)     Dead                           Min: 0, Avg:  0.0, Max: 0, Diff: 0, Sum: 0, Workers: 4
[4210.237s][debug][gc,phases      ] GC(106)     Total                          Min: 0, Avg:  0.0, Max: 0, Diff: 0, Sum: 0, Workers: 4
[4210.237s][debug][gc,phases      ] GC(106)   Weak JFR Old Object Samples    Min:  0.0, Avg:  0.0, Max:  0.0, Diff:  0.0, Sum:  0.0, Workers: 4
[4210.237s][debug][gc,phases      ] GC(106)     Dead                           Min: 0, Avg:  0.0, Max: 0, Diff: 0, Sum: 0, Workers: 4
[4210.237s][debug][gc,phases      ] GC(106)     Total                          Min: 0, Avg:  0.0, Max: 0, Diff: 0, Sum: 0, Workers: 4
[4210.237s][debug][gc,phases      ] GC(106) Weak Processing 0.363ms
[4210.237s][debug][gc,age         ] GC(106) Desired survivor size 12058624 bytes, new threshold 1 (max threshold 15)
[4210.237s][info ][gc,heap        ] GC(106) PSYoungGen: 2073456K(2084352K)->2624K(2083840K) Eden: 2071040K(2071040K)->0K(2071040K) From: 2416K(13312K)->2624K(12800K)
[4210.237s][info ][gc,heap        ] GC(106) ParOldGen: 437407K(570368K)->438015K(570368K)
[4210.237s][info ][gc,metaspace   ] GC(106) Metaspace: 110441K(111744K)->110441K(111744K) NonClass: 93936K(94656K)->93936K(94656K) Class: 16504K(17088K)->16504K(17088K)
[4210.237s][info ][gc             ] GC(106) Pause Young (Allocation Failure) 2452M->430M(2592M) 3.186ms
[4210.237s][info ][gc,cpu         ] GC(106) User=0.01s Sys=0.00s Real=0.00s
[4210.237s][info ][safepoint      ] Safepoint "ParallelGCFailedAllocation", Time since last: 14002684181 ns, Reaching safepoint: 5000 ns, Cleanup: 3300 ns, At safepoint: 3244428 ns, Total: 3252728 ns
[4215.238s][info ][safepoint      ] Safepoint "Cleanup", Time since last: 5000356037 ns, Reaching safepoint: 5500 ns, Cleanup: 19601 ns, At safepoint: 1800 ns, Total: 26901 ns
[4258.768s][info ][gc,start       ] GC(107) Pause Young (Allocation Failure)
[4258.770s][debug][gc,phases      ] GC(107) Scavenge 2.680ms
[4258.771s][debug][gc,ref         ] GC(107) ReferenceProcessor::execute queues: 1, RefProcThreadModel::Single, marks_oops_alive: false
[4258.771s][debug][gc,ref         ] GC(107) Skipped KeepAliveFinalRefsPhase of Reference Processing: no references
[4258.771s][debug][gc,ref         ] GC(107) ReferenceProcessor::execute queues: 1, RefProcThreadModel::Single, marks_oops_alive: false
[4258.771s][debug][gc,phases      ] GC(107) Reference Processing 0.104ms
[4258.771s][debug][gc,phases      ] GC(107)   VM Weak                        Min:  0.0, Avg:  0.0, Max:  0.0, Diff:  0.0, Sum:  0.0, Workers: 4
[4258.771s][debug][gc,phases      ] GC(107)     Dead                           Min: 0, Avg:  0.0, Max: 0, Diff: 0, Sum: 0, Workers: 4
[4258.771s][debug][gc,phases      ] GC(107)     Total                          Min: 0, Avg: 244.0, Max: 592, Diff: 592, Sum: 976, Workers: 4
[4258.771s][debug][gc,phases      ] GC(107)   ObjectSynchronizer Weak        Min:  0.0, Avg:  0.0, Max:  0.0, Diff:  0.0, Sum:  0.0, Workers: 4
[4258.771s][debug][gc,phases      ] GC(107)     Dead                           Min: 0, Avg:  0.0, Max: 0, Diff: 0, Sum: 0, Workers: 4
[4258.771s][debug][gc,phases      ] GC(107)     Total                          Min: 0, Avg:  1.0, Max: 4, Diff: 4, Sum: 4, Workers: 4
[4258.771s][debug][gc,phases      ] GC(107)   JVMTI Tag Weak OopStorage      Min:  0.0, Avg:  0.0, Max:  0.0, Diff:  0.0, Sum:  0.0, Workers: 4
[4258.771s][debug][gc,phases      ] GC(107)     Dead                           Min: 0, Avg:  0.0, Max: 0, Diff: 0, Sum: 0, Workers: 4
[4258.771s][debug][gc,phases      ] GC(107)     Total                          Min: 0, Avg:  0.0, Max: 0, Diff: 0, Sum: 0, Workers: 4
[4258.771s][debug][gc,phases      ] GC(107)   StringTable Weak               Min:  0.0, Avg:  0.1, Max:  0.2, Diff:  0.2, Sum:  0.5, Workers: 4
[4258.771s][debug][gc,phases      ] GC(107)     Dead                           Min: 0, Avg:  0.0, Max: 0, Diff: 0, Sum: 0, Workers: 4
[4258.771s][debug][gc,phases      ] GC(107)     Total                          Min: 0, Avg: 11931.2, Max: 20096, Diff: 20096, Sum: 47725, Workers: 4
[4258.771s][debug][gc,phases      ] GC(107)   ResolvedMethodTable Weak       Min:  0.0, Avg:  0.0, Max:  0.0, Diff:  0.0, Sum:  0.1, Workers: 4
[4258.771s][debug][gc,phases      ] GC(107)     Dead                           Min: 0, Avg:  4.0, Max: 16, Diff: 16, Sum: 16, Workers: 4
[4258.771s][debug][gc,phases      ] GC(107)     Total                          Min: 0, Avg: 3877.5, Max: 6611, Diff: 6611, Sum: 15510, Workers: 4
[4258.771s][debug][gc,phases      ] GC(107)   JNI Weak                       Min:  0.0, Avg:  0.0, Max:  0.0, Diff:  0.0, Sum:  0.0, Workers: 4
[4258.771s][debug][gc,phases      ] GC(107)     Dead                           Min: 0, Avg:  0.0, Max: 0, Diff: 0, Sum: 0, Workers: 4
[4258.771s][debug][gc,phases      ] GC(107)     Total                          Min: 0, Avg: 13.0, Max: 52, Diff: 52, Sum: 52, Workers: 4
[4258.771s][debug][gc,phases      ] GC(107)   StringDedup Table Weak         Min:  0.0, Avg:  0.0, Max:  0.0, Diff:  0.0, Sum:  0.0, Workers: 4
[4258.771s][debug][gc,phases      ] GC(107)     Dead                           Min: 0, Avg:  0.0, Max: 0, Diff: 0, Sum: 0, Workers: 4
[4258.771s][debug][gc,phases      ] GC(107)     Total                          Min: 0, Avg:  0.0, Max: 0, Diff: 0, Sum: 0, Workers: 4
[4258.771s][debug][gc,phases      ] GC(107)   StringDedup Requests0 Weak     Min:  0.0, Avg:  0.0, Max:  0.0, Diff:  0.0, Sum:  0.0, Workers: 4
[4258.771s][debug][gc,phases      ] GC(107)     Dead                           Min: 0, Avg:  0.0, Max: 0, Diff: 0, Sum: 0, Workers: 4
[4258.771s][debug][gc,phases      ] GC(107)     Total                          Min: 0, Avg:  0.0, Max: 0, Diff: 0, Sum: 0, Workers: 4
[4258.771s][debug][gc,phases      ] GC(107)   StringDedup Requests1 Weak     Min:  0.0, Avg:  0.0, Max:  0.0, Diff:  0.0, Sum:  0.0, Workers: 4
[4258.771s][debug][gc,phases      ] GC(107)     Dead                           Min: 0, Avg:  0.0, Max: 0, Diff: 0, Sum: 0, Workers: 4
[4258.771s][debug][gc,phases      ] GC(107)     Total                          Min: 0, Avg:  0.0, Max: 0, Diff: 0, Sum: 0, Workers: 4
[4258.771s][debug][gc,phases      ] GC(107)   Weak JFR Old Object Samples    Min:  0.0, Avg:  0.0, Max:  0.0, Diff:  0.0, Sum:  0.0, Workers: 4
[4258.771s][debug][gc,phases      ] GC(107)     Dead                           Min: 0, Avg:  0.0, Max: 0, Diff: 0, Sum: 0, Workers: 4
[4258.771s][debug][gc,phases      ] GC(107)     Total                          Min: 0, Avg:  0.0, Max: 0, Diff: 0, Sum: 0, Workers: 4
[4258.771s][debug][gc,phases      ] GC(107) Weak Processing 0.422ms
[4258.771s][debug][gc,age         ] GC(107) Desired survivor size 11534336 bytes, new threshold 1 (max threshold 15)
[4258.771s][info ][gc,heap        ] GC(107) PSYoungGen: 2073664K(2083840K)->1984K(2085888K) Eden: 2071040K(2071040K)->0K(2074112K) From: 2624K(12800K)->1984K(11776K)
[4258.771s][info ][gc,heap        ] GC(107) ParOldGen: 438015K(570368K)->439627K(570368K)
[4258.771s][info ][gc,metaspace   ] GC(107) Metaspace: 110447K(111744K)->110447K(111744K) NonClass: 93942K(94656K)->93942K(94656K) Class: 16504K(17088K)->16504K(17088K)
[4258.771s][info ][gc             ] GC(107) Pause Young (Allocation Failure) 2452M->431M(2594M) 3.300ms
[4258.771s][info ][gc,cpu         ] GC(107) User=0.01s Sys=0.00s Real=0.01s
[4258.771s][info ][safepoint      ] Safepoint "ParallelGCFailedAllocation", Time since last: 43529991007 ns, Reaching safepoint: 5600 ns, Cleanup: 2700 ns, At safepoint: 3359429 ns, Total: 3367729 ns
[4262.444s][info ][safepoint      ] Safepoint "Cleanup", Time since last: 3672980916 ns, Reaching safepoint: 6200 ns, Cleanup: 11000 ns, At safepoint: 2200 ns, Total: 19400 ns
[4304.447s][info ][safepoint      ] Safepoint "Cleanup", Time since last: 42002974124 ns, Reaching safepoint: 7300 ns, Cleanup: 10700 ns, At safepoint: 2800 ns, Total: 20800 ns
[4307.166s][info ][gc,start       ] GC(108) Pause Young (Allocation Failure)
[4307.169s][debug][gc,phases      ] GC(108) Scavenge 2.986ms
[4307.170s][debug][gc,ref         ] GC(108) ReferenceProcessor::execute queues: 1, RefProcThreadModel::Single, marks_oops_alive: false
[4307.170s][debug][gc,ref         ] GC(108) Skipped KeepAliveFinalRefsPhase of Reference Processing: no references
[4307.170s][debug][gc,ref         ] GC(108) ReferenceProcessor::execute queues: 1, RefProcThreadModel::Single, marks_oops_alive: false
[4307.170s][debug][gc,phases      ] GC(108) Reference Processing 0.100ms
[4307.170s][debug][gc,phases      ] GC(108)   VM Weak                        Min:  0.0, Avg:  0.0, Max:  0.0, Diff:  0.0, Sum:  0.0, Workers: 4
[4307.170s][debug][gc,phases      ] GC(108)     Dead                           Min: 0, Avg:  0.0, Max: 0, Diff: 0, Sum: 0, Workers: 4
[4307.170s][debug][gc,phases      ] GC(108)     Total                          Min: 80, Avg: 244.0, Max: 512, Diff: 432, Sum: 976, Workers: 4
[4307.170s][debug][gc,phases      ] GC(108)   ObjectSynchronizer Weak        Min:  0.0, Avg:  0.0, Max:  0.0, Diff:  0.0, Sum:  0.0, Workers: 4
[4307.170s][debug][gc,phases      ] GC(108)     Dead                           Min: 0, Avg:  0.0, Max: 0, Diff: 0, Sum: 0, Workers: 4
[4307.170s][debug][gc,phases      ] GC(108)     Total                          Min: 0, Avg:  1.0, Max: 4, Diff: 4, Sum: 4, Workers: 4
[4307.170s][debug][gc,phases      ] GC(108)   JVMTI Tag Weak OopStorage      Min:  0.0, Avg:  0.0, Max:  0.0, Diff:  0.0, Sum:  0.0, Workers: 4
[4307.170s][debug][gc,phases      ] GC(108)     Dead                           Min: 0, Avg:  0.0, Max: 0, Diff: 0, Sum: 0, Workers: 4
[4307.170s][debug][gc,phases      ] GC(108)     Total                          Min: 0, Avg:  0.0, Max: 0, Diff: 0, Sum: 0, Workers: 4
[4307.170s][debug][gc,phases      ] GC(108)   StringTable Weak               Min:  0.1, Avg:  0.1, Max:  0.1, Diff:  0.0, Sum:  0.5, Workers: 4
[4307.170s][debug][gc,phases      ] GC(108)     Dead                           Min: 0, Avg:  0.0, Max: 0, Diff: 0, Sum: 0, Workers: 4
[4307.170s][debug][gc,phases      ] GC(108)     Total                          Min: 11584, Avg: 11931.5, Max: 12416, Diff: 832, Sum: 47726, Workers: 4
[4307.170s][debug][gc,phases      ] GC(108)   ResolvedMethodTable Weak       Min:  0.0, Avg:  0.0, Max:  0.0, Diff:  0.0, Sum:  0.2, Workers: 4
[4307.170s][debug][gc,phases      ] GC(108)     Dead                           Min: 0, Avg:  4.0, Max: 16, Diff: 16, Sum: 16, Workers: 4
[4307.170s][debug][gc,phases      ] GC(108)     Total                          Min: 3811, Avg: 3877.5, Max: 3990, Diff: 179, Sum: 15510, Workers: 4
[4307.170s][debug][gc,phases      ] GC(108)   JNI Weak                       Min:  0.0, Avg:  0.0, Max:  0.0, Diff:  0.0, Sum:  0.0, Workers: 4
[4307.170s][debug][gc,phases      ] GC(108)     Dead                           Min: 0, Avg:  0.0, Max: 0, Diff: 0, Sum: 0, Workers: 4
[4307.170s][debug][gc,phases      ] GC(108)     Total                          Min: 0, Avg: 13.0, Max: 52, Diff: 52, Sum: 52, Workers: 4
[4307.170s][debug][gc,phases      ] GC(108)   StringDedup Table Weak         Min:  0.0, Avg:  0.0, Max:  0.0, Diff:  0.0, Sum:  0.0, Workers: 4
[4307.170s][debug][gc,phases      ] GC(108)     Dead                           Min: 0, Avg:  0.0, Max: 0, Diff: 0, Sum: 0, Workers: 4
[4307.170s][debug][gc,phases      ] GC(108)     Total                          Min: 0, Avg:  0.0, Max: 0, Diff: 0, Sum: 0, Workers: 4
[4307.170s][debug][gc,phases      ] GC(108)   StringDedup Requests0 Weak     Min:  0.0, Avg:  0.0, Max:  0.0, Diff:  0.0, Sum:  0.0, Workers: 4
[4307.170s][debug][gc,phases      ] GC(108)     Dead                           Min: 0, Avg:  0.0, Max: 0, Diff: 0, Sum: 0, Workers: 4
[4307.170s][debug][gc,phases      ] GC(108)     Total                          Min: 0, Avg:  0.0, Max: 0, Diff: 0, Sum: 0, Workers: 4
[4307.170s][debug][gc,phases      ] GC(108)   StringDedup Requests1 Weak     Min:  0.0, Avg:  0.0, Max:  0.0, Diff:  0.0, Sum:  0.0, Workers: 4
[4307.170s][debug][gc,phases      ] GC(108)     Dead                           Min: 0, Avg:  0.0, Max: 0, Diff: 0, Sum: 0, Workers: 4
[4307.170s][debug][gc,phases      ] GC(108)     Total                          Min: 0, Avg:  0.0, Max: 0, Diff: 0, Sum: 0, Workers: 4
[4307.170s][debug][gc,phases      ] GC(108)   Weak JFR Old Object Samples    Min:  0.0, Avg:  0.0, Max:  0.0, Diff:  0.0, Sum:  0.0, Workers: 4
[4307.170s][debug][gc,phases      ] GC(108)     Dead                           Min: 0, Avg:  0.0, Max: 0, Diff: 0, Sum: 0, Workers: 4
[4307.170s][debug][gc,phases      ] GC(108)     Total                          Min: 0, Avg:  0.0, Max: 0, Diff: 0, Sum: 0, Workers: 4
[4307.170s][debug][gc,phases      ] GC(108) Weak Processing 0.366ms
[4307.170s][debug][gc,age         ] GC(108) Desired survivor size 11010048 bytes, new threshold 1 (max threshold 15)
[4307.170s][info ][gc,heap        ] GC(108) PSYoungGen: 2076096K(2085888K)->2784K(2085376K) Eden: 2074112K(2074112K)->0K(2074112K) From: 1984K(11776K)->2784K(11264K)
[4307.170s][info ][gc,heap        ] GC(108) ParOldGen: 439627K(570368K)->440568K(570368K)
[4307.170s][info ][gc,metaspace   ] GC(108) Metaspace: 110455K(111744K)->110455K(111744K) NonClass: 93951K(94656K)->93951K(94656K) Class: 16504K(17088K)->16504K(17088K)
[4307.170s][info ][gc             ] GC(108) Pause Young (Allocation Failure) 2456M->432M(2593M) 3.551ms
[4307.170s][info ][gc,cpu         ] GC(108) User=0.02s Sys=0.00s Real=0.01s
[4307.170s][info ][safepoint      ] Safepoint "ParallelGCFailedAllocation", Time since last: 2719312850 ns, Reaching safepoint: 6000 ns, Cleanup: 4000 ns, At safepoint: 3611331 ns, Total: 3621331 ns
[4333.462s][info ][safepoint      ] Safepoint "Cleanup", Time since last: 26292020407 ns, Reaching safepoint: 5900 ns, Cleanup: 7900 ns, At safepoint: 2000 ns, Total: 15800 ns
[4346.463s][info ][safepoint      ] Safepoint "Cleanup", Time since last: 13000993042 ns, Reaching safepoint: 5801 ns, Cleanup: 9700 ns, At safepoint: 2600 ns, Total: 18101 ns
[4353.464s][info ][safepoint      ] Safepoint "Cleanup", Time since last: 7000564446 ns, Reaching safepoint: 5600 ns, Cleanup: 8401 ns, At safepoint: 2600 ns, Total: 16601 ns
[4354.718s][info ][gc,start       ] GC(109) Pause Young (Allocation Failure)
[4354.721s][debug][gc,phases      ] GC(109) Scavenge 2.781ms
[4354.721s][debug][gc,ref         ] GC(109) ReferenceProcessor::execute queues: 1, RefProcThreadModel::Single, marks_oops_alive: false
[4354.721s][debug][gc,ref         ] GC(109) Skipped KeepAliveFinalRefsPhase of Reference Processing: no references
[4354.721s][debug][gc,ref         ] GC(109) ReferenceProcessor::execute queues: 1, RefProcThreadModel::Single, marks_oops_alive: false
[4354.721s][debug][gc,phases      ] GC(109) Reference Processing 0.119ms
[4354.721s][debug][gc,phases      ] GC(109)   VM Weak                        Min:  0.0, Avg:  0.0, Max:  0.0, Diff:  0.0, Sum:  0.0, Workers: 4
[4354.721s][debug][gc,phases      ] GC(109)     Dead                           Min: 0, Avg:  0.0, Max: 0, Diff: 0, Sum: 0, Workers: 4
[4354.721s][debug][gc,phases      ] GC(109)     Total                          Min: 0, Avg: 244.0, Max: 848, Diff: 848, Sum: 976, Workers: 4
[4354.721s][debug][gc,phases      ] GC(109)   ObjectSynchronizer Weak        Min:  0.0, Avg:  0.0, Max:  0.0, Diff:  0.0, Sum:  0.0, Workers: 4
[4354.721s][debug][gc,phases      ] GC(109)     Dead                           Min: 0, Avg:  0.0, Max: 0, Diff: 0, Sum: 0, Workers: 4
[4354.721s][debug][gc,phases      ] GC(109)     Total                          Min: 0, Avg:  0.8, Max: 3, Diff: 3, Sum: 3, Workers: 4
[4354.721s][debug][gc,phases      ] GC(109)   JVMTI Tag Weak OopStorage      Min:  0.0, Avg:  0.0, Max:  0.0, Diff:  0.0, Sum:  0.0, Workers: 4
[4354.721s][debug][gc,phases      ] GC(109)     Dead                           Min: 0, Avg:  0.0, Max: 0, Diff: 0, Sum: 0, Workers: 4
[4354.721s][debug][gc,phases      ] GC(109)     Total                          Min: 0, Avg:  0.0, Max: 0, Diff: 0, Sum: 0, Workers: 4
[4354.721s][debug][gc,phases      ] GC(109)   StringTable Weak               Min:  0.1, Avg:  0.1, Max:  0.1, Diff:  0.0, Sum:  0.5, Workers: 4
[4354.721s][debug][gc,phases      ] GC(109)     Dead                           Min: 0, Avg:  0.0, Max: 0, Diff: 0, Sum: 0, Workers: 4
[4354.721s][debug][gc,phases      ] GC(109)     Total                          Min: 11505, Avg: 11931.8, Max: 12544, Diff: 1039, Sum: 47727, Workers: 4
[4354.721s][debug][gc,phases      ] GC(109)   ResolvedMethodTable Weak       Min:  0.0, Avg:  0.0, Max:  0.0, Diff:  0.0, Sum:  0.2, Workers: 4
[4354.721s][debug][gc,phases      ] GC(109)     Dead                           Min: 0, Avg:  4.0, Max: 16, Diff: 16, Sum: 16, Workers: 4
[4354.721s][debug][gc,phases      ] GC(109)     Total                          Min: 3711, Avg: 3877.5, Max: 3969, Diff: 258, Sum: 15510, Workers: 4
[4354.721s][debug][gc,phases      ] GC(109)   JNI Weak                       Min:  0.0, Avg:  0.0, Max:  0.0, Diff:  0.0, Sum:  0.0, Workers: 4
[4354.721s][debug][gc,phases      ] GC(109)     Dead                           Min: 0, Avg:  0.0, Max: 0, Diff: 0, Sum: 0, Workers: 4
[4354.721s][debug][gc,phases      ] GC(109)     Total                          Min: 0, Avg: 13.0, Max: 52, Diff: 52, Sum: 52, Workers: 4
[4354.721s][debug][gc,phases      ] GC(109)   StringDedup Table Weak         Min:  0.0, Avg:  0.0, Max:  0.0, Diff:  0.0, Sum:  0.0, Workers: 4
[4354.721s][debug][gc,phases      ] GC(109)     Dead                           Min: 0, Avg:  0.0, Max: 0, Diff: 0, Sum: 0, Workers: 4
[4354.721s][debug][gc,phases      ] GC(109)     Total                          Min: 0, Avg:  0.0, Max: 0, Diff: 0, Sum: 0, Workers: 4
[4354.721s][debug][gc,phases      ] GC(109)   StringDedup Requests0 Weak     Min:  0.0, Avg:  0.0, Max:  0.0, Diff:  0.0, Sum:  0.0, Workers: 4
[4354.721s][debug][gc,phases      ] GC(109)     Dead                           Min: 0, Avg:  0.0, Max: 0, Diff: 0, Sum: 0, Workers: 4
[4354.721s][debug][gc,phases      ] GC(109)     Total                          Min: 0, Avg:  0.0, Max: 0, Diff: 0, Sum: 0, Workers: 4
[4354.721s][debug][gc,phases      ] GC(109)   StringDedup Requests1 Weak     Min:  0.0, Avg:  0.0, Max:  0.0, Diff:  0.0, Sum:  0.0, Workers: 4
[4354.721s][debug][gc,phases      ] GC(109)     Dead                           Min: 0, Avg:  0.0, Max: 0, Diff: 0, Sum: 0, Workers: 4
[4354.721s][debug][gc,phases      ] GC(109)     Total                          Min: 0, Avg:  0.0, Max: 0, Diff: 0, Sum: 0, Workers: 4
[4354.721s][debug][gc,phases      ] GC(109)   Weak JFR Old Object Samples    Min:  0.0, Avg:  0.0, Max:  0.0, Diff:  0.0, Sum:  0.0, Workers: 4
[4354.721s][debug][gc,phases      ] GC(109)     Dead                           Min: 0, Avg:  0.0, Max: 0, Diff: 0, Sum: 0, Workers: 4
[4354.721s][debug][gc,phases      ] GC(109)     Total                          Min: 0, Avg:  0.0, Max: 0, Diff: 0, Sum: 0, Workers: 4
[4354.721s][debug][gc,phases      ] GC(109) Weak Processing 0.378ms
[4354.721s][debug][gc,age         ] GC(109) Desired survivor size 9961472 bytes, new threshold 1 (max threshold 15)
[4354.721s][info ][gc,heap        ] GC(109) PSYoungGen: 2076896K(2085376K)->3264K(2087424K) Eden: 2074112K(2074112K)->0K(2076672K) From: 2784K(11264K)->3264K(10752K)
[4354.721s][info ][gc,heap        ] GC(109) ParOldGen: 440568K(570368K)->441520K(570368K)
[4354.721s][info ][gc,metaspace   ] GC(109) Metaspace: 110461K(111744K)->110461K(111744K) NonClass: 93956K(94656K)->93956K(94656K) Class: 16504K(17088K)->16504K(17088K)
[4354.721s][info ][gc             ] GC(109) Pause Young (Allocation Failure) 2458M->434M(2595M) 3.391ms
[4354.721s][info ][gc,cpu         ] GC(109) User=0.01s Sys=0.00s Real=0.01s
[4354.721s][info ][safepoint      ] Safepoint "ParallelGCFailedAllocation", Time since last: 1253985625 ns, Reaching safepoint: 5500 ns, Cleanup: 3600 ns, At safepoint: 3448831 ns, Total: 3457931 ns
[4376.723s][info ][safepoint      ] Safepoint "Cleanup", Time since last: 22001522349 ns, Reaching safepoint: 5100 ns, Cleanup: 12100 ns, At safepoint: 2100 ns, Total: 19300 ns
[4377.723s][info ][safepoint      ] Safepoint "Cleanup", Time since last: 1000106399 ns, Reaching safepoint: 5900 ns, Cleanup: 9400 ns, At safepoint: 2200 ns, Total: 17500 ns
[4378.723s][info ][safepoint      ] Safepoint "Cleanup", Time since last: 1000142600 ns, Reaching safepoint: 6400 ns, Cleanup: 11500 ns, At safepoint: 2500 ns, Total: 20400 ns
[4383.479s][info ][safepoint      ] Safepoint "Cleanup", Time since last: 4755569865 ns, Reaching safepoint: 5600 ns, Cleanup: 9600 ns, At safepoint: 2800 ns, Total: 18000 ns
[4385.479s][info ][safepoint      ] Safepoint "Cleanup", Time since last: 2000206700 ns, Reaching safepoint: 6500 ns, Cleanup: 15100 ns, At safepoint: 2300 ns, Total: 23900 ns
[4387.479s][info ][safepoint      ] Safepoint "Cleanup", Time since last: 2000180899 ns, Reaching safepoint: 5500 ns, Cleanup: 14100 ns, At safepoint: 2500 ns, Total: 22100 ns
[4388.479s][info ][safepoint      ] Safepoint "Cleanup", Time since last: 1000111500 ns, Reaching safepoint: 6500 ns, Cleanup: 9000 ns, At safepoint: 2500 ns, Total: 18000 ns
[4395.480s][info ][safepoint      ] Safepoint "Cleanup", Time since last: 7000535808 ns, Reaching safepoint: 5600 ns, Cleanup: 8500 ns, At safepoint: 2100 ns, Total: 16200 ns
[4402.266s][info ][gc,start       ] GC(110) Pause Young (Allocation Failure)
[4402.269s][debug][gc,phases      ] GC(110) Scavenge 3.307ms
[4402.269s][debug][gc,ref         ] GC(110) ReferenceProcessor::execute queues: 1, RefProcThreadModel::Single, marks_oops_alive: false
[4402.269s][debug][gc,ref         ] GC(110) Skipped KeepAliveFinalRefsPhase of Reference Processing: no references
[4402.269s][debug][gc,ref         ] GC(110) ReferenceProcessor::execute queues: 1, RefProcThreadModel::Single, marks_oops_alive: false
[4402.269s][debug][gc,phases      ] GC(110) Reference Processing 0.097ms
[4402.270s][debug][gc,phases      ] GC(110)   VM Weak                        Min:  0.0, Avg:  0.0, Max:  0.0, Diff:  0.0, Sum:  0.0, Workers: 4
[4402.270s][debug][gc,phases      ] GC(110)     Dead                           Min: 0, Avg:  0.0, Max: 0, Diff: 0, Sum: 0, Workers: 4
[4402.270s][debug][gc,phases      ] GC(110)     Total                          Min: 0, Avg: 244.0, Max: 768, Diff: 768, Sum: 976, Workers: 4
[4402.270s][debug][gc,phases      ] GC(110)   ObjectSynchronizer Weak        Min:  0.0, Avg:  0.0, Max:  0.0, Diff:  0.0, Sum:  0.0, Workers: 4
[4402.270s][debug][gc,phases      ] GC(110)     Dead                           Min: 0, Avg:  0.0, Max: 0, Diff: 0, Sum: 0, Workers: 4
[4402.270s][debug][gc,phases      ] GC(110)     Total                          Min: 0, Avg:  0.8, Max: 3, Diff: 3, Sum: 3, Workers: 4
[4402.270s][debug][gc,phases      ] GC(110)   JVMTI Tag Weak OopStorage      Min:  0.0, Avg:  0.0, Max:  0.0, Diff:  0.0, Sum:  0.0, Workers: 4
[4402.270s][debug][gc,phases      ] GC(110)     Dead                           Min: 0, Avg:  0.0, Max: 0, Diff: 0, Sum: 0, Workers: 4
[4402.270s][debug][gc,phases      ] GC(110)     Total                          Min: 0, Avg:  0.0, Max: 0, Diff: 0, Sum: 0, Workers: 4
[4402.270s][debug][gc,phases      ] GC(110)   StringTable Weak               Min:  0.1, Avg:  0.1, Max:  0.1, Diff:  0.0, Sum:  0.5, Workers: 4
[4402.270s][debug][gc,phases      ] GC(110)     Dead                           Min: 0, Avg:  0.0, Max: 0, Diff: 0, Sum: 0, Workers: 4
[4402.270s][debug][gc,phases      ] GC(110)     Total                          Min: 11633, Avg: 11931.8, Max: 12160, Diff: 527, Sum: 47727, Workers: 4
[4402.270s][debug][gc,phases      ] GC(110)   ResolvedMethodTable Weak       Min:  0.0, Avg:  0.0, Max:  0.0, Diff:  0.0, Sum:  0.2, Workers: 4
[4402.270s][debug][gc,phases      ] GC(110)     Dead                           Min: 0, Avg:  4.5, Max: 18, Diff: 18, Sum: 18, Workers: 4
[4402.270s][debug][gc,phases      ] GC(110)     Total                          Min: 3712, Avg: 3877.5, Max: 4033, Diff: 321, Sum: 15510, Workers: 4
[4402.270s][debug][gc,phases      ] GC(110)   JNI Weak                       Min:  0.0, Avg:  0.0, Max:  0.0, Diff:  0.0, Sum:  0.0, Workers: 4
[4402.270s][debug][gc,phases      ] GC(110)     Dead                           Min: 0, Avg:  0.0, Max: 0, Diff: 0, Sum: 0, Workers: 4
[4402.270s][debug][gc,phases      ] GC(110)     Total                          Min: 0, Avg: 13.0, Max: 52, Diff: 52, Sum: 52, Workers: 4
[4402.270s][debug][gc,phases      ] GC(110)   StringDedup Table Weak         Min:  0.0, Avg:  0.0, Max:  0.0, Diff:  0.0, Sum:  0.0, Workers: 4
[4402.270s][debug][gc,phases      ] GC(110)     Dead                           Min: 0, Avg:  0.0, Max: 0, Diff: 0, Sum: 0, Workers: 4
[4402.270s][debug][gc,phases      ] GC(110)     Total                          Min: 0, Avg:  0.0, Max: 0, Diff: 0, Sum: 0, Workers: 4
[4402.270s][debug][gc,phases      ] GC(110)   StringDedup Requests0 Weak     Min:  0.0, Avg:  0.0, Max:  0.0, Diff:  0.0, Sum:  0.0, Workers: 4
[4402.270s][debug][gc,phases      ] GC(110)     Dead                           Min: 0, Avg:  0.0, Max: 0, Diff: 0, Sum: 0, Workers: 4
[4402.270s][debug][gc,phases      ] GC(110)     Total                          Min: 0, Avg:  0.0, Max: 0, Diff: 0, Sum: 0, Workers: 4
[4402.270s][debug][gc,phases      ] GC(110)   StringDedup Requests1 Weak     Min:  0.0, Avg:  0.0, Max:  0.0, Diff:  0.0, Sum:  0.0, Workers: 4
[4402.270s][debug][gc,phases      ] GC(110)     Dead                           Min: 0, Avg:  0.0, Max: 0, Diff: 0, Sum: 0, Workers: 4
[4402.270s][debug][gc,phases      ] GC(110)     Total                          Min: 0, Avg:  0.0, Max: 0, Diff: 0, Sum: 0, Workers: 4
[4402.270s][debug][gc,phases      ] GC(110)   Weak JFR Old Object Samples    Min:  0.0, Avg:  0.0, Max:  0.0, Diff:  0.0, Sum:  0.0, Workers: 4
[4402.270s][debug][gc,phases      ] GC(110)     Dead                           Min: 0, Avg:  0.0, Max: 0, Diff: 0, Sum: 0, Workers: 4
[4402.270s][debug][gc,phases      ] GC(110)     Total                          Min: 0, Avg:  0.0, Max: 0, Diff: 0, Sum: 0, Workers: 4
[4402.270s][debug][gc,phases      ] GC(110) Weak Processing 0.358ms
[4402.270s][debug][gc,age         ] GC(110) Desired survivor size 9961472 bytes, new threshold 1 (max threshold 15)
[4402.270s][info ][gc,heap        ] GC(110) PSYoungGen: 2079936K(2087424K)->2256K(2086400K) Eden: 2076672K(2076672K)->0K(2076672K) From: 3264K(10752K)->2256K(9728K)
[4402.270s][info ][gc,heap        ] GC(110) ParOldGen: 441520K(570368K)->443312K(570368K)
[4402.270s][info ][gc,metaspace   ] GC(110) Metaspace: 110488K(111808K)->110488K(111808K) NonClass: 93983K(94720K)->93983K(94720K) Class: 16504K(17088K)->16504K(17088K)
[4402.270s][info ][gc             ] GC(110) Pause Young (Allocation Failure) 2462M->435M(2594M) 3.865ms
[4402.270s][info ][gc,cpu         ] GC(110) User=0.01s Sys=0.00s Real=0.01s
[4402.270s][info ][safepoint      ] Safepoint "ParallelGCFailedAllocation", Time since last: 6786231096 ns, Reaching safepoint: 76600 ns, Cleanup: 10800 ns, At safepoint: 3928734 ns, Total: 4016134 ns
[4403.270s][info ][safepoint      ] Safepoint "Cleanup", Time since last: 1000143954 ns, Reaching safepoint: 91601 ns, Cleanup: 9900 ns, At safepoint: 6700 ns, Total: 108201 ns
[4411.271s][info ][safepoint      ] Safepoint "Cleanup", Time since last: 8000632077 ns, Reaching safepoint: 5100 ns, Cleanup: 14300 ns, At safepoint: 1700 ns, Total: 21100 ns
[4435.272s][info ][safepoint      ] Safepoint "Cleanup", Time since last: 24001697118 ns, Reaching safepoint: 4900 ns, Cleanup: 14800 ns, At safepoint: 1700 ns, Total: 21400 ns
[4437.273s][info ][safepoint      ] Safepoint "Cleanup", Time since last: 2000165671 ns, Reaching safepoint: 4900 ns, Cleanup: 8800 ns, At safepoint: 1500 ns, Total: 15200 ns
[4442.496s][info ][safepoint      ] Safepoint "Cleanup", Time since last: 5223058842 ns, Reaching safepoint: 5300 ns, Cleanup: 7100 ns, At safepoint: 1700 ns, Total: 14100 ns
[4443.496s][info ][safepoint      ] Safepoint "Cleanup", Time since last: 1000104648 ns, Reaching safepoint: 5700 ns, Cleanup: 8500 ns, At safepoint: 2200 ns, Total: 16400 ns
[4448.284s][info ][gc,start       ] GC(111) Pause Young (Allocation Failure)
[4448.288s][debug][gc,phases      ] GC(111) Scavenge 3.246ms
[4448.288s][debug][gc,ref         ] GC(111) ReferenceProcessor::execute queues: 1, RefProcThreadModel::Single, marks_oops_alive: false
[4448.288s][debug][gc,ref         ] GC(111) Skipped KeepAliveFinalRefsPhase of Reference Processing: no references
[4448.288s][debug][gc,ref         ] GC(111) Skipped PhantomRefsPhase of Reference Processing: no references
[4448.288s][debug][gc,phases      ] GC(111) Reference Processing 0.095ms
[4448.288s][debug][gc,phases      ] GC(111)   VM Weak                        Min:  0.0, Avg:  0.0, Max:  0.0, Diff:  0.0, Sum:  0.0, Workers: 4
[4448.288s][debug][gc,phases      ] GC(111)     Dead                           Min: 0, Avg:  0.0, Max: 0, Diff: 0, Sum: 0, Workers: 4
[4448.288s][debug][gc,phases      ] GC(111)     Total                          Min: 0, Avg: 244.0, Max: 704, Diff: 704, Sum: 976, Workers: 4
[4448.288s][debug][gc,phases      ] GC(111)   ObjectSynchronizer Weak        Min:  0.0, Avg:  0.0, Max:  0.0, Diff:  0.0, Sum:  0.0, Workers: 4
[4448.288s][debug][gc,phases      ] GC(111)     Dead                           Min: 0, Avg:  0.0, Max: 0, Diff: 0, Sum: 0, Workers: 4
[4448.288s][debug][gc,phases      ] GC(111)     Total                          Min: 0, Avg:  1.0, Max: 4, Diff: 4, Sum: 4, Workers: 4
[4448.288s][debug][gc,phases      ] GC(111)   JVMTI Tag Weak OopStorage      Min:  0.0, Avg:  0.0, Max:  0.0, Diff:  0.0, Sum:  0.0, Workers: 4
[4448.288s][debug][gc,phases      ] GC(111)     Dead                           Min: 0, Avg:  0.0, Max: 0, Diff: 0, Sum: 0, Workers: 4
[4448.288s][debug][gc,phases      ] GC(111)     Total                          Min: 0, Avg:  0.0, Max: 0, Diff: 0, Sum: 0, Workers: 4
[4448.288s][debug][gc,phases      ] GC(111)   StringTable Weak               Min:  0.0, Avg:  0.1, Max:  0.1, Diff:  0.1, Sum:  0.4, Workers: 4
[4448.288s][debug][gc,phases      ] GC(111)     Dead                           Min: 0, Avg:  0.0, Max: 0, Diff: 0, Sum: 0, Workers: 4
[4448.288s][debug][gc,phases      ] GC(111)     Total                          Min: 0, Avg: 11932.0, Max: 20286, Diff: 20286, Sum: 47728, Workers: 4
[4448.288s][debug][gc,phases      ] GC(111)   ResolvedMethodTable Weak       Min:  0.0, Avg:  0.0, Max:  0.0, Diff:  0.0, Sum:  0.1, Workers: 4
[4448.288s][debug][gc,phases      ] GC(111)     Dead                           Min: 0, Avg:  4.0, Max: 16, Diff: 16, Sum: 16, Workers: 4
[4448.288s][debug][gc,phases      ] GC(111)     Total                          Min: 0, Avg: 3877.5, Max: 6839, Diff: 6839, Sum: 15510, Workers: 4
[4448.288s][debug][gc,phases      ] GC(111)   JNI Weak                       Min:  0.0, Avg:  0.0, Max:  0.0, Diff:  0.0, Sum:  0.0, Workers: 4
[4448.288s][debug][gc,phases      ] GC(111)     Dead                           Min: 0, Avg:  0.0, Max: 0, Diff: 0, Sum: 0, Workers: 4
[4448.288s][debug][gc,phases      ] GC(111)     Total                          Min: 0, Avg: 13.0, Max: 52, Diff: 52, Sum: 52, Workers: 4
[4448.288s][debug][gc,phases      ] GC(111)   StringDedup Table Weak         Min:  0.0, Avg:  0.0, Max:  0.0, Diff:  0.0, Sum:  0.0, Workers: 4
[4448.288s][debug][gc,phases      ] GC(111)     Dead                           Min: 0, Avg:  0.0, Max: 0, Diff: 0, Sum: 0, Workers: 4
[4448.288s][debug][gc,phases      ] GC(111)     Total                          Min: 0, Avg:  0.0, Max: 0, Diff: 0, Sum: 0, Workers: 4
[4448.288s][debug][gc,phases      ] GC(111)   StringDedup Requests0 Weak     Min:  0.0, Avg:  0.0, Max:  0.0, Diff:  0.0, Sum:  0.0, Workers: 4
[4448.288s][debug][gc,phases      ] GC(111)     Dead                           Min: 0, Avg:  0.0, Max: 0, Diff: 0, Sum: 0, Workers: 4
[4448.288s][debug][gc,phases      ] GC(111)     Total                          Min: 0, Avg:  0.0, Max: 0, Diff: 0, Sum: 0, Workers: 4
[4448.288s][debug][gc,phases      ] GC(111)   StringDedup Requests1 Weak     Min:  0.0, Avg:  0.0, Max:  0.0, Diff:  0.0, Sum:  0.0, Workers: 4
[4448.288s][debug][gc,phases      ] GC(111)     Dead                           Min: 0, Avg:  0.0, Max: 0, Diff: 0, Sum: 0, Workers: 4
[4448.288s][debug][gc,phases      ] GC(111)     Total                          Min: 0, Avg:  0.0, Max: 0, Diff: 0, Sum: 0, Workers: 4
[4448.288s][debug][gc,phases      ] GC(111)   Weak JFR Old Object Samples    Min:  0.0, Avg:  0.0, Max:  0.0, Diff:  0.0, Sum:  0.0, Workers: 4
[4448.288s][debug][gc,phases      ] GC(111)     Dead                           Min: 0, Avg:  0.0, Max: 0, Diff: 0, Sum: 0, Workers: 4
[4448.288s][debug][gc,phases      ] GC(111)     Total                          Min: 0, Avg:  0.0, Max: 0, Diff: 0, Sum: 0, Workers: 4
[4448.288s][debug][gc,phases      ] GC(111) Weak Processing 0.363ms
[4448.288s][debug][gc,age         ] GC(111) Desired survivor size 8912896 bytes, new threshold 1 (max threshold 15)
[4448.288s][info ][gc,heap        ] GC(111) PSYoungGen: 2078928K(2086400K)->3120K(2088448K) Eden: 2076672K(2076672K)->0K(2078720K) From: 2256K(9728K)->3120K(9728K)
[4448.288s][info ][gc,heap        ] GC(111) ParOldGen: 443312K(570368K)->443841K(570368K)
[4448.288s][info ][gc,metaspace   ] GC(111) Metaspace: 110500K(111808K)->110500K(111808K) NonClass: 93995K(94720K)->93995K(94720K) Class: 16505K(17088K)->16505K(17088K)
[4448.288s][info ][gc             ] GC(111) Pause Young (Allocation Failure) 2463M->436M(2596M) 3.801ms
[4448.288s][info ][gc,cpu         ] GC(111) User=0.02s Sys=0.00s Real=0.00s
[4448.288s][info ][safepoint      ] Safepoint "ParallelGCFailedAllocation", Time since last: 4788554917 ns, Reaching safepoint: 6900 ns, Cleanup: 4500 ns, At safepoint: 3868133 ns, Total: 3879533 ns
[4450.288s][info ][safepoint      ] Safepoint "Cleanup", Time since last: 2000160030 ns, Reaching safepoint: 5400 ns, Cleanup: 11200 ns, At safepoint: 2100 ns, Total: 18700 ns
[4460.289s][info ][safepoint      ] Safepoint "Cleanup", Time since last: 10000718107 ns, Reaching safepoint: 5800 ns, Cleanup: 6100 ns, At safepoint: 1600 ns, Total: 13500 ns
[4467.290s][info ][safepoint      ] Safepoint "Cleanup", Time since last: 7000510075 ns, Reaching safepoint: 5500 ns, Cleanup: 8200 ns, At safepoint: 2000 ns, Total: 15700 ns
[4469.290s][info ][safepoint      ] Safepoint "Cleanup", Time since last: 2000179771 ns, Reaching safepoint: 5000 ns, Cleanup: 7800 ns, At safepoint: 2500 ns, Total: 15300 ns
[4488.291s][info ][safepoint      ] Safepoint "Cleanup", Time since last: 19001412428 ns, Reaching safepoint: 5200 ns, Cleanup: 8601 ns, At safepoint: 2300 ns, Total: 16101 ns
[4489.291s][info ][safepoint      ] Safepoint "Cleanup", Time since last: 1000104242 ns, Reaching safepoint: 5600 ns, Cleanup: 11501 ns, At safepoint: 2100 ns, Total: 19201 ns
[4494.266s][info ][gc,start       ] GC(112) Pause Young (Allocation Failure)
[4494.270s][debug][gc,phases      ] GC(112) Scavenge 3.661ms
[4494.270s][debug][gc,ref         ] GC(112) ReferenceProcessor::execute queues: 1, RefProcThreadModel::Single, marks_oops_alive: false
[4494.270s][debug][gc,ref         ] GC(112) Skipped KeepAliveFinalRefsPhase of Reference Processing: no references
[4494.270s][debug][gc,ref         ] GC(112) ReferenceProcessor::execute queues: 1, RefProcThreadModel::Single, marks_oops_alive: false
[4494.270s][debug][gc,phases      ] GC(112) Reference Processing 0.099ms
[4494.270s][debug][gc,phases      ] GC(112)   VM Weak                        Min:  0.0, Avg:  0.0, Max:  0.0, Diff:  0.0, Sum:  0.0, Workers: 4
[4494.270s][debug][gc,phases      ] GC(112)     Dead                           Min: 0, Avg:  0.0, Max: 0, Diff: 0, Sum: 0, Workers: 4
[4494.270s][debug][gc,phases      ] GC(112)     Total                          Min: 0, Avg: 244.0, Max: 720, Diff: 720, Sum: 976, Workers: 4
[4494.270s][debug][gc,phases      ] GC(112)   ObjectSynchronizer Weak        Min:  0.0, Avg:  0.0, Max:  0.0, Diff:  0.0, Sum:  0.0, Workers: 4
[4494.270s][debug][gc,phases      ] GC(112)     Dead                           Min: 0, Avg:  0.0, Max: 0, Diff: 0, Sum: 0, Workers: 4
[4494.270s][debug][gc,phases      ] GC(112)     Total                          Min: 0, Avg:  1.0, Max: 4, Diff: 4, Sum: 4, Workers: 4
[4494.270s][debug][gc,phases      ] GC(112)   JVMTI Tag Weak OopStorage      Min:  0.0, Avg:  0.0, Max:  0.0, Diff:  0.0, Sum:  0.0, Workers: 4
[4494.270s][debug][gc,phases      ] GC(112)     Dead                           Min: 0, Avg:  0.0, Max: 0, Diff: 0, Sum: 0, Workers: 4
[4494.270s][debug][gc,phases      ] GC(112)     Total                          Min: 0, Avg:  0.0, Max: 0, Diff: 0, Sum: 0, Workers: 4
[4494.270s][debug][gc,phases      ] GC(112)   StringTable Weak               Min:  0.1, Avg:  0.1, Max:  0.1, Diff:  0.0, Sum:  0.5, Workers: 4
[4494.270s][debug][gc,phases      ] GC(112)     Dead                           Min: 0, Avg:  0.2, Max: 1, Diff: 1, Sum: 1, Workers: 4
[4494.270s][debug][gc,phases      ] GC(112)     Total                          Min: 11712, Avg: 11932.5, Max: 12084, Diff: 372, Sum: 47730, Workers: 4
[4494.270s][debug][gc,phases      ] GC(112)   ResolvedMethodTable Weak       Min:  0.0, Avg:  0.0, Max:  0.0, Diff:  0.0, Sum:  0.2, Workers: 4
[4494.270s][debug][gc,phases      ] GC(112)     Dead                           Min: 0, Avg:  4.8, Max: 19, Diff: 19, Sum: 19, Workers: 4
[4494.270s][debug][gc,phases      ] GC(112)     Total                          Min: 3817, Avg: 3878.5, Max: 3997, Diff: 180, Sum: 15514, Workers: 4
[4494.270s][debug][gc,phases      ] GC(112)   JNI Weak                       Min:  0.0, Avg:  0.0, Max:  0.0, Diff:  0.0, Sum:  0.0, Workers: 4
[4494.270s][debug][gc,phases      ] GC(112)     Dead                           Min: 0, Avg:  0.0, Max: 0, Diff: 0, Sum: 0, Workers: 4
[4494.270s][debug][gc,phases      ] GC(112)     Total                          Min: 0, Avg: 13.0, Max: 52, Diff: 52, Sum: 52, Workers: 4
[4494.270s][debug][gc,phases      ] GC(112)   StringDedup Table Weak         Min:  0.0, Avg:  0.0, Max:  0.0, Diff:  0.0, Sum:  0.0, Workers: 4
[4494.270s][debug][gc,phases      ] GC(112)     Dead                           Min: 0, Avg:  0.0, Max: 0, Diff: 0, Sum: 0, Workers: 4
[4494.270s][debug][gc,phases      ] GC(112)     Total                          Min: 0, Avg:  0.0, Max: 0, Diff: 0, Sum: 0, Workers: 4
[4494.270s][debug][gc,phases      ] GC(112)   StringDedup Requests0 Weak     Min:  0.0, Avg:  0.0, Max:  0.0, Diff:  0.0, Sum:  0.0, Workers: 4
[4494.270s][debug][gc,phases      ] GC(112)     Dead                           Min: 0, Avg:  0.0, Max: 0, Diff: 0, Sum: 0, Workers: 4
[4494.270s][debug][gc,phases      ] GC(112)     Total                          Min: 0, Avg:  0.0, Max: 0, Diff: 0, Sum: 0, Workers: 4
[4494.270s][debug][gc,phases      ] GC(112)   StringDedup Requests1 Weak     Min:  0.0, Avg:  0.0, Max:  0.0, Diff:  0.0, Sum:  0.0, Workers: 4
[4494.270s][debug][gc,phases      ] GC(112)     Dead                           Min: 0, Avg:  0.0, Max: 0, Diff: 0, Sum: 0, Workers: 4
[4494.270s][debug][gc,phases      ] GC(112)     Total                          Min: 0, Avg:  0.0, Max: 0, Diff: 0, Sum: 0, Workers: 4
[4494.270s][debug][gc,phases      ] GC(112)   Weak JFR Old Object Samples    Min:  0.0, Avg:  0.0, Max:  0.0, Diff:  0.0, Sum:  0.0, Workers: 4
[4494.270s][debug][gc,phases      ] GC(112)     Dead                           Min: 0, Avg:  0.0, Max: 0, Diff: 0, Sum: 0, Workers: 4
[4494.270s][debug][gc,phases      ] GC(112)     Total                          Min: 0, Avg:  0.0, Max: 0, Diff: 0, Sum: 0, Workers: 4
[4494.270s][debug][gc,phases      ] GC(112) Weak Processing 0.359ms
[4494.270s][debug][gc,age         ] GC(112) Desired survivor size 8388608 bytes, new threshold 1 (max threshold 15)
[4494.270s][info ][gc,heap        ] GC(112) PSYoungGen: 2081840K(2088448K)->3296K(2087424K) Eden: 2078720K(2078720K)->0K(2078720K) From: 3120K(9728K)->3296K(8704K)
[4494.270s][info ][gc,heap        ] GC(112) ParOldGen: 443841K(570368K)->445125K(570368K)
[4494.270s][info ][gc,metaspace   ] GC(112) Metaspace: 110506K(111808K)->110506K(111808K) NonClass: 94000K(94720K)->94000K(94720K) Class: 16506K(17088K)->16506K(17088K)
[4494.270s][info ][gc             ] GC(112) Pause Young (Allocation Failure) 2466M->437M(2595M) 4.238ms
[4494.270s][info ][gc,cpu         ] GC(112) User=0.01s Sys=0.00s Real=0.01s
[4494.270s][info ][safepoint      ] Safepoint "ParallelGCFailedAllocation", Time since last: 4974261293 ns, Reaching safepoint: 76901 ns, Cleanup: 3900 ns, At safepoint: 4301037 ns, Total: 4381838 ns
[4505.513s][info ][safepoint      ] Safepoint "Cleanup", Time since last: 11243100318 ns, Reaching safepoint: 5500 ns, Cleanup: 8900 ns, At safepoint: 2301 ns, Total: 16701 ns
[4527.515s][info ][safepoint      ] Safepoint "Cleanup", Time since last: 22001613089 ns, Reaching safepoint: 80401 ns, Cleanup: 7900 ns, At safepoint: 7300 ns, Total: 95601 ns
[4538.868s][info ][gc,start       ] GC(113) Pause Young (Allocation Failure)
[4538.871s][debug][gc,phases      ] GC(113) Scavenge 3.271ms
[4538.871s][debug][gc,ref         ] GC(113) ReferenceProcessor::execute queues: 1, RefProcThreadModel::Single, marks_oops_alive: false
[4538.871s][debug][gc,ref         ] GC(113) Skipped KeepAliveFinalRefsPhase of Reference Processing: no references
[4538.871s][debug][gc,ref         ] GC(113) ReferenceProcessor::execute queues: 1, RefProcThreadModel::Single, marks_oops_alive: false
[4538.871s][debug][gc,phases      ] GC(113) Reference Processing 0.137ms
[4538.872s][debug][gc,phases      ] GC(113)   VM Weak                        Min:  0.0, Avg:  0.0, Max:  0.0, Diff:  0.0, Sum:  0.0, Workers: 4
[4538.872s][debug][gc,phases      ] GC(113)     Dead                           Min: 0, Avg:  0.0, Max: 0, Diff: 0, Sum: 0, Workers: 4
[4538.872s][debug][gc,phases      ] GC(113)     Total                          Min: 16, Avg: 244.0, Max: 576, Diff: 560, Sum: 976, Workers: 4
[4538.872s][debug][gc,phases      ] GC(113)   ObjectSynchronizer Weak        Min:  0.0, Avg:  0.0, Max:  0.0, Diff:  0.0, Sum:  0.0, Workers: 4
[4538.872s][debug][gc,phases      ] GC(113)     Dead                           Min: 0, Avg:  0.0, Max: 0, Diff: 0, Sum: 0, Workers: 4
[4538.872s][debug][gc,phases      ] GC(113)     Total                          Min: 0, Avg:  1.0, Max: 4, Diff: 4, Sum: 4, Workers: 4
[4538.872s][debug][gc,phases      ] GC(113)   JVMTI Tag Weak OopStorage      Min:  0.0, Avg:  0.0, Max:  0.0, Diff:  0.0, Sum:  0.0, Workers: 4
[4538.872s][debug][gc,phases      ] GC(113)     Dead                           Min: 0, Avg:  0.0, Max: 0, Diff: 0, Sum: 0, Workers: 4
[4538.872s][debug][gc,phases      ] GC(113)     Total                          Min: 0, Avg:  0.0, Max: 0, Diff: 0, Sum: 0, Workers: 4
[4538.872s][debug][gc,phases      ] GC(113)   StringTable Weak               Min:  0.1, Avg:  0.1, Max:  0.1, Diff:  0.0, Sum:  0.5, Workers: 4
[4538.872s][debug][gc,phases      ] GC(113)     Dead                           Min: 0, Avg:  0.0, Max: 0, Diff: 0, Sum: 0, Workers: 4
[4538.872s][debug][gc,phases      ] GC(113)     Total                          Min: 11830, Avg: 11933.0, Max: 12030, Diff: 200, Sum: 47732, Workers: 4
[4538.872s][debug][gc,phases      ] GC(113)   ResolvedMethodTable Weak       Min:  0.0, Avg:  0.0, Max:  0.0, Diff:  0.0, Sum:  0.2, Workers: 4
[4538.872s][debug][gc,phases      ] GC(113)     Dead                           Min: 0, Avg:  4.0, Max: 16, Diff: 16, Sum: 16, Workers: 4
[4538.872s][debug][gc,phases      ] GC(113)     Total                          Min: 3782, Avg: 3878.5, Max: 4053, Diff: 271, Sum: 15514, Workers: 4
[4538.872s][debug][gc,phases      ] GC(113)   JNI Weak                       Min:  0.0, Avg:  0.0, Max:  0.0, Diff:  0.0, Sum:  0.0, Workers: 4
[4538.872s][debug][gc,phases      ] GC(113)     Dead                           Min: 0, Avg:  0.0, Max: 0, Diff: 0, Sum: 0, Workers: 4
[4538.872s][debug][gc,phases      ] GC(113)     Total                          Min: 0, Avg: 13.0, Max: 52, Diff: 52, Sum: 52, Workers: 4
[4538.872s][debug][gc,phases      ] GC(113)   StringDedup Table Weak         Min:  0.0, Avg:  0.0, Max:  0.0, Diff:  0.0, Sum:  0.0, Workers: 4
[4538.872s][debug][gc,phases      ] GC(113)     Dead                           Min: 0, Avg:  0.0, Max: 0, Diff: 0, Sum: 0, Workers: 4
[4538.872s][debug][gc,phases      ] GC(113)     Total                          Min: 0, Avg:  0.0, Max: 0, Diff: 0, Sum: 0, Workers: 4
[4538.872s][debug][gc,phases      ] GC(113)   StringDedup Requests0 Weak     Min:  0.0, Avg:  0.0, Max:  0.0, Diff:  0.0, Sum:  0.0, Workers: 4
[4538.872s][debug][gc,phases      ] GC(113)     Dead                           Min: 0, Avg:  0.0, Max: 0, Diff: 0, Sum: 0, Workers: 4
[4538.872s][debug][gc,phases      ] GC(113)     Total                          Min: 0, Avg:  0.0, Max: 0, Diff: 0, Sum: 0, Workers: 4
[4538.872s][debug][gc,phases      ] GC(113)   StringDedup Requests1 Weak     Min:  0.0, Avg:  0.0, Max:  0.0, Diff:  0.0, Sum:  0.0, Workers: 4
[4538.872s][debug][gc,phases      ] GC(113)     Dead                           Min: 0, Avg:  0.0, Max: 0, Diff: 0, Sum: 0, Workers: 4
[4538.872s][debug][gc,phases      ] GC(113)     Total                          Min: 0, Avg:  0.0, Max: 0, Diff: 0, Sum: 0, Workers: 4
[4538.872s][debug][gc,phases      ] GC(113)   Weak JFR Old Object Samples    Min:  0.0, Avg:  0.0, Max:  0.0, Diff:  0.0, Sum:  0.0, Workers: 4
[4538.872s][debug][gc,phases      ] GC(113)     Dead                           Min: 0, Avg:  0.0, Max: 0, Diff: 0, Sum: 0, Workers: 4
[4538.872s][debug][gc,phases      ] GC(113)     Total                          Min: 0, Avg:  0.0, Max: 0, Diff: 0, Sum: 0, Workers: 4
[4538.872s][debug][gc,phases      ] GC(113) Weak Processing 0.363ms
[4538.872s][debug][gc,age         ] GC(113) Desired survivor size 8388608 bytes, new threshold 1 (max threshold 15)
[4538.872s][info ][gc,heap        ] GC(113) PSYoungGen: 2082016K(2087424K)->2800K(2088960K) Eden: 2078720K(2078720K)->0K(2080768K) From: 3296K(8704K)->2800K(8192K)
[4538.872s][info ][gc,heap        ] GC(113) ParOldGen: 445125K(570368K)->446137K(570368K)
[4538.872s][info ][gc,metaspace   ] GC(113) Metaspace: 110510K(111808K)->110510K(111808K) NonClass: 94003K(94720K)->94003K(94720K) Class: 16506K(17088K)->16506K(17088K)
[4538.872s][info ][gc             ] GC(113) Pause Young (Allocation Failure) 2467M->438M(2597M) 3.884ms
[4538.872s][info ][gc,cpu         ] GC(113) User=0.01s Sys=0.01s Real=0.01s
[4538.872s][info ][safepoint      ] Safepoint "ParallelGCFailedAllocation", Time since last: 11352938927 ns, Reaching safepoint: 6900 ns, Cleanup: 4700 ns, At safepoint: 3955134 ns, Total: 3966734 ns
[4561.530s][info ][safepoint      ] Safepoint "Cleanup", Time since last: 22658547479 ns, Reaching safepoint: 4300 ns, Cleanup: 9200 ns, At safepoint: 4701 ns, Total: 18201 ns
[4572.531s][info ][safepoint      ] Safepoint "Cleanup", Time since last: 11000844109 ns, Reaching safepoint: 6500 ns, Cleanup: 9300 ns, At safepoint: 2400 ns, Total: 18200 ns
[4575.532s][info ][safepoint      ] Safepoint "Cleanup", Time since last: 3000243060 ns, Reaching safepoint: 5100 ns, Cleanup: 10000 ns, At safepoint: 1600 ns, Total: 16700 ns
[4576.532s][info ][safepoint      ] Safepoint "Cleanup", Time since last: 1000099355 ns, Reaching safepoint: 5600 ns, Cleanup: 7300 ns, At safepoint: 2000 ns, Total: 14900 ns
[4585.216s][info ][gc,start       ] GC(114) Pause Young (Allocation Failure)
[4585.221s][debug][gc,phases      ] GC(114) Scavenge 4.495ms
[4585.221s][debug][gc,ref         ] GC(114) ReferenceProcessor::execute queues: 1, RefProcThreadModel::Single, marks_oops_alive: false
[4585.221s][debug][gc,ref         ] GC(114) Skipped KeepAliveFinalRefsPhase of Reference Processing: no references
[4585.221s][debug][gc,ref         ] GC(114) ReferenceProcessor::execute queues: 1, RefProcThreadModel::Single, marks_oops_alive: false
[4585.221s][debug][gc,phases      ] GC(114) Reference Processing 0.096ms
[4585.221s][debug][gc,phases      ] GC(114)   VM Weak                        Min:  0.0, Avg:  0.0, Max:  0.0, Diff:  0.0, Sum:  0.0, Workers: 4
[4585.221s][debug][gc,phases      ] GC(114)     Dead                           Min: 0, Avg:  0.0, Max: 0, Diff: 0, Sum: 0, Workers: 4
[4585.221s][debug][gc,phases      ] GC(114)     Total                          Min: 0, Avg: 244.0, Max: 512, Diff: 512, Sum: 976, Workers: 4
[4585.221s][debug][gc,phases      ] GC(114)   ObjectSynchronizer Weak        Min:  0.0, Avg:  0.0, Max:  0.0, Diff:  0.0, Sum:  0.0, Workers: 4
[4585.221s][debug][gc,phases      ] GC(114)     Dead                           Min: 0, Avg:  0.0, Max: 0, Diff: 0, Sum: 0, Workers: 4
[4585.221s][debug][gc,phases      ] GC(114)     Total                          Min: 0, Avg:  1.0, Max: 4, Diff: 4, Sum: 4, Workers: 4
[4585.221s][debug][gc,phases      ] GC(114)   JVMTI Tag Weak OopStorage      Min:  0.0, Avg:  0.0, Max:  0.0, Diff:  0.0, Sum:  0.0, Workers: 4
[4585.221s][debug][gc,phases      ] GC(114)     Dead                           Min: 0, Avg:  0.0, Max: 0, Diff: 0, Sum: 0, Workers: 4
[4585.221s][debug][gc,phases      ] GC(114)     Total                          Min: 0, Avg:  0.0, Max: 0, Diff: 0, Sum: 0, Workers: 4
[4585.221s][debug][gc,phases      ] GC(114)   StringTable Weak               Min:  0.1, Avg:  0.1, Max:  0.1, Diff:  0.0, Sum:  0.5, Workers: 4
[4585.221s][debug][gc,phases      ] GC(114)     Dead                           Min: 0, Avg:  0.0, Max: 0, Diff: 0, Sum: 0, Workers: 4
[4585.221s][debug][gc,phases      ] GC(114)     Total                          Min: 11705, Avg: 11933.8, Max: 12032, Diff: 327, Sum: 47735, Workers: 4
[4585.221s][debug][gc,phases      ] GC(114)   ResolvedMethodTable Weak       Min:  0.0, Avg:  0.0, Max:  0.0, Diff:  0.0, Sum:  0.2, Workers: 4
[4585.221s][debug][gc,phases      ] GC(114)     Dead                           Min: 0, Avg:  4.0, Max: 16, Diff: 16, Sum: 16, Workers: 4
[4585.221s][debug][gc,phases      ] GC(114)     Total                          Min: 3788, Avg: 3878.5, Max: 3982, Diff: 194, Sum: 15514, Workers: 4
[4585.221s][debug][gc,phases      ] GC(114)   JNI Weak                       Min:  0.0, Avg:  0.0, Max:  0.0, Diff:  0.0, Sum:  0.0, Workers: 4
[4585.221s][debug][gc,phases      ] GC(114)     Dead                           Min: 0, Avg:  0.0, Max: 0, Diff: 0, Sum: 0, Workers: 4
[4585.221s][debug][gc,phases      ] GC(114)     Total                          Min: 0, Avg: 13.0, Max: 52, Diff: 52, Sum: 52, Workers: 4
[4585.221s][debug][gc,phases      ] GC(114)   StringDedup Table Weak         Min:  0.0, Avg:  0.0, Max:  0.0, Diff:  0.0, Sum:  0.0, Workers: 4
[4585.221s][debug][gc,phases      ] GC(114)     Dead                           Min: 0, Avg:  0.0, Max: 0, Diff: 0, Sum: 0, Workers: 4
[4585.221s][debug][gc,phases      ] GC(114)     Total                          Min: 0, Avg:  0.0, Max: 0, Diff: 0, Sum: 0, Workers: 4
[4585.221s][debug][gc,phases      ] GC(114)   StringDedup Requests0 Weak     Min:  0.0, Avg:  0.0, Max:  0.0, Diff:  0.0, Sum:  0.0, Workers: 4
[4585.221s][debug][gc,phases      ] GC(114)     Dead                           Min: 0, Avg:  0.0, Max: 0, Diff: 0, Sum: 0, Workers: 4
[4585.221s][debug][gc,phases      ] GC(114)     Total                          Min: 0, Avg:  0.0, Max: 0, Diff: 0, Sum: 0, Workers: 4
[4585.221s][debug][gc,phases      ] GC(114)   StringDedup Requests1 Weak     Min:  0.0, Avg:  0.0, Max:  0.0, Diff:  0.0, Sum:  0.0, Workers: 4
[4585.221s][debug][gc,phases      ] GC(114)     Dead                           Min: 0, Avg:  0.0, Max: 0, Diff: 0, Sum: 0, Workers: 4
[4585.221s][debug][gc,phases      ] GC(114)     Total                          Min: 0, Avg:  0.0, Max: 0, Diff: 0, Sum: 0, Workers: 4
[4585.221s][debug][gc,phases      ] GC(114)   Weak JFR Old Object Samples    Min:  0.0, Avg:  0.0, Max:  0.0, Diff:  0.0, Sum:  0.0, Workers: 4
[4585.221s][debug][gc,phases      ] GC(114)     Dead                           Min: 0, Avg:  0.0, Max: 0, Diff: 0, Sum: 0, Workers: 4
[4585.221s][debug][gc,phases      ] GC(114)     Total                          Min: 0, Avg:  0.0, Max: 0, Diff: 0, Sum: 0, Workers: 4
[4585.221s][debug][gc,phases      ] GC(114) Weak Processing 0.387ms
[4585.221s][debug][gc,age         ] GC(114) Desired survivor size 7864320 bytes, new threshold 1 (max threshold 15)
[4585.221s][info ][gc,heap        ] GC(114) PSYoungGen: 2083568K(2088960K)->3472K(2088960K) Eden: 2080768K(2080768K)->0K(2080768K) From: 2800K(8192K)->3472K(8192K)
[4585.221s][info ][gc,heap        ] GC(114) ParOldGen: 446137K(570368K)->447049K(570368K)
[4585.221s][info ][gc,metaspace   ] GC(114) Metaspace: 110515K(111808K)->110515K(111808K) NonClass: 94009K(94720K)->94009K(94720K) Class: 16506K(17088K)->16506K(17088K)
[4585.221s][info ][gc             ] GC(114) Pause Young (Allocation Failure) 2470M->439M(2597M) 5.080ms
[4585.221s][info ][gc,cpu         ] GC(114) User=0.02s Sys=0.00s Real=0.01s
[4585.221s][info ][safepoint      ] Safepoint "ParallelGCFailedAllocation", Time since last: 8684182879 ns, Reaching safepoint: 82801 ns, Cleanup: 4300 ns, At safepoint: 5145844 ns, Total: 5232945 ns
[4591.222s][info ][safepoint      ] Safepoint "Cleanup", Time since last: 6000438432 ns, Reaching safepoint: 5800 ns, Cleanup: 14400 ns, At safepoint: 2300 ns, Total: 22500 ns
[4593.222s][info ][safepoint      ] Safepoint "Cleanup", Time since last: 2000178640 ns, Reaching safepoint: 5800 ns, Cleanup: 11200 ns, At safepoint: 1900 ns, Total: 18900 ns
[4594.222s][info ][safepoint      ] Safepoint "Cleanup", Time since last: 1000097021 ns, Reaching safepoint: 5200 ns, Cleanup: 13400 ns, At safepoint: 1900 ns, Total: 20500 ns
[4599.222s][info ][safepoint      ] Safepoint "Cleanup", Time since last: 5000389968 ns, Reaching safepoint: 79802 ns, Cleanup: 9700 ns, At safepoint: 7000 ns, Total: 96502 ns
[4601.223s][info ][safepoint      ] Safepoint "Cleanup", Time since last: 2000178681 ns, Reaching safepoint: 5800 ns, Cleanup: 8400 ns, At safepoint: 1900 ns, Total: 16100 ns
[4603.223s][info ][safepoint      ] Safepoint "Cleanup", Time since last: 2000174106 ns, Reaching safepoint: 5600 ns, Cleanup: 9801 ns, At safepoint: 2100 ns, Total: 17501 ns
[4607.223s][info ][safepoint      ] Safepoint "Cleanup", Time since last: 4000310134 ns, Reaching safepoint: 5800 ns, Cleanup: 9100 ns, At safepoint: 2400 ns, Total: 17300 ns
[4630.744s][info ][gc,start       ] GC(115) Pause Young (Allocation Failure)
[4630.748s][debug][gc,phases      ] GC(115) Scavenge 3.570ms
[4630.748s][debug][gc,ref         ] GC(115) ReferenceProcessor::execute queues: 1, RefProcThreadModel::Single, marks_oops_alive: false
[4630.748s][debug][gc,ref         ] GC(115) Skipped KeepAliveFinalRefsPhase of Reference Processing: no references
[4630.748s][debug][gc,ref         ] GC(115) ReferenceProcessor::execute queues: 1, RefProcThreadModel::Single, marks_oops_alive: false
[4630.748s][debug][gc,phases      ] GC(115) Reference Processing 0.107ms
[4630.748s][debug][gc,phases      ] GC(115)   VM Weak                        Min:  0.0, Avg:  0.0, Max:  0.0, Diff:  0.0, Sum:  0.0, Workers: 4
[4630.748s][debug][gc,phases      ] GC(115)     Dead                           Min: 0, Avg:  0.0, Max: 0, Diff: 0, Sum: 0, Workers: 4
[4630.748s][debug][gc,phases      ] GC(115)     Total                          Min: 0, Avg: 244.0, Max: 768, Diff: 768, Sum: 976, Workers: 4
[4630.748s][debug][gc,phases      ] GC(115)   ObjectSynchronizer Weak        Min:  0.0, Avg:  0.0, Max:  0.0, Diff:  0.0, Sum:  0.0, Workers: 4
[4630.748s][debug][gc,phases      ] GC(115)     Dead                           Min: 0, Avg:  0.0, Max: 0, Diff: 0, Sum: 0, Workers: 4
[4630.748s][debug][gc,phases      ] GC(115)     Total                          Min: 0, Avg:  1.0, Max: 4, Diff: 4, Sum: 4, Workers: 4
[4630.748s][debug][gc,phases      ] GC(115)   JVMTI Tag Weak OopStorage      Min:  0.0, Avg:  0.0, Max:  0.0, Diff:  0.0, Sum:  0.0, Workers: 4
[4630.748s][debug][gc,phases      ] GC(115)     Dead                           Min: 0, Avg:  0.0, Max: 0, Diff: 0, Sum: 0, Workers: 4
[4630.748s][debug][gc,phases      ] GC(115)     Total                          Min: 0, Avg:  0.0, Max: 0, Diff: 0, Sum: 0, Workers: 4
[4630.748s][debug][gc,phases      ] GC(115)   StringTable Weak               Min:  0.0, Avg:  0.1, Max:  0.1, Diff:  0.1, Sum:  0.4, Workers: 4
[4630.748s][debug][gc,phases      ] GC(115)     Dead                           Min: 0, Avg:  0.2, Max: 1, Diff: 1, Sum: 1, Workers: 4
[4630.748s][debug][gc,phases      ] GC(115)     Total                          Min: 0, Avg: 11934.5, Max: 20666, Diff: 20666, Sum: 47738, Workers: 4
[4630.748s][debug][gc,phases      ] GC(115)   ResolvedMethodTable Weak       Min:  0.0, Avg:  0.0, Max:  0.0, Diff:  0.0, Sum:  0.1, Workers: 4
[4630.748s][debug][gc,phases      ] GC(115)     Dead                           Min: 0, Avg:  4.0, Max: 16, Diff: 16, Sum: 16, Workers: 4
[4630.748s][debug][gc,phases      ] GC(115)     Total                          Min: 0, Avg: 3879.0, Max: 6659, Diff: 6659, Sum: 15516, Workers: 4
[4630.748s][debug][gc,phases      ] GC(115)   JNI Weak                       Min:  0.0, Avg:  0.0, Max:  0.0, Diff:  0.0, Sum:  0.0, Workers: 4
[4630.748s][debug][gc,phases      ] GC(115)     Dead                           Min: 0, Avg:  0.0, Max: 0, Diff: 0, Sum: 0, Workers: 4
[4630.748s][debug][gc,phases      ] GC(115)     Total                          Min: 0, Avg: 13.0, Max: 52, Diff: 52, Sum: 52, Workers: 4
[4630.748s][debug][gc,phases      ] GC(115)   StringDedup Table Weak         Min:  0.0, Avg:  0.0, Max:  0.0, Diff:  0.0, Sum:  0.0, Workers: 4
[4630.748s][debug][gc,phases      ] GC(115)     Dead                           Min: 0, Avg:  0.0, Max: 0, Diff: 0, Sum: 0, Workers: 4
[4630.748s][debug][gc,phases      ] GC(115)     Total                          Min: 0, Avg:  0.0, Max: 0, Diff: 0, Sum: 0, Workers: 4
[4630.748s][debug][gc,phases      ] GC(115)   StringDedup Requests0 Weak     Min:  0.0, Avg:  0.0, Max:  0.0, Diff:  0.0, Sum:  0.0, Workers: 4
[4630.748s][debug][gc,phases      ] GC(115)     Dead                           Min: 0, Avg:  0.0, Max: 0, Diff: 0, Sum: 0, Workers: 4
[4630.748s][debug][gc,phases      ] GC(115)     Total                          Min: 0, Avg:  0.0, Max: 0, Diff: 0, Sum: 0, Workers: 4
[4630.748s][debug][gc,phases      ] GC(115)   StringDedup Requests1 Weak     Min:  0.0, Avg:  0.0, Max:  0.0, Diff:  0.0, Sum:  0.0, Workers: 4
[4630.748s][debug][gc,phases      ] GC(115)     Dead                           Min: 0, Avg:  0.0, Max: 0, Diff: 0, Sum: 0, Workers: 4
[4630.748s][debug][gc,phases      ] GC(115)     Total                          Min: 0, Avg:  0.0, Max: 0, Diff: 0, Sum: 0, Workers: 4
[4630.748s][debug][gc,phases      ] GC(115)   Weak JFR Old Object Samples    Min:  0.0, Avg:  0.0, Max:  0.0, Diff:  0.0, Sum:  0.0, Workers: 4
[4630.748s][debug][gc,phases      ] GC(115)     Dead                           Min: 0, Avg:  0.0, Max: 0, Diff: 0, Sum: 0, Workers: 4
[4630.748s][debug][gc,phases      ] GC(115)     Total                          Min: 0, Avg:  0.0, Max: 0, Diff: 0, Sum: 0, Workers: 4
[4630.748s][debug][gc,phases      ] GC(115) Weak Processing 0.346ms
[4630.748s][debug][gc,age         ] GC(115) Desired survivor size 7340032 bytes, new threshold 1 (max threshold 15)
[4630.748s][info ][gc,heap        ] GC(115) PSYoungGen: 2084240K(2088960K)->2928K(2089984K) Eden: 2080768K(2080768K)->0K(2082304K) From: 3472K(8192K)->2928K(7680K)
[4630.748s][info ][gc,heap        ] GC(115) ParOldGen: 447049K(570368K)->448689K(570368K)
[4630.748s][info ][gc,metaspace   ] GC(115) Metaspace: 110530K(111808K)->110530K(111808K) NonClass: 94023K(94720K)->94023K(94720K) Class: 16506K(17088K)->16506K(17088K)
[4630.748s][info ][gc             ] GC(115) Pause Young (Allocation Failure) 2471M->441M(2598M) 4.121ms
[4630.748s][info ][gc,cpu         ] GC(115) User=0.01s Sys=0.00s Real=0.00s
[4630.748s][info ][safepoint      ] Safepoint "ParallelGCFailedAllocation", Time since last: 23521222624 ns, Reaching safepoint: 4500 ns, Cleanup: 3000 ns, At safepoint: 4177034 ns, Total: 4184534 ns
[4634.749s][info ][safepoint      ] Safepoint "Cleanup", Time since last: 4000323918 ns, Reaching safepoint: 5500 ns, Cleanup: 12700 ns, At safepoint: 2000 ns, Total: 20200 ns
[4642.749s][info ][safepoint      ] Safepoint "Cleanup", Time since last: 8000580432 ns, Reaching safepoint: 5300 ns, Cleanup: 7600 ns, At safepoint: 2100 ns, Total: 15000 ns
[4644.750s][info ][safepoint      ] Safepoint "Cleanup", Time since last: 2000194401 ns, Reaching safepoint: 6100 ns, Cleanup: 13200 ns, At safepoint: 2200 ns, Total: 21500 ns
[4647.750s][info ][safepoint      ] Safepoint "Cleanup", Time since last: 3000280269 ns, Reaching safepoint: 6200 ns, Cleanup: 9400 ns, At safepoint: 2400 ns, Total: 18000 ns
[4655.751s][info ][safepoint      ] Safepoint "Cleanup", Time since last: 8000633836 ns, Reaching safepoint: 5300 ns, Cleanup: 9900 ns, At safepoint: 2000 ns, Total: 17200 ns
[4667.751s][info ][safepoint      ] Safepoint "Cleanup", Time since last: 12000909502 ns, Reaching safepoint: 5200 ns, Cleanup: 13200 ns, At safepoint: 2000 ns, Total: 20400 ns
[4675.715s][info ][gc,start       ] GC(116) Pause Young (Allocation Failure)
[4675.719s][debug][gc,phases      ] GC(116) Scavenge 3.026ms
[4675.719s][debug][gc,ref         ] GC(116) ReferenceProcessor::execute queues: 1, RefProcThreadModel::Single, marks_oops_alive: false
[4675.719s][debug][gc,ref         ] GC(116) Skipped KeepAliveFinalRefsPhase of Reference Processing: no references
[4675.719s][debug][gc,ref         ] GC(116) ReferenceProcessor::execute queues: 1, RefProcThreadModel::Single, marks_oops_alive: false
[4675.719s][debug][gc,phases      ] GC(116) Reference Processing 0.098ms
[4675.719s][debug][gc,phases      ] GC(116)   VM Weak                        Min:  0.0, Avg:  0.0, Max:  0.0, Diff:  0.0, Sum:  0.0, Workers: 4
[4675.719s][debug][gc,phases      ] GC(116)     Dead                           Min: 0, Avg:  0.0, Max: 0, Diff: 0, Sum: 0, Workers: 4
[4675.719s][debug][gc,phases      ] GC(116)     Total                          Min: 0, Avg: 244.0, Max: 784, Diff: 784, Sum: 976, Workers: 4
[4675.719s][debug][gc,phases      ] GC(116)   ObjectSynchronizer Weak        Min:  0.0, Avg:  0.0, Max:  0.0, Diff:  0.0, Sum:  0.0, Workers: 4
[4675.719s][debug][gc,phases      ] GC(116)     Dead                           Min: 0, Avg:  0.0, Max: 0, Diff: 0, Sum: 0, Workers: 4
[4675.719s][debug][gc,phases      ] GC(116)     Total                          Min: 0, Avg:  1.0, Max: 4, Diff: 4, Sum: 4, Workers: 4
[4675.719s][debug][gc,phases      ] GC(116)   JVMTI Tag Weak OopStorage      Min:  0.0, Avg:  0.0, Max:  0.0, Diff:  0.0, Sum:  0.0, Workers: 4
[4675.719s][debug][gc,phases      ] GC(116)     Dead                           Min: 0, Avg:  0.0, Max: 0, Diff: 0, Sum: 0, Workers: 4
[4675.719s][debug][gc,phases      ] GC(116)     Total                          Min: 0, Avg:  0.0, Max: 0, Diff: 0, Sum: 0, Workers: 4
[4675.719s][debug][gc,phases      ] GC(116)   StringTable Weak               Min:  0.0, Avg:  0.1, Max:  0.1, Diff:  0.1, Sum:  0.4, Workers: 4
[4675.719s][debug][gc,phases      ] GC(116)     Dead                           Min: 0, Avg:  0.0, Max: 0, Diff: 0, Sum: 0, Workers: 4
[4675.719s][debug][gc,phases      ] GC(116)     Total                          Min: 0, Avg: 11935.8, Max: 20288, Diff: 20288, Sum: 47743, Workers: 4
[4675.719s][debug][gc,phases      ] GC(116)   ResolvedMethodTable Weak       Min:  0.0, Avg:  0.0, Max:  0.0, Diff:  0.0, Sum:  0.1, Workers: 4
[4675.719s][debug][gc,phases      ] GC(116)     Dead                           Min: 0, Avg:  4.2, Max: 17, Diff: 17, Sum: 17, Workers: 4
[4675.719s][debug][gc,phases      ] GC(116)     Total                          Min: 0, Avg: 3879.5, Max: 6720, Diff: 6720, Sum: 15518, Workers: 4
[4675.719s][debug][gc,phases      ] GC(116)   JNI Weak                       Min:  0.0, Avg:  0.0, Max:  0.0, Diff:  0.0, Sum:  0.0, Workers: 4
[4675.719s][debug][gc,phases      ] GC(116)     Dead                           Min: 0, Avg:  0.0, Max: 0, Diff: 0, Sum: 0, Workers: 4
[4675.719s][debug][gc,phases      ] GC(116)     Total                          Min: 0, Avg: 13.0, Max: 52, Diff: 52, Sum: 52, Workers: 4
[4675.719s][debug][gc,phases      ] GC(116)   StringDedup Table Weak         Min:  0.0, Avg:  0.0, Max:  0.0, Diff:  0.0, Sum:  0.0, Workers: 4
[4675.719s][debug][gc,phases      ] GC(116)     Dead                           Min: 0, Avg:  0.0, Max: 0, Diff: 0, Sum: 0, Workers: 4
[4675.719s][debug][gc,phases      ] GC(116)     Total                          Min: 0, Avg:  0.0, Max: 0, Diff: 0, Sum: 0, Workers: 4
[4675.719s][debug][gc,phases      ] GC(116)   StringDedup Requests0 Weak     Min:  0.0, Avg:  0.0, Max:  0.0, Diff:  0.0, Sum:  0.0, Workers: 4
[4675.719s][debug][gc,phases      ] GC(116)     Dead                           Min: 0, Avg:  0.0, Max: 0, Diff: 0, Sum: 0, Workers: 4
[4675.719s][debug][gc,phases      ] GC(116)     Total                          Min: 0, Avg:  0.0, Max: 0, Diff: 0, Sum: 0, Workers: 4
[4675.719s][debug][gc,phases      ] GC(116)   StringDedup Requests1 Weak     Min:  0.0, Avg:  0.0, Max:  0.0, Diff:  0.0, Sum:  0.0, Workers: 4
[4675.719s][debug][gc,phases      ] GC(116)     Dead                           Min: 0, Avg:  0.0, Max: 0, Diff: 0, Sum: 0, Workers: 4
[4675.719s][debug][gc,phases      ] GC(116)     Total                          Min: 0, Avg:  0.0, Max: 0, Diff: 0, Sum: 0, Workers: 4
[4675.719s][debug][gc,phases      ] GC(116)   Weak JFR Old Object Samples    Min:  0.0, Avg:  0.0, Max:  0.0, Diff:  0.0, Sum:  0.0, Workers: 4
[4675.719s][debug][gc,phases      ] GC(116)     Dead                           Min: 0, Avg:  0.0, Max: 0, Diff: 0, Sum: 0, Workers: 4
[4675.719s][debug][gc,phases      ] GC(116)     Total                          Min: 0, Avg:  0.0, Max: 0, Diff: 0, Sum: 0, Workers: 4
[4675.719s][debug][gc,phases      ] GC(116) Weak Processing 0.377ms
[4675.719s][debug][gc,age         ] GC(116) Desired survivor size 7340032 bytes, new threshold 1 (max threshold 15)
[4675.719s][info ][gc,heap        ] GC(116) PSYoungGen: 2085232K(2089984K)->3552K(2089472K) Eden: 2082304K(2082304K)->0K(2082304K) From: 2928K(7680K)->3552K(7168K)
[4675.719s][info ][gc,heap        ] GC(116) ParOldGen: 448689K(570368K)->449466K(570368K)
[4675.719s][info ][gc,metaspace   ] GC(116) Metaspace: 110536K(111808K)->110536K(111808K) NonClass: 94029K(94720K)->94029K(94720K) Class: 16507K(17088K)->16507K(17088K)
[4675.719s][info ][gc             ] GC(116) Pause Young (Allocation Failure) 2474M->442M(2597M) 3.613ms
[4675.719s][info ][gc,cpu         ] GC(116) User=0.01s Sys=0.00s Real=0.00s
[4675.719s][info ][safepoint      ] Safepoint "ParallelGCFailedAllocation", Time since last: 7963830162 ns, Reaching safepoint: 81001 ns, Cleanup: 4500 ns, At safepoint: 3682932 ns, Total: 3768433 ns
[4676.719s][info ][safepoint      ] Safepoint "Cleanup", Time since last: 1000087343 ns, Reaching safepoint: 80100 ns, Cleanup: 8500 ns, At safepoint: 29601 ns, Total: 118201 ns
[4677.720s][info ][safepoint      ] Safepoint "Cleanup", Time since last: 1000126843 ns, Reaching safepoint: 79101 ns, Cleanup: 11700 ns, At safepoint: 6900 ns, Total: 97701 ns
[4678.720s][info ][safepoint      ] Safepoint "Cleanup", Time since last: 1000108316 ns, Reaching safepoint: 79701 ns, Cleanup: 11900 ns, At safepoint: 6600 ns, Total: 98201 ns
[4680.720s][info ][safepoint      ] Safepoint "Cleanup", Time since last: 2000205106 ns, Reaching safepoint: 81401 ns, Cleanup: 52400 ns, At safepoint: 6300 ns, Total: 140101 ns
[4682.565s][info ][safepoint      ] Safepoint "Cleanup", Time since last: 1845155917 ns, Reaching safepoint: 79801 ns, Cleanup: 26000 ns, At safepoint: 7600 ns, Total: 113401 ns
[4683.566s][info ][safepoint      ] Safepoint "Cleanup", Time since last: 1000117103 ns, Reaching safepoint: 82001 ns, Cleanup: 9200 ns, At safepoint: 6700 ns, Total: 97901 ns
[4695.567s][info ][safepoint      ] Safepoint "Cleanup", Time since last: 12000874222 ns, Reaching safepoint: 77400 ns, Cleanup: 8001 ns, At safepoint: 6000 ns, Total: 91401 ns
[4699.567s][info ][safepoint      ] Safepoint "Cleanup", Time since last: 4000337080 ns, Reaching safepoint: 80300 ns, Cleanup: 11900 ns, At safepoint: 6600 ns, Total: 98800 ns
[4700.567s][info ][safepoint      ] Safepoint "Cleanup", Time since last: 1000128596 ns, Reaching safepoint: 82400 ns, Cleanup: 9101 ns, At safepoint: 6800 ns, Total: 98301 ns
[4702.567s][info ][safepoint      ] Safepoint "Cleanup", Time since last: 2000203692 ns, Reaching safepoint: 81801 ns, Cleanup: 7000 ns, At safepoint: 6400 ns, Total: 95201 ns
[4719.966s][info ][gc,start       ] GC(117) Pause Young (Allocation Failure)
[4719.969s][debug][gc,phases      ] GC(117) Scavenge 2.841ms
[4719.969s][debug][gc,ref         ] GC(117) ReferenceProcessor::execute queues: 1, RefProcThreadModel::Single, marks_oops_alive: false
[4719.969s][debug][gc,ref         ] GC(117) Skipped KeepAliveFinalRefsPhase of Reference Processing: no references
[4719.969s][debug][gc,ref         ] GC(117) ReferenceProcessor::execute queues: 1, RefProcThreadModel::Single, marks_oops_alive: false
[4719.969s][debug][gc,phases      ] GC(117) Reference Processing 0.090ms
[4719.969s][debug][gc,phases      ] GC(117)   VM Weak                        Min:  0.0, Avg:  0.0, Max:  0.0, Diff:  0.0, Sum:  0.0, Workers: 4
[4719.969s][debug][gc,phases      ] GC(117)     Dead                           Min: 0, Avg:  0.0, Max: 0, Diff: 0, Sum: 0, Workers: 4
[4719.969s][debug][gc,phases      ] GC(117)     Total                          Min: 0, Avg: 244.0, Max: 592, Diff: 592, Sum: 976, Workers: 4
[4719.969s][debug][gc,phases      ] GC(117)   ObjectSynchronizer Weak        Min:  0.0, Avg:  0.0, Max:  0.0, Diff:  0.0, Sum:  0.0, Workers: 4
[4719.969s][debug][gc,phases      ] GC(117)     Dead                           Min: 0, Avg:  0.0, Max: 0, Diff: 0, Sum: 0, Workers: 4
[4719.969s][debug][gc,phases      ] GC(117)     Total                          Min: 0, Avg:  1.0, Max: 4, Diff: 4, Sum: 4, Workers: 4
[4719.969s][debug][gc,phases      ] GC(117)   JVMTI Tag Weak OopStorage      Min:  0.0, Avg:  0.0, Max:  0.0, Diff:  0.0, Sum:  0.0, Workers: 4
[4719.969s][debug][gc,phases      ] GC(117)     Dead                           Min: 0, Avg:  0.0, Max: 0, Diff: 0, Sum: 0, Workers: 4
[4719.969s][debug][gc,phases      ] GC(117)     Total                          Min: 0, Avg:  0.0, Max: 0, Diff: 0, Sum: 0, Workers: 4
[4719.969s][debug][gc,phases      ] GC(117)   StringTable Weak               Min:  0.0, Avg:  0.1, Max:  0.1, Diff:  0.1, Sum:  0.4, Workers: 4
[4719.969s][debug][gc,phases      ] GC(117)     Dead                           Min: 0, Avg:  0.0, Max: 0, Diff: 0, Sum: 0, Workers: 4
[4719.969s][debug][gc,phases      ] GC(117)     Total                          Min: 0, Avg: 11935.8, Max: 20223, Diff: 20223, Sum: 47743, Workers: 4
[4719.969s][debug][gc,phases      ] GC(117)   ResolvedMethodTable Weak       Min:  0.0, Avg:  0.0, Max:  0.0, Diff:  0.0, Sum:  0.1, Workers: 4
[4719.969s][debug][gc,phases      ] GC(117)     Dead                           Min: 0, Avg:  4.0, Max: 16, Diff: 16, Sum: 16, Workers: 4
[4719.969s][debug][gc,phases      ] GC(117)     Total                          Min: 0, Avg: 3879.5, Max: 6607, Diff: 6607, Sum: 15518, Workers: 4
[4719.969s][debug][gc,phases      ] GC(117)   JNI Weak                       Min:  0.0, Avg:  0.0, Max:  0.0, Diff:  0.0, Sum:  0.0, Workers: 4
[4719.969s][debug][gc,phases      ] GC(117)     Dead                           Min: 0, Avg:  0.0, Max: 0, Diff: 0, Sum: 0, Workers: 4
[4719.969s][debug][gc,phases      ] GC(117)     Total                          Min: 0, Avg: 13.0, Max: 52, Diff: 52, Sum: 52, Workers: 4
[4719.969s][debug][gc,phases      ] GC(117)   StringDedup Table Weak         Min:  0.0, Avg:  0.0, Max:  0.0, Diff:  0.0, Sum:  0.0, Workers: 4
[4719.969s][debug][gc,phases      ] GC(117)     Dead                           Min: 0, Avg:  0.0, Max: 0, Diff: 0, Sum: 0, Workers: 4
[4719.969s][debug][gc,phases      ] GC(117)     Total                          Min: 0, Avg:  0.0, Max: 0, Diff: 0, Sum: 0, Workers: 4
[4719.969s][debug][gc,phases      ] GC(117)   StringDedup Requests0 Weak     Min:  0.0, Avg:  0.0, Max:  0.0, Diff:  0.0, Sum:  0.0, Workers: 4
[4719.969s][debug][gc,phases      ] GC(117)     Dead                           Min: 0, Avg:  0.0, Max: 0, Diff: 0, Sum: 0, Workers: 4
[4719.969s][debug][gc,phases      ] GC(117)     Total                          Min: 0, Avg:  0.0, Max: 0, Diff: 0, Sum: 0, Workers: 4
[4719.969s][debug][gc,phases      ] GC(117)   StringDedup Requests1 Weak     Min:  0.0, Avg:  0.0, Max:  0.0, Diff:  0.0, Sum:  0.0, Workers: 4
[4719.969s][debug][gc,phases      ] GC(117)     Dead                           Min: 0, Avg:  0.0, Max: 0, Diff: 0, Sum: 0, Workers: 4
[4719.969s][debug][gc,phases      ] GC(117)     Total                          Min: 0, Avg:  0.0, Max: 0, Diff: 0, Sum: 0, Workers: 4
[4719.969s][debug][gc,phases      ] GC(117)   Weak JFR Old Object Samples    Min:  0.0, Avg:  0.0, Max:  0.0, Diff:  0.0, Sum:  0.0, Workers: 4
[4719.969s][debug][gc,phases      ] GC(117)     Dead                           Min: 0, Avg:  0.0, Max: 0, Diff: 0, Sum: 0, Workers: 4
[4719.969s][debug][gc,phases      ] GC(117)     Total                          Min: 0, Avg:  0.0, Max: 0, Diff: 0, Sum: 0, Workers: 4
[4719.969s][debug][gc,phases      ] GC(117) Weak Processing 0.369ms
[4719.969s][debug][gc,age         ] GC(117) Desired survivor size 6815744 bytes, new threshold 1 (max threshold 15)
[4719.969s][info ][gc,heap        ] GC(117) PSYoungGen: 2085856K(2089472K)->1984K(2090496K) Eden: 2082304K(2082304K)->0K(2083328K) From: 3552K(7168K)->1984K(7168K)
[4719.969s][info ][gc,heap        ] GC(117) ParOldGen: 449466K(570368K)->451390K(570368K)
[4719.969s][info ][gc,metaspace   ] GC(117) Metaspace: 110537K(111808K)->110537K(111808K) NonClass: 94030K(94720K)->94030K(94720K) Class: 16507K(17088K)->16507K(17088K)
[4719.969s][info ][gc             ] GC(117) Pause Young (Allocation Failure) 2475M->442M(2598M) 3.392ms
[4719.969s][info ][gc,cpu         ] GC(117) User=0.02s Sys=0.00s Real=0.00s
[4719.969s][info ][safepoint      ] Safepoint "ParallelGCFailedAllocation", Time since last: 17398317701 ns, Reaching safepoint: 81601 ns, Cleanup: 4000 ns, At safepoint: 3455830 ns, Total: 3541431 ns
[4755.584s][info ][safepoint      ] Safepoint "Cleanup", Time since last: 35614153497 ns, Reaching safepoint: 4700 ns, Cleanup: 7000 ns, At safepoint: 2600 ns, Total: 14300 ns
[4759.584s][info ][safepoint      ] Safepoint "Cleanup", Time since last: 4000313619 ns, Reaching safepoint: 5400 ns, Cleanup: 8700 ns, At safepoint: 1900 ns, Total: 16000 ns
[4764.584s][info ][safepoint      ] Safepoint "Cleanup", Time since last: 5000390451 ns, Reaching safepoint: 5400 ns, Cleanup: 41100 ns, At safepoint: 2201 ns, Total: 48701 ns
[4765.584s][info ][safepoint      ] Safepoint "Cleanup", Time since last: 1000100030 ns, Reaching safepoint: 5400 ns, Cleanup: 37300 ns, At safepoint: 1800 ns, Total: 44500 ns
[4766.319s][info ][gc,start       ] GC(118) Pause Young (Allocation Failure)
[4766.322s][debug][gc,phases      ] GC(118) Scavenge 2.656ms
[4766.322s][debug][gc,ref         ] GC(118) ReferenceProcessor::execute queues: 1, RefProcThreadModel::Single, marks_oops_alive: false
[4766.322s][debug][gc,ref         ] GC(118) Skipped KeepAliveFinalRefsPhase of Reference Processing: no references
[4766.322s][debug][gc,ref         ] GC(118) ReferenceProcessor::execute queues: 1, RefProcThreadModel::Single, marks_oops_alive: false
[4766.322s][debug][gc,phases      ] GC(118) Reference Processing 0.115ms
[4766.322s][debug][gc,phases      ] GC(118)   VM Weak                        Min:  0.0, Avg:  0.0, Max:  0.0, Diff:  0.0, Sum:  0.0, Workers: 4
[4766.322s][debug][gc,phases      ] GC(118)     Dead                           Min: 0, Avg:  0.0, Max: 0, Diff: 0, Sum: 0, Workers: 4
[4766.322s][debug][gc,phases      ] GC(118)     Total                          Min: 0, Avg: 244.0, Max: 912, Diff: 912, Sum: 976, Workers: 4
[4766.322s][debug][gc,phases      ] GC(118)   ObjectSynchronizer Weak        Min:  0.0, Avg:  0.0, Max:  0.0, Diff:  0.0, Sum:  0.0, Workers: 4
[4766.322s][debug][gc,phases      ] GC(118)     Dead                           Min: 0, Avg:  0.0, Max: 0, Diff: 0, Sum: 0, Workers: 4
[4766.322s][debug][gc,phases      ] GC(118)     Total                          Min: 0, Avg:  1.0, Max: 4, Diff: 4, Sum: 4, Workers: 4
[4766.322s][debug][gc,phases      ] GC(118)   JVMTI Tag Weak OopStorage      Min:  0.0, Avg:  0.0, Max:  0.0, Diff:  0.0, Sum:  0.0, Workers: 4
[4766.322s][debug][gc,phases      ] GC(118)     Dead                           Min: 0, Avg:  0.0, Max: 0, Diff: 0, Sum: 0, Workers: 4
[4766.322s][debug][gc,phases      ] GC(118)     Total                          Min: 0, Avg:  0.0, Max: 0, Diff: 0, Sum: 0, Workers: 4
[4766.322s][debug][gc,phases      ] GC(118)   StringTable Weak               Min:  0.0, Avg:  0.1, Max:  0.1, Diff:  0.1, Sum:  0.4, Workers: 4
[4766.322s][debug][gc,phases      ] GC(118)     Dead                           Min: 0, Avg:  0.5, Max: 2, Diff: 2, Sum: 2, Workers: 4
[4766.322s][debug][gc,phases      ] GC(118)     Total                          Min: 0, Avg: 11938.0, Max: 20223, Diff: 20223, Sum: 47752, Workers: 4
[4766.322s][debug][gc,phases      ] GC(118)   ResolvedMethodTable Weak       Min:  0.0, Avg:  0.0, Max:  0.0, Diff:  0.0, Sum:  0.1, Workers: 4
[4766.322s][debug][gc,phases      ] GC(118)     Dead                           Min: 0, Avg:  5.2, Max: 17, Diff: 17, Sum: 21, Workers: 4
[4766.322s][debug][gc,phases      ] GC(118)     Total                          Min: 0, Avg: 3882.2, Max: 6622, Diff: 6622, Sum: 15529, Workers: 4
[4766.322s][debug][gc,phases      ] GC(118)   JNI Weak                       Min:  0.0, Avg:  0.0, Max:  0.0, Diff:  0.0, Sum:  0.0, Workers: 4
[4766.322s][debug][gc,phases      ] GC(118)     Dead                           Min: 0, Avg:  0.0, Max: 0, Diff: 0, Sum: 0, Workers: 4
[4766.322s][debug][gc,phases      ] GC(118)     Total                          Min: 0, Avg: 13.0, Max: 52, Diff: 52, Sum: 52, Workers: 4
[4766.322s][debug][gc,phases      ] GC(118)   StringDedup Table Weak         Min:  0.0, Avg:  0.0, Max:  0.0, Diff:  0.0, Sum:  0.0, Workers: 4
[4766.322s][debug][gc,phases      ] GC(118)     Dead                           Min: 0, Avg:  0.0, Max: 0, Diff: 0, Sum: 0, Workers: 4
[4766.322s][debug][gc,phases      ] GC(118)     Total                          Min: 0, Avg:  0.0, Max: 0, Diff: 0, Sum: 0, Workers: 4
[4766.322s][debug][gc,phases      ] GC(118)   StringDedup Requests0 Weak     Min:  0.0, Avg:  0.0, Max:  0.0, Diff:  0.0, Sum:  0.0, Workers: 4
[4766.322s][debug][gc,phases      ] GC(118)     Dead                           Min: 0, Avg:  0.0, Max: 0, Diff: 0, Sum: 0, Workers: 4
[4766.322s][debug][gc,phases      ] GC(118)     Total                          Min: 0, Avg:  0.0, Max: 0, Diff: 0, Sum: 0, Workers: 4
[4766.322s][debug][gc,phases      ] GC(118)   StringDedup Requests1 Weak     Min:  0.0, Avg:  0.0, Max:  0.0, Diff:  0.0, Sum:  0.0, Workers: 4
[4766.322s][debug][gc,phases      ] GC(118)     Dead                           Min: 0, Avg:  0.0, Max: 0, Diff: 0, Sum: 0, Workers: 4
[4766.322s][debug][gc,phases      ] GC(118)     Total                          Min: 0, Avg:  0.0, Max: 0, Diff: 0, Sum: 0, Workers: 4
[4766.322s][debug][gc,phases      ] GC(118)   Weak JFR Old Object Samples    Min:  0.0, Avg:  0.0, Max:  0.0, Diff:  0.0, Sum:  0.0, Workers: 4
[4766.322s][debug][gc,phases      ] GC(118)     Dead                           Min: 0, Avg:  0.0, Max: 0, Diff: 0, Sum: 0, Workers: 4
[4766.322s][debug][gc,phases      ] GC(118)     Total                          Min: 0, Avg:  0.0, Max: 0, Diff: 0, Sum: 0, Workers: 4
[4766.322s][debug][gc,phases      ] GC(118) Weak Processing 0.355ms
[4766.322s][debug][gc,age         ] GC(118) Desired survivor size 6815744 bytes, new threshold 1 (max threshold 15)
[4766.322s][info ][gc,heap        ] GC(118) PSYoungGen: 2085312K(2090496K)->2896K(2089984K) Eden: 2083328K(2083328K)->0K(2083328K) From: 1984K(7168K)->2896K(6656K)
[4766.322s][info ][gc,heap        ] GC(118) ParOldGen: 451390K(570368K)->452082K(570368K)
[4766.322s][info ][gc,metaspace   ] GC(118) Metaspace: 110560K(111808K)->110560K(111808K) NonClass: 94048K(94720K)->94048K(94720K) Class: 16512K(17088K)->16512K(17088K)
[4766.322s][info ][gc             ] GC(118) Pause Young (Allocation Failure) 2477M->444M(2598M) 3.238ms
[4766.322s][info ][gc,cpu         ] GC(118) User=0.01s Sys=0.00s Real=0.01s
[4766.322s][info ][safepoint      ] Safepoint "ParallelGCFailedAllocation", Time since last: 734392838 ns, Reaching safepoint: 5700 ns, Cleanup: 13300 ns, At safepoint: 3298228 ns, Total: 3317228 ns
[4768.322s][info ][safepoint      ] Safepoint "Cleanup", Time since last: 2000155047 ns, Reaching safepoint: 5500 ns, Cleanup: 18600 ns, At safepoint: 2200 ns, Total: 26300 ns
[4769.322s][info ][safepoint      ] Safepoint "Cleanup", Time since last: 1000111779 ns, Reaching safepoint: 6200 ns, Cleanup: 11200 ns, At safepoint: 2200 ns, Total: 19600 ns
[4771.323s][info ][safepoint      ] Safepoint "Cleanup", Time since last: 2000180257 ns, Reaching safepoint: 5600 ns, Cleanup: 7600 ns, At safepoint: 1800 ns, Total: 15000 ns
[4772.323s][info ][safepoint      ] Safepoint "Cleanup", Time since last: 1000108979 ns, Reaching safepoint: 5200 ns, Cleanup: 7800 ns, At safepoint: 2100 ns, Total: 15100 ns
[4773.323s][info ][safepoint      ] Safepoint "Cleanup", Time since last: 1000108378 ns, Reaching safepoint: 5300 ns, Cleanup: 14101 ns, At safepoint: 2100 ns, Total: 21501 ns
[4775.323s][info ][safepoint      ] Safepoint "Cleanup", Time since last: 2000174263 ns, Reaching safepoint: 6100 ns, Cleanup: 14900 ns, At safepoint: 2200 ns, Total: 23200 ns
[4776.323s][info ][safepoint      ] Safepoint "Cleanup", Time since last: 1000109786 ns, Reaching safepoint: 5400 ns, Cleanup: 10800 ns, At safepoint: 2100 ns, Total: 18300 ns
[4777.323s][info ][safepoint      ] Safepoint "Cleanup", Time since last: 1000102587 ns, Reaching safepoint: 6100 ns, Cleanup: 17800 ns, At safepoint: 2100 ns, Total: 26000 ns
[4779.324s][info ][safepoint      ] Safepoint "Cleanup", Time since last: 2000182273 ns, Reaching safepoint: 5100 ns, Cleanup: 11200 ns, At safepoint: 2300 ns, Total: 18600 ns
[4784.324s][info ][safepoint      ] Safepoint "Cleanup", Time since last: 5000400755 ns, Reaching safepoint: 6100 ns, Cleanup: 7800 ns, At safepoint: 2500 ns, Total: 16400 ns
[4789.324s][info ][safepoint      ] Safepoint "Cleanup", Time since last: 5000397297 ns, Reaching safepoint: 6000 ns, Cleanup: 9101 ns, At safepoint: 2400 ns, Total: 17501 ns
[4795.325s][info ][safepoint      ] Safepoint "Cleanup", Time since last: 6000464479 ns, Reaching safepoint: 5700 ns, Cleanup: 15100 ns, At safepoint: 2500 ns, Total: 23300 ns
[4796.325s][info ][safepoint      ] Safepoint "Cleanup", Time since last: 1000127512 ns, Reaching safepoint: 6000 ns, Cleanup: 11000 ns, At safepoint: 2500 ns, Total: 19500 ns
[4800.325s][info ][safepoint      ] Safepoint "Cleanup", Time since last: 4000343730 ns, Reaching safepoint: 6100 ns, Cleanup: 14900 ns, At safepoint: 25000 ns, Total: 46000 ns
[4814.880s][info ][safepoint      ] Safepoint "ParallelGCFailedAllocation", Time since last: 14553901498 ns, Reaching safepoint: 196902 ns, Cleanup: 7900 ns, At safepoint: 23600 ns, Total: 228402 ns
[4814.880s][info ][gc,start       ] GC(119) Pause Young (GCLocker Initiated GC)
[4814.882s][debug][gc,phases      ] GC(119) Scavenge 2.376ms
[4814.882s][debug][gc,ref         ] GC(119) ReferenceProcessor::execute queues: 1, RefProcThreadModel::Single, marks_oops_alive: false
[4814.882s][debug][gc,ref         ] GC(119) Skipped KeepAliveFinalRefsPhase of Reference Processing: no references
[4814.882s][debug][gc,ref         ] GC(119) ReferenceProcessor::execute queues: 1, RefProcThreadModel::Single, marks_oops_alive: false
[4814.882s][debug][gc,phases      ] GC(119) Reference Processing 0.022ms
[4814.882s][debug][gc,phases      ] GC(119)   VM Weak                        Min:  0.0, Avg:  0.0, Max:  0.0, Diff:  0.0, Sum:  0.0, Workers: 4
[4814.882s][debug][gc,phases      ] GC(119)     Dead                           Min: 0, Avg:  0.0, Max: 0, Diff: 0, Sum: 0, Workers: 4
[4814.882s][debug][gc,phases      ] GC(119)     Total                          Min: 0, Avg: 244.0, Max: 912, Diff: 912, Sum: 976, Workers: 4
[4814.882s][debug][gc,phases      ] GC(119)   ObjectSynchronizer Weak        Min:  0.0, Avg:  0.0, Max:  0.0, Diff:  0.0, Sum:  0.0, Workers: 4
[4814.882s][debug][gc,phases      ] GC(119)     Dead                           Min: 0, Avg:  0.0, Max: 0, Diff: 0, Sum: 0, Workers: 4
[4814.882s][debug][gc,phases      ] GC(119)     Total                          Min: 0, Avg:  0.8, Max: 3, Diff: 3, Sum: 3, Workers: 4
[4814.882s][debug][gc,phases      ] GC(119)   JVMTI Tag Weak OopStorage      Min:  0.0, Avg:  0.0, Max:  0.0, Diff:  0.0, Sum:  0.0, Workers: 4
[4814.882s][debug][gc,phases      ] GC(119)     Dead                           Min: 0, Avg:  0.0, Max: 0, Diff: 0, Sum: 0, Workers: 4
[4814.882s][debug][gc,phases      ] GC(119)     Total                          Min: 0, Avg:  0.0, Max: 0, Diff: 0, Sum: 0, Workers: 4
[4814.882s][debug][gc,phases      ] GC(119)   StringTable Weak               Min:  0.0, Avg:  0.1, Max:  0.1, Diff:  0.1, Sum:  0.4, Workers: 4
[4814.882s][debug][gc,phases      ] GC(119)     Dead                           Min: 0, Avg:  0.0, Max: 0, Diff: 0, Sum: 0, Workers: 4
[4814.882s][debug][gc,phases      ] GC(119)     Total                          Min: 0, Avg: 11938.0, Max: 21311, Diff: 21311, Sum: 47752, Workers: 4
[4814.882s][debug][gc,phases      ] GC(119)   ResolvedMethodTable Weak       Min:  0.0, Avg:  0.0, Max:  0.0, Diff:  0.0, Sum:  0.1, Workers: 4
[4814.882s][debug][gc,phases      ] GC(119)     Dead                           Min: 0, Avg:  4.0, Max: 16, Diff: 16, Sum: 16, Workers: 4
[4814.882s][debug][gc,phases      ] GC(119)     Total                          Min: 0, Avg: 3882.2, Max: 6789, Diff: 6789, Sum: 15529, Workers: 4
[4814.882s][debug][gc,phases      ] GC(119)   JNI Weak                       Min:  0.0, Avg:  0.0, Max:  0.0, Diff:  0.0, Sum:  0.0, Workers: 4
[4814.882s][debug][gc,phases      ] GC(119)     Dead                           Min: 0, Avg:  0.0, Max: 0, Diff: 0, Sum: 0, Workers: 4
[4814.882s][debug][gc,phases      ] GC(119)     Total                          Min: 0, Avg: 13.0, Max: 52, Diff: 52, Sum: 52, Workers: 4
[4814.882s][debug][gc,phases      ] GC(119)   StringDedup Table Weak         Min:  0.0, Avg:  0.0, Max:  0.0, Diff:  0.0, Sum:  0.0, Workers: 4
[4814.882s][debug][gc,phases      ] GC(119)     Dead                           Min: 0, Avg:  0.0, Max: 0, Diff: 0, Sum: 0, Workers: 4
[4814.882s][debug][gc,phases      ] GC(119)     Total                          Min: 0, Avg:  0.0, Max: 0, Diff: 0, Sum: 0, Workers: 4
[4814.882s][debug][gc,phases      ] GC(119)   StringDedup Requests0 Weak     Min:  0.0, Avg:  0.0, Max:  0.0, Diff:  0.0, Sum:  0.0, Workers: 4
[4814.882s][debug][gc,phases      ] GC(119)     Dead                           Min: 0, Avg:  0.0, Max: 0, Diff: 0, Sum: 0, Workers: 4
[4814.882s][debug][gc,phases      ] GC(119)     Total                          Min: 0, Avg:  0.0, Max: 0, Diff: 0, Sum: 0, Workers: 4
[4814.882s][debug][gc,phases      ] GC(119)   StringDedup Requests1 Weak     Min:  0.0, Avg:  0.0, Max:  0.0, Diff:  0.0, Sum:  0.0, Workers: 4
[4814.882s][debug][gc,phases      ] GC(119)     Dead                           Min: 0, Avg:  0.0, Max: 0, Diff: 0, Sum: 0, Workers: 4
[4814.882s][debug][gc,phases      ] GC(119)     Total                          Min: 0, Avg:  0.0, Max: 0, Diff: 0, Sum: 0, Workers: 4
[4814.882s][debug][gc,phases      ] GC(119)   Weak JFR Old Object Samples    Min:  0.0, Avg:  0.0, Max:  0.0, Diff:  0.0, Sum:  0.0, Workers: 4
[4814.882s][debug][gc,phases      ] GC(119)     Dead                           Min: 0, Avg:  0.0, Max: 0, Diff: 0, Sum: 0, Workers: 4
[4814.883s][debug][gc,phases      ] GC(119)     Total                          Min: 0, Avg:  0.0, Max: 0, Diff: 0, Sum: 0, Workers: 4
[4814.883s][debug][gc,phases      ] GC(119) Weak Processing 0.342ms
[4814.883s][debug][gc,age         ] GC(119) Desired survivor size 6291456 bytes, new threshold 1 (max threshold 15)
[4814.883s][info ][gc,heap        ] GC(119) PSYoungGen: 2086224K(2089984K)->2400K(2091008K) Eden: 2083328K(2083328K)->0K(2084352K) From: 2896K(6656K)->2400K(6656K)
[4814.883s][info ][gc,heap        ] GC(119) ParOldGen: 452082K(570368K)->453275K(570368K)
[4814.883s][info ][gc,metaspace   ] GC(119) Metaspace: 110565K(111808K)->110565K(111808K) NonClass: 94053K(94720K)->94053K(94720K) Class: 16512K(17088K)->16512K(17088K)
[4814.883s][info ][gc             ] GC(119) Pause Young (GCLocker Initiated GC) 2478M->444M(2599M) 2.809ms
[4814.883s][info ][gc,cpu         ] GC(119) User=0.01s Sys=0.00s Real=0.00s
[4814.883s][info ][safepoint      ] Safepoint "ParallelGCSystemGC", Time since last: 78601 ns, Reaching safepoint: 82600 ns, Cleanup: 1200 ns, At safepoint: 2865625 ns, Total: 2949425 ns
[4815.883s][info ][safepoint      ] Safepoint "Cleanup", Time since last: 1000087620 ns, Reaching safepoint: 6600 ns, Cleanup: 22100 ns, At safepoint: 20600 ns, Total: 49300 ns
[4818.883s][info ][safepoint      ] Safepoint "Cleanup", Time since last: 3000257459 ns, Reaching safepoint: 7200 ns, Cleanup: 9900 ns, At safepoint: 2100 ns, Total: 19200 ns
[4824.883s][info ][safepoint      ] Safepoint "Cleanup", Time since last: 6000454652 ns, Reaching safepoint: 7200 ns, Cleanup: 12300 ns, At safepoint: 2200 ns, Total: 21700 ns
[4863.372s][info ][gc,start       ] GC(120) Pause Young (Allocation Failure)
[4863.374s][debug][gc,phases      ] GC(120) Scavenge 2.437ms
[4863.374s][debug][gc,ref         ] GC(120) ReferenceProcessor::execute queues: 1, RefProcThreadModel::Single, marks_oops_alive: false
[4863.374s][debug][gc,ref         ] GC(120) Skipped KeepAliveFinalRefsPhase of Reference Processing: no references
[4863.374s][debug][gc,ref         ] GC(120) ReferenceProcessor::execute queues: 1, RefProcThreadModel::Single, marks_oops_alive: false
[4863.374s][debug][gc,phases      ] GC(120) Reference Processing 0.093ms
[4863.374s][debug][gc,phases      ] GC(120)   VM Weak                        Min:  0.0, Avg:  0.0, Max:  0.0, Diff:  0.0, Sum:  0.0, Workers: 4
[4863.374s][debug][gc,phases      ] GC(120)     Dead                           Min: 0, Avg:  0.0, Max: 0, Diff: 0, Sum: 0, Workers: 4
[4863.374s][debug][gc,phases      ] GC(120)     Total                          Min: 0, Avg: 244.0, Max: 528, Diff: 528, Sum: 976, Workers: 4
[4863.374s][debug][gc,phases      ] GC(120)   ObjectSynchronizer Weak        Min:  0.0, Avg:  0.0, Max:  0.0, Diff:  0.0, Sum:  0.0, Workers: 4
[4863.374s][debug][gc,phases      ] GC(120)     Dead                           Min: 0, Avg:  0.0, Max: 0, Diff: 0, Sum: 0, Workers: 4
[4863.374s][debug][gc,phases      ] GC(120)     Total                          Min: 0, Avg:  0.8, Max: 3, Diff: 3, Sum: 3, Workers: 4
[4863.374s][debug][gc,phases      ] GC(120)   JVMTI Tag Weak OopStorage      Min:  0.0, Avg:  0.0, Max:  0.0, Diff:  0.0, Sum:  0.0, Workers: 4
[4863.374s][debug][gc,phases      ] GC(120)     Dead                           Min: 0, Avg:  0.0, Max: 0, Diff: 0, Sum: 0, Workers: 4
[4863.374s][debug][gc,phases      ] GC(120)     Total                          Min: 0, Avg:  0.0, Max: 0, Diff: 0, Sum: 0, Workers: 4
[4863.374s][debug][gc,phases      ] GC(120)   StringTable Weak               Min:  0.0, Avg:  0.1, Max:  0.1, Diff:  0.1, Sum:  0.4, Workers: 4
[4863.374s][debug][gc,phases      ] GC(120)     Dead                           Min: 0, Avg:  0.0, Max: 0, Diff: 0, Sum: 0, Workers: 4
[4863.374s][debug][gc,phases      ] GC(120)     Total                          Min: 0, Avg: 11938.0, Max: 20233, Diff: 20233, Sum: 47752, Workers: 4
[4863.374s][debug][gc,phases      ] GC(120)   ResolvedMethodTable Weak       Min:  0.0, Avg:  0.0, Max:  0.0, Diff:  0.0, Sum:  0.1, Workers: 4
[4863.374s][debug][gc,phases      ] GC(120)     Dead                           Min: 0, Avg:  4.0, Max: 16, Diff: 16, Sum: 16, Workers: 4
[4863.374s][debug][gc,phases      ] GC(120)     Total                          Min: 0, Avg: 3882.2, Max: 6790, Diff: 6790, Sum: 15529, Workers: 4
[4863.374s][debug][gc,phases      ] GC(120)   JNI Weak                       Min:  0.0, Avg:  0.0, Max:  0.0, Diff:  0.0, Sum:  0.0, Workers: 4
[4863.374s][debug][gc,phases      ] GC(120)     Dead                           Min: 0, Avg:  0.0, Max: 0, Diff: 0, Sum: 0, Workers: 4
[4863.374s][debug][gc,phases      ] GC(120)     Total                          Min: 0, Avg: 13.0, Max: 52, Diff: 52, Sum: 52, Workers: 4
[4863.374s][debug][gc,phases      ] GC(120)   StringDedup Table Weak         Min:  0.0, Avg:  0.0, Max:  0.0, Diff:  0.0, Sum:  0.0, Workers: 4
[4863.374s][debug][gc,phases      ] GC(120)     Dead                           Min: 0, Avg:  0.0, Max: 0, Diff: 0, Sum: 0, Workers: 4
[4863.374s][debug][gc,phases      ] GC(120)     Total                          Min: 0, Avg:  0.0, Max: 0, Diff: 0, Sum: 0, Workers: 4
[4863.374s][debug][gc,phases      ] GC(120)   StringDedup Requests0 Weak     Min:  0.0, Avg:  0.0, Max:  0.0, Diff:  0.0, Sum:  0.0, Workers: 4
[4863.374s][debug][gc,phases      ] GC(120)     Dead                           Min: 0, Avg:  0.0, Max: 0, Diff: 0, Sum: 0, Workers: 4
[4863.374s][debug][gc,phases      ] GC(120)     Total                          Min: 0, Avg:  0.0, Max: 0, Diff: 0, Sum: 0, Workers: 4
[4863.374s][debug][gc,phases      ] GC(120)   StringDedup Requests1 Weak     Min:  0.0, Avg:  0.0, Max:  0.0, Diff:  0.0, Sum:  0.0, Workers: 4
[4863.374s][debug][gc,phases      ] GC(120)     Dead                           Min: 0, Avg:  0.0, Max: 0, Diff: 0, Sum: 0, Workers: 4
[4863.374s][debug][gc,phases      ] GC(120)     Total                          Min: 0, Avg:  0.0, Max: 0, Diff: 0, Sum: 0, Workers: 4
[4863.375s][debug][gc,phases      ] GC(120)   Weak JFR Old Object Samples    Min:  0.0, Avg:  0.0, Max:  0.0, Diff:  0.0, Sum:  0.0, Workers: 4
[4863.375s][debug][gc,phases      ] GC(120)     Dead                           Min: 0, Avg:  0.0, Max: 0, Diff: 0, Sum: 0, Workers: 4
[4863.375s][debug][gc,phases      ] GC(120)     Total                          Min: 0, Avg:  0.0, Max: 0, Diff: 0, Sum: 0, Workers: 4
[4863.375s][debug][gc,phases      ] GC(120) Weak Processing 0.371ms
[4863.375s][debug][gc,age         ] GC(120) Desired survivor size 6291456 bytes, new threshold 1 (max threshold 15)
[4863.375s][info ][gc,heap        ] GC(120) PSYoungGen: 2086752K(2091008K)->2192K(2090496K) Eden: 2084352K(2084352K)->0K(2084352K) From: 2400K(6656K)->2192K(6144K)
[4863.375s][info ][gc,heap        ] GC(120) ParOldGen: 453277K(570368K)->454205K(570368K)
[4863.375s][info ][gc,metaspace   ] GC(120) Metaspace: 110568K(111872K)->110568K(111872K) NonClass: 94056K(94784K)->94056K(94784K) Class: 16512K(17088K)->16512K(17088K)
[4863.375s][info ][gc             ] GC(120) Pause Young (Allocation Failure) 2480M->445M(2598M) 2.994ms
[4863.375s][info ][gc,cpu         ] GC(120) User=0.01s Sys=0.00s Real=0.00s
[4863.375s][info ][safepoint      ] Safepoint "ParallelGCFailedAllocation", Time since last: 38488025478 ns, Reaching safepoint: 8000 ns, Cleanup: 4300 ns, At safepoint: 3075527 ns, Total: 3087827 ns
[4895.377s][info ][safepoint      ] Safepoint "Cleanup", Time since last: 32002350119 ns, Reaching safepoint: 7300 ns, Cleanup: 12400 ns, At safepoint: 2600 ns, Total: 22300 ns
[4911.965s][info ][gc,start       ] GC(121) Pause Young (Allocation Failure)
[4911.968s][debug][gc,phases      ] GC(121) Scavenge 2.342ms
[4911.968s][debug][gc,ref         ] GC(121) ReferenceProcessor::execute queues: 1, RefProcThreadModel::Single, marks_oops_alive: false
[4911.968s][debug][gc,ref         ] GC(121) Skipped KeepAliveFinalRefsPhase of Reference Processing: no references
[4911.968s][debug][gc,ref         ] GC(121) Skipped PhantomRefsPhase of Reference Processing: no references
[4911.968s][debug][gc,phases      ] GC(121) Reference Processing 0.089ms
[4911.968s][debug][gc,phases      ] GC(121)   VM Weak                        Min:  0.0, Avg:  0.0, Max:  0.0, Diff:  0.0, Sum:  0.0, Workers: 4
[4911.968s][debug][gc,phases      ] GC(121)     Dead                           Min: 0, Avg:  0.0, Max: 0, Diff: 0, Sum: 0, Workers: 4
[4911.968s][debug][gc,phases      ] GC(121)     Total                          Min: 80, Avg: 244.0, Max: 512, Diff: 432, Sum: 976, Workers: 4
[4911.968s][debug][gc,phases      ] GC(121)   ObjectSynchronizer Weak        Min:  0.0, Avg:  0.0, Max:  0.0, Diff:  0.0, Sum:  0.0, Workers: 4
[4911.968s][debug][gc,phases      ] GC(121)     Dead                           Min: 0, Avg:  0.0, Max: 0, Diff: 0, Sum: 0, Workers: 4
[4911.968s][debug][gc,phases      ] GC(121)     Total                          Min: 0, Avg:  0.8, Max: 3, Diff: 3, Sum: 3, Workers: 4
[4911.968s][debug][gc,phases      ] GC(121)   JVMTI Tag Weak OopStorage      Min:  0.0, Avg:  0.0, Max:  0.0, Diff:  0.0, Sum:  0.0, Workers: 4
[4911.968s][debug][gc,phases      ] GC(121)     Dead                           Min: 0, Avg:  0.0, Max: 0, Diff: 0, Sum: 0, Workers: 4
[4911.968s][debug][gc,phases      ] GC(121)     Total                          Min: 0, Avg:  0.0, Max: 0, Diff: 0, Sum: 0, Workers: 4
[4911.968s][debug][gc,phases      ] GC(121)   StringTable Weak               Min:  0.1, Avg:  0.1, Max:  0.1, Diff:  0.0, Sum:  0.5, Workers: 4
[4911.968s][debug][gc,phases      ] GC(121)     Dead                           Min: 0, Avg:  0.0, Max: 0, Diff: 0, Sum: 0, Workers: 4
[4911.968s][debug][gc,phases      ] GC(121)     Total                          Min: 11593, Avg: 11938.0, Max: 12416, Diff: 823, Sum: 47752, Workers: 4
[4911.968s][debug][gc,phases      ] GC(121)   ResolvedMethodTable Weak       Min:  0.0, Avg:  0.0, Max:  0.0, Diff:  0.0, Sum:  0.2, Workers: 4
[4911.968s][debug][gc,phases      ] GC(121)     Dead                           Min: 0, Avg:  4.0, Max: 16, Diff: 16, Sum: 16, Workers: 4
[4911.968s][debug][gc,phases      ] GC(121)     Total                          Min: 3687, Avg: 3882.2, Max: 4233, Diff: 546, Sum: 15529, Workers: 4
[4911.968s][debug][gc,phases      ] GC(121)   JNI Weak                       Min:  0.0, Avg:  0.0, Max:  0.0, Diff:  0.0, Sum:  0.0, Workers: 4
[4911.968s][debug][gc,phases      ] GC(121)     Dead                           Min: 0, Avg:  0.0, Max: 0, Diff: 0, Sum: 0, Workers: 4
[4911.968s][debug][gc,phases      ] GC(121)     Total                          Min: 0, Avg: 13.0, Max: 52, Diff: 52, Sum: 52, Workers: 4
[4911.968s][debug][gc,phases      ] GC(121)   StringDedup Table Weak         Min:  0.0, Avg:  0.0, Max:  0.0, Diff:  0.0, Sum:  0.0, Workers: 4
[4911.968s][debug][gc,phases      ] GC(121)     Dead                           Min: 0, Avg:  0.0, Max: 0, Diff: 0, Sum: 0, Workers: 4
[4911.968s][debug][gc,phases      ] GC(121)     Total                          Min: 0, Avg:  0.0, Max: 0, Diff: 0, Sum: 0, Workers: 4
[4911.968s][debug][gc,phases      ] GC(121)   StringDedup Requests0 Weak     Min:  0.0, Avg:  0.0, Max:  0.0, Diff:  0.0, Sum:  0.0, Workers: 4
[4911.968s][debug][gc,phases      ] GC(121)     Dead                           Min: 0, Avg:  0.0, Max: 0, Diff: 0, Sum: 0, Workers: 4
[4911.968s][debug][gc,phases      ] GC(121)     Total                          Min: 0, Avg:  0.0, Max: 0, Diff: 0, Sum: 0, Workers: 4
[4911.968s][debug][gc,phases      ] GC(121)   StringDedup Requests1 Weak     Min:  0.0, Avg:  0.0, Max:  0.0, Diff:  0.0, Sum:  0.0, Workers: 4
[4911.968s][debug][gc,phases      ] GC(121)     Dead                           Min: 0, Avg:  0.0, Max: 0, Diff: 0, Sum: 0, Workers: 4
[4911.968s][debug][gc,phases      ] GC(121)     Total                          Min: 0, Avg:  0.0, Max: 0, Diff: 0, Sum: 0, Workers: 4
[4911.968s][debug][gc,phases      ] GC(121)   Weak JFR Old Object Samples    Min:  0.0, Avg:  0.0, Max:  0.0, Diff:  0.0, Sum:  0.0, Workers: 4
[4911.968s][debug][gc,phases      ] GC(121)     Dead                           Min: 0, Avg:  0.0, Max: 0, Diff: 0, Sum: 0, Workers: 4
[4911.968s][debug][gc,phases      ] GC(121)     Total                          Min: 0, Avg:  0.0, Max: 0, Diff: 0, Sum: 0, Workers: 4
[4911.968s][debug][gc,phases      ] GC(121) Weak Processing 0.361ms
[4911.968s][debug][gc,age         ] GC(121) Desired survivor size 6291456 bytes, new threshold 1 (max threshold 15)
[4911.968s][info ][gc,heap        ] GC(121) PSYoungGen: 2086544K(2090496K)->2256K(2091008K) Eden: 2084352K(2084352K)->0K(2084864K) From: 2192K(6144K)->2256K(6144K)
[4911.968s][info ][gc,heap        ] GC(121) ParOldGen: 454205K(570368K)->455184K(570368K)
[4911.968s][info ][gc,metaspace   ] GC(121) Metaspace: 110570K(111872K)->110570K(111872K) NonClass: 94058K(94784K)->94058K(94784K) Class: 16512K(17088K)->16512K(17088K)
[4911.968s][info ][gc             ] GC(121) Pause Young (Allocation Failure) 2481M->446M(2599M) 2.889ms
[4911.968s][info ][gc,cpu         ] GC(121) User=0.01s Sys=0.00s Real=0.00s
[4911.968s][info ][safepoint      ] Safepoint "ParallelGCFailedAllocation", Time since last: 16588362395 ns, Reaching safepoint: 80401 ns, Cleanup: 3700 ns, At safepoint: 2953026 ns, Total: 3037127 ns
[4912.969s][info ][safepoint      ] Safepoint "Cleanup", Time since last: 1000080258 ns, Reaching safepoint: 76400 ns, Cleanup: 8900 ns, At safepoint: 6500 ns, Total: 91800 ns
[4942.971s][info ][safepoint      ] Safepoint "Cleanup", Time since last: 30002236851 ns, Reaching safepoint: 5800 ns, Cleanup: 12701 ns, At safepoint: 1600 ns, Total: 20101 ns
[4944.971s][info ][safepoint      ] Safepoint "Cleanup", Time since last: 2000194285 ns, Reaching safepoint: 79801 ns, Cleanup: 8700 ns, At safepoint: 6900 ns, Total: 95401 ns
[4961.015s][info ][gc,start       ] GC(122) Pause Young (Allocation Failure)
[4961.018s][debug][gc,phases      ] GC(122) Scavenge 2.526ms
[4961.018s][debug][gc,ref         ] GC(122) ReferenceProcessor::execute queues: 1, RefProcThreadModel::Single, marks_oops_alive: false
[4961.018s][debug][gc,ref         ] GC(122) Skipped KeepAliveFinalRefsPhase of Reference Processing: no references
[4961.018s][debug][gc,ref         ] GC(122) ReferenceProcessor::execute queues: 1, RefProcThreadModel::Single, marks_oops_alive: false
[4961.018s][debug][gc,phases      ] GC(122) Reference Processing 0.096ms
[4961.018s][debug][gc,phases      ] GC(122)   VM Weak                        Min:  0.0, Avg:  0.0, Max:  0.0, Diff:  0.0, Sum:  0.0, Workers: 4
[4961.018s][debug][gc,phases      ] GC(122)     Dead                           Min: 0, Avg:  0.0, Max: 0, Diff: 0, Sum: 0, Workers: 4
[4961.018s][debug][gc,phases      ] GC(122)     Total                          Min: 64, Avg: 246.0, Max: 448, Diff: 384, Sum: 984, Workers: 4
[4961.018s][debug][gc,phases      ] GC(122)   ObjectSynchronizer Weak        Min:  0.0, Avg:  0.0, Max:  0.0, Diff:  0.0, Sum:  0.0, Workers: 4
[4961.018s][debug][gc,phases      ] GC(122)     Dead                           Min: 0, Avg:  0.0, Max: 0, Diff: 0, Sum: 0, Workers: 4
[4961.018s][debug][gc,phases      ] GC(122)     Total                          Min: 0, Avg:  0.8, Max: 3, Diff: 3, Sum: 3, Workers: 4
[4961.018s][debug][gc,phases      ] GC(122)   JVMTI Tag Weak OopStorage      Min:  0.0, Avg:  0.0, Max:  0.0, Diff:  0.0, Sum:  0.0, Workers: 4
[4961.018s][debug][gc,phases      ] GC(122)     Dead                           Min: 0, Avg:  0.0, Max: 0, Diff: 0, Sum: 0, Workers: 4
[4961.018s][debug][gc,phases      ] GC(122)     Total                          Min: 0, Avg:  0.0, Max: 0, Diff: 0, Sum: 0, Workers: 4
[4961.018s][debug][gc,phases      ] GC(122)   StringTable Weak               Min:  0.1, Avg:  0.1, Max:  0.1, Diff:  0.0, Sum:  0.5, Workers: 4
[4961.018s][debug][gc,phases      ] GC(122)     Dead                           Min: 0, Avg:  0.5, Max: 2, Diff: 2, Sum: 2, Workers: 4
[4961.018s][debug][gc,phases      ] GC(122)     Total                          Min: 11455, Avg: 11940.2, Max: 13331, Diff: 1876, Sum: 47761, Workers: 4
[4961.018s][debug][gc,phases      ] GC(122)   ResolvedMethodTable Weak       Min:  0.0, Avg:  0.0, Max:  0.0, Diff:  0.0, Sum:  0.2, Workers: 4
[4961.018s][debug][gc,phases      ] GC(122)     Dead                           Min: 0, Avg:  4.8, Max: 17, Diff: 17, Sum: 19, Workers: 4
[4961.018s][debug][gc,phases      ] GC(122)     Total                          Min: 3735, Avg: 3889.5, Max: 4071, Diff: 336, Sum: 15558, Workers: 4
[4961.018s][debug][gc,phases      ] GC(122)   JNI Weak                       Min:  0.0, Avg:  0.0, Max:  0.0, Diff:  0.0, Sum:  0.0, Workers: 4
[4961.018s][debug][gc,phases      ] GC(122)     Dead                           Min: 0, Avg:  0.0, Max: 0, Diff: 0, Sum: 0, Workers: 4
[4961.018s][debug][gc,phases      ] GC(122)     Total                          Min: 0, Avg: 13.0, Max: 52, Diff: 52, Sum: 52, Workers: 4
[4961.018s][debug][gc,phases      ] GC(122)   StringDedup Table Weak         Min:  0.0, Avg:  0.0, Max:  0.0, Diff:  0.0, Sum:  0.0, Workers: 4
[4961.018s][debug][gc,phases      ] GC(122)     Dead                           Min: 0, Avg:  0.0, Max: 0, Diff: 0, Sum: 0, Workers: 4
[4961.018s][debug][gc,phases      ] GC(122)     Total                          Min: 0, Avg:  0.0, Max: 0, Diff: 0, Sum: 0, Workers: 4
[4961.018s][debug][gc,phases      ] GC(122)   StringDedup Requests0 Weak     Min:  0.0, Avg:  0.0, Max:  0.0, Diff:  0.0, Sum:  0.0, Workers: 4
[4961.018s][debug][gc,phases      ] GC(122)     Dead                           Min: 0, Avg:  0.0, Max: 0, Diff: 0, Sum: 0, Workers: 4
[4961.018s][debug][gc,phases      ] GC(122)     Total                          Min: 0, Avg:  0.0, Max: 0, Diff: 0, Sum: 0, Workers: 4
[4961.018s][debug][gc,phases      ] GC(122)   StringDedup Requests1 Weak     Min:  0.0, Avg:  0.0, Max:  0.0, Diff:  0.0, Sum:  0.0, Workers: 4
[4961.018s][debug][gc,phases      ] GC(122)     Dead                           Min: 0, Avg:  0.0, Max: 0, Diff: 0, Sum: 0, Workers: 4
[4961.018s][debug][gc,phases      ] GC(122)     Total                          Min: 0, Avg:  0.0, Max: 0, Diff: 0, Sum: 0, Workers: 4
[4961.018s][debug][gc,phases      ] GC(122)   Weak JFR Old Object Samples    Min:  0.0, Avg:  0.0, Max:  0.0, Diff:  0.0, Sum:  0.0, Workers: 4
[4961.018s][debug][gc,phases      ] GC(122)     Dead                           Min: 0, Avg:  0.0, Max: 0, Diff: 0, Sum: 0, Workers: 4
[4961.018s][debug][gc,phases      ] GC(122)     Total                          Min: 0, Avg:  0.0, Max: 0, Diff: 0, Sum: 0, Workers: 4
[4961.018s][debug][gc,phases      ] GC(122) Weak Processing 0.348ms
[4961.018s][debug][gc,age         ] GC(122) Desired survivor size 5767168 bytes, new threshold 1 (max threshold 15)
[4961.018s][info ][gc,heap        ] GC(122) PSYoungGen: 2087120K(2091008K)->2912K(2091008K) Eden: 2084864K(2084864K)->0K(2084864K) From: 2256K(6144K)->2912K(6144K)
[4961.018s][info ][gc,heap        ] GC(122) ParOldGen: 455184K(570368K)->456188K(570368K)
[4961.018s][info ][gc,metaspace   ] GC(122) Metaspace: 110605K(111936K)->110605K(111936K) NonClass: 94084K(94848K)->94084K(94848K) Class: 16521K(17088K)->16521K(17088K)
[4961.018s][info ][gc             ] GC(122) Pause Young (Allocation Failure) 2482M->448M(2599M) 3.079ms
[4961.018s][info ][gc,cpu         ] GC(122) User=0.01s Sys=0.00s Real=0.00s
[4961.018s][info ][safepoint      ] Safepoint "ParallelGCFailedAllocation", Time since last: 16044253177 ns, Reaching safepoint: 6400 ns, Cleanup: 4400 ns, At safepoint: 3142728 ns, Total: 3153528 ns
[4984.020s][info ][safepoint      ] Safepoint "Cleanup", Time since last: 23001691750 ns, Reaching safepoint: 81001 ns, Cleanup: 9900 ns, At safepoint: 20500 ns, Total: 111401 ns
[5009.715s][info ][gc,start       ] GC(123) Pause Young (Allocation Failure)
[5009.718s][debug][gc,phases      ] GC(123) Scavenge 2.628ms
[5009.718s][debug][gc,ref         ] GC(123) ReferenceProcessor::execute queues: 1, RefProcThreadModel::Single, marks_oops_alive: false
[5009.718s][debug][gc,ref         ] GC(123) Skipped KeepAliveFinalRefsPhase of Reference Processing: no references
[5009.718s][debug][gc,ref         ] GC(123) Skipped PhantomRefsPhase of Reference Processing: no references
[5009.718s][debug][gc,phases      ] GC(123) Reference Processing 0.096ms
[5009.718s][debug][gc,phases      ] GC(123)   VM Weak                        Min:  0.0, Avg:  0.0, Max:  0.0, Diff:  0.0, Sum:  0.0, Workers: 4
[5009.718s][debug][gc,phases      ] GC(123)     Dead                           Min: 0, Avg:  0.0, Max: 0, Diff: 0, Sum: 0, Workers: 4
[5009.718s][debug][gc,phases      ] GC(123)     Total                          Min: 0, Avg: 246.0, Max: 896, Diff: 896, Sum: 984, Workers: 4
[5009.718s][debug][gc,phases      ] GC(123)   ObjectSynchronizer Weak        Min:  0.0, Avg:  0.0, Max:  0.0, Diff:  0.0, Sum:  0.0, Workers: 4
[5009.718s][debug][gc,phases      ] GC(123)     Dead                           Min: 0, Avg:  0.0, Max: 0, Diff: 0, Sum: 0, Workers: 4
[5009.718s][debug][gc,phases      ] GC(123)     Total                          Min: 0, Avg:  0.8, Max: 3, Diff: 3, Sum: 3, Workers: 4
[5009.718s][debug][gc,phases      ] GC(123)   JVMTI Tag Weak OopStorage      Min:  0.0, Avg:  0.0, Max:  0.0, Diff:  0.0, Sum:  0.0, Workers: 4
[5009.718s][debug][gc,phases      ] GC(123)     Dead                           Min: 0, Avg:  0.0, Max: 0, Diff: 0, Sum: 0, Workers: 4
[5009.718s][debug][gc,phases      ] GC(123)     Total                          Min: 0, Avg:  0.0, Max: 0, Diff: 0, Sum: 0, Workers: 4
[5009.718s][debug][gc,phases      ] GC(123)   StringTable Weak               Min:  0.0, Avg:  0.1, Max:  0.1, Diff:  0.1, Sum:  0.4, Workers: 4
[5009.718s][debug][gc,phases      ] GC(123)     Dead                           Min: 0, Avg:  0.0, Max: 0, Diff: 0, Sum: 0, Workers: 4
[5009.718s][debug][gc,phases      ] GC(123)     Total                          Min: 0, Avg: 11940.2, Max: 20288, Diff: 20288, Sum: 47761, Workers: 4
[5009.718s][debug][gc,phases      ] GC(123)   ResolvedMethodTable Weak       Min:  0.0, Avg:  0.0, Max:  0.1, Diff:  0.1, Sum:  0.2, Workers: 4
[5009.718s][debug][gc,phases      ] GC(123)     Dead                           Min: 0, Avg:  4.0, Max: 16, Diff: 16, Sum: 16, Workers: 4
[5009.718s][debug][gc,phases      ] GC(123)     Total                          Min: 0, Avg: 3889.5, Max: 6748, Diff: 6748, Sum: 15558, Workers: 4
[5009.718s][debug][gc,phases      ] GC(123)   JNI Weak                       Min:  0.0, Avg:  0.0, Max:  0.0, Diff:  0.0, Sum:  0.0, Workers: 4
[5009.718s][debug][gc,phases      ] GC(123)     Dead                           Min: 0, Avg:  0.0, Max: 0, Diff: 0, Sum: 0, Workers: 4
[5009.718s][debug][gc,phases      ] GC(123)     Total                          Min: 0, Avg: 13.0, Max: 52, Diff: 52, Sum: 52, Workers: 4
[5009.718s][debug][gc,phases      ] GC(123)   StringDedup Table Weak         Min:  0.0, Avg:  0.0, Max:  0.0, Diff:  0.0, Sum:  0.0, Workers: 4
[5009.718s][debug][gc,phases      ] GC(123)     Dead                           Min: 0, Avg:  0.0, Max: 0, Diff: 0, Sum: 0, Workers: 4
[5009.718s][debug][gc,phases      ] GC(123)     Total                          Min: 0, Avg:  0.0, Max: 0, Diff: 0, Sum: 0, Workers: 4
[5009.718s][debug][gc,phases      ] GC(123)   StringDedup Requests0 Weak     Min:  0.0, Avg:  0.0, Max:  0.0, Diff:  0.0, Sum:  0.0, Workers: 4
[5009.718s][debug][gc,phases      ] GC(123)     Dead                           Min: 0, Avg:  0.0, Max: 0, Diff: 0, Sum: 0, Workers: 4
[5009.718s][debug][gc,phases      ] GC(123)     Total                          Min: 0, Avg:  0.0, Max: 0, Diff: 0, Sum: 0, Workers: 4
[5009.718s][debug][gc,phases      ] GC(123)   StringDedup Requests1 Weak     Min:  0.0, Avg:  0.0, Max:  0.0, Diff:  0.0, Sum:  0.0, Workers: 4
[5009.718s][debug][gc,phases      ] GC(123)     Dead                           Min: 0, Avg:  0.0, Max: 0, Diff: 0, Sum: 0, Workers: 4
[5009.719s][debug][gc,phases      ] GC(123)     Total                          Min: 0, Avg:  0.0, Max: 0, Diff: 0, Sum: 0, Workers: 4
[5009.719s][debug][gc,phases      ] GC(123)   Weak JFR Old Object Samples    Min:  0.0, Avg:  0.0, Max:  0.0, Diff:  0.0, Sum:  0.0, Workers: 4
[5009.719s][debug][gc,phases      ] GC(123)     Dead                           Min: 0, Avg:  0.0, Max: 0, Diff: 0, Sum: 0, Workers: 4
[5009.719s][debug][gc,phases      ] GC(123)     Total                          Min: 0, Avg:  0.0, Max: 0, Diff: 0, Sum: 0, Workers: 4
[5009.719s][debug][gc,phases      ] GC(123) Weak Processing 0.370ms
[5009.719s][debug][gc,age         ] GC(123) Desired survivor size 5767168 bytes, new threshold 1 (max threshold 15)
[5009.719s][info ][gc,heap        ] GC(123) PSYoungGen: 2087776K(2091008K)->2016K(2091520K) Eden: 2084864K(2084864K)->0K(2085888K) From: 2912K(6144K)->2016K(5632K)
[5009.719s][info ][gc,heap        ] GC(123) ParOldGen: 456188K(570368K)->458017K(570368K)
[5009.719s][info ][gc,metaspace   ] GC(123) Metaspace: 110606K(111936K)->110606K(111936K) NonClass: 94085K(94848K)->94085K(94848K) Class: 16521K(17088K)->16521K(17088K)
[5009.719s][info ][gc             ] GC(123) Pause Young (Allocation Failure) 2484M->449M(2599M) 3.213ms
[5009.719s][info ][gc,cpu         ] GC(123) User=0.01s Sys=0.00s Real=0.00s
[5009.719s][info ][safepoint      ] Safepoint "ParallelGCFailedAllocation", Time since last: 25694957918 ns, Reaching safepoint: 77101 ns, Cleanup: 3700 ns, At safepoint: 3275529 ns, Total: 3356330 ns
[5059.216s][info ][gc,start       ] GC(124) Pause Young (Allocation Failure)
[5059.218s][debug][gc,phases      ] GC(124) Scavenge 2.393ms
[5059.218s][debug][gc,ref         ] GC(124) ReferenceProcessor::execute queues: 1, RefProcThreadModel::Single, marks_oops_alive: false
[5059.218s][debug][gc,ref         ] GC(124) Skipped KeepAliveFinalRefsPhase of Reference Processing: no references
[5059.218s][debug][gc,ref         ] GC(124) Skipped PhantomRefsPhase of Reference Processing: no references
[5059.218s][debug][gc,phases      ] GC(124) Reference Processing 0.091ms
[5059.218s][debug][gc,phases      ] GC(124)   VM Weak                        Min:  0.0, Avg:  0.0, Max:  0.0, Diff:  0.0, Sum:  0.0, Workers: 4
[5059.218s][debug][gc,phases      ] GC(124)     Dead                           Min: 0, Avg:  0.0, Max: 0, Diff: 0, Sum: 0, Workers: 4
[5059.218s][debug][gc,phases      ] GC(124)     Total                          Min: 0, Avg: 246.0, Max: 832, Diff: 832, Sum: 984, Workers: 4
[5059.218s][debug][gc,phases      ] GC(124)   ObjectSynchronizer Weak        Min:  0.0, Avg:  0.0, Max:  0.0, Diff:  0.0, Sum:  0.0, Workers: 4
[5059.218s][debug][gc,phases      ] GC(124)     Dead                           Min: 0, Avg:  0.0, Max: 0, Diff: 0, Sum: 0, Workers: 4
[5059.218s][debug][gc,phases      ] GC(124)     Total                          Min: 0, Avg:  0.8, Max: 3, Diff: 3, Sum: 3, Workers: 4
[5059.218s][debug][gc,phases      ] GC(124)   JVMTI Tag Weak OopStorage      Min:  0.0, Avg:  0.0, Max:  0.0, Diff:  0.0, Sum:  0.0, Workers: 4
[5059.219s][debug][gc,phases      ] GC(124)     Dead                           Min: 0, Avg:  0.0, Max: 0, Diff: 0, Sum: 0, Workers: 4
[5059.219s][debug][gc,phases      ] GC(124)     Total                          Min: 0, Avg:  0.0, Max: 0, Diff: 0, Sum: 0, Workers: 4
[5059.219s][debug][gc,phases      ] GC(124)   StringTable Weak               Min:  0.0, Avg:  0.1, Max:  0.1, Diff:  0.1, Sum:  0.4, Workers: 4
[5059.219s][debug][gc,phases      ] GC(124)     Dead                           Min: 0, Avg:  0.0, Max: 0, Diff: 0, Sum: 0, Workers: 4
[5059.219s][debug][gc,phases      ] GC(124)     Total                          Min: 0, Avg: 11940.2, Max: 20115, Diff: 20115, Sum: 47761, Workers: 4
[5059.219s][debug][gc,phases      ] GC(124)   ResolvedMethodTable Weak       Min:  0.0, Avg:  0.0, Max:  0.0, Diff:  0.0, Sum:  0.1, Workers: 4
[5059.219s][debug][gc,phases      ] GC(124)     Dead                           Min: 0, Avg:  4.0, Max: 12, Diff: 12, Sum: 16, Workers: 4
[5059.219s][debug][gc,phases      ] GC(124)     Total                          Min: 0, Avg: 3889.5, Max: 6661, Diff: 6661, Sum: 15558, Workers: 4
[5059.219s][debug][gc,phases      ] GC(124)   JNI Weak                       Min:  0.0, Avg:  0.0, Max:  0.0, Diff:  0.0, Sum:  0.0, Workers: 4
[5059.219s][debug][gc,phases      ] GC(124)     Dead                           Min: 0, Avg:  0.0, Max: 0, Diff: 0, Sum: 0, Workers: 4
[5059.219s][debug][gc,phases      ] GC(124)     Total                          Min: 0, Avg: 13.0, Max: 52, Diff: 52, Sum: 52, Workers: 4
[5059.219s][debug][gc,phases      ] GC(124)   StringDedup Table Weak         Min:  0.0, Avg:  0.0, Max:  0.0, Diff:  0.0, Sum:  0.0, Workers: 4
[5059.219s][debug][gc,phases      ] GC(124)     Dead                           Min: 0, Avg:  0.0, Max: 0, Diff: 0, Sum: 0, Workers: 4
[5059.219s][debug][gc,phases      ] GC(124)     Total                          Min: 0, Avg:  0.0, Max: 0, Diff: 0, Sum: 0, Workers: 4
[5059.219s][debug][gc,phases      ] GC(124)   StringDedup Requests0 Weak     Min:  0.0, Avg:  0.0, Max:  0.0, Diff:  0.0, Sum:  0.0, Workers: 4
[5059.219s][debug][gc,phases      ] GC(124)     Dead                           Min: 0, Avg:  0.0, Max: 0, Diff: 0, Sum: 0, Workers: 4
[5059.219s][debug][gc,phases      ] GC(124)     Total                          Min: 0, Avg:  0.0, Max: 0, Diff: 0, Sum: 0, Workers: 4
[5059.219s][debug][gc,phases      ] GC(124)   StringDedup Requests1 Weak     Min:  0.0, Avg:  0.0, Max:  0.0, Diff:  0.0, Sum:  0.0, Workers: 4
[5059.219s][debug][gc,phases      ] GC(124)     Dead                           Min: 0, Avg:  0.0, Max: 0, Diff: 0, Sum: 0, Workers: 4
[5059.219s][debug][gc,phases      ] GC(124)     Total                          Min: 0, Avg:  0.0, Max: 0, Diff: 0, Sum: 0, Workers: 4
[5059.219s][debug][gc,phases      ] GC(124)   Weak JFR Old Object Samples    Min:  0.0, Avg:  0.0, Max:  0.0, Diff:  0.0, Sum:  0.0, Workers: 4
[5059.219s][debug][gc,phases      ] GC(124)     Dead                           Min: 0, Avg:  0.0, Max: 0, Diff: 0, Sum: 0, Workers: 4
[5059.219s][debug][gc,phases      ] GC(124)     Total                          Min: 0, Avg:  0.0, Max: 0, Diff: 0, Sum: 0, Workers: 4
[5059.219s][debug][gc,phases      ] GC(124) Weak Processing 0.387ms
[5059.219s][debug][gc,age         ] GC(124) Desired survivor size 5767168 bytes, new threshold 1 (max threshold 15)
[5059.219s][info ][gc,heap        ] GC(124) PSYoungGen: 2087904K(2091520K)->1904K(2091520K) Eden: 2085888K(2085888K)->0K(2085888K) From: 2016K(5632K)->1904K(5632K)
[5059.219s][info ][gc,heap        ] GC(124) ParOldGen: 458017K(570368K)->458889K(570368K)
[5059.219s][info ][gc,metaspace   ] GC(124) Metaspace: 110607K(111936K)->110607K(111936K) NonClass: 94086K(94848K)->94086K(94848K) Class: 16521K(17088K)->16521K(17088K)
[5059.219s][info ][gc             ] GC(124) Pause Young (Allocation Failure) 2486M->449M(2599M) 2.992ms
[5059.219s][info ][gc,cpu         ] GC(124) User=0.01s Sys=0.00s Real=0.00s
[5059.219s][info ][safepoint      ] Safepoint "ParallelGCFailedAllocation", Time since last: 49496921092 ns, Reaching safepoint: 81301 ns, Cleanup: 4500 ns, At safepoint: 3078626 ns, Total: 3164427 ns
[5096.221s][info ][safepoint      ] Safepoint "Cleanup", Time since last: 37002725641 ns, Reaching safepoint: 4900 ns, Cleanup: 8000 ns, At safepoint: 2200 ns, Total: 15100 ns
[5102.222s][info ][safepoint      ] Safepoint "Cleanup", Time since last: 6000485716 ns, Reaching safepoint: 5100 ns, Cleanup: 10500 ns, At safepoint: 1800 ns, Total: 17400 ns
[5108.366s][info ][gc,start       ] GC(125) Pause Young (Allocation Failure)
[5108.368s][debug][gc,phases      ] GC(125) Scavenge 2.249ms
[5108.368s][debug][gc,ref         ] GC(125) ReferenceProcessor::execute queues: 1, RefProcThreadModel::Single, marks_oops_alive: false
[5108.368s][debug][gc,ref         ] GC(125) Skipped KeepAliveFinalRefsPhase of Reference Processing: no references
[5108.368s][debug][gc,ref         ] GC(125) Skipped PhantomRefsPhase of Reference Processing: no references
[5108.368s][debug][gc,phases      ] GC(125) Reference Processing 0.100ms
[5108.368s][debug][gc,phases      ] GC(125)   VM Weak                        Min:  0.0, Avg:  0.0, Max:  0.0, Diff:  0.0, Sum:  0.0, Workers: 4
[5108.368s][debug][gc,phases      ] GC(125)     Dead                           Min: 0, Avg:  0.0, Max: 0, Diff: 0, Sum: 0, Workers: 4
[5108.368s][debug][gc,phases      ] GC(125)     Total                          Min: 0, Avg: 246.0, Max: 832, Diff: 832, Sum: 984, Workers: 4
[5108.368s][debug][gc,phases      ] GC(125)   ObjectSynchronizer Weak        Min:  0.0, Avg:  0.0, Max:  0.0, Diff:  0.0, Sum:  0.0, Workers: 4
[5108.368s][debug][gc,phases      ] GC(125)     Dead                           Min: 0, Avg:  0.0, Max: 0, Diff: 0, Sum: 0, Workers: 4
[5108.368s][debug][gc,phases      ] GC(125)     Total                          Min: 0, Avg:  0.8, Max: 3, Diff: 3, Sum: 3, Workers: 4
[5108.368s][debug][gc,phases      ] GC(125)   JVMTI Tag Weak OopStorage      Min:  0.0, Avg:  0.0, Max:  0.0, Diff:  0.0, Sum:  0.0, Workers: 4
[5108.368s][debug][gc,phases      ] GC(125)     Dead                           Min: 0, Avg:  0.0, Max: 0, Diff: 0, Sum: 0, Workers: 4
[5108.368s][debug][gc,phases      ] GC(125)     Total                          Min: 0, Avg:  0.0, Max: 0, Diff: 0, Sum: 0, Workers: 4
[5108.368s][debug][gc,phases      ] GC(125)   StringTable Weak               Min:  0.1, Avg:  0.1, Max:  0.1, Diff:  0.0, Sum:  0.5, Workers: 4
[5108.368s][debug][gc,phases      ] GC(125)     Dead                           Min: 0, Avg:  0.0, Max: 0, Diff: 0, Sum: 0, Workers: 4
[5108.368s][debug][gc,phases      ] GC(125)     Total                          Min: 11710, Avg: 11940.2, Max: 12160, Diff: 450, Sum: 47761, Workers: 4
[5108.368s][debug][gc,phases      ] GC(125)   ResolvedMethodTable Weak       Min:  0.0, Avg:  0.0, Max:  0.0, Diff:  0.0, Sum:  0.2, Workers: 4
[5108.368s][debug][gc,phases      ] GC(125)     Dead                           Min: 0, Avg:  4.0, Max: 16, Diff: 16, Sum: 16, Workers: 4
[5108.368s][debug][gc,phases      ] GC(125)     Total                          Min: 3808, Avg: 3889.5, Max: 3979, Diff: 171, Sum: 15558, Workers: 4
[5108.368s][debug][gc,phases      ] GC(125)   JNI Weak                       Min:  0.0, Avg:  0.0, Max:  0.0, Diff:  0.0, Sum:  0.0, Workers: 4
[5108.368s][debug][gc,phases      ] GC(125)     Dead                           Min: 0, Avg:  0.0, Max: 0, Diff: 0, Sum: 0, Workers: 4
[5108.368s][debug][gc,phases      ] GC(125)     Total                          Min: 0, Avg: 13.0, Max: 52, Diff: 52, Sum: 52, Workers: 4
[5108.368s][debug][gc,phases      ] GC(125)   StringDedup Table Weak         Min:  0.0, Avg:  0.0, Max:  0.0, Diff:  0.0, Sum:  0.0, Workers: 4
[5108.368s][debug][gc,phases      ] GC(125)     Dead                           Min: 0, Avg:  0.0, Max: 0, Diff: 0, Sum: 0, Workers: 4
[5108.368s][debug][gc,phases      ] GC(125)     Total                          Min: 0, Avg:  0.0, Max: 0, Diff: 0, Sum: 0, Workers: 4
[5108.368s][debug][gc,phases      ] GC(125)   StringDedup Requests0 Weak     Min:  0.0, Avg:  0.0, Max:  0.0, Diff:  0.0, Sum:  0.0, Workers: 4
[5108.368s][debug][gc,phases      ] GC(125)     Dead                           Min: 0, Avg:  0.0, Max: 0, Diff: 0, Sum: 0, Workers: 4
[5108.368s][debug][gc,phases      ] GC(125)     Total                          Min: 0, Avg:  0.0, Max: 0, Diff: 0, Sum: 0, Workers: 4
[5108.368s][debug][gc,phases      ] GC(125)   StringDedup Requests1 Weak     Min:  0.0, Avg:  0.0, Max:  0.0, Diff:  0.0, Sum:  0.0, Workers: 4
[5108.368s][debug][gc,phases      ] GC(125)     Dead                           Min: 0, Avg:  0.0, Max: 0, Diff: 0, Sum: 0, Workers: 4
[5108.368s][debug][gc,phases      ] GC(125)     Total                          Min: 0, Avg:  0.0, Max: 0, Diff: 0, Sum: 0, Workers: 4
[5108.368s][debug][gc,phases      ] GC(125)   Weak JFR Old Object Samples    Min:  0.0, Avg:  0.0, Max:  0.0, Diff:  0.0, Sum:  0.0, Workers: 4
[5108.368s][debug][gc,phases      ] GC(125)     Dead                           Min: 0, Avg:  0.0, Max: 0, Diff: 0, Sum: 0, Workers: 4
[5108.368s][debug][gc,phases      ] GC(125)     Total                          Min: 0, Avg:  0.0, Max: 0, Diff: 0, Sum: 0, Workers: 4
[5108.368s][debug][gc,phases      ] GC(125) Weak Processing 0.343ms
[5108.368s][debug][gc,age         ] GC(125) Desired survivor size 5242880 bytes, new threshold 1 (max threshold 15)
[5108.368s][info ][gc,heap        ] GC(125) PSYoungGen: 2087792K(2091520K)->2560K(2092032K) Eden: 2085888K(2085888K)->0K(2086400K) From: 1904K(5632K)->2560K(5632K)
[5108.368s][info ][gc,heap        ] GC(125) ParOldGen: 458889K(570368K)->459765K(570368K)
[5108.368s][info ][gc,metaspace   ] GC(125) Metaspace: 110607K(111936K)->110607K(111936K) NonClass: 94086K(94848K)->94086K(94848K) Class: 16521K(17088K)->16521K(17088K)
[5108.368s][info ][gc             ] GC(125) Pause Young (Allocation Failure) 2486M->451M(2600M) 2.807ms
[5108.368s][info ][gc,cpu         ] GC(125) User=0.01s Sys=0.00s Real=0.00s
[5108.368s][info ][safepoint      ] Safepoint "ParallelGCFailedAllocation", Time since last: 6143469568 ns, Reaching safepoint: 109001 ns, Cleanup: 5600 ns, At safepoint: 2903025 ns, Total: 3017626 ns
[5115.369s][info ][safepoint      ] Safepoint "Cleanup", Time since last: 7000491322 ns, Reaching safepoint: 87400 ns, Cleanup: 8700 ns, At safepoint: 5700 ns, Total: 101800 ns
[5137.371s][info ][safepoint      ] Safepoint "Cleanup", Time since last: 22001681944 ns, Reaching safepoint: 79301 ns, Cleanup: 9200 ns, At safepoint: 27200 ns, Total: 115701 ns
[5152.372s][info ][safepoint      ] Safepoint "Cleanup", Time since last: 15001099965 ns, Reaching safepoint: 6500 ns, Cleanup: 9000 ns, At safepoint: 2000 ns, Total: 17500 ns
[5156.434s][info ][gc,start       ] GC(126) Pause Young (Allocation Failure)
[5156.437s][debug][gc,phases      ] GC(126) Scavenge 2.582ms
[5156.437s][debug][gc,ref         ] GC(126) ReferenceProcessor::execute queues: 1, RefProcThreadModel::Single, marks_oops_alive: false
[5156.437s][debug][gc,ref         ] GC(126) Skipped KeepAliveFinalRefsPhase of Reference Processing: no references
[5156.437s][debug][gc,ref         ] GC(126) ReferenceProcessor::execute queues: 1, RefProcThreadModel::Single, marks_oops_alive: false
[5156.437s][debug][gc,phases      ] GC(126) Reference Processing 0.125ms
[5156.438s][debug][gc,phases      ] GC(126)   VM Weak                        Min:  0.0, Avg:  0.0, Max:  0.0, Diff:  0.0, Sum:  0.0, Workers: 4
[5156.438s][debug][gc,phases      ] GC(126)     Dead                           Min: 0, Avg:  0.0, Max: 0, Diff: 0, Sum: 0, Workers: 4
[5156.438s][debug][gc,phases      ] GC(126)     Total                          Min: 0, Avg: 246.0, Max: 832, Diff: 832, Sum: 984, Workers: 4
[5156.438s][debug][gc,phases      ] GC(126)   ObjectSynchronizer Weak        Min:  0.0, Avg:  0.0, Max:  0.0, Diff:  0.0, Sum:  0.0, Workers: 4
[5156.438s][debug][gc,phases      ] GC(126)     Dead                           Min: 0, Avg:  0.0, Max: 0, Diff: 0, Sum: 0, Workers: 4
[5156.438s][debug][gc,phases      ] GC(126)     Total                          Min: 0, Avg:  0.8, Max: 3, Diff: 3, Sum: 3, Workers: 4
[5156.438s][debug][gc,phases      ] GC(126)   JVMTI Tag Weak OopStorage      Min:  0.0, Avg:  0.0, Max:  0.0, Diff:  0.0, Sum:  0.0, Workers: 4
[5156.438s][debug][gc,phases      ] GC(126)     Dead                           Min: 0, Avg:  0.0, Max: 0, Diff: 0, Sum: 0, Workers: 4
[5156.438s][debug][gc,phases      ] GC(126)     Total                          Min: 0, Avg:  0.0, Max: 0, Diff: 0, Sum: 0, Workers: 4
[5156.438s][debug][gc,phases      ] GC(126)   StringTable Weak               Min:  0.0, Avg:  0.1, Max:  0.2, Diff:  0.2, Sum:  0.4, Workers: 4
[5156.438s][debug][gc,phases      ] GC(126)     Dead                           Min: 0, Avg:  0.2, Max: 1, Diff: 1, Sum: 1, Workers: 4
[5156.438s][debug][gc,phases      ] GC(126)     Total                          Min: 0, Avg: 11941.2, Max: 24062, Diff: 24062, Sum: 47765, Workers: 4
[5156.438s][debug][gc,phases      ] GC(126)   ResolvedMethodTable Weak       Min:  0.0, Avg:  0.0, Max:  0.1, Diff:  0.1, Sum:  0.1, Workers: 4
[5156.438s][debug][gc,phases      ] GC(126)     Dead                           Min: 0, Avg:  4.8, Max: 19, Diff: 19, Sum: 19, Workers: 4
[5156.438s][debug][gc,phases      ] GC(126)     Total                          Min: 0, Avg: 3891.5, Max: 7853, Diff: 7853, Sum: 15566, Workers: 4
[5156.438s][debug][gc,phases      ] GC(126)   JNI Weak                       Min:  0.0, Avg:  0.0, Max:  0.0, Diff:  0.0, Sum:  0.0, Workers: 4
[5156.438s][debug][gc,phases      ] GC(126)     Dead                           Min: 0, Avg:  0.0, Max: 0, Diff: 0, Sum: 0, Workers: 4
[5156.438s][debug][gc,phases      ] GC(126)     Total                          Min: 0, Avg: 13.0, Max: 52, Diff: 52, Sum: 52, Workers: 4
[5156.438s][debug][gc,phases      ] GC(126)   StringDedup Table Weak         Min:  0.0, Avg:  0.0, Max:  0.0, Diff:  0.0, Sum:  0.0, Workers: 4
[5156.438s][debug][gc,phases      ] GC(126)     Dead                           Min: 0, Avg:  0.0, Max: 0, Diff: 0, Sum: 0, Workers: 4
[5156.438s][debug][gc,phases      ] GC(126)     Total                          Min: 0, Avg:  0.0, Max: 0, Diff: 0, Sum: 0, Workers: 4
[5156.438s][debug][gc,phases      ] GC(126)   StringDedup Requests0 Weak     Min:  0.0, Avg:  0.0, Max:  0.0, Diff:  0.0, Sum:  0.0, Workers: 4
[5156.438s][debug][gc,phases      ] GC(126)     Dead                           Min: 0, Avg:  0.0, Max: 0, Diff: 0, Sum: 0, Workers: 4
[5156.438s][debug][gc,phases      ] GC(126)     Total                          Min: 0, Avg:  0.0, Max: 0, Diff: 0, Sum: 0, Workers: 4
[5156.438s][debug][gc,phases      ] GC(126)   StringDedup Requests1 Weak     Min:  0.0, Avg:  0.0, Max:  0.0, Diff:  0.0, Sum:  0.0, Workers: 4
[5156.438s][debug][gc,phases      ] GC(126)     Dead                           Min: 0, Avg:  0.0, Max: 0, Diff: 0, Sum: 0, Workers: 4
[5156.438s][debug][gc,phases      ] GC(126)     Total                          Min: 0, Avg:  0.0, Max: 0, Diff: 0, Sum: 0, Workers: 4
[5156.438s][debug][gc,phases      ] GC(126)   Weak JFR Old Object Samples    Min:  0.0, Avg:  0.0, Max:  0.0, Diff:  0.0, Sum:  0.0, Workers: 4
[5156.438s][debug][gc,phases      ] GC(126)     Dead                           Min: 0, Avg:  0.0, Max: 0, Diff: 0, Sum: 0, Workers: 4
[5156.438s][debug][gc,phases      ] GC(126)     Total                          Min: 0, Avg:  0.0, Max: 0, Diff: 0, Sum: 0, Workers: 4
[5156.438s][debug][gc,phases      ] GC(126) Weak Processing 0.512ms
[5156.438s][debug][gc,age         ] GC(126) Desired survivor size 5242880 bytes, new threshold 1 (max threshold 15)
[5156.438s][info ][gc,heap        ] GC(126) PSYoungGen: 2088960K(2092032K)->3040K(2091520K) Eden: 2086400K(2086400K)->0K(2086400K) From: 2560K(5632K)->3040K(5120K)
[5156.438s][info ][gc,heap        ] GC(126) ParOldGen: 459765K(570368K)->460609K(570368K)
[5156.438s][info ][gc,metaspace   ] GC(126) Metaspace: 110617K(111936K)->110617K(111936K) NonClass: 94093K(94848K)->94093K(94848K) Class: 16523K(17088K)->16523K(17088K)
[5156.438s][info ][gc             ] GC(126) Pause Young (Allocation Failure) 2488M->452M(2599M) 3.307ms
[5156.438s][info ][gc,cpu         ] GC(126) User=0.01s Sys=0.00s Real=0.00s
[5156.438s][info ][safepoint      ] Safepoint "ParallelGCFailedAllocation", Time since last: 4062502114 ns, Reaching safepoint: 5300 ns, Cleanup: 2600 ns, At safepoint: 3365430 ns, Total: 3373330 ns
[5181.440s][info ][safepoint      ] Safepoint "Cleanup", Time since last: 25001769922 ns, Reaching safepoint: 79301 ns, Cleanup: 10000 ns, At safepoint: 6700 ns, Total: 96001 ns
[5182.440s][info ][safepoint      ] Safepoint "Cleanup", Time since last: 1000104993 ns, Reaching safepoint: 5500 ns, Cleanup: 10600 ns, At safepoint: 2700 ns, Total: 18800 ns
[5185.440s][info ][safepoint      ] Safepoint "Cleanup", Time since last: 3000249784 ns, Reaching safepoint: 6600 ns, Cleanup: 13800 ns, At safepoint: 3400 ns, Total: 23800 ns
[5200.441s][info ][safepoint      ] Safepoint "Cleanup", Time since last: 15001100312 ns, Reaching safepoint: 6000 ns, Cleanup: 10600 ns, At safepoint: 2100 ns, Total: 18700 ns
[5202.016s][info ][gc,start       ] GC(127) Pause Young (Allocation Failure)
[5202.019s][debug][gc,phases      ] GC(127) Scavenge 3.412ms
[5202.019s][debug][gc,ref         ] GC(127) ReferenceProcessor::execute queues: 1, RefProcThreadModel::Single, marks_oops_alive: false
[5202.019s][debug][gc,ref         ] GC(127) Skipped KeepAliveFinalRefsPhase of Reference Processing: no references
[5202.019s][debug][gc,ref         ] GC(127) ReferenceProcessor::execute queues: 1, RefProcThreadModel::Single, marks_oops_alive: false
[5202.019s][debug][gc,phases      ] GC(127) Reference Processing 0.098ms
[5202.019s][debug][gc,phases      ] GC(127)   VM Weak                        Min:  0.0, Avg:  0.0, Max:  0.0, Diff:  0.0, Sum:  0.0, Workers: 4
[5202.019s][debug][gc,phases      ] GC(127)     Dead                           Min: 0, Avg:  0.0, Max: 0, Diff: 0, Sum: 0, Workers: 4
[5202.020s][debug][gc,phases      ] GC(127)     Total                          Min: 0, Avg: 246.0, Max: 512, Diff: 512, Sum: 984, Workers: 4
[5202.020s][debug][gc,phases      ] GC(127)   ObjectSynchronizer Weak        Min:  0.0, Avg:  0.0, Max:  0.0, Diff:  0.0, Sum:  0.0, Workers: 4
[5202.020s][debug][gc,phases      ] GC(127)     Dead                           Min: 0, Avg:  0.0, Max: 0, Diff: 0, Sum: 0, Workers: 4
[5202.020s][debug][gc,phases      ] GC(127)     Total                          Min: 0, Avg:  1.0, Max: 4, Diff: 4, Sum: 4, Workers: 4
[5202.020s][debug][gc,phases      ] GC(127)   JVMTI Tag Weak OopStorage      Min:  0.0, Avg:  0.0, Max:  0.0, Diff:  0.0, Sum:  0.0, Workers: 4
[5202.020s][debug][gc,phases      ] GC(127)     Dead                           Min: 0, Avg:  0.0, Max: 0, Diff: 0, Sum: 0, Workers: 4
[5202.020s][debug][gc,phases      ] GC(127)     Total                          Min: 0, Avg:  0.0, Max: 0, Diff: 0, Sum: 0, Workers: 4
[5202.020s][debug][gc,phases      ] GC(127)   StringTable Weak               Min:  0.1, Avg:  0.1, Max:  0.1, Diff:  0.0, Sum:  0.5, Workers: 4
[5202.020s][debug][gc,phases      ] GC(127)     Dead                           Min: 0, Avg:  0.0, Max: 0, Diff: 0, Sum: 0, Workers: 4
[5202.020s][debug][gc,phases      ] GC(127)     Total                          Min: 11800, Avg: 11941.8, Max: 12096, Diff: 296, Sum: 47767, Workers: 4
[5202.020s][debug][gc,phases      ] GC(127)   ResolvedMethodTable Weak       Min:  0.0, Avg:  0.0, Max:  0.0, Diff:  0.0, Sum:  0.2, Workers: 4
[5202.020s][debug][gc,phases      ] GC(127)     Dead                           Min: 0, Avg:  4.0, Max: 16, Diff: 16, Sum: 16, Workers: 4
[5202.020s][debug][gc,phases      ] GC(127)     Total                          Min: 3730, Avg: 3892.0, Max: 3984, Diff: 254, Sum: 15568, Workers: 4
[5202.020s][debug][gc,phases      ] GC(127)   JNI Weak                       Min:  0.0, Avg:  0.0, Max:  0.0, Diff:  0.0, Sum:  0.0, Workers: 4
[5202.020s][debug][gc,phases      ] GC(127)     Dead                           Min: 0, Avg:  0.0, Max: 0, Diff: 0, Sum: 0, Workers: 4
[5202.020s][debug][gc,phases      ] GC(127)     Total                          Min: 0, Avg: 13.0, Max: 52, Diff: 52, Sum: 52, Workers: 4
[5202.020s][debug][gc,phases      ] GC(127)   StringDedup Table Weak         Min:  0.0, Avg:  0.0, Max:  0.0, Diff:  0.0, Sum:  0.0, Workers: 4
[5202.020s][debug][gc,phases      ] GC(127)     Dead                           Min: 0, Avg:  0.0, Max: 0, Diff: 0, Sum: 0, Workers: 4
[5202.020s][debug][gc,phases      ] GC(127)     Total                          Min: 0, Avg:  0.0, Max: 0, Diff: 0, Sum: 0, Workers: 4
[5202.020s][debug][gc,phases      ] GC(127)   StringDedup Requests0 Weak     Min:  0.0, Avg:  0.0, Max:  0.0, Diff:  0.0, Sum:  0.0, Workers: 4
[5202.020s][debug][gc,phases      ] GC(127)     Dead                           Min: 0, Avg:  0.0, Max: 0, Diff: 0, Sum: 0, Workers: 4
[5202.020s][debug][gc,phases      ] GC(127)     Total                          Min: 0, Avg:  0.0, Max: 0, Diff: 0, Sum: 0, Workers: 4
[5202.020s][debug][gc,phases      ] GC(127)   StringDedup Requests1 Weak     Min:  0.0, Avg:  0.0, Max:  0.0, Diff:  0.0, Sum:  0.0, Workers: 4
[5202.020s][debug][gc,phases      ] GC(127)     Dead                           Min: 0, Avg:  0.0, Max: 0, Diff: 0, Sum: 0, Workers: 4
[5202.020s][debug][gc,phases      ] GC(127)     Total                          Min: 0, Avg:  0.0, Max: 0, Diff: 0, Sum: 0, Workers: 4
[5202.020s][debug][gc,phases      ] GC(127)   Weak JFR Old Object Samples    Min:  0.0, Avg:  0.0, Max:  0.0, Diff:  0.0, Sum:  0.0, Workers: 4
[5202.020s][debug][gc,phases      ] GC(127)     Dead                           Min: 0, Avg:  0.0, Max: 0, Diff: 0, Sum: 0, Workers: 4
[5202.020s][debug][gc,phases      ] GC(127)     Total                          Min: 0, Avg:  0.0, Max: 0, Diff: 0, Sum: 0, Workers: 4
[5202.020s][debug][gc,phases      ] GC(127) Weak Processing 0.322ms
[5202.020s][debug][gc,age         ] GC(127) Desired survivor size 5242880 bytes, new threshold 1 (max threshold 15)
[5202.020s][info ][gc,heap        ] GC(127) PSYoungGen: 2089440K(2091520K)->2528K(2092032K) Eden: 2086400K(2086400K)->0K(2086912K) From: 3040K(5120K)->2528K(5120K)
[5202.020s][info ][gc,heap        ] GC(127) ParOldGen: 460609K(570368K)->462246K(570368K)
[5202.020s][info ][gc,metaspace   ] GC(127) Metaspace: 110626K(111936K)->110626K(111936K) NonClass: 94102K(94848K)->94102K(94848K) Class: 16524K(17088K)->16524K(17088K)
[5202.020s][info ][gc             ] GC(127) Pause Young (Allocation Failure) 2490M->453M(2600M) 3.960ms
[5202.020s][info ][gc,cpu         ] GC(127) User=0.01s Sys=0.00s Real=0.00s
[5202.020s][info ][safepoint      ] Safepoint "ParallelGCFailedAllocation", Time since last: 1574394829 ns, Reaching safepoint: 76600 ns, Cleanup: 3700 ns, At safepoint: 4024736 ns, Total: 4105036 ns
[5207.020s][info ][safepoint      ] Safepoint "Cleanup", Time since last: 5000369302 ns, Reaching safepoint: 78701 ns, Cleanup: 8900 ns, At safepoint: 7000 ns, Total: 94601 ns
[5213.021s][info ][safepoint      ] Safepoint "Cleanup", Time since last: 6000448828 ns, Reaching safepoint: 76701 ns, Cleanup: 8300 ns, At safepoint: 5600 ns, Total: 90601 ns
[5216.021s][info ][safepoint      ] Safepoint "Cleanup", Time since last: 3000252918 ns, Reaching safepoint: 5100 ns, Cleanup: 8600 ns, At safepoint: 1600 ns, Total: 15300 ns
[5221.721s][info ][safepoint      ] Safepoint "Cleanup", Time since last: 5699836332 ns, Reaching safepoint: 3500 ns, Cleanup: 8800 ns, At safepoint: 2100 ns, Total: 14400 ns
[5245.723s][info ][safepoint      ] Safepoint "Cleanup", Time since last: 24001728453 ns, Reaching safepoint: 5301 ns, Cleanup: 7900 ns, At safepoint: 1900 ns, Total: 15101 ns
[5247.454s][info ][gc,start       ] GC(128) Pause Young (Allocation Failure)
[5247.458s][debug][gc,phases      ] GC(128) Scavenge 4.132ms
[5247.458s][debug][gc,ref         ] GC(128) ReferenceProcessor::execute queues: 1, RefProcThreadModel::Single, marks_oops_alive: false
[5247.458s][debug][gc,ref         ] GC(128) Skipped KeepAliveFinalRefsPhase of Reference Processing: no references
[5247.458s][debug][gc,ref         ] GC(128) ReferenceProcessor::execute queues: 1, RefProcThreadModel::Single, marks_oops_alive: false
[5247.458s][debug][gc,phases      ] GC(128) Reference Processing 0.094ms
[5247.458s][debug][gc,phases      ] GC(128)   VM Weak                        Min:  0.0, Avg:  0.0, Max:  0.0, Diff:  0.0, Sum:  0.0, Workers: 4
[5247.458s][debug][gc,phases      ] GC(128)     Dead                           Min: 0, Avg:  0.0, Max: 0, Diff: 0, Sum: 0, Workers: 4
[5247.458s][debug][gc,phases      ] GC(128)     Total                          Min: 0, Avg: 246.0, Max: 728, Diff: 728, Sum: 984, Workers: 4
[5247.458s][debug][gc,phases      ] GC(128)   ObjectSynchronizer Weak        Min:  0.0, Avg:  0.0, Max:  0.0, Diff:  0.0, Sum:  0.0, Workers: 4
[5247.458s][debug][gc,phases      ] GC(128)     Dead                           Min: 0, Avg:  0.0, Max: 0, Diff: 0, Sum: 0, Workers: 4
[5247.458s][debug][gc,phases      ] GC(128)     Total                          Min: 0, Avg:  1.0, Max: 4, Diff: 4, Sum: 4, Workers: 4
[5247.458s][debug][gc,phases      ] GC(128)   JVMTI Tag Weak OopStorage      Min:  0.0, Avg:  0.0, Max:  0.0, Diff:  0.0, Sum:  0.0, Workers: 4
[5247.458s][debug][gc,phases      ] GC(128)     Dead                           Min: 0, Avg:  0.0, Max: 0, Diff: 0, Sum: 0, Workers: 4
[5247.458s][debug][gc,phases      ] GC(128)     Total                          Min: 0, Avg:  0.0, Max: 0, Diff: 0, Sum: 0, Workers: 4
[5247.458s][debug][gc,phases      ] GC(128)   StringTable Weak               Min:  0.1, Avg:  0.1, Max:  0.1, Diff:  0.0, Sum:  0.4, Workers: 4
[5247.458s][debug][gc,phases      ] GC(128)     Dead                           Min: 0, Avg:  0.0, Max: 0, Diff: 0, Sum: 0, Workers: 4
[5247.458s][debug][gc,phases      ] GC(128)     Total                          Min: 11645, Avg: 11942.0, Max: 12352, Diff: 707, Sum: 47768, Workers: 4
[5247.458s][debug][gc,phases      ] GC(128)   ResolvedMethodTable Weak       Min:  0.0, Avg:  0.0, Max:  0.0, Diff:  0.0, Sum:  0.1, Workers: 4
[5247.458s][debug][gc,phases      ] GC(128)     Dead                           Min: 0, Avg:  4.8, Max: 19, Diff: 19, Sum: 19, Workers: 4
[5247.458s][debug][gc,phases      ] GC(128)     Total                          Min: 3636, Avg: 3892.0, Max: 4143, Diff: 507, Sum: 15568, Workers: 4
[5247.458s][debug][gc,phases      ] GC(128)   JNI Weak                       Min:  0.0, Avg:  0.0, Max:  0.0, Diff:  0.0, Sum:  0.0, Workers: 4
[5247.458s][debug][gc,phases      ] GC(128)     Dead                           Min: 0, Avg:  0.0, Max: 0, Diff: 0, Sum: 0, Workers: 4
[5247.458s][debug][gc,phases      ] GC(128)     Total                          Min: 0, Avg: 13.0, Max: 52, Diff: 52, Sum: 52, Workers: 4
[5247.458s][debug][gc,phases      ] GC(128)   StringDedup Table Weak         Min:  0.0, Avg:  0.0, Max:  0.0, Diff:  0.0, Sum:  0.0, Workers: 4
[5247.458s][debug][gc,phases      ] GC(128)     Dead                           Min: 0, Avg:  0.0, Max: 0, Diff: 0, Sum: 0, Workers: 4
[5247.458s][debug][gc,phases      ] GC(128)     Total                          Min: 0, Avg:  0.0, Max: 0, Diff: 0, Sum: 0, Workers: 4
[5247.458s][debug][gc,phases      ] GC(128)   StringDedup Requests0 Weak     Min:  0.0, Avg:  0.0, Max:  0.0, Diff:  0.0, Sum:  0.0, Workers: 4
[5247.458s][debug][gc,phases      ] GC(128)     Dead                           Min: 0, Avg:  0.0, Max: 0, Diff: 0, Sum: 0, Workers: 4
[5247.458s][debug][gc,phases      ] GC(128)     Total                          Min: 0, Avg:  0.0, Max: 0, Diff: 0, Sum: 0, Workers: 4
[5247.458s][debug][gc,phases      ] GC(128)   StringDedup Requests1 Weak     Min:  0.0, Avg:  0.0, Max:  0.0, Diff:  0.0, Sum:  0.0, Workers: 4
[5247.458s][debug][gc,phases      ] GC(128)     Dead                           Min: 0, Avg:  0.0, Max: 0, Diff: 0, Sum: 0, Workers: 4
[5247.458s][debug][gc,phases      ] GC(128)     Total                          Min: 0, Avg:  0.0, Max: 0, Diff: 0, Sum: 0, Workers: 4
[5247.458s][debug][gc,phases      ] GC(128)   Weak JFR Old Object Samples    Min:  0.0, Avg:  0.0, Max:  0.0, Diff:  0.0, Sum:  0.0, Workers: 4
[5247.458s][debug][gc,phases      ] GC(128)     Dead                           Min: 0, Avg:  0.0, Max: 0, Diff: 0, Sum: 0, Workers: 4
[5247.458s][debug][gc,phases      ] GC(128)     Total                          Min: 0, Avg:  0.0, Max: 0, Diff: 0, Sum: 0, Workers: 4
[5247.458s][debug][gc,phases      ] GC(128) Weak Processing 0.333ms
[5247.458s][debug][gc,age         ] GC(128) Desired survivor size 5242880 bytes, new threshold 1 (max threshold 15)
[5247.458s][info ][gc,heap        ] GC(128) PSYoungGen: 2089440K(2092032K)->3280K(2092032K) Eden: 2086912K(2086912K)->0K(2086912K) From: 2528K(5120K)->3280K(5120K)
[5247.458s][info ][gc,heap        ] GC(128) ParOldGen: 462246K(570368K)->463114K(570368K)
[5247.458s][info ][gc,metaspace   ] GC(128) Metaspace: 110640K(111936K)->110640K(111936K) NonClass: 94116K(94848K)->94116K(94848K) Class: 16524K(17088K)->16524K(17088K)
[5247.458s][info ][gc             ] GC(128) Pause Young (Allocation Failure) 2491M->455M(2600M) 4.659ms
[5247.458s][info ][gc,cpu         ] GC(128) User=0.02s Sys=0.00s Real=0.00s
[5247.458s][info ][safepoint      ] Safepoint "ParallelGCFailedAllocation", Time since last: 1731022193 ns, Reaching safepoint: 5100 ns, Cleanup: 3600 ns, At safepoint: 4720242 ns, Total: 4728942 ns
[5257.459s][info ][safepoint      ] Safepoint "Cleanup", Time since last: 10000707392 ns, Reaching safepoint: 6300 ns, Cleanup: 11900 ns, At safepoint: 2500 ns, Total: 20700 ns
[5274.460s][info ][safepoint      ] Safepoint "Cleanup", Time since last: 17001230888 ns, Reaching safepoint: 5400 ns, Cleanup: 8200 ns, At safepoint: 2100 ns, Total: 15700 ns
[5279.461s][info ][safepoint      ] Safepoint "Cleanup", Time since last: 5000392555 ns, Reaching safepoint: 5300 ns, Cleanup: 10200 ns, At safepoint: 2100 ns, Total: 17600 ns
[5280.461s][info ][safepoint      ] Safepoint "Cleanup", Time since last: 1000113402 ns, Reaching safepoint: 4700 ns, Cleanup: 9400 ns, At safepoint: 2400 ns, Total: 16500 ns
[5281.461s][info ][safepoint      ] Safepoint "Cleanup", Time since last: 1000122703 ns, Reaching safepoint: 6200 ns, Cleanup: 18100 ns, At safepoint: 2700 ns, Total: 27000 ns
[5282.738s][info ][safepoint      ] Safepoint "Cleanup", Time since last: 1277122912 ns, Reaching safepoint: 5400 ns, Cleanup: 15300 ns, At safepoint: 1900 ns, Total: 22600 ns
[5286.738s][info ][safepoint      ] Safepoint "Cleanup", Time since last: 4000315607 ns, Reaching safepoint: 5400 ns, Cleanup: 8100 ns, At safepoint: 2300 ns, Total: 15800 ns
[5287.739s][info ][safepoint      ] Safepoint "Cleanup", Time since last: 1000105002 ns, Reaching safepoint: 5300 ns, Cleanup: 8800 ns, At safepoint: 1900 ns, Total: 16000 ns
[5289.739s][info ][safepoint      ] Safepoint "Cleanup", Time since last: 2000172000 ns, Reaching safepoint: 5500 ns, Cleanup: 12900 ns, At safepoint: 2400 ns, Total: 20800 ns
[5291.516s][info ][gc,start       ] GC(129) Pause Young (Allocation Failure)
[5291.519s][debug][gc,phases      ] GC(129) Scavenge 3.352ms
[5291.519s][debug][gc,ref         ] GC(129) ReferenceProcessor::execute queues: 1, RefProcThreadModel::Single, marks_oops_alive: false
[5291.519s][debug][gc,ref         ] GC(129) Skipped KeepAliveFinalRefsPhase of Reference Processing: no references
[5291.519s][debug][gc,ref         ] GC(129) ReferenceProcessor::execute queues: 1, RefProcThreadModel::Single, marks_oops_alive: false
[5291.519s][debug][gc,phases      ] GC(129) Reference Processing 0.102ms
[5291.519s][debug][gc,phases      ] GC(129)   VM Weak                        Min:  0.0, Avg:  0.0, Max:  0.0, Diff:  0.0, Sum:  0.0, Workers: 4
[5291.519s][debug][gc,phases      ] GC(129)     Dead                           Min: 0, Avg:  0.0, Max: 0, Diff: 0, Sum: 0, Workers: 4
[5291.520s][debug][gc,phases      ] GC(129)     Total                          Min: 0, Avg: 247.0, Max: 384, Diff: 384, Sum: 988, Workers: 4
[5291.520s][debug][gc,phases      ] GC(129)   ObjectSynchronizer Weak        Min:  0.0, Avg:  0.0, Max:  0.0, Diff:  0.0, Sum:  0.0, Workers: 4
[5291.520s][debug][gc,phases      ] GC(129)     Dead                           Min: 0, Avg:  0.0, Max: 0, Diff: 0, Sum: 0, Workers: 4
[5291.520s][debug][gc,phases      ] GC(129)     Total                          Min: 0, Avg:  0.8, Max: 3, Diff: 3, Sum: 3, Workers: 4
[5291.520s][debug][gc,phases      ] GC(129)   JVMTI Tag Weak OopStorage      Min:  0.0, Avg:  0.0, Max:  0.0, Diff:  0.0, Sum:  0.0, Workers: 4
[5291.520s][debug][gc,phases      ] GC(129)     Dead                           Min: 0, Avg:  0.0, Max: 0, Diff: 0, Sum: 0, Workers: 4
[5291.520s][debug][gc,phases      ] GC(129)     Total                          Min: 0, Avg:  0.0, Max: 0, Diff: 0, Sum: 0, Workers: 4
[5291.520s][debug][gc,phases      ] GC(129)   StringTable Weak               Min:  0.0, Avg:  0.1, Max:  0.1, Diff:  0.1, Sum:  0.4, Workers: 4
[5291.520s][debug][gc,phases      ] GC(129)     Dead                           Min: 0, Avg:  0.0, Max: 0, Diff: 0, Sum: 0, Workers: 4
[5291.520s][debug][gc,phases      ] GC(129)     Total                          Min: 0, Avg: 11943.8, Max: 20513, Diff: 20513, Sum: 47775, Workers: 4
[5291.520s][debug][gc,phases      ] GC(129)   ResolvedMethodTable Weak       Min:  0.0, Avg:  0.0, Max:  0.0, Diff:  0.0, Sum:  0.1, Workers: 4
[5291.520s][debug][gc,phases      ] GC(129)     Dead                           Min: 0, Avg:  5.0, Max: 20, Diff: 20, Sum: 20, Workers: 4
[5291.520s][debug][gc,phases      ] GC(129)     Total                          Min: 0, Avg: 3894.8, Max: 6680, Diff: 6680, Sum: 15579, Workers: 4
[5291.520s][debug][gc,phases      ] GC(129)   JNI Weak                       Min:  0.0, Avg:  0.0, Max:  0.0, Diff:  0.0, Sum:  0.0, Workers: 4
[5291.520s][debug][gc,phases      ] GC(129)     Dead                           Min: 0, Avg:  0.0, Max: 0, Diff: 0, Sum: 0, Workers: 4
[5291.520s][debug][gc,phases      ] GC(129)     Total                          Min: 0, Avg: 13.0, Max: 52, Diff: 52, Sum: 52, Workers: 4
[5291.520s][debug][gc,phases      ] GC(129)   StringDedup Table Weak         Min:  0.0, Avg:  0.0, Max:  0.0, Diff:  0.0, Sum:  0.0, Workers: 4
[5291.520s][debug][gc,phases      ] GC(129)     Dead                           Min: 0, Avg:  0.0, Max: 0, Diff: 0, Sum: 0, Workers: 4
[5291.520s][debug][gc,phases      ] GC(129)     Total                          Min: 0, Avg:  0.0, Max: 0, Diff: 0, Sum: 0, Workers: 4
[5291.520s][debug][gc,phases      ] GC(129)   StringDedup Requests0 Weak     Min:  0.0, Avg:  0.0, Max:  0.0, Diff:  0.0, Sum:  0.0, Workers: 4
[5291.520s][debug][gc,phases      ] GC(129)     Dead                           Min: 0, Avg:  0.0, Max: 0, Diff: 0, Sum: 0, Workers: 4
[5291.520s][debug][gc,phases      ] GC(129)     Total                          Min: 0, Avg:  0.0, Max: 0, Diff: 0, Sum: 0, Workers: 4
[5291.520s][debug][gc,phases      ] GC(129)   StringDedup Requests1 Weak     Min:  0.0, Avg:  0.0, Max:  0.0, Diff:  0.0, Sum:  0.0, Workers: 4
[5291.520s][debug][gc,phases      ] GC(129)     Dead                           Min: 0, Avg:  0.0, Max: 0, Diff: 0, Sum: 0, Workers: 4
[5291.520s][debug][gc,phases      ] GC(129)     Total                          Min: 0, Avg:  0.0, Max: 0, Diff: 0, Sum: 0, Workers: 4
[5291.520s][debug][gc,phases      ] GC(129)   Weak JFR Old Object Samples    Min:  0.0, Avg:  0.0, Max:  0.0, Diff:  0.0, Sum:  0.0, Workers: 4
[5291.520s][debug][gc,phases      ] GC(129)     Dead                           Min: 0, Avg:  0.0, Max: 0, Diff: 0, Sum: 0, Workers: 4
[5291.520s][debug][gc,phases      ] GC(129)     Total                          Min: 0, Avg:  0.0, Max: 0, Diff: 0, Sum: 0, Workers: 4
[5291.520s][debug][gc,phases      ] GC(129) Weak Processing 0.367ms
[5291.520s][debug][gc,age         ] GC(129) Desired survivor size 5242880 bytes, new threshold 1 (max threshold 15)
[5291.520s][info ][gc,heap        ] GC(129) PSYoungGen: 2090192K(2092032K)->3856K(2092032K) Eden: 2086912K(2086912K)->0K(2086912K) From: 3280K(5120K)->3856K(5120K)
[5291.520s][info ][gc,heap        ] GC(129) ParOldGen: 463114K(570368K)->464174K(570368K)
[5291.520s][info ][gc,metaspace   ] GC(129) Metaspace: 110707K(112064K)->110707K(112064K) NonClass: 94179K(94912K)->94179K(94912K) Class: 16527K(17152K)->16527K(17152K)
[5291.520s][info ][gc             ] GC(129) Pause Young (Allocation Failure) 2493M->457M(2600M) 3.929ms
[5291.520s][info ][gc,cpu         ] GC(129) User=0.02s Sys=0.00s Real=0.00s
[5291.520s][info ][safepoint      ] Safepoint "ParallelGCFailedAllocation", Time since last: 1776848358 ns, Reaching safepoint: 80901 ns, Cleanup: 4000 ns, At safepoint: 4030835 ns, Total: 4115736 ns
[5293.520s][info ][safepoint      ] Safepoint "Cleanup", Time since last: 2000174001 ns, Reaching safepoint: 80800 ns, Cleanup: 9300 ns, At safepoint: 6800 ns, Total: 96900 ns
[5295.520s][info ][safepoint      ] Safepoint "Cleanup", Time since last: 2000175001 ns, Reaching safepoint: 76401 ns, Cleanup: 10800 ns, At safepoint: 6500 ns, Total: 93701 ns
[5296.520s][info ][safepoint      ] Safepoint "Cleanup", Time since last: 1000096600 ns, Reaching safepoint: 75201 ns, Cleanup: 8200 ns, At safepoint: 5700 ns, Total: 89101 ns
[5299.521s][info ][safepoint      ] Safepoint "Cleanup", Time since last: 3000277901 ns, Reaching safepoint: 80601 ns, Cleanup: 9600 ns, At safepoint: 7900 ns, Total: 98101 ns
[5302.521s][info ][safepoint      ] Safepoint "Cleanup", Time since last: 3000281001 ns, Reaching safepoint: 78501 ns, Cleanup: 10600 ns, At safepoint: 10300 ns, Total: 99401 ns
[5303.521s][info ][safepoint      ] Safepoint "Cleanup", Time since last: 1000115997 ns, Reaching safepoint: 5600 ns, Cleanup: 9600 ns, At safepoint: 2200 ns, Total: 17400 ns
[5314.522s][info ][safepoint      ] Safepoint "Cleanup", Time since last: 11000805518 ns, Reaching safepoint: 5600 ns, Cleanup: 9900 ns, At safepoint: 2100 ns, Total: 17600 ns
[5315.522s][info ][safepoint      ] Safepoint "Cleanup", Time since last: 1000100998 ns, Reaching safepoint: 5000 ns, Cleanup: 9500 ns, At safepoint: 1900 ns, Total: 16400 ns
[5320.523s][info ][safepoint      ] Safepoint "Cleanup", Time since last: 5000368201 ns, Reaching safepoint: 6100 ns, Cleanup: 15400 ns, At safepoint: 2200 ns, Total: 23700 ns
[5334.472s][info ][gc,start       ] GC(130) Pause Young (Allocation Failure)
[5334.475s][debug][gc,phases      ] GC(130) Scavenge 2.411ms
[5334.475s][debug][gc,ref         ] GC(130) ReferenceProcessor::execute queues: 1, RefProcThreadModel::Single, marks_oops_alive: false
[5334.475s][debug][gc,ref         ] GC(130) Skipped KeepAliveFinalRefsPhase of Reference Processing: no references
[5334.475s][debug][gc,ref         ] GC(130) Skipped PhantomRefsPhase of Reference Processing: no references
[5334.475s][debug][gc,phases      ] GC(130) Reference Processing 0.112ms
[5334.475s][debug][gc,phases      ] GC(130)   VM Weak                        Min:  0.0, Avg:  0.0, Max:  0.0, Diff:  0.0, Sum:  0.0, Workers: 4
[5334.475s][debug][gc,phases      ] GC(130)     Dead                           Min: 0, Avg:  0.0, Max: 0, Diff: 0, Sum: 0, Workers: 4
[5334.475s][debug][gc,phases      ] GC(130)     Total                          Min: 64, Avg: 247.0, Max: 448, Diff: 384, Sum: 988, Workers: 4
[5334.475s][debug][gc,phases      ] GC(130)   ObjectSynchronizer Weak        Min:  0.0, Avg:  0.0, Max:  0.0, Diff:  0.0, Sum:  0.0, Workers: 4
[5334.475s][debug][gc,phases      ] GC(130)     Dead                           Min: 0, Avg:  0.0, Max: 0, Diff: 0, Sum: 0, Workers: 4
[5334.475s][debug][gc,phases      ] GC(130)     Total                          Min: 0, Avg:  0.8, Max: 3, Diff: 3, Sum: 3, Workers: 4
[5334.475s][debug][gc,phases      ] GC(130)   JVMTI Tag Weak OopStorage      Min:  0.0, Avg:  0.0, Max:  0.0, Diff:  0.0, Sum:  0.0, Workers: 4
[5334.475s][debug][gc,phases      ] GC(130)     Dead                           Min: 0, Avg:  0.0, Max: 0, Diff: 0, Sum: 0, Workers: 4
[5334.475s][debug][gc,phases      ] GC(130)     Total                          Min: 0, Avg:  0.0, Max: 0, Diff: 0, Sum: 0, Workers: 4
[5334.475s][debug][gc,phases      ] GC(130)   StringTable Weak               Min:  0.1, Avg:  0.1, Max:  0.1, Diff:  0.0, Sum:  0.4, Workers: 4
[5334.475s][debug][gc,phases      ] GC(130)     Dead                           Min: 0, Avg:  0.0, Max: 0, Diff: 0, Sum: 0, Workers: 4
[5334.475s][debug][gc,phases      ] GC(130)     Total                          Min: 11839, Avg: 11943.8, Max: 12032, Diff: 193, Sum: 47775, Workers: 4
[5334.475s][debug][gc,phases      ] GC(130)   ResolvedMethodTable Weak       Min:  0.0, Avg:  0.0, Max:  0.0, Diff:  0.0, Sum:  0.1, Workers: 4
[5334.475s][debug][gc,phases      ] GC(130)     Dead                           Min: 0, Avg:  4.0, Max: 16, Diff: 16, Sum: 16, Workers: 4
[5334.475s][debug][gc,phases      ] GC(130)     Total                          Min: 3659, Avg: 3894.8, Max: 4345, Diff: 686, Sum: 15579, Workers: 4
[5334.475s][debug][gc,phases      ] GC(130)   JNI Weak                       Min:  0.0, Avg:  0.0, Max:  0.0, Diff:  0.0, Sum:  0.0, Workers: 4
[5334.475s][debug][gc,phases      ] GC(130)     Dead                           Min: 0, Avg:  0.0, Max: 0, Diff: 0, Sum: 0, Workers: 4
[5334.475s][debug][gc,phases      ] GC(130)     Total                          Min: 0, Avg: 13.0, Max: 52, Diff: 52, Sum: 52, Workers: 4
[5334.475s][debug][gc,phases      ] GC(130)   StringDedup Table Weak         Min:  0.0, Avg:  0.0, Max:  0.0, Diff:  0.0, Sum:  0.0, Workers: 4
[5334.475s][debug][gc,phases      ] GC(130)     Dead                           Min: 0, Avg:  0.0, Max: 0, Diff: 0, Sum: 0, Workers: 4
[5334.475s][debug][gc,phases      ] GC(130)     Total                          Min: 0, Avg:  0.0, Max: 0, Diff: 0, Sum: 0, Workers: 4
[5334.475s][debug][gc,phases      ] GC(130)   StringDedup Requests0 Weak     Min:  0.0, Avg:  0.0, Max:  0.0, Diff:  0.0, Sum:  0.0, Workers: 4
[5334.475s][debug][gc,phases      ] GC(130)     Dead                           Min: 0, Avg:  0.0, Max: 0, Diff: 0, Sum: 0, Workers: 4
[5334.475s][debug][gc,phases      ] GC(130)     Total                          Min: 0, Avg:  0.0, Max: 0, Diff: 0, Sum: 0, Workers: 4
[5334.475s][debug][gc,phases      ] GC(130)   StringDedup Requests1 Weak     Min:  0.0, Avg:  0.0, Max:  0.0, Diff:  0.0, Sum:  0.0, Workers: 4
[5334.475s][debug][gc,phases      ] GC(130)     Dead                           Min: 0, Avg:  0.0, Max: 0, Diff: 0, Sum: 0, Workers: 4
[5334.475s][debug][gc,phases      ] GC(130)     Total                          Min: 0, Avg:  0.0, Max: 0, Diff: 0, Sum: 0, Workers: 4
[5334.475s][debug][gc,phases      ] GC(130)   Weak JFR Old Object Samples    Min:  0.0, Avg:  0.0, Max:  0.0, Diff:  0.0, Sum:  0.0, Workers: 4
[5334.475s][debug][gc,phases      ] GC(130)     Dead                           Min: 0, Avg:  0.0, Max: 0, Diff: 0, Sum: 0, Workers: 4
[5334.475s][debug][gc,phases      ] GC(130)     Total                          Min: 0, Avg:  0.0, Max: 0, Diff: 0, Sum: 0, Workers: 4
[5334.475s][debug][gc,phases      ] GC(130) Weak Processing 0.354ms
[5334.475s][debug][gc,age         ] GC(130) Desired survivor size 5242880 bytes, new threshold 1 (max threshold 15)
[5334.475s][info ][gc,heap        ] GC(130) PSYoungGen: 2090768K(2092032K)->2128K(2092032K) Eden: 2086912K(2086912K)->0K(2086912K) From: 3856K(5120K)->2128K(5120K)
[5334.475s][info ][gc,heap        ] GC(130) ParOldGen: 464174K(570368K)->466275K(570368K)
[5334.475s][info ][gc,metaspace   ] GC(130) Metaspace: 110750K(112128K)->110750K(112128K) NonClass: 94223K(94976K)->94223K(94976K) Class: 16527K(17152K)->16527K(17152K)
[5334.475s][info ][gc             ] GC(130) Pause Young (Allocation Failure) 2495M->457M(2600M) 2.974ms
[5334.475s][info ][gc,cpu         ] GC(130) User=0.01s Sys=0.00s Real=0.00s
[5334.475s][info ][safepoint      ] Safepoint "ParallelGCFailedAllocation", Time since last: 13949362262 ns, Reaching safepoint: 76900 ns, Cleanup: 3400 ns, At safepoint: 3036427 ns, Total: 3116727 ns
[5335.475s][info ][safepoint      ] Safepoint "Cleanup", Time since last: 1000087306 ns, Reaching safepoint: 5400 ns, Cleanup: 8700 ns, At safepoint: 2900 ns, Total: 17000 ns
[5345.476s][info ][safepoint      ] Safepoint "Cleanup", Time since last: 10000741742 ns, Reaching safepoint: 4700 ns, Cleanup: 8501 ns, At safepoint: 2200 ns, Total: 15401 ns
[5348.476s][info ][safepoint      ] Safepoint "Cleanup", Time since last: 3000235530 ns, Reaching safepoint: 4700 ns, Cleanup: 8100 ns, At safepoint: 2100 ns, Total: 14900 ns
[5351.476s][info ][safepoint      ] Safepoint "Cleanup", Time since last: 3000234429 ns, Reaching safepoint: 4700 ns, Cleanup: 8700 ns, At safepoint: 2300 ns, Total: 15700 ns
[5353.477s][info ][safepoint      ] Safepoint "Cleanup", Time since last: 2000172401 ns, Reaching safepoint: 5500 ns, Cleanup: 10200 ns, At safepoint: 2200 ns, Total: 17900 ns
[5354.477s][info ][safepoint      ] Safepoint "Cleanup", Time since last: 1000127801 ns, Reaching safepoint: 4900 ns, Cleanup: 8000 ns, At safepoint: 1900 ns, Total: 14800 ns
[5357.477s][info ][safepoint      ] Safepoint "Cleanup", Time since last: 3000232501 ns, Reaching safepoint: 5800 ns, Cleanup: 12400 ns, At safepoint: 2300 ns, Total: 20500 ns
[5358.477s][info ][safepoint      ] Safepoint "Cleanup", Time since last: 1000115501 ns, Reaching safepoint: 5800 ns, Cleanup: 9100 ns, At safepoint: 2300 ns, Total: 17200 ns
[5366.478s][info ][safepoint      ] Safepoint "Cleanup", Time since last: 8000599180 ns, Reaching safepoint: 6100 ns, Cleanup: 9400 ns, At safepoint: 2500 ns, Total: 18000 ns
[5369.478s][info ][safepoint      ] Safepoint "Cleanup", Time since last: 3000260823 ns, Reaching safepoint: 5100 ns, Cleanup: 9300 ns, At safepoint: 2400 ns, Total: 16800 ns
[5376.366s][info ][gc,start       ] GC(131) Pause Young (Allocation Failure)
[5376.368s][debug][gc,phases      ] GC(131) Scavenge 2.434ms
[5376.368s][debug][gc,ref         ] GC(131) ReferenceProcessor::execute queues: 1, RefProcThreadModel::Single, marks_oops_alive: false
[5376.368s][debug][gc,ref         ] GC(131) Skipped KeepAliveFinalRefsPhase of Reference Processing: no references
[5376.368s][debug][gc,ref         ] GC(131) Skipped PhantomRefsPhase of Reference Processing: no references
[5376.368s][debug][gc,phases      ] GC(131) Reference Processing 0.099ms
[5376.369s][debug][gc,phases      ] GC(131)   VM Weak                        Min:  0.0, Avg:  0.0, Max:  0.0, Diff:  0.0, Sum:  0.0, Workers: 4
[5376.369s][debug][gc,phases      ] GC(131)     Dead                           Min: 0, Avg:  0.0, Max: 0, Diff: 0, Sum: 0, Workers: 4
[5376.369s][debug][gc,phases      ] GC(131)     Total                          Min: 0, Avg: 247.0, Max: 512, Diff: 512, Sum: 988, Workers: 4
[5376.369s][debug][gc,phases      ] GC(131)   ObjectSynchronizer Weak        Min:  0.0, Avg:  0.0, Max:  0.0, Diff:  0.0, Sum:  0.0, Workers: 4
[5376.369s][debug][gc,phases      ] GC(131)     Dead                           Min: 0, Avg:  0.0, Max: 0, Diff: 0, Sum: 0, Workers: 4
[5376.369s][debug][gc,phases      ] GC(131)     Total                          Min: 0, Avg:  0.8, Max: 3, Diff: 3, Sum: 3, Workers: 4
[5376.369s][debug][gc,phases      ] GC(131)   JVMTI Tag Weak OopStorage      Min:  0.0, Avg:  0.0, Max:  0.0, Diff:  0.0, Sum:  0.0, Workers: 4
[5376.369s][debug][gc,phases      ] GC(131)     Dead                           Min: 0, Avg:  0.0, Max: 0, Diff: 0, Sum: 0, Workers: 4
[5376.369s][debug][gc,phases      ] GC(131)     Total                          Min: 0, Avg:  0.0, Max: 0, Diff: 0, Sum: 0, Workers: 4
[5376.369s][debug][gc,phases      ] GC(131)   StringTable Weak               Min:  0.0, Avg:  0.1, Max:  0.1, Diff:  0.1, Sum:  0.4, Workers: 4
[5376.369s][debug][gc,phases      ] GC(131)     Dead                           Min: 0, Avg:  0.0, Max: 0, Diff: 0, Sum: 0, Workers: 4
[5376.369s][debug][gc,phases      ] GC(131)     Total                          Min: 0, Avg: 11944.0, Max: 20513, Diff: 20513, Sum: 47776, Workers: 4
[5376.369s][debug][gc,phases      ] GC(131)   ResolvedMethodTable Weak       Min:  0.0, Avg:  0.0, Max:  0.0, Diff:  0.0, Sum:  0.1, Workers: 4
[5376.369s][debug][gc,phases      ] GC(131)     Dead                           Min: 0, Avg:  4.0, Max: 16, Diff: 16, Sum: 16, Workers: 4
[5376.369s][debug][gc,phases      ] GC(131)     Total                          Min: 0, Avg: 3894.8, Max: 6768, Diff: 6768, Sum: 15579, Workers: 4
[5376.369s][debug][gc,phases      ] GC(131)   JNI Weak                       Min:  0.0, Avg:  0.0, Max:  0.0, Diff:  0.0, Sum:  0.0, Workers: 4
[5376.369s][debug][gc,phases      ] GC(131)     Dead                           Min: 0, Avg:  0.0, Max: 0, Diff: 0, Sum: 0, Workers: 4
[5376.369s][debug][gc,phases      ] GC(131)     Total                          Min: 0, Avg: 13.0, Max: 52, Diff: 52, Sum: 52, Workers: 4
[5376.369s][debug][gc,phases      ] GC(131)   StringDedup Table Weak         Min:  0.0, Avg:  0.0, Max:  0.0, Diff:  0.0, Sum:  0.0, Workers: 4
[5376.369s][debug][gc,phases      ] GC(131)     Dead                           Min: 0, Avg:  0.0, Max: 0, Diff: 0, Sum: 0, Workers: 4
[5376.369s][debug][gc,phases      ] GC(131)     Total                          Min: 0, Avg:  0.0, Max: 0, Diff: 0, Sum: 0, Workers: 4
[5376.369s][debug][gc,phases      ] GC(131)   StringDedup Requests0 Weak     Min:  0.0, Avg:  0.0, Max:  0.0, Diff:  0.0, Sum:  0.0, Workers: 4
[5376.369s][debug][gc,phases      ] GC(131)     Dead                           Min: 0, Avg:  0.0, Max: 0, Diff: 0, Sum: 0, Workers: 4
[5376.369s][debug][gc,phases      ] GC(131)     Total                          Min: 0, Avg:  0.0, Max: 0, Diff: 0, Sum: 0, Workers: 4
[5376.369s][debug][gc,phases      ] GC(131)   StringDedup Requests1 Weak     Min:  0.0, Avg:  0.0, Max:  0.0, Diff:  0.0, Sum:  0.0, Workers: 4
[5376.369s][debug][gc,phases      ] GC(131)     Dead                           Min: 0, Avg:  0.0, Max: 0, Diff: 0, Sum: 0, Workers: 4
[5376.369s][debug][gc,phases      ] GC(131)     Total                          Min: 0, Avg:  0.0, Max: 0, Diff: 0, Sum: 0, Workers: 4
[5376.369s][debug][gc,phases      ] GC(131)   Weak JFR Old Object Samples    Min:  0.0, Avg:  0.0, Max:  0.0, Diff:  0.0, Sum:  0.0, Workers: 4
[5376.369s][debug][gc,phases      ] GC(131)     Dead                           Min: 0, Avg:  0.0, Max: 0, Diff: 0, Sum: 0, Workers: 4
[5376.369s][debug][gc,phases      ] GC(131)     Total                          Min: 0, Avg:  0.0, Max: 0, Diff: 0, Sum: 0, Workers: 4
[5376.369s][debug][gc,phases      ] GC(131) Weak Processing 0.373ms
[5376.369s][debug][gc,age         ] GC(131) Desired survivor size 5242880 bytes, new threshold 1 (max threshold 15)
[5376.369s][info ][gc,heap        ] GC(131) PSYoungGen: 2089040K(2092032K)->2176K(2092032K) Eden: 2086912K(2086912K)->0K(2086912K) From: 2128K(5120K)->2176K(5120K)
[5376.369s][info ][gc,heap        ] GC(131) ParOldGen: 466275K(570368K)->466887K(570368K)
[5376.369s][info ][gc,metaspace   ] GC(131) Metaspace: 110774K(112128K)->110774K(112128K) NonClass: 94247K(94976K)->94247K(94976K) Class: 16527K(17152K)->16527K(17152K)
[5376.369s][info ][gc             ] GC(131) Pause Young (Allocation Failure) 2495M->458M(2600M) 3.031ms
[5376.369s][info ][gc,cpu         ] GC(131) User=0.01s Sys=0.00s Real=0.00s
[5376.369s][info ][safepoint      ] Safepoint "ParallelGCFailedAllocation", Time since last: 6887453335 ns, Reaching safepoint: 82301 ns, Cleanup: 10700 ns, At safepoint: 3116427 ns, Total: 3209428 ns
[5387.370s][info ][safepoint      ] Safepoint "Cleanup", Time since last: 11000865577 ns, Reaching safepoint: 80401 ns, Cleanup: 8900 ns, At safepoint: 5900 ns, Total: 95201 ns
[5394.370s][info ][safepoint      ] Safepoint "Cleanup", Time since last: 7000550771 ns, Reaching safepoint: 80101 ns, Cleanup: 10400 ns, At safepoint: 6400 ns, Total: 96901 ns
[5397.371s][info ][safepoint      ] Safepoint "Cleanup", Time since last: 3000279783 ns, Reaching safepoint: 80401 ns, Cleanup: 8400 ns, At safepoint: 6400 ns, Total: 95201 ns
[5407.374s][info ][safepoint      ] Safepoint "Cleanup", Time since last: 10002996239 ns, Reaching safepoint: 79701 ns, Cleanup: 17300 ns, At safepoint: 5600 ns, Total: 102601 ns
[5410.374s][info ][safepoint      ] Safepoint "Cleanup", Time since last: 3000240693 ns, Reaching safepoint: 79201 ns, Cleanup: 9700 ns, At safepoint: 5600 ns, Total: 94501 ns
[5417.377s][info ][safepoint      ] Safepoint "Cleanup", Time since last: 7000523188 ns, Reaching safepoint: 2119619 ns, Cleanup: 9900 ns, At safepoint: 8500 ns, Total: 2138019 ns
[5419.366s][info ][gc,start       ] GC(132) Pause Young (Allocation Failure)
[5419.378s][debug][gc,phases      ] GC(132) Scavenge 11.588ms
[5419.378s][debug][gc,ref         ] GC(132) ReferenceProcessor::execute queues: 1, RefProcThreadModel::Single, marks_oops_alive: false
[5419.378s][debug][gc,ref         ] GC(132) Skipped KeepAliveFinalRefsPhase of Reference Processing: no references
[5419.378s][debug][gc,ref         ] GC(132) ReferenceProcessor::execute queues: 1, RefProcThreadModel::Single, marks_oops_alive: false
[5419.378s][debug][gc,phases      ] GC(132) Reference Processing 0.116ms
[5419.378s][debug][gc,phases      ] GC(132)   VM Weak                        Min:  0.0, Avg:  0.0, Max:  0.0, Diff:  0.0, Sum:  0.0, Workers: 4
[5419.378s][debug][gc,phases      ] GC(132)     Dead                           Min: 0, Avg:  0.0, Max: 0, Diff: 0, Sum: 0, Workers: 4
[5419.378s][debug][gc,phases      ] GC(132)     Total                          Min: 0, Avg: 247.0, Max: 924, Diff: 924, Sum: 988, Workers: 4
[5419.378s][debug][gc,phases      ] GC(132)   ObjectSynchronizer Weak        Min:  0.0, Avg:  0.0, Max:  0.0, Diff:  0.0, Sum:  0.0, Workers: 4
[5419.378s][debug][gc,phases      ] GC(132)     Dead                           Min: 0, Avg:  0.0, Max: 0, Diff: 0, Sum: 0, Workers: 4
[5419.378s][debug][gc,phases      ] GC(132)     Total                          Min: 0, Avg:  0.8, Max: 3, Diff: 3, Sum: 3, Workers: 4
[5419.378s][debug][gc,phases      ] GC(132)   JVMTI Tag Weak OopStorage      Min:  0.0, Avg:  0.0, Max:  0.0, Diff:  0.0, Sum:  0.0, Workers: 4
[5419.378s][debug][gc,phases      ] GC(132)     Dead                           Min: 0, Avg:  0.0, Max: 0, Diff: 0, Sum: 0, Workers: 4
[5419.378s][debug][gc,phases      ] GC(132)     Total                          Min: 0, Avg:  0.0, Max: 0, Diff: 0, Sum: 0, Workers: 4
[5419.378s][debug][gc,phases      ] GC(132)   StringTable Weak               Min:  0.0, Avg:  0.1, Max:  0.2, Diff:  0.2, Sum:  0.4, Workers: 4
[5419.378s][debug][gc,phases      ] GC(132)     Dead                           Min: 0, Avg:  0.0, Max: 0, Diff: 0, Sum: 0, Workers: 4
[5419.378s][debug][gc,phases      ] GC(132)     Total                          Min: 0, Avg: 11949.0, Max: 17341, Diff: 17341, Sum: 47796, Workers: 4
[5419.378s][debug][gc,phases      ] GC(132)   ResolvedMethodTable Weak       Min:  0.0, Avg:  0.0, Max:  0.1, Diff:  0.1, Sum:  0.1, Workers: 4
[5419.378s][debug][gc,phases      ] GC(132)     Dead                           Min: 0, Avg:  6.0, Max: 23, Diff: 23, Sum: 24, Workers: 4
[5419.378s][debug][gc,phases      ] GC(132)     Total                          Min: 0, Avg: 3894.8, Max: 5593, Diff: 5593, Sum: 15579, Workers: 4
[5419.378s][debug][gc,phases      ] GC(132)   JNI Weak                       Min:  0.0, Avg:  0.0, Max:  0.0, Diff:  0.0, Sum:  0.0, Workers: 4
[5419.378s][debug][gc,phases      ] GC(132)     Dead                           Min: 0, Avg:  0.0, Max: 0, Diff: 0, Sum: 0, Workers: 4
[5419.378s][debug][gc,phases      ] GC(132)     Total                          Min: 0, Avg: 13.0, Max: 52, Diff: 52, Sum: 52, Workers: 4
[5419.378s][debug][gc,phases      ] GC(132)   StringDedup Table Weak         Min:  0.0, Avg:  0.0, Max:  0.0, Diff:  0.0, Sum:  0.0, Workers: 4
[5419.378s][debug][gc,phases      ] GC(132)     Dead                           Min: 0, Avg:  0.0, Max: 0, Diff: 0, Sum: 0, Workers: 4
[5419.378s][debug][gc,phases      ] GC(132)     Total                          Min: 0, Avg:  0.0, Max: 0, Diff: 0, Sum: 0, Workers: 4
[5419.378s][debug][gc,phases      ] GC(132)   StringDedup Requests0 Weak     Min:  0.0, Avg:  0.0, Max:  0.0, Diff:  0.0, Sum:  0.0, Workers: 4
[5419.378s][debug][gc,phases      ] GC(132)     Dead                           Min: 0, Avg:  0.0, Max: 0, Diff: 0, Sum: 0, Workers: 4
[5419.378s][debug][gc,phases      ] GC(132)     Total                          Min: 0, Avg:  0.0, Max: 0, Diff: 0, Sum: 0, Workers: 4
[5419.378s][debug][gc,phases      ] GC(132)   StringDedup Requests1 Weak     Min:  0.0, Avg:  0.0, Max:  0.0, Diff:  0.0, Sum:  0.0, Workers: 4
[5419.378s][debug][gc,phases      ] GC(132)     Dead                           Min: 0, Avg:  0.0, Max: 0, Diff: 0, Sum: 0, Workers: 4
[5419.378s][debug][gc,phases      ] GC(132)     Total                          Min: 0, Avg:  0.0, Max: 0, Diff: 0, Sum: 0, Workers: 4
[5419.378s][debug][gc,phases      ] GC(132)   Weak JFR Old Object Samples    Min:  0.0, Avg:  0.0, Max:  0.0, Diff:  0.0, Sum:  0.0, Workers: 4
[5419.378s][debug][gc,phases      ] GC(132)     Dead                           Min: 0, Avg:  0.0, Max: 0, Diff: 0, Sum: 0, Workers: 4
[5419.378s][debug][gc,phases      ] GC(132)     Total                          Min: 0, Avg:  0.0, Max: 0, Diff: 0, Sum: 0, Workers: 4
[5419.378s][debug][gc,phases      ] GC(132) Weak Processing 0.440ms
[5419.378s][debug][gc,age         ] GC(132) Desired survivor size 5242880 bytes, new threshold 1 (max threshold 15)
[5419.378s][info ][gc,heap        ] GC(132) PSYoungGen: 2089088K(2092032K)->2352K(2092032K) Eden: 2086912K(2086912K)->0K(2086912K) From: 2176K(5120K)->2352K(5120K)
[5419.378s][info ][gc,heap        ] GC(132) ParOldGen: 466887K(570368K)->467319K(570368K)
[5419.378s][info ][gc,metaspace   ] GC(132) Metaspace: 110807K(112192K)->110807K(112192K) NonClass: 94279K(95040K)->94279K(95040K) Class: 16527K(17152K)->16527K(17152K)
[5419.378s][info ][gc             ] GC(132) Pause Young (Allocation Failure) 2496M->458M(2600M) 12.254ms
[5419.378s][info ][gc,cpu         ] GC(132) User=0.01s Sys=0.00s Real=0.01s
[5419.378s][info ][safepoint      ] Safepoint "ParallelGCFailedAllocation", Time since last: 1989100303 ns, Reaching safepoint: 78901 ns, Cleanup: 5100 ns, At safepoint: 12348408 ns, Total: 12432409 ns
[5424.383s][info ][safepoint      ] Safepoint "Cleanup", Time since last: 5001364003 ns, Reaching safepoint: 3273829 ns, Cleanup: 13800 ns, At safepoint: 12500 ns, Total: 3300129 ns
[5431.384s][info ][safepoint      ] Safepoint "Cleanup", Time since last: 7001074381 ns, Reaching safepoint: 77600 ns, Cleanup: 28800 ns, At safepoint: 8401 ns, Total: 114801 ns
[5432.384s][info ][safepoint      ] Safepoint "Cleanup", Time since last: 1000107500 ns, Reaching safepoint: 7100 ns, Cleanup: 9600 ns, At safepoint: 2100 ns, Total: 18800 ns
[5456.388s][info ][safepoint      ] Safepoint "Cleanup", Time since last: 24004022006 ns, Reaching safepoint: 6400 ns, Cleanup: 12300 ns, At safepoint: 3000 ns, Total: 21700 ns
[5467.142s][info ][gc,start       ] GC(133) Pause Young (Allocation Failure)
[5467.146s][debug][gc,phases      ] GC(133) Scavenge 3.320ms
[5467.146s][debug][gc,ref         ] GC(133) ReferenceProcessor::execute queues: 1, RefProcThreadModel::Single, marks_oops_alive: false
[5467.146s][debug][gc,ref         ] GC(133) Skipped KeepAliveFinalRefsPhase of Reference Processing: no references
[5467.146s][debug][gc,ref         ] GC(133) Skipped PhantomRefsPhase of Reference Processing: no references
[5467.146s][debug][gc,phases      ] GC(133) Reference Processing 0.204ms
[5467.147s][debug][gc,phases      ] GC(133)   VM Weak                        Min:  0.0, Avg:  0.0, Max:  0.0, Diff:  0.0, Sum:  0.0, Workers: 4
[5467.147s][debug][gc,phases      ] GC(133)     Dead                           Min: 0, Avg:  0.0, Max: 0, Diff: 0, Sum: 0, Workers: 4
[5467.147s][debug][gc,phases      ] GC(133)     Total                          Min: 0, Avg: 247.0, Max: 512, Diff: 512, Sum: 988, Workers: 4
[5467.147s][debug][gc,phases      ] GC(133)   ObjectSynchronizer Weak        Min:  0.0, Avg:  0.0, Max:  0.0, Diff:  0.0, Sum:  0.0, Workers: 4
[5467.147s][debug][gc,phases      ] GC(133)     Dead                           Min: 0, Avg:  0.0, Max: 0, Diff: 0, Sum: 0, Workers: 4
[5467.147s][debug][gc,phases      ] GC(133)     Total                          Min: 0, Avg:  0.8, Max: 3, Diff: 3, Sum: 3, Workers: 4
[5467.147s][debug][gc,phases      ] GC(133)   JVMTI Tag Weak OopStorage      Min:  0.0, Avg:  0.0, Max:  0.0, Diff:  0.0, Sum:  0.0, Workers: 4
[5467.147s][debug][gc,phases      ] GC(133)     Dead                           Min: 0, Avg:  0.0, Max: 0, Diff: 0, Sum: 0, Workers: 4
[5467.147s][debug][gc,phases      ] GC(133)     Total                          Min: 0, Avg:  0.0, Max: 0, Diff: 0, Sum: 0, Workers: 4
[5467.147s][debug][gc,phases      ] GC(133)   StringTable Weak               Min:  0.0, Avg:  0.2, Max:  0.4, Diff:  0.4, Sum:  0.7, Workers: 4
[5467.147s][debug][gc,phases      ] GC(133)     Dead                           Min: 0, Avg:  0.0, Max: 0, Diff: 0, Sum: 0, Workers: 4
[5467.147s][debug][gc,phases      ] GC(133)     Total                          Min: 502, Avg: 11949.0, Max: 18623, Diff: 18121, Sum: 47796, Workers: 4
[5467.147s][debug][gc,phases      ] GC(133)   ResolvedMethodTable Weak       Min:  0.0, Avg:  0.0, Max:  0.1, Diff:  0.1, Sum:  0.2, Workers: 4
[5467.147s][debug][gc,phases      ] GC(133)     Dead                           Min: 0, Avg:  4.5, Max: 18, Diff: 18, Sum: 18, Workers: 4
[5467.147s][debug][gc,phases      ] GC(133)     Total                          Min: 0, Avg: 3894.8, Max: 5393, Diff: 5393, Sum: 15579, Workers: 4
[5467.147s][debug][gc,phases      ] GC(133)   JNI Weak                       Min:  0.0, Avg:  0.0, Max:  0.0, Diff:  0.0, Sum:  0.0, Workers: 4
[5467.147s][debug][gc,phases      ] GC(133)     Dead                           Min: 0, Avg:  0.0, Max: 0, Diff: 0, Sum: 0, Workers: 4
[5467.147s][debug][gc,phases      ] GC(133)     Total                          Min: 0, Avg: 13.0, Max: 52, Diff: 52, Sum: 52, Workers: 4
[5467.147s][debug][gc,phases      ] GC(133)   StringDedup Table Weak         Min:  0.0, Avg:  0.0, Max:  0.0, Diff:  0.0, Sum:  0.0, Workers: 4
[5467.147s][debug][gc,phases      ] GC(133)     Dead                           Min: 0, Avg:  0.0, Max: 0, Diff: 0, Sum: 0, Workers: 4
[5467.147s][debug][gc,phases      ] GC(133)     Total                          Min: 0, Avg:  0.0, Max: 0, Diff: 0, Sum: 0, Workers: 4
[5467.147s][debug][gc,phases      ] GC(133)   StringDedup Requests0 Weak     Min:  0.0, Avg:  0.0, Max:  0.0, Diff:  0.0, Sum:  0.0, Workers: 4
[5467.147s][debug][gc,phases      ] GC(133)     Dead                           Min: 0, Avg:  0.0, Max: 0, Diff: 0, Sum: 0, Workers: 4
[5467.147s][debug][gc,phases      ] GC(133)     Total                          Min: 0, Avg:  0.0, Max: 0, Diff: 0, Sum: 0, Workers: 4
[5467.147s][debug][gc,phases      ] GC(133)   StringDedup Requests1 Weak     Min:  0.0, Avg:  0.0, Max:  0.0, Diff:  0.0, Sum:  0.0, Workers: 4
[5467.147s][debug][gc,phases      ] GC(133)     Dead                           Min: 0, Avg:  0.0, Max: 0, Diff: 0, Sum: 0, Workers: 4
[5467.147s][debug][gc,phases      ] GC(133)     Total                          Min: 0, Avg:  0.0, Max: 0, Diff: 0, Sum: 0, Workers: 4
[5467.147s][debug][gc,phases      ] GC(133)   Weak JFR Old Object Samples    Min:  0.0, Avg:  0.0, Max:  0.0, Diff:  0.0, Sum:  0.0, Workers: 4
[5467.147s][debug][gc,phases      ] GC(133)     Dead                           Min: 0, Avg:  0.0, Max: 0, Diff: 0, Sum: 0, Workers: 4
[5467.147s][debug][gc,phases      ] GC(133)     Total                          Min: 0, Avg:  0.0, Max: 0, Diff: 0, Sum: 0, Workers: 4
[5467.147s][debug][gc,phases      ] GC(133) Weak Processing 0.580ms
[5467.147s][debug][gc,age         ] GC(133) Desired survivor size 4718592 bytes, new threshold 1 (max threshold 15)
[5467.147s][info ][gc,heap        ] GC(133) PSYoungGen: 2089264K(2092032K)->2416K(2092544K) Eden: 2086912K(2086912K)->0K(2087424K) From: 2352K(5120K)->2416K(5120K)
[5467.147s][info ][gc,heap        ] GC(133) ParOldGen: 467319K(570368K)->468043K(570368K)
[5467.147s][info ][gc,metaspace   ] GC(133) Metaspace: 110808K(112192K)->110808K(112192K) NonClass: 94281K(95040K)->94281K(95040K) Class: 16527K(17152K)->16527K(17152K)
[5467.147s][info ][gc             ] GC(133) Pause Young (Allocation Failure) 2496M->459M(2600M) 4.234ms
[5467.147s][info ][gc,cpu         ] GC(133) User=0.01s Sys=0.01s Real=0.00s
[5467.147s][info ][safepoint      ] Safepoint "ParallelGCFailedAllocation", Time since last: 10754022767 ns, Reaching safepoint: 6700 ns, Cleanup: 4100 ns, At safepoint: 4303338 ns, Total: 4314138 ns
[5490.148s][info ][safepoint      ] Safepoint "Cleanup", Time since last: 23001649274 ns, Reaching safepoint: 6000 ns, Cleanup: 8800 ns, At safepoint: 19600 ns, Total: 34400 ns
[5494.149s][info ][safepoint      ] Safepoint "Cleanup", Time since last: 4000313560 ns, Reaching safepoint: 5800 ns, Cleanup: 11300 ns, At safepoint: 2300 ns, Total: 19400 ns
[5496.149s][info ][safepoint      ] Safepoint "Cleanup", Time since last: 2000180543 ns, Reaching safepoint: 5900 ns, Cleanup: 10701 ns, At safepoint: 2300 ns, Total: 18901 ns
[5501.149s][info ][safepoint      ] Safepoint "Cleanup", Time since last: 5000377197 ns, Reaching safepoint: 4500 ns, Cleanup: 11200 ns, At safepoint: 1700 ns, Total: 17400 ns
[5502.149s][info ][safepoint      ] Safepoint "Cleanup", Time since last: 1000107640 ns, Reaching safepoint: 6000 ns, Cleanup: 15300 ns, At safepoint: 2400 ns, Total: 23700 ns
[5504.150s][info ][safepoint      ] Safepoint "Cleanup", Time since last: 2000182483 ns, Reaching safepoint: 5200 ns, Cleanup: 9901 ns, At safepoint: 2400 ns, Total: 17501 ns
[5508.150s][info ][safepoint      ] Safepoint "Cleanup", Time since last: 4000322579 ns, Reaching safepoint: 5900 ns, Cleanup: 9700 ns, At safepoint: 1900 ns, Total: 17500 ns
[5508.320s][info ][gc,start       ] GC(134) Pause Young (Allocation Failure)
[5508.326s][debug][gc,phases      ] GC(134) Scavenge 6.120ms
[5508.326s][debug][gc,ref         ] GC(134) Skipped SoftWeakFinalRefsPhase of Reference Processing: no references
[5508.326s][debug][gc,ref         ] GC(134) Skipped KeepAliveFinalRefsPhase of Reference Processing: no references
[5508.326s][debug][gc,ref         ] GC(134) ReferenceProcessor::execute queues: 1, RefProcThreadModel::Single, marks_oops_alive: false
[5508.326s][debug][gc,phases      ] GC(134) Reference Processing 0.101ms
[5508.327s][debug][gc,phases      ] GC(134)   VM Weak                        Min:  0.0, Avg:  0.0, Max:  0.0, Diff:  0.0, Sum:  0.0, Workers: 4
[5508.327s][debug][gc,phases      ] GC(134)     Dead                           Min: 0, Avg:  0.0, Max: 0, Diff: 0, Sum: 0, Workers: 4
[5508.327s][debug][gc,phases      ] GC(134)     Total                          Min: 0, Avg: 247.0, Max: 988, Diff: 988, Sum: 988, Workers: 4
[5508.327s][debug][gc,phases      ] GC(134)   ObjectSynchronizer Weak        Min:  0.0, Avg:  0.0, Max:  0.0, Diff:  0.0, Sum:  0.0, Workers: 4
[5508.327s][debug][gc,phases      ] GC(134)     Dead                           Min: 0, Avg:  0.0, Max: 0, Diff: 0, Sum: 0, Workers: 4
[5508.327s][debug][gc,phases      ] GC(134)     Total                          Min: 0, Avg:  1.0, Max: 4, Diff: 4, Sum: 4, Workers: 4
[5508.327s][debug][gc,phases      ] GC(134)   JVMTI Tag Weak OopStorage      Min:  0.0, Avg:  0.0, Max:  0.0, Diff:  0.0, Sum:  0.0, Workers: 4
[5508.327s][debug][gc,phases      ] GC(134)     Dead                           Min: 0, Avg:  0.0, Max: 0, Diff: 0, Sum: 0, Workers: 4
[5508.327s][debug][gc,phases      ] GC(134)     Total                          Min: 0, Avg:  0.0, Max: 0, Diff: 0, Sum: 0, Workers: 4
[5508.327s][debug][gc,phases      ] GC(134)   StringTable Weak               Min:  0.0, Avg:  0.1, Max:  0.2, Diff:  0.2, Sum:  0.3, Workers: 4
[5508.327s][debug][gc,phases      ] GC(134)     Dead                           Min: 0, Avg:  0.0, Max: 0, Diff: 0, Sum: 0, Workers: 4
[5508.327s][debug][gc,phases      ] GC(134)     Total                          Min: 0, Avg: 11949.0, Max: 30581, Diff: 30581, Sum: 47796, Workers: 4
[5508.327s][debug][gc,phases      ] GC(134)   ResolvedMethodTable Weak       Min:  0.0, Avg:  0.1, Max:  0.1, Diff:  0.1, Sum:  0.2, Workers: 4
[5508.327s][debug][gc,phases      ] GC(134)     Dead                           Min: 0, Avg:  4.5, Max: 18, Diff: 18, Sum: 18, Workers: 4
[5508.327s][debug][gc,phases      ] GC(134)     Total                          Min: 1796, Avg: 3894.8, Max: 7869, Diff: 6073, Sum: 15579, Workers: 4
[5508.327s][debug][gc,phases      ] GC(134)   JNI Weak                       Min:  0.0, Avg:  0.0, Max:  0.0, Diff:  0.0, Sum:  0.0, Workers: 4
[5508.327s][debug][gc,phases      ] GC(134)     Dead                           Min: 0, Avg:  0.0, Max: 0, Diff: 0, Sum: 0, Workers: 4
[5508.327s][debug][gc,phases      ] GC(134)     Total                          Min: 0, Avg: 13.0, Max: 52, Diff: 52, Sum: 52, Workers: 4
[5508.327s][debug][gc,phases      ] GC(134)   StringDedup Table Weak         Min:  0.0, Avg:  0.0, Max:  0.0, Diff:  0.0, Sum:  0.0, Workers: 4
[5508.327s][debug][gc,phases      ] GC(134)     Dead                           Min: 0, Avg:  0.0, Max: 0, Diff: 0, Sum: 0, Workers: 4
[5508.327s][debug][gc,phases      ] GC(134)     Total                          Min: 0, Avg:  0.0, Max: 0, Diff: 0, Sum: 0, Workers: 4
[5508.327s][debug][gc,phases      ] GC(134)   StringDedup Requests0 Weak     Min:  0.0, Avg:  0.0, Max:  0.0, Diff:  0.0, Sum:  0.0, Workers: 4
[5508.327s][debug][gc,phases      ] GC(134)     Dead                           Min: 0, Avg:  0.0, Max: 0, Diff: 0, Sum: 0, Workers: 4
[5508.327s][debug][gc,phases      ] GC(134)     Total                          Min: 0, Avg:  0.0, Max: 0, Diff: 0, Sum: 0, Workers: 4
[5508.327s][debug][gc,phases      ] GC(134)   StringDedup Requests1 Weak     Min:  0.0, Avg:  0.0, Max:  0.0, Diff:  0.0, Sum:  0.0, Workers: 4
[5508.327s][debug][gc,phases      ] GC(134)     Dead                           Min: 0, Avg:  0.0, Max: 0, Diff: 0, Sum: 0, Workers: 4
[5508.327s][debug][gc,phases      ] GC(134)     Total                          Min: 0, Avg:  0.0, Max: 0, Diff: 0, Sum: 0, Workers: 4
[5508.327s][debug][gc,phases      ] GC(134)   Weak JFR Old Object Samples    Min:  0.0, Avg:  0.0, Max:  0.0, Diff:  0.0, Sum:  0.0, Workers: 4
[5508.327s][debug][gc,phases      ] GC(134)     Dead                           Min: 0, Avg:  0.0, Max: 0, Diff: 0, Sum: 0, Workers: 4
[5508.327s][debug][gc,phases      ] GC(134)     Total                          Min: 0, Avg:  0.0, Max: 0, Diff: 0, Sum: 0, Workers: 4
[5508.327s][debug][gc,phases      ] GC(134) Weak Processing 0.444ms
[5508.327s][debug][gc,age         ] GC(134) Desired survivor size 8388608 bytes, new threshold 1 (max threshold 15)
[5508.327s][info ][gc,heap        ] GC(134) PSYoungGen: 2089840K(2092544K)->4576K(2092032K) Eden: 2087424K(2087424K)->0K(2087424K) From: 2416K(5120K)->4576K(4608K)
[5508.327s][info ][gc,heap        ] GC(134) ParOldGen: 468043K(570368K)->475484K(570368K)
[5508.327s][info ][gc,metaspace   ] GC(134) Metaspace: 110810K(112192K)->110810K(112192K) NonClass: 94282K(95040K)->94282K(95040K) Class: 16527K(17152K)->16527K(17152K)
[5508.327s][info ][gc             ] GC(134) Pause Young (Allocation Failure) 2497M->468M(2600M) 6.767ms
[5508.327s][info ][gc,cpu         ] GC(134) User=0.02s Sys=0.00s Real=0.00s
[5508.327s][info ][safepoint      ] Safepoint "ParallelGCFailedAllocation", Time since last: 170090470 ns, Reaching safepoint: 5700 ns, Cleanup: 4000 ns, At safepoint: 6831459 ns, Total: 6841159 ns
[5510.327s][info ][safepoint      ] Safepoint "Cleanup", Time since last: 2000158290 ns, Reaching safepoint: 6300 ns, Cleanup: 10000 ns, At safepoint: 2500 ns, Total: 18800 ns
[5521.328s][info ][safepoint      ] Safepoint "Cleanup", Time since last: 11000831891 ns, Reaching safepoint: 6300 ns, Cleanup: 9600 ns, At safepoint: 2300 ns, Total: 18200 ns
[5524.831s][info ][safepoint      ] Safepoint "Cleanup", Time since last: 3502825843 ns, Reaching safepoint: 6400 ns, Cleanup: 9600 ns, At safepoint: 2700 ns, Total: 18700 ns
[5542.832s][info ][safepoint      ] Safepoint "Cleanup", Time since last: 18001337098 ns, Reaching safepoint: 5900 ns, Cleanup: 12100 ns, At safepoint: 24100 ns, Total: 42100 ns
[5543.832s][info ][safepoint      ] Safepoint "Cleanup", Time since last: 1000114120 ns, Reaching safepoint: 5800 ns, Cleanup: 10200 ns, At safepoint: 2500 ns, Total: 18500 ns
[5549.871s][info ][gc,start       ] GC(135) Pause Young (Allocation Failure)
[5549.876s][debug][gc,phases      ] GC(135) Scavenge 5.385ms
[5549.876s][debug][gc,ref         ] GC(135) Skipped SoftWeakFinalRefsPhase of Reference Processing: no references
[5549.876s][debug][gc,ref         ] GC(135) Skipped KeepAliveFinalRefsPhase of Reference Processing: no references
[5549.876s][debug][gc,ref         ] GC(135) ReferenceProcessor::execute queues: 1, RefProcThreadModel::Single, marks_oops_alive: false
[5549.876s][debug][gc,phases      ] GC(135) Reference Processing 0.101ms
[5549.876s][debug][gc,phases      ] GC(135)   VM Weak                        Min:  0.0, Avg:  0.0, Max:  0.0, Diff:  0.0, Sum:  0.0, Workers: 4
[5549.876s][debug][gc,phases      ] GC(135)     Dead                           Min: 0, Avg:  0.0, Max: 0, Diff: 0, Sum: 0, Workers: 4
[5549.876s][debug][gc,phases      ] GC(135)     Total                          Min: 0, Avg: 247.0, Max: 924, Diff: 924, Sum: 988, Workers: 4
[5549.876s][debug][gc,phases      ] GC(135)   ObjectSynchronizer Weak        Min:  0.0, Avg:  0.0, Max:  0.0, Diff:  0.0, Sum:  0.0, Workers: 4
[5549.876s][debug][gc,phases      ] GC(135)     Dead                           Min: 0, Avg:  0.0, Max: 0, Diff: 0, Sum: 0, Workers: 4
[5549.876s][debug][gc,phases      ] GC(135)     Total                          Min: 0, Avg:  1.0, Max: 4, Diff: 4, Sum: 4, Workers: 4
[5549.876s][debug][gc,phases      ] GC(135)   JVMTI Tag Weak OopStorage      Min:  0.0, Avg:  0.0, Max:  0.0, Diff:  0.0, Sum:  0.0, Workers: 4
[5549.876s][debug][gc,phases      ] GC(135)     Dead                           Min: 0, Avg:  0.0, Max: 0, Diff: 0, Sum: 0, Workers: 4
[5549.876s][debug][gc,phases      ] GC(135)     Total                          Min: 0, Avg:  0.0, Max: 0, Diff: 0, Sum: 0, Workers: 4
[5549.876s][debug][gc,phases      ] GC(135)   StringTable Weak               Min:  0.0, Avg:  0.1, Max:  0.1, Diff:  0.1, Sum:  0.4, Workers: 4
[5549.876s][debug][gc,phases      ] GC(135)     Dead                           Min: 0, Avg:  0.0, Max: 0, Diff: 0, Sum: 0, Workers: 4
[5549.876s][debug][gc,phases      ] GC(135)     Total                          Min: 0, Avg: 11949.0, Max: 20863, Diff: 20863, Sum: 47796, Workers: 4
[5549.876s][debug][gc,phases      ] GC(135)   ResolvedMethodTable Weak       Min:  0.0, Avg:  0.0, Max:  0.0, Diff:  0.0, Sum:  0.1, Workers: 4
[5549.876s][debug][gc,phases      ] GC(135)     Dead                           Min: 0, Avg:  4.0, Max: 16, Diff: 16, Sum: 16, Workers: 4
[5549.876s][debug][gc,phases      ] GC(135)     Total                          Min: 0, Avg: 3894.8, Max: 6759, Diff: 6759, Sum: 15579, Workers: 4
[5549.876s][debug][gc,phases      ] GC(135)   JNI Weak                       Min:  0.0, Avg:  0.0, Max:  0.0, Diff:  0.0, Sum:  0.0, Workers: 4
[5549.876s][debug][gc,phases      ] GC(135)     Dead                           Min: 0, Avg:  0.0, Max: 0, Diff: 0, Sum: 0, Workers: 4
[5549.876s][debug][gc,phases      ] GC(135)     Total                          Min: 0, Avg: 13.0, Max: 52, Diff: 52, Sum: 52, Workers: 4
[5549.876s][debug][gc,phases      ] GC(135)   StringDedup Table Weak         Min:  0.0, Avg:  0.0, Max:  0.0, Diff:  0.0, Sum:  0.0, Workers: 4
[5549.876s][debug][gc,phases      ] GC(135)     Dead                           Min: 0, Avg:  0.0, Max: 0, Diff: 0, Sum: 0, Workers: 4
[5549.876s][debug][gc,phases      ] GC(135)     Total                          Min: 0, Avg:  0.0, Max: 0, Diff: 0, Sum: 0, Workers: 4
[5549.876s][debug][gc,phases      ] GC(135)   StringDedup Requests0 Weak     Min:  0.0, Avg:  0.0, Max:  0.0, Diff:  0.0, Sum:  0.0, Workers: 4
[5549.876s][debug][gc,phases      ] GC(135)     Dead                           Min: 0, Avg:  0.0, Max: 0, Diff: 0, Sum: 0, Workers: 4
[5549.876s][debug][gc,phases      ] GC(135)     Total                          Min: 0, Avg:  0.0, Max: 0, Diff: 0, Sum: 0, Workers: 4
[5549.876s][debug][gc,phases      ] GC(135)   StringDedup Requests1 Weak     Min:  0.0, Avg:  0.0, Max:  0.0, Diff:  0.0, Sum:  0.0, Workers: 4
[5549.876s][debug][gc,phases      ] GC(135)     Dead                           Min: 0, Avg:  0.0, Max: 0, Diff: 0, Sum: 0, Workers: 4
[5549.876s][debug][gc,phases      ] GC(135)     Total                          Min: 0, Avg:  0.0, Max: 0, Diff: 0, Sum: 0, Workers: 4
[5549.876s][debug][gc,phases      ] GC(135)   Weak JFR Old Object Samples    Min:  0.0, Avg:  0.0, Max:  0.0, Diff:  0.0, Sum:  0.0, Workers: 4
[5549.876s][debug][gc,phases      ] GC(135)     Dead                           Min: 0, Avg:  0.0, Max: 0, Diff: 0, Sum: 0, Workers: 4
[5549.876s][debug][gc,phases      ] GC(135)     Total                          Min: 0, Avg:  0.0, Max: 0, Diff: 0, Sum: 0, Workers: 4
[5549.876s][debug][gc,phases      ] GC(135) Weak Processing 0.366ms
[5549.876s][debug][gc,age         ] GC(135) Desired survivor size 11010048 bytes, new threshold 1 (max threshold 15)
[5549.876s][info ][gc,heap        ] GC(135) PSYoungGen: 2092000K(2092032K)->5088K(2080768K) Eden: 2087424K(2087424K)->0K(2075648K) From: 4576K(4608K)->5088K(5120K)
[5549.876s][info ][gc,heap        ] GC(135) ParOldGen: 475484K(570368K)->482268K(570368K)
[5549.876s][info ][gc,metaspace   ] GC(135) Metaspace: 110814K(112192K)->110814K(112192K) NonClass: 94287K(95040K)->94287K(95040K) Class: 16527K(17152K)->16527K(17152K)
[5549.876s][info ][gc             ] GC(135) Pause Young (Allocation Failure) 2507M->475M(2589M) 5.957ms
[5549.877s][info ][gc,cpu         ] GC(135) User=0.02s Sys=0.00s Real=0.00s
[5549.877s][info ][safepoint      ] Safepoint "ParallelGCFailedAllocation", Time since last: 6038155950 ns, Reaching safepoint: 5500 ns, Cleanup: 3500 ns, At safepoint: 6015552 ns, Total: 6024552 ns
[5593.990s][info ][gc,start       ] GC(136) Pause Young (Allocation Failure)
[5593.994s][debug][gc,phases      ] GC(136) Scavenge 4.496ms
[5593.994s][debug][gc,ref         ] GC(136) Skipped SoftWeakFinalRefsPhase of Reference Processing: no references
[5593.994s][debug][gc,ref         ] GC(136) Skipped KeepAliveFinalRefsPhase of Reference Processing: no references
[5593.995s][debug][gc,ref         ] GC(136) ReferenceProcessor::execute queues: 1, RefProcThreadModel::Single, marks_oops_alive: false
[5593.995s][debug][gc,phases      ] GC(136) Reference Processing 0.091ms
[5593.995s][debug][gc,phases      ] GC(136)   VM Weak                        Min:  0.0, Avg:  0.0, Max:  0.0, Diff:  0.0, Sum:  0.0, Workers: 4
[5593.995s][debug][gc,phases      ] GC(136)     Dead                           Min: 0, Avg:  0.0, Max: 0, Diff: 0, Sum: 0, Workers: 4
[5593.995s][debug][gc,phases      ] GC(136)     Total                          Min: 0, Avg: 247.0, Max: 988, Diff: 988, Sum: 988, Workers: 4
[5593.995s][debug][gc,phases      ] GC(136)   ObjectSynchronizer Weak        Min:  0.0, Avg:  0.0, Max:  0.0, Diff:  0.0, Sum:  0.0, Workers: 4
[5593.995s][debug][gc,phases      ] GC(136)     Dead                           Min: 0, Avg:  0.0, Max: 0, Diff: 0, Sum: 0, Workers: 4
[5593.995s][debug][gc,phases      ] GC(136)     Total                          Min: 0, Avg:  1.0, Max: 4, Diff: 4, Sum: 4, Workers: 4
[5593.995s][debug][gc,phases      ] GC(136)   JVMTI Tag Weak OopStorage      Min:  0.0, Avg:  0.0, Max:  0.0, Diff:  0.0, Sum:  0.0, Workers: 4
[5593.995s][debug][gc,phases      ] GC(136)     Dead                           Min: 0, Avg:  0.0, Max: 0, Diff: 0, Sum: 0, Workers: 4
[5593.995s][debug][gc,phases      ] GC(136)     Total                          Min: 0, Avg:  0.0, Max: 0, Diff: 0, Sum: 0, Workers: 4
[5593.995s][debug][gc,phases      ] GC(136)   StringTable Weak               Min:  0.1, Avg:  0.1, Max:  0.1, Diff:  0.0, Sum:  0.5, Workers: 4
[5593.995s][debug][gc,phases      ] GC(136)     Dead                           Min: 0, Avg:  0.0, Max: 0, Diff: 0, Sum: 0, Workers: 4
[5593.995s][debug][gc,phases      ] GC(136)     Total                          Min: 11647, Avg: 11950.0, Max: 12415, Diff: 768, Sum: 47800, Workers: 4
[5593.995s][debug][gc,phases      ] GC(136)   ResolvedMethodTable Weak       Min:  0.0, Avg:  0.0, Max:  0.0, Diff:  0.0, Sum:  0.2, Workers: 4
[5593.995s][debug][gc,phases      ] GC(136)     Dead                           Min: 0, Avg:  4.5, Max: 18, Diff: 18, Sum: 18, Workers: 4
[5593.995s][debug][gc,phases      ] GC(136)     Total                          Min: 3758, Avg: 3894.8, Max: 4084, Diff: 326, Sum: 15579, Workers: 4
[5593.995s][debug][gc,phases      ] GC(136)   JNI Weak                       Min:  0.0, Avg:  0.0, Max:  0.0, Diff:  0.0, Sum:  0.0, Workers: 4
[5593.995s][debug][gc,phases      ] GC(136)     Dead                           Min: 0, Avg:  0.0, Max: 0, Diff: 0, Sum: 0, Workers: 4
[5593.995s][debug][gc,phases      ] GC(136)     Total                          Min: 0, Avg: 13.0, Max: 52, Diff: 52, Sum: 52, Workers: 4
[5593.995s][debug][gc,phases      ] GC(136)   StringDedup Table Weak         Min:  0.0, Avg:  0.0, Max:  0.0, Diff:  0.0, Sum:  0.0, Workers: 4
[5593.995s][debug][gc,phases      ] GC(136)     Dead                           Min: 0, Avg:  0.0, Max: 0, Diff: 0, Sum: 0, Workers: 4
[5593.995s][debug][gc,phases      ] GC(136)     Total                          Min: 0, Avg:  0.0, Max: 0, Diff: 0, Sum: 0, Workers: 4
[5593.995s][debug][gc,phases      ] GC(136)   StringDedup Requests0 Weak     Min:  0.0, Avg:  0.0, Max:  0.0, Diff:  0.0, Sum:  0.0, Workers: 4
[5593.995s][debug][gc,phases      ] GC(136)     Dead                           Min: 0, Avg:  0.0, Max: 0, Diff: 0, Sum: 0, Workers: 4
[5593.995s][debug][gc,phases      ] GC(136)     Total                          Min: 0, Avg:  0.0, Max: 0, Diff: 0, Sum: 0, Workers: 4
[5593.995s][debug][gc,phases      ] GC(136)   StringDedup Requests1 Weak     Min:  0.0, Avg:  0.0, Max:  0.0, Diff:  0.0, Sum:  0.0, Workers: 4
[5593.995s][debug][gc,phases      ] GC(136)     Dead                           Min: 0, Avg:  0.0, Max: 0, Diff: 0, Sum: 0, Workers: 4
[5593.995s][debug][gc,phases      ] GC(136)     Total                          Min: 0, Avg:  0.0, Max: 0, Diff: 0, Sum: 0, Workers: 4
[5593.995s][debug][gc,phases      ] GC(136)   Weak JFR Old Object Samples    Min:  0.0, Avg:  0.0, Max:  0.0, Diff:  0.0, Sum:  0.0, Workers: 4
[5593.995s][debug][gc,phases      ] GC(136)     Dead                           Min: 0, Avg:  0.0, Max: 0, Diff: 0, Sum: 0, Workers: 4
[5593.995s][debug][gc,phases      ] GC(136)     Total                          Min: 0, Avg:  0.0, Max: 0, Diff: 0, Sum: 0, Workers: 4
[5593.995s][debug][gc,phases      ] GC(136) Weak Processing 0.336ms
[5593.995s][debug][gc,age         ] GC(136) Desired survivor size 10485760 bytes, new threshold 1 (max threshold 15)
[5593.995s][info ][gc,heap        ] GC(136) PSYoungGen: 2080736K(2080768K)->3205K(2086400K) Eden: 2075648K(2075648K)->0K(2075648K) From: 5088K(5120K)->3205K(10752K)
[5593.995s][info ][gc,heap        ] GC(136) ParOldGen: 482268K(570368K)->485964K(570368K)
[5593.995s][info ][gc,metaspace   ] GC(136) Metaspace: 110818K(112192K)->110818K(112192K) NonClass: 94290K(95040K)->94290K(95040K) Class: 16527K(17152K)->16527K(17152K)
[5593.995s][info ][gc             ] GC(136) Pause Young (Allocation Failure) 2502M->477M(2594M) 5.020ms
[5593.995s][info ][gc,cpu         ] GC(136) User=0.02s Sys=0.00s Real=0.00s
[5593.995s][info ][safepoint      ] Safepoint "ParallelGCFailedAllocation", Time since last: 44113352937 ns, Reaching safepoint: 5300 ns, Cleanup: 3600 ns, At safepoint: 5094744 ns, Total: 5103644 ns
[5594.995s][info ][safepoint      ] Safepoint "Cleanup", Time since last: 1000080374 ns, Reaching safepoint: 5101 ns, Cleanup: 19400 ns, At safepoint: 1900 ns, Total: 26401 ns
[5596.995s][info ][safepoint      ] Safepoint "Cleanup", Time since last: 2000168249 ns, Reaching safepoint: 5000 ns, Cleanup: 10200 ns, At safepoint: 2000 ns, Total: 17200 ns
[5611.996s][info ][safepoint      ] Safepoint "Cleanup", Time since last: 15001051361 ns, Reaching safepoint: 6600 ns, Cleanup: 10000 ns, At safepoint: 2500 ns, Total: 19100 ns
[5612.996s][info ][safepoint      ] Safepoint "Cleanup", Time since last: 1000107409 ns, Reaching safepoint: 5700 ns, Cleanup: 9000 ns, At safepoint: 2100 ns, Total: 16800 ns
[5625.997s][info ][safepoint      ] Safepoint "Cleanup", Time since last: 13000998122 ns, Reaching safepoint: 7000 ns, Cleanup: 10400 ns, At safepoint: 2400 ns, Total: 19800 ns
[5636.916s][info ][gc,start       ] GC(137) Pause Young (Allocation Failure)
[5636.920s][debug][gc,phases      ] GC(137) Scavenge 4.159ms
[5636.920s][debug][gc,ref         ] GC(137) Skipped SoftWeakFinalRefsPhase of Reference Processing: no references
[5636.920s][debug][gc,ref         ] GC(137) Skipped KeepAliveFinalRefsPhase of Reference Processing: no references
[5636.920s][debug][gc,ref         ] GC(137) Skipped PhantomRefsPhase of Reference Processing: no references
[5636.920s][debug][gc,phases      ] GC(137) Reference Processing 0.021ms
[5636.920s][debug][gc,phases      ] GC(137)   VM Weak                        Min:  0.0, Avg:  0.0, Max:  0.0, Diff:  0.0, Sum:  0.0, Workers: 4
[5636.920s][debug][gc,phases      ] GC(137)     Dead                           Min: 0, Avg:  0.0, Max: 0, Diff: 0, Sum: 0, Workers: 4
[5636.920s][debug][gc,phases      ] GC(137)     Total                          Min: 0, Avg: 247.0, Max: 576, Diff: 576, Sum: 988, Workers: 4
[5636.920s][debug][gc,phases      ] GC(137)   ObjectSynchronizer Weak        Min:  0.0, Avg:  0.0, Max:  0.0, Diff:  0.0, Sum:  0.0, Workers: 4
[5636.920s][debug][gc,phases      ] GC(137)     Dead                           Min: 0, Avg:  0.0, Max: 0, Diff: 0, Sum: 0, Workers: 4
[5636.920s][debug][gc,phases      ] GC(137)     Total                          Min: 0, Avg:  1.0, Max: 4, Diff: 4, Sum: 4, Workers: 4
[5636.920s][debug][gc,phases      ] GC(137)   JVMTI Tag Weak OopStorage      Min:  0.0, Avg:  0.0, Max:  0.0, Diff:  0.0, Sum:  0.0, Workers: 4
[5636.920s][debug][gc,phases      ] GC(137)     Dead                           Min: 0, Avg:  0.0, Max: 0, Diff: 0, Sum: 0, Workers: 4
[5636.920s][debug][gc,phases      ] GC(137)     Total                          Min: 0, Avg:  0.0, Max: 0, Diff: 0, Sum: 0, Workers: 4
[5636.920s][debug][gc,phases      ] GC(137)   StringTable Weak               Min:  0.0, Avg:  0.1, Max:  0.1, Diff:  0.1, Sum:  0.4, Workers: 4
[5636.920s][debug][gc,phases      ] GC(137)     Dead                           Min: 0, Avg:  0.0, Max: 0, Diff: 0, Sum: 0, Workers: 4
[5636.920s][debug][gc,phases      ] GC(137)     Total                          Min: 0, Avg: 11950.0, Max: 20985, Diff: 20985, Sum: 47800, Workers: 4
[5636.920s][debug][gc,phases      ] GC(137)   ResolvedMethodTable Weak       Min:  0.0, Avg:  0.0, Max:  0.0, Diff:  0.0, Sum:  0.1, Workers: 4
[5636.920s][debug][gc,phases      ] GC(137)     Dead                           Min: 0, Avg:  4.5, Max: 18, Diff: 18, Sum: 18, Workers: 4
[5636.920s][debug][gc,phases      ] GC(137)     Total                          Min: 0, Avg: 3894.8, Max: 6803, Diff: 6803, Sum: 15579, Workers: 4
[5636.920s][debug][gc,phases      ] GC(137)   JNI Weak                       Min:  0.0, Avg:  0.0, Max:  0.0, Diff:  0.0, Sum:  0.0, Workers: 4
[5636.920s][debug][gc,phases      ] GC(137)     Dead                           Min: 0, Avg:  0.0, Max: 0, Diff: 0, Sum: 0, Workers: 4
[5636.920s][debug][gc,phases      ] GC(137)     Total                          Min: 0, Avg: 13.0, Max: 52, Diff: 52, Sum: 52, Workers: 4
[5636.920s][debug][gc,phases      ] GC(137)   StringDedup Table Weak         Min:  0.0, Avg:  0.0, Max:  0.0, Diff:  0.0, Sum:  0.0, Workers: 4
[5636.920s][debug][gc,phases      ] GC(137)     Dead                           Min: 0, Avg:  0.0, Max: 0, Diff: 0, Sum: 0, Workers: 4
[5636.920s][debug][gc,phases      ] GC(137)     Total                          Min: 0, Avg:  0.0, Max: 0, Diff: 0, Sum: 0, Workers: 4
[5636.920s][debug][gc,phases      ] GC(137)   StringDedup Requests0 Weak     Min:  0.0, Avg:  0.0, Max:  0.0, Diff:  0.0, Sum:  0.0, Workers: 4
[5636.920s][debug][gc,phases      ] GC(137)     Dead                           Min: 0, Avg:  0.0, Max: 0, Diff: 0, Sum: 0, Workers: 4
[5636.920s][debug][gc,phases      ] GC(137)     Total                          Min: 0, Avg:  0.0, Max: 0, Diff: 0, Sum: 0, Workers: 4
[5636.920s][debug][gc,phases      ] GC(137)   StringDedup Requests1 Weak     Min:  0.0, Avg:  0.0, Max:  0.0, Diff:  0.0, Sum:  0.0, Workers: 4
[5636.920s][debug][gc,phases      ] GC(137)     Dead                           Min: 0, Avg:  0.0, Max: 0, Diff: 0, Sum: 0, Workers: 4
[5636.920s][debug][gc,phases      ] GC(137)     Total                          Min: 0, Avg:  0.0, Max: 0, Diff: 0, Sum: 0, Workers: 4
[5636.920s][debug][gc,phases      ] GC(137)   Weak JFR Old Object Samples    Min:  0.0, Avg:  0.0, Max:  0.0, Diff:  0.0, Sum:  0.0, Workers: 4
[5636.920s][debug][gc,phases      ] GC(137)     Dead                           Min: 0, Avg:  0.0, Max: 0, Diff: 0, Sum: 0, Workers: 4
[5636.920s][debug][gc,phases      ] GC(137)     Total                          Min: 0, Avg:  0.0, Max: 0, Diff: 0, Sum: 0, Workers: 4
[5636.920s][debug][gc,phases      ] GC(137) Weak Processing 0.357ms
[5636.920s][debug][gc,age         ] GC(137) Desired survivor size 9961472 bytes, new threshold 1 (max threshold 15)
[5636.920s][info ][gc,heap        ] GC(137) PSYoungGen: 2078853K(2086400K)->3600K(2087424K) Eden: 2075648K(2075648K)->0K(2077184K) From: 3205K(10752K)->3600K(10240K)
[5636.920s][info ][gc,heap        ] GC(137) ParOldGen: 485964K(570368K)->486465K(570368K)
[5636.920s][info ][gc,metaspace   ] GC(137) Metaspace: 110822K(112192K)->110822K(112192K) NonClass: 94294K(95040K)->94294K(95040K) Class: 16527K(17152K)->16527K(17152K)
[5636.920s][info ][gc             ] GC(137) Pause Young (Allocation Failure) 2504M->478M(2595M) 4.630ms
[5636.920s][info ][gc,cpu         ] GC(137) User=0.02s Sys=0.00s Real=0.01s
[5636.920s][info ][safepoint      ] Safepoint "ParallelGCFailedAllocation", Time since last: 10918139195 ns, Reaching safepoint: 80300 ns, Cleanup: 3600 ns, At safepoint: 4690841 ns, Total: 4774741 ns
[5654.865s][info ][safepoint      ] Safepoint "Cleanup", Time since last: 17944943543 ns, Reaching safepoint: 76201 ns, Cleanup: 8600 ns, At safepoint: 6000 ns, Total: 90801 ns
[5655.866s][info ][safepoint      ] Safepoint "Cleanup", Time since last: 1000109742 ns, Reaching safepoint: 78600 ns, Cleanup: 15500 ns, At safepoint: 8800 ns, Total: 102900 ns
[5656.866s][info ][safepoint      ] Safepoint "Cleanup", Time since last: 1000112417 ns, Reaching safepoint: 77301 ns, Cleanup: 15000 ns, At safepoint: 10000 ns, Total: 102301 ns
[5662.866s][info ][safepoint      ] Safepoint "Cleanup", Time since last: 6000486898 ns, Reaching safepoint: 81201 ns, Cleanup: 8700 ns, At safepoint: 6500 ns, Total: 96401 ns
[5665.867s][info ][safepoint      ] Safepoint "Cleanup", Time since last: 3000262937 ns, Reaching safepoint: 76901 ns, Cleanup: 9100 ns, At safepoint: 5300 ns, Total: 91301 ns
[5677.070s][info ][gc,start       ] GC(138) Pause Young (Allocation Failure)
[5677.075s][debug][gc,phases      ] GC(138) Scavenge 5.061ms
[5677.075s][debug][gc,ref         ] GC(138) ReferenceProcessor::execute queues: 1, RefProcThreadModel::Single, marks_oops_alive: false
[5677.075s][debug][gc,ref         ] GC(138) Skipped KeepAliveFinalRefsPhase of Reference Processing: no references
[5677.075s][debug][gc,ref         ] GC(138) ReferenceProcessor::execute queues: 1, RefProcThreadModel::Single, marks_oops_alive: false
[5677.075s][debug][gc,phases      ] GC(138) Reference Processing 0.107ms
[5677.075s][debug][gc,phases      ] GC(138)   VM Weak                        Min:  0.0, Avg:  0.0, Max:  0.0, Diff:  0.0, Sum:  0.0, Workers: 4
[5677.075s][debug][gc,phases      ] GC(138)     Dead                           Min: 0, Avg:  0.0, Max: 0, Diff: 0, Sum: 0, Workers: 4
[5677.075s][debug][gc,phases      ] GC(138)     Total                          Min: 0, Avg: 247.0, Max: 988, Diff: 988, Sum: 988, Workers: 4
[5677.075s][debug][gc,phases      ] GC(138)   ObjectSynchronizer Weak        Min:  0.0, Avg:  0.0, Max:  0.0, Diff:  0.0, Sum:  0.0, Workers: 4
[5677.075s][debug][gc,phases      ] GC(138)     Dead                           Min: 0, Avg:  0.0, Max: 0, Diff: 0, Sum: 0, Workers: 4
[5677.075s][debug][gc,phases      ] GC(138)     Total                          Min: 0, Avg:  1.0, Max: 4, Diff: 4, Sum: 4, Workers: 4
[5677.075s][debug][gc,phases      ] GC(138)   JVMTI Tag Weak OopStorage      Min:  0.0, Avg:  0.0, Max:  0.0, Diff:  0.0, Sum:  0.0, Workers: 4
[5677.075s][debug][gc,phases      ] GC(138)     Dead                           Min: 0, Avg:  0.0, Max: 0, Diff: 0, Sum: 0, Workers: 4
[5677.075s][debug][gc,phases      ] GC(138)     Total                          Min: 0, Avg:  0.0, Max: 0, Diff: 0, Sum: 0, Workers: 4
[5677.075s][debug][gc,phases      ] GC(138)   StringTable Weak               Min:  0.1, Avg:  0.1, Max:  0.1, Diff:  0.0, Sum:  0.5, Workers: 4
[5677.075s][debug][gc,phases      ] GC(138)     Dead                           Min: 0, Avg:  0.0, Max: 0, Diff: 0, Sum: 0, Workers: 4
[5677.075s][debug][gc,phases      ] GC(138)     Total                          Min: 11519, Avg: 11950.5, Max: 12479, Diff: 960, Sum: 47802, Workers: 4
[5677.075s][debug][gc,phases      ] GC(138)   ResolvedMethodTable Weak       Min:  0.0, Avg:  0.0, Max:  0.0, Diff:  0.0, Sum:  0.2, Workers: 4
[5677.075s][debug][gc,phases      ] GC(138)     Dead                           Min: 0, Avg:  4.8, Max: 19, Diff: 19, Sum: 19, Workers: 4
[5677.075s][debug][gc,phases      ] GC(138)     Total                          Min: 3790, Avg: 3895.2, Max: 3972, Diff: 182, Sum: 15581, Workers: 4
[5677.075s][debug][gc,phases      ] GC(138)   JNI Weak                       Min:  0.0, Avg:  0.0, Max:  0.0, Diff:  0.0, Sum:  0.0, Workers: 4
[5677.075s][debug][gc,phases      ] GC(138)     Dead                           Min: 0, Avg:  0.0, Max: 0, Diff: 0, Sum: 0, Workers: 4
[5677.075s][debug][gc,phases      ] GC(138)     Total                          Min: 0, Avg: 13.0, Max: 52, Diff: 52, Sum: 52, Workers: 4
[5677.075s][debug][gc,phases      ] GC(138)   StringDedup Table Weak         Min:  0.0, Avg:  0.0, Max:  0.0, Diff:  0.0, Sum:  0.0, Workers: 4
[5677.075s][debug][gc,phases      ] GC(138)     Dead                           Min: 0, Avg:  0.0, Max: 0, Diff: 0, Sum: 0, Workers: 4
[5677.075s][debug][gc,phases      ] GC(138)     Total                          Min: 0, Avg:  0.0, Max: 0, Diff: 0, Sum: 0, Workers: 4
[5677.075s][debug][gc,phases      ] GC(138)   StringDedup Requests0 Weak     Min:  0.0, Avg:  0.0, Max:  0.0, Diff:  0.0, Sum:  0.0, Workers: 4
[5677.075s][debug][gc,phases      ] GC(138)     Dead                           Min: 0, Avg:  0.0, Max: 0, Diff: 0, Sum: 0, Workers: 4
[5677.075s][debug][gc,phases      ] GC(138)     Total                          Min: 0, Avg:  0.0, Max: 0, Diff: 0, Sum: 0, Workers: 4
[5677.075s][debug][gc,phases      ] GC(138)   StringDedup Requests1 Weak     Min:  0.0, Avg:  0.0, Max:  0.0, Diff:  0.0, Sum:  0.0, Workers: 4
[5677.075s][debug][gc,phases      ] GC(138)     Dead                           Min: 0, Avg:  0.0, Max: 0, Diff: 0, Sum: 0, Workers: 4
[5677.075s][debug][gc,phases      ] GC(138)     Total                          Min: 0, Avg:  0.0, Max: 0, Diff: 0, Sum: 0, Workers: 4
[5677.075s][debug][gc,phases      ] GC(138)   Weak JFR Old Object Samples    Min:  0.0, Avg:  0.0, Max:  0.0, Diff:  0.0, Sum:  0.0, Workers: 4
[5677.075s][debug][gc,phases      ] GC(138)     Dead                           Min: 0, Avg:  0.0, Max: 0, Diff: 0, Sum: 0, Workers: 4
[5677.075s][debug][gc,phases      ] GC(138)     Total                          Min: 0, Avg:  0.0, Max: 0, Diff: 0, Sum: 0, Workers: 4
[5677.075s][debug][gc,phases      ] GC(138) Weak Processing 0.380ms
[5677.075s][debug][gc,age         ] GC(138) Desired survivor size 9961472 bytes, new threshold 1 (max threshold 15)
[5677.075s][info ][gc,heap        ] GC(138) PSYoungGen: 2080784K(2087424K)->6016K(2086912K) Eden: 2077184K(2077184K)->0K(2077184K) From: 3600K(10240K)->6016K(9728K)
[5677.075s][info ][gc,heap        ] GC(138) ParOldGen: 486465K(570368K)->488045K(570368K)
[5677.075s][info ][gc,metaspace   ] GC(138) Metaspace: 110826K(112192K)->110826K(112192K) NonClass: 94297K(95040K)->94297K(95040K) Class: 16528K(17152K)->16528K(17152K)
[5677.075s][info ][gc             ] GC(138) Pause Young (Allocation Failure) 2507M->482M(2595M) 5.681ms
[5677.075s][info ][gc,cpu         ] GC(138) User=0.02s Sys=0.00s Real=0.01s
[5677.075s][info ][safepoint      ] Safepoint "ParallelGCFailedAllocation", Time since last: 11202825895 ns, Reaching safepoint: 6100 ns, Cleanup: 4400 ns, At safepoint: 5747950 ns, Total: 5758450 ns
[5699.077s][info ][safepoint      ] Safepoint "Cleanup", Time since last: 22001536736 ns, Reaching safepoint: 5800 ns, Cleanup: 11100 ns, At safepoint: 25900 ns, Total: 42800 ns
[5714.883s][info ][safepoint      ] Safepoint "Cleanup", Time since last: 15805585659 ns, Reaching safepoint: 81501 ns, Cleanup: 5600 ns, At safepoint: 7800 ns, Total: 94901 ns
[5715.883s][info ][safepoint      ] Safepoint "Cleanup", Time since last: 1000099490 ns, Reaching safepoint: 6300 ns, Cleanup: 9701 ns, At safepoint: 1700 ns, Total: 17701 ns
[5716.266s][info ][gc,start       ] GC(139) Pause Young (Allocation Failure)
[5716.271s][debug][gc,phases      ] GC(139) Scavenge 4.933ms
[5716.271s][debug][gc,ref         ] GC(139) ReferenceProcessor::execute queues: 1, RefProcThreadModel::Single, marks_oops_alive: false
[5716.271s][debug][gc,ref         ] GC(139) Skipped KeepAliveFinalRefsPhase of Reference Processing: no references
[5716.271s][debug][gc,ref         ] GC(139) ReferenceProcessor::execute queues: 1, RefProcThreadModel::Single, marks_oops_alive: false
[5716.271s][debug][gc,phases      ] GC(139) Reference Processing 0.100ms
[5716.271s][debug][gc,phases      ] GC(139)   VM Weak                        Min:  0.0, Avg:  0.0, Max:  0.0, Diff:  0.0, Sum:  0.0, Workers: 4
[5716.271s][debug][gc,phases      ] GC(139)     Dead                           Min: 0, Avg:  0.0, Max: 0, Diff: 0, Sum: 0, Workers: 4
[5716.271s][debug][gc,phases      ] GC(139)     Total                          Min: 0, Avg: 247.0, Max: 384, Diff: 384, Sum: 988, Workers: 4
[5716.271s][debug][gc,phases      ] GC(139)   ObjectSynchronizer Weak        Min:  0.0, Avg:  0.0, Max:  0.0, Diff:  0.0, Sum:  0.0, Workers: 4
[5716.271s][debug][gc,phases      ] GC(139)     Dead                           Min: 0, Avg:  0.0, Max: 0, Diff: 0, Sum: 0, Workers: 4
[5716.271s][debug][gc,phases      ] GC(139)     Total                          Min: 0, Avg:  1.0, Max: 4, Diff: 4, Sum: 4, Workers: 4
[5716.271s][debug][gc,phases      ] GC(139)   JVMTI Tag Weak OopStorage      Min:  0.0, Avg:  0.0, Max:  0.0, Diff:  0.0, Sum:  0.0, Workers: 4
[5716.271s][debug][gc,phases      ] GC(139)     Dead                           Min: 0, Avg:  0.0, Max: 0, Diff: 0, Sum: 0, Workers: 4
[5716.271s][debug][gc,phases      ] GC(139)     Total                          Min: 0, Avg:  0.0, Max: 0, Diff: 0, Sum: 0, Workers: 4
[5716.271s][debug][gc,phases      ] GC(139)   StringTable Weak               Min:  0.1, Avg:  0.1, Max:  0.1, Diff:  0.0, Sum:  0.4, Workers: 4
[5716.271s][debug][gc,phases      ] GC(139)     Dead                           Min: 0, Avg:  0.2, Max: 1, Diff: 1, Sum: 1, Workers: 4
[5716.271s][debug][gc,phases      ] GC(139)     Total                          Min: 11839, Avg: 11951.2, Max: 12031, Diff: 192, Sum: 47805, Workers: 4
[5716.271s][debug][gc,phases      ] GC(139)   ResolvedMethodTable Weak       Min:  0.0, Avg:  0.0, Max:  0.0, Diff:  0.0, Sum:  0.2, Workers: 4
[5716.271s][debug][gc,phases      ] GC(139)     Dead                           Min: 0, Avg:  4.8, Max: 19, Diff: 19, Sum: 19, Workers: 4
[5716.271s][debug][gc,phases      ] GC(139)     Total                          Min: 3712, Avg: 3896.5, Max: 4016, Diff: 304, Sum: 15586, Workers: 4
[5716.271s][debug][gc,phases      ] GC(139)   JNI Weak                       Min:  0.0, Avg:  0.0, Max:  0.0, Diff:  0.0, Sum:  0.0, Workers: 4
[5716.271s][debug][gc,phases      ] GC(139)     Dead                           Min: 0, Avg:  0.0, Max: 0, Diff: 0, Sum: 0, Workers: 4
[5716.271s][debug][gc,phases      ] GC(139)     Total                          Min: 0, Avg: 13.0, Max: 52, Diff: 52, Sum: 52, Workers: 4
[5716.271s][debug][gc,phases      ] GC(139)   StringDedup Table Weak         Min:  0.0, Avg:  0.0, Max:  0.0, Diff:  0.0, Sum:  0.0, Workers: 4
[5716.271s][debug][gc,phases      ] GC(139)     Dead                           Min: 0, Avg:  0.0, Max: 0, Diff: 0, Sum: 0, Workers: 4
[5716.271s][debug][gc,phases      ] GC(139)     Total                          Min: 0, Avg:  0.0, Max: 0, Diff: 0, Sum: 0, Workers: 4
[5716.271s][debug][gc,phases      ] GC(139)   StringDedup Requests0 Weak     Min:  0.0, Avg:  0.0, Max:  0.0, Diff:  0.0, Sum:  0.0, Workers: 4
[5716.271s][debug][gc,phases      ] GC(139)     Dead                           Min: 0, Avg:  0.0, Max: 0, Diff: 0, Sum: 0, Workers: 4
[5716.271s][debug][gc,phases      ] GC(139)     Total                          Min: 0, Avg:  0.0, Max: 0, Diff: 0, Sum: 0, Workers: 4
[5716.271s][debug][gc,phases      ] GC(139)   StringDedup Requests1 Weak     Min:  0.0, Avg:  0.0, Max:  0.0, Diff:  0.0, Sum:  0.0, Workers: 4
[5716.271s][debug][gc,phases      ] GC(139)     Dead                           Min: 0, Avg:  0.0, Max: 0, Diff: 0, Sum: 0, Workers: 4
[5716.271s][debug][gc,phases      ] GC(139)     Total                          Min: 0, Avg:  0.0, Max: 0, Diff: 0, Sum: 0, Workers: 4
[5716.271s][debug][gc,phases      ] GC(139)   Weak JFR Old Object Samples    Min:  0.0, Avg:  0.0, Max:  0.0, Diff:  0.0, Sum:  0.0, Workers: 4
[5716.271s][debug][gc,phases      ] GC(139)     Dead                           Min: 0, Avg:  0.0, Max: 0, Diff: 0, Sum: 0, Workers: 4
[5716.271s][debug][gc,phases      ] GC(139)     Total                          Min: 0, Avg:  0.0, Max: 0, Diff: 0, Sum: 0, Workers: 4
[5716.271s][debug][gc,phases      ] GC(139) Weak Processing 0.330ms
[5716.271s][debug][gc,age         ] GC(139) Desired survivor size 9437184 bytes, new threshold 1 (max threshold 15)
[5716.271s][info ][gc,heap        ] GC(139) PSYoungGen: 2083200K(2086912K)->4544K(2087936K) Eden: 2077184K(2077184K)->0K(2078208K) From: 6016K(9728K)->4544K(9728K)
[5716.271s][info ][gc,heap        ] GC(139) ParOldGen: 488045K(570368K)->491249K(570368K)
[5716.271s][info ][gc,metaspace   ] GC(139) Metaspace: 110837K(112192K)->110837K(112192K) NonClass: 94307K(95040K)->94307K(95040K) Class: 16529K(17152K)->16529K(17152K)
[5716.271s][info ][gc             ] GC(139) Pause Young (Allocation Failure) 2510M->484M(2596M) 5.491ms
[5716.271s][info ][gc,cpu         ] GC(139) User=0.02s Sys=0.00s Real=0.01s
[5716.271s][info ][safepoint      ] Safepoint "ParallelGCFailedAllocation", Time since last: 382808526 ns, Reaching safepoint: 81701 ns, Cleanup: 4100 ns, At safepoint: 5583248 ns, Total: 5669049 ns
[5717.271s][info ][safepoint      ] Safepoint "Cleanup", Time since last: 1000096090 ns, Reaching safepoint: 93901 ns, Cleanup: 9500 ns, At safepoint: 7900 ns, Total: 111301 ns
[5720.272s][info ][safepoint      ] Safepoint "Cleanup", Time since last: 3000265836 ns, Reaching safepoint: 5700 ns, Cleanup: 7600 ns, At safepoint: 2200 ns, Total: 15500 ns
[5723.272s][info ][safepoint      ] Safepoint "Cleanup", Time since last: 3000244906 ns, Reaching safepoint: 5900 ns, Cleanup: 16000 ns, At safepoint: 2200 ns, Total: 24100 ns
[5726.272s][info ][safepoint      ] Safepoint "Cleanup", Time since last: 3000245107 ns, Reaching safepoint: 6100 ns, Cleanup: 9500 ns, At safepoint: 19200 ns, Total: 34800 ns
[5728.272s][info ][safepoint      ] Safepoint "Cleanup", Time since last: 2000168149 ns, Reaching safepoint: 5900 ns, Cleanup: 7500 ns, At safepoint: 2200 ns, Total: 15600 ns
[5729.273s][info ][safepoint      ] Safepoint "Cleanup", Time since last: 1000104927 ns, Reaching safepoint: 6000 ns, Cleanup: 8500 ns, At safepoint: 2400 ns, Total: 16900 ns
[5730.273s][info ][safepoint      ] Safepoint "Cleanup", Time since last: 1000099227 ns, Reaching safepoint: 5600 ns, Cleanup: 21801 ns, At safepoint: 2300 ns, Total: 29701 ns
[5734.273s][info ][safepoint      ] Safepoint "Cleanup", Time since last: 4000310907 ns, Reaching safepoint: 5801 ns, Cleanup: 10700 ns, At safepoint: 1900 ns, Total: 18401 ns
[5739.274s][info ][safepoint      ] Safepoint "Cleanup", Time since last: 5000681677 ns, Reaching safepoint: 82101 ns, Cleanup: 10600 ns, At safepoint: 7800 ns, Total: 100501 ns
[5752.816s][info ][gc,start       ] GC(140) Pause Young (Allocation Failure)
[5752.819s][debug][gc,phases      ] GC(140) Scavenge 3.666ms
[5752.819s][debug][gc,ref         ] GC(140) Skipped SoftWeakFinalRefsPhase of Reference Processing: no references
[5752.819s][debug][gc,ref         ] GC(140) Skipped KeepAliveFinalRefsPhase of Reference Processing: no references
[5752.819s][debug][gc,ref         ] GC(140) ReferenceProcessor::execute queues: 1, RefProcThreadModel::Single, marks_oops_alive: false
[5752.819s][debug][gc,phases      ] GC(140) Reference Processing 0.094ms
[5752.820s][debug][gc,phases      ] GC(140)   VM Weak                        Min:  0.0, Avg:  0.0, Max:  0.0, Diff:  0.0, Sum:  0.0, Workers: 4
[5752.820s][debug][gc,phases      ] GC(140)     Dead                           Min: 0, Avg:  0.0, Max: 0, Diff: 0, Sum: 0, Workers: 4
[5752.820s][debug][gc,phases      ] GC(140)     Total                          Min: 0, Avg: 247.0, Max: 832, Diff: 832, Sum: 988, Workers: 4
[5752.820s][debug][gc,phases      ] GC(140)   ObjectSynchronizer Weak        Min:  0.0, Avg:  0.0, Max:  0.0, Diff:  0.0, Sum:  0.0, Workers: 4
[5752.820s][debug][gc,phases      ] GC(140)     Dead                           Min: 0, Avg:  0.0, Max: 0, Diff: 0, Sum: 0, Workers: 4
[5752.820s][debug][gc,phases      ] GC(140)     Total                          Min: 0, Avg:  1.0, Max: 4, Diff: 4, Sum: 4, Workers: 4
[5752.820s][debug][gc,phases      ] GC(140)   JVMTI Tag Weak OopStorage      Min:  0.0, Avg:  0.0, Max:  0.0, Diff:  0.0, Sum:  0.0, Workers: 4
[5752.820s][debug][gc,phases      ] GC(140)     Dead                           Min: 0, Avg:  0.0, Max: 0, Diff: 0, Sum: 0, Workers: 4
[5752.820s][debug][gc,phases      ] GC(140)     Total                          Min: 0, Avg:  0.0, Max: 0, Diff: 0, Sum: 0, Workers: 4
[5752.820s][debug][gc,phases      ] GC(140)   StringTable Weak               Min:  0.0, Avg:  0.1, Max:  0.1, Diff:  0.1, Sum:  0.4, Workers: 4
[5752.820s][debug][gc,phases      ] GC(140)     Dead                           Min: 0, Avg:  0.0, Max: 0, Diff: 0, Sum: 0, Workers: 4
[5752.820s][debug][gc,phases      ] GC(140)     Total                          Min: 0, Avg: 11951.2, Max: 20415, Diff: 20415, Sum: 47805, Workers: 4
[5752.820s][debug][gc,phases      ] GC(140)   ResolvedMethodTable Weak       Min:  0.0, Avg:  0.0, Max:  0.0, Diff:  0.0, Sum:  0.1, Workers: 4
[5752.820s][debug][gc,phases      ] GC(140)     Dead                           Min: 0, Avg:  4.0, Max: 16, Diff: 16, Sum: 16, Workers: 4
[5752.820s][debug][gc,phases      ] GC(140)     Total                          Min: 0, Avg: 3896.5, Max: 6900, Diff: 6900, Sum: 15586, Workers: 4
[5752.820s][debug][gc,phases      ] GC(140)   JNI Weak                       Min:  0.0, Avg:  0.0, Max:  0.0, Diff:  0.0, Sum:  0.0, Workers: 4
[5752.820s][debug][gc,phases      ] GC(140)     Dead                           Min: 0, Avg:  0.0, Max: 0, Diff: 0, Sum: 0, Workers: 4
[5752.820s][debug][gc,phases      ] GC(140)     Total                          Min: 0, Avg: 13.0, Max: 52, Diff: 52, Sum: 52, Workers: 4
[5752.820s][debug][gc,phases      ] GC(140)   StringDedup Table Weak         Min:  0.0, Avg:  0.0, Max:  0.0, Diff:  0.0, Sum:  0.0, Workers: 4
[5752.820s][debug][gc,phases      ] GC(140)     Dead                           Min: 0, Avg:  0.0, Max: 0, Diff: 0, Sum: 0, Workers: 4
[5752.820s][debug][gc,phases      ] GC(140)     Total                          Min: 0, Avg:  0.0, Max: 0, Diff: 0, Sum: 0, Workers: 4
[5752.820s][debug][gc,phases      ] GC(140)   StringDedup Requests0 Weak     Min:  0.0, Avg:  0.0, Max:  0.0, Diff:  0.0, Sum:  0.0, Workers: 4
[5752.820s][debug][gc,phases      ] GC(140)     Dead                           Min: 0, Avg:  0.0, Max: 0, Diff: 0, Sum: 0, Workers: 4
[5752.820s][debug][gc,phases      ] GC(140)     Total                          Min: 0, Avg:  0.0, Max: 0, Diff: 0, Sum: 0, Workers: 4
[5752.820s][debug][gc,phases      ] GC(140)   StringDedup Requests1 Weak     Min:  0.0, Avg:  0.0, Max:  0.0, Diff:  0.0, Sum:  0.0, Workers: 4
[5752.820s][debug][gc,phases      ] GC(140)     Dead                           Min: 0, Avg:  0.0, Max: 0, Diff: 0, Sum: 0, Workers: 4
[5752.820s][debug][gc,phases      ] GC(140)     Total                          Min: 0, Avg:  0.0, Max: 0, Diff: 0, Sum: 0, Workers: 4
[5752.820s][debug][gc,phases      ] GC(140)   Weak JFR Old Object Samples    Min:  0.0, Avg:  0.0, Max:  0.0, Diff:  0.0, Sum:  0.0, Workers: 4
[5752.820s][debug][gc,phases      ] GC(140)     Dead                           Min: 0, Avg:  0.0, Max: 0, Diff: 0, Sum: 0, Workers: 4
[5752.820s][debug][gc,phases      ] GC(140)     Total                          Min: 0, Avg:  0.0, Max: 0, Diff: 0, Sum: 0, Workers: 4
[5752.820s][debug][gc,phases      ] GC(140) Weak Processing 0.375ms
[5752.820s][debug][gc,age         ] GC(140) Desired survivor size 9437184 bytes, new threshold 1 (max threshold 15)
[5752.820s][info ][gc,heap        ] GC(140) PSYoungGen: 2082752K(2087936K)->3680K(2087424K) Eden: 2078208K(2078208K)->0K(2078208K) From: 4544K(9728K)->3680K(9216K)
[5752.820s][info ][gc,heap        ] GC(140) ParOldGen: 491249K(570368K)->493662K(570368K)
[5752.820s][info ][gc,metaspace   ] GC(140) Metaspace: 110847K(112256K)->110847K(112256K) NonClass: 94317K(95104K)->94317K(95104K) Class: 16529K(17152K)->16529K(17152K)
[5752.820s][info ][gc             ] GC(140) Pause Young (Allocation Failure) 2513M->485M(2595M) 4.234ms
[5752.820s][info ][gc,cpu         ] GC(140) User=0.02s Sys=0.00s Real=0.01s
[5752.820s][info ][safepoint      ] Safepoint "ParallelGCFailedAllocation", Time since last: 13541672516 ns, Reaching safepoint: 81701 ns, Cleanup: 3700 ns, At safepoint: 4300037 ns, Total: 4385438 ns
[5759.820s][info ][safepoint      ] Safepoint "Cleanup", Time since last: 7000517011 ns, Reaching safepoint: 80300 ns, Cleanup: 8500 ns, At safepoint: 6801 ns, Total: 95601 ns
[5761.821s][info ][safepoint      ] Safepoint "Cleanup", Time since last: 2000169829 ns, Reaching safepoint: 81301 ns, Cleanup: 10600 ns, At safepoint: 6900 ns, Total: 98801 ns
[5762.903s][info ][safepoint      ] Safepoint "Cleanup", Time since last: 1082293632 ns, Reaching safepoint: 6600 ns, Cleanup: 12700 ns, At safepoint: 3000 ns, Total: 22300 ns
[5765.903s][info ][safepoint      ] Safepoint "Cleanup", Time since last: 3000259245 ns, Reaching safepoint: 5600 ns, Cleanup: 9000 ns, At safepoint: 1800 ns, Total: 16400 ns
[5766.904s][info ][safepoint      ] Safepoint "Cleanup", Time since last: 1000120315 ns, Reaching safepoint: 5800 ns, Cleanup: 23900 ns, At safepoint: 2300 ns, Total: 32000 ns
[5773.904s][info ][safepoint      ] Safepoint "Cleanup", Time since last: 7000572865 ns, Reaching safepoint: 5301 ns, Cleanup: 7700 ns, At safepoint: 2600 ns, Total: 15601 ns
[5777.904s][info ][safepoint      ] Safepoint "Cleanup", Time since last: 4000312500 ns, Reaching safepoint: 5101 ns, Cleanup: 8200 ns, At safepoint: 2100 ns, Total: 15401 ns
[5779.905s][info ][safepoint      ] Safepoint "Cleanup", Time since last: 2000184177 ns, Reaching safepoint: 5700 ns, Cleanup: 9100 ns, At safepoint: 1900 ns, Total: 16700 ns
[5780.905s][info ][safepoint      ] Safepoint "Cleanup", Time since last: 1000102988 ns, Reaching safepoint: 5400 ns, Cleanup: 11000 ns, At safepoint: 2001 ns, Total: 18401 ns
[5781.905s][info ][safepoint      ] Safepoint "Cleanup", Time since last: 1000100888 ns, Reaching safepoint: 5500 ns, Cleanup: 10200 ns, At safepoint: 2500 ns, Total: 18200 ns
[5789.116s][info ][gc,start       ] GC(141) Pause Young (Allocation Failure)
[5789.120s][debug][gc,phases      ] GC(141) Scavenge 3.863ms
[5789.120s][debug][gc,ref         ] GC(141) ReferenceProcessor::execute queues: 1, RefProcThreadModel::Single, marks_oops_alive: false
[5789.120s][debug][gc,ref         ] GC(141) Skipped KeepAliveFinalRefsPhase of Reference Processing: no references
[5789.120s][debug][gc,ref         ] GC(141) ReferenceProcessor::execute queues: 1, RefProcThreadModel::Single, marks_oops_alive: false
[5789.120s][debug][gc,phases      ] GC(141) Reference Processing 0.099ms
[5789.120s][debug][gc,phases      ] GC(141)   VM Weak                        Min:  0.0, Avg:  0.0, Max:  0.0, Diff:  0.0, Sum:  0.0, Workers: 4
[5789.120s][debug][gc,phases      ] GC(141)     Dead                           Min: 0, Avg:  0.0, Max: 0, Diff: 0, Sum: 0, Workers: 4
[5789.120s][debug][gc,phases      ] GC(141)     Total                          Min: 0, Avg: 247.0, Max: 768, Diff: 768, Sum: 988, Workers: 4
[5789.120s][debug][gc,phases      ] GC(141)   ObjectSynchronizer Weak        Min:  0.0, Avg:  0.0, Max:  0.0, Diff:  0.0, Sum:  0.0, Workers: 4
[5789.121s][debug][gc,phases      ] GC(141)     Dead                           Min: 0, Avg:  0.0, Max: 0, Diff: 0, Sum: 0, Workers: 4
[5789.121s][debug][gc,phases      ] GC(141)     Total                          Min: 0, Avg:  1.0, Max: 4, Diff: 4, Sum: 4, Workers: 4
[5789.121s][debug][gc,phases      ] GC(141)   JVMTI Tag Weak OopStorage      Min:  0.0, Avg:  0.0, Max:  0.0, Diff:  0.0, Sum:  0.0, Workers: 4
[5789.121s][debug][gc,phases      ] GC(141)     Dead                           Min: 0, Avg:  0.0, Max: 0, Diff: 0, Sum: 0, Workers: 4
[5789.121s][debug][gc,phases      ] GC(141)     Total                          Min: 0, Avg:  0.0, Max: 0, Diff: 0, Sum: 0, Workers: 4
[5789.121s][debug][gc,phases      ] GC(141)   StringTable Weak               Min:  0.0, Avg:  0.1, Max:  0.1, Diff:  0.1, Sum:  0.4, Workers: 4
[5789.121s][debug][gc,phases      ] GC(141)     Dead                           Min: 0, Avg:  0.2, Max: 1, Diff: 1, Sum: 1, Workers: 4
[5789.121s][debug][gc,phases      ] GC(141)     Total                          Min: 0, Avg: 11951.8, Max: 20672, Diff: 20672, Sum: 47807, Workers: 4
[5789.121s][debug][gc,phases      ] GC(141)   ResolvedMethodTable Weak       Min:  0.0, Avg:  0.0, Max:  0.0, Diff:  0.0, Sum:  0.1, Workers: 4
[5789.121s][debug][gc,phases      ] GC(141)     Dead                           Min: 0, Avg:  4.0, Max: 15, Diff: 15, Sum: 16, Workers: 4
[5789.121s][debug][gc,phases      ] GC(141)     Total                          Min: 0, Avg: 3897.2, Max: 6781, Diff: 6781, Sum: 15589, Workers: 4
[5789.121s][debug][gc,phases      ] GC(141)   JNI Weak                       Min:  0.0, Avg:  0.0, Max:  0.0, Diff:  0.0, Sum:  0.0, Workers: 4
[5789.121s][debug][gc,phases      ] GC(141)     Dead                           Min: 0, Avg:  0.0, Max: 0, Diff: 0, Sum: 0, Workers: 4
[5789.121s][debug][gc,phases      ] GC(141)     Total                          Min: 0, Avg: 13.0, Max: 52, Diff: 52, Sum: 52, Workers: 4
[5789.121s][debug][gc,phases      ] GC(141)   StringDedup Table Weak         Min:  0.0, Avg:  0.0, Max:  0.0, Diff:  0.0, Sum:  0.0, Workers: 4
[5789.121s][debug][gc,phases      ] GC(141)     Dead                           Min: 0, Avg:  0.0, Max: 0, Diff: 0, Sum: 0, Workers: 4
[5789.121s][debug][gc,phases      ] GC(141)     Total                          Min: 0, Avg:  0.0, Max: 0, Diff: 0, Sum: 0, Workers: 4
[5789.121s][debug][gc,phases      ] GC(141)   StringDedup Requests0 Weak     Min:  0.0, Avg:  0.0, Max:  0.0, Diff:  0.0, Sum:  0.0, Workers: 4
[5789.121s][debug][gc,phases      ] GC(141)     Dead                           Min: 0, Avg:  0.0, Max: 0, Diff: 0, Sum: 0, Workers: 4
[5789.121s][debug][gc,phases      ] GC(141)     Total                          Min: 0, Avg:  0.0, Max: 0, Diff: 0, Sum: 0, Workers: 4
[5789.121s][debug][gc,phases      ] GC(141)   StringDedup Requests1 Weak     Min:  0.0, Avg:  0.0, Max:  0.0, Diff:  0.0, Sum:  0.0, Workers: 4
[5789.121s][debug][gc,phases      ] GC(141)     Dead                           Min: 0, Avg:  0.0, Max: 0, Diff: 0, Sum: 0, Workers: 4
[5789.121s][debug][gc,phases      ] GC(141)     Total                          Min: 0, Avg:  0.0, Max: 0, Diff: 0, Sum: 0, Workers: 4
[5789.121s][debug][gc,phases      ] GC(141)   Weak JFR Old Object Samples    Min:  0.0, Avg:  0.0, Max:  0.0, Diff:  0.0, Sum:  0.0, Workers: 4
[5789.121s][debug][gc,phases      ] GC(141)     Dead                           Min: 0, Avg:  0.0, Max: 0, Diff: 0, Sum: 0, Workers: 4
[5789.121s][debug][gc,phases      ] GC(141)     Total                          Min: 0, Avg:  0.0, Max: 0, Diff: 0, Sum: 0, Workers: 4
[5789.121s][debug][gc,phases      ] GC(141) Weak Processing 0.368ms
[5789.121s][debug][gc,age         ] GC(141) Desired survivor size 8912896 bytes, new threshold 1 (max threshold 15)
[5789.121s][info ][gc,heap        ] GC(141) PSYoungGen: 2081888K(2087424K)->4756K(2088448K) Eden: 2078208K(2078208K)->0K(2079232K) From: 3680K(9216K)->4756K(9216K)
[5789.121s][info ][gc,heap        ] GC(141) ParOldGen: 493662K(570368K)->494962K(570368K)
[5789.121s][info ][gc,metaspace   ] GC(141) Metaspace: 110868K(112256K)->110868K(112256K) NonClass: 94337K(95104K)->94337K(95104K) Class: 16531K(17152K)->16531K(17152K)
[5789.121s][info ][gc             ] GC(141) Pause Young (Allocation Failure) 2515M->488M(2596M) 4.424ms
[5789.121s][info ][gc,cpu         ] GC(141) User=0.02s Sys=0.00s Real=0.01s
[5789.121s][info ][safepoint      ] Safepoint "ParallelGCFailedAllocation", Time since last: 7211237362 ns, Reaching safepoint: 78601 ns, Cleanup: 4200 ns, At safepoint: 4523940 ns, Total: 4606741 ns
[5826.921s][info ][safepoint      ] Safepoint "Cleanup", Time since last: 37799723888 ns, Reaching safepoint: 80501 ns, Cleanup: 8900 ns, At safepoint: 6200 ns, Total: 95601 ns
[5827.119s][info ][gc,start       ] GC(142) Pause Young (Allocation Failure)
[5827.123s][debug][gc,phases      ] GC(142) Scavenge 3.763ms
[5827.123s][debug][gc,ref         ] GC(142) Skipped SoftWeakFinalRefsPhase of Reference Processing: no references
[5827.123s][debug][gc,ref         ] GC(142) Skipped KeepAliveFinalRefsPhase of Reference Processing: no references
[5827.123s][debug][gc,ref         ] GC(142) Skipped PhantomRefsPhase of Reference Processing: no references
[5827.123s][debug][gc,phases      ] GC(142) Reference Processing 0.021ms
[5827.123s][debug][gc,phases      ] GC(142)   VM Weak                        Min:  0.0, Avg:  0.0, Max:  0.0, Diff:  0.0, Sum:  0.0, Workers: 4
[5827.123s][debug][gc,phases      ] GC(142)     Dead                           Min: 0, Avg:  0.0, Max: 0, Diff: 0, Sum: 0, Workers: 4
[5827.123s][debug][gc,phases      ] GC(142)     Total                          Min: 0, Avg: 247.0, Max: 604, Diff: 604, Sum: 988, Workers: 4
[5827.123s][debug][gc,phases      ] GC(142)   ObjectSynchronizer Weak        Min:  0.0, Avg:  0.0, Max:  0.0, Diff:  0.0, Sum:  0.0, Workers: 4
[5827.123s][debug][gc,phases      ] GC(142)     Dead                           Min: 0, Avg:  0.0, Max: 0, Diff: 0, Sum: 0, Workers: 4
[5827.123s][debug][gc,phases      ] GC(142)     Total                          Min: 0, Avg:  0.8, Max: 3, Diff: 3, Sum: 3, Workers: 4
[5827.123s][debug][gc,phases      ] GC(142)   JVMTI Tag Weak OopStorage      Min:  0.0, Avg:  0.0, Max:  0.0, Diff:  0.0, Sum:  0.0, Workers: 4
[5827.123s][debug][gc,phases      ] GC(142)     Dead                           Min: 0, Avg:  0.0, Max: 0, Diff: 0, Sum: 0, Workers: 4
[5827.123s][debug][gc,phases      ] GC(142)     Total                          Min: 0, Avg:  0.0, Max: 0, Diff: 0, Sum: 0, Workers: 4
[5827.123s][debug][gc,phases      ] GC(142)   StringTable Weak               Min:  0.0, Avg:  0.1, Max:  0.1, Diff:  0.1, Sum:  0.4, Workers: 4
[5827.123s][debug][gc,phases      ] GC(142)     Dead                           Min: 0, Avg:  0.0, Max: 0, Diff: 0, Sum: 0, Workers: 4
[5827.123s][debug][gc,phases      ] GC(142)     Total                          Min: 0, Avg: 11951.8, Max: 21375, Diff: 21375, Sum: 47807, Workers: 4
[5827.123s][debug][gc,phases      ] GC(142)   ResolvedMethodTable Weak       Min:  0.0, Avg:  0.0, Max:  0.0, Diff:  0.0, Sum:  0.1, Workers: 4
[5827.123s][debug][gc,phases      ] GC(142)     Dead                           Min: 0, Avg:  4.0, Max: 15, Diff: 15, Sum: 16, Workers: 4
[5827.123s][debug][gc,phases      ] GC(142)     Total                          Min: 0, Avg: 3897.2, Max: 6949, Diff: 6949, Sum: 15589, Workers: 4
[5827.123s][debug][gc,phases      ] GC(142)   JNI Weak                       Min:  0.0, Avg:  0.0, Max:  0.0, Diff:  0.0, Sum:  0.0, Workers: 4
[5827.123s][debug][gc,phases      ] GC(142)     Dead                           Min: 0, Avg:  0.0, Max: 0, Diff: 0, Sum: 0, Workers: 4
[5827.123s][debug][gc,phases      ] GC(142)     Total                          Min: 0, Avg: 13.0, Max: 52, Diff: 52, Sum: 52, Workers: 4
[5827.123s][debug][gc,phases      ] GC(142)   StringDedup Table Weak         Min:  0.0, Avg:  0.0, Max:  0.0, Diff:  0.0, Sum:  0.0, Workers: 4
[5827.123s][debug][gc,phases      ] GC(142)     Dead                           Min: 0, Avg:  0.0, Max: 0, Diff: 0, Sum: 0, Workers: 4
[5827.123s][debug][gc,phases      ] GC(142)     Total                          Min: 0, Avg:  0.0, Max: 0, Diff: 0, Sum: 0, Workers: 4
[5827.123s][debug][gc,phases      ] GC(142)   StringDedup Requests0 Weak     Min:  0.0, Avg:  0.0, Max:  0.0, Diff:  0.0, Sum:  0.0, Workers: 4
[5827.123s][debug][gc,phases      ] GC(142)     Dead                           Min: 0, Avg:  0.0, Max: 0, Diff: 0, Sum: 0, Workers: 4
[5827.123s][debug][gc,phases      ] GC(142)     Total                          Min: 0, Avg:  0.0, Max: 0, Diff: 0, Sum: 0, Workers: 4
[5827.123s][debug][gc,phases      ] GC(142)   StringDedup Requests1 Weak     Min:  0.0, Avg:  0.0, Max:  0.0, Diff:  0.0, Sum:  0.0, Workers: 4
[5827.123s][debug][gc,phases      ] GC(142)     Dead                           Min: 0, Avg:  0.0, Max: 0, Diff: 0, Sum: 0, Workers: 4
[5827.123s][debug][gc,phases      ] GC(142)     Total                          Min: 0, Avg:  0.0, Max: 0, Diff: 0, Sum: 0, Workers: 4
[5827.123s][debug][gc,phases      ] GC(142)   Weak JFR Old Object Samples    Min:  0.0, Avg:  0.0, Max:  0.0, Diff:  0.0, Sum:  0.0, Workers: 4
[5827.123s][debug][gc,phases      ] GC(142)     Dead                           Min: 0, Avg:  0.0, Max: 0, Diff: 0, Sum: 0, Workers: 4
[5827.123s][debug][gc,phases      ] GC(142)     Total                          Min: 0, Avg:  0.0, Max: 0, Diff: 0, Sum: 0, Workers: 4
[5827.123s][debug][gc,phases      ] GC(142) Weak Processing 0.349ms
[5827.123s][debug][gc,age         ] GC(142) Desired survivor size 8912896 bytes, new threshold 1 (max threshold 15)
[5827.123s][info ][gc,heap        ] GC(142) PSYoungGen: 2083988K(2088448K)->3600K(2087936K) Eden: 2079232K(2079232K)->0K(2079232K) From: 4756K(9216K)->3600K(8704K)
[5827.123s][info ][gc,heap        ] GC(142) ParOldGen: 494962K(570368K)->497181K(570368K)
[5827.123s][info ][gc,metaspace   ] GC(142) Metaspace: 110869K(112256K)->110869K(112256K) NonClass: 94338K(95104K)->94338K(95104K) Class: 16531K(17152K)->16531K(17152K)
[5827.123s][info ][gc             ] GC(142) Pause Young (Allocation Failure) 2518M->489M(2596M) 4.233ms
[5827.123s][info ][gc,cpu         ] GC(142) User=0.02s Sys=0.00s Real=0.01s
[5827.123s][info ][safepoint      ] Safepoint "ParallelGCFailedAllocation", Time since last: 198464431 ns, Reaching safepoint: 4700 ns, Cleanup: 3400 ns, At safepoint: 4290337 ns, Total: 4298437 ns
[5835.124s][info ][safepoint      ] Safepoint "Cleanup", Time since last: 8000568408 ns, Reaching safepoint: 5600 ns, Cleanup: 10300 ns, At safepoint: 2500 ns, Total: 18400 ns
[5866.268s][info ][gc,start       ] GC(143) Pause Young (Allocation Failure)
[5866.271s][debug][gc,phases      ] GC(143) Scavenge 2.968ms
[5866.272s][debug][gc,ref         ] GC(143) Skipped SoftWeakFinalRefsPhase of Reference Processing: no references
[5866.272s][debug][gc,ref         ] GC(143) Skipped KeepAliveFinalRefsPhase of Reference Processing: no references
[5866.272s][debug][gc,ref         ] GC(143) Skipped PhantomRefsPhase of Reference Processing: no references
[5866.272s][debug][gc,phases      ] GC(143) Reference Processing 0.021ms
[5866.272s][debug][gc,phases      ] GC(143)   VM Weak                        Min:  0.0, Avg:  0.0, Max:  0.0, Diff:  0.0, Sum:  0.0, Workers: 4
[5866.272s][debug][gc,phases      ] GC(143)     Dead                           Min: 0, Avg:  0.0, Max: 0, Diff: 0, Sum: 0, Workers: 4
[5866.272s][debug][gc,phases      ] GC(143)     Total                          Min: 0, Avg: 247.0, Max: 604, Diff: 604, Sum: 988, Workers: 4
[5866.272s][debug][gc,phases      ] GC(143)   ObjectSynchronizer Weak        Min:  0.0, Avg:  0.0, Max:  0.0, Diff:  0.0, Sum:  0.0, Workers: 4
[5866.272s][debug][gc,phases      ] GC(143)     Dead                           Min: 0, Avg:  0.0, Max: 0, Diff: 0, Sum: 0, Workers: 4
[5866.272s][debug][gc,phases      ] GC(143)     Total                          Min: 0, Avg:  0.8, Max: 3, Diff: 3, Sum: 3, Workers: 4
[5866.272s][debug][gc,phases      ] GC(143)   JVMTI Tag Weak OopStorage      Min:  0.0, Avg:  0.0, Max:  0.0, Diff:  0.0, Sum:  0.0, Workers: 4
[5866.272s][debug][gc,phases      ] GC(143)     Dead                           Min: 0, Avg:  0.0, Max: 0, Diff: 0, Sum: 0, Workers: 4
[5866.272s][debug][gc,phases      ] GC(143)     Total                          Min: 0, Avg:  0.0, Max: 0, Diff: 0, Sum: 0, Workers: 4
[5866.272s][debug][gc,phases      ] GC(143)   StringTable Weak               Min:  0.0, Avg:  0.1, Max:  0.1, Diff:  0.1, Sum:  0.4, Workers: 4
[5866.272s][debug][gc,phases      ] GC(143)     Dead                           Min: 0, Avg:  0.0, Max: 0, Diff: 0, Sum: 0, Workers: 4
[5866.272s][debug][gc,phases      ] GC(143)     Total                          Min: 0, Avg: 11951.8, Max: 21247, Diff: 21247, Sum: 47807, Workers: 4
[5866.272s][debug][gc,phases      ] GC(143)   ResolvedMethodTable Weak       Min:  0.0, Avg:  0.0, Max:  0.1, Diff:  0.1, Sum:  0.2, Workers: 4
[5866.272s][debug][gc,phases      ] GC(143)     Dead                           Min: 0, Avg:  4.0, Max: 10, Diff: 10, Sum: 16, Workers: 4
[5866.272s][debug][gc,phases      ] GC(143)     Total                          Min: 0, Avg: 3897.2, Max: 5323, Diff: 5323, Sum: 15589, Workers: 4
[5866.272s][debug][gc,phases      ] GC(143)   JNI Weak                       Min:  0.0, Avg:  0.0, Max:  0.0, Diff:  0.0, Sum:  0.0, Workers: 4
[5866.272s][debug][gc,phases      ] GC(143)     Dead                           Min: 0, Avg:  0.0, Max: 0, Diff: 0, Sum: 0, Workers: 4
[5866.272s][debug][gc,phases      ] GC(143)     Total                          Min: 0, Avg: 13.0, Max: 52, Diff: 52, Sum: 52, Workers: 4
[5866.272s][debug][gc,phases      ] GC(143)   StringDedup Table Weak         Min:  0.0, Avg:  0.0, Max:  0.0, Diff:  0.0, Sum:  0.0, Workers: 4
[5866.272s][debug][gc,phases      ] GC(143)     Dead                           Min: 0, Avg:  0.0, Max: 0, Diff: 0, Sum: 0, Workers: 4
[5866.272s][debug][gc,phases      ] GC(143)     Total                          Min: 0, Avg:  0.0, Max: 0, Diff: 0, Sum: 0, Workers: 4
[5866.272s][debug][gc,phases      ] GC(143)   StringDedup Requests0 Weak     Min:  0.0, Avg:  0.0, Max:  0.0, Diff:  0.0, Sum:  0.0, Workers: 4
[5866.272s][debug][gc,phases      ] GC(143)     Dead                           Min: 0, Avg:  0.0, Max: 0, Diff: 0, Sum: 0, Workers: 4
[5866.272s][debug][gc,phases      ] GC(143)     Total                          Min: 0, Avg:  0.0, Max: 0, Diff: 0, Sum: 0, Workers: 4
[5866.272s][debug][gc,phases      ] GC(143)   StringDedup Requests1 Weak     Min:  0.0, Avg:  0.0, Max:  0.0, Diff:  0.0, Sum:  0.0, Workers: 4
[5866.272s][debug][gc,phases      ] GC(143)     Dead                           Min: 0, Avg:  0.0, Max: 0, Diff: 0, Sum: 0, Workers: 4
[5866.272s][debug][gc,phases      ] GC(143)     Total                          Min: 0, Avg:  0.0, Max: 0, Diff: 0, Sum: 0, Workers: 4
[5866.272s][debug][gc,phases      ] GC(143)   Weak JFR Old Object Samples    Min:  0.0, Avg:  0.0, Max:  0.0, Diff:  0.0, Sum:  0.0, Workers: 4
[5866.272s][debug][gc,phases      ] GC(143)     Dead                           Min: 0, Avg:  0.0, Max: 0, Diff: 0, Sum: 0, Workers: 4
[5866.272s][debug][gc,phases      ] GC(143)     Total                          Min: 0, Avg:  0.0, Max: 0, Diff: 0, Sum: 0, Workers: 4
[5866.272s][debug][gc,phases      ] GC(143) Weak Processing 0.405ms
[5866.272s][debug][gc,age         ] GC(143) Desired survivor size 8388608 bytes, new threshold 1 (max threshold 15)
[5866.272s][info ][gc,heap        ] GC(143) PSYoungGen: 2082832K(2087936K)->2704K(2088960K) Eden: 2079232K(2079232K)->0K(2080256K) From: 3600K(8704K)->2704K(8704K)
[5866.272s][info ][gc,heap        ] GC(143) ParOldGen: 497181K(570368K)->499157K(570368K)
[5866.272s][info ][gc,metaspace   ] GC(143) Metaspace: 110870K(112256K)->110870K(112256K) NonClass: 94338K(95104K)->94338K(95104K) Class: 16531K(17152K)->16531K(17152K)
[5866.272s][info ][gc             ] GC(143) Pause Young (Allocation Failure) 2519M->490M(2597M) 3.497ms
[5866.272s][info ][gc,cpu         ] GC(143) User=0.01s Sys=0.00s Real=0.01s
[5866.272s][info ][safepoint      ] Safepoint "ParallelGCFailedAllocation", Time since last: 31144556617 ns, Reaching safepoint: 4800 ns, Cleanup: 4000 ns, At safepoint: 3552431 ns, Total: 3561231 ns
[5886.273s][info ][safepoint      ] Safepoint "Cleanup", Time since last: 20001413246 ns, Reaching safepoint: 5200 ns, Cleanup: 9200 ns, At safepoint: 17400 ns, Total: 31800 ns
[5905.168s][info ][gc,start       ] GC(144) Pause Young (Allocation Failure)
[5905.171s][debug][gc,phases      ] GC(144) Scavenge 2.709ms
[5905.171s][debug][gc,ref         ] GC(144) Skipped SoftWeakFinalRefsPhase of Reference Processing: no references
[5905.171s][debug][gc,ref         ] GC(144) Skipped KeepAliveFinalRefsPhase of Reference Processing: no references
[5905.171s][debug][gc,ref         ] GC(144) Skipped PhantomRefsPhase of Reference Processing: no references
[5905.171s][debug][gc,phases      ] GC(144) Reference Processing 0.021ms
[5905.171s][debug][gc,phases      ] GC(144)   VM Weak                        Min:  0.0, Avg:  0.0, Max:  0.0, Diff:  0.0, Sum:  0.0, Workers: 4
[5905.171s][debug][gc,phases      ] GC(144)     Dead                           Min: 0, Avg:  0.0, Max: 0, Diff: 0, Sum: 0, Workers: 4
[5905.171s][debug][gc,phases      ] GC(144)     Total                          Min: 0, Avg: 247.0, Max: 704, Diff: 704, Sum: 988, Workers: 4
[5905.171s][debug][gc,phases      ] GC(144)   ObjectSynchronizer Weak        Min:  0.0, Avg:  0.0, Max:  0.0, Diff:  0.0, Sum:  0.0, Workers: 4
[5905.171s][debug][gc,phases      ] GC(144)     Dead                           Min: 0, Avg:  0.0, Max: 0, Diff: 0, Sum: 0, Workers: 4
[5905.171s][debug][gc,phases      ] GC(144)     Total                          Min: 0, Avg:  0.8, Max: 3, Diff: 3, Sum: 3, Workers: 4
[5905.171s][debug][gc,phases      ] GC(144)   JVMTI Tag Weak OopStorage      Min:  0.0, Avg:  0.0, Max:  0.0, Diff:  0.0, Sum:  0.0, Workers: 4
[5905.171s][debug][gc,phases      ] GC(144)     Dead                           Min: 0, Avg:  0.0, Max: 0, Diff: 0, Sum: 0, Workers: 4
[5905.171s][debug][gc,phases      ] GC(144)     Total                          Min: 0, Avg:  0.0, Max: 0, Diff: 0, Sum: 0, Workers: 4
[5905.171s][debug][gc,phases      ] GC(144)   StringTable Weak               Min:  0.0, Avg:  0.1, Max:  0.1, Diff:  0.1, Sum:  0.4, Workers: 4
[5905.171s][debug][gc,phases      ] GC(144)     Dead                           Min: 0, Avg:  0.0, Max: 0, Diff: 0, Sum: 0, Workers: 4
[5905.171s][debug][gc,phases      ] GC(144)     Total                          Min: 0, Avg: 11951.8, Max: 21376, Diff: 21376, Sum: 47807, Workers: 4
[5905.171s][debug][gc,phases      ] GC(144)   ResolvedMethodTable Weak       Min:  0.0, Avg:  0.0, Max:  0.0, Diff:  0.0, Sum:  0.1, Workers: 4
[5905.171s][debug][gc,phases      ] GC(144)     Dead                           Min: 0, Avg:  4.0, Max: 15, Diff: 15, Sum: 16, Workers: 4
[5905.171s][debug][gc,phases      ] GC(144)     Total                          Min: 0, Avg: 3897.2, Max: 6860, Diff: 6860, Sum: 15589, Workers: 4
[5905.171s][debug][gc,phases      ] GC(144)   JNI Weak                       Min:  0.0, Avg:  0.0, Max:  0.0, Diff:  0.0, Sum:  0.0, Workers: 4
[5905.171s][debug][gc,phases      ] GC(144)     Dead                           Min: 0, Avg:  0.0, Max: 0, Diff: 0, Sum: 0, Workers: 4
[5905.171s][debug][gc,phases      ] GC(144)     Total                          Min: 0, Avg: 13.0, Max: 52, Diff: 52, Sum: 52, Workers: 4
[5905.171s][debug][gc,phases      ] GC(144)   StringDedup Table Weak         Min:  0.0, Avg:  0.0, Max:  0.0, Diff:  0.0, Sum:  0.0, Workers: 4
[5905.171s][debug][gc,phases      ] GC(144)     Dead                           Min: 0, Avg:  0.0, Max: 0, Diff: 0, Sum: 0, Workers: 4
[5905.171s][debug][gc,phases      ] GC(144)     Total                          Min: 0, Avg:  0.0, Max: 0, Diff: 0, Sum: 0, Workers: 4
[5905.171s][debug][gc,phases      ] GC(144)   StringDedup Requests0 Weak     Min:  0.0, Avg:  0.0, Max:  0.0, Diff:  0.0, Sum:  0.0, Workers: 4
[5905.171s][debug][gc,phases      ] GC(144)     Dead                           Min: 0, Avg:  0.0, Max: 0, Diff: 0, Sum: 0, Workers: 4
[5905.171s][debug][gc,phases      ] GC(144)     Total                          Min: 0, Avg:  0.0, Max: 0, Diff: 0, Sum: 0, Workers: 4
[5905.171s][debug][gc,phases      ] GC(144)   StringDedup Requests1 Weak     Min:  0.0, Avg:  0.0, Max:  0.0, Diff:  0.0, Sum:  0.0, Workers: 4
[5905.171s][debug][gc,phases      ] GC(144)     Dead                           Min: 0, Avg:  0.0, Max: 0, Diff: 0, Sum: 0, Workers: 4
[5905.171s][debug][gc,phases      ] GC(144)     Total                          Min: 0, Avg:  0.0, Max: 0, Diff: 0, Sum: 0, Workers: 4
[5905.171s][debug][gc,phases      ] GC(144)   Weak JFR Old Object Samples    Min:  0.0, Avg:  0.0, Max:  0.0, Diff:  0.0, Sum:  0.0, Workers: 4
[5905.171s][debug][gc,phases      ] GC(144)     Dead                           Min: 0, Avg:  0.0, Max: 0, Diff: 0, Sum: 0, Workers: 4
[5905.171s][debug][gc,phases      ] GC(144)     Total                          Min: 0, Avg:  0.0, Max: 0, Diff: 0, Sum: 0, Workers: 4
[5905.171s][debug][gc,phases      ] GC(144) Weak Processing 0.356ms
[5905.171s][debug][gc,age         ] GC(144) Desired survivor size 8388608 bytes, new threshold 1 (max threshold 15)
[5905.171s][info ][gc,heap        ] GC(144) PSYoungGen: 2082960K(2088960K)->2848K(2088448K) Eden: 2080256K(2080256K)->0K(2080256K) From: 2704K(8704K)->2848K(8192K)
[5905.171s][info ][gc,heap        ] GC(144) ParOldGen: 499157K(570368K)->500230K(570368K)
[5905.171s][info ][gc,metaspace   ] GC(144) Metaspace: 110870K(112256K)->110870K(112256K) NonClass: 94338K(95104K)->94338K(95104K) Class: 16531K(17152K)->16531K(17152K)
[5905.171s][info ][gc             ] GC(144) Pause Young (Allocation Failure) 2521M->491M(2596M) 3.181ms
[5905.171s][info ][gc,cpu         ] GC(144) User=0.01s Sys=0.00s Real=0.01s
[5905.171s][info ][safepoint      ] Safepoint "ParallelGCFailedAllocation", Time since last: 18894733479 ns, Reaching safepoint: 4900 ns, Cleanup: 3600 ns, At safepoint: 3237528 ns, Total: 3246028 ns
[5915.172s][info ][safepoint      ] Safepoint "Cleanup", Time since last: 10000732171 ns, Reaching safepoint: 5700 ns, Cleanup: 10600 ns, At safepoint: 1900 ns, Total: 18200 ns
[5925.173s][info ][safepoint      ] Safepoint "Cleanup", Time since last: 10000744314 ns, Reaching safepoint: 5100 ns, Cleanup: 8000 ns, At safepoint: 2000 ns, Total: 15100 ns
[5944.120s][info ][gc,start       ] GC(145) Pause Young (Allocation Failure)
[5944.122s][debug][gc,phases      ] GC(145) Scavenge 2.507ms
[5944.122s][debug][gc,ref         ] GC(145) Skipped SoftWeakFinalRefsPhase of Reference Processing: no references
[5944.122s][debug][gc,ref         ] GC(145) Skipped KeepAliveFinalRefsPhase of Reference Processing: no references
[5944.122s][debug][gc,ref         ] GC(145) Skipped PhantomRefsPhase of Reference Processing: no references
[5944.122s][debug][gc,phases      ] GC(145) Reference Processing 0.021ms
[5944.122s][debug][gc,phases      ] GC(145)   VM Weak                        Min:  0.0, Avg:  0.0, Max:  0.0, Diff:  0.0, Sum:  0.0, Workers: 4
[5944.122s][debug][gc,phases      ] GC(145)     Dead                           Min: 0, Avg:  0.0, Max: 0, Diff: 0, Sum: 0, Workers: 4
[5944.122s][debug][gc,phases      ] GC(145)     Total                          Min: 0, Avg: 247.0, Max: 540, Diff: 540, Sum: 988, Workers: 4
[5944.122s][debug][gc,phases      ] GC(145)   ObjectSynchronizer Weak        Min:  0.0, Avg:  0.0, Max:  0.0, Diff:  0.0, Sum:  0.0, Workers: 4
[5944.122s][debug][gc,phases      ] GC(145)     Dead                           Min: 0, Avg:  0.0, Max: 0, Diff: 0, Sum: 0, Workers: 4
[5944.122s][debug][gc,phases      ] GC(145)     Total                          Min: 0, Avg:  0.8, Max: 3, Diff: 3, Sum: 3, Workers: 4
[5944.122s][debug][gc,phases      ] GC(145)   JVMTI Tag Weak OopStorage      Min:  0.0, Avg:  0.0, Max:  0.0, Diff:  0.0, Sum:  0.0, Workers: 4
[5944.122s][debug][gc,phases      ] GC(145)     Dead                           Min: 0, Avg:  0.0, Max: 0, Diff: 0, Sum: 0, Workers: 4
[5944.122s][debug][gc,phases      ] GC(145)     Total                          Min: 0, Avg:  0.0, Max: 0, Diff: 0, Sum: 0, Workers: 4
[5944.122s][debug][gc,phases      ] GC(145)   StringTable Weak               Min:  0.0, Avg:  0.1, Max:  0.1, Diff:  0.1, Sum:  0.4, Workers: 4
[5944.122s][debug][gc,phases      ] GC(145)     Dead                           Min: 0, Avg:  0.0, Max: 0, Diff: 0, Sum: 0, Workers: 4
[5944.122s][debug][gc,phases      ] GC(145)     Total                          Min: 0, Avg: 11951.8, Max: 20864, Diff: 20864, Sum: 47807, Workers: 4
[5944.122s][debug][gc,phases      ] GC(145)   ResolvedMethodTable Weak       Min:  0.0, Avg:  0.0, Max:  0.0, Diff:  0.0, Sum:  0.1, Workers: 4
[5944.122s][debug][gc,phases      ] GC(145)     Dead                           Min: 0, Avg:  4.0, Max: 14, Diff: 14, Sum: 16, Workers: 4
[5944.122s][debug][gc,phases      ] GC(145)     Total                          Min: 0, Avg: 3897.2, Max: 6764, Diff: 6764, Sum: 15589, Workers: 4
[5944.122s][debug][gc,phases      ] GC(145)   JNI Weak                       Min:  0.0, Avg:  0.0, Max:  0.0, Diff:  0.0, Sum:  0.0, Workers: 4
[5944.122s][debug][gc,phases      ] GC(145)     Dead                           Min: 0, Avg:  0.0, Max: 0, Diff: 0, Sum: 0, Workers: 4
[5944.123s][debug][gc,phases      ] GC(145)     Total                          Min: 0, Avg: 13.0, Max: 52, Diff: 52, Sum: 52, Workers: 4
[5944.123s][debug][gc,phases      ] GC(145)   StringDedup Table Weak         Min:  0.0, Avg:  0.0, Max:  0.0, Diff:  0.0, Sum:  0.0, Workers: 4
[5944.123s][debug][gc,phases      ] GC(145)     Dead                           Min: 0, Avg:  0.0, Max: 0, Diff: 0, Sum: 0, Workers: 4
[5944.123s][debug][gc,phases      ] GC(145)     Total                          Min: 0, Avg:  0.0, Max: 0, Diff: 0, Sum: 0, Workers: 4
[5944.123s][debug][gc,phases      ] GC(145)   StringDedup Requests0 Weak     Min:  0.0, Avg:  0.0, Max:  0.0, Diff:  0.0, Sum:  0.0, Workers: 4
[5944.123s][debug][gc,phases      ] GC(145)     Dead                           Min: 0, Avg:  0.0, Max: 0, Diff: 0, Sum: 0, Workers: 4
[5944.123s][debug][gc,phases      ] GC(145)     Total                          Min: 0, Avg:  0.0, Max: 0, Diff: 0, Sum: 0, Workers: 4
[5944.123s][debug][gc,phases      ] GC(145)   StringDedup Requests1 Weak     Min:  0.0, Avg:  0.0, Max:  0.0, Diff:  0.0, Sum:  0.0, Workers: 4
[5944.123s][debug][gc,phases      ] GC(145)     Dead                           Min: 0, Avg:  0.0, Max: 0, Diff: 0, Sum: 0, Workers: 4
[5944.123s][debug][gc,phases      ] GC(145)     Total                          Min: 0, Avg:  0.0, Max: 0, Diff: 0, Sum: 0, Workers: 4
[5944.123s][debug][gc,phases      ] GC(145)   Weak JFR Old Object Samples    Min:  0.0, Avg:  0.0, Max:  0.0, Diff:  0.0, Sum:  0.0, Workers: 4
[5944.123s][debug][gc,phases      ] GC(145)     Dead                           Min: 0, Avg:  0.0, Max: 0, Diff: 0, Sum: 0, Workers: 4
[5944.123s][debug][gc,phases      ] GC(145)     Total                          Min: 0, Avg:  0.0, Max: 0, Diff: 0, Sum: 0, Workers: 4
[5944.123s][debug][gc,phases      ] GC(145) Weak Processing 0.370ms
[5944.123s][debug][gc,age         ] GC(145) Desired survivor size 8388608 bytes, new threshold 1 (max threshold 15)
[5944.123s][info ][gc,heap        ] GC(145) PSYoungGen: 2083104K(2088448K)->2560K(2088960K) Eden: 2080256K(2080256K)->0K(2080768K) From: 2848K(8192K)->2560K(8192K)
[5944.123s][info ][gc,heap        ] GC(145) ParOldGen: 500230K(570368K)->501246K(570368K)
[5944.123s][info ][gc,metaspace   ] GC(145) Metaspace: 110870K(112256K)->110870K(112256K) NonClass: 94338K(95104K)->94338K(95104K) Class: 16531K(17152K)->16531K(17152K)
[5944.123s][info ][gc             ] GC(145) Pause Young (Allocation Failure) 2522M->491M(2597M) 2.984ms
[5944.123s][info ][gc,cpu         ] GC(145) User=0.01s Sys=0.00s Real=0.01s
[5944.123s][info ][safepoint      ] Safepoint "ParallelGCFailedAllocation", Time since last: 18946617602 ns, Reaching safepoint: 6200 ns, Cleanup: 5000 ns, At safepoint: 3069827 ns, Total: 3081027 ns
[5983.019s][info ][gc,start       ] GC(146) Pause Young (Allocation Failure)
[5983.022s][debug][gc,phases      ] GC(146) Scavenge 3.034ms
[5983.022s][debug][gc,ref         ] GC(146) Skipped SoftWeakFinalRefsPhase of Reference Processing: no references
[5983.022s][debug][gc,ref         ] GC(146) Skipped KeepAliveFinalRefsPhase of Reference Processing: no references
[5983.022s][debug][gc,ref         ] GC(146) Skipped PhantomRefsPhase of Reference Processing: no references
[5983.022s][debug][gc,phases      ] GC(146) Reference Processing 0.021ms
[5983.023s][debug][gc,phases      ] GC(146)   VM Weak                        Min:  0.0, Avg:  0.0, Max:  0.0, Diff:  0.0, Sum:  0.0, Workers: 4
[5983.023s][debug][gc,phases      ] GC(146)     Dead                           Min: 0, Avg:  0.0, Max: 0, Diff: 0, Sum: 0, Workers: 4
[5983.023s][debug][gc,phases      ] GC(146)     Total                          Min: 0, Avg: 247.0, Max: 540, Diff: 540, Sum: 988, Workers: 4
[5983.023s][debug][gc,phases      ] GC(146)   ObjectSynchronizer Weak        Min:  0.0, Avg:  0.0, Max:  0.0, Diff:  0.0, Sum:  0.0, Workers: 4
[5983.023s][debug][gc,phases      ] GC(146)     Dead                           Min: 0, Avg:  0.0, Max: 0, Diff: 0, Sum: 0, Workers: 4
[5983.023s][debug][gc,phases      ] GC(146)     Total                          Min: 0, Avg:  0.8, Max: 3, Diff: 3, Sum: 3, Workers: 4
[5983.023s][debug][gc,phases      ] GC(146)   JVMTI Tag Weak OopStorage      Min:  0.0, Avg:  0.0, Max:  0.0, Diff:  0.0, Sum:  0.0, Workers: 4
[5983.023s][debug][gc,phases      ] GC(146)     Dead                           Min: 0, Avg:  0.0, Max: 0, Diff: 0, Sum: 0, Workers: 4
[5983.023s][debug][gc,phases      ] GC(146)     Total                          Min: 0, Avg:  0.0, Max: 0, Diff: 0, Sum: 0, Workers: 4
[5983.023s][debug][gc,phases      ] GC(146)   StringTable Weak               Min:  0.0, Avg:  0.1, Max:  0.1, Diff:  0.1, Sum:  0.4, Workers: 4
[5983.023s][debug][gc,phases      ] GC(146)     Dead                           Min: 0, Avg:  0.0, Max: 0, Diff: 0, Sum: 0, Workers: 4
[5983.023s][debug][gc,phases      ] GC(146)     Total                          Min: 0, Avg: 11951.8, Max: 20991, Diff: 20991, Sum: 47807, Workers: 4
[5983.023s][debug][gc,phases      ] GC(146)   ResolvedMethodTable Weak       Min:  0.0, Avg:  0.0, Max:  0.1, Diff:  0.1, Sum:  0.2, Workers: 4
[5983.023s][debug][gc,phases      ] GC(146)     Dead                           Min: 0, Avg:  4.0, Max: 13, Diff: 13, Sum: 16, Workers: 4
[5983.023s][debug][gc,phases      ] GC(146)     Total                          Min: 0, Avg: 3897.2, Max: 5959, Diff: 5959, Sum: 15589, Workers: 4
[5983.023s][debug][gc,phases      ] GC(146)   JNI Weak                       Min:  0.0, Avg:  0.0, Max:  0.0, Diff:  0.0, Sum:  0.0, Workers: 4
[5983.023s][debug][gc,phases      ] GC(146)     Dead                           Min: 0, Avg:  0.0, Max: 0, Diff: 0, Sum: 0, Workers: 4
[5983.023s][debug][gc,phases      ] GC(146)     Total                          Min: 0, Avg: 13.0, Max: 52, Diff: 52, Sum: 52, Workers: 4
[5983.023s][debug][gc,phases      ] GC(146)   StringDedup Table Weak         Min:  0.0, Avg:  0.0, Max:  0.0, Diff:  0.0, Sum:  0.0, Workers: 4
[5983.023s][debug][gc,phases      ] GC(146)     Dead                           Min: 0, Avg:  0.0, Max: 0, Diff: 0, Sum: 0, Workers: 4
[5983.023s][debug][gc,phases      ] GC(146)     Total                          Min: 0, Avg:  0.0, Max: 0, Diff: 0, Sum: 0, Workers: 4
[5983.023s][debug][gc,phases      ] GC(146)   StringDedup Requests0 Weak     Min:  0.0, Avg:  0.0, Max:  0.0, Diff:  0.0, Sum:  0.0, Workers: 4
[5983.023s][debug][gc,phases      ] GC(146)     Dead                           Min: 0, Avg:  0.0, Max: 0, Diff: 0, Sum: 0, Workers: 4
[5983.023s][debug][gc,phases      ] GC(146)     Total                          Min: 0, Avg:  0.0, Max: 0, Diff: 0, Sum: 0, Workers: 4
[5983.023s][debug][gc,phases      ] GC(146)   StringDedup Requests1 Weak     Min:  0.0, Avg:  0.0, Max:  0.0, Diff:  0.0, Sum:  0.0, Workers: 4
[5983.023s][debug][gc,phases      ] GC(146)     Dead                           Min: 0, Avg:  0.0, Max: 0, Diff: 0, Sum: 0, Workers: 4
[5983.023s][debug][gc,phases      ] GC(146)     Total                          Min: 0, Avg:  0.0, Max: 0, Diff: 0, Sum: 0, Workers: 4
[5983.023s][debug][gc,phases      ] GC(146)   Weak JFR Old Object Samples    Min:  0.0, Avg:  0.0, Max:  0.0, Diff:  0.0, Sum:  0.0, Workers: 4
[5983.023s][debug][gc,phases      ] GC(146)     Dead                           Min: 0, Avg:  0.0, Max: 0, Diff: 0, Sum: 0, Workers: 4
[5983.023s][debug][gc,phases      ] GC(146)     Total                          Min: 0, Avg:  0.0, Max: 0, Diff: 0, Sum: 0, Workers: 4
[5983.023s][debug][gc,phases      ] GC(146) Weak Processing 0.377ms
[5983.023s][debug][gc,age         ] GC(146) Desired survivor size 7864320 bytes, new threshold 1 (max threshold 15)
[5983.023s][info ][gc,heap        ] GC(146) PSYoungGen: 2083328K(2088960K)->2832K(2088960K) Eden: 2080768K(2080768K)->0K(2080768K) From: 2560K(8192K)->2832K(8192K)
[5983.023s][info ][gc,heap        ] GC(146) ParOldGen: 501246K(570368K)->502382K(570368K)
[5983.023s][info ][gc,metaspace   ] GC(146) Metaspace: 110870K(112256K)->110870K(112256K) NonClass: 94338K(95104K)->94338K(95104K) Class: 16531K(17152K)->16531K(17152K)
[5983.023s][info ][gc             ] GC(146) Pause Young (Allocation Failure) 2523M->493M(2597M) 3.523ms
[5983.023s][info ][gc,cpu         ] GC(146) User=0.01s Sys=0.00s Real=0.01s
[5983.023s][info ][safepoint      ] Safepoint "ParallelGCFailedAllocation", Time since last: 38896701199 ns, Reaching safepoint: 6300 ns, Cleanup: 3800 ns, At safepoint: 3601232 ns, Total: 3611332 ns
[5994.024s][info ][safepoint      ] Safepoint "Cleanup", Time since last: 11000775943 ns, Reaching safepoint: 5400 ns, Cleanup: 8200 ns, At safepoint: 2400 ns, Total: 16000 ns
[6008.025s][info ][safepoint      ] Safepoint "Cleanup", Time since last: 14001017680 ns, Reaching safepoint: 5700 ns, Cleanup: 23600 ns, At safepoint: 25100 ns, Total: 54400 ns
[6009.025s][info ][safepoint      ] Safepoint "Cleanup", Time since last: 1000106913 ns, Reaching safepoint: 5100 ns, Cleanup: 9600 ns, At safepoint: 1800 ns, Total: 16500 ns
[6021.418s][info ][gc,start       ] GC(147) Pause Young (Allocation Failure)
[6021.422s][debug][gc,phases      ] GC(147) Scavenge 3.097ms
[6021.422s][debug][gc,ref         ] GC(147) Skipped SoftWeakFinalRefsPhase of Reference Processing: no references
[6021.422s][debug][gc,ref         ] GC(147) Skipped KeepAliveFinalRefsPhase of Reference Processing: no references
[6021.422s][debug][gc,ref         ] GC(147) ReferenceProcessor::execute queues: 1, RefProcThreadModel::Single, marks_oops_alive: false
[6021.422s][debug][gc,phases      ] GC(147) Reference Processing 0.115ms
[6021.422s][debug][gc,phases      ] GC(147)   VM Weak                        Min:  0.0, Avg:  0.0, Max:  0.0, Diff:  0.0, Sum:  0.0, Workers: 4
[6021.422s][debug][gc,phases      ] GC(147)     Dead                           Min: 0, Avg:  0.0, Max: 0, Diff: 0, Sum: 0, Workers: 4
[6021.422s][debug][gc,phases      ] GC(147)     Total                          Min: 0, Avg: 247.0, Max: 768, Diff: 768, Sum: 988, Workers: 4
[6021.422s][debug][gc,phases      ] GC(147)   ObjectSynchronizer Weak        Min:  0.0, Avg:  0.0, Max:  0.0, Diff:  0.0, Sum:  0.0, Workers: 4
[6021.422s][debug][gc,phases      ] GC(147)     Dead                           Min: 0, Avg:  0.0, Max: 0, Diff: 0, Sum: 0, Workers: 4
[6021.422s][debug][gc,phases      ] GC(147)     Total                          Min: 0, Avg:  0.8, Max: 3, Diff: 3, Sum: 3, Workers: 4
[6021.422s][debug][gc,phases      ] GC(147)   JVMTI Tag Weak OopStorage      Min:  0.0, Avg:  0.0, Max:  0.0, Diff:  0.0, Sum:  0.0, Workers: 4
[6021.422s][debug][gc,phases      ] GC(147)     Dead                           Min: 0, Avg:  0.0, Max: 0, Diff: 0, Sum: 0, Workers: 4
[6021.422s][debug][gc,phases      ] GC(147)     Total                          Min: 0, Avg:  0.0, Max: 0, Diff: 0, Sum: 0, Workers: 4
[6021.422s][debug][gc,phases      ] GC(147)   StringTable Weak               Min:  0.1, Avg:  0.1, Max:  0.1, Diff:  0.0, Sum:  0.4, Workers: 4
[6021.422s][debug][gc,phases      ] GC(147)     Dead                           Min: 0, Avg:  0.0, Max: 0, Diff: 0, Sum: 0, Workers: 4
[6021.422s][debug][gc,phases      ] GC(147)     Total                          Min: 11583, Avg: 11951.8, Max: 12992, Diff: 1409, Sum: 47807, Workers: 4
[6021.422s][debug][gc,phases      ] GC(147)   ResolvedMethodTable Weak       Min:  0.0, Avg:  0.0, Max:  0.0, Diff:  0.0, Sum:  0.1, Workers: 4
[6021.422s][debug][gc,phases      ] GC(147)     Dead                           Min: 0, Avg:  4.0, Max: 16, Diff: 16, Sum: 16, Workers: 4
[6021.422s][debug][gc,phases      ] GC(147)     Total                          Min: 3663, Avg: 3897.2, Max: 4414, Diff: 751, Sum: 15589, Workers: 4
[6021.422s][debug][gc,phases      ] GC(147)   JNI Weak                       Min:  0.0, Avg:  0.0, Max:  0.0, Diff:  0.0, Sum:  0.0, Workers: 4
[6021.422s][debug][gc,phases      ] GC(147)     Dead                           Min: 0, Avg:  0.0, Max: 0, Diff: 0, Sum: 0, Workers: 4
[6021.422s][debug][gc,phases      ] GC(147)     Total                          Min: 0, Avg: 13.0, Max: 52, Diff: 52, Sum: 52, Workers: 4
[6021.422s][debug][gc,phases      ] GC(147)   StringDedup Table Weak         Min:  0.0, Avg:  0.0, Max:  0.0, Diff:  0.0, Sum:  0.0, Workers: 4
[6021.422s][debug][gc,phases      ] GC(147)     Dead                           Min: 0, Avg:  0.0, Max: 0, Diff: 0, Sum: 0, Workers: 4
[6021.422s][debug][gc,phases      ] GC(147)     Total                          Min: 0, Avg:  0.0, Max: 0, Diff: 0, Sum: 0, Workers: 4
[6021.422s][debug][gc,phases      ] GC(147)   StringDedup Requests0 Weak     Min:  0.0, Avg:  0.0, Max:  0.0, Diff:  0.0, Sum:  0.0, Workers: 4
[6021.422s][debug][gc,phases      ] GC(147)     Dead                           Min: 0, Avg:  0.0, Max: 0, Diff: 0, Sum: 0, Workers: 4
[6021.422s][debug][gc,phases      ] GC(147)     Total                          Min: 0, Avg:  0.0, Max: 0, Diff: 0, Sum: 0, Workers: 4
[6021.422s][debug][gc,phases      ] GC(147)   StringDedup Requests1 Weak     Min:  0.0, Avg:  0.0, Max:  0.0, Diff:  0.0, Sum:  0.0, Workers: 4
[6021.422s][debug][gc,phases      ] GC(147)     Dead                           Min: 0, Avg:  0.0, Max: 0, Diff: 0, Sum: 0, Workers: 4
[6021.422s][debug][gc,phases      ] GC(147)     Total                          Min: 0, Avg:  0.0, Max: 0, Diff: 0, Sum: 0, Workers: 4
[6021.422s][debug][gc,phases      ] GC(147)   Weak JFR Old Object Samples    Min:  0.0, Avg:  0.0, Max:  0.0, Diff:  0.0, Sum:  0.0, Workers: 4
[6021.422s][debug][gc,phases      ] GC(147)     Dead                           Min: 0, Avg:  0.0, Max: 0, Diff: 0, Sum: 0, Workers: 4
[6021.422s][debug][gc,phases      ] GC(147)     Total                          Min: 0, Avg:  0.0, Max: 0, Diff: 0, Sum: 0, Workers: 4
[6021.422s][debug][gc,phases      ] GC(147) Weak Processing 0.319ms
[6021.422s][debug][gc,age         ] GC(147) Desired survivor size 7864320 bytes, new threshold 1 (max threshold 15)
[6021.422s][info ][gc,heap        ] GC(147) PSYoungGen: 2083600K(2088960K)->2512K(2089472K) Eden: 2080768K(2080768K)->0K(2081792K) From: 2832K(8192K)->2512K(7680K)
[6021.422s][info ][gc,heap        ] GC(147) ParOldGen: 502382K(570368K)->503223K(570368K)
[6021.422s][info ][gc,metaspace   ] GC(147) Metaspace: 110870K(112256K)->110870K(112256K) NonClass: 94338K(95104K)->94338K(95104K) Class: 16531K(17152K)->16531K(17152K)
[6021.422s][info ][gc             ] GC(147) Pause Young (Allocation Failure) 2525M->493M(2597M) 3.637ms
[6021.422s][info ][gc,cpu         ] GC(147) User=0.01s Sys=0.00s Real=0.01s
[6021.422s][info ][safepoint      ] Safepoint "ParallelGCFailedAllocation", Time since last: 12393512626 ns, Reaching safepoint: 5900 ns, Cleanup: 3800 ns, At safepoint: 3696232 ns, Total: 3705932 ns
[6060.765s][info ][gc,start       ] GC(148) Pause Young (Allocation Failure)
[6060.768s][debug][gc,phases      ] GC(148) Scavenge 2.959ms
[6060.768s][debug][gc,ref         ] GC(148) Skipped SoftWeakFinalRefsPhase of Reference Processing: no references
[6060.768s][debug][gc,ref         ] GC(148) Skipped KeepAliveFinalRefsPhase of Reference Processing: no references
[6060.768s][debug][gc,ref         ] GC(148) ReferenceProcessor::execute queues: 1, RefProcThreadModel::Single, marks_oops_alive: false
[6060.768s][debug][gc,phases      ] GC(148) Reference Processing 0.097ms
[6060.768s][debug][gc,phases      ] GC(148)   VM Weak                        Min:  0.0, Avg:  0.0, Max:  0.0, Diff:  0.0, Sum:  0.0, Workers: 4
[6060.768s][debug][gc,phases      ] GC(148)     Dead                           Min: 0, Avg:  0.0, Max: 0, Diff: 0, Sum: 0, Workers: 4
[6060.768s][debug][gc,phases      ] GC(148)     Total                          Min: 0, Avg: 247.0, Max: 704, Diff: 704, Sum: 988, Workers: 4
[6060.768s][debug][gc,phases      ] GC(148)   ObjectSynchronizer Weak        Min:  0.0, Avg:  0.0, Max:  0.0, Diff:  0.0, Sum:  0.0, Workers: 4
[6060.768s][debug][gc,phases      ] GC(148)     Dead                           Min: 0, Avg:  0.0, Max: 0, Diff: 0, Sum: 0, Workers: 4
[6060.768s][debug][gc,phases      ] GC(148)     Total                          Min: 0, Avg:  0.8, Max: 3, Diff: 3, Sum: 3, Workers: 4
[6060.768s][debug][gc,phases      ] GC(148)   JVMTI Tag Weak OopStorage      Min:  0.0, Avg:  0.0, Max:  0.0, Diff:  0.0, Sum:  0.0, Workers: 4
[6060.768s][debug][gc,phases      ] GC(148)     Dead                           Min: 0, Avg:  0.0, Max: 0, Diff: 0, Sum: 0, Workers: 4
[6060.768s][debug][gc,phases      ] GC(148)     Total                          Min: 0, Avg:  0.0, Max: 0, Diff: 0, Sum: 0, Workers: 4
[6060.768s][debug][gc,phases      ] GC(148)   StringTable Weak               Min:  0.0, Avg:  0.1, Max:  0.1, Diff:  0.1, Sum:  0.4, Workers: 4
[6060.768s][debug][gc,phases      ] GC(148)     Dead                           Min: 0, Avg:  0.0, Max: 0, Diff: 0, Sum: 0, Workers: 4
[6060.768s][debug][gc,phases      ] GC(148)     Total                          Min: 0, Avg: 11951.8, Max: 21312, Diff: 21312, Sum: 47807, Workers: 4
[6060.768s][debug][gc,phases      ] GC(148)   ResolvedMethodTable Weak       Min:  0.0, Avg:  0.0, Max:  0.0, Diff:  0.0, Sum:  0.1, Workers: 4
[6060.768s][debug][gc,phases      ] GC(148)     Dead                           Min: 0, Avg:  4.0, Max: 16, Diff: 16, Sum: 16, Workers: 4
[6060.768s][debug][gc,phases      ] GC(148)     Total                          Min: 0, Avg: 3897.2, Max: 6836, Diff: 6836, Sum: 15589, Workers: 4
[6060.768s][debug][gc,phases      ] GC(148)   JNI Weak                       Min:  0.0, Avg:  0.0, Max:  0.0, Diff:  0.0, Sum:  0.0, Workers: 4
[6060.768s][debug][gc,phases      ] GC(148)     Dead                           Min: 0, Avg:  0.0, Max: 0, Diff: 0, Sum: 0, Workers: 4
[6060.768s][debug][gc,phases      ] GC(148)     Total                          Min: 0, Avg: 13.0, Max: 52, Diff: 52, Sum: 52, Workers: 4
[6060.768s][debug][gc,phases      ] GC(148)   StringDedup Table Weak         Min:  0.0, Avg:  0.0, Max:  0.0, Diff:  0.0, Sum:  0.0, Workers: 4
[6060.768s][debug][gc,phases      ] GC(148)     Dead                           Min: 0, Avg:  0.0, Max: 0, Diff: 0, Sum: 0, Workers: 4
[6060.768s][debug][gc,phases      ] GC(148)     Total                          Min: 0, Avg:  0.0, Max: 0, Diff: 0, Sum: 0, Workers: 4
[6060.768s][debug][gc,phases      ] GC(148)   StringDedup Requests0 Weak     Min:  0.0, Avg:  0.0, Max:  0.0, Diff:  0.0, Sum:  0.0, Workers: 4
[6060.768s][debug][gc,phases      ] GC(148)     Dead                           Min: 0, Avg:  0.0, Max: 0, Diff: 0, Sum: 0, Workers: 4
[6060.768s][debug][gc,phases      ] GC(148)     Total                          Min: 0, Avg:  0.0, Max: 0, Diff: 0, Sum: 0, Workers: 4
[6060.768s][debug][gc,phases      ] GC(148)   StringDedup Requests1 Weak     Min:  0.0, Avg:  0.0, Max:  0.0, Diff:  0.0, Sum:  0.0, Workers: 4
[6060.768s][debug][gc,phases      ] GC(148)     Dead                           Min: 0, Avg:  0.0, Max: 0, Diff: 0, Sum: 0, Workers: 4
[6060.768s][debug][gc,phases      ] GC(148)     Total                          Min: 0, Avg:  0.0, Max: 0, Diff: 0, Sum: 0, Workers: 4
[6060.768s][debug][gc,phases      ] GC(148)   Weak JFR Old Object Samples    Min:  0.0, Avg:  0.0, Max:  0.0, Diff:  0.0, Sum:  0.0, Workers: 4
[6060.768s][debug][gc,phases      ] GC(148)     Dead                           Min: 0, Avg:  0.0, Max: 0, Diff: 0, Sum: 0, Workers: 4
[6060.768s][debug][gc,phases      ] GC(148)     Total                          Min: 0, Avg:  0.0, Max: 0, Diff: 0, Sum: 0, Workers: 4
[6060.768s][debug][gc,phases      ] GC(148) Weak Processing 0.362ms
[6060.768s][debug][gc,age         ] GC(148) Desired survivor size 7864320 bytes, new threshold 1 (max threshold 15)
[6060.769s][info ][gc,heap        ] GC(148) PSYoungGen: 2084304K(2089472K)->2752K(2089472K) Eden: 2081792K(2081792K)->0K(2081792K) From: 2512K(7680K)->2752K(7680K)
[6060.769s][info ][gc,heap        ] GC(148) ParOldGen: 503223K(570368K)->504191K(570368K)
[6060.769s][info ][gc,metaspace   ] GC(148) Metaspace: 110871K(112256K)->110871K(112256K) NonClass: 94340K(95104K)->94340K(95104K) Class: 16531K(17152K)->16531K(17152K)
[6060.769s][info ][gc             ] GC(148) Pause Young (Allocation Failure) 2526M->495M(2597M) 3.507ms
[6060.769s][info ][gc,cpu         ] GC(148) User=0.01s Sys=0.00s Real=0.00s
[6060.769s][info ][safepoint      ] Safepoint "ParallelGCFailedAllocation", Time since last: 39342830262 ns, Reaching safepoint: 5100 ns, Cleanup: 2400 ns, At safepoint: 3564331 ns, Total: 3571831 ns
[6071.769s][info ][safepoint      ] Safepoint "Cleanup", Time since last: 11000829450 ns, Reaching safepoint: 75901 ns, Cleanup: 7300 ns, At safepoint: 5500 ns, Total: 88701 ns
[6074.770s][info ][safepoint      ] Safepoint "Cleanup", Time since last: 3000250886 ns, Reaching safepoint: 79201 ns, Cleanup: 9400 ns, At safepoint: 5800 ns, Total: 94401 ns
[6075.770s][info ][safepoint      ] Safepoint "Cleanup", Time since last: 1000115374 ns, Reaching safepoint: 79801 ns, Cleanup: 9800 ns, At safepoint: 6100 ns, Total: 95701 ns
[6076.770s][info ][safepoint      ] Safepoint "Cleanup", Time since last: 1000109175 ns, Reaching safepoint: 75500 ns, Cleanup: 7800 ns, At safepoint: 5800 ns, Total: 89100 ns
[6078.771s][info ][safepoint      ] Safepoint "Cleanup", Time since last: 2000194449 ns, Reaching safepoint: 81301 ns, Cleanup: 10600 ns, At safepoint: 7600 ns, Total: 99501 ns
[6097.418s][info ][gc,start       ] GC(149) Pause Young (Allocation Failure)
[6097.422s][debug][gc,phases      ] GC(149) Scavenge 4.473ms
[6097.422s][debug][gc,ref         ] GC(149) Skipped SoftWeakFinalRefsPhase of Reference Processing: no references
[6097.422s][debug][gc,ref         ] GC(149) Skipped KeepAliveFinalRefsPhase of Reference Processing: no references
[6097.422s][debug][gc,ref         ] GC(149) ReferenceProcessor::execute queues: 1, RefProcThreadModel::Single, marks_oops_alive: false
[6097.423s][debug][gc,phases      ] GC(149) Reference Processing 0.089ms
[6097.423s][debug][gc,phases      ] GC(149)   VM Weak                        Min:  0.0, Avg:  0.0, Max:  0.0, Diff:  0.0, Sum:  0.0, Workers: 4
[6097.423s][debug][gc,phases      ] GC(149)     Dead                           Min: 0, Avg:  0.0, Max: 0, Diff: 0, Sum: 0, Workers: 4
[6097.423s][debug][gc,phases      ] GC(149)     Total                          Min: 0, Avg: 247.0, Max: 512, Diff: 512, Sum: 988, Workers: 4
[6097.423s][debug][gc,phases      ] GC(149)   ObjectSynchronizer Weak        Min:  0.0, Avg:  0.0, Max:  0.0, Diff:  0.0, Sum:  0.0, Workers: 4
[6097.423s][debug][gc,phases      ] GC(149)     Dead                           Min: 0, Avg:  0.0, Max: 0, Diff: 0, Sum: 0, Workers: 4
[6097.423s][debug][gc,phases      ] GC(149)     Total                          Min: 0, Avg:  1.0, Max: 4, Diff: 4, Sum: 4, Workers: 4
[6097.423s][debug][gc,phases      ] GC(149)   JVMTI Tag Weak OopStorage      Min:  0.0, Avg:  0.0, Max:  0.0, Diff:  0.0, Sum:  0.0, Workers: 4
[6097.423s][debug][gc,phases      ] GC(149)     Dead                           Min: 0, Avg:  0.0, Max: 0, Diff: 0, Sum: 0, Workers: 4
[6097.423s][debug][gc,phases      ] GC(149)     Total                          Min: 0, Avg:  0.0, Max: 0, Diff: 0, Sum: 0, Workers: 4
[6097.423s][debug][gc,phases      ] GC(149)   StringTable Weak               Min:  0.0, Avg:  0.1, Max:  0.1, Diff:  0.1, Sum:  0.4, Workers: 4
[6097.423s][debug][gc,phases      ] GC(149)     Dead                           Min: 0, Avg:  0.0, Max: 0, Diff: 0, Sum: 0, Workers: 4
[6097.423s][debug][gc,phases      ] GC(149)     Total                          Min: 0, Avg: 11951.8, Max: 20543, Diff: 20543, Sum: 47807, Workers: 4
[6097.423s][debug][gc,phases      ] GC(149)   ResolvedMethodTable Weak       Min:  0.0, Avg:  0.0, Max:  0.1, Diff:  0.1, Sum:  0.2, Workers: 4
[6097.423s][debug][gc,phases      ] GC(149)     Dead                           Min: 0, Avg:  4.0, Max: 16, Diff: 16, Sum: 16, Workers: 4
[6097.423s][debug][gc,phases      ] GC(149)     Total                          Min: 0, Avg: 3897.2, Max: 6022, Diff: 6022, Sum: 15589, Workers: 4
[6097.423s][debug][gc,phases      ] GC(149)   JNI Weak                       Min:  0.0, Avg:  0.0, Max:  0.0, Diff:  0.0, Sum:  0.0, Workers: 4
[6097.423s][debug][gc,phases      ] GC(149)     Dead                           Min: 0, Avg:  0.0, Max: 0, Diff: 0, Sum: 0, Workers: 4
[6097.423s][debug][gc,phases      ] GC(149)     Total                          Min: 0, Avg: 13.0, Max: 52, Diff: 52, Sum: 52, Workers: 4
[6097.423s][debug][gc,phases      ] GC(149)   StringDedup Table Weak         Min:  0.0, Avg:  0.0, Max:  0.0, Diff:  0.0, Sum:  0.0, Workers: 4
[6097.423s][debug][gc,phases      ] GC(149)     Dead                           Min: 0, Avg:  0.0, Max: 0, Diff: 0, Sum: 0, Workers: 4
[6097.423s][debug][gc,phases      ] GC(149)     Total                          Min: 0, Avg:  0.0, Max: 0, Diff: 0, Sum: 0, Workers: 4
[6097.423s][debug][gc,phases      ] GC(149)   StringDedup Requests0 Weak     Min:  0.0, Avg:  0.0, Max:  0.0, Diff:  0.0, Sum:  0.0, Workers: 4
[6097.423s][debug][gc,phases      ] GC(149)     Dead                           Min: 0, Avg:  0.0, Max: 0, Diff: 0, Sum: 0, Workers: 4
[6097.423s][debug][gc,phases      ] GC(149)     Total                          Min: 0, Avg:  0.0, Max: 0, Diff: 0, Sum: 0, Workers: 4
[6097.423s][debug][gc,phases      ] GC(149)   StringDedup Requests1 Weak     Min:  0.0, Avg:  0.0, Max:  0.0, Diff:  0.0, Sum:  0.0, Workers: 4
[6097.423s][debug][gc,phases      ] GC(149)     Dead                           Min: 0, Avg:  0.0, Max: 0, Diff: 0, Sum: 0, Workers: 4
[6097.423s][debug][gc,phases      ] GC(149)     Total                          Min: 0, Avg:  0.0, Max: 0, Diff: 0, Sum: 0, Workers: 4
[6097.423s][debug][gc,phases      ] GC(149)   Weak JFR Old Object Samples    Min:  0.0, Avg:  0.0, Max:  0.0, Diff:  0.0, Sum:  0.0, Workers: 4
[6097.423s][debug][gc,phases      ] GC(149)     Dead                           Min: 0, Avg:  0.0, Max: 0, Diff: 0, Sum: 0, Workers: 4
[6097.423s][debug][gc,phases      ] GC(149)     Total                          Min: 0, Avg:  0.0, Max: 0, Diff: 0, Sum: 0, Workers: 4
[6097.423s][debug][gc,phases      ] GC(149) Weak Processing 0.361ms
[6097.423s][debug][gc,age         ] GC(149) Desired survivor size 7340032 bytes, new threshold 1 (max threshold 15)
[6097.423s][info ][gc,heap        ] GC(149) PSYoungGen: 2084544K(2089472K)->3984K(2089984K) Eden: 2081792K(2081792K)->0K(2082304K) From: 2752K(7680K)->3984K(7680K)
[6097.423s][info ][gc,heap        ] GC(149) ParOldGen: 504191K(570368K)->505071K(570368K)
[6097.423s][info ][gc,metaspace   ] GC(149) Metaspace: 110871K(112256K)->110871K(112256K) NonClass: 94340K(95104K)->94340K(95104K) Class: 16531K(17152K)->16531K(17152K)
[6097.423s][info ][gc             ] GC(149) Pause Young (Allocation Failure) 2528M->497M(2598M) 5.010ms
[6097.423s][info ][gc,cpu         ] GC(149) User=0.02s Sys=0.00s Real=0.01s
[6097.423s][info ][safepoint      ] Safepoint "ParallelGCFailedAllocation", Time since last: 18647329273 ns, Reaching safepoint: 5400 ns, Cleanup: 4200 ns, At safepoint: 5080644 ns, Total: 5090244 ns
[6099.423s][info ][safepoint      ] Safepoint "Cleanup", Time since last: 2000156724 ns, Reaching safepoint: 4700 ns, Cleanup: 8601 ns, At safepoint: 2000 ns, Total: 15301 ns
[6106.424s][info ][safepoint      ] Safepoint "Cleanup", Time since last: 7000512557 ns, Reaching safepoint: 5000 ns, Cleanup: 12800 ns, At safepoint: 2200 ns, Total: 20000 ns
[6107.424s][info ][safepoint      ] Safepoint "Cleanup", Time since last: 1000106844 ns, Reaching safepoint: 6300 ns, Cleanup: 13500 ns, At safepoint: 2100 ns, Total: 21900 ns
[6109.424s][info ][safepoint      ] Safepoint "Cleanup", Time since last: 2000177088 ns, Reaching safepoint: 6000 ns, Cleanup: 11001 ns, At safepoint: 2700 ns, Total: 19701 ns
[6111.424s][info ][safepoint      ] Safepoint "Cleanup", Time since last: 2000177488 ns, Reaching safepoint: 5500 ns, Cleanup: 29700 ns, At safepoint: 1900 ns, Total: 37100 ns
[6115.425s][info ][safepoint      ] Safepoint "Cleanup", Time since last: 4000316111 ns, Reaching safepoint: 5300 ns, Cleanup: 24700 ns, At safepoint: 2100 ns, Total: 32100 ns
[6116.425s][info ][safepoint      ] Safepoint "Cleanup", Time since last: 1000105594 ns, Reaching safepoint: 5500 ns, Cleanup: 20401 ns, At safepoint: 2300 ns, Total: 28201 ns
[6120.425s][info ][safepoint      ] Safepoint "Cleanup", Time since last: 4000326178 ns, Reaching safepoint: 6600 ns, Cleanup: 10000 ns, At safepoint: 3001 ns, Total: 19601 ns
[6124.006s][info ][safepoint      ] Safepoint "Cleanup", Time since last: 3580511672 ns, Reaching safepoint: 5100 ns, Cleanup: 8300 ns, At safepoint: 2000 ns, Total: 15400 ns
[6125.006s][info ][safepoint      ] Safepoint "Cleanup", Time since last: 1000101908 ns, Reaching safepoint: 4700 ns, Cleanup: 10500 ns, At safepoint: 1800 ns, Total: 17000 ns
[6137.072s][info ][safepoint      ] Safepoint "ParallelGCFailedAllocation", Time since last: 12066442018 ns, Reaching safepoint: 81601 ns, Cleanup: 3800 ns, At safepoint: 11100 ns, Total: 96501 ns
[6137.073s][info ][gc,start       ] GC(150) Pause Young (GCLocker Initiated GC)
[6137.076s][debug][gc,phases      ] GC(150) Scavenge 3.639ms
[6137.076s][debug][gc,ref         ] GC(150) ReferenceProcessor::execute queues: 1, RefProcThreadModel::Single, marks_oops_alive: false
[6137.076s][debug][gc,ref         ] GC(150) Skipped KeepAliveFinalRefsPhase of Reference Processing: no references
[6137.076s][debug][gc,ref         ] GC(150) ReferenceProcessor::execute queues: 1, RefProcThreadModel::Single, marks_oops_alive: false
[6137.076s][debug][gc,phases      ] GC(150) Reference Processing 0.101ms
[6137.077s][debug][gc,phases      ] GC(150)   VM Weak                        Min:  0.0, Avg:  0.0, Max:  0.0, Diff:  0.0, Sum:  0.0, Workers: 4
[6137.077s][debug][gc,phases      ] GC(150)     Dead                           Min: 0, Avg:  0.0, Max: 0, Diff: 0, Sum: 0, Workers: 4
[6137.077s][debug][gc,phases      ] GC(150)     Total                          Min: 0, Avg: 247.2, Max: 512, Diff: 512, Sum: 989, Workers: 4
[6137.077s][debug][gc,phases      ] GC(150)   ObjectSynchronizer Weak        Min:  0.0, Avg:  0.0, Max:  0.0, Diff:  0.0, Sum:  0.0, Workers: 4
[6137.077s][debug][gc,phases      ] GC(150)     Dead                           Min: 0, Avg:  0.0, Max: 0, Diff: 0, Sum: 0, Workers: 4
[6137.077s][debug][gc,phases      ] GC(150)     Total                          Min: 0, Avg:  1.0, Max: 4, Diff: 4, Sum: 4, Workers: 4
[6137.077s][debug][gc,phases      ] GC(150)   JVMTI Tag Weak OopStorage      Min:  0.0, Avg:  0.0, Max:  0.0, Diff:  0.0, Sum:  0.0, Workers: 4
[6137.077s][debug][gc,phases      ] GC(150)     Dead                           Min: 0, Avg:  0.0, Max: 0, Diff: 0, Sum: 0, Workers: 4
[6137.077s][debug][gc,phases      ] GC(150)     Total                          Min: 0, Avg:  0.0, Max: 0, Diff: 0, Sum: 0, Workers: 4
[6137.077s][debug][gc,phases      ] GC(150)   StringTable Weak               Min:  0.0, Avg:  0.1, Max:  0.1, Diff:  0.1, Sum:  0.4, Workers: 4
[6137.077s][debug][gc,phases      ] GC(150)     Dead                           Min: 0, Avg:  0.2, Max: 1, Diff: 1, Sum: 1, Workers: 4
[6137.077s][debug][gc,phases      ] GC(150)     Total                          Min: 0, Avg: 11952.2, Max: 20801, Diff: 20801, Sum: 47809, Workers: 4
[6137.077s][debug][gc,phases      ] GC(150)   ResolvedMethodTable Weak       Min:  0.0, Avg:  0.0, Max:  0.0, Diff:  0.0, Sum:  0.1, Workers: 4
[6137.077s][debug][gc,phases      ] GC(150)     Dead                           Min: 0, Avg:  4.0, Max: 16, Diff: 16, Sum: 16, Workers: 4
[6137.077s][debug][gc,phases      ] GC(150)     Total                          Min: 0, Avg: 3898.0, Max: 6650, Diff: 6650, Sum: 15592, Workers: 4
[6137.077s][debug][gc,phases      ] GC(150)   JNI Weak                       Min:  0.0, Avg:  0.0, Max:  0.0, Diff:  0.0, Sum:  0.0, Workers: 4
[6137.077s][debug][gc,phases      ] GC(150)     Dead                           Min: 0, Avg:  0.0, Max: 0, Diff: 0, Sum: 0, Workers: 4
[6137.077s][debug][gc,phases      ] GC(150)     Total                          Min: 0, Avg: 13.0, Max: 52, Diff: 52, Sum: 52, Workers: 4
[6137.077s][debug][gc,phases      ] GC(150)   StringDedup Table Weak         Min:  0.0, Avg:  0.0, Max:  0.0, Diff:  0.0, Sum:  0.0, Workers: 4
[6137.077s][debug][gc,phases      ] GC(150)     Dead                           Min: 0, Avg:  0.0, Max: 0, Diff: 0, Sum: 0, Workers: 4
[6137.077s][debug][gc,phases      ] GC(150)     Total                          Min: 0, Avg:  0.0, Max: 0, Diff: 0, Sum: 0, Workers: 4
[6137.077s][debug][gc,phases      ] GC(150)   StringDedup Requests0 Weak     Min:  0.0, Avg:  0.0, Max:  0.0, Diff:  0.0, Sum:  0.0, Workers: 4
[6137.077s][debug][gc,phases      ] GC(150)     Dead                           Min: 0, Avg:  0.0, Max: 0, Diff: 0, Sum: 0, Workers: 4
[6137.077s][debug][gc,phases      ] GC(150)     Total                          Min: 0, Avg:  0.0, Max: 0, Diff: 0, Sum: 0, Workers: 4
[6137.077s][debug][gc,phases      ] GC(150)   StringDedup Requests1 Weak     Min:  0.0, Avg:  0.0, Max:  0.0, Diff:  0.0, Sum:  0.0, Workers: 4
[6137.077s][debug][gc,phases      ] GC(150)     Dead                           Min: 0, Avg:  0.0, Max: 0, Diff: 0, Sum: 0, Workers: 4
[6137.077s][debug][gc,phases      ] GC(150)     Total                          Min: 0, Avg:  0.0, Max: 0, Diff: 0, Sum: 0, Workers: 4
[6137.077s][debug][gc,phases      ] GC(150)   Weak JFR Old Object Samples    Min:  0.0, Avg:  0.0, Max:  0.0, Diff:  0.0, Sum:  0.0, Workers: 4
[6137.077s][debug][gc,phases      ] GC(150)     Dead                           Min: 0, Avg:  0.0, Max: 0, Diff: 0, Sum: 0, Workers: 4
[6137.077s][debug][gc,phases      ] GC(150)     Total                          Min: 0, Avg:  0.0, Max: 0, Diff: 0, Sum: 0, Workers: 4
[6137.077s][debug][gc,phases      ] GC(150) Weak Processing 0.330ms
[6137.077s][debug][gc,age         ] GC(150) Desired survivor size 7340032 bytes, new threshold 1 (max threshold 15)
[6137.077s][info ][gc,heap        ] GC(150) PSYoungGen: 2086288K(2089984K)->3193K(2089472K) Eden: 2082304K(2082304K)->0K(2082304K) From: 3984K(7680K)->3193K(7168K)
[6137.077s][info ][gc,heap        ] GC(150) ParOldGen: 505087K(570368K)->507175K(570368K)
[6137.077s][info ][gc,metaspace   ] GC(150) Metaspace: 110888K(112256K)->110888K(112256K) NonClass: 94355K(95104K)->94355K(95104K) Class: 16533K(17152K)->16533K(17152K)
[6137.077s][info ][gc             ] GC(150) Pause Young (GCLocker Initiated GC) 2530M->498M(2597M) 4.142ms
[6137.077s][info ][gc,cpu         ] GC(150) User=0.02s Sys=0.00s Real=0.00s
[6137.077s][info ][safepoint      ] Safepoint "ParallelGCSystemGC", Time since last: 230302 ns, Reaching safepoint: 75000 ns, Cleanup: 801 ns, At safepoint: 4195936 ns, Total: 4271737 ns
[6138.077s][info ][safepoint      ] Safepoint "Cleanup", Time since last: 1000111305 ns, Reaching safepoint: 6200 ns, Cleanup: 8901 ns, At safepoint: 2600 ns, Total: 17701 ns
[6151.078s][info ][safepoint      ] Safepoint "Cleanup", Time since last: 13000974421 ns, Reaching safepoint: 6100 ns, Cleanup: 9600 ns, At safepoint: 2500 ns, Total: 18200 ns
[6178.370s][info ][gc,start       ] GC(151) Pause Young (Allocation Failure)
[6178.374s][debug][gc,phases      ] GC(151) Scavenge 3.896ms
[6178.374s][debug][gc,ref         ] GC(151) Skipped SoftWeakFinalRefsPhase of Reference Processing: no references
[6178.374s][debug][gc,ref         ] GC(151) Skipped KeepAliveFinalRefsPhase of Reference Processing: no references
[6178.374s][debug][gc,ref         ] GC(151) ReferenceProcessor::execute queues: 1, RefProcThreadModel::Single, marks_oops_alive: false
[6178.374s][debug][gc,phases      ] GC(151) Reference Processing 0.114ms
[6178.374s][debug][gc,phases      ] GC(151)   VM Weak                        Min:  0.0, Avg:  0.0, Max:  0.0, Diff:  0.0, Sum:  0.0, Workers: 4
[6178.374s][debug][gc,phases      ] GC(151)     Dead                           Min: 0, Avg:  0.0, Max: 0, Diff: 0, Sum: 0, Workers: 4
[6178.374s][debug][gc,phases      ] GC(151)     Total                          Min: 0, Avg: 247.2, Max: 989, Diff: 989, Sum: 989, Workers: 4
[6178.374s][debug][gc,phases      ] GC(151)   ObjectSynchronizer Weak        Min:  0.0, Avg:  0.0, Max:  0.0, Diff:  0.0, Sum:  0.0, Workers: 4
[6178.374s][debug][gc,phases      ] GC(151)     Dead                           Min: 0, Avg:  0.0, Max: 0, Diff: 0, Sum: 0, Workers: 4
[6178.374s][debug][gc,phases      ] GC(151)     Total                          Min: 0, Avg:  1.0, Max: 4, Diff: 4, Sum: 4, Workers: 4
[6178.374s][debug][gc,phases      ] GC(151)   JVMTI Tag Weak OopStorage      Min:  0.0, Avg:  0.0, Max:  0.0, Diff:  0.0, Sum:  0.0, Workers: 4
[6178.374s][debug][gc,phases      ] GC(151)     Dead                           Min: 0, Avg:  0.0, Max: 0, Diff: 0, Sum: 0, Workers: 4
[6178.374s][debug][gc,phases      ] GC(151)     Total                          Min: 0, Avg:  0.0, Max: 0, Diff: 0, Sum: 0, Workers: 4
[6178.374s][debug][gc,phases      ] GC(151)   StringTable Weak               Min:  0.1, Avg:  0.1, Max:  0.1, Diff:  0.0, Sum:  0.5, Workers: 4
[6178.374s][debug][gc,phases      ] GC(151)     Dead                           Min: 0, Avg:  0.0, Max: 0, Diff: 0, Sum: 0, Workers: 4
[6178.374s][debug][gc,phases      ] GC(151)     Total                          Min: 11586, Avg: 11952.5, Max: 12160, Diff: 574, Sum: 47810, Workers: 4
[6178.374s][debug][gc,phases      ] GC(151)   ResolvedMethodTable Weak       Min:  0.0, Avg:  0.0, Max:  0.0, Diff:  0.0, Sum:  0.2, Workers: 4
[6178.374s][debug][gc,phases      ] GC(151)     Dead                           Min: 0, Avg:  4.0, Max: 16, Diff: 16, Sum: 16, Workers: 4
[6178.374s][debug][gc,phases      ] GC(151)     Total                          Min: 3784, Avg: 3898.0, Max: 4128, Diff: 344, Sum: 15592, Workers: 4
[6178.374s][debug][gc,phases      ] GC(151)   JNI Weak                       Min:  0.0, Avg:  0.0, Max:  0.0, Diff:  0.0, Sum:  0.0, Workers: 4
[6178.374s][debug][gc,phases      ] GC(151)     Dead                           Min: 0, Avg:  0.0, Max: 0, Diff: 0, Sum: 0, Workers: 4
[6178.374s][debug][gc,phases      ] GC(151)     Total                          Min: 0, Avg: 13.0, Max: 52, Diff: 52, Sum: 52, Workers: 4
[6178.374s][debug][gc,phases      ] GC(151)   StringDedup Table Weak         Min:  0.0, Avg:  0.0, Max:  0.0, Diff:  0.0, Sum:  0.0, Workers: 4
[6178.374s][debug][gc,phases      ] GC(151)     Dead                           Min: 0, Avg:  0.0, Max: 0, Diff: 0, Sum: 0, Workers: 4
[6178.374s][debug][gc,phases      ] GC(151)     Total                          Min: 0, Avg:  0.0, Max: 0, Diff: 0, Sum: 0, Workers: 4
[6178.374s][debug][gc,phases      ] GC(151)   StringDedup Requests0 Weak     Min:  0.0, Avg:  0.0, Max:  0.0, Diff:  0.0, Sum:  0.0, Workers: 4
[6178.374s][debug][gc,phases      ] GC(151)     Dead                           Min: 0, Avg:  0.0, Max: 0, Diff: 0, Sum: 0, Workers: 4
[6178.374s][debug][gc,phases      ] GC(151)     Total                          Min: 0, Avg:  0.0, Max: 0, Diff: 0, Sum: 0, Workers: 4
[6178.374s][debug][gc,phases      ] GC(151)   StringDedup Requests1 Weak     Min:  0.0, Avg:  0.0, Max:  0.0, Diff:  0.0, Sum:  0.0, Workers: 4
[6178.374s][debug][gc,phases      ] GC(151)     Dead                           Min: 0, Avg:  0.0, Max: 0, Diff: 0, Sum: 0, Workers: 4
[6178.374s][debug][gc,phases      ] GC(151)     Total                          Min: 0, Avg:  0.0, Max: 0, Diff: 0, Sum: 0, Workers: 4
[6178.374s][debug][gc,phases      ] GC(151)   Weak JFR Old Object Samples    Min:  0.0, Avg:  0.0, Max:  0.0, Diff:  0.0, Sum:  0.0, Workers: 4
[6178.374s][debug][gc,phases      ] GC(151)     Dead                           Min: 0, Avg:  0.0, Max: 0, Diff: 0, Sum: 0, Workers: 4
[6178.374s][debug][gc,phases      ] GC(151)     Total                          Min: 0, Avg:  0.0, Max: 0, Diff: 0, Sum: 0, Workers: 4
[6178.374s][debug][gc,phases      ] GC(151) Weak Processing 0.341ms
[6178.374s][debug][gc,age         ] GC(151) Desired survivor size 6815744 bytes, new threshold 1 (max threshold 15)
[6178.374s][info ][gc,heap        ] GC(151) PSYoungGen: 2085497K(2089472K)->2832K(2090496K) Eden: 2082304K(2082304K)->0K(2083328K) From: 3193K(7168K)->2832K(7168K)
[6178.374s][info ][gc,heap        ] GC(151) ParOldGen: 507177K(570368K)->508449K(570368K)
[6178.374s][info ][gc,metaspace   ] GC(151) Metaspace: 110889K(112256K)->110889K(112256K) NonClass: 94356K(95104K)->94356K(95104K) Class: 16533K(17152K)->16533K(17152K)
[6178.374s][info ][gc             ] GC(151) Pause Young (Allocation Failure) 2531M->499M(2598M) 4.448ms
[6178.374s][info ][gc,cpu         ] GC(151) User=0.02s Sys=0.01s Real=0.00s
[6178.374s][info ][safepoint      ] Safepoint "ParallelGCFailedAllocation", Time since last: 27291833111 ns, Reaching safepoint: 5100 ns, Cleanup: 3500 ns, At safepoint: 4544640 ns, Total: 4553240 ns
[6188.023s][info ][safepoint      ] Safepoint "Cleanup", Time since last: 9648364843 ns, Reaching safepoint: 5400 ns, Cleanup: 8300 ns, At safepoint: 2200 ns, Total: 15900 ns
[6191.023s][info ][safepoint      ] Safepoint "Cleanup", Time since last: 3000248761 ns, Reaching safepoint: 5800 ns, Cleanup: 8900 ns, At safepoint: 2200 ns, Total: 16900 ns
[6194.023s][info ][safepoint      ] Safepoint "Cleanup", Time since last: 3000253324 ns, Reaching safepoint: 6400 ns, Cleanup: 10800 ns, At safepoint: 2100 ns, Total: 19300 ns
[6202.024s][info ][safepoint      ] Safepoint "Cleanup", Time since last: 8000636540 ns, Reaching safepoint: 5800 ns, Cleanup: 7000 ns, At safepoint: 2900 ns, Total: 15700 ns
[6210.024s][info ][safepoint      ] Safepoint "Cleanup", Time since last: 8000608096 ns, Reaching safepoint: 76501 ns, Cleanup: 7000 ns, At safepoint: 9000 ns, Total: 92501 ns
[6221.167s][info ][gc,start       ] GC(152) Pause Young (Allocation Failure)
[6221.171s][debug][gc,phases      ] GC(152) Scavenge 3.555ms
[6221.171s][debug][gc,ref         ] GC(152) Skipped SoftWeakFinalRefsPhase of Reference Processing: no references
[6221.171s][debug][gc,ref         ] GC(152) Skipped KeepAliveFinalRefsPhase of Reference Processing: no references
[6221.171s][debug][gc,ref         ] GC(152) ReferenceProcessor::execute queues: 1, RefProcThreadModel::Single, marks_oops_alive: false
[6221.171s][debug][gc,phases      ] GC(152) Reference Processing 0.088ms
[6221.171s][debug][gc,phases      ] GC(152)   VM Weak                        Min:  0.0, Avg:  0.0, Max:  0.0, Diff:  0.0, Sum:  0.0, Workers: 4
[6221.171s][debug][gc,phases      ] GC(152)     Dead                           Min: 0, Avg:  0.0, Max: 0, Diff: 0, Sum: 0, Workers: 4
[6221.171s][debug][gc,phases      ] GC(152)     Total                          Min: 64, Avg: 247.2, Max: 448, Diff: 384, Sum: 989, Workers: 4
[6221.171s][debug][gc,phases      ] GC(152)   ObjectSynchronizer Weak        Min:  0.0, Avg:  0.0, Max:  0.0, Diff:  0.0, Sum:  0.0, Workers: 4
[6221.171s][debug][gc,phases      ] GC(152)     Dead                           Min: 0, Avg:  0.0, Max: 0, Diff: 0, Sum: 0, Workers: 4
[6221.171s][debug][gc,phases      ] GC(152)     Total                          Min: 0, Avg:  1.0, Max: 4, Diff: 4, Sum: 4, Workers: 4
[6221.171s][debug][gc,phases      ] GC(152)   JVMTI Tag Weak OopStorage      Min:  0.0, Avg:  0.0, Max:  0.0, Diff:  0.0, Sum:  0.0, Workers: 4
[6221.171s][debug][gc,phases      ] GC(152)     Dead                           Min: 0, Avg:  0.0, Max: 0, Diff: 0, Sum: 0, Workers: 4
[6221.171s][debug][gc,phases      ] GC(152)     Total                          Min: 0, Avg:  0.0, Max: 0, Diff: 0, Sum: 0, Workers: 4
[6221.171s][debug][gc,phases      ] GC(152)   StringTable Weak               Min:  0.1, Avg:  0.1, Max:  0.1, Diff:  0.0, Sum:  0.4, Workers: 4
[6221.171s][debug][gc,phases      ] GC(152)     Dead                           Min: 0, Avg:  0.0, Max: 0, Diff: 0, Sum: 0, Workers: 4
[6221.171s][debug][gc,phases      ] GC(152)     Total                          Min: 11712, Avg: 11952.5, Max: 12162, Diff: 450, Sum: 47810, Workers: 4
[6221.171s][debug][gc,phases      ] GC(152)   ResolvedMethodTable Weak       Min:  0.0, Avg:  0.0, Max:  0.0, Diff:  0.0, Sum:  0.2, Workers: 4
[6221.171s][debug][gc,phases      ] GC(152)     Dead                           Min: 0, Avg:  4.5, Max: 18, Diff: 18, Sum: 18, Workers: 4
[6221.171s][debug][gc,phases      ] GC(152)     Total                          Min: 3629, Avg: 3898.0, Max: 4044, Diff: 415, Sum: 15592, Workers: 4
[6221.171s][debug][gc,phases      ] GC(152)   JNI Weak                       Min:  0.0, Avg:  0.0, Max:  0.0, Diff:  0.0, Sum:  0.0, Workers: 4
[6221.171s][debug][gc,phases      ] GC(152)     Dead                           Min: 0, Avg:  0.0, Max: 0, Diff: 0, Sum: 0, Workers: 4
[6221.171s][debug][gc,phases      ] GC(152)     Total                          Min: 0, Avg: 13.0, Max: 52, Diff: 52, Sum: 52, Workers: 4
[6221.171s][debug][gc,phases      ] GC(152)   StringDedup Table Weak         Min:  0.0, Avg:  0.0, Max:  0.0, Diff:  0.0, Sum:  0.0, Workers: 4
[6221.171s][debug][gc,phases      ] GC(152)     Dead                           Min: 0, Avg:  0.0, Max: 0, Diff: 0, Sum: 0, Workers: 4
[6221.171s][debug][gc,phases      ] GC(152)     Total                          Min: 0, Avg:  0.0, Max: 0, Diff: 0, Sum: 0, Workers: 4
[6221.171s][debug][gc,phases      ] GC(152)   StringDedup Requests0 Weak     Min:  0.0, Avg:  0.0, Max:  0.0, Diff:  0.0, Sum:  0.0, Workers: 4
[6221.171s][debug][gc,phases      ] GC(152)     Dead                           Min: 0, Avg:  0.0, Max: 0, Diff: 0, Sum: 0, Workers: 4
[6221.171s][debug][gc,phases      ] GC(152)     Total                          Min: 0, Avg:  0.0, Max: 0, Diff: 0, Sum: 0, Workers: 4
[6221.171s][debug][gc,phases      ] GC(152)   StringDedup Requests1 Weak     Min:  0.0, Avg:  0.0, Max:  0.0, Diff:  0.0, Sum:  0.0, Workers: 4
[6221.171s][debug][gc,phases      ] GC(152)     Dead                           Min: 0, Avg:  0.0, Max: 0, Diff: 0, Sum: 0, Workers: 4
[6221.171s][debug][gc,phases      ] GC(152)     Total                          Min: 0, Avg:  0.0, Max: 0, Diff: 0, Sum: 0, Workers: 4
[6221.171s][debug][gc,phases      ] GC(152)   Weak JFR Old Object Samples    Min:  0.0, Avg:  0.0, Max:  0.0, Diff:  0.0, Sum:  0.0, Workers: 4
[6221.171s][debug][gc,phases      ] GC(152)     Dead                           Min: 0, Avg:  0.0, Max: 0, Diff: 0, Sum: 0, Workers: 4
[6221.171s][debug][gc,phases      ] GC(152)     Total                          Min: 0, Avg:  0.0, Max: 0, Diff: 0, Sum: 0, Workers: 4
[6221.171s][debug][gc,phases      ] GC(152) Weak Processing 0.324ms
[6221.171s][debug][gc,age         ] GC(152) Desired survivor size 6815744 bytes, new threshold 1 (max threshold 15)
[6221.171s][info ][gc,heap        ] GC(152) PSYoungGen: 2086160K(2090496K)->3056K(2089984K) Eden: 2083328K(2083328K)->0K(2083328K) From: 2832K(7168K)->3056K(6656K)
[6221.171s][info ][gc,heap        ] GC(152) ParOldGen: 508449K(570368K)->509794K(570368K)
[6221.171s][info ][gc,metaspace   ] GC(152) Metaspace: 110894K(112256K)->110894K(112256K) NonClass: 94361K(95104K)->94361K(95104K) Class: 16533K(17152K)->16533K(17152K)
[6221.171s][info ][gc             ] GC(152) Pause Young (Allocation Failure) 2533M->500M(2598M) 4.078ms
[6221.171s][info ][gc,cpu         ] GC(152) User=0.02s Sys=0.00s Real=0.01s
[6221.171s][info ][safepoint      ] Safepoint "ParallelGCFailedAllocation", Time since last: 11142759775 ns, Reaching safepoint: 6200 ns, Cleanup: 4000 ns, At safepoint: 4159936 ns, Total: 4170136 ns
[6223.172s][info ][safepoint      ] Safepoint "Cleanup", Time since last: 2000159658 ns, Reaching safepoint: 5200 ns, Cleanup: 13100 ns, At safepoint: 1500 ns, Total: 19800 ns
[6226.172s][info ][safepoint      ] Safepoint "Cleanup", Time since last: 3000260776 ns, Reaching safepoint: 5600 ns, Cleanup: 11800 ns, At safepoint: 1700 ns, Total: 19100 ns
[6231.172s][info ][safepoint      ] Safepoint "Cleanup", Time since last: 5000390698 ns, Reaching safepoint: 4600 ns, Cleanup: 8300 ns, At safepoint: 1900 ns, Total: 14800 ns
[6236.173s][info ][safepoint      ] Safepoint "Cleanup", Time since last: 5000376788 ns, Reaching safepoint: 5600 ns, Cleanup: 8600 ns, At safepoint: 1900 ns, Total: 16100 ns
[6241.173s][info ][safepoint      ] Safepoint "Cleanup", Time since last: 5000401689 ns, Reaching safepoint: 5500 ns, Cleanup: 12600 ns, At safepoint: 2300 ns, Total: 20400 ns
[6243.040s][info ][safepoint      ] Safepoint "Cleanup", Time since last: 1866479440 ns, Reaching safepoint: 5200 ns, Cleanup: 13100 ns, At safepoint: 2300 ns, Total: 20600 ns
[6246.040s][info ][safepoint      ] Safepoint "Cleanup", Time since last: 3000247905 ns, Reaching safepoint: 5700 ns, Cleanup: 12400 ns, At safepoint: 2400 ns, Total: 20500 ns
[6247.040s][info ][safepoint      ] Safepoint "Cleanup", Time since last: 1000115602 ns, Reaching safepoint: 5100 ns, Cleanup: 8900 ns, At safepoint: 1700 ns, Total: 15700 ns
[6250.040s][info ][safepoint      ] Safepoint "Cleanup", Time since last: 3000247100 ns, Reaching safepoint: 5400 ns, Cleanup: 9400 ns, At safepoint: 24601 ns, Total: 39401 ns
[6256.041s][info ][safepoint      ] Safepoint "Cleanup", Time since last: 6000489893 ns, Reaching safepoint: 5700 ns, Cleanup: 7700 ns, At safepoint: 3000 ns, Total: 16400 ns
[6258.041s][info ][safepoint      ] Safepoint "Cleanup", Time since last: 2000187292 ns, Reaching safepoint: 5700 ns, Cleanup: 11700 ns, At safepoint: 2700 ns, Total: 20100 ns
[6259.041s][info ][safepoint      ] Safepoint "Cleanup", Time since last: 1000106196 ns, Reaching safepoint: 5300 ns, Cleanup: 12300 ns, At safepoint: 2000 ns, Total: 19600 ns
[6262.041s][info ][safepoint      ] Safepoint "Cleanup", Time since last: 3000242087 ns, Reaching safepoint: 5000 ns, Cleanup: 10200 ns, At safepoint: 1800 ns, Total: 17000 ns
[6262.366s][info ][gc,start       ] GC(153) Pause Young (Allocation Failure)
[6262.370s][debug][gc,phases      ] GC(153) Scavenge 3.542ms
[6262.370s][debug][gc,ref         ] GC(153) Skipped SoftWeakFinalRefsPhase of Reference Processing: no references
[6262.370s][debug][gc,ref         ] GC(153) Skipped KeepAliveFinalRefsPhase of Reference Processing: no references
[6262.370s][debug][gc,ref         ] GC(153) Skipped PhantomRefsPhase of Reference Processing: no references
[6262.370s][debug][gc,phases      ] GC(153) Reference Processing 0.034ms
[6262.370s][debug][gc,phases      ] GC(153)   VM Weak                        Min:  0.0, Avg:  0.0, Max:  0.0, Diff:  0.0, Sum:  0.0, Workers: 4
[6262.370s][debug][gc,phases      ] GC(153)     Dead                           Min: 0, Avg:  0.0, Max: 0, Diff: 0, Sum: 0, Workers: 4
[6262.370s][debug][gc,phases      ] GC(153)     Total                          Min: 0, Avg: 247.2, Max: 704, Diff: 704, Sum: 989, Workers: 4
[6262.370s][debug][gc,phases      ] GC(153)   ObjectSynchronizer Weak        Min:  0.0, Avg:  0.0, Max:  0.0, Diff:  0.0, Sum:  0.0, Workers: 4
[6262.370s][debug][gc,phases      ] GC(153)     Dead                           Min: 0, Avg:  0.0, Max: 0, Diff: 0, Sum: 0, Workers: 4
[6262.370s][debug][gc,phases      ] GC(153)     Total                          Min: 0, Avg:  1.0, Max: 4, Diff: 4, Sum: 4, Workers: 4
[6262.370s][debug][gc,phases      ] GC(153)   JVMTI Tag Weak OopStorage      Min:  0.0, Avg:  0.0, Max:  0.0, Diff:  0.0, Sum:  0.0, Workers: 4
[6262.370s][debug][gc,phases      ] GC(153)     Dead                           Min: 0, Avg:  0.0, Max: 0, Diff: 0, Sum: 0, Workers: 4
[6262.370s][debug][gc,phases      ] GC(153)     Total                          Min: 0, Avg:  0.0, Max: 0, Diff: 0, Sum: 0, Workers: 4
[6262.370s][debug][gc,phases      ] GC(153)   StringTable Weak               Min:  0.0, Avg:  0.1, Max:  0.1, Diff:  0.1, Sum:  0.4, Workers: 4
[6262.370s][debug][gc,phases      ] GC(153)     Dead                           Min: 0, Avg:  0.0, Max: 0, Diff: 0, Sum: 0, Workers: 4
[6262.370s][debug][gc,phases      ] GC(153)     Total                          Min: 0, Avg: 11952.5, Max: 20546, Diff: 20546, Sum: 47810, Workers: 4
[6262.370s][debug][gc,phases      ] GC(153)   ResolvedMethodTable Weak       Min:  0.0, Avg:  0.0, Max:  0.0, Diff:  0.0, Sum:  0.1, Workers: 4
[6262.370s][debug][gc,phases      ] GC(153)     Dead                           Min: 0, Avg:  4.0, Max: 16, Diff: 16, Sum: 16, Workers: 4
[6262.370s][debug][gc,phases      ] GC(153)     Total                          Min: 0, Avg: 3898.0, Max: 6813, Diff: 6813, Sum: 15592, Workers: 4
[6262.370s][debug][gc,phases      ] GC(153)   JNI Weak                       Min:  0.0, Avg:  0.0, Max:  0.0, Diff:  0.0, Sum:  0.0, Workers: 4
[6262.370s][debug][gc,phases      ] GC(153)     Dead                           Min: 0, Avg:  0.0, Max: 0, Diff: 0, Sum: 0, Workers: 4
[6262.370s][debug][gc,phases      ] GC(153)     Total                          Min: 0, Avg: 13.0, Max: 52, Diff: 52, Sum: 52, Workers: 4
[6262.370s][debug][gc,phases      ] GC(153)   StringDedup Table Weak         Min:  0.0, Avg:  0.0, Max:  0.0, Diff:  0.0, Sum:  0.0, Workers: 4
[6262.370s][debug][gc,phases      ] GC(153)     Dead                           Min: 0, Avg:  0.0, Max: 0, Diff: 0, Sum: 0, Workers: 4
[6262.370s][debug][gc,phases      ] GC(153)     Total                          Min: 0, Avg:  0.0, Max: 0, Diff: 0, Sum: 0, Workers: 4
[6262.370s][debug][gc,phases      ] GC(153)   StringDedup Requests0 Weak     Min:  0.0, Avg:  0.0, Max:  0.0, Diff:  0.0, Sum:  0.0, Workers: 4
[6262.370s][debug][gc,phases      ] GC(153)     Dead                           Min: 0, Avg:  0.0, Max: 0, Diff: 0, Sum: 0, Workers: 4
[6262.370s][debug][gc,phases      ] GC(153)     Total                          Min: 0, Avg:  0.0, Max: 0, Diff: 0, Sum: 0, Workers: 4
[6262.370s][debug][gc,phases      ] GC(153)   StringDedup Requests1 Weak     Min:  0.0, Avg:  0.0, Max:  0.0, Diff:  0.0, Sum:  0.0, Workers: 4
[6262.370s][debug][gc,phases      ] GC(153)     Dead                           Min: 0, Avg:  0.0, Max: 0, Diff: 0, Sum: 0, Workers: 4
[6262.370s][debug][gc,phases      ] GC(153)     Total                          Min: 0, Avg:  0.0, Max: 0, Diff: 0, Sum: 0, Workers: 4
[6262.370s][debug][gc,phases      ] GC(153)   Weak JFR Old Object Samples    Min:  0.0, Avg:  0.0, Max:  0.0, Diff:  0.0, Sum:  0.0, Workers: 4
[6262.370s][debug][gc,phases      ] GC(153)     Dead                           Min: 0, Avg:  0.0, Max: 0, Diff: 0, Sum: 0, Workers: 4
[6262.370s][debug][gc,phases      ] GC(153)     Total                          Min: 0, Avg:  0.0, Max: 0, Diff: 0, Sum: 0, Workers: 4
[6262.370s][debug][gc,phases      ] GC(153) Weak Processing 0.362ms
[6262.370s][debug][gc,age         ] GC(153) Desired survivor size 6291456 bytes, new threshold 1 (max threshold 15)
[6262.370s][info ][gc,heap        ] GC(153) PSYoungGen: 2086384K(2089984K)->3216K(2091008K) Eden: 2083328K(2083328K)->0K(2084352K) From: 3056K(6656K)->3216K(6656K)
[6262.370s][info ][gc,heap        ] GC(153) ParOldGen: 509794K(570368K)->510622K(570368K)
[6262.370s][info ][gc,metaspace   ] GC(153) Metaspace: 110907K(112256K)->110907K(112256K) NonClass: 94374K(95104K)->94374K(95104K) Class: 16533K(17152K)->16533K(17152K)
[6262.370s][info ][gc             ] GC(153) Pause Young (Allocation Failure) 2535M->501M(2599M) 4.040ms
[6262.370s][info ][gc,cpu         ] GC(153) User=0.01s Sys=0.00s Real=0.01s
[6262.370s][info ][safepoint      ] Safepoint "ParallelGCFailedAllocation", Time since last: 324473721 ns, Reaching safepoint: 77601 ns, Cleanup: 4000 ns, At safepoint: 4103636 ns, Total: 4185237 ns
[6265.370s][info ][safepoint      ] Safepoint "Cleanup", Time since last: 3000251690 ns, Reaching safepoint: 79101 ns, Cleanup: 9100 ns, At safepoint: 6700 ns, Total: 94901 ns
[6282.372s][info ][safepoint      ] Safepoint "Cleanup", Time since last: 17001220130 ns, Reaching safepoint: 5401 ns, Cleanup: 11700 ns, At safepoint: 1800 ns, Total: 18901 ns
[6292.372s][info ][safepoint      ] Safepoint "Cleanup", Time since last: 10000709506 ns, Reaching safepoint: 5000 ns, Cleanup: 8100 ns, At safepoint: 1900 ns, Total: 15000 ns
[6294.373s][info ][safepoint      ] Safepoint "Cleanup", Time since last: 2000175100 ns, Reaching safepoint: 5300 ns, Cleanup: 9000 ns, At safepoint: 1900 ns, Total: 16200 ns
[6297.373s][info ][safepoint      ] Safepoint "Cleanup", Time since last: 3000252400 ns, Reaching safepoint: 5600 ns, Cleanup: 10300 ns, At safepoint: 2500 ns, Total: 18400 ns
[6303.670s][info ][gc,start       ] GC(154) Pause Young (Allocation Failure)
[6303.673s][debug][gc,phases      ] GC(154) Scavenge 2.516ms
[6303.673s][debug][gc,ref         ] GC(154) Skipped SoftWeakFinalRefsPhase of Reference Processing: no references
[6303.673s][debug][gc,ref         ] GC(154) Skipped KeepAliveFinalRefsPhase of Reference Processing: no references
[6303.673s][debug][gc,ref         ] GC(154) Skipped PhantomRefsPhase of Reference Processing: no references
[6303.673s][debug][gc,phases      ] GC(154) Reference Processing 0.021ms
[6303.673s][debug][gc,phases      ] GC(154)   VM Weak                        Min:  0.0, Avg:  0.0, Max:  0.0, Diff:  0.0, Sum:  0.0, Workers: 4
[6303.673s][debug][gc,phases      ] GC(154)     Dead                           Min: 0, Avg:  0.0, Max: 0, Diff: 0, Sum: 0, Workers: 4
[6303.673s][debug][gc,phases      ] GC(154)     Total                          Min: 0, Avg: 247.2, Max: 640, Diff: 640, Sum: 989, Workers: 4
[6303.673s][debug][gc,phases      ] GC(154)   ObjectSynchronizer Weak        Min:  0.0, Avg:  0.0, Max:  0.0, Diff:  0.0, Sum:  0.0, Workers: 4
[6303.673s][debug][gc,phases      ] GC(154)     Dead                           Min: 0, Avg:  0.0, Max: 0, Diff: 0, Sum: 0, Workers: 4
[6303.673s][debug][gc,phases      ] GC(154)     Total                          Min: 0, Avg:  0.8, Max: 3, Diff: 3, Sum: 3, Workers: 4
[6303.673s][debug][gc,phases      ] GC(154)   JVMTI Tag Weak OopStorage      Min:  0.0, Avg:  0.0, Max:  0.0, Diff:  0.0, Sum:  0.0, Workers: 4
[6303.673s][debug][gc,phases      ] GC(154)     Dead                           Min: 0, Avg:  0.0, Max: 0, Diff: 0, Sum: 0, Workers: 4
[6303.673s][debug][gc,phases      ] GC(154)     Total                          Min: 0, Avg:  0.0, Max: 0, Diff: 0, Sum: 0, Workers: 4
[6303.673s][debug][gc,phases      ] GC(154)   StringTable Weak               Min:  0.0, Avg:  0.1, Max:  0.1, Diff:  0.1, Sum:  0.4, Workers: 4
[6303.673s][debug][gc,phases      ] GC(154)     Dead                           Min: 0, Avg:  0.0, Max: 0, Diff: 0, Sum: 0, Workers: 4
[6303.673s][debug][gc,phases      ] GC(154)     Total                          Min: 0, Avg: 11952.5, Max: 21250, Diff: 21250, Sum: 47810, Workers: 4
[6303.673s][debug][gc,phases      ] GC(154)   ResolvedMethodTable Weak       Min:  0.0, Avg:  0.0, Max:  0.0, Diff:  0.0, Sum:  0.1, Workers: 4
[6303.673s][debug][gc,phases      ] GC(154)     Dead                           Min: 0, Avg:  4.0, Max: 16, Diff: 16, Sum: 16, Workers: 4
[6303.673s][debug][gc,phases      ] GC(154)     Total                          Min: 0, Avg: 3898.0, Max: 7029, Diff: 7029, Sum: 15592, Workers: 4
[6303.673s][debug][gc,phases      ] GC(154)   JNI Weak                       Min:  0.0, Avg:  0.0, Max:  0.0, Diff:  0.0, Sum:  0.0, Workers: 4
[6303.673s][debug][gc,phases      ] GC(154)     Dead                           Min: 0, Avg:  0.0, Max: 0, Diff: 0, Sum: 0, Workers: 4
[6303.673s][debug][gc,phases      ] GC(154)     Total                          Min: 0, Avg: 13.0, Max: 52, Diff: 52, Sum: 52, Workers: 4
[6303.673s][debug][gc,phases      ] GC(154)   StringDedup Table Weak         Min:  0.0, Avg:  0.0, Max:  0.0, Diff:  0.0, Sum:  0.0, Workers: 4
[6303.673s][debug][gc,phases      ] GC(154)     Dead                           Min: 0, Avg:  0.0, Max: 0, Diff: 0, Sum: 0, Workers: 4
[6303.673s][debug][gc,phases      ] GC(154)     Total                          Min: 0, Avg:  0.0, Max: 0, Diff: 0, Sum: 0, Workers: 4
[6303.673s][debug][gc,phases      ] GC(154)   StringDedup Requests0 Weak     Min:  0.0, Avg:  0.0, Max:  0.0, Diff:  0.0, Sum:  0.0, Workers: 4
[6303.673s][debug][gc,phases      ] GC(154)     Dead                           Min: 0, Avg:  0.0, Max: 0, Diff: 0, Sum: 0, Workers: 4
[6303.673s][debug][gc,phases      ] GC(154)     Total                          Min: 0, Avg:  0.0, Max: 0, Diff: 0, Sum: 0, Workers: 4
[6303.673s][debug][gc,phases      ] GC(154)   StringDedup Requests1 Weak     Min:  0.0, Avg:  0.0, Max:  0.0, Diff:  0.0, Sum:  0.0, Workers: 4
[6303.673s][debug][gc,phases      ] GC(154)     Dead                           Min: 0, Avg:  0.0, Max: 0, Diff: 0, Sum: 0, Workers: 4
[6303.673s][debug][gc,phases      ] GC(154)     Total                          Min: 0, Avg:  0.0, Max: 0, Diff: 0, Sum: 0, Workers: 4
[6303.673s][debug][gc,phases      ] GC(154)   Weak JFR Old Object Samples    Min:  0.0, Avg:  0.0, Max:  0.0, Diff:  0.0, Sum:  0.0, Workers: 4
[6303.673s][debug][gc,phases      ] GC(154)     Dead                           Min: 0, Avg:  0.0, Max: 0, Diff: 0, Sum: 0, Workers: 4
[6303.673s][debug][gc,phases      ] GC(154)     Total                          Min: 0, Avg:  0.0, Max: 0, Diff: 0, Sum: 0, Workers: 4
[6303.673s][debug][gc,phases      ] GC(154) Weak Processing 0.367ms
[6303.673s][debug][gc,age         ] GC(154) Desired survivor size 6291456 bytes, new threshold 1 (max threshold 15)
[6303.673s][info ][gc,heap        ] GC(154) PSYoungGen: 2087568K(2091008K)->2432K(2090496K) Eden: 2084352K(2084352K)->0K(2084352K) From: 3216K(6656K)->2432K(6144K)
[6303.673s][info ][gc,heap        ] GC(154) ParOldGen: 510622K(570368K)->511874K(570368K)
[6303.673s][info ][gc,metaspace   ] GC(154) Metaspace: 110913K(112256K)->110913K(112256K) NonClass: 94380K(95104K)->94380K(95104K) Class: 16533K(17152K)->16533K(17152K)
[6303.673s][info ][gc             ] GC(154) Pause Young (Allocation Failure) 2537M->502M(2598M) 3.004ms
[6303.673s][info ][gc,cpu         ] GC(154) User=0.01s Sys=0.01s Real=0.00s
[6303.673s][info ][safepoint      ] Safepoint "ParallelGCFailedAllocation", Time since last: 6297450281 ns, Reaching safepoint: 5000 ns, Cleanup: 4000 ns, At safepoint: 3062227 ns, Total: 3071227 ns
[6311.674s][info ][safepoint      ] Safepoint "Cleanup", Time since last: 8000573504 ns, Reaching safepoint: 4800 ns, Cleanup: 9100 ns, At safepoint: 1800 ns, Total: 15700 ns
[6315.674s][info ][safepoint      ] Safepoint "Cleanup", Time since last: 4000326097 ns, Reaching safepoint: 6000 ns, Cleanup: 10700 ns, At safepoint: 2100 ns, Total: 18800 ns
[6324.675s][info ][safepoint      ] Safepoint "Cleanup", Time since last: 9000699506 ns, Reaching safepoint: 6100 ns, Cleanup: 7800 ns, At safepoint: 3000 ns, Total: 16900 ns
[6330.675s][info ][safepoint      ] Safepoint "Cleanup", Time since last: 6000443207 ns, Reaching safepoint: 5200 ns, Cleanup: 7701 ns, At safepoint: 1800 ns, Total: 14701 ns
[6338.676s][info ][safepoint      ] Safepoint "Cleanup", Time since last: 8000617199 ns, Reaching safepoint: 5700 ns, Cleanup: 19400 ns, At safepoint: 2900 ns, Total: 28000 ns
[6344.329s][info ][gc,start       ] GC(155) Pause Young (Allocation Failure)
[6344.332s][debug][gc,phases      ] GC(155) Scavenge 3.015ms
[6344.332s][debug][gc,ref         ] GC(155) Skipped SoftWeakFinalRefsPhase of Reference Processing: no references
[6344.332s][debug][gc,ref         ] GC(155) Skipped KeepAliveFinalRefsPhase of Reference Processing: no references
[6344.332s][debug][gc,ref         ] GC(155) ReferenceProcessor::execute queues: 1, RefProcThreadModel::Single, marks_oops_alive: false
[6344.332s][debug][gc,phases      ] GC(155) Reference Processing 0.100ms
[6344.333s][debug][gc,phases      ] GC(155)   VM Weak                        Min:  0.0, Avg:  0.0, Max:  0.0, Diff:  0.0, Sum:  0.0, Workers: 4
[6344.333s][debug][gc,phases      ] GC(155)     Dead                           Min: 0, Avg:  0.0, Max: 0, Diff: 0, Sum: 0, Workers: 4
[6344.333s][debug][gc,phases      ] GC(155)     Total                          Min: 0, Avg: 247.2, Max: 733, Diff: 733, Sum: 989, Workers: 4
[6344.333s][debug][gc,phases      ] GC(155)   ObjectSynchronizer Weak        Min:  0.0, Avg:  0.0, Max:  0.0, Diff:  0.0, Sum:  0.0, Workers: 4
[6344.333s][debug][gc,phases      ] GC(155)     Dead                           Min: 0, Avg:  0.0, Max: 0, Diff: 0, Sum: 0, Workers: 4
[6344.333s][debug][gc,phases      ] GC(155)     Total                          Min: 0, Avg:  1.0, Max: 4, Diff: 4, Sum: 4, Workers: 4
[6344.333s][debug][gc,phases      ] GC(155)   JVMTI Tag Weak OopStorage      Min:  0.0, Avg:  0.0, Max:  0.0, Diff:  0.0, Sum:  0.0, Workers: 4
[6344.333s][debug][gc,phases      ] GC(155)     Dead                           Min: 0, Avg:  0.0, Max: 0, Diff: 0, Sum: 0, Workers: 4
[6344.333s][debug][gc,phases      ] GC(155)     Total                          Min: 0, Avg:  0.0, Max: 0, Diff: 0, Sum: 0, Workers: 4
[6344.333s][debug][gc,phases      ] GC(155)   StringTable Weak               Min:  0.0, Avg:  0.1, Max:  0.1, Diff:  0.1, Sum:  0.4, Workers: 4
[6344.333s][debug][gc,phases      ] GC(155)     Dead                           Min: 0, Avg:  0.0, Max: 0, Diff: 0, Sum: 0, Workers: 4
[6344.333s][debug][gc,phases      ] GC(155)     Total                          Min: 0, Avg: 11952.5, Max: 20864, Diff: 20864, Sum: 47810, Workers: 4
[6344.333s][debug][gc,phases      ] GC(155)   ResolvedMethodTable Weak       Min:  0.0, Avg:  0.0, Max:  0.0, Diff:  0.0, Sum:  0.1, Workers: 4
[6344.333s][debug][gc,phases      ] GC(155)     Dead                           Min: 0, Avg:  4.0, Max: 16, Diff: 16, Sum: 16, Workers: 4
[6344.333s][debug][gc,phases      ] GC(155)     Total                          Min: 0, Avg: 3898.0, Max: 6860, Diff: 6860, Sum: 15592, Workers: 4
[6344.333s][debug][gc,phases      ] GC(155)   JNI Weak                       Min:  0.0, Avg:  0.0, Max:  0.0, Diff:  0.0, Sum:  0.0, Workers: 4
[6344.333s][debug][gc,phases      ] GC(155)     Dead                           Min: 0, Avg:  0.0, Max: 0, Diff: 0, Sum: 0, Workers: 4
[6344.333s][debug][gc,phases      ] GC(155)     Total                          Min: 0, Avg: 13.2, Max: 53, Diff: 53, Sum: 53, Workers: 4
[6344.333s][debug][gc,phases      ] GC(155)   StringDedup Table Weak         Min:  0.0, Avg:  0.0, Max:  0.0, Diff:  0.0, Sum:  0.0, Workers: 4
[6344.333s][debug][gc,phases      ] GC(155)     Dead                           Min: 0, Avg:  0.0, Max: 0, Diff: 0, Sum: 0, Workers: 4
[6344.333s][debug][gc,phases      ] GC(155)     Total                          Min: 0, Avg:  0.0, Max: 0, Diff: 0, Sum: 0, Workers: 4
[6344.333s][debug][gc,phases      ] GC(155)   StringDedup Requests0 Weak     Min:  0.0, Avg:  0.0, Max:  0.0, Diff:  0.0, Sum:  0.0, Workers: 4
[6344.333s][debug][gc,phases      ] GC(155)     Dead                           Min: 0, Avg:  0.0, Max: 0, Diff: 0, Sum: 0, Workers: 4
[6344.333s][debug][gc,phases      ] GC(155)     Total                          Min: 0, Avg:  0.0, Max: 0, Diff: 0, Sum: 0, Workers: 4
[6344.333s][debug][gc,phases      ] GC(155)   StringDedup Requests1 Weak     Min:  0.0, Avg:  0.0, Max:  0.0, Diff:  0.0, Sum:  0.0, Workers: 4
[6344.333s][debug][gc,phases      ] GC(155)     Dead                           Min: 0, Avg:  0.0, Max: 0, Diff: 0, Sum: 0, Workers: 4
[6344.333s][debug][gc,phases      ] GC(155)     Total                          Min: 0, Avg:  0.0, Max: 0, Diff: 0, Sum: 0, Workers: 4
[6344.333s][debug][gc,phases      ] GC(155)   Weak JFR Old Object Samples    Min:  0.0, Avg:  0.0, Max:  0.0, Diff:  0.0, Sum:  0.0, Workers: 4
[6344.333s][debug][gc,phases      ] GC(155)     Dead                           Min: 0, Avg:  0.0, Max: 0, Diff: 0, Sum: 0, Workers: 4
[6344.333s][debug][gc,phases      ] GC(155)     Total                          Min: 0, Avg:  0.0, Max: 0, Diff: 0, Sum: 0, Workers: 4
[6344.333s][debug][gc,phases      ] GC(155) Weak Processing 0.374ms
[6344.333s][debug][gc,age         ] GC(155) Desired survivor size 6291456 bytes, new threshold 1 (max threshold 15)
[6344.333s][info ][gc,heap        ] GC(155) PSYoungGen: 2086784K(2090496K)->3104K(2091008K) Eden: 2084352K(2084352K)->0K(2084864K) From: 2432K(6144K)->3104K(6144K)
[6344.333s][info ][gc,heap        ] GC(155) ParOldGen: 511874K(570368K)->512567K(570368K)
[6344.333s][info ][gc,metaspace   ] GC(155) Metaspace: 110920K(112320K)->110920K(112320K) NonClass: 94387K(95168K)->94387K(95168K) Class: 16533K(17152K)->16533K(17152K)
[6344.333s][info ][gc             ] GC(155) Pause Young (Allocation Failure) 2537M->503M(2599M) 3.592ms
[6344.333s][info ][gc,cpu         ] GC(155) User=0.02s Sys=0.00s Real=0.01s
[6344.333s][info ][safepoint      ] Safepoint "ParallelGCFailedAllocation", Time since last: 5653185780 ns, Reaching safepoint: 6300 ns, Cleanup: 3400 ns, At safepoint: 3657832 ns, Total: 3667532 ns
[6345.333s][info ][safepoint      ] Safepoint "Cleanup", Time since last: 1000084002 ns, Reaching safepoint: 5100 ns, Cleanup: 7600 ns, At safepoint: 2100 ns, Total: 14800 ns
[6355.334s][info ][safepoint      ] Safepoint "Cleanup", Time since last: 10000716714 ns, Reaching safepoint: 5600 ns, Cleanup: 10000 ns, At safepoint: 2100 ns, Total: 17700 ns
[6386.216s][info ][gc,start       ] GC(156) Pause Young (Allocation Failure)
[6386.219s][debug][gc,phases      ] GC(156) Scavenge 2.999ms
[6386.219s][debug][gc,ref         ] GC(156) Skipped SoftWeakFinalRefsPhase of Reference Processing: no references
[6386.219s][debug][gc,ref         ] GC(156) Skipped KeepAliveFinalRefsPhase of Reference Processing: no references
[6386.219s][debug][gc,ref         ] GC(156) Skipped PhantomRefsPhase of Reference Processing: no references
[6386.219s][debug][gc,phases      ] GC(156) Reference Processing 0.021ms
[6386.219s][debug][gc,phases      ] GC(156)   VM Weak                        Min:  0.0, Avg:  0.0, Max:  0.0, Diff:  0.0, Sum:  0.0, Workers: 4
[6386.219s][debug][gc,phases      ] GC(156)     Dead                           Min: 0, Avg:  0.0, Max: 0, Diff: 0, Sum: 0, Workers: 4
[6386.219s][debug][gc,phases      ] GC(156)     Total                          Min: 0, Avg: 247.2, Max: 704, Diff: 704, Sum: 989, Workers: 4
[6386.219s][debug][gc,phases      ] GC(156)   ObjectSynchronizer Weak        Min:  0.0, Avg:  0.0, Max:  0.0, Diff:  0.0, Sum:  0.0, Workers: 4
[6386.219s][debug][gc,phases      ] GC(156)     Dead                           Min: 0, Avg:  0.0, Max: 0, Diff: 0, Sum: 0, Workers: 4
[6386.219s][debug][gc,phases      ] GC(156)     Total                          Min: 0, Avg:  1.0, Max: 4, Diff: 4, Sum: 4, Workers: 4
[6386.219s][debug][gc,phases      ] GC(156)   JVMTI Tag Weak OopStorage      Min:  0.0, Avg:  0.0, Max:  0.0, Diff:  0.0, Sum:  0.0, Workers: 4
[6386.219s][debug][gc,phases      ] GC(156)     Dead                           Min: 0, Avg:  0.0, Max: 0, Diff: 0, Sum: 0, Workers: 4
[6386.219s][debug][gc,phases      ] GC(156)     Total                          Min: 0, Avg:  0.0, Max: 0, Diff: 0, Sum: 0, Workers: 4
[6386.219s][debug][gc,phases      ] GC(156)   StringTable Weak               Min:  0.0, Avg:  0.1, Max:  0.1, Diff:  0.1, Sum:  0.4, Workers: 4
[6386.219s][debug][gc,phases      ] GC(156)     Dead                           Min: 0, Avg:  0.0, Max: 0, Diff: 0, Sum: 0, Workers: 4
[6386.219s][debug][gc,phases      ] GC(156)     Total                          Min: 0, Avg: 11952.5, Max: 21506, Diff: 21506, Sum: 47810, Workers: 4
[6386.219s][debug][gc,phases      ] GC(156)   ResolvedMethodTable Weak       Min:  0.0, Avg:  0.0, Max:  0.0, Diff:  0.0, Sum:  0.1, Workers: 4
[6386.219s][debug][gc,phases      ] GC(156)     Dead                           Min: 0, Avg:  4.0, Max: 16, Diff: 16, Sum: 16, Workers: 4
[6386.219s][debug][gc,phases      ] GC(156)     Total                          Min: 0, Avg: 3898.0, Max: 6788, Diff: 6788, Sum: 15592, Workers: 4
[6386.219s][debug][gc,phases      ] GC(156)   JNI Weak                       Min:  0.0, Avg:  0.0, Max:  0.0, Diff:  0.0, Sum:  0.0, Workers: 4
[6386.219s][debug][gc,phases      ] GC(156)     Dead                           Min: 0, Avg:  0.0, Max: 0, Diff: 0, Sum: 0, Workers: 4
[6386.219s][debug][gc,phases      ] GC(156)     Total                          Min: 0, Avg: 13.0, Max: 52, Diff: 52, Sum: 52, Workers: 4
[6386.219s][debug][gc,phases      ] GC(156)   StringDedup Table Weak         Min:  0.0, Avg:  0.0, Max:  0.0, Diff:  0.0, Sum:  0.0, Workers: 4
[6386.219s][debug][gc,phases      ] GC(156)     Dead                           Min: 0, Avg:  0.0, Max: 0, Diff: 0, Sum: 0, Workers: 4
[6386.219s][debug][gc,phases      ] GC(156)     Total                          Min: 0, Avg:  0.0, Max: 0, Diff: 0, Sum: 0, Workers: 4
[6386.219s][debug][gc,phases      ] GC(156)   StringDedup Requests0 Weak     Min:  0.0, Avg:  0.0, Max:  0.0, Diff:  0.0, Sum:  0.0, Workers: 4
[6386.219s][debug][gc,phases      ] GC(156)     Dead                           Min: 0, Avg:  0.0, Max: 0, Diff: 0, Sum: 0, Workers: 4
[6386.219s][debug][gc,phases      ] GC(156)     Total                          Min: 0, Avg:  0.0, Max: 0, Diff: 0, Sum: 0, Workers: 4
[6386.219s][debug][gc,phases      ] GC(156)   StringDedup Requests1 Weak     Min:  0.0, Avg:  0.0, Max:  0.0, Diff:  0.0, Sum:  0.0, Workers: 4
[6386.219s][debug][gc,phases      ] GC(156)     Dead                           Min: 0, Avg:  0.0, Max: 0, Diff: 0, Sum: 0, Workers: 4
[6386.219s][debug][gc,phases      ] GC(156)     Total                          Min: 0, Avg:  0.0, Max: 0, Diff: 0, Sum: 0, Workers: 4
[6386.219s][debug][gc,phases      ] GC(156)   Weak JFR Old Object Samples    Min:  0.0, Avg:  0.0, Max:  0.0, Diff:  0.0, Sum:  0.0, Workers: 4
[6386.219s][debug][gc,phases      ] GC(156)     Dead                           Min: 0, Avg:  0.0, Max: 0, Diff: 0, Sum: 0, Workers: 4
[6386.219s][debug][gc,phases      ] GC(156)     Total                          Min: 0, Avg:  0.0, Max: 0, Diff: 0, Sum: 0, Workers: 4
[6386.219s][debug][gc,phases      ] GC(156) Weak Processing 0.357ms
[6386.219s][debug][gc,age         ] GC(156) Desired survivor size 5767168 bytes, new threshold 1 (max threshold 15)
[6386.219s][info ][gc,heap        ] GC(156) PSYoungGen: 2087968K(2091008K)->2816K(2091008K) Eden: 2084864K(2084864K)->0K(2084864K) From: 3104K(6144K)->2816K(6144K)
[6386.219s][info ][gc,heap        ] GC(156) ParOldGen: 512567K(570368K)->513503K(570368K)
[6386.219s][info ][gc,metaspace   ] GC(156) Metaspace: 110922K(112320K)->110922K(112320K) NonClass: 94389K(95168K)->94389K(95168K) Class: 16533K(17152K)->16533K(17152K)
[6386.219s][info ][gc             ] GC(156) Pause Young (Allocation Failure) 2539M->504M(2599M) 3.489ms
[6386.219s][info ][gc,cpu         ] GC(156) User=0.01s Sys=0.00s Real=0.00s
[6386.219s][info ][safepoint      ] Safepoint "ParallelGCFailedAllocation", Time since last: 30881964727 ns, Reaching safepoint: 81501 ns, Cleanup: 4500 ns, At safepoint: 3554331 ns, Total: 3640332 ns
[6392.220s][info ][safepoint      ] Safepoint "Cleanup", Time since last: 6000454918 ns, Reaching safepoint: 80301 ns, Cleanup: 8500 ns, At safepoint: 23900 ns, Total: 112701 ns
[6396.220s][info ][safepoint      ] Safepoint "Cleanup", Time since last: 4000314371 ns, Reaching safepoint: 80101 ns, Cleanup: 29800 ns, At safepoint: 11600 ns, Total: 121501 ns
[6399.221s][info ][safepoint      ] Safepoint "Cleanup", Time since last: 3000262480 ns, Reaching safepoint: 79000 ns, Cleanup: 8800 ns, At safepoint: 5700 ns, Total: 93500 ns
[6413.222s][info ][safepoint      ] Safepoint "Cleanup", Time since last: 14000999081 ns, Reaching safepoint: 5400 ns, Cleanup: 10500 ns, At safepoint: 2000 ns, Total: 17900 ns
[6414.222s][info ][safepoint      ] Safepoint "Cleanup", Time since last: 1000107499 ns, Reaching safepoint: 5500 ns, Cleanup: 11201 ns, At safepoint: 1700 ns, Total: 18401 ns
[6415.222s][info ][safepoint      ] Safepoint "Cleanup", Time since last: 1000101799 ns, Reaching safepoint: 6500 ns, Cleanup: 16400 ns, At safepoint: 1800 ns, Total: 24700 ns
[6417.222s][info ][safepoint      ] Safepoint "Cleanup", Time since last: 2000168999 ns, Reaching safepoint: 5400 ns, Cleanup: 9300 ns, At safepoint: 2100 ns, Total: 16800 ns
[6418.222s][info ][safepoint      ] Safepoint "Cleanup", Time since last: 1000113001 ns, Reaching safepoint: 5400 ns, Cleanup: 8000 ns, At safepoint: 1700 ns, Total: 15100 ns
[6419.222s][info ][safepoint      ] Safepoint "Cleanup", Time since last: 1000103001 ns, Reaching safepoint: 5000 ns, Cleanup: 9600 ns, At safepoint: 1700 ns, Total: 16300 ns
[6423.091s][info ][safepoint      ] Safepoint "Cleanup", Time since last: 3868455354 ns, Reaching safepoint: 5500 ns, Cleanup: 8600 ns, At safepoint: 1700 ns, Total: 15800 ns
[6424.091s][info ][safepoint      ] Safepoint "Cleanup", Time since last: 1000103100 ns, Reaching safepoint: 5701 ns, Cleanup: 11600 ns, At safepoint: 2100 ns, Total: 19401 ns
[6426.665s][info ][gc,start       ] GC(157) Pause Young (Allocation Failure)
[6426.668s][debug][gc,phases      ] GC(157) Scavenge 3.291ms
[6426.668s][debug][gc,ref         ] GC(157) Skipped SoftWeakFinalRefsPhase of Reference Processing: no references
[6426.668s][debug][gc,ref         ] GC(157) Skipped KeepAliveFinalRefsPhase of Reference Processing: no references
[6426.668s][debug][gc,ref         ] GC(157) ReferenceProcessor::execute queues: 1, RefProcThreadModel::Single, marks_oops_alive: false
[6426.668s][debug][gc,phases      ] GC(157) Reference Processing 0.094ms
[6426.669s][debug][gc,phases      ] GC(157)   VM Weak                        Min:  0.0, Avg:  0.0, Max:  0.0, Diff:  0.0, Sum:  0.0, Workers: 4
[6426.669s][debug][gc,phases      ] GC(157)     Dead                           Min: 0, Avg:  0.0, Max: 0, Diff: 0, Sum: 0, Workers: 4
[6426.669s][debug][gc,phases      ] GC(157)     Total                          Min: 0, Avg: 247.2, Max: 576, Diff: 576, Sum: 989, Workers: 4
[6426.669s][debug][gc,phases      ] GC(157)   ObjectSynchronizer Weak        Min:  0.0, Avg:  0.0, Max:  0.0, Diff:  0.0, Sum:  0.0, Workers: 4
[6426.669s][debug][gc,phases      ] GC(157)     Dead                           Min: 0, Avg:  0.0, Max: 0, Diff: 0, Sum: 0, Workers: 4
[6426.669s][debug][gc,phases      ] GC(157)     Total                          Min: 0, Avg:  1.0, Max: 4, Diff: 4, Sum: 4, Workers: 4
[6426.669s][debug][gc,phases      ] GC(157)   JVMTI Tag Weak OopStorage      Min:  0.0, Avg:  0.0, Max:  0.0, Diff:  0.0, Sum:  0.0, Workers: 4
[6426.669s][debug][gc,phases      ] GC(157)     Dead                           Min: 0, Avg:  0.0, Max: 0, Diff: 0, Sum: 0, Workers: 4
[6426.669s][debug][gc,phases      ] GC(157)     Total                          Min: 0, Avg:  0.0, Max: 0, Diff: 0, Sum: 0, Workers: 4
[6426.669s][debug][gc,phases      ] GC(157)   StringTable Weak               Min:  0.0, Avg:  0.1, Max:  0.1, Diff:  0.1, Sum:  0.4, Workers: 4
[6426.669s][debug][gc,phases      ] GC(157)     Dead                           Min: 0, Avg:  0.0, Max: 0, Diff: 0, Sum: 0, Workers: 4
[6426.669s][debug][gc,phases      ] GC(157)     Total                          Min: 0, Avg: 11952.5, Max: 21570, Diff: 21570, Sum: 47810, Workers: 4
[6426.669s][debug][gc,phases      ] GC(157)   ResolvedMethodTable Weak       Min:  0.0, Avg:  0.0, Max:  0.0, Diff:  0.0, Sum:  0.1, Workers: 4
[6426.669s][debug][gc,phases      ] GC(157)     Dead                           Min: 0, Avg:  4.0, Max: 16, Diff: 16, Sum: 16, Workers: 4
[6426.669s][debug][gc,phases      ] GC(157)     Total                          Min: 0, Avg: 3898.0, Max: 6916, Diff: 6916, Sum: 15592, Workers: 4
[6426.669s][debug][gc,phases      ] GC(157)   JNI Weak                       Min:  0.0, Avg:  0.0, Max:  0.0, Diff:  0.0, Sum:  0.0, Workers: 4
[6426.669s][debug][gc,phases      ] GC(157)     Dead                           Min: 0, Avg:  0.0, Max: 0, Diff: 0, Sum: 0, Workers: 4
[6426.669s][debug][gc,phases      ] GC(157)     Total                          Min: 0, Avg: 13.0, Max: 52, Diff: 52, Sum: 52, Workers: 4
[6426.669s][debug][gc,phases      ] GC(157)   StringDedup Table Weak         Min:  0.0, Avg:  0.0, Max:  0.0, Diff:  0.0, Sum:  0.0, Workers: 4
[6426.669s][debug][gc,phases      ] GC(157)     Dead                           Min: 0, Avg:  0.0, Max: 0, Diff: 0, Sum: 0, Workers: 4
[6426.669s][debug][gc,phases      ] GC(157)     Total                          Min: 0, Avg:  0.0, Max: 0, Diff: 0, Sum: 0, Workers: 4
[6426.669s][debug][gc,phases      ] GC(157)   StringDedup Requests0 Weak     Min:  0.0, Avg:  0.0, Max:  0.0, Diff:  0.0, Sum:  0.0, Workers: 4
[6426.669s][debug][gc,phases      ] GC(157)     Dead                           Min: 0, Avg:  0.0, Max: 0, Diff: 0, Sum: 0, Workers: 4
[6426.669s][debug][gc,phases      ] GC(157)     Total                          Min: 0, Avg:  0.0, Max: 0, Diff: 0, Sum: 0, Workers: 4
[6426.669s][debug][gc,phases      ] GC(157)   StringDedup Requests1 Weak     Min:  0.0, Avg:  0.0, Max:  0.0, Diff:  0.0, Sum:  0.0, Workers: 4
[6426.669s][debug][gc,phases      ] GC(157)     Dead                           Min: 0, Avg:  0.0, Max: 0, Diff: 0, Sum: 0, Workers: 4
[6426.669s][debug][gc,phases      ] GC(157)     Total                          Min: 0, Avg:  0.0, Max: 0, Diff: 0, Sum: 0, Workers: 4
[6426.669s][debug][gc,phases      ] GC(157)   Weak JFR Old Object Samples    Min:  0.0, Avg:  0.0, Max:  0.0, Diff:  0.0, Sum:  0.0, Workers: 4
[6426.669s][debug][gc,phases      ] GC(157)     Dead                           Min: 0, Avg:  0.0, Max: 0, Diff: 0, Sum: 0, Workers: 4
[6426.669s][debug][gc,phases      ] GC(157)     Total                          Min: 0, Avg:  0.0, Max: 0, Diff: 0, Sum: 0, Workers: 4
[6426.669s][debug][gc,phases      ] GC(157) Weak Processing 0.355ms
[6426.669s][debug][gc,age         ] GC(157) Desired survivor size 5767168 bytes, new threshold 1 (max threshold 15)
[6426.669s][info ][gc,heap        ] GC(157) PSYoungGen: 2087680K(2091008K)->3184K(2091520K) Eden: 2084864K(2084864K)->0K(2085888K) From: 2816K(6144K)->3184K(5632K)
[6426.669s][info ][gc,heap        ] GC(157) ParOldGen: 513503K(570368K)->514275K(570368K)
[6426.669s][info ][gc,metaspace   ] GC(157) Metaspace: 110929K(112320K)->110929K(112320K) NonClass: 94396K(95168K)->94396K(95168K) Class: 16533K(17152K)->16533K(17152K)
[6426.669s][info ][gc             ] GC(157) Pause Young (Allocation Failure) 2540M->505M(2599M) 3.839ms
[6426.669s][info ][gc,cpu         ] GC(157) User=0.01s Sys=0.00s Real=0.00s
[6426.669s][info ][safepoint      ] Safepoint "ParallelGCFailedAllocation", Time since last: 2573781218 ns, Reaching safepoint: 5600 ns, Cleanup: 4500 ns, At safepoint: 3920334 ns, Total: 3930434 ns
[6432.669s][info ][safepoint      ] Safepoint "Cleanup", Time since last: 6000425380 ns, Reaching safepoint: 77001 ns, Cleanup: 10900 ns, At safepoint: 6900 ns, Total: 94801 ns
[6439.670s][info ][safepoint      ] Safepoint "Cleanup", Time since last: 7000536552 ns, Reaching safepoint: 80201 ns, Cleanup: 9700 ns, At safepoint: 7500 ns, Total: 97401 ns
[6459.671s][info ][safepoint      ] Safepoint "Cleanup", Time since last: 20001495891 ns, Reaching safepoint: 5500 ns, Cleanup: 8600 ns, At safepoint: 1900 ns, Total: 16000 ns
[6469.740s][info ][gc,start       ] GC(158) Pause Young (Allocation Failure)
[6469.743s][debug][gc,phases      ] GC(158) Scavenge 3.224ms
[6469.743s][debug][gc,ref         ] GC(158) Skipped SoftWeakFinalRefsPhase of Reference Processing: no references
[6469.743s][debug][gc,ref         ] GC(158) Skipped KeepAliveFinalRefsPhase of Reference Processing: no references
[6469.744s][debug][gc,ref         ] GC(158) ReferenceProcessor::execute queues: 1, RefProcThreadModel::Single, marks_oops_alive: false
[6469.744s][debug][gc,phases      ] GC(158) Reference Processing 0.109ms
[6469.744s][debug][gc,phases      ] GC(158)   VM Weak                        Min:  0.0, Avg:  0.0, Max:  0.0, Diff:  0.0, Sum:  0.0, Workers: 4
[6469.744s][debug][gc,phases      ] GC(158)     Dead                           Min: 0, Avg:  0.0, Max: 0, Diff: 0, Sum: 0, Workers: 4
[6469.744s][debug][gc,phases      ] GC(158)     Total                          Min: 0, Avg: 247.2, Max: 640, Diff: 640, Sum: 989, Workers: 4
[6469.744s][debug][gc,phases      ] GC(158)   ObjectSynchronizer Weak        Min:  0.0, Avg:  0.0, Max:  0.0, Diff:  0.0, Sum:  0.0, Workers: 4
[6469.744s][debug][gc,phases      ] GC(158)     Dead                           Min: 0, Avg:  0.0, Max: 0, Diff: 0, Sum: 0, Workers: 4
[6469.744s][debug][gc,phases      ] GC(158)     Total                          Min: 0, Avg:  1.0, Max: 4, Diff: 4, Sum: 4, Workers: 4
[6469.744s][debug][gc,phases      ] GC(158)   JVMTI Tag Weak OopStorage      Min:  0.0, Avg:  0.0, Max:  0.0, Diff:  0.0, Sum:  0.0, Workers: 4
[6469.744s][debug][gc,phases      ] GC(158)     Dead                           Min: 0, Avg:  0.0, Max: 0, Diff: 0, Sum: 0, Workers: 4
[6469.744s][debug][gc,phases      ] GC(158)     Total                          Min: 0, Avg:  0.0, Max: 0, Diff: 0, Sum: 0, Workers: 4
[6469.744s][debug][gc,phases      ] GC(158)   StringTable Weak               Min:  0.0, Avg:  0.1, Max:  0.2, Diff:  0.2, Sum:  0.5, Workers: 4
[6469.744s][debug][gc,phases      ] GC(158)     Dead                           Min: 0, Avg:  0.0, Max: 0, Diff: 0, Sum: 0, Workers: 4
[6469.744s][debug][gc,phases      ] GC(158)     Total                          Min: 0, Avg: 11952.5, Max: 17280, Diff: 17280, Sum: 47810, Workers: 4
[6469.744s][debug][gc,phases      ] GC(158)   ResolvedMethodTable Weak       Min:  0.0, Avg:  0.0, Max:  0.1, Diff:  0.1, Sum:  0.2, Workers: 4
[6469.744s][debug][gc,phases      ] GC(158)     Dead                           Min: 0, Avg:  4.0, Max: 16, Diff: 16, Sum: 16, Workers: 4
[6469.744s][debug][gc,phases      ] GC(158)     Total                          Min: 0, Avg: 3898.0, Max: 5326, Diff: 5326, Sum: 15592, Workers: 4
[6469.744s][debug][gc,phases      ] GC(158)   JNI Weak                       Min:  0.0, Avg:  0.0, Max:  0.0, Diff:  0.0, Sum:  0.0, Workers: 4
[6469.744s][debug][gc,phases      ] GC(158)     Dead                           Min: 0, Avg:  0.0, Max: 0, Diff: 0, Sum: 0, Workers: 4
[6469.744s][debug][gc,phases      ] GC(158)     Total                          Min: 0, Avg: 13.0, Max: 52, Diff: 52, Sum: 52, Workers: 4
[6469.744s][debug][gc,phases      ] GC(158)   StringDedup Table Weak         Min:  0.0, Avg:  0.0, Max:  0.0, Diff:  0.0, Sum:  0.0, Workers: 4
[6469.744s][debug][gc,phases      ] GC(158)     Dead                           Min: 0, Avg:  0.0, Max: 0, Diff: 0, Sum: 0, Workers: 4
[6469.744s][debug][gc,phases      ] GC(158)     Total                          Min: 0, Avg:  0.0, Max: 0, Diff: 0, Sum: 0, Workers: 4
[6469.744s][debug][gc,phases      ] GC(158)   StringDedup Requests0 Weak     Min:  0.0, Avg:  0.0, Max:  0.0, Diff:  0.0, Sum:  0.0, Workers: 4
[6469.744s][debug][gc,phases      ] GC(158)     Dead                           Min: 0, Avg:  0.0, Max: 0, Diff: 0, Sum: 0, Workers: 4
[6469.744s][debug][gc,phases      ] GC(158)     Total                          Min: 0, Avg:  0.0, Max: 0, Diff: 0, Sum: 0, Workers: 4
[6469.744s][debug][gc,phases      ] GC(158)   StringDedup Requests1 Weak     Min:  0.0, Avg:  0.0, Max:  0.0, Diff:  0.0, Sum:  0.0, Workers: 4
[6469.744s][debug][gc,phases      ] GC(158)     Dead                           Min: 0, Avg:  0.0, Max: 0, Diff: 0, Sum: 0, Workers: 4
[6469.744s][debug][gc,phases      ] GC(158)     Total                          Min: 0, Avg:  0.0, Max: 0, Diff: 0, Sum: 0, Workers: 4
[6469.744s][debug][gc,phases      ] GC(158)   Weak JFR Old Object Samples    Min:  0.0, Avg:  0.0, Max:  0.0, Diff:  0.0, Sum:  0.0, Workers: 4
[6469.744s][debug][gc,phases      ] GC(158)     Dead                           Min: 0, Avg:  0.0, Max: 0, Diff: 0, Sum: 0, Workers: 4
[6469.744s][debug][gc,phases      ] GC(158)     Total                          Min: 0, Avg:  0.0, Max: 0, Diff: 0, Sum: 0, Workers: 4
[6469.744s][debug][gc,phases      ] GC(158) Weak Processing 0.397ms
[6469.744s][debug][gc,age         ] GC(158) Desired survivor size 5767168 bytes, new threshold 1 (max threshold 15)
[6469.744s][info ][gc,heap        ] GC(158) PSYoungGen: 2089072K(2091520K)->2608K(2091520K) Eden: 2085888K(2085888K)->0K(2085888K) From: 3184K(5632K)->2608K(5632K)
[6469.744s][info ][gc,heap        ] GC(158) ParOldGen: 514275K(570368K)->515619K(570368K)
[6469.744s][info ][gc,metaspace   ] GC(158) Metaspace: 110932K(112320K)->110932K(112320K) NonClass: 94399K(95168K)->94399K(95168K) Class: 16533K(17152K)->16533K(17152K)
[6469.744s][info ][gc             ] GC(158) Pause Young (Allocation Failure) 2542M->506M(2599M) 3.833ms
[6469.744s][info ][gc,cpu         ] GC(158) User=0.02s Sys=0.00s Real=0.00s
[6469.744s][info ][safepoint      ] Safepoint "ParallelGCFailedAllocation", Time since last: 10068678037 ns, Reaching safepoint: 5300 ns, Cleanup: 3800 ns, At safepoint: 3896434 ns, Total: 3905534 ns
[6472.744s][info ][safepoint      ] Safepoint "Cleanup", Time since last: 3000222733 ns, Reaching safepoint: 5000 ns, Cleanup: 6900 ns, At safepoint: 2100 ns, Total: 14000 ns
[6473.744s][info ][safepoint      ] Safepoint "Cleanup", Time since last: 1000108616 ns, Reaching safepoint: 5600 ns, Cleanup: 9600 ns, At safepoint: 2900 ns, Total: 18100 ns
[6481.745s][info ][safepoint      ] Safepoint "Cleanup", Time since last: 8000592379 ns, Reaching safepoint: 5400 ns, Cleanup: 9800 ns, At safepoint: 1800 ns, Total: 17000 ns
[6505.110s][info ][safepoint      ] Safepoint "Cleanup", Time since last: 23364760748 ns, Reaching safepoint: 5800 ns, Cleanup: 9700 ns, At safepoint: 2800 ns, Total: 18300 ns
[6511.877s][info ][gc,start       ] GC(159) Pause Young (Allocation Failure)
[6511.879s][debug][gc,phases      ] GC(159) Scavenge 2.595ms
[6511.879s][debug][gc,ref         ] GC(159) Skipped SoftWeakFinalRefsPhase of Reference Processing: no references
[6511.879s][debug][gc,ref         ] GC(159) Skipped KeepAliveFinalRefsPhase of Reference Processing: no references
[6511.879s][debug][gc,ref         ] GC(159) Skipped PhantomRefsPhase of Reference Processing: no references
[6511.879s][debug][gc,phases      ] GC(159) Reference Processing 0.022ms
[6511.880s][debug][gc,phases      ] GC(159)   VM Weak                        Min:  0.0, Avg:  0.0, Max:  0.0, Diff:  0.0, Sum:  0.0, Workers: 4
[6511.880s][debug][gc,phases      ] GC(159)     Dead                           Min: 0, Avg:  0.0, Max: 0, Diff: 0, Sum: 0, Workers: 4
[6511.880s][debug][gc,phases      ] GC(159)     Total                          Min: 0, Avg: 247.2, Max: 704, Diff: 704, Sum: 989, Workers: 4
[6511.880s][debug][gc,phases      ] GC(159)   ObjectSynchronizer Weak        Min:  0.0, Avg:  0.0, Max:  0.0, Diff:  0.0, Sum:  0.0, Workers: 4
[6511.880s][debug][gc,phases      ] GC(159)     Dead                           Min: 0, Avg:  0.0, Max: 0, Diff: 0, Sum: 0, Workers: 4
[6511.880s][debug][gc,phases      ] GC(159)     Total                          Min: 0, Avg:  0.8, Max: 3, Diff: 3, Sum: 3, Workers: 4
[6511.880s][debug][gc,phases      ] GC(159)   JVMTI Tag Weak OopStorage      Min:  0.0, Avg:  0.0, Max:  0.0, Diff:  0.0, Sum:  0.0, Workers: 4
[6511.880s][debug][gc,phases      ] GC(159)     Dead                           Min: 0, Avg:  0.0, Max: 0, Diff: 0, Sum: 0, Workers: 4
[6511.880s][debug][gc,phases      ] GC(159)     Total                          Min: 0, Avg:  0.0, Max: 0, Diff: 0, Sum: 0, Workers: 4
[6511.880s][debug][gc,phases      ] GC(159)   StringTable Weak               Min:  0.0, Avg:  0.1, Max:  0.1, Diff:  0.1, Sum:  0.4, Workers: 4
[6511.880s][debug][gc,phases      ] GC(159)     Dead                           Min: 0, Avg:  0.0, Max: 0, Diff: 0, Sum: 0, Workers: 4
[6511.880s][debug][gc,phases      ] GC(159)     Total                          Min: 0, Avg: 11952.5, Max: 20482, Diff: 20482, Sum: 47810, Workers: 4
[6511.880s][debug][gc,phases      ] GC(159)   ResolvedMethodTable Weak       Min:  0.0, Avg:  0.0, Max:  0.1, Diff:  0.1, Sum:  0.2, Workers: 4
[6511.880s][debug][gc,phases      ] GC(159)     Dead                           Min: 0, Avg:  4.0, Max: 16, Diff: 16, Sum: 16, Workers: 4
[6511.880s][debug][gc,phases      ] GC(159)     Total                          Min: 0, Avg: 3898.0, Max: 6565, Diff: 6565, Sum: 15592, Workers: 4
[6511.880s][debug][gc,phases      ] GC(159)   JNI Weak                       Min:  0.0, Avg:  0.0, Max:  0.0, Diff:  0.0, Sum:  0.0, Workers: 4
[6511.880s][debug][gc,phases      ] GC(159)     Dead                           Min: 0, Avg:  0.0, Max: 0, Diff: 0, Sum: 0, Workers: 4
[6511.880s][debug][gc,phases      ] GC(159)     Total                          Min: 0, Avg: 13.0, Max: 52, Diff: 52, Sum: 52, Workers: 4
[6511.880s][debug][gc,phases      ] GC(159)   StringDedup Table Weak         Min:  0.0, Avg:  0.0, Max:  0.0, Diff:  0.0, Sum:  0.0, Workers: 4
[6511.880s][debug][gc,phases      ] GC(159)     Dead                           Min: 0, Avg:  0.0, Max: 0, Diff: 0, Sum: 0, Workers: 4
[6511.880s][debug][gc,phases      ] GC(159)     Total                          Min: 0, Avg:  0.0, Max: 0, Diff: 0, Sum: 0, Workers: 4
[6511.880s][debug][gc,phases      ] GC(159)   StringDedup Requests0 Weak     Min:  0.0, Avg:  0.0, Max:  0.0, Diff:  0.0, Sum:  0.0, Workers: 4
[6511.880s][debug][gc,phases      ] GC(159)     Dead                           Min: 0, Avg:  0.0, Max: 0, Diff: 0, Sum: 0, Workers: 4
[6511.880s][debug][gc,phases      ] GC(159)     Total                          Min: 0, Avg:  0.0, Max: 0, Diff: 0, Sum: 0, Workers: 4
[6511.880s][debug][gc,phases      ] GC(159)   StringDedup Requests1 Weak     Min:  0.0, Avg:  0.0, Max:  0.0, Diff:  0.0, Sum:  0.0, Workers: 4
[6511.880s][debug][gc,phases      ] GC(159)     Dead                           Min: 0, Avg:  0.0, Max: 0, Diff: 0, Sum: 0, Workers: 4
[6511.880s][debug][gc,phases      ] GC(159)     Total                          Min: 0, Avg:  0.0, Max: 0, Diff: 0, Sum: 0, Workers: 4
[6511.880s][debug][gc,phases      ] GC(159)   Weak JFR Old Object Samples    Min:  0.0, Avg:  0.0, Max:  0.0, Diff:  0.0, Sum:  0.0, Workers: 4
[6511.880s][debug][gc,phases      ] GC(159)     Dead                           Min: 0, Avg:  0.0, Max: 0, Diff: 0, Sum: 0, Workers: 4
[6511.880s][debug][gc,phases      ] GC(159)     Total                          Min: 0, Avg:  0.0, Max: 0, Diff: 0, Sum: 0, Workers: 4
[6511.880s][debug][gc,phases      ] GC(159) Weak Processing 0.417ms
[6511.880s][debug][gc,age         ] GC(159) Desired survivor size 5767168 bytes, new threshold 1 (max threshold 15)
[6511.880s][info ][gc,heap        ] GC(159) PSYoungGen: 2088496K(2091520K)->2608K(2091520K) Eden: 2085888K(2085888K)->0K(2085888K) From: 2608K(5632K)->2608K(5632K)
[6511.880s][info ][gc,heap        ] GC(159) ParOldGen: 515619K(570368K)->516940K(570368K)
[6511.880s][info ][gc,metaspace   ] GC(159) Metaspace: 110932K(112320K)->110932K(112320K) NonClass: 94399K(95168K)->94399K(95168K) Class: 16533K(17152K)->16533K(17152K)
[6511.880s][info ][gc             ] GC(159) Pause Young (Allocation Failure) 2543M->507M(2599M) 3.146ms
[6511.880s][info ][gc,cpu         ] GC(159) User=0.01s Sys=0.00s Real=0.01s
[6511.880s][info ][safepoint      ] Safepoint "ParallelGCFailedAllocation", Time since last: 6766918660 ns, Reaching safepoint: 5500 ns, Cleanup: 4100 ns, At safepoint: 3232429 ns, Total: 3242029 ns
[6529.881s][info ][safepoint      ] Safepoint "Cleanup", Time since last: 18001277879 ns, Reaching safepoint: 5800 ns, Cleanup: 9200 ns, At safepoint: 2000 ns, Total: 17000 ns
[6534.882s][info ][safepoint      ] Safepoint "Cleanup", Time since last: 5000412088 ns, Reaching safepoint: 5200 ns, Cleanup: 8300 ns, At safepoint: 1900 ns, Total: 15400 ns
[6536.882s][info ][safepoint      ] Safepoint "Cleanup", Time since last: 2000171724 ns, Reaching safepoint: 5200 ns, Cleanup: 9400 ns, At safepoint: 1600 ns, Total: 16200 ns
[6553.757s][info ][gc,start       ] GC(160) Pause Young (Allocation Failure)
[6553.760s][debug][gc,phases      ] GC(160) Scavenge 2.979ms
[6553.760s][debug][gc,ref         ] GC(160) Skipped SoftWeakFinalRefsPhase of Reference Processing: no references
[6553.760s][debug][gc,ref         ] GC(160) Skipped KeepAliveFinalRefsPhase of Reference Processing: no references
[6553.760s][debug][gc,ref         ] GC(160) Skipped PhantomRefsPhase of Reference Processing: no references
[6553.760s][debug][gc,phases      ] GC(160) Reference Processing 0.031ms
[6553.760s][debug][gc,phases      ] GC(160)   VM Weak                        Min:  0.0, Avg:  0.0, Max:  0.0, Diff:  0.0, Sum:  0.0, Workers: 4
[6553.760s][debug][gc,phases      ] GC(160)     Dead                           Min: 0, Avg:  0.0, Max: 0, Diff: 0, Sum: 0, Workers: 4
[6553.761s][debug][gc,phases      ] GC(160)     Total                          Min: 0, Avg: 247.2, Max: 832, Diff: 832, Sum: 989, Workers: 4
[6553.761s][debug][gc,phases      ] GC(160)   ObjectSynchronizer Weak        Min:  0.0, Avg:  0.0, Max:  0.0, Diff:  0.0, Sum:  0.0, Workers: 4
[6553.761s][debug][gc,phases      ] GC(160)     Dead                           Min: 0, Avg:  0.0, Max: 0, Diff: 0, Sum: 0, Workers: 4
[6553.761s][debug][gc,phases      ] GC(160)     Total                          Min: 0, Avg:  0.8, Max: 3, Diff: 3, Sum: 3, Workers: 4
[6553.761s][debug][gc,phases      ] GC(160)   JVMTI Tag Weak OopStorage      Min:  0.0, Avg:  0.0, Max:  0.0, Diff:  0.0, Sum:  0.0, Workers: 4
[6553.761s][debug][gc,phases      ] GC(160)     Dead                           Min: 0, Avg:  0.0, Max: 0, Diff: 0, Sum: 0, Workers: 4
[6553.761s][debug][gc,phases      ] GC(160)     Total                          Min: 0, Avg:  0.0, Max: 0, Diff: 0, Sum: 0, Workers: 4
[6553.761s][debug][gc,phases      ] GC(160)   StringTable Weak               Min:  0.0, Avg:  0.1, Max:  0.2, Diff:  0.2, Sum:  0.4, Workers: 4
[6553.761s][debug][gc,phases      ] GC(160)     Dead                           Min: 0, Avg:  0.0, Max: 0, Diff: 0, Sum: 0, Workers: 4
[6553.761s][debug][gc,phases      ] GC(160)     Total                          Min: 0, Avg: 11952.5, Max: 20610, Diff: 20610, Sum: 47810, Workers: 4
[6553.761s][debug][gc,phases      ] GC(160)   ResolvedMethodTable Weak       Min:  0.0, Avg:  0.0, Max:  0.0, Diff:  0.0, Sum:  0.2, Workers: 4
[6553.761s][debug][gc,phases      ] GC(160)     Dead                           Min: 0, Avg:  4.0, Max: 16, Diff: 16, Sum: 16, Workers: 4
[6553.761s][debug][gc,phases      ] GC(160)     Total                          Min: 3658, Avg: 3898.0, Max: 4304, Diff: 646, Sum: 15592, Workers: 4
[6553.761s][debug][gc,phases      ] GC(160)   JNI Weak                       Min:  0.0, Avg:  0.0, Max:  0.0, Diff:  0.0, Sum:  0.0, Workers: 4
[6553.761s][debug][gc,phases      ] GC(160)     Dead                           Min: 0, Avg:  0.0, Max: 0, Diff: 0, Sum: 0, Workers: 4
[6553.761s][debug][gc,phases      ] GC(160)     Total                          Min: 0, Avg: 13.0, Max: 52, Diff: 52, Sum: 52, Workers: 4
[6553.761s][debug][gc,phases      ] GC(160)   StringDedup Table Weak         Min:  0.0, Avg:  0.0, Max:  0.0, Diff:  0.0, Sum:  0.0, Workers: 4
[6553.761s][debug][gc,phases      ] GC(160)     Dead                           Min: 0, Avg:  0.0, Max: 0, Diff: 0, Sum: 0, Workers: 4
[6553.761s][debug][gc,phases      ] GC(160)     Total                          Min: 0, Avg:  0.0, Max: 0, Diff: 0, Sum: 0, Workers: 4
[6553.761s][debug][gc,phases      ] GC(160)   StringDedup Requests0 Weak     Min:  0.0, Avg:  0.0, Max:  0.0, Diff:  0.0, Sum:  0.0, Workers: 4
[6553.761s][debug][gc,phases      ] GC(160)     Dead                           Min: 0, Avg:  0.0, Max: 0, Diff: 0, Sum: 0, Workers: 4
[6553.761s][debug][gc,phases      ] GC(160)     Total                          Min: 0, Avg:  0.0, Max: 0, Diff: 0, Sum: 0, Workers: 4
[6553.761s][debug][gc,phases      ] GC(160)   StringDedup Requests1 Weak     Min:  0.0, Avg:  0.0, Max:  0.0, Diff:  0.0, Sum:  0.0, Workers: 4
[6553.761s][debug][gc,phases      ] GC(160)     Dead                           Min: 0, Avg:  0.0, Max: 0, Diff: 0, Sum: 0, Workers: 4
[6553.761s][debug][gc,phases      ] GC(160)     Total                          Min: 0, Avg:  0.0, Max: 0, Diff: 0, Sum: 0, Workers: 4
[6553.761s][debug][gc,phases      ] GC(160)   Weak JFR Old Object Samples    Min:  0.0, Avg:  0.0, Max:  0.0, Diff:  0.0, Sum:  0.0, Workers: 4
[6553.761s][debug][gc,phases      ] GC(160)     Dead                           Min: 0, Avg:  0.0, Max: 0, Diff: 0, Sum: 0, Workers: 4
[6553.761s][debug][gc,phases      ] GC(160)     Total                          Min: 0, Avg:  0.0, Max: 0, Diff: 0, Sum: 0, Workers: 4
[6553.761s][debug][gc,phases      ] GC(160) Weak Processing 0.426ms
[6553.761s][debug][gc,age         ] GC(160) Desired survivor size 5242880 bytes, new threshold 1 (max threshold 15)
[6553.761s][info ][gc,heap        ] GC(160) PSYoungGen: 2088496K(2091520K)->3072K(2091520K) Eden: 2085888K(2085888K)->0K(2085888K) From: 2608K(5632K)->3072K(5632K)
[6553.761s][info ][gc,heap        ] GC(160) ParOldGen: 516940K(570368K)->517692K(570368K)
[6553.761s][info ][gc,metaspace   ] GC(160) Metaspace: 110932K(112320K)->110932K(112320K) NonClass: 94399K(95168K)->94399K(95168K) Class: 16533K(17152K)->16533K(17152K)
[6553.761s][info ][gc             ] GC(160) Pause Young (Allocation Failure) 2544M->508M(2599M) 3.550ms
[6553.761s][info ][gc,cpu         ] GC(160) User=0.01s Sys=0.00s Real=0.01s
[6553.761s][info ][safepoint      ] Safepoint "ParallelGCFailedAllocation", Time since last: 16875279388 ns, Reaching safepoint: 5500 ns, Cleanup: 4100 ns, At safepoint: 3632531 ns, Total: 3642131 ns
[6565.762s][info ][safepoint      ] Safepoint "Cleanup", Time since last: 12000870903 ns, Reaching safepoint: 4901 ns, Cleanup: 7800 ns, At safepoint: 1700 ns, Total: 14401 ns
[6586.763s][info ][safepoint      ] Safepoint "Cleanup", Time since last: 21001642912 ns, Reaching safepoint: 5800 ns, Cleanup: 9400 ns, At safepoint: 27401 ns, Total: 42601 ns
[6597.193s][info ][gc,start       ] GC(161) Pause Young (Allocation Failure)
[6597.195s][debug][gc,phases      ] GC(161) Scavenge 2.390ms
[6597.195s][debug][gc,ref         ] GC(161) Skipped SoftWeakFinalRefsPhase of Reference Processing: no references
[6597.195s][debug][gc,ref         ] GC(161) Skipped KeepAliveFinalRefsPhase of Reference Processing: no references
[6597.195s][debug][gc,ref         ] GC(161) Skipped PhantomRefsPhase of Reference Processing: no references
[6597.195s][debug][gc,phases      ] GC(161) Reference Processing 0.031ms
[6597.195s][debug][gc,phases      ] GC(161)   VM Weak                        Min:  0.0, Avg:  0.0, Max:  0.0, Diff:  0.0, Sum:  0.0, Workers: 4
[6597.195s][debug][gc,phases      ] GC(161)     Dead                           Min: 0, Avg:  0.0, Max: 0, Diff: 0, Sum: 0, Workers: 4
[6597.195s][debug][gc,phases      ] GC(161)     Total                          Min: 0, Avg: 247.2, Max: 605, Diff: 605, Sum: 989, Workers: 4
[6597.195s][debug][gc,phases      ] GC(161)   ObjectSynchronizer Weak        Min:  0.0, Avg:  0.0, Max:  0.0, Diff:  0.0, Sum:  0.0, Workers: 4
[6597.195s][debug][gc,phases      ] GC(161)     Dead                           Min: 0, Avg:  0.0, Max: 0, Diff: 0, Sum: 0, Workers: 4
[6597.195s][debug][gc,phases      ] GC(161)     Total                          Min: 0, Avg:  0.8, Max: 3, Diff: 3, Sum: 3, Workers: 4
[6597.195s][debug][gc,phases      ] GC(161)   JVMTI Tag Weak OopStorage      Min:  0.0, Avg:  0.0, Max:  0.0, Diff:  0.0, Sum:  0.0, Workers: 4
[6597.195s][debug][gc,phases      ] GC(161)     Dead                           Min: 0, Avg:  0.0, Max: 0, Diff: 0, Sum: 0, Workers: 4
[6597.195s][debug][gc,phases      ] GC(161)     Total                          Min: 0, Avg:  0.0, Max: 0, Diff: 0, Sum: 0, Workers: 4
[6597.195s][debug][gc,phases      ] GC(161)   StringTable Weak               Min:  0.0, Avg:  0.1, Max:  0.1, Diff:  0.1, Sum:  0.4, Workers: 4
[6597.195s][debug][gc,phases      ] GC(161)     Dead                           Min: 0, Avg:  0.0, Max: 0, Diff: 0, Sum: 0, Workers: 4
[6597.195s][debug][gc,phases      ] GC(161)     Total                          Min: 0, Avg: 11952.5, Max: 21632, Diff: 21632, Sum: 47810, Workers: 4
[6597.195s][debug][gc,phases      ] GC(161)   ResolvedMethodTable Weak       Min:  0.0, Avg:  0.0, Max:  0.0, Diff:  0.0, Sum:  0.1, Workers: 4
[6597.195s][debug][gc,phases      ] GC(161)     Dead                           Min: 0, Avg:  4.0, Max: 16, Diff: 16, Sum: 16, Workers: 4
[6597.195s][debug][gc,phases      ] GC(161)     Total                          Min: 0, Avg: 3898.0, Max: 6869, Diff: 6869, Sum: 15592, Workers: 4
[6597.195s][debug][gc,phases      ] GC(161)   JNI Weak                       Min:  0.0, Avg:  0.0, Max:  0.0, Diff:  0.0, Sum:  0.0, Workers: 4
[6597.195s][debug][gc,phases      ] GC(161)     Dead                           Min: 0, Avg:  0.0, Max: 0, Diff: 0, Sum: 0, Workers: 4
[6597.195s][debug][gc,phases      ] GC(161)     Total                          Min: 0, Avg: 13.0, Max: 52, Diff: 52, Sum: 52, Workers: 4
[6597.195s][debug][gc,phases      ] GC(161)   StringDedup Table Weak         Min:  0.0, Avg:  0.0, Max:  0.0, Diff:  0.0, Sum:  0.0, Workers: 4
[6597.195s][debug][gc,phases      ] GC(161)     Dead                           Min: 0, Avg:  0.0, Max: 0, Diff: 0, Sum: 0, Workers: 4
[6597.195s][debug][gc,phases      ] GC(161)     Total                          Min: 0, Avg:  0.0, Max: 0, Diff: 0, Sum: 0, Workers: 4
[6597.195s][debug][gc,phases      ] GC(161)   StringDedup Requests0 Weak     Min:  0.0, Avg:  0.0, Max:  0.0, Diff:  0.0, Sum:  0.0, Workers: 4
[6597.195s][debug][gc,phases      ] GC(161)     Dead                           Min: 0, Avg:  0.0, Max: 0, Diff: 0, Sum: 0, Workers: 4
[6597.195s][debug][gc,phases      ] GC(161)     Total                          Min: 0, Avg:  0.0, Max: 0, Diff: 0, Sum: 0, Workers: 4
[6597.195s][debug][gc,phases      ] GC(161)   StringDedup Requests1 Weak     Min:  0.0, Avg:  0.0, Max:  0.0, Diff:  0.0, Sum:  0.0, Workers: 4
[6597.195s][debug][gc,phases      ] GC(161)     Dead                           Min: 0, Avg:  0.0, Max: 0, Diff: 0, Sum: 0, Workers: 4
[6597.195s][debug][gc,phases      ] GC(161)     Total                          Min: 0, Avg:  0.0, Max: 0, Diff: 0, Sum: 0, Workers: 4
[6597.195s][debug][gc,phases      ] GC(161)   Weak JFR Old Object Samples    Min:  0.0, Avg:  0.0, Max:  0.0, Diff:  0.0, Sum:  0.0, Workers: 4
[6597.195s][debug][gc,phases      ] GC(161)     Dead                           Min: 0, Avg:  0.0, Max: 0, Diff: 0, Sum: 0, Workers: 4
[6597.195s][debug][gc,phases      ] GC(161)     Total                          Min: 0, Avg:  0.0, Max: 0, Diff: 0, Sum: 0, Workers: 4
[6597.195s][debug][gc,phases      ] GC(161) Weak Processing 0.353ms
[6597.195s][debug][gc,age         ] GC(161) Desired survivor size 5242880 bytes, new threshold 1 (max threshold 15)
[6597.195s][info ][gc,heap        ] GC(161) PSYoungGen: 2088960K(2091520K)->2752K(2092032K) Eden: 2085888K(2085888K)->0K(2086912K) From: 3072K(5632K)->2752K(5120K)
[6597.195s][info ][gc,heap        ] GC(161) ParOldGen: 517692K(570368K)->518980K(570368K)
[6597.195s][info ][gc,metaspace   ] GC(161) Metaspace: 110932K(112320K)->110932K(112320K) NonClass: 94399K(95168K)->94399K(95168K) Class: 16533K(17152K)->16533K(17152K)
[6597.195s][info ][gc             ] GC(161) Pause Young (Allocation Failure) 2545M->509M(2600M) 2.886ms
[6597.195s][info ][gc,cpu         ] GC(161) User=0.01s Sys=0.00s Real=0.00s
[6597.195s][info ][safepoint      ] Safepoint "ParallelGCFailedAllocation", Time since last: 10429191392 ns, Reaching safepoint: 5000 ns, Cleanup: 3800 ns, At safepoint: 2946426 ns, Total: 2955226 ns
[6609.196s][info ][safepoint      ] Safepoint "Cleanup", Time since last: 12000895370 ns, Reaching safepoint: 6200 ns, Cleanup: 9300 ns, At safepoint: 2300 ns, Total: 17800 ns
[6633.198s][info ][safepoint      ] Safepoint "Cleanup", Time since last: 24001726698 ns, Reaching safepoint: 5900 ns, Cleanup: 13900 ns, At safepoint: 1900 ns, Total: 21700 ns
[6636.198s][info ][safepoint      ] Safepoint "Cleanup", Time since last: 3000246131 ns, Reaching safepoint: 6100 ns, Cleanup: 9100 ns, At safepoint: 1700 ns, Total: 16900 ns
[6637.616s][info ][gc,start       ] GC(162) Pause Young (Allocation Failure)
[6637.619s][debug][gc,phases      ] GC(162) Scavenge 3.194ms
[6637.619s][debug][gc,ref         ] GC(162) Skipped SoftWeakFinalRefsPhase of Reference Processing: no references
[6637.619s][debug][gc,ref         ] GC(162) Skipped KeepAliveFinalRefsPhase of Reference Processing: no references
[6637.619s][debug][gc,ref         ] GC(162) ReferenceProcessor::execute queues: 1, RefProcThreadModel::Single, marks_oops_alive: false
[6637.619s][debug][gc,phases      ] GC(162) Reference Processing 0.096ms
[6637.619s][debug][gc,phases      ] GC(162)   VM Weak                        Min:  0.0, Avg:  0.0, Max:  0.0, Diff:  0.0, Sum:  0.0, Workers: 4
[6637.619s][debug][gc,phases      ] GC(162)     Dead                           Min: 0, Avg:  0.0, Max: 0, Diff: 0, Sum: 0, Workers: 4
[6637.619s][debug][gc,phases      ] GC(162)     Total                          Min: 0, Avg: 247.2, Max: 669, Diff: 669, Sum: 989, Workers: 4
[6637.619s][debug][gc,phases      ] GC(162)   ObjectSynchronizer Weak        Min:  0.0, Avg:  0.0, Max:  0.0, Diff:  0.0, Sum:  0.0, Workers: 4
[6637.619s][debug][gc,phases      ] GC(162)     Dead                           Min: 0, Avg:  0.0, Max: 0, Diff: 0, Sum: 0, Workers: 4
[6637.619s][debug][gc,phases      ] GC(162)     Total                          Min: 0, Avg:  1.0, Max: 4, Diff: 4, Sum: 4, Workers: 4
[6637.619s][debug][gc,phases      ] GC(162)   JVMTI Tag Weak OopStorage      Min:  0.0, Avg:  0.0, Max:  0.0, Diff:  0.0, Sum:  0.0, Workers: 4
[6637.619s][debug][gc,phases      ] GC(162)     Dead                           Min: 0, Avg:  0.0, Max: 0, Diff: 0, Sum: 0, Workers: 4
[6637.619s][debug][gc,phases      ] GC(162)     Total                          Min: 0, Avg:  0.0, Max: 0, Diff: 0, Sum: 0, Workers: 4
[6637.619s][debug][gc,phases      ] GC(162)   StringTable Weak               Min:  0.0, Avg:  0.1, Max:  0.1, Diff:  0.1, Sum:  0.4, Workers: 4
[6637.619s][debug][gc,phases      ] GC(162)     Dead                           Min: 0, Avg:  0.0, Max: 0, Diff: 0, Sum: 0, Workers: 4
[6637.619s][debug][gc,phases      ] GC(162)     Total                          Min: 0, Avg: 11952.5, Max: 20800, Diff: 20800, Sum: 47810, Workers: 4
[6637.619s][debug][gc,phases      ] GC(162)   ResolvedMethodTable Weak       Min:  0.0, Avg:  0.0, Max:  0.0, Diff:  0.0, Sum:  0.1, Workers: 4
[6637.619s][debug][gc,phases      ] GC(162)     Dead                           Min: 0, Avg:  4.0, Max: 16, Diff: 16, Sum: 16, Workers: 4
[6637.619s][debug][gc,phases      ] GC(162)     Total                          Min: 0, Avg: 3898.0, Max: 6774, Diff: 6774, Sum: 15592, Workers: 4
[6637.619s][debug][gc,phases      ] GC(162)   JNI Weak                       Min:  0.0, Avg:  0.0, Max:  0.0, Diff:  0.0, Sum:  0.0, Workers: 4
[6637.619s][debug][gc,phases      ] GC(162)     Dead                           Min: 0, Avg:  0.0, Max: 0, Diff: 0, Sum: 0, Workers: 4
[6637.619s][debug][gc,phases      ] GC(162)     Total                          Min: 0, Avg: 13.0, Max: 52, Diff: 52, Sum: 52, Workers: 4
[6637.619s][debug][gc,phases      ] GC(162)   StringDedup Table Weak         Min:  0.0, Avg:  0.0, Max:  0.0, Diff:  0.0, Sum:  0.0, Workers: 4
[6637.619s][debug][gc,phases      ] GC(162)     Dead                           Min: 0, Avg:  0.0, Max: 0, Diff: 0, Sum: 0, Workers: 4
[6637.619s][debug][gc,phases      ] GC(162)     Total                          Min: 0, Avg:  0.0, Max: 0, Diff: 0, Sum: 0, Workers: 4
[6637.619s][debug][gc,phases      ] GC(162)   StringDedup Requests0 Weak     Min:  0.0, Avg:  0.0, Max:  0.0, Diff:  0.0, Sum:  0.0, Workers: 4
[6637.619s][debug][gc,phases      ] GC(162)     Dead                           Min: 0, Avg:  0.0, Max: 0, Diff: 0, Sum: 0, Workers: 4
[6637.619s][debug][gc,phases      ] GC(162)     Total                          Min: 0, Avg:  0.0, Max: 0, Diff: 0, Sum: 0, Workers: 4
[6637.619s][debug][gc,phases      ] GC(162)   StringDedup Requests1 Weak     Min:  0.0, Avg:  0.0, Max:  0.0, Diff:  0.0, Sum:  0.0, Workers: 4
[6637.619s][debug][gc,phases      ] GC(162)     Dead                           Min: 0, Avg:  0.0, Max: 0, Diff: 0, Sum: 0, Workers: 4
[6637.619s][debug][gc,phases      ] GC(162)     Total                          Min: 0, Avg:  0.0, Max: 0, Diff: 0, Sum: 0, Workers: 4
[6637.619s][debug][gc,phases      ] GC(162)   Weak JFR Old Object Samples    Min:  0.0, Avg:  0.0, Max:  0.0, Diff:  0.0, Sum:  0.0, Workers: 4
[6637.619s][debug][gc,phases      ] GC(162)     Dead                           Min: 0, Avg:  0.0, Max: 0, Diff: 0, Sum: 0, Workers: 4
[6637.619s][debug][gc,phases      ] GC(162)     Total                          Min: 0, Avg:  0.0, Max: 0, Diff: 0, Sum: 0, Workers: 4
[6637.619s][debug][gc,phases      ] GC(162) Weak Processing 0.344ms
[6637.619s][debug][gc,age         ] GC(162) Desired survivor size 5242880 bytes, new threshold 1 (max threshold 15)
[6637.619s][info ][gc,heap        ] GC(162) PSYoungGen: 2089664K(2092032K)->3216K(2092032K) Eden: 2086912K(2086912K)->0K(2086912K) From: 2752K(5120K)->3216K(5120K)
[6637.619s][info ][gc,heap        ] GC(162) ParOldGen: 518980K(570368K)->519768K(570368K)
[6637.619s][info ][gc,metaspace   ] GC(162) Metaspace: 110944K(112320K)->110944K(112320K) NonClass: 94411K(95168K)->94411K(95168K) Class: 16533K(17152K)->16533K(17152K)
[6637.619s][info ][gc             ] GC(162) Pause Young (Allocation Failure) 2547M->510M(2600M) 3.736ms
[6637.619s][info ][gc,cpu         ] GC(162) User=0.01s Sys=0.00s Real=0.00s
[6637.619s][info ][safepoint      ] Safepoint "ParallelGCFailedAllocation", Time since last: 1417134043 ns, Reaching safepoint: 82301 ns, Cleanup: 4300 ns, At safepoint: 3804533 ns, Total: 3891134 ns
[6655.621s][info ][safepoint      ] Safepoint "Cleanup", Time since last: 18001315822 ns, Reaching safepoint: 85701 ns, Cleanup: 10100 ns, At safepoint: 7000 ns, Total: 102801 ns
[6673.160s][info ][safepoint      ] Safepoint "Cleanup", Time since last: 17538818107 ns, Reaching safepoint: 6800 ns, Cleanup: 12400 ns, At safepoint: 2600 ns, Total: 21800 ns
[6674.160s][info ][safepoint      ] Safepoint "Cleanup", Time since last: 1000146004 ns, Reaching safepoint: 6400 ns, Cleanup: 11200 ns, At safepoint: 19000 ns, Total: 36600 ns
[6678.615s][info ][gc,start       ] GC(163) Pause Young (Allocation Failure)
[6678.619s][debug][gc,phases      ] GC(163) Scavenge 3.585ms
[6678.619s][debug][gc,ref         ] GC(163) Skipped SoftWeakFinalRefsPhase of Reference Processing: no references
[6678.619s][debug][gc,ref         ] GC(163) Skipped KeepAliveFinalRefsPhase of Reference Processing: no references
[6678.619s][debug][gc,ref         ] GC(163) Skipped PhantomRefsPhase of Reference Processing: no references
[6678.619s][debug][gc,phases      ] GC(163) Reference Processing 0.021ms
[6678.619s][debug][gc,phases      ] GC(163)   VM Weak                        Min:  0.0, Avg:  0.0, Max:  0.0, Diff:  0.0, Sum:  0.0, Workers: 4
[6678.619s][debug][gc,phases      ] GC(163)     Dead                           Min: 0, Avg:  0.0, Max: 0, Diff: 0, Sum: 0, Workers: 4
[6678.619s][debug][gc,phases      ] GC(163)     Total                          Min: 0, Avg: 247.2, Max: 605, Diff: 605, Sum: 989, Workers: 4
[6678.619s][debug][gc,phases      ] GC(163)   ObjectSynchronizer Weak        Min:  0.0, Avg:  0.0, Max:  0.0, Diff:  0.0, Sum:  0.0, Workers: 4
[6678.619s][debug][gc,phases      ] GC(163)     Dead                           Min: 0, Avg:  0.0, Max: 0, Diff: 0, Sum: 0, Workers: 4
[6678.619s][debug][gc,phases      ] GC(163)     Total                          Min: 0, Avg:  1.0, Max: 4, Diff: 4, Sum: 4, Workers: 4
[6678.619s][debug][gc,phases      ] GC(163)   JVMTI Tag Weak OopStorage      Min:  0.0, Avg:  0.0, Max:  0.0, Diff:  0.0, Sum:  0.0, Workers: 4
[6678.619s][debug][gc,phases      ] GC(163)     Dead                           Min: 0, Avg:  0.0, Max: 0, Diff: 0, Sum: 0, Workers: 4
[6678.619s][debug][gc,phases      ] GC(163)     Total                          Min: 0, Avg:  0.0, Max: 0, Diff: 0, Sum: 0, Workers: 4
[6678.619s][debug][gc,phases      ] GC(163)   StringTable Weak               Min:  0.0, Avg:  0.1, Max:  0.1, Diff:  0.1, Sum:  0.4, Workers: 4
[6678.619s][debug][gc,phases      ] GC(163)     Dead                           Min: 0, Avg:  0.0, Max: 0, Diff: 0, Sum: 0, Workers: 4
[6678.619s][debug][gc,phases      ] GC(163)     Total                          Min: 0, Avg: 11952.5, Max: 20992, Diff: 20992, Sum: 47810, Workers: 4
[6678.619s][debug][gc,phases      ] GC(163)   ResolvedMethodTable Weak       Min:  0.0, Avg:  0.0, Max:  0.0, Diff:  0.0, Sum:  0.1, Workers: 4
[6678.619s][debug][gc,phases      ] GC(163)     Dead                           Min: 0, Avg:  4.0, Max: 16, Diff: 16, Sum: 16, Workers: 4
[6678.619s][debug][gc,phases      ] GC(163)     Total                          Min: 0, Avg: 3898.0, Max: 6931, Diff: 6931, Sum: 15592, Workers: 4
[6678.619s][debug][gc,phases      ] GC(163)   JNI Weak                       Min:  0.0, Avg:  0.0, Max:  0.0, Diff:  0.0, Sum:  0.0, Workers: 4
[6678.619s][debug][gc,phases      ] GC(163)     Dead                           Min: 0, Avg:  0.0, Max: 0, Diff: 0, Sum: 0, Workers: 4
[6678.619s][debug][gc,phases      ] GC(163)     Total                          Min: 0, Avg: 13.0, Max: 52, Diff: 52, Sum: 52, Workers: 4
[6678.619s][debug][gc,phases      ] GC(163)   StringDedup Table Weak         Min:  0.0, Avg:  0.0, Max:  0.0, Diff:  0.0, Sum:  0.0, Workers: 4
[6678.619s][debug][gc,phases      ] GC(163)     Dead                           Min: 0, Avg:  0.0, Max: 0, Diff: 0, Sum: 0, Workers: 4
[6678.619s][debug][gc,phases      ] GC(163)     Total                          Min: 0, Avg:  0.0, Max: 0, Diff: 0, Sum: 0, Workers: 4
[6678.619s][debug][gc,phases      ] GC(163)   StringDedup Requests0 Weak     Min:  0.0, Avg:  0.0, Max:  0.0, Diff:  0.0, Sum:  0.0, Workers: 4
[6678.619s][debug][gc,phases      ] GC(163)     Dead                           Min: 0, Avg:  0.0, Max: 0, Diff: 0, Sum: 0, Workers: 4
[6678.619s][debug][gc,phases      ] GC(163)     Total                          Min: 0, Avg:  0.0, Max: 0, Diff: 0, Sum: 0, Workers: 4
[6678.619s][debug][gc,phases      ] GC(163)   StringDedup Requests1 Weak     Min:  0.0, Avg:  0.0, Max:  0.0, Diff:  0.0, Sum:  0.0, Workers: 4
[6678.619s][debug][gc,phases      ] GC(163)     Dead                           Min: 0, Avg:  0.0, Max: 0, Diff: 0, Sum: 0, Workers: 4
[6678.619s][debug][gc,phases      ] GC(163)     Total                          Min: 0, Avg:  0.0, Max: 0, Diff: 0, Sum: 0, Workers: 4
[6678.619s][debug][gc,phases      ] GC(163)   Weak JFR Old Object Samples    Min:  0.0, Avg:  0.0, Max:  0.0, Diff:  0.0, Sum:  0.0, Workers: 4
[6678.619s][debug][gc,phases      ] GC(163)     Dead                           Min: 0, Avg:  0.0, Max: 0, Diff: 0, Sum: 0, Workers: 4
[6678.619s][debug][gc,phases      ] GC(163)     Total                          Min: 0, Avg:  0.0, Max: 0, Diff: 0, Sum: 0, Workers: 4
[6678.619s][debug][gc,phases      ] GC(163) Weak Processing 0.367ms
[6678.619s][debug][gc,age         ] GC(163) Desired survivor size 4718592 bytes, new threshold 1 (max threshold 15)
[6678.619s][info ][gc,heap        ] GC(163) PSYoungGen: 2090128K(2092032K)->3056K(2092544K) Eden: 2086912K(2086912K)->0K(2087424K) From: 3216K(5120K)->3056K(5120K)
[6678.619s][info ][gc,heap        ] GC(163) ParOldGen: 519768K(570368K)->520633K(570368K)
[6678.619s][info ][gc,metaspace   ] GC(163) Metaspace: 110951K(112320K)->110951K(112320K) NonClass: 94418K(95168K)->94418K(95168K) Class: 16533K(17152K)->16533K(17152K)
[6678.619s][info ][gc             ] GC(163) Pause Young (Allocation Failure) 2548M->511M(2600M) 4.076ms
[6678.619s][info ][gc,cpu         ] GC(163) User=0.01s Sys=0.00s Real=0.00s
[6678.619s][info ][safepoint      ] Safepoint "ParallelGCFailedAllocation", Time since last: 4455345574 ns, Reaching safepoint: 6301 ns, Cleanup: 4700 ns, At safepoint: 4138036 ns, Total: 4149037 ns
[6680.620s][info ][safepoint      ] Safepoint "Cleanup", Time since last: 2000195007 ns, Reaching safepoint: 84501 ns, Cleanup: 12200 ns, At safepoint: 7500 ns, Total: 104201 ns
[6700.621s][info ][safepoint      ] Safepoint "Cleanup", Time since last: 20001581133 ns, Reaching safepoint: 5300 ns, Cleanup: 7000 ns, At safepoint: 2000 ns, Total: 14300 ns
[6719.720s][info ][gc,start       ] GC(164) Pause Young (Allocation Failure)
[6719.723s][debug][gc,phases      ] GC(164) Scavenge 2.588ms
[6719.723s][debug][gc,ref         ] GC(164) Skipped SoftWeakFinalRefsPhase of Reference Processing: no references
[6719.723s][debug][gc,ref         ] GC(164) Skipped KeepAliveFinalRefsPhase of Reference Processing: no references
[6719.723s][debug][gc,ref         ] GC(164) ReferenceProcessor::execute queues: 1, RefProcThreadModel::Single, marks_oops_alive: false
[6719.723s][debug][gc,phases      ] GC(164) Reference Processing 0.094ms
[6719.723s][debug][gc,phases      ] GC(164)   VM Weak                        Min:  0.0, Avg:  0.0, Max:  0.0, Diff:  0.0, Sum:  0.0, Workers: 4
[6719.723s][debug][gc,phases      ] GC(164)     Dead                           Min: 0, Avg:  0.0, Max: 0, Diff: 0, Sum: 0, Workers: 4
[6719.723s][debug][gc,phases      ] GC(164)     Total                          Min: 0, Avg: 247.2, Max: 704, Diff: 704, Sum: 989, Workers: 4
[6719.723s][debug][gc,phases      ] GC(164)   ObjectSynchronizer Weak        Min:  0.0, Avg:  0.0, Max:  0.0, Diff:  0.0, Sum:  0.0, Workers: 4
[6719.723s][debug][gc,phases      ] GC(164)     Dead                           Min: 0, Avg:  0.0, Max: 0, Diff: 0, Sum: 0, Workers: 4
[6719.723s][debug][gc,phases      ] GC(164)     Total                          Min: 0, Avg:  1.0, Max: 4, Diff: 4, Sum: 4, Workers: 4
[6719.723s][debug][gc,phases      ] GC(164)   JVMTI Tag Weak OopStorage      Min:  0.0, Avg:  0.0, Max:  0.0, Diff:  0.0, Sum:  0.0, Workers: 4
[6719.723s][debug][gc,phases      ] GC(164)     Dead                           Min: 0, Avg:  0.0, Max: 0, Diff: 0, Sum: 0, Workers: 4
[6719.723s][debug][gc,phases      ] GC(164)     Total                          Min: 0, Avg:  0.0, Max: 0, Diff: 0, Sum: 0, Workers: 4
[6719.723s][debug][gc,phases      ] GC(164)   StringTable Weak               Min:  0.1, Avg:  0.1, Max:  0.1, Diff:  0.0, Sum:  0.4, Workers: 4
[6719.723s][debug][gc,phases      ] GC(164)     Dead                           Min: 0, Avg:  0.0, Max: 0, Diff: 0, Sum: 0, Workers: 4
[6719.723s][debug][gc,phases      ] GC(164)     Total                          Min: 11904, Avg: 11952.5, Max: 12032, Diff: 128, Sum: 47810, Workers: 4
[6719.723s][debug][gc,phases      ] GC(164)   ResolvedMethodTable Weak       Min:  0.0, Avg:  0.0, Max:  0.0, Diff:  0.0, Sum:  0.2, Workers: 4
[6719.723s][debug][gc,phases      ] GC(164)     Dead                           Min: 0, Avg:  4.0, Max: 16, Diff: 16, Sum: 16, Workers: 4
[6719.723s][debug][gc,phases      ] GC(164)     Total                          Min: 3733, Avg: 3898.0, Max: 4029, Diff: 296, Sum: 15592, Workers: 4
[6719.723s][debug][gc,phases      ] GC(164)   JNI Weak                       Min:  0.0, Avg:  0.0, Max:  0.0, Diff:  0.0, Sum:  0.0, Workers: 4
[6719.723s][debug][gc,phases      ] GC(164)     Dead                           Min: 0, Avg:  0.0, Max: 0, Diff: 0, Sum: 0, Workers: 4
[6719.723s][debug][gc,phases      ] GC(164)     Total                          Min: 0, Avg: 13.0, Max: 52, Diff: 52, Sum: 52, Workers: 4
[6719.723s][debug][gc,phases      ] GC(164)   StringDedup Table Weak         Min:  0.0, Avg:  0.0, Max:  0.0, Diff:  0.0, Sum:  0.0, Workers: 4
[6719.723s][debug][gc,phases      ] GC(164)     Dead                           Min: 0, Avg:  0.0, Max: 0, Diff: 0, Sum: 0, Workers: 4
[6719.723s][debug][gc,phases      ] GC(164)     Total                          Min: 0, Avg:  0.0, Max: 0, Diff: 0, Sum: 0, Workers: 4
[6719.723s][debug][gc,phases      ] GC(164)   StringDedup Requests0 Weak     Min:  0.0, Avg:  0.0, Max:  0.0, Diff:  0.0, Sum:  0.0, Workers: 4
[6719.723s][debug][gc,phases      ] GC(164)     Dead                           Min: 0, Avg:  0.0, Max: 0, Diff: 0, Sum: 0, Workers: 4
[6719.723s][debug][gc,phases      ] GC(164)     Total                          Min: 0, Avg:  0.0, Max: 0, Diff: 0, Sum: 0, Workers: 4
[6719.723s][debug][gc,phases      ] GC(164)   StringDedup Requests1 Weak     Min:  0.0, Avg:  0.0, Max:  0.0, Diff:  0.0, Sum:  0.0, Workers: 4
[6719.723s][debug][gc,phases      ] GC(164)     Dead                           Min: 0, Avg:  0.0, Max: 0, Diff: 0, Sum: 0, Workers: 4
[6719.723s][debug][gc,phases      ] GC(164)     Total                          Min: 0, Avg:  0.0, Max: 0, Diff: 0, Sum: 0, Workers: 4
[6719.723s][debug][gc,phases      ] GC(164)   Weak JFR Old Object Samples    Min:  0.0, Avg:  0.0, Max:  0.0, Diff:  0.0, Sum:  0.0, Workers: 4
[6719.723s][debug][gc,phases      ] GC(164)     Dead                           Min: 0, Avg:  0.0, Max: 0, Diff: 0, Sum: 0, Workers: 4
[6719.723s][debug][gc,phases      ] GC(164)     Total                          Min: 0, Avg:  0.0, Max: 0, Diff: 0, Sum: 0, Workers: 4
[6719.723s][debug][gc,phases      ] GC(164) Weak Processing 0.348ms
[6719.723s][debug][gc,age         ] GC(164) Desired survivor size 4718592 bytes, new threshold 1 (max threshold 15)
[6719.723s][info ][gc,heap        ] GC(164) PSYoungGen: 2090480K(2092544K)->2912K(2092032K) Eden: 2087424K(2087424K)->0K(2087424K) From: 3056K(5120K)->2912K(4608K)
[6719.723s][info ][gc,heap        ] GC(164) ParOldGen: 520633K(570368K)->521609K(570368K)
[6719.723s][info ][gc,metaspace   ] GC(164) Metaspace: 110955K(112320K)->110955K(112320K) NonClass: 94422K(95168K)->94422K(95168K) Class: 16533K(17152K)->16533K(17152K)
[6719.723s][info ][gc             ] GC(164) Pause Young (Allocation Failure) 2549M->512M(2600M) 3.137ms
[6719.723s][info ][gc,cpu         ] GC(164) User=0.01s Sys=0.00s Real=0.00s
[6719.723s][info ][safepoint      ] Safepoint "ParallelGCFailedAllocation", Time since last: 19098809324 ns, Reaching safepoint: 4800 ns, Cleanup: 3700 ns, At safepoint: 3206828 ns, Total: 3215328 ns
[6748.178s][info ][safepoint      ] Safepoint "Cleanup", Time since last: 28455229673 ns, Reaching safepoint: 5000 ns, Cleanup: 6900 ns, At safepoint: 2100 ns, Total: 14000 ns
[6761.802s][info ][gc,start       ] GC(165) Pause Young (Allocation Failure)
[6761.804s][debug][gc,phases      ] GC(165) Scavenge 2.361ms
[6761.804s][debug][gc,ref         ] GC(165) Skipped SoftWeakFinalRefsPhase of Reference Processing: no references
[6761.804s][debug][gc,ref         ] GC(165) Skipped KeepAliveFinalRefsPhase of Reference Processing: no references
[6761.804s][debug][gc,ref         ] GC(165) Skipped PhantomRefsPhase of Reference Processing: no references
[6761.804s][debug][gc,phases      ] GC(165) Reference Processing 0.021ms
[6761.804s][debug][gc,phases      ] GC(165)   VM Weak                        Min:  0.0, Avg:  0.0, Max:  0.0, Diff:  0.0, Sum:  0.0, Workers: 4
[6761.804s][debug][gc,phases      ] GC(165)     Dead                           Min: 0, Avg:  0.0, Max: 0, Diff: 0, Sum: 0, Workers: 4
[6761.804s][debug][gc,phases      ] GC(165)     Total                          Min: 0, Avg: 247.2, Max: 541, Diff: 541, Sum: 989, Workers: 4
[6761.804s][debug][gc,phases      ] GC(165)   ObjectSynchronizer Weak        Min:  0.0, Avg:  0.0, Max:  0.0, Diff:  0.0, Sum:  0.0, Workers: 4
[6761.804s][debug][gc,phases      ] GC(165)     Dead                           Min: 0, Avg:  0.0, Max: 0, Diff: 0, Sum: 0, Workers: 4
[6761.805s][debug][gc,phases      ] GC(165)     Total                          Min: 0, Avg:  0.8, Max: 3, Diff: 3, Sum: 3, Workers: 4
[6761.805s][debug][gc,phases      ] GC(165)   JVMTI Tag Weak OopStorage      Min:  0.0, Avg:  0.0, Max:  0.0, Diff:  0.0, Sum:  0.0, Workers: 4
[6761.805s][debug][gc,phases      ] GC(165)     Dead                           Min: 0, Avg:  0.0, Max: 0, Diff: 0, Sum: 0, Workers: 4
[6761.805s][debug][gc,phases      ] GC(165)     Total                          Min: 0, Avg:  0.0, Max: 0, Diff: 0, Sum: 0, Workers: 4
[6761.805s][debug][gc,phases      ] GC(165)   StringTable Weak               Min:  0.0, Avg:  0.1, Max:  0.1, Diff:  0.1, Sum:  0.4, Workers: 4
[6761.805s][debug][gc,phases      ] GC(165)     Dead                           Min: 0, Avg:  0.0, Max: 0, Diff: 0, Sum: 0, Workers: 4
[6761.805s][debug][gc,phases      ] GC(165)     Total                          Min: 0, Avg: 11952.5, Max: 21120, Diff: 21120, Sum: 47810, Workers: 4
[6761.805s][debug][gc,phases      ] GC(165)   ResolvedMethodTable Weak       Min:  0.0, Avg:  0.0, Max:  0.0, Diff:  0.0, Sum:  0.1, Workers: 4
[6761.805s][debug][gc,phases      ] GC(165)     Dead                           Min: 0, Avg:  4.0, Max: 16, Diff: 16, Sum: 16, Workers: 4
[6761.805s][debug][gc,phases      ] GC(165)     Total                          Min: 0, Avg: 3898.0, Max: 6789, Diff: 6789, Sum: 15592, Workers: 4
[6761.805s][debug][gc,phases      ] GC(165)   JNI Weak                       Min:  0.0, Avg:  0.0, Max:  0.0, Diff:  0.0, Sum:  0.0, Workers: 4
[6761.805s][debug][gc,phases      ] GC(165)     Dead                           Min: 0, Avg:  0.0, Max: 0, Diff: 0, Sum: 0, Workers: 4
[6761.805s][debug][gc,phases      ] GC(165)     Total                          Min: 0, Avg: 13.0, Max: 52, Diff: 52, Sum: 52, Workers: 4
[6761.805s][debug][gc,phases      ] GC(165)   StringDedup Table Weak         Min:  0.0, Avg:  0.0, Max:  0.0, Diff:  0.0, Sum:  0.0, Workers: 4
[6761.805s][debug][gc,phases      ] GC(165)     Dead                           Min: 0, Avg:  0.0, Max: 0, Diff: 0, Sum: 0, Workers: 4
[6761.805s][debug][gc,phases      ] GC(165)     Total                          Min: 0, Avg:  0.0, Max: 0, Diff: 0, Sum: 0, Workers: 4
[6761.805s][debug][gc,phases      ] GC(165)   StringDedup Requests0 Weak     Min:  0.0, Avg:  0.0, Max:  0.0, Diff:  0.0, Sum:  0.0, Workers: 4
[6761.805s][debug][gc,phases      ] GC(165)     Dead                           Min: 0, Avg:  0.0, Max: 0, Diff: 0, Sum: 0, Workers: 4
[6761.805s][debug][gc,phases      ] GC(165)     Total                          Min: 0, Avg:  0.0, Max: 0, Diff: 0, Sum: 0, Workers: 4
[6761.805s][debug][gc,phases      ] GC(165)   StringDedup Requests1 Weak     Min:  0.0, Avg:  0.0, Max:  0.0, Diff:  0.0, Sum:  0.0, Workers: 4
[6761.805s][debug][gc,phases      ] GC(165)     Dead                           Min: 0, Avg:  0.0, Max: 0, Diff: 0, Sum: 0, Workers: 4
[6761.805s][debug][gc,phases      ] GC(165)     Total                          Min: 0, Avg:  0.0, Max: 0, Diff: 0, Sum: 0, Workers: 4
[6761.805s][debug][gc,phases      ] GC(165)   Weak JFR Old Object Samples    Min:  0.0, Avg:  0.0, Max:  0.0, Diff:  0.0, Sum:  0.0, Workers: 4
[6761.805s][debug][gc,phases      ] GC(165)     Dead                           Min: 0, Avg:  0.0, Max: 0, Diff: 0, Sum: 0, Workers: 4
[6761.805s][debug][gc,phases      ] GC(165)     Total                          Min: 0, Avg:  0.0, Max: 0, Diff: 0, Sum: 0, Workers: 4
[6761.805s][debug][gc,phases      ] GC(165) Weak Processing 0.362ms
[6761.805s][debug][gc,age         ] GC(165) Desired survivor size 4718592 bytes, new threshold 1 (max threshold 15)
[6761.805s][info ][gc,heap        ] GC(165) PSYoungGen: 2090336K(2092032K)->2480K(2092544K) Eden: 2087424K(2087424K)->0K(2087936K) From: 2912K(4608K)->2480K(4608K)
[6761.805s][info ][gc,heap        ] GC(165) ParOldGen: 521609K(570368K)->522629K(570368K)
[6761.805s][info ][gc,metaspace   ] GC(165) Metaspace: 110957K(112320K)->110957K(112320K) NonClass: 94424K(95168K)->94424K(95168K) Class: 16533K(17152K)->16533K(17152K)
[6761.805s][info ][gc             ] GC(165) Pause Young (Allocation Failure) 2550M->512M(2600M) 2.835ms
[6761.805s][info ][gc,cpu         ] GC(165) User=0.01s Sys=0.00s Real=0.00s
[6761.805s][info ][safepoint      ] Safepoint "ParallelGCFailedAllocation", Time since last: 13623274853 ns, Reaching safepoint: 4700 ns, Cleanup: 4100 ns, At safepoint: 2892526 ns, Total: 2901326 ns
[6764.805s][info ][safepoint      ] Safepoint "Cleanup", Time since last: 3000276606 ns, Reaching safepoint: 4900 ns, Cleanup: 13600 ns, At safepoint: 2501 ns, Total: 21001 ns
[6800.196s][info ][safepoint      ] Safepoint "Cleanup", Time since last: 35390988018 ns, Reaching safepoint: 5200 ns, Cleanup: 8900 ns, At safepoint: 2400 ns, Total: 16500 ns
[6804.366s][info ][gc,start       ] GC(166) Pause Young (Allocation Failure)
[6804.369s][debug][gc,phases      ] GC(166) Scavenge 3.412ms
[6804.369s][debug][gc,ref         ] GC(166) Skipped SoftWeakFinalRefsPhase of Reference Processing: no references
[6804.369s][debug][gc,ref         ] GC(166) Skipped KeepAliveFinalRefsPhase of Reference Processing: no references
[6804.369s][debug][gc,ref         ] GC(166) Skipped PhantomRefsPhase of Reference Processing: no references
[6804.369s][debug][gc,phases      ] GC(166) Reference Processing 0.022ms
[6804.370s][debug][gc,phases      ] GC(166)   VM Weak                        Min:  0.0, Avg:  0.0, Max:  0.0, Diff:  0.0, Sum:  0.0, Workers: 4
[6804.370s][debug][gc,phases      ] GC(166)     Dead                           Min: 0, Avg:  0.0, Max: 0, Diff: 0, Sum: 0, Workers: 4
[6804.370s][debug][gc,phases      ] GC(166)     Total                          Min: 0, Avg: 247.2, Max: 704, Diff: 704, Sum: 989, Workers: 4
[6804.370s][debug][gc,phases      ] GC(166)   ObjectSynchronizer Weak        Min:  0.0, Avg:  0.0, Max:  0.0, Diff:  0.0, Sum:  0.0, Workers: 4
[6804.370s][debug][gc,phases      ] GC(166)     Dead                           Min: 0, Avg:  0.0, Max: 0, Diff: 0, Sum: 0, Workers: 4
[6804.370s][debug][gc,phases      ] GC(166)     Total                          Min: 0, Avg:  1.0, Max: 4, Diff: 4, Sum: 4, Workers: 4
[6804.370s][debug][gc,phases      ] GC(166)   JVMTI Tag Weak OopStorage      Min:  0.0, Avg:  0.0, Max:  0.0, Diff:  0.0, Sum:  0.0, Workers: 4
[6804.370s][debug][gc,phases      ] GC(166)     Dead                           Min: 0, Avg:  0.0, Max: 0, Diff: 0, Sum: 0, Workers: 4
[6804.370s][debug][gc,phases      ] GC(166)     Total                          Min: 0, Avg:  0.0, Max: 0, Diff: 0, Sum: 0, Workers: 4
[6804.370s][debug][gc,phases      ] GC(166)   StringTable Weak               Min:  0.0, Avg:  0.1, Max:  0.2, Diff:  0.2, Sum:  0.5, Workers: 4
[6804.370s][debug][gc,phases      ] GC(166)     Dead                           Min: 0, Avg:  0.0, Max: 0, Diff: 0, Sum: 0, Workers: 4
[6804.370s][debug][gc,phases      ] GC(166)     Total                          Min: 0, Avg: 11952.5, Max: 18114, Diff: 18114, Sum: 47810, Workers: 4
[6804.370s][debug][gc,phases      ] GC(166)   ResolvedMethodTable Weak       Min:  0.0, Avg:  0.0, Max:  0.1, Diff:  0.1, Sum:  0.2, Workers: 4
[6804.370s][debug][gc,phases      ] GC(166)     Dead                           Min: 0, Avg:  4.0, Max: 16, Diff: 16, Sum: 16, Workers: 4
[6804.370s][debug][gc,phases      ] GC(166)     Total                          Min: 0, Avg: 3898.0, Max: 5383, Diff: 5383, Sum: 15592, Workers: 4
[6804.370s][debug][gc,phases      ] GC(166)   JNI Weak                       Min:  0.0, Avg:  0.0, Max:  0.0, Diff:  0.0, Sum:  0.0, Workers: 4
[6804.370s][debug][gc,phases      ] GC(166)     Dead                           Min: 0, Avg:  0.0, Max: 0, Diff: 0, Sum: 0, Workers: 4
[6804.370s][debug][gc,phases      ] GC(166)     Total                          Min: 0, Avg: 13.0, Max: 52, Diff: 52, Sum: 52, Workers: 4
[6804.370s][debug][gc,phases      ] GC(166)   StringDedup Table Weak         Min:  0.0, Avg:  0.0, Max:  0.0, Diff:  0.0, Sum:  0.0, Workers: 4
[6804.370s][debug][gc,phases      ] GC(166)     Dead                           Min: 0, Avg:  0.0, Max: 0, Diff: 0, Sum: 0, Workers: 4
[6804.370s][debug][gc,phases      ] GC(166)     Total                          Min: 0, Avg:  0.0, Max: 0, Diff: 0, Sum: 0, Workers: 4
[6804.370s][debug][gc,phases      ] GC(166)   StringDedup Requests0 Weak     Min:  0.0, Avg:  0.0, Max:  0.0, Diff:  0.0, Sum:  0.0, Workers: 4
[6804.370s][debug][gc,phases      ] GC(166)     Dead                           Min: 0, Avg:  0.0, Max: 0, Diff: 0, Sum: 0, Workers: 4
[6804.370s][debug][gc,phases      ] GC(166)     Total                          Min: 0, Avg:  0.0, Max: 0, Diff: 0, Sum: 0, Workers: 4
[6804.370s][debug][gc,phases      ] GC(166)   StringDedup Requests1 Weak     Min:  0.0, Avg:  0.0, Max:  0.0, Diff:  0.0, Sum:  0.0, Workers: 4
[6804.370s][debug][gc,phases      ] GC(166)     Dead                           Min: 0, Avg:  0.0, Max: 0, Diff: 0, Sum: 0, Workers: 4
[6804.370s][debug][gc,phases      ] GC(166)     Total                          Min: 0, Avg:  0.0, Max: 0, Diff: 0, Sum: 0, Workers: 4
[6804.370s][debug][gc,phases      ] GC(166)   Weak JFR Old Object Samples    Min:  0.0, Avg:  0.0, Max:  0.0, Diff:  0.0, Sum:  0.0, Workers: 4
[6804.370s][debug][gc,phases      ] GC(166)     Dead                           Min: 0, Avg:  0.0, Max: 0, Diff: 0, Sum: 0, Workers: 4
[6804.370s][debug][gc,phases      ] GC(166)     Total                          Min: 0, Avg:  0.0, Max: 0, Diff: 0, Sum: 0, Workers: 4
[6804.370s][debug][gc,phases      ] GC(166) Weak Processing 0.467ms
[6804.370s][debug][gc,age         ] GC(166) Desired survivor size 4718592 bytes, new threshold 1 (max threshold 15)
[6804.370s][info ][gc,heap        ] GC(166) PSYoungGen: 2090416K(2092544K)->3504K(2092544K) Eden: 2087936K(2087936K)->0K(2087936K) From: 2480K(4608K)->3504K(4608K)
[6804.370s][info ][gc,heap        ] GC(166) ParOldGen: 522629K(570368K)->523317K(570368K)
[6804.370s][info ][gc,metaspace   ] GC(166) Metaspace: 110958K(112320K)->110958K(112320K) NonClass: 94424K(95168K)->94424K(95168K) Class: 16533K(17152K)->16533K(17152K)
[6804.370s][info ][gc             ] GC(166) Pause Young (Allocation Failure) 2551M->514M(2600M) 4.004ms
[6804.370s][info ][gc,cpu         ] GC(166) User=0.01s Sys=0.00s Real=0.01s
[6804.370s][info ][safepoint      ] Safepoint "ParallelGCFailedAllocation", Time since last: 4169683994 ns, Reaching safepoint: 84101 ns, Cleanup: 4400 ns, At safepoint: 4077635 ns, Total: 4166136 ns
[6817.371s][info ][safepoint      ] Safepoint "Cleanup", Time since last: 13001438788 ns, Reaching safepoint: 4600 ns, Cleanup: 8100 ns, At safepoint: 1900 ns, Total: 14600 ns
[6820.372s][info ][safepoint      ] Safepoint "Cleanup", Time since last: 3000242290 ns, Reaching safepoint: 4700 ns, Cleanup: 6300 ns, At safepoint: 1900 ns, Total: 12900 ns
[6824.372s][info ][safepoint      ] Safepoint "Cleanup", Time since last: 4000364054 ns, Reaching safepoint: 5300 ns, Cleanup: 8200 ns, At safepoint: 2400 ns, Total: 15900 ns
[6848.418s][info ][gc,start       ] GC(167) Pause Young (Allocation Failure)
[6848.420s][debug][gc,phases      ] GC(167) Scavenge 2.817ms
[6848.420s][debug][gc,ref         ] GC(167) Skipped SoftWeakFinalRefsPhase of Reference Processing: no references
[6848.420s][debug][gc,ref         ] GC(167) Skipped KeepAliveFinalRefsPhase of Reference Processing: no references
[6848.421s][debug][gc,ref         ] GC(167) ReferenceProcessor::execute queues: 1, RefProcThreadModel::Single, marks_oops_alive: false
[6848.421s][debug][gc,phases      ] GC(167) Reference Processing 0.095ms
[6848.421s][debug][gc,phases      ] GC(167)   VM Weak                        Min:  0.0, Avg:  0.0, Max:  0.0, Diff:  0.0, Sum:  0.0, Workers: 4
[6848.421s][debug][gc,phases      ] GC(167)     Dead                           Min: 0, Avg:  0.0, Max: 0, Diff: 0, Sum: 0, Workers: 4
[6848.421s][debug][gc,phases      ] GC(167)     Total                          Min: 0, Avg: 247.2, Max: 989, Diff: 989, Sum: 989, Workers: 4
[6848.421s][debug][gc,phases      ] GC(167)   ObjectSynchronizer Weak        Min:  0.0, Avg:  0.0, Max:  0.0, Diff:  0.0, Sum:  0.0, Workers: 4
[6848.421s][debug][gc,phases      ] GC(167)     Dead                           Min: 0, Avg:  0.0, Max: 0, Diff: 0, Sum: 0, Workers: 4
[6848.421s][debug][gc,phases      ] GC(167)     Total                          Min: 0, Avg:  1.0, Max: 4, Diff: 4, Sum: 4, Workers: 4
[6848.421s][debug][gc,phases      ] GC(167)   JVMTI Tag Weak OopStorage      Min:  0.0, Avg:  0.0, Max:  0.0, Diff:  0.0, Sum:  0.0, Workers: 4
[6848.421s][debug][gc,phases      ] GC(167)     Dead                           Min: 0, Avg:  0.0, Max: 0, Diff: 0, Sum: 0, Workers: 4
[6848.421s][debug][gc,phases      ] GC(167)     Total                          Min: 0, Avg:  0.0, Max: 0, Diff: 0, Sum: 0, Workers: 4
[6848.421s][debug][gc,phases      ] GC(167)   StringTable Weak               Min:  0.0, Avg:  0.1, Max:  0.1, Diff:  0.1, Sum:  0.4, Workers: 4
[6848.421s][debug][gc,phases      ] GC(167)     Dead                           Min: 0, Avg:  0.0, Max: 0, Diff: 0, Sum: 0, Workers: 4
[6848.421s][debug][gc,phases      ] GC(167)     Total                          Min: 0, Avg: 11952.5, Max: 22594, Diff: 22594, Sum: 47810, Workers: 4
[6848.421s][debug][gc,phases      ] GC(167)   ResolvedMethodTable Weak       Min:  0.0, Avg:  0.0, Max:  0.0, Diff:  0.0, Sum:  0.1, Workers: 4
[6848.421s][debug][gc,phases      ] GC(167)     Dead                           Min: 0, Avg:  4.0, Max: 16, Diff: 16, Sum: 16, Workers: 4
[6848.421s][debug][gc,phases      ] GC(167)     Total                          Min: 0, Avg: 3898.0, Max: 6935, Diff: 6935, Sum: 15592, Workers: 4
[6848.421s][debug][gc,phases      ] GC(167)   JNI Weak                       Min:  0.0, Avg:  0.0, Max:  0.0, Diff:  0.0, Sum:  0.0, Workers: 4
[6848.421s][debug][gc,phases      ] GC(167)     Dead                           Min: 0, Avg:  0.0, Max: 0, Diff: 0, Sum: 0, Workers: 4
[6848.421s][debug][gc,phases      ] GC(167)     Total                          Min: 0, Avg: 13.0, Max: 52, Diff: 52, Sum: 52, Workers: 4
[6848.421s][debug][gc,phases      ] GC(167)   StringDedup Table Weak         Min:  0.0, Avg:  0.0, Max:  0.0, Diff:  0.0, Sum:  0.0, Workers: 4
[6848.421s][debug][gc,phases      ] GC(167)     Dead                           Min: 0, Avg:  0.0, Max: 0, Diff: 0, Sum: 0, Workers: 4
[6848.421s][debug][gc,phases      ] GC(167)     Total                          Min: 0, Avg:  0.0, Max: 0, Diff: 0, Sum: 0, Workers: 4
[6848.421s][debug][gc,phases      ] GC(167)   StringDedup Requests0 Weak     Min:  0.0, Avg:  0.0, Max:  0.0, Diff:  0.0, Sum:  0.0, Workers: 4
[6848.421s][debug][gc,phases      ] GC(167)     Dead                           Min: 0, Avg:  0.0, Max: 0, Diff: 0, Sum: 0, Workers: 4
[6848.421s][debug][gc,phases      ] GC(167)     Total                          Min: 0, Avg:  0.0, Max: 0, Diff: 0, Sum: 0, Workers: 4
[6848.421s][debug][gc,phases      ] GC(167)   StringDedup Requests1 Weak     Min:  0.0, Avg:  0.0, Max:  0.0, Diff:  0.0, Sum:  0.0, Workers: 4
[6848.421s][debug][gc,phases      ] GC(167)     Dead                           Min: 0, Avg:  0.0, Max: 0, Diff: 0, Sum: 0, Workers: 4
[6848.421s][debug][gc,phases      ] GC(167)     Total                          Min: 0, Avg:  0.0, Max: 0, Diff: 0, Sum: 0, Workers: 4
[6848.421s][debug][gc,phases      ] GC(167)   Weak JFR Old Object Samples    Min:  0.0, Avg:  0.0, Max:  0.0, Diff:  0.0, Sum:  0.0, Workers: 4
[6848.421s][debug][gc,phases      ] GC(167)     Dead                           Min: 0, Avg:  0.0, Max: 0, Diff: 0, Sum: 0, Workers: 4
[6848.421s][debug][gc,phases      ] GC(167)     Total                          Min: 0, Avg:  0.0, Max: 0, Diff: 0, Sum: 0, Workers: 4
[6848.421s][debug][gc,phases      ] GC(167) Weak Processing 0.381ms
[6848.421s][debug][gc,age         ] GC(167) Desired survivor size 4718592 bytes, new threshold 1 (max threshold 15)
[6848.421s][info ][gc,heap        ] GC(167) PSYoungGen: 2091440K(2092544K)->2704K(2092544K) Eden: 2087936K(2087936K)->0K(2087936K) From: 3504K(4608K)->2704K(4608K)
[6848.421s][info ][gc,heap        ] GC(167) ParOldGen: 523317K(570368K)->524602K(570368K)
[6848.421s][info ][gc,metaspace   ] GC(167) Metaspace: 110959K(112320K)->110959K(112320K) NonClass: 94426K(95168K)->94426K(95168K) Class: 16533K(17152K)->16533K(17152K)
[6848.421s][info ][gc             ] GC(167) Pause Young (Allocation Failure) 2553M->514M(2600M) 3.405ms
[6848.421s][info ][gc,cpu         ] GC(167) User=0.01s Sys=0.00s Real=0.01s
[6848.421s][info ][safepoint      ] Safepoint "ParallelGCFailedAllocation", Time since last: 24045644680 ns, Reaching safepoint: 5200 ns, Cleanup: 3400 ns, At safepoint: 3462729 ns, Total: 3471329 ns
[6890.829s][info ][gc,start       ] GC(168) Pause Young (Allocation Failure)
[6890.832s][debug][gc,phases      ] GC(168) Scavenge 2.931ms
[6890.832s][debug][gc,ref         ] GC(168) Skipped SoftWeakFinalRefsPhase of Reference Processing: no references
[6890.832s][debug][gc,ref         ] GC(168) Skipped KeepAliveFinalRefsPhase of Reference Processing: no references
[6890.832s][debug][gc,ref         ] GC(168) Skipped PhantomRefsPhase of Reference Processing: no references
[6890.832s][debug][gc,phases      ] GC(168) Reference Processing 0.030ms
[6890.832s][debug][gc,phases      ] GC(168)   VM Weak                        Min:  0.0, Avg:  0.0, Max:  0.0, Diff:  0.0, Sum:  0.0, Workers: 4
[6890.832s][debug][gc,phases      ] GC(168)     Dead                           Min: 0, Avg:  0.0, Max: 0, Diff: 0, Sum: 0, Workers: 4
[6890.832s][debug][gc,phases      ] GC(168)     Total                          Min: 0, Avg: 247.2, Max: 605, Diff: 605, Sum: 989, Workers: 4
[6890.832s][debug][gc,phases      ] GC(168)   ObjectSynchronizer Weak        Min:  0.0, Avg:  0.0, Max:  0.0, Diff:  0.0, Sum:  0.0, Workers: 4
[6890.832s][debug][gc,phases      ] GC(168)     Dead                           Min: 0, Avg:  0.0, Max: 0, Diff: 0, Sum: 0, Workers: 4
[6890.832s][debug][gc,phases      ] GC(168)     Total                          Min: 0, Avg:  1.0, Max: 4, Diff: 4, Sum: 4, Workers: 4
[6890.832s][debug][gc,phases      ] GC(168)   JVMTI Tag Weak OopStorage      Min:  0.0, Avg:  0.0, Max:  0.0, Diff:  0.0, Sum:  0.0, Workers: 4
[6890.832s][debug][gc,phases      ] GC(168)     Dead                           Min: 0, Avg:  0.0, Max: 0, Diff: 0, Sum: 0, Workers: 4
[6890.832s][debug][gc,phases      ] GC(168)     Total                          Min: 0, Avg:  0.0, Max: 0, Diff: 0, Sum: 0, Workers: 4
[6890.832s][debug][gc,phases      ] GC(168)   StringTable Weak               Min:  0.0, Avg:  0.1, Max:  0.1, Diff:  0.1, Sum:  0.4, Workers: 4
[6890.832s][debug][gc,phases      ] GC(168)     Dead                           Min: 0, Avg:  0.0, Max: 0, Diff: 0, Sum: 0, Workers: 4
[6890.832s][debug][gc,phases      ] GC(168)     Total                          Min: 0, Avg: 11952.5, Max: 21122, Diff: 21122, Sum: 47810, Workers: 4
[6890.832s][debug][gc,phases      ] GC(168)   ResolvedMethodTable Weak       Min:  0.0, Avg:  0.0, Max:  0.0, Diff:  0.0, Sum:  0.1, Workers: 4
[6890.832s][debug][gc,phases      ] GC(168)     Dead                           Min: 0, Avg:  4.0, Max: 16, Diff: 16, Sum: 16, Workers: 4
[6890.832s][debug][gc,phases      ] GC(168)     Total                          Min: 0, Avg: 3898.0, Max: 6893, Diff: 6893, Sum: 15592, Workers: 4
[6890.832s][debug][gc,phases      ] GC(168)   JNI Weak                       Min:  0.0, Avg:  0.0, Max:  0.0, Diff:  0.0, Sum:  0.0, Workers: 4
[6890.832s][debug][gc,phases      ] GC(168)     Dead                           Min: 0, Avg:  0.0, Max: 0, Diff: 0, Sum: 0, Workers: 4
[6890.832s][debug][gc,phases      ] GC(168)     Total                          Min: 0, Avg: 13.0, Max: 52, Diff: 52, Sum: 52, Workers: 4
[6890.832s][debug][gc,phases      ] GC(168)   StringDedup Table Weak         Min:  0.0, Avg:  0.0, Max:  0.0, Diff:  0.0, Sum:  0.0, Workers: 4
[6890.832s][debug][gc,phases      ] GC(168)     Dead                           Min: 0, Avg:  0.0, Max: 0, Diff: 0, Sum: 0, Workers: 4
[6890.832s][debug][gc,phases      ] GC(168)     Total                          Min: 0, Avg:  0.0, Max: 0, Diff: 0, Sum: 0, Workers: 4
[6890.832s][debug][gc,phases      ] GC(168)   StringDedup Requests0 Weak     Min:  0.0, Avg:  0.0, Max:  0.0, Diff:  0.0, Sum:  0.0, Workers: 4
[6890.832s][debug][gc,phases      ] GC(168)     Dead                           Min: 0, Avg:  0.0, Max: 0, Diff: 0, Sum: 0, Workers: 4
[6890.832s][debug][gc,phases      ] GC(168)     Total                          Min: 0, Avg:  0.0, Max: 0, Diff: 0, Sum: 0, Workers: 4
[6890.832s][debug][gc,phases      ] GC(168)   StringDedup Requests1 Weak     Min:  0.0, Avg:  0.0, Max:  0.0, Diff:  0.0, Sum:  0.0, Workers: 4
[6890.832s][debug][gc,phases      ] GC(168)     Dead                           Min: 0, Avg:  0.0, Max: 0, Diff: 0, Sum: 0, Workers: 4
[6890.832s][debug][gc,phases      ] GC(168)     Total                          Min: 0, Avg:  0.0, Max: 0, Diff: 0, Sum: 0, Workers: 4
[6890.832s][debug][gc,phases      ] GC(168)   Weak JFR Old Object Samples    Min:  0.0, Avg:  0.0, Max:  0.0, Diff:  0.0, Sum:  0.0, Workers: 4
[6890.832s][debug][gc,phases      ] GC(168)     Dead                           Min: 0, Avg:  0.0, Max: 0, Diff: 0, Sum: 0, Workers: 4
[6890.832s][debug][gc,phases      ] GC(168)     Total                          Min: 0, Avg:  0.0, Max: 0, Diff: 0, Sum: 0, Workers: 4
[6890.832s][debug][gc,phases      ] GC(168) Weak Processing 0.340ms
[6890.832s][debug][gc,age         ] GC(168) Desired survivor size 4718592 bytes, new threshold 1 (max threshold 15)
[6890.832s][info ][gc,heap        ] GC(168) PSYoungGen: 2090640K(2092544K)->2880K(2092544K) Eden: 2087936K(2087936K)->0K(2087936K) From: 2704K(4608K)->2880K(4608K)
[6890.832s][info ][gc,heap        ] GC(168) ParOldGen: 524602K(570368K)->525482K(570368K)
[6890.832s][info ][gc,metaspace   ] GC(168) Metaspace: 110960K(112320K)->110960K(112320K) NonClass: 94427K(95168K)->94427K(95168K) Class: 16533K(17152K)->16533K(17152K)
[6890.832s][info ][gc             ] GC(168) Pause Young (Allocation Failure) 2553M->515M(2600M) 3.389ms
[6890.832s][info ][gc,cpu         ] GC(168) User=0.01s Sys=0.00s Real=0.01s
[6890.832s][info ][safepoint      ] Safepoint "ParallelGCFailedAllocation", Time since last: 42407887841 ns, Reaching safepoint: 5000 ns, Cleanup: 3500 ns, At safepoint: 3443730 ns, Total: 3452230 ns
[6915.235s][info ][safepoint      ] Safepoint "Cleanup", Time since last: 24402454274 ns, Reaching safepoint: 5500 ns, Cleanup: 17300 ns, At safepoint: 2000 ns, Total: 24800 ns
[6916.235s][info ][safepoint      ] Safepoint "Cleanup", Time since last: 1000108880 ns, Reaching safepoint: 5500 ns, Cleanup: 7600 ns, At safepoint: 2200 ns, Total: 15300 ns
[6929.247s][info ][safepoint      ] Safepoint "Cleanup", Time since last: 13012152601 ns, Reaching safepoint: 7000 ns, Cleanup: 10801 ns, At safepoint: 2700 ns, Total: 20501 ns
[6930.247s][info ][safepoint      ] Safepoint "Cleanup", Time since last: 1000109677 ns, Reaching safepoint: 5400 ns, Cleanup: 9300 ns, At safepoint: 2100 ns, Total: 16800 ns
[6931.849s][info ][gc,start       ] GC(169) Pause Young (Allocation Failure)
[6931.864s][debug][gc,phases      ] GC(169) Scavenge 14.843ms
[6931.864s][debug][gc,ref         ] GC(169) Skipped SoftWeakFinalRefsPhase of Reference Processing: no references
[6931.864s][debug][gc,ref         ] GC(169) Skipped KeepAliveFinalRefsPhase of Reference Processing: no references
[6931.864s][debug][gc,ref         ] GC(169) ReferenceProcessor::execute queues: 1, RefProcThreadModel::Single, marks_oops_alive: false
[6931.864s][debug][gc,phases      ] GC(169) Reference Processing 0.141ms
[6931.865s][debug][gc,phases      ] GC(169)   VM Weak                        Min:  0.0, Avg:  0.0, Max:  0.0, Diff:  0.0, Sum:  0.0, Workers: 4
[6931.865s][debug][gc,phases      ] GC(169)     Dead                           Min: 0, Avg:  0.0, Max: 0, Diff: 0, Sum: 0, Workers: 4
[6931.865s][debug][gc,phases      ] GC(169)     Total                          Min: 0, Avg: 247.2, Max: 989, Diff: 989, Sum: 989, Workers: 4
[6931.865s][debug][gc,phases      ] GC(169)   ObjectSynchronizer Weak        Min:  0.0, Avg:  0.0, Max:  0.0, Diff:  0.0, Sum:  0.0, Workers: 4
[6931.865s][debug][gc,phases      ] GC(169)     Dead                           Min: 0, Avg:  0.0, Max: 0, Diff: 0, Sum: 0, Workers: 4
[6931.865s][debug][gc,phases      ] GC(169)     Total                          Min: 0, Avg:  1.0, Max: 4, Diff: 4, Sum: 4, Workers: 4
[6931.865s][debug][gc,phases      ] GC(169)   JVMTI Tag Weak OopStorage      Min:  0.0, Avg:  0.0, Max:  0.0, Diff:  0.0, Sum:  0.0, Workers: 4
[6931.865s][debug][gc,phases      ] GC(169)     Dead                           Min: 0, Avg:  0.0, Max: 0, Diff: 0, Sum: 0, Workers: 4
[6931.865s][debug][gc,phases      ] GC(169)     Total                          Min: 0, Avg:  0.0, Max: 0, Diff: 0, Sum: 0, Workers: 4
[6931.865s][debug][gc,phases      ] GC(169)   StringTable Weak               Min:  0.0, Avg:  0.1, Max:  0.5, Diff:  0.5, Sum:  0.5, Workers: 4
[6931.865s][debug][gc,phases      ] GC(169)     Dead                           Min: 0, Avg:  0.0, Max: 0, Diff: 0, Sum: 0, Workers: 4
[6931.865s][debug][gc,phases      ] GC(169)     Total                          Min: 0, Avg: 11953.0, Max: 47812, Diff: 47812, Sum: 47812, Workers: 4
[6931.865s][debug][gc,phases      ] GC(169)   ResolvedMethodTable Weak       Min:  0.0, Avg:  0.0, Max:  0.2, Diff:  0.2, Sum:  0.2, Workers: 4
[6931.865s][debug][gc,phases      ] GC(169)     Dead                           Min: 0, Avg:  4.0, Max: 16, Diff: 16, Sum: 16, Workers: 4
[6931.865s][debug][gc,phases      ] GC(169)     Total                          Min: 0, Avg: 3898.0, Max: 15592, Diff: 15592, Sum: 15592, Workers: 4
[6931.865s][debug][gc,phases      ] GC(169)   JNI Weak                       Min:  0.0, Avg:  0.0, Max:  0.0, Diff:  0.0, Sum:  0.0, Workers: 4
[6931.865s][debug][gc,phases      ] GC(169)     Dead                           Min: 0, Avg:  0.0, Max: 0, Diff: 0, Sum: 0, Workers: 4
[6931.865s][debug][gc,phases      ] GC(169)     Total                          Min: 0, Avg: 13.0, Max: 52, Diff: 52, Sum: 52, Workers: 4
[6931.865s][debug][gc,phases      ] GC(169)   StringDedup Table Weak         Min:  0.0, Avg:  0.0, Max:  0.0, Diff:  0.0, Sum:  0.0, Workers: 4
[6931.865s][debug][gc,phases      ] GC(169)     Dead                           Min: 0, Avg:  0.0, Max: 0, Diff: 0, Sum: 0, Workers: 4
[6931.865s][debug][gc,phases      ] GC(169)     Total                          Min: 0, Avg:  0.0, Max: 0, Diff: 0, Sum: 0, Workers: 4
[6931.865s][debug][gc,phases      ] GC(169)   StringDedup Requests0 Weak     Min:  0.0, Avg:  0.0, Max:  0.0, Diff:  0.0, Sum:  0.0, Workers: 4
[6931.865s][debug][gc,phases      ] GC(169)     Dead                           Min: 0, Avg:  0.0, Max: 0, Diff: 0, Sum: 0, Workers: 4
[6931.865s][debug][gc,phases      ] GC(169)     Total                          Min: 0, Avg:  0.0, Max: 0, Diff: 0, Sum: 0, Workers: 4
[6931.865s][debug][gc,phases      ] GC(169)   StringDedup Requests1 Weak     Min:  0.0, Avg:  0.0, Max:  0.0, Diff:  0.0, Sum:  0.0, Workers: 4
[6931.865s][debug][gc,phases      ] GC(169)     Dead                           Min: 0, Avg:  0.0, Max: 0, Diff: 0, Sum: 0, Workers: 4
[6931.865s][debug][gc,phases      ] GC(169)     Total                          Min: 0, Avg:  0.0, Max: 0, Diff: 0, Sum: 0, Workers: 4
[6931.865s][debug][gc,phases      ] GC(169)   Weak JFR Old Object Samples    Min:  0.0, Avg:  0.0, Max:  0.0, Diff:  0.0, Sum:  0.0, Workers: 4
[6931.865s][debug][gc,phases      ] GC(169)     Dead                           Min: 0, Avg:  0.0, Max: 0, Diff: 0, Sum: 0, Workers: 4
[6931.865s][debug][gc,phases      ] GC(169)     Total                          Min: 0, Avg:  0.0, Max: 0, Diff: 0, Sum: 0, Workers: 4
[6931.865s][debug][gc,phases      ] GC(169) Weak Processing 0.996ms
[6931.865s][debug][gc,age         ] GC(169) Desired survivor size 4718592 bytes, new threshold 1 (max threshold 15)
[6931.865s][info ][gc,heap        ] GC(169) PSYoungGen: 2090816K(2092544K)->3136K(2092544K) Eden: 2087936K(2087936K)->0K(2087936K) From: 2880K(4608K)->3136K(4608K)
[6931.865s][info ][gc,heap        ] GC(169) ParOldGen: 525482K(570368K)->526446K(570368K)
[6931.865s][info ][gc,metaspace   ] GC(169) Metaspace: 110964K(112320K)->110964K(112320K) NonClass: 94431K(95168K)->94431K(95168K) Class: 16533K(17152K)->16533K(17152K)
[6931.865s][info ][gc             ] GC(169) Pause Young (Allocation Failure) 2554M->517M(2600M) 16.108ms
[6931.865s][info ][gc,cpu         ] GC(169) User=0.02s Sys=0.00s Real=0.02s
[6931.865s][info ][safepoint      ] Safepoint "ParallelGCFailedAllocation", Time since last: 1601632096 ns, Reaching safepoint: 7500 ns, Cleanup: 6101 ns, At safepoint: 16203840 ns, Total: 16217441 ns
[6933.865s][info ][safepoint      ] Safepoint "Cleanup", Time since last: 2000235855 ns, Reaching safepoint: 70901 ns, Cleanup: 10200 ns, At safepoint: 7900 ns, Total: 89001 ns
[6940.866s][info ][safepoint      ] Safepoint "Cleanup", Time since last: 7000740001 ns, Reaching safepoint: 78601 ns, Cleanup: 9500 ns, At safepoint: 6200 ns, Total: 94301 ns
[6967.291s][info ][safepoint      ] Safepoint "Cleanup", Time since last: 26424575210 ns, Reaching safepoint: 5200 ns, Cleanup: 8300 ns, At safepoint: 14200 ns, Total: 27700 ns
[6975.096s][info ][gc,start       ] GC(170) Pause Young (Allocation Failure)
[6975.099s][debug][gc,phases      ] GC(170) Scavenge 3.787ms
[6975.099s][debug][gc,ref         ] GC(170) Skipped SoftWeakFinalRefsPhase of Reference Processing: no references
[6975.099s][debug][gc,ref         ] GC(170) Skipped KeepAliveFinalRefsPhase of Reference Processing: no references
[6975.100s][debug][gc,ref         ] GC(170) ReferenceProcessor::execute queues: 1, RefProcThreadModel::Single, marks_oops_alive: false
[6975.100s][debug][gc,phases      ] GC(170) Reference Processing 0.106ms
[6975.100s][debug][gc,phases      ] GC(170)   VM Weak                        Min:  0.0, Avg:  0.0, Max:  0.0, Diff:  0.0, Sum:  0.0, Workers: 4
[6975.100s][debug][gc,phases      ] GC(170)     Dead                           Min: 0, Avg:  0.0, Max: 0, Diff: 0, Sum: 0, Workers: 4
[6975.100s][debug][gc,phases      ] GC(170)     Total                          Min: 0, Avg: 247.2, Max: 989, Diff: 989, Sum: 989, Workers: 4
[6975.100s][debug][gc,phases      ] GC(170)   ObjectSynchronizer Weak        Min:  0.0, Avg:  0.0, Max:  0.0, Diff:  0.0, Sum:  0.0, Workers: 4
[6975.100s][debug][gc,phases      ] GC(170)     Dead                           Min: 0, Avg:  0.0, Max: 0, Diff: 0, Sum: 0, Workers: 4
[6975.100s][debug][gc,phases      ] GC(170)     Total                          Min: 0, Avg:  1.0, Max: 4, Diff: 4, Sum: 4, Workers: 4
[6975.100s][debug][gc,phases      ] GC(170)   JVMTI Tag Weak OopStorage      Min:  0.0, Avg:  0.0, Max:  0.0, Diff:  0.0, Sum:  0.0, Workers: 4
[6975.100s][debug][gc,phases      ] GC(170)     Dead                           Min: 0, Avg:  0.0, Max: 0, Diff: 0, Sum: 0, Workers: 4
[6975.100s][debug][gc,phases      ] GC(170)     Total                          Min: 0, Avg:  0.0, Max: 0, Diff: 0, Sum: 0, Workers: 4
[6975.100s][debug][gc,phases      ] GC(170)   StringTable Weak               Min:  0.0, Avg:  0.1, Max:  0.2, Diff:  0.2, Sum:  0.5, Workers: 4
[6975.100s][debug][gc,phases      ] GC(170)     Dead                           Min: 0, Avg:  0.0, Max: 0, Diff: 0, Sum: 0, Workers: 4
[6975.100s][debug][gc,phases      ] GC(170)     Total                          Min: 0, Avg: 11953.0, Max: 20612, Diff: 20612, Sum: 47812, Workers: 4
[6975.100s][debug][gc,phases      ] GC(170)   ResolvedMethodTable Weak       Min:  0.0, Avg:  0.0, Max:  0.1, Diff:  0.1, Sum:  0.2, Workers: 4
[6975.100s][debug][gc,phases      ] GC(170)     Dead                           Min: 0, Avg:  4.0, Max: 16, Diff: 16, Sum: 16, Workers: 4
[6975.100s][debug][gc,phases      ] GC(170)     Total                          Min: 0, Avg: 3898.0, Max: 5429, Diff: 5429, Sum: 15592, Workers: 4
[6975.100s][debug][gc,phases      ] GC(170)   JNI Weak                       Min:  0.0, Avg:  0.0, Max:  0.0, Diff:  0.0, Sum:  0.0, Workers: 4
[6975.100s][debug][gc,phases      ] GC(170)     Dead                           Min: 0, Avg:  0.0, Max: 0, Diff: 0, Sum: 0, Workers: 4
[6975.100s][debug][gc,phases      ] GC(170)     Total                          Min: 0, Avg: 13.0, Max: 52, Diff: 52, Sum: 52, Workers: 4
[6975.100s][debug][gc,phases      ] GC(170)   StringDedup Table Weak         Min:  0.0, Avg:  0.0, Max:  0.0, Diff:  0.0, Sum:  0.0, Workers: 4
[6975.100s][debug][gc,phases      ] GC(170)     Dead                           Min: 0, Avg:  0.0, Max: 0, Diff: 0, Sum: 0, Workers: 4
[6975.100s][debug][gc,phases      ] GC(170)     Total                          Min: 0, Avg:  0.0, Max: 0, Diff: 0, Sum: 0, Workers: 4
[6975.100s][debug][gc,phases      ] GC(170)   StringDedup Requests0 Weak     Min:  0.0, Avg:  0.0, Max:  0.0, Diff:  0.0, Sum:  0.0, Workers: 4
[6975.100s][debug][gc,phases      ] GC(170)     Dead                           Min: 0, Avg:  0.0, Max: 0, Diff: 0, Sum: 0, Workers: 4
[6975.100s][debug][gc,phases      ] GC(170)     Total                          Min: 0, Avg:  0.0, Max: 0, Diff: 0, Sum: 0, Workers: 4
[6975.100s][debug][gc,phases      ] GC(170)   StringDedup Requests1 Weak     Min:  0.0, Avg:  0.0, Max:  0.0, Diff:  0.0, Sum:  0.0, Workers: 4
[6975.100s][debug][gc,phases      ] GC(170)     Dead                           Min: 0, Avg:  0.0, Max: 0, Diff: 0, Sum: 0, Workers: 4
[6975.100s][debug][gc,phases      ] GC(170)     Total                          Min: 0, Avg:  0.0, Max: 0, Diff: 0, Sum: 0, Workers: 4
[6975.100s][debug][gc,phases      ] GC(170)   Weak JFR Old Object Samples    Min:  0.0, Avg:  0.0, Max:  0.0, Diff:  0.0, Sum:  0.0, Workers: 4
[6975.100s][debug][gc,phases      ] GC(170)     Dead                           Min: 0, Avg:  0.0, Max: 0, Diff: 0, Sum: 0, Workers: 4
[6975.100s][debug][gc,phases      ] GC(170)     Total                          Min: 0, Avg:  0.0, Max: 0, Diff: 0, Sum: 0, Workers: 4
[6975.100s][debug][gc,phases      ] GC(170) Weak Processing 0.500ms
[6975.100s][debug][gc,age         ] GC(170) Desired survivor size 4718592 bytes, new threshold 1 (max threshold 15)
[6975.100s][info ][gc,heap        ] GC(170) PSYoungGen: 2091072K(2092544K)->3376K(2092544K) Eden: 2087936K(2087936K)->0K(2087936K) From: 3136K(4608K)->3376K(4608K)
[6975.100s][info ][gc,heap        ] GC(170) ParOldGen: 526446K(570368K)->526994K(570368K)
[6975.100s][info ][gc,metaspace   ] GC(170) Metaspace: 110968K(112320K)->110968K(112320K) NonClass: 94435K(95168K)->94435K(95168K) Class: 16533K(17152K)->16533K(17152K)
[6975.100s][info ][gc             ] GC(170) Pause Young (Allocation Failure) 2556M->517M(2600M) 4.500ms
[6975.100s][info ][gc,cpu         ] GC(170) User=0.02s Sys=0.00s Real=0.01s
[6975.100s][info ][safepoint      ] Safepoint "ParallelGCFailedAllocation", Time since last: 7804653202 ns, Reaching safepoint: 5000 ns, Cleanup: 4200 ns, At safepoint: 4572840 ns, Total: 4582040 ns
[6978.100s][info ][safepoint      ] Safepoint "Cleanup", Time since last: 3000236596 ns, Reaching safepoint: 6200 ns, Cleanup: 9700 ns, At safepoint: 2200 ns, Total: 18100 ns
[6987.868s][info ][safepoint      ] Safepoint "Cleanup", Time since last: 9767981946 ns, Reaching safepoint: 80001 ns, Cleanup: 13300 ns, At safepoint: 6200 ns, Total: 99501 ns
[6994.869s][info ][safepoint      ] Safepoint "Cleanup", Time since last: 7000487876 ns, Reaching safepoint: 81501 ns, Cleanup: 12200 ns, At safepoint: 5900 ns, Total: 99601 ns
[7016.871s][info ][gc,start       ] GC(171) Pause Young (Allocation Failure)
[7016.884s][debug][gc,phases      ] GC(171) Scavenge 12.427ms
[7016.884s][debug][gc,ref         ] GC(171) ReferenceProcessor::execute queues: 1, RefProcThreadModel::Single, marks_oops_alive: false
[7016.884s][debug][gc,ref         ] GC(171) Skipped KeepAliveFinalRefsPhase of Reference Processing: no references
[7016.884s][debug][gc,ref         ] GC(171) ReferenceProcessor::execute queues: 1, RefProcThreadModel::Single, marks_oops_alive: false
[7016.884s][debug][gc,phases      ] GC(171) Reference Processing 0.156ms
[7016.884s][debug][gc,phases      ] GC(171)   VM Weak                        Min:  0.0, Avg:  0.0, Max:  0.0, Diff:  0.0, Sum:  0.0, Workers: 4
[7016.884s][debug][gc,phases      ] GC(171)     Dead                           Min: 0, Avg:  0.0, Max: 0, Diff: 0, Sum: 0, Workers: 4
[7016.884s][debug][gc,phases      ] GC(171)     Total                          Min: 0, Avg: 247.2, Max: 640, Diff: 640, Sum: 989, Workers: 4
[7016.884s][debug][gc,phases      ] GC(171)   ObjectSynchronizer Weak        Min:  0.0, Avg:  0.0, Max:  0.0, Diff:  0.0, Sum:  0.0, Workers: 4
[7016.884s][debug][gc,phases      ] GC(171)     Dead                           Min: 0, Avg:  0.0, Max: 0, Diff: 0, Sum: 0, Workers: 4
[7016.884s][debug][gc,phases      ] GC(171)     Total                          Min: 0, Avg:  1.0, Max: 4, Diff: 4, Sum: 4, Workers: 4
[7016.884s][debug][gc,phases      ] GC(171)   JVMTI Tag Weak OopStorage      Min:  0.0, Avg:  0.0, Max:  0.0, Diff:  0.0, Sum:  0.0, Workers: 4
[7016.884s][debug][gc,phases      ] GC(171)     Dead                           Min: 0, Avg:  0.0, Max: 0, Diff: 0, Sum: 0, Workers: 4
[7016.884s][debug][gc,phases      ] GC(171)     Total                          Min: 0, Avg:  0.0, Max: 0, Diff: 0, Sum: 0, Workers: 4
[7016.884s][debug][gc,phases      ] GC(171)   StringTable Weak               Min:  0.0, Avg:  0.1, Max:  0.2, Diff:  0.2, Sum:  0.4, Workers: 4
[7016.884s][debug][gc,phases      ] GC(171)     Dead                           Min: 0, Avg:  0.2, Max: 1, Diff: 1, Sum: 1, Workers: 4
[7016.884s][debug][gc,phases      ] GC(171)     Total                          Min: 0, Avg: 11954.0, Max: 24832, Diff: 24832, Sum: 47816, Workers: 4
[7016.884s][debug][gc,phases      ] GC(171)   ResolvedMethodTable Weak       Min:  0.0, Avg:  0.0, Max:  0.1, Diff:  0.1, Sum:  0.2, Workers: 4
[7016.884s][debug][gc,phases      ] GC(171)     Dead                           Min: 0, Avg:  4.2, Max: 17, Diff: 17, Sum: 17, Workers: 4
[7016.884s][debug][gc,phases      ] GC(171)     Total                          Min: 0, Avg: 3898.5, Max: 8171, Diff: 8171, Sum: 15594, Workers: 4
[7016.884s][debug][gc,phases      ] GC(171)   JNI Weak                       Min:  0.0, Avg:  0.0, Max:  0.0, Diff:  0.0, Sum:  0.0, Workers: 4
[7016.884s][debug][gc,phases      ] GC(171)     Dead                           Min: 0, Avg:  0.0, Max: 0, Diff: 0, Sum: 0, Workers: 4
[7016.884s][debug][gc,phases      ] GC(171)     Total                          Min: 0, Avg: 13.0, Max: 52, Diff: 52, Sum: 52, Workers: 4
[7016.884s][debug][gc,phases      ] GC(171)   StringDedup Table Weak         Min:  0.0, Avg:  0.0, Max:  0.0, Diff:  0.0, Sum:  0.0, Workers: 4
[7016.884s][debug][gc,phases      ] GC(171)     Dead                           Min: 0, Avg:  0.0, Max: 0, Diff: 0, Sum: 0, Workers: 4
[7016.884s][debug][gc,phases      ] GC(171)     Total                          Min: 0, Avg:  0.0, Max: 0, Diff: 0, Sum: 0, Workers: 4
[7016.884s][debug][gc,phases      ] GC(171)   StringDedup Requests0 Weak     Min:  0.0, Avg:  0.0, Max:  0.0, Diff:  0.0, Sum:  0.0, Workers: 4
[7016.884s][debug][gc,phases      ] GC(171)     Dead                           Min: 0, Avg:  0.0, Max: 0, Diff: 0, Sum: 0, Workers: 4
[7016.884s][debug][gc,phases      ] GC(171)     Total                          Min: 0, Avg:  0.0, Max: 0, Diff: 0, Sum: 0, Workers: 4
[7016.884s][debug][gc,phases      ] GC(171)   StringDedup Requests1 Weak     Min:  0.0, Avg:  0.0, Max:  0.0, Diff:  0.0, Sum:  0.0, Workers: 4
[7016.884s][debug][gc,phases      ] GC(171)     Dead                           Min: 0, Avg:  0.0, Max: 0, Diff: 0, Sum: 0, Workers: 4
[7016.884s][debug][gc,phases      ] GC(171)     Total                          Min: 0, Avg:  0.0, Max: 0, Diff: 0, Sum: 0, Workers: 4
[7016.884s][debug][gc,phases      ] GC(171)   Weak JFR Old Object Samples    Min:  0.0, Avg:  0.0, Max:  0.0, Diff:  0.0, Sum:  0.0, Workers: 4
[7016.884s][debug][gc,phases      ] GC(171)     Dead                           Min: 0, Avg:  0.0, Max: 0, Diff: 0, Sum: 0, Workers: 4
[7016.884s][debug][gc,phases      ] GC(171)     Total                          Min: 0, Avg:  0.0, Max: 0, Diff: 0, Sum: 0, Workers: 4
[7016.884s][debug][gc,phases      ] GC(171) Weak Processing 0.561ms
[7016.884s][debug][gc,age         ] GC(171) Desired survivor size 4718592 bytes, new threshold 1 (max threshold 15)
[7016.884s][info ][gc,heap        ] GC(171) PSYoungGen: 2091312K(2092544K)->2864K(2092544K) Eden: 2087936K(2087936K)->0K(2087936K) From: 3376K(4608K)->2864K(4608K)
[7016.884s][info ][gc,heap        ] GC(171) ParOldGen: 526994K(570368K)->527950K(570368K)
[7016.884s][info ][gc,metaspace   ] GC(171) Metaspace: 111007K(112384K)->111007K(112384K) NonClass: 94472K(95232K)->94472K(95232K) Class: 16534K(17152K)->16534K(17152K)
[7016.884s][info ][gc             ] GC(171) Pause Young (Allocation Failure) 2556M->518M(2600M) 13.273ms
[7016.884s][info ][gc,cpu         ] GC(171) User=0.02s Sys=0.00s Real=0.01s
[7016.884s][info ][safepoint      ] Safepoint "ParallelGCFailedAllocation", Time since last: 22001950869 ns, Reaching safepoint: 92800 ns, Cleanup: 5201 ns, At safepoint: 13360216 ns, Total: 13458217 ns
[7017.885s][info ][safepoint      ] Safepoint "Cleanup", Time since last: 1000098018 ns, Reaching safepoint: 7400 ns, Cleanup: 13900 ns, At safepoint: 3100 ns, Total: 24400 ns
[7031.311s][info ][safepoint      ] Safepoint "Cleanup", Time since last: 13426426714 ns, Reaching safepoint: 5700 ns, Cleanup: 7100 ns, At safepoint: 1600 ns, Total: 14400 ns
[7036.311s][info ][safepoint      ] Safepoint "Cleanup", Time since last: 5000411554 ns, Reaching safepoint: 5700 ns, Cleanup: 7600 ns, At safepoint: 2100 ns, Total: 15400 ns
[7047.312s][info ][safepoint      ] Safepoint "Cleanup", Time since last: 11000877884 ns, Reaching safepoint: 5500 ns, Cleanup: 8000 ns, At safepoint: 1900 ns, Total: 15400 ns
[7056.216s][info ][gc,start       ] GC(172) Pause Young (Allocation Failure)
[7056.220s][debug][gc,phases      ] GC(172) Scavenge 3.892ms
[7056.220s][debug][gc,ref         ] GC(172) Skipped SoftWeakFinalRefsPhase of Reference Processing: no references
[7056.220s][debug][gc,ref         ] GC(172) Skipped KeepAliveFinalRefsPhase of Reference Processing: no references
[7056.220s][debug][gc,ref         ] GC(172) Skipped PhantomRefsPhase of Reference Processing: no references
[7056.220s][debug][gc,phases      ] GC(172) Reference Processing 0.022ms
[7056.220s][debug][gc,phases      ] GC(172)   VM Weak                        Min:  0.0, Avg:  0.0, Max:  0.0, Diff:  0.0, Sum:  0.0, Workers: 4
[7056.220s][debug][gc,phases      ] GC(172)     Dead                           Min: 0, Avg:  0.0, Max: 0, Diff: 0, Sum: 0, Workers: 4
[7056.220s][debug][gc,phases      ] GC(172)     Total                          Min: 0, Avg: 247.2, Max: 448, Diff: 448, Sum: 989, Workers: 4
[7056.220s][debug][gc,phases      ] GC(172)   ObjectSynchronizer Weak        Min:  0.0, Avg:  0.0, Max:  0.0, Diff:  0.0, Sum:  0.0, Workers: 4
[7056.220s][debug][gc,phases      ] GC(172)     Dead                           Min: 0, Avg:  0.0, Max: 0, Diff: 0, Sum: 0, Workers: 4
[7056.220s][debug][gc,phases      ] GC(172)     Total                          Min: 0, Avg:  1.0, Max: 4, Diff: 4, Sum: 4, Workers: 4
[7056.220s][debug][gc,phases      ] GC(172)   JVMTI Tag Weak OopStorage      Min:  0.0, Avg:  0.0, Max:  0.0, Diff:  0.0, Sum:  0.0, Workers: 4
[7056.220s][debug][gc,phases      ] GC(172)     Dead                           Min: 0, Avg:  0.0, Max: 0, Diff: 0, Sum: 0, Workers: 4
[7056.220s][debug][gc,phases      ] GC(172)     Total                          Min: 0, Avg:  0.0, Max: 0, Diff: 0, Sum: 0, Workers: 4
[7056.220s][debug][gc,phases      ] GC(172)   StringTable Weak               Min:  0.1, Avg:  0.1, Max:  0.1, Diff:  0.0, Sum:  0.5, Workers: 4
[7056.220s][debug][gc,phases      ] GC(172)     Dead                           Min: 0, Avg:  0.0, Max: 0, Diff: 0, Sum: 0, Workers: 4
[7056.220s][debug][gc,phases      ] GC(172)     Total                          Min: 11711, Avg: 11954.2, Max: 12160, Diff: 449, Sum: 47817, Workers: 4
[7056.220s][debug][gc,phases      ] GC(172)   ResolvedMethodTable Weak       Min:  0.0, Avg:  0.0, Max:  0.0, Diff:  0.0, Sum:  0.2, Workers: 4
[7056.220s][debug][gc,phases      ] GC(172)     Dead                           Min: 0, Avg:  4.0, Max: 16, Diff: 16, Sum: 16, Workers: 4
[7056.220s][debug][gc,phases      ] GC(172)     Total                          Min: 3739, Avg: 3898.5, Max: 4083, Diff: 344, Sum: 15594, Workers: 4
[7056.220s][debug][gc,phases      ] GC(172)   JNI Weak                       Min:  0.0, Avg:  0.0, Max:  0.0, Diff:  0.0, Sum:  0.0, Workers: 4
[7056.220s][debug][gc,phases      ] GC(172)     Dead                           Min: 0, Avg:  0.0, Max: 0, Diff: 0, Sum: 0, Workers: 4
[7056.220s][debug][gc,phases      ] GC(172)     Total                          Min: 0, Avg: 13.0, Max: 52, Diff: 52, Sum: 52, Workers: 4
[7056.220s][debug][gc,phases      ] GC(172)   StringDedup Table Weak         Min:  0.0, Avg:  0.0, Max:  0.0, Diff:  0.0, Sum:  0.0, Workers: 4
[7056.220s][debug][gc,phases      ] GC(172)     Dead                           Min: 0, Avg:  0.0, Max: 0, Diff: 0, Sum: 0, Workers: 4
[7056.220s][debug][gc,phases      ] GC(172)     Total                          Min: 0, Avg:  0.0, Max: 0, Diff: 0, Sum: 0, Workers: 4
[7056.220s][debug][gc,phases      ] GC(172)   StringDedup Requests0 Weak     Min:  0.0, Avg:  0.0, Max:  0.0, Diff:  0.0, Sum:  0.0, Workers: 4
[7056.220s][debug][gc,phases      ] GC(172)     Dead                           Min: 0, Avg:  0.0, Max: 0, Diff: 0, Sum: 0, Workers: 4
[7056.220s][debug][gc,phases      ] GC(172)     Total                          Min: 0, Avg:  0.0, Max: 0, Diff: 0, Sum: 0, Workers: 4
[7056.220s][debug][gc,phases      ] GC(172)   StringDedup Requests1 Weak     Min:  0.0, Avg:  0.0, Max:  0.0, Diff:  0.0, Sum:  0.0, Workers: 4
[7056.220s][debug][gc,phases      ] GC(172)     Dead                           Min: 0, Avg:  0.0, Max: 0, Diff: 0, Sum: 0, Workers: 4
[7056.220s][debug][gc,phases      ] GC(172)     Total                          Min: 0, Avg:  0.0, Max: 0, Diff: 0, Sum: 0, Workers: 4
[7056.220s][debug][gc,phases      ] GC(172)   Weak JFR Old Object Samples    Min:  0.0, Avg:  0.0, Max:  0.0, Diff:  0.0, Sum:  0.0, Workers: 4
[7056.220s][debug][gc,phases      ] GC(172)     Dead                           Min: 0, Avg:  0.0, Max: 0, Diff: 0, Sum: 0, Workers: 4
[7056.220s][debug][gc,phases      ] GC(172)     Total                          Min: 0, Avg:  0.0, Max: 0, Diff: 0, Sum: 0, Workers: 4
[7056.220s][debug][gc,phases      ] GC(172) Weak Processing 0.357ms
[7056.220s][debug][gc,age         ] GC(172) Desired survivor size 4194304 bytes, new threshold 1 (max threshold 15)
[7056.220s][info ][gc,heap        ] GC(172) PSYoungGen: 2090800K(2092544K)->2576K(2092544K) Eden: 2087936K(2087936K)->0K(2087936K) From: 2864K(4608K)->2576K(4608K)
[7056.220s][info ][gc,heap        ] GC(172) ParOldGen: 527950K(570368K)->529366K(570368K)
[7056.220s][info ][gc,metaspace   ] GC(172) Metaspace: 111018K(112384K)->111018K(112384K) NonClass: 94484K(95232K)->94484K(95232K) Class: 16534K(17152K)->16534K(17152K)
[7056.221s][info ][gc             ] GC(172) Pause Young (Allocation Failure) 2557M->519M(2600M) 4.364ms
[7056.221s][info ][gc,cpu         ] GC(172) User=0.01s Sys=0.00s Real=0.01s
[7056.221s][info ][safepoint      ] Safepoint "ParallelGCFailedAllocation", Time since last: 8903698530 ns, Reaching safepoint: 82801 ns, Cleanup: 3900 ns, At safepoint: 4427038 ns, Total: 4513739 ns
[7059.221s][info ][safepoint      ] Safepoint "Cleanup", Time since last: 3000245632 ns, Reaching safepoint: 80501 ns, Cleanup: 7900 ns, At safepoint: 20900 ns, Total: 109301 ns
[7061.221s][info ][safepoint      ] Safepoint "Cleanup", Time since last: 2000172826 ns, Reaching safepoint: 81901 ns, Cleanup: 8700 ns, At safepoint: 7000 ns, Total: 97601 ns
[7064.221s][info ][safepoint      ] Safepoint "Cleanup", Time since last: 3000199639 ns, Reaching safepoint: 78801 ns, Cleanup: 8000 ns, At safepoint: 6700 ns, Total: 93501 ns
[7072.222s][info ][safepoint      ] Safepoint "Cleanup", Time since last: 8000585147 ns, Reaching safepoint: 5000 ns, Cleanup: 6600 ns, At safepoint: 1700 ns, Total: 13300 ns
[7077.222s][info ][safepoint      ] Safepoint "Cleanup", Time since last: 5000379039 ns, Reaching safepoint: 6000 ns, Cleanup: 8501 ns, At safepoint: 1700 ns, Total: 16201 ns
[7093.329s][info ][safepoint      ] Safepoint "Cleanup", Time since last: 16106172301 ns, Reaching safepoint: 6200 ns, Cleanup: 8300 ns, At safepoint: 2400 ns, Total: 16900 ns
[7094.329s][info ][safepoint      ] Safepoint "Cleanup", Time since last: 1000093456 ns, Reaching safepoint: 6400 ns, Cleanup: 8100 ns, At safepoint: 2500 ns, Total: 17000 ns
[7097.389s][info ][gc,start       ] GC(173) Pause Young (Allocation Failure)
[7097.395s][debug][gc,phases      ] GC(173) Scavenge 5.860ms
[7097.395s][debug][gc,ref         ] GC(173) Skipped SoftWeakFinalRefsPhase of Reference Processing: no references
[7097.395s][debug][gc,ref         ] GC(173) Skipped KeepAliveFinalRefsPhase of Reference Processing: no references
[7097.395s][debug][gc,ref         ] GC(173) Skipped PhantomRefsPhase of Reference Processing: no references
[7097.395s][debug][gc,phases      ] GC(173) Reference Processing 0.021ms
[7097.395s][debug][gc,phases      ] GC(173)   VM Weak                        Min:  0.0, Avg:  0.0, Max:  0.0, Diff:  0.0, Sum:  0.0, Workers: 4
[7097.395s][debug][gc,phases      ] GC(173)     Dead                           Min: 0, Avg:  0.0, Max: 0, Diff: 0, Sum: 0, Workers: 4
[7097.395s][debug][gc,phases      ] GC(173)     Total                          Min: 0, Avg: 247.2, Max: 448, Diff: 448, Sum: 989, Workers: 4
[7097.395s][debug][gc,phases      ] GC(173)   ObjectSynchronizer Weak        Min:  0.0, Avg:  0.0, Max:  0.0, Diff:  0.0, Sum:  0.0, Workers: 4
[7097.395s][debug][gc,phases      ] GC(173)     Dead                           Min: 0, Avg:  0.0, Max: 0, Diff: 0, Sum: 0, Workers: 4
[7097.395s][debug][gc,phases      ] GC(173)     Total                          Min: 0, Avg:  1.0, Max: 4, Diff: 4, Sum: 4, Workers: 4
[7097.395s][debug][gc,phases      ] GC(173)   JVMTI Tag Weak OopStorage      Min:  0.0, Avg:  0.0, Max:  0.0, Diff:  0.0, Sum:  0.0, Workers: 4
[7097.395s][debug][gc,phases      ] GC(173)     Dead                           Min: 0, Avg:  0.0, Max: 0, Diff: 0, Sum: 0, Workers: 4
[7097.395s][debug][gc,phases      ] GC(173)     Total                          Min: 0, Avg:  0.0, Max: 0, Diff: 0, Sum: 0, Workers: 4
[7097.395s][debug][gc,phases      ] GC(173)   StringTable Weak               Min:  0.0, Avg:  0.1, Max:  0.1, Diff:  0.1, Sum:  0.4, Workers: 4
[7097.395s][debug][gc,phases      ] GC(173)     Dead                           Min: 0, Avg:  0.0, Max: 0, Diff: 0, Sum: 0, Workers: 4
[7097.395s][debug][gc,phases      ] GC(173)     Total                          Min: 0, Avg: 11954.2, Max: 16576, Diff: 16576, Sum: 47817, Workers: 4
[7097.395s][debug][gc,phases      ] GC(173)   ResolvedMethodTable Weak       Min:  0.0, Avg:  0.0, Max:  0.1, Diff:  0.1, Sum:  0.2, Workers: 4
[7097.395s][debug][gc,phases      ] GC(173)     Dead                           Min: 0, Avg:  4.0, Max: 16, Diff: 16, Sum: 16, Workers: 4
[7097.395s][debug][gc,phases      ] GC(173)     Total                          Min: 0, Avg: 3898.5, Max: 5347, Diff: 5347, Sum: 15594, Workers: 4
[7097.395s][debug][gc,phases      ] GC(173)   JNI Weak                       Min:  0.0, Avg:  0.0, Max:  0.0, Diff:  0.0, Sum:  0.0, Workers: 4
[7097.395s][debug][gc,phases      ] GC(173)     Dead                           Min: 0, Avg:  0.0, Max: 0, Diff: 0, Sum: 0, Workers: 4
[7097.395s][debug][gc,phases      ] GC(173)     Total                          Min: 0, Avg: 13.0, Max: 52, Diff: 52, Sum: 52, Workers: 4
[7097.395s][debug][gc,phases      ] GC(173)   StringDedup Table Weak         Min:  0.0, Avg:  0.0, Max:  0.0, Diff:  0.0, Sum:  0.0, Workers: 4
[7097.395s][debug][gc,phases      ] GC(173)     Dead                           Min: 0, Avg:  0.0, Max: 0, Diff: 0, Sum: 0, Workers: 4
[7097.395s][debug][gc,phases      ] GC(173)     Total                          Min: 0, Avg:  0.0, Max: 0, Diff: 0, Sum: 0, Workers: 4
[7097.395s][debug][gc,phases      ] GC(173)   StringDedup Requests0 Weak     Min:  0.0, Avg:  0.0, Max:  0.0, Diff:  0.0, Sum:  0.0, Workers: 4
[7097.395s][debug][gc,phases      ] GC(173)     Dead                           Min: 0, Avg:  0.0, Max: 0, Diff: 0, Sum: 0, Workers: 4
[7097.395s][debug][gc,phases      ] GC(173)     Total                          Min: 0, Avg:  0.0, Max: 0, Diff: 0, Sum: 0, Workers: 4
[7097.395s][debug][gc,phases      ] GC(173)   StringDedup Requests1 Weak     Min:  0.0, Avg:  0.0, Max:  0.0, Diff:  0.0, Sum:  0.0, Workers: 4
[7097.395s][debug][gc,phases      ] GC(173)     Dead                           Min: 0, Avg:  0.0, Max: 0, Diff: 0, Sum: 0, Workers: 4
[7097.395s][debug][gc,phases      ] GC(173)     Total                          Min: 0, Avg:  0.0, Max: 0, Diff: 0, Sum: 0, Workers: 4
[7097.395s][debug][gc,phases      ] GC(173)   Weak JFR Old Object Samples    Min:  0.0, Avg:  0.0, Max:  0.0, Diff:  0.0, Sum:  0.0, Workers: 4
[7097.395s][debug][gc,phases      ] GC(173)     Dead                           Min: 0, Avg:  0.0, Max: 0, Diff: 0, Sum: 0, Workers: 4
[7097.395s][debug][gc,phases      ] GC(173)     Total                          Min: 0, Avg:  0.0, Max: 0, Diff: 0, Sum: 0, Workers: 4
[7097.395s][debug][gc,phases      ] GC(173) Weak Processing 0.461ms
[7097.395s][debug][gc,age         ] GC(173) Desired survivor size 4718592 bytes, new threshold 1 (max threshold 15)
[7097.395s][info ][gc,heap        ] GC(173) PSYoungGen: 2090512K(2092544K)->3712K(2092032K) Eden: 2087936K(2087936K)->0K(2087936K) From: 2576K(4608K)->3712K(4096K)
[7097.395s][info ][gc,heap        ] GC(173) ParOldGen: 529366K(570368K)->530411K(570368K)
[7097.395s][info ][gc,metaspace   ] GC(173) Metaspace: 111028K(112384K)->111028K(112384K) NonClass: 94494K(95232K)->94494K(95232K) Class: 16534K(17152K)->16534K(17152K)
[7097.395s][info ][gc             ] GC(173) Pause Young (Allocation Failure) 2558M->521M(2600M) 6.478ms
[7097.395s][info ][gc,cpu         ] GC(173) User=0.01s Sys=0.01s Real=0.01s
[7097.395s][info ][safepoint      ] Safepoint "ParallelGCFailedAllocation", Time since last: 3059988891 ns, Reaching safepoint: 5400 ns, Cleanup: 3700 ns, At safepoint: 6548457 ns, Total: 6557557 ns
[7117.397s][info ][safepoint      ] Safepoint "Cleanup", Time since last: 20001464129 ns, Reaching safepoint: 5600 ns, Cleanup: 8600 ns, At safepoint: 2100 ns, Total: 16300 ns
[7137.398s][info ][safepoint      ] Safepoint "Cleanup", Time since last: 20001430081 ns, Reaching safepoint: 6200 ns, Cleanup: 10600 ns, At safepoint: 2200 ns, Total: 19000 ns
[7138.568s][info ][gc,start       ] GC(174) Pause Young (Allocation Failure)
[7138.571s][debug][gc,phases      ] GC(174) Scavenge 3.130ms
[7138.572s][debug][gc,ref         ] GC(174) ReferenceProcessor::execute queues: 1, RefProcThreadModel::Single, marks_oops_alive: false
[7138.572s][debug][gc,ref         ] GC(174) Skipped KeepAliveFinalRefsPhase of Reference Processing: no references
[7138.572s][debug][gc,ref         ] GC(174) Skipped PhantomRefsPhase of Reference Processing: no references
[7138.572s][debug][gc,phases      ] GC(174) Reference Processing 0.106ms
[7138.572s][debug][gc,phases      ] GC(174)   VM Weak                        Min:  0.0, Avg:  0.0, Max:  0.0, Diff:  0.0, Sum:  0.0, Workers: 4
[7138.572s][debug][gc,phases      ] GC(174)     Dead                           Min: 0, Avg:  0.0, Max: 0, Diff: 0, Sum: 0, Workers: 4
[7138.572s][debug][gc,phases      ] GC(174)     Total                          Min: 0, Avg: 247.2, Max: 512, Diff: 512, Sum: 989, Workers: 4
[7138.572s][debug][gc,phases      ] GC(174)   ObjectSynchronizer Weak        Min:  0.0, Avg:  0.0, Max:  0.0, Diff:  0.0, Sum:  0.0, Workers: 4
[7138.572s][debug][gc,phases      ] GC(174)     Dead                           Min: 0, Avg:  0.0, Max: 0, Diff: 0, Sum: 0, Workers: 4
[7138.572s][debug][gc,phases      ] GC(174)     Total                          Min: 0, Avg:  1.0, Max: 4, Diff: 4, Sum: 4, Workers: 4
[7138.572s][debug][gc,phases      ] GC(174)   JVMTI Tag Weak OopStorage      Min:  0.0, Avg:  0.0, Max:  0.0, Diff:  0.0, Sum:  0.0, Workers: 4
[7138.572s][debug][gc,phases      ] GC(174)     Dead                           Min: 0, Avg:  0.0, Max: 0, Diff: 0, Sum: 0, Workers: 4
[7138.572s][debug][gc,phases      ] GC(174)     Total                          Min: 0, Avg:  0.0, Max: 0, Diff: 0, Sum: 0, Workers: 4
[7138.572s][debug][gc,phases      ] GC(174)   StringTable Weak               Min:  0.0, Avg:  0.1, Max:  0.1, Diff:  0.1, Sum:  0.4, Workers: 4
[7138.572s][debug][gc,phases      ] GC(174)     Dead                           Min: 0, Avg:  0.0, Max: 0, Diff: 0, Sum: 0, Workers: 4
[7138.572s][debug][gc,phases      ] GC(174)     Total                          Min: 0, Avg: 11954.2, Max: 20928, Diff: 20928, Sum: 47817, Workers: 4
[7138.572s][debug][gc,phases      ] GC(174)   ResolvedMethodTable Weak       Min:  0.0, Avg:  0.0, Max:  0.0, Diff:  0.0, Sum:  0.1, Workers: 4
[7138.572s][debug][gc,phases      ] GC(174)     Dead                           Min: 0, Avg:  4.0, Max: 16, Diff: 16, Sum: 16, Workers: 4
[7138.572s][debug][gc,phases      ] GC(174)     Total                          Min: 0, Avg: 3898.5, Max: 6856, Diff: 6856, Sum: 15594, Workers: 4
[7138.572s][debug][gc,phases      ] GC(174)   JNI Weak                       Min:  0.0, Avg:  0.0, Max:  0.0, Diff:  0.0, Sum:  0.0, Workers: 4
[7138.572s][debug][gc,phases      ] GC(174)     Dead                           Min: 0, Avg:  0.0, Max: 0, Diff: 0, Sum: 0, Workers: 4
[7138.572s][debug][gc,phases      ] GC(174)     Total                          Min: 0, Avg: 13.0, Max: 52, Diff: 52, Sum: 52, Workers: 4
[7138.572s][debug][gc,phases      ] GC(174)   StringDedup Table Weak         Min:  0.0, Avg:  0.0, Max:  0.0, Diff:  0.0, Sum:  0.0, Workers: 4
[7138.572s][debug][gc,phases      ] GC(174)     Dead                           Min: 0, Avg:  0.0, Max: 0, Diff: 0, Sum: 0, Workers: 4
[7138.572s][debug][gc,phases      ] GC(174)     Total                          Min: 0, Avg:  0.0, Max: 0, Diff: 0, Sum: 0, Workers: 4
[7138.572s][debug][gc,phases      ] GC(174)   StringDedup Requests0 Weak     Min:  0.0, Avg:  0.0, Max:  0.0, Diff:  0.0, Sum:  0.0, Workers: 4
[7138.572s][debug][gc,phases      ] GC(174)     Dead                           Min: 0, Avg:  0.0, Max: 0, Diff: 0, Sum: 0, Workers: 4
[7138.572s][debug][gc,phases      ] GC(174)     Total                          Min: 0, Avg:  0.0, Max: 0, Diff: 0, Sum: 0, Workers: 4
[7138.572s][debug][gc,phases      ] GC(174)   StringDedup Requests1 Weak     Min:  0.0, Avg:  0.0, Max:  0.0, Diff:  0.0, Sum:  0.0, Workers: 4
[7138.572s][debug][gc,phases      ] GC(174)     Dead                           Min: 0, Avg:  0.0, Max: 0, Diff: 0, Sum: 0, Workers: 4
[7138.572s][debug][gc,phases      ] GC(174)     Total                          Min: 0, Avg:  0.0, Max: 0, Diff: 0, Sum: 0, Workers: 4
[7138.572s][debug][gc,phases      ] GC(174)   Weak JFR Old Object Samples    Min:  0.0, Avg:  0.0, Max:  0.0, Diff:  0.0, Sum:  0.0, Workers: 4
[7138.572s][debug][gc,phases      ] GC(174)     Dead                           Min: 0, Avg:  0.0, Max: 0, Diff: 0, Sum: 0, Workers: 4
[7138.572s][debug][gc,phases      ] GC(174)     Total                          Min: 0, Avg:  0.0, Max: 0, Diff: 0, Sum: 0, Workers: 4
[7138.572s][debug][gc,phases      ] GC(174) Weak Processing 0.397ms
[7138.572s][debug][gc,age         ] GC(174) Desired survivor size 4718592 bytes, new threshold 1 (max threshold 15)
[7138.572s][info ][gc,heap        ] GC(174) PSYoungGen: 2091648K(2092032K)->2880K(2092544K) Eden: 2087936K(2087936K)->0K(2087936K) From: 3712K(4096K)->2880K(4608K)
[7138.572s][info ][gc,heap        ] GC(174) ParOldGen: 530411K(570368K)->531859K(570368K)
[7138.572s][info ][gc,metaspace   ] GC(174) Metaspace: 111031K(112384K)->111031K(112384K) NonClass: 94496K(95232K)->94496K(95232K) Class: 16534K(17152K)->16534K(17152K)
[7138.572s][info ][gc             ] GC(174) Pause Young (Allocation Failure) 2560M->522M(2600M) 3.725ms
[7138.572s][info ][gc,cpu         ] GC(174) User=0.01s Sys=0.00s Real=0.01s
[7138.572s][info ][safepoint      ] Safepoint "ParallelGCFailedAllocation", Time since last: 1170038475 ns, Reaching safepoint: 5100 ns, Cleanup: 3000 ns, At safepoint: 3780733 ns, Total: 3788833 ns
[7153.346s][info ][safepoint      ] Safepoint "Cleanup", Time since last: 14773672909 ns, Reaching safepoint: 5900 ns, Cleanup: 8200 ns, At safepoint: 22600 ns, Total: 36700 ns
[7180.666s][info ][gc,start       ] GC(175) Pause Young (Allocation Failure)
[7180.669s][debug][gc,phases      ] GC(175) Scavenge 3.698ms
[7180.669s][debug][gc,ref         ] GC(175) Skipped SoftWeakFinalRefsPhase of Reference Processing: no references
[7180.669s][debug][gc,ref         ] GC(175) Skipped KeepAliveFinalRefsPhase of Reference Processing: no references
[7180.669s][debug][gc,ref         ] GC(175) Skipped PhantomRefsPhase of Reference Processing: no references
[7180.669s][debug][gc,phases      ] GC(175) Reference Processing 0.021ms
[7180.670s][debug][gc,phases      ] GC(175)   VM Weak                        Min:  0.0, Avg:  0.0, Max:  0.0, Diff:  0.0, Sum:  0.0, Workers: 4
[7180.670s][debug][gc,phases      ] GC(175)     Dead                           Min: 0, Avg:  0.0, Max: 0, Diff: 0, Sum: 0, Workers: 4
[7180.670s][debug][gc,phases      ] GC(175)     Total                          Min: 0, Avg: 247.2, Max: 797, Diff: 797, Sum: 989, Workers: 4
[7180.670s][debug][gc,phases      ] GC(175)   ObjectSynchronizer Weak        Min:  0.0, Avg:  0.0, Max:  0.0, Diff:  0.0, Sum:  0.0, Workers: 4
[7180.670s][debug][gc,phases      ] GC(175)     Dead                           Min: 0, Avg:  0.0, Max: 0, Diff: 0, Sum: 0, Workers: 4
[7180.670s][debug][gc,phases      ] GC(175)     Total                          Min: 0, Avg:  1.0, Max: 4, Diff: 4, Sum: 4, Workers: 4
[7180.670s][debug][gc,phases      ] GC(175)   JVMTI Tag Weak OopStorage      Min:  0.0, Avg:  0.0, Max:  0.0, Diff:  0.0, Sum:  0.0, Workers: 4
[7180.670s][debug][gc,phases      ] GC(175)     Dead                           Min: 0, Avg:  0.0, Max: 0, Diff: 0, Sum: 0, Workers: 4
[7180.670s][debug][gc,phases      ] GC(175)     Total                          Min: 0, Avg:  0.0, Max: 0, Diff: 0, Sum: 0, Workers: 4
[7180.670s][debug][gc,phases      ] GC(175)   StringTable Weak               Min:  0.0, Avg:  0.1, Max:  0.2, Diff:  0.2, Sum:  0.5, Workers: 4
[7180.670s][debug][gc,phases      ] GC(175)     Dead                           Min: 0, Avg:  0.0, Max: 0, Diff: 0, Sum: 0, Workers: 4
[7180.670s][debug][gc,phases      ] GC(175)     Total                          Min: 0, Avg: 11954.2, Max: 18879, Diff: 18879, Sum: 47817, Workers: 4
[7180.670s][debug][gc,phases      ] GC(175)   ResolvedMethodTable Weak       Min:  0.0, Avg:  0.0, Max:  0.1, Diff:  0.1, Sum:  0.2, Workers: 4
[7180.670s][debug][gc,phases      ] GC(175)     Dead                           Min: 0, Avg:  4.0, Max: 16, Diff: 16, Sum: 16, Workers: 4
[7180.670s][debug][gc,phases      ] GC(175)     Total                          Min: 0, Avg: 3898.5, Max: 6151, Diff: 6151, Sum: 15594, Workers: 4
[7180.670s][debug][gc,phases      ] GC(175)   JNI Weak                       Min:  0.0, Avg:  0.0, Max:  0.0, Diff:  0.0, Sum:  0.0, Workers: 4
[7180.670s][debug][gc,phases      ] GC(175)     Dead                           Min: 0, Avg:  0.0, Max: 0, Diff: 0, Sum: 0, Workers: 4
[7180.670s][debug][gc,phases      ] GC(175)     Total                          Min: 0, Avg: 13.0, Max: 52, Diff: 52, Sum: 52, Workers: 4
[7180.670s][debug][gc,phases      ] GC(175)   StringDedup Table Weak         Min:  0.0, Avg:  0.0, Max:  0.0, Diff:  0.0, Sum:  0.0, Workers: 4
[7180.670s][debug][gc,phases      ] GC(175)     Dead                           Min: 0, Avg:  0.0, Max: 0, Diff: 0, Sum: 0, Workers: 4
[7180.670s][debug][gc,phases      ] GC(175)     Total                          Min: 0, Avg:  0.0, Max: 0, Diff: 0, Sum: 0, Workers: 4
[7180.670s][debug][gc,phases      ] GC(175)   StringDedup Requests0 Weak     Min:  0.0, Avg:  0.0, Max:  0.0, Diff:  0.0, Sum:  0.0, Workers: 4
[7180.670s][debug][gc,phases      ] GC(175)     Dead                           Min: 0, Avg:  0.0, Max: 0, Diff: 0, Sum: 0, Workers: 4
[7180.670s][debug][gc,phases      ] GC(175)     Total                          Min: 0, Avg:  0.0, Max: 0, Diff: 0, Sum: 0, Workers: 4
[7180.670s][debug][gc,phases      ] GC(175)   StringDedup Requests1 Weak     Min:  0.0, Avg:  0.0, Max:  0.0, Diff:  0.0, Sum:  0.0, Workers: 4
[7180.670s][debug][gc,phases      ] GC(175)     Dead                           Min: 0, Avg:  0.0, Max: 0, Diff: 0, Sum: 0, Workers: 4
[7180.670s][debug][gc,phases      ] GC(175)     Total                          Min: 0, Avg:  0.0, Max: 0, Diff: 0, Sum: 0, Workers: 4
[7180.670s][debug][gc,phases      ] GC(175)   Weak JFR Old Object Samples    Min:  0.0, Avg:  0.0, Max:  0.0, Diff:  0.0, Sum:  0.0, Workers: 4
[7180.670s][debug][gc,phases      ] GC(175)     Dead                           Min: 0, Avg:  0.0, Max: 0, Diff: 0, Sum: 0, Workers: 4
[7180.670s][debug][gc,phases      ] GC(175)     Total                          Min: 0, Avg:  0.0, Max: 0, Diff: 0, Sum: 0, Workers: 4
[7180.670s][debug][gc,phases      ] GC(175) Weak Processing 0.430ms
[7180.670s][debug][gc,age         ] GC(175) Desired survivor size 4718592 bytes, new threshold 1 (max threshold 15)
[7180.670s][info ][gc,heap        ] GC(175) PSYoungGen: 2090816K(2092544K)->3374K(2092544K) Eden: 2087936K(2087936K)->0K(2087936K) From: 2880K(4608K)->3374K(4608K)
[7180.670s][info ][gc,heap        ] GC(175) ParOldGen: 531859K(570368K)->532759K(570368K)
[7180.670s][info ][gc,metaspace   ] GC(175) Metaspace: 111031K(112384K)->111031K(112384K) NonClass: 94496K(95232K)->94496K(95232K) Class: 16534K(17152K)->16534K(17152K)
[7180.670s][info ][gc             ] GC(175) Pause Young (Allocation Failure) 2561M->523M(2600M) 4.275ms
[7180.670s][info ][gc,cpu         ] GC(175) User=0.02s Sys=0.00s Real=0.01s
[7180.670s][info ][safepoint      ] Safepoint "ParallelGCFailedAllocation", Time since last: 27319765984 ns, Reaching safepoint: 82001 ns, Cleanup: 3900 ns, At safepoint: 4342838 ns, Total: 4428739 ns
[7210.364s][info ][safepoint      ] Safepoint "Cleanup", Time since last: 29693853866 ns, Reaching safepoint: 6600 ns, Cleanup: 15200 ns, At safepoint: 2400 ns, Total: 24200 ns
[7225.875s][info ][gc,start       ] GC(176) Pause Young (Allocation Failure)
[7225.888s][debug][gc,phases      ] GC(176) Scavenge 12.089ms
[7225.888s][debug][gc,ref         ] GC(176) Skipped SoftWeakFinalRefsPhase of Reference Processing: no references
[7225.888s][debug][gc,ref         ] GC(176) Skipped KeepAliveFinalRefsPhase of Reference Processing: no references
[7225.888s][debug][gc,ref         ] GC(176) ReferenceProcessor::execute queues: 1, RefProcThreadModel::Single, marks_oops_alive: false
[7225.888s][debug][gc,phases      ] GC(176) Reference Processing 0.116ms
[7225.888s][debug][gc,phases      ] GC(176)   VM Weak                        Min:  0.0, Avg:  0.0, Max:  0.0, Diff:  0.0, Sum:  0.0, Workers: 4
[7225.888s][debug][gc,phases      ] GC(176)     Dead                           Min: 0, Avg:  0.0, Max: 0, Diff: 0, Sum: 0, Workers: 4
[7225.888s][debug][gc,phases      ] GC(176)     Total                          Min: 0, Avg: 247.2, Max: 896, Diff: 896, Sum: 989, Workers: 4
[7225.888s][debug][gc,phases      ] GC(176)   ObjectSynchronizer Weak        Min:  0.0, Avg:  0.0, Max:  0.0, Diff:  0.0, Sum:  0.0, Workers: 4
[7225.888s][debug][gc,phases      ] GC(176)     Dead                           Min: 0, Avg:  0.0, Max: 0, Diff: 0, Sum: 0, Workers: 4
[7225.888s][debug][gc,phases      ] GC(176)     Total                          Min: 0, Avg:  0.8, Max: 3, Diff: 3, Sum: 3, Workers: 4
[7225.888s][debug][gc,phases      ] GC(176)   JVMTI Tag Weak OopStorage      Min:  0.0, Avg:  0.0, Max:  0.0, Diff:  0.0, Sum:  0.0, Workers: 4
[7225.888s][debug][gc,phases      ] GC(176)     Dead                           Min: 0, Avg:  0.0, Max: 0, Diff: 0, Sum: 0, Workers: 4
[7225.888s][debug][gc,phases      ] GC(176)     Total                          Min: 0, Avg:  0.0, Max: 0, Diff: 0, Sum: 0, Workers: 4
[7225.888s][debug][gc,phases      ] GC(176)   StringTable Weak               Min:  0.0, Avg:  0.1, Max:  0.1, Diff:  0.1, Sum:  0.4, Workers: 4
[7225.888s][debug][gc,phases      ] GC(176)     Dead                           Min: 0, Avg:  0.0, Max: 0, Diff: 0, Sum: 0, Workers: 4
[7225.888s][debug][gc,phases      ] GC(176)     Total                          Min: 0, Avg: 11954.2, Max: 16768, Diff: 16768, Sum: 47817, Workers: 4
[7225.888s][debug][gc,phases      ] GC(176)   ResolvedMethodTable Weak       Min:  0.0, Avg:  0.0, Max:  0.1, Diff:  0.1, Sum:  0.1, Workers: 4
[7225.888s][debug][gc,phases      ] GC(176)     Dead                           Min: 0, Avg:  6.0, Max: 21, Diff: 21, Sum: 24, Workers: 4
[7225.888s][debug][gc,phases      ] GC(176)     Total                          Min: 0, Avg: 3898.5, Max: 5515, Diff: 5515, Sum: 15594, Workers: 4
[7225.888s][debug][gc,phases      ] GC(176)   JNI Weak                       Min:  0.0, Avg:  0.0, Max:  0.0, Diff:  0.0, Sum:  0.0, Workers: 4
[7225.888s][debug][gc,phases      ] GC(176)     Dead                           Min: 0, Avg:  0.0, Max: 0, Diff: 0, Sum: 0, Workers: 4
[7225.888s][debug][gc,phases      ] GC(176)     Total                          Min: 0, Avg: 13.0, Max: 52, Diff: 52, Sum: 52, Workers: 4
[7225.888s][debug][gc,phases      ] GC(176)   StringDedup Table Weak         Min:  0.0, Avg:  0.0, Max:  0.0, Diff:  0.0, Sum:  0.0, Workers: 4
[7225.888s][debug][gc,phases      ] GC(176)     Dead                           Min: 0, Avg:  0.0, Max: 0, Diff: 0, Sum: 0, Workers: 4
[7225.888s][debug][gc,phases      ] GC(176)     Total                          Min: 0, Avg:  0.0, Max: 0, Diff: 0, Sum: 0, Workers: 4
[7225.888s][debug][gc,phases      ] GC(176)   StringDedup Requests0 Weak     Min:  0.0, Avg:  0.0, Max:  0.0, Diff:  0.0, Sum:  0.0, Workers: 4
[7225.888s][debug][gc,phases      ] GC(176)     Dead                           Min: 0, Avg:  0.0, Max: 0, Diff: 0, Sum: 0, Workers: 4
[7225.888s][debug][gc,phases      ] GC(176)     Total                          Min: 0, Avg:  0.0, Max: 0, Diff: 0, Sum: 0, Workers: 4
[7225.888s][debug][gc,phases      ] GC(176)   StringDedup Requests1 Weak     Min:  0.0, Avg:  0.0, Max:  0.0, Diff:  0.0, Sum:  0.0, Workers: 4
[7225.888s][debug][gc,phases      ] GC(176)     Dead                           Min: 0, Avg:  0.0, Max: 0, Diff: 0, Sum: 0, Workers: 4
[7225.888s][debug][gc,phases      ] GC(176)     Total                          Min: 0, Avg:  0.0, Max: 0, Diff: 0, Sum: 0, Workers: 4
[7225.888s][debug][gc,phases      ] GC(176)   Weak JFR Old Object Samples    Min:  0.0, Avg:  0.0, Max:  0.0, Diff:  0.0, Sum:  0.0, Workers: 4
[7225.888s][debug][gc,phases      ] GC(176)     Dead                           Min: 0, Avg:  0.0, Max: 0, Diff: 0, Sum: 0, Workers: 4
[7225.888s][debug][gc,phases      ] GC(176)     Total                          Min: 0, Avg:  0.0, Max: 0, Diff: 0, Sum: 0, Workers: 4
[7225.888s][debug][gc,phases      ] GC(176) Weak Processing 0.447ms
[7225.888s][debug][gc,age         ] GC(176) Desired survivor size 4718592 bytes, new threshold 1 (max threshold 15)
[7225.888s][info ][gc,heap        ] GC(176) PSYoungGen: 2091310K(2092544K)->1664K(2092544K) Eden: 2087936K(2087936K)->0K(2087936K) From: 3374K(4608K)->1664K(4608K)
[7225.888s][info ][gc,heap        ] GC(176) ParOldGen: 532759K(570368K)->535105K(570368K)
[7225.888s][info ][gc,metaspace   ] GC(176) Metaspace: 111037K(112384K)->111037K(112384K) NonClass: 94503K(95232K)->94503K(95232K) Class: 16534K(17152K)->16534K(17152K)
[7225.888s][info ][gc             ] GC(176) Pause Young (Allocation Failure) 2562M->524M(2600M) 13.010ms
[7225.888s][info ][gc,cpu         ] GC(176) User=0.01s Sys=0.00s Real=0.01s
[7225.888s][info ][safepoint      ] Safepoint "ParallelGCFailedAllocation", Time since last: 15511479935 ns, Reaching safepoint: 7100 ns, Cleanup: 4500 ns, At safepoint: 13085427 ns, Total: 13097027 ns
[7230.889s][info ][safepoint      ] Safepoint "Cleanup", Time since last: 5000490514 ns, Reaching safepoint: 6900 ns, Cleanup: 10900 ns, At safepoint: 2500 ns, Total: 20300 ns
[7270.949s][info ][gc,start       ] GC(177) Pause Young (Allocation Failure)
[7270.952s][debug][gc,phases      ] GC(177) Scavenge 2.387ms
[7270.952s][debug][gc,ref         ] GC(177) Skipped SoftWeakFinalRefsPhase of Reference Processing: no references
[7270.952s][debug][gc,ref         ] GC(177) Skipped KeepAliveFinalRefsPhase of Reference Processing: no references
[7270.952s][debug][gc,ref         ] GC(177) ReferenceProcessor::execute queues: 1, RefProcThreadModel::Single, marks_oops_alive: false
[7270.952s][debug][gc,phases      ] GC(177) Reference Processing 0.096ms
[7270.952s][debug][gc,phases      ] GC(177)   VM Weak                        Min:  0.0, Avg:  0.0, Max:  0.0, Diff:  0.0, Sum:  0.0, Workers: 4
[7270.952s][debug][gc,phases      ] GC(177)     Dead                           Min: 0, Avg:  0.0, Max: 0, Diff: 0, Sum: 0, Workers: 4
[7270.952s][debug][gc,phases      ] GC(177)     Total                          Min: 0, Avg: 247.2, Max: 605, Diff: 605, Sum: 989, Workers: 4
[7270.952s][debug][gc,phases      ] GC(177)   ObjectSynchronizer Weak        Min:  0.0, Avg:  0.0, Max:  0.0, Diff:  0.0, Sum:  0.0, Workers: 4
[7270.952s][debug][gc,phases      ] GC(177)     Dead                           Min: 0, Avg:  0.0, Max: 0, Diff: 0, Sum: 0, Workers: 4
[7270.952s][debug][gc,phases      ] GC(177)     Total                          Min: 0, Avg:  0.8, Max: 3, Diff: 3, Sum: 3, Workers: 4
[7270.952s][debug][gc,phases      ] GC(177)   JVMTI Tag Weak OopStorage      Min:  0.0, Avg:  0.0, Max:  0.0, Diff:  0.0, Sum:  0.0, Workers: 4
[7270.952s][debug][gc,phases      ] GC(177)     Dead                           Min: 0, Avg:  0.0, Max: 0, Diff: 0, Sum: 0, Workers: 4
[7270.952s][debug][gc,phases      ] GC(177)     Total                          Min: 0, Avg:  0.0, Max: 0, Diff: 0, Sum: 0, Workers: 4
[7270.952s][debug][gc,phases      ] GC(177)   StringTable Weak               Min:  0.0, Avg:  0.1, Max:  0.1, Diff:  0.1, Sum:  0.4, Workers: 4
[7270.952s][debug][gc,phases      ] GC(177)     Dead                           Min: 0, Avg:  0.0, Max: 0, Diff: 0, Sum: 0, Workers: 4
[7270.952s][debug][gc,phases      ] GC(177)     Total                          Min: 0, Avg: 11954.2, Max: 20288, Diff: 20288, Sum: 47817, Workers: 4
[7270.952s][debug][gc,phases      ] GC(177)   ResolvedMethodTable Weak       Min:  0.0, Avg:  0.0, Max:  0.0, Diff:  0.0, Sum:  0.1, Workers: 4
[7270.952s][debug][gc,phases      ] GC(177)     Dead                           Min: 0, Avg:  4.5, Max: 18, Diff: 18, Sum: 18, Workers: 4
[7270.952s][debug][gc,phases      ] GC(177)     Total                          Min: 0, Avg: 3898.5, Max: 6554, Diff: 6554, Sum: 15594, Workers: 4
[7270.952s][debug][gc,phases      ] GC(177)   JNI Weak                       Min:  0.0, Avg:  0.0, Max:  0.0, Diff:  0.0, Sum:  0.0, Workers: 4
[7270.952s][debug][gc,phases      ] GC(177)     Dead                           Min: 0, Avg:  0.0, Max: 0, Diff: 0, Sum: 0, Workers: 4
[7270.952s][debug][gc,phases      ] GC(177)     Total                          Min: 0, Avg: 13.0, Max: 52, Diff: 52, Sum: 52, Workers: 4
[7270.952s][debug][gc,phases      ] GC(177)   StringDedup Table Weak         Min:  0.0, Avg:  0.0, Max:  0.0, Diff:  0.0, Sum:  0.0, Workers: 4
[7270.952s][debug][gc,phases      ] GC(177)     Dead                           Min: 0, Avg:  0.0, Max: 0, Diff: 0, Sum: 0, Workers: 4
[7270.952s][debug][gc,phases      ] GC(177)     Total                          Min: 0, Avg:  0.0, Max: 0, Diff: 0, Sum: 0, Workers: 4
[7270.952s][debug][gc,phases      ] GC(177)   StringDedup Requests0 Weak     Min:  0.0, Avg:  0.0, Max:  0.0, Diff:  0.0, Sum:  0.0, Workers: 4
[7270.952s][debug][gc,phases      ] GC(177)     Dead                           Min: 0, Avg:  0.0, Max: 0, Diff: 0, Sum: 0, Workers: 4
[7270.952s][debug][gc,phases      ] GC(177)     Total                          Min: 0, Avg:  0.0, Max: 0, Diff: 0, Sum: 0, Workers: 4
[7270.952s][debug][gc,phases      ] GC(177)   StringDedup Requests1 Weak     Min:  0.0, Avg:  0.0, Max:  0.0, Diff:  0.0, Sum:  0.0, Workers: 4
[7270.952s][debug][gc,phases      ] GC(177)     Dead                           Min: 0, Avg:  0.0, Max: 0, Diff: 0, Sum: 0, Workers: 4
[7270.952s][debug][gc,phases      ] GC(177)     Total                          Min: 0, Avg:  0.0, Max: 0, Diff: 0, Sum: 0, Workers: 4
[7270.952s][debug][gc,phases      ] GC(177)   Weak JFR Old Object Samples    Min:  0.0, Avg:  0.0, Max:  0.0, Diff:  0.0, Sum:  0.0, Workers: 4
[7270.952s][debug][gc,phases      ] GC(177)     Dead                           Min: 0, Avg:  0.0, Max: 0, Diff: 0, Sum: 0, Workers: 4
[7270.952s][debug][gc,phases      ] GC(177)     Total                          Min: 0, Avg:  0.0, Max: 0, Diff: 0, Sum: 0, Workers: 4
[7270.952s][debug][gc,phases      ] GC(177) Weak Processing 0.349ms
[7270.952s][debug][gc,age         ] GC(177) Desired survivor size 4718592 bytes, new threshold 1 (max threshold 15)
[7270.952s][info ][gc,heap        ] GC(177) PSYoungGen: 2089600K(2092544K)->2464K(2092544K) Eden: 2087936K(2087936K)->0K(2087936K) From: 1664K(4608K)->2464K(4608K)
[7270.952s][info ][gc,heap        ] GC(177) ParOldGen: 535105K(570368K)->535785K(570368K)
[7270.952s][info ][gc,metaspace   ] GC(177) Metaspace: 111041K(112384K)->111041K(112384K) NonClass: 94506K(95232K)->94506K(95232K) Class: 16534K(17152K)->16534K(17152K)
[7270.952s][info ][gc             ] GC(177) Pause Young (Allocation Failure) 2563M->525M(2600M) 3.215ms
[7270.952s][info ][gc,cpu         ] GC(177) User=0.01s Sys=0.01s Real=0.01s
[7270.952s][info ][safepoint      ] Safepoint "ParallelGCFailedAllocation", Time since last: 40060062637 ns, Reaching safepoint: 5100 ns, Cleanup: 3600 ns, At safepoint: 3273329 ns, Total: 3282029 ns
[7315.957s][info ][gc,start       ] GC(178) Pause Young (Allocation Failure)
[7315.960s][debug][gc,phases      ] GC(178) Scavenge 2.430ms
[7315.960s][debug][gc,ref         ] GC(178) Skipped SoftWeakFinalRefsPhase of Reference Processing: no references
[7315.960s][debug][gc,ref         ] GC(178) Skipped KeepAliveFinalRefsPhase of Reference Processing: no references
[7315.960s][debug][gc,ref         ] GC(178) Skipped PhantomRefsPhase of Reference Processing: no references
[7315.960s][debug][gc,phases      ] GC(178) Reference Processing 0.022ms
[7315.960s][debug][gc,phases      ] GC(178)   VM Weak                        Min:  0.0, Avg:  0.0, Max:  0.0, Diff:  0.0, Sum:  0.0, Workers: 4
[7315.960s][debug][gc,phases      ] GC(178)     Dead                           Min: 0, Avg:  0.0, Max: 0, Diff: 0, Sum: 0, Workers: 4
[7315.960s][debug][gc,phases      ] GC(178)     Total                          Min: 0, Avg: 247.2, Max: 733, Diff: 733, Sum: 989, Workers: 4
[7315.960s][debug][gc,phases      ] GC(178)   ObjectSynchronizer Weak        Min:  0.0, Avg:  0.0, Max:  0.0, Diff:  0.0, Sum:  0.0, Workers: 4
[7315.960s][debug][gc,phases      ] GC(178)     Dead                           Min: 0, Avg:  0.0, Max: 0, Diff: 0, Sum: 0, Workers: 4
[7315.960s][debug][gc,phases      ] GC(178)     Total                          Min: 0, Avg:  0.8, Max: 3, Diff: 3, Sum: 3, Workers: 4
[7315.960s][debug][gc,phases      ] GC(178)   JVMTI Tag Weak OopStorage      Min:  0.0, Avg:  0.0, Max:  0.0, Diff:  0.0, Sum:  0.0, Workers: 4
[7315.960s][debug][gc,phases      ] GC(178)     Dead                           Min: 0, Avg:  0.0, Max: 0, Diff: 0, Sum: 0, Workers: 4
[7315.960s][debug][gc,phases      ] GC(178)     Total                          Min: 0, Avg:  0.0, Max: 0, Diff: 0, Sum: 0, Workers: 4
[7315.960s][debug][gc,phases      ] GC(178)   StringTable Weak               Min:  0.0, Avg:  0.1, Max:  0.1, Diff:  0.1, Sum:  0.4, Workers: 4
[7315.960s][debug][gc,phases      ] GC(178)     Dead                           Min: 0, Avg:  0.0, Max: 0, Diff: 0, Sum: 0, Workers: 4
[7315.960s][debug][gc,phases      ] GC(178)     Total                          Min: 0, Avg: 11954.2, Max: 21321, Diff: 21321, Sum: 47817, Workers: 4
[7315.960s][debug][gc,phases      ] GC(178)   ResolvedMethodTable Weak       Min:  0.0, Avg:  0.0, Max:  0.0, Diff:  0.0, Sum:  0.1, Workers: 4
[7315.960s][debug][gc,phases      ] GC(178)     Dead                           Min: 0, Avg:  4.0, Max: 16, Diff: 16, Sum: 16, Workers: 4
[7315.960s][debug][gc,phases      ] GC(178)     Total                          Min: 0, Avg: 3898.5, Max: 6824, Diff: 6824, Sum: 15594, Workers: 4
[7315.960s][debug][gc,phases      ] GC(178)   JNI Weak                       Min:  0.0, Avg:  0.0, Max:  0.0, Diff:  0.0, Sum:  0.0, Workers: 4
[7315.960s][debug][gc,phases      ] GC(178)     Dead                           Min: 0, Avg:  0.0, Max: 0, Diff: 0, Sum: 0, Workers: 4
[7315.960s][debug][gc,phases      ] GC(178)     Total                          Min: 0, Avg: 13.0, Max: 52, Diff: 52, Sum: 52, Workers: 4
[7315.960s][debug][gc,phases      ] GC(178)   StringDedup Table Weak         Min:  0.0, Avg:  0.0, Max:  0.0, Diff:  0.0, Sum:  0.0, Workers: 4
[7315.960s][debug][gc,phases      ] GC(178)     Dead                           Min: 0, Avg:  0.0, Max: 0, Diff: 0, Sum: 0, Workers: 4
[7315.960s][debug][gc,phases      ] GC(178)     Total                          Min: 0, Avg:  0.0, Max: 0, Diff: 0, Sum: 0, Workers: 4
[7315.960s][debug][gc,phases      ] GC(178)   StringDedup Requests0 Weak     Min:  0.0, Avg:  0.0, Max:  0.0, Diff:  0.0, Sum:  0.0, Workers: 4
[7315.960s][debug][gc,phases      ] GC(178)     Dead                           Min: 0, Avg:  0.0, Max: 0, Diff: 0, Sum: 0, Workers: 4
[7315.960s][debug][gc,phases      ] GC(178)     Total                          Min: 0, Avg:  0.0, Max: 0, Diff: 0, Sum: 0, Workers: 4
[7315.960s][debug][gc,phases      ] GC(178)   StringDedup Requests1 Weak     Min:  0.0, Avg:  0.0, Max:  0.0, Diff:  0.0, Sum:  0.0, Workers: 4
[7315.960s][debug][gc,phases      ] GC(178)     Dead                           Min: 0, Avg:  0.0, Max: 0, Diff: 0, Sum: 0, Workers: 4
[7315.960s][debug][gc,phases      ] GC(178)     Total                          Min: 0, Avg:  0.0, Max: 0, Diff: 0, Sum: 0, Workers: 4
[7315.960s][debug][gc,phases      ] GC(178)   Weak JFR Old Object Samples    Min:  0.0, Avg:  0.0, Max:  0.0, Diff:  0.0, Sum:  0.0, Workers: 4
[7315.960s][debug][gc,phases      ] GC(178)     Dead                           Min: 0, Avg:  0.0, Max: 0, Diff: 0, Sum: 0, Workers: 4
[7315.960s][debug][gc,phases      ] GC(178)     Total                          Min: 0, Avg:  0.0, Max: 0, Diff: 0, Sum: 0, Workers: 4
[7315.960s][debug][gc,phases      ] GC(178) Weak Processing 0.378ms
[7315.960s][debug][gc,age         ] GC(178) Desired survivor size 4718592 bytes, new threshold 1 (max threshold 15)
[7315.960s][info ][gc,heap        ] GC(178) PSYoungGen: 2090400K(2092544K)->2064K(2092544K) Eden: 2087936K(2087936K)->0K(2087936K) From: 2464K(4608K)->2064K(4608K)
[7315.960s][info ][gc,heap        ] GC(178) ParOldGen: 535785K(570368K)->537089K(570368K)
[7315.960s][info ][gc,metaspace   ] GC(178) Metaspace: 111045K(112384K)->111045K(112384K) NonClass: 94511K(95232K)->94511K(95232K) Class: 16534K(17152K)->16534K(17152K)
[7315.960s][info ][gc             ] GC(178) Pause Young (Allocation Failure) 2564M->526M(2600M) 2.942ms
[7315.960s][info ][gc,cpu         ] GC(178) User=0.01s Sys=0.00s Real=0.01s
[7315.960s][info ][safepoint      ] Safepoint "ParallelGCFailedAllocation", Time since last: 45005169267 ns, Reaching safepoint: 5500 ns, Cleanup: 4000 ns, At safepoint: 3003225 ns, Total: 3012725 ns
[7358.966s][info ][gc,start       ] GC(179) Pause Young (Allocation Failure)
[7358.969s][debug][gc,phases      ] GC(179) Scavenge 3.136ms
[7358.969s][debug][gc,ref         ] GC(179) Skipped SoftWeakFinalRefsPhase of Reference Processing: no references
[7358.969s][debug][gc,ref         ] GC(179) Skipped KeepAliveFinalRefsPhase of Reference Processing: no references
[7358.969s][debug][gc,ref         ] GC(179) ReferenceProcessor::execute queues: 1, RefProcThreadModel::Single, marks_oops_alive: false
[7358.969s][debug][gc,phases      ] GC(179) Reference Processing 0.099ms
[7358.969s][debug][gc,phases      ] GC(179)   VM Weak                        Min:  0.0, Avg:  0.0, Max:  0.0, Diff:  0.0, Sum:  0.0, Workers: 4
[7358.969s][debug][gc,phases      ] GC(179)     Dead                           Min: 0, Avg:  0.0, Max: 0, Diff: 0, Sum: 0, Workers: 4
[7358.969s][debug][gc,phases      ] GC(179)     Total                          Min: 0, Avg: 247.2, Max: 861, Diff: 861, Sum: 989, Workers: 4
[7358.969s][debug][gc,phases      ] GC(179)   ObjectSynchronizer Weak        Min:  0.0, Avg:  0.0, Max:  0.0, Diff:  0.0, Sum:  0.0, Workers: 4
[7358.969s][debug][gc,phases      ] GC(179)     Dead                           Min: 0, Avg:  0.0, Max: 0, Diff: 0, Sum: 0, Workers: 4
[7358.969s][debug][gc,phases      ] GC(179)     Total                          Min: 0, Avg:  1.0, Max: 4, Diff: 4, Sum: 4, Workers: 4
[7358.969s][debug][gc,phases      ] GC(179)   JVMTI Tag Weak OopStorage      Min:  0.0, Avg:  0.0, Max:  0.0, Diff:  0.0, Sum:  0.0, Workers: 4
[7358.969s][debug][gc,phases      ] GC(179)     Dead                           Min: 0, Avg:  0.0, Max: 0, Diff: 0, Sum: 0, Workers: 4
[7358.969s][debug][gc,phases      ] GC(179)     Total                          Min: 0, Avg:  0.0, Max: 0, Diff: 0, Sum: 0, Workers: 4
[7358.969s][debug][gc,phases      ] GC(179)   StringTable Weak               Min:  0.0, Avg:  0.1, Max:  0.1, Diff:  0.1, Sum:  0.4, Workers: 4
[7358.969s][debug][gc,phases      ] GC(179)     Dead                           Min: 0, Avg:  0.0, Max: 0, Diff: 0, Sum: 0, Workers: 4
[7358.969s][debug][gc,phases      ] GC(179)     Total                          Min: 0, Avg: 11954.2, Max: 20735, Diff: 20735, Sum: 47817, Workers: 4
[7358.969s][debug][gc,phases      ] GC(179)   ResolvedMethodTable Weak       Min:  0.0, Avg:  0.0, Max:  0.0, Diff:  0.0, Sum:  0.1, Workers: 4
[7358.969s][debug][gc,phases      ] GC(179)     Dead                           Min: 0, Avg:  4.0, Max: 16, Diff: 16, Sum: 16, Workers: 4
[7358.969s][debug][gc,phases      ] GC(179)     Total                          Min: 0, Avg: 3898.5, Max: 6726, Diff: 6726, Sum: 15594, Workers: 4
[7358.969s][debug][gc,phases      ] GC(179)   JNI Weak                       Min:  0.0, Avg:  0.0, Max:  0.0, Diff:  0.0, Sum:  0.0, Workers: 4
[7358.969s][debug][gc,phases      ] GC(179)     Dead                           Min: 0, Avg:  0.0, Max: 0, Diff: 0, Sum: 0, Workers: 4
[7358.969s][debug][gc,phases      ] GC(179)     Total                          Min: 0, Avg: 13.0, Max: 52, Diff: 52, Sum: 52, Workers: 4
[7358.969s][debug][gc,phases      ] GC(179)   StringDedup Table Weak         Min:  0.0, Avg:  0.0, Max:  0.0, Diff:  0.0, Sum:  0.0, Workers: 4
[7358.969s][debug][gc,phases      ] GC(179)     Dead                           Min: 0, Avg:  0.0, Max: 0, Diff: 0, Sum: 0, Workers: 4
[7358.969s][debug][gc,phases      ] GC(179)     Total                          Min: 0, Avg:  0.0, Max: 0, Diff: 0, Sum: 0, Workers: 4
[7358.969s][debug][gc,phases      ] GC(179)   StringDedup Requests0 Weak     Min:  0.0, Avg:  0.0, Max:  0.0, Diff:  0.0, Sum:  0.0, Workers: 4
[7358.969s][debug][gc,phases      ] GC(179)     Dead                           Min: 0, Avg:  0.0, Max: 0, Diff: 0, Sum: 0, Workers: 4
[7358.969s][debug][gc,phases      ] GC(179)     Total                          Min: 0, Avg:  0.0, Max: 0, Diff: 0, Sum: 0, Workers: 4
[7358.969s][debug][gc,phases      ] GC(179)   StringDedup Requests1 Weak     Min:  0.0, Avg:  0.0, Max:  0.0, Diff:  0.0, Sum:  0.0, Workers: 4
[7358.969s][debug][gc,phases      ] GC(179)     Dead                           Min: 0, Avg:  0.0, Max: 0, Diff: 0, Sum: 0, Workers: 4
[7358.969s][debug][gc,phases      ] GC(179)     Total                          Min: 0, Avg:  0.0, Max: 0, Diff: 0, Sum: 0, Workers: 4
[7358.969s][debug][gc,phases      ] GC(179)   Weak JFR Old Object Samples    Min:  0.0, Avg:  0.0, Max:  0.0, Diff:  0.0, Sum:  0.0, Workers: 4
[7358.969s][debug][gc,phases      ] GC(179)     Dead                           Min: 0, Avg:  0.0, Max: 0, Diff: 0, Sum: 0, Workers: 4
[7358.969s][debug][gc,phases      ] GC(179)     Total                          Min: 0, Avg:  0.0, Max: 0, Diff: 0, Sum: 0, Workers: 4
[7358.969s][debug][gc,phases      ] GC(179) Weak Processing 0.368ms
[7358.969s][debug][gc,age         ] GC(179) Desired survivor size 4718592 bytes, new threshold 1 (max threshold 15)
[7358.969s][info ][gc,heap        ] GC(179) PSYoungGen: 2090000K(2092544K)->2720K(2092544K) Eden: 2087936K(2087936K)->0K(2087936K) From: 2064K(4608K)->2720K(4608K)
[7358.969s][info ][gc,heap        ] GC(179) ParOldGen: 537089K(570368K)->538046K(570368K)
[7358.969s][info ][gc,metaspace   ] GC(179) Metaspace: 111048K(112384K)->111048K(112384K) NonClass: 94514K(95232K)->94514K(95232K) Class: 16534K(17152K)->16534K(17152K)
[7358.969s][info ][gc             ] GC(179) Pause Young (Allocation Failure) 2565M->528M(2600M) 3.703ms
[7358.969s][info ][gc,cpu         ] GC(179) User=0.01s Sys=0.00s Real=0.00s
[7358.969s][info ][safepoint      ] Safepoint "ParallelGCFailedAllocation", Time since last: 43005223086 ns, Reaching safepoint: 29900 ns, Cleanup: 4300 ns, At safepoint: 3767733 ns, Total: 3801933 ns
[7364.970s][info ][safepoint      ] Safepoint "Cleanup", Time since last: 6000468534 ns, Reaching safepoint: 80101 ns, Cleanup: 9200 ns, At safepoint: 6800 ns, Total: 96101 ns
[7368.970s][info ][safepoint      ] Safepoint "Cleanup", Time since last: 4000338295 ns, Reaching safepoint: 81001 ns, Cleanup: 13800 ns, At safepoint: 21900 ns, Total: 116701 ns
[7377.971s][info ][safepoint      ] Safepoint "Cleanup", Time since last: 9000724659 ns, Reaching safepoint: 5200 ns, Cleanup: 7500 ns, At safepoint: 1800 ns, Total: 14500 ns
[7379.971s][info ][safepoint      ] Safepoint "Cleanup", Time since last: 2000176880 ns, Reaching safepoint: 4900 ns, Cleanup: 8700 ns, At safepoint: 1900 ns, Total: 15500 ns
[7382.442s][info ][safepoint      ] Safepoint "Cleanup", Time since last: 2470183710 ns, Reaching safepoint: 4200 ns, Cleanup: 7200 ns, At safepoint: 2500 ns, Total: 13900 ns
[7387.442s][info ][safepoint      ] Safepoint "Cleanup", Time since last: 5000429379 ns, Reaching safepoint: 4900 ns, Cleanup: 6900 ns, At safepoint: 1900 ns, Total: 13700 ns
[7394.443s][info ][safepoint      ] Safepoint "Cleanup", Time since last: 7000495252 ns, Reaching safepoint: 6000 ns, Cleanup: 9100 ns, At safepoint: 2400 ns, Total: 17500 ns
[7396.443s][info ][safepoint      ] Safepoint "Cleanup", Time since last: 2000195310 ns, Reaching safepoint: 6100 ns, Cleanup: 16300 ns, At safepoint: 1800 ns, Total: 24200 ns
[7399.266s][info ][gc,start       ] GC(180) Pause Young (Allocation Failure)
[7399.269s][debug][gc,phases      ] GC(180) Scavenge 3.720ms
[7399.269s][debug][gc,ref         ] GC(180) Skipped SoftWeakFinalRefsPhase of Reference Processing: no references
[7399.269s][debug][gc,ref         ] GC(180) Skipped KeepAliveFinalRefsPhase of Reference Processing: no references
[7399.269s][debug][gc,ref         ] GC(180) ReferenceProcessor::execute queues: 1, RefProcThreadModel::Single, marks_oops_alive: false
[7399.269s][debug][gc,phases      ] GC(180) Reference Processing 0.098ms
[7399.270s][debug][gc,phases      ] GC(180)   VM Weak                        Min:  0.0, Avg:  0.0, Max:  0.0, Diff:  0.0, Sum:  0.0, Workers: 4
[7399.270s][debug][gc,phases      ] GC(180)     Dead                           Min: 0, Avg:  0.0, Max: 0, Diff: 0, Sum: 0, Workers: 4
[7399.270s][debug][gc,phases      ] GC(180)     Total                          Min: 93, Avg: 247.2, Max: 512, Diff: 419, Sum: 989, Workers: 4
[7399.270s][debug][gc,phases      ] GC(180)   ObjectSynchronizer Weak        Min:  0.0, Avg:  0.0, Max:  0.0, Diff:  0.0, Sum:  0.0, Workers: 4
[7399.270s][debug][gc,phases      ] GC(180)     Dead                           Min: 0, Avg:  0.0, Max: 0, Diff: 0, Sum: 0, Workers: 4
[7399.270s][debug][gc,phases      ] GC(180)     Total                          Min: 0, Avg:  1.0, Max: 4, Diff: 4, Sum: 4, Workers: 4
[7399.270s][debug][gc,phases      ] GC(180)   JVMTI Tag Weak OopStorage      Min:  0.0, Avg:  0.0, Max:  0.0, Diff:  0.0, Sum:  0.0, Workers: 4
[7399.270s][debug][gc,phases      ] GC(180)     Dead                           Min: 0, Avg:  0.0, Max: 0, Diff: 0, Sum: 0, Workers: 4
[7399.270s][debug][gc,phases      ] GC(180)     Total                          Min: 0, Avg:  0.0, Max: 0, Diff: 0, Sum: 0, Workers: 4
[7399.270s][debug][gc,phases      ] GC(180)   StringTable Weak               Min:  0.1, Avg:  0.1, Max:  0.1, Diff:  0.0, Sum:  0.5, Workers: 4
[7399.270s][debug][gc,phases      ] GC(180)     Dead                           Min: 0, Avg:  0.0, Max: 0, Diff: 0, Sum: 0, Workers: 4
[7399.270s][debug][gc,phases      ] GC(180)     Total                          Min: 11647, Avg: 11954.2, Max: 12288, Diff: 641, Sum: 47817, Workers: 4
[7399.270s][debug][gc,phases      ] GC(180)   ResolvedMethodTable Weak       Min:  0.0, Avg:  0.0, Max:  0.0, Diff:  0.0, Sum:  0.2, Workers: 4
[7399.270s][debug][gc,phases      ] GC(180)     Dead                           Min: 0, Avg:  4.0, Max: 16, Diff: 16, Sum: 16, Workers: 4
[7399.270s][debug][gc,phases      ] GC(180)     Total                          Min: 3749, Avg: 3898.5, Max: 4285, Diff: 536, Sum: 15594, Workers: 4
[7399.270s][debug][gc,phases      ] GC(180)   JNI Weak                       Min:  0.0, Avg:  0.0, Max:  0.0, Diff:  0.0, Sum:  0.0, Workers: 4
[7399.270s][debug][gc,phases      ] GC(180)     Dead                           Min: 0, Avg:  0.0, Max: 0, Diff: 0, Sum: 0, Workers: 4
[7399.270s][debug][gc,phases      ] GC(180)     Total                          Min: 0, Avg: 13.0, Max: 52, Diff: 52, Sum: 52, Workers: 4
[7399.270s][debug][gc,phases      ] GC(180)   StringDedup Table Weak         Min:  0.0, Avg:  0.0, Max:  0.0, Diff:  0.0, Sum:  0.0, Workers: 4
[7399.270s][debug][gc,phases      ] GC(180)     Dead                           Min: 0, Avg:  0.0, Max: 0, Diff: 0, Sum: 0, Workers: 4
[7399.270s][debug][gc,phases      ] GC(180)     Total                          Min: 0, Avg:  0.0, Max: 0, Diff: 0, Sum: 0, Workers: 4
[7399.270s][debug][gc,phases      ] GC(180)   StringDedup Requests0 Weak     Min:  0.0, Avg:  0.0, Max:  0.0, Diff:  0.0, Sum:  0.0, Workers: 4
[7399.270s][debug][gc,phases      ] GC(180)     Dead                           Min: 0, Avg:  0.0, Max: 0, Diff: 0, Sum: 0, Workers: 4
[7399.270s][debug][gc,phases      ] GC(180)     Total                          Min: 0, Avg:  0.0, Max: 0, Diff: 0, Sum: 0, Workers: 4
[7399.270s][debug][gc,phases      ] GC(180)   StringDedup Requests1 Weak     Min:  0.0, Avg:  0.0, Max:  0.0, Diff:  0.0, Sum:  0.0, Workers: 4
[7399.270s][debug][gc,phases      ] GC(180)     Dead                           Min: 0, Avg:  0.0, Max: 0, Diff: 0, Sum: 0, Workers: 4
[7399.270s][debug][gc,phases      ] GC(180)     Total                          Min: 0, Avg:  0.0, Max: 0, Diff: 0, Sum: 0, Workers: 4
[7399.270s][debug][gc,phases      ] GC(180)   Weak JFR Old Object Samples    Min:  0.0, Avg:  0.0, Max:  0.0, Diff:  0.0, Sum:  0.0, Workers: 4
[7399.270s][debug][gc,phases      ] GC(180)     Dead                           Min: 0, Avg:  0.0, Max: 0, Diff: 0, Sum: 0, Workers: 4
[7399.270s][debug][gc,phases      ] GC(180)     Total                          Min: 0, Avg:  0.0, Max: 0, Diff: 0, Sum: 0, Workers: 4
[7399.270s][debug][gc,phases      ] GC(180) Weak Processing 0.368ms
[7399.270s][debug][gc,age         ] GC(180) Desired survivor size 4194304 bytes, new threshold 1 (max threshold 15)
[7399.270s][info ][gc,heap        ] GC(180) PSYoungGen: 2090656K(2092544K)->2560K(2092544K) Eden: 2087936K(2087936K)->0K(2087936K) From: 2720K(4608K)->2560K(4608K)
[7399.270s][info ][gc,heap        ] GC(180) ParOldGen: 538046K(570368K)->539558K(570368K)
[7399.270s][info ][gc,metaspace   ] GC(180) Metaspace: 111049K(112384K)->111049K(112384K) NonClass: 94514K(95232K)->94514K(95232K) Class: 16534K(17152K)->16534K(17152K)
[7399.270s][info ][gc             ] GC(180) Pause Young (Allocation Failure) 2567M->529M(2600M) 4.279ms
[7399.270s][info ][gc,cpu         ] GC(180) User=0.02s Sys=0.00s Real=0.01s
[7399.270s][info ][safepoint      ] Safepoint "ParallelGCFailedAllocation", Time since last: 2822645309 ns, Reaching safepoint: 76601 ns, Cleanup: 8700 ns, At safepoint: 4358038 ns, Total: 4443339 ns
[7426.272s][info ][safepoint      ] Safepoint "Cleanup", Time since last: 27001988146 ns, Reaching safepoint: 5100 ns, Cleanup: 8700 ns, At safepoint: 1800 ns, Total: 15600 ns
[7441.273s][info ][safepoint      ] Safepoint "Cleanup", Time since last: 15001053016 ns, Reaching safepoint: 5000 ns, Cleanup: 7200 ns, At safepoint: 2000 ns, Total: 14200 ns
[7441.320s][info ][gc,start       ] GC(181) Pause Young (Allocation Failure)
[7441.323s][debug][gc,phases      ] GC(181) Scavenge 3.067ms
[7441.323s][debug][gc,ref         ] GC(181) Skipped SoftWeakFinalRefsPhase of Reference Processing: no references
[7441.323s][debug][gc,ref         ] GC(181) Skipped KeepAliveFinalRefsPhase of Reference Processing: no references
[7441.323s][debug][gc,ref         ] GC(181) Skipped PhantomRefsPhase of Reference Processing: no references
[7441.323s][debug][gc,phases      ] GC(181) Reference Processing 0.021ms
[7441.324s][debug][gc,phases      ] GC(181)   VM Weak                        Min:  0.0, Avg:  0.0, Max:  0.0, Diff:  0.0, Sum:  0.0, Workers: 4
[7441.324s][debug][gc,phases      ] GC(181)     Dead                           Min: 0, Avg:  0.0, Max: 0, Diff: 0, Sum: 0, Workers: 4
[7441.324s][debug][gc,phases      ] GC(181)     Total                          Min: 0, Avg: 247.2, Max: 541, Diff: 541, Sum: 989, Workers: 4
[7441.324s][debug][gc,phases      ] GC(181)   ObjectSynchronizer Weak        Min:  0.0, Avg:  0.0, Max:  0.0, Diff:  0.0, Sum:  0.0, Workers: 4
[7441.324s][debug][gc,phases      ] GC(181)     Dead                           Min: 0, Avg:  0.0, Max: 0, Diff: 0, Sum: 0, Workers: 4
[7441.324s][debug][gc,phases      ] GC(181)     Total                          Min: 0, Avg:  1.0, Max: 4, Diff: 4, Sum: 4, Workers: 4
[7441.324s][debug][gc,phases      ] GC(181)   JVMTI Tag Weak OopStorage      Min:  0.0, Avg:  0.0, Max:  0.0, Diff:  0.0, Sum:  0.0, Workers: 4
[7441.324s][debug][gc,phases      ] GC(181)     Dead                           Min: 0, Avg:  0.0, Max: 0, Diff: 0, Sum: 0, Workers: 4
[7441.324s][debug][gc,phases      ] GC(181)     Total                          Min: 0, Avg:  0.0, Max: 0, Diff: 0, Sum: 0, Workers: 4
[7441.324s][debug][gc,phases      ] GC(181)   StringTable Weak               Min:  0.0, Avg:  0.1, Max:  0.1, Diff:  0.1, Sum:  0.4, Workers: 4
[7441.324s][debug][gc,phases      ] GC(181)     Dead                           Min: 0, Avg:  0.0, Max: 0, Diff: 0, Sum: 0, Workers: 4
[7441.324s][debug][gc,phases      ] GC(181)     Total                          Min: 0, Avg: 11954.2, Max: 21001, Diff: 21001, Sum: 47817, Workers: 4
[7441.324s][debug][gc,phases      ] GC(181)   ResolvedMethodTable Weak       Min:  0.0, Avg:  0.0, Max:  0.0, Diff:  0.0, Sum:  0.1, Workers: 4
[7441.324s][debug][gc,phases      ] GC(181)     Dead                           Min: 0, Avg:  4.0, Max: 16, Diff: 16, Sum: 16, Workers: 4
[7441.324s][debug][gc,phases      ] GC(181)     Total                          Min: 0, Avg: 3898.5, Max: 6797, Diff: 6797, Sum: 15594, Workers: 4
[7441.324s][debug][gc,phases      ] GC(181)   JNI Weak                       Min:  0.0, Avg:  0.0, Max:  0.0, Diff:  0.0, Sum:  0.0, Workers: 4
[7441.324s][debug][gc,phases      ] GC(181)     Dead                           Min: 0, Avg:  0.0, Max: 0, Diff: 0, Sum: 0, Workers: 4
[7441.324s][debug][gc,phases      ] GC(181)     Total                          Min: 0, Avg: 13.0, Max: 52, Diff: 52, Sum: 52, Workers: 4
[7441.324s][debug][gc,phases      ] GC(181)   StringDedup Table Weak         Min:  0.0, Avg:  0.0, Max:  0.0, Diff:  0.0, Sum:  0.0, Workers: 4
[7441.324s][debug][gc,phases      ] GC(181)     Dead                           Min: 0, Avg:  0.0, Max: 0, Diff: 0, Sum: 0, Workers: 4
[7441.324s][debug][gc,phases      ] GC(181)     Total                          Min: 0, Avg:  0.0, Max: 0, Diff: 0, Sum: 0, Workers: 4
[7441.324s][debug][gc,phases      ] GC(181)   StringDedup Requests0 Weak     Min:  0.0, Avg:  0.0, Max:  0.0, Diff:  0.0, Sum:  0.0, Workers: 4
[7441.324s][debug][gc,phases      ] GC(181)     Dead                           Min: 0, Avg:  0.0, Max: 0, Diff: 0, Sum: 0, Workers: 4
[7441.324s][debug][gc,phases      ] GC(181)     Total                          Min: 0, Avg:  0.0, Max: 0, Diff: 0, Sum: 0, Workers: 4
[7441.324s][debug][gc,phases      ] GC(181)   StringDedup Requests1 Weak     Min:  0.0, Avg:  0.0, Max:  0.0, Diff:  0.0, Sum:  0.0, Workers: 4
[7441.324s][debug][gc,phases      ] GC(181)     Dead                           Min: 0, Avg:  0.0, Max: 0, Diff: 0, Sum: 0, Workers: 4
[7441.324s][debug][gc,phases      ] GC(181)     Total                          Min: 0, Avg:  0.0, Max: 0, Diff: 0, Sum: 0, Workers: 4
[7441.324s][debug][gc,phases      ] GC(181)   Weak JFR Old Object Samples    Min:  0.0, Avg:  0.0, Max:  0.0, Diff:  0.0, Sum:  0.0, Workers: 4
[7441.324s][debug][gc,phases      ] GC(181)     Dead                           Min: 0, Avg:  0.0, Max: 0, Diff: 0, Sum: 0, Workers: 4
[7441.324s][debug][gc,phases      ] GC(181)     Total                          Min: 0, Avg:  0.0, Max: 0, Diff: 0, Sum: 0, Workers: 4
[7441.324s][debug][gc,phases      ] GC(181) Weak Processing 0.357ms
[7441.324s][debug][gc,age         ] GC(181) Desired survivor size 4194304 bytes, new threshold 1 (max threshold 15)
[7441.324s][info ][gc,heap        ] GC(181) PSYoungGen: 2090496K(2092544K)->2960K(2093056K) Eden: 2087936K(2087936K)->0K(2088960K) From: 2560K(4608K)->2960K(4096K)
[7441.324s][info ][gc,heap        ] GC(181) ParOldGen: 539558K(570368K)->540666K(570368K)
[7441.324s][info ][gc,metaspace   ] GC(181) Metaspace: 111050K(112384K)->111050K(112384K) NonClass: 94515K(95232K)->94515K(95232K) Class: 16534K(17152K)->16534K(17152K)
[7441.324s][info ][gc             ] GC(181) Pause Young (Allocation Failure) 2568M->530M(2601M) 3.544ms
[7441.324s][info ][gc,cpu         ] GC(181) User=0.01s Sys=0.00s Real=0.00s
[7441.324s][info ][safepoint      ] Safepoint "ParallelGCFailedAllocation", Time since last: 47167311 ns, Reaching safepoint: 2700 ns, Cleanup: 1900 ns, At safepoint: 3604031 ns, Total: 3608631 ns
[7447.459s][info ][safepoint      ] Safepoint "Cleanup", Time since last: 6135430033 ns, Reaching safepoint: 5500 ns, Cleanup: 10200 ns, At safepoint: 1600 ns, Total: 17300 ns
[7458.460s][info ][safepoint      ] Safepoint "Cleanup", Time since last: 11000815565 ns, Reaching safepoint: 5500 ns, Cleanup: 9800 ns, At safepoint: 23600 ns, Total: 38900 ns
[7463.460s][info ][safepoint      ] Safepoint "Cleanup", Time since last: 5000378742 ns, Reaching safepoint: 6000 ns, Cleanup: 10600 ns, At safepoint: 2200 ns, Total: 18800 ns
[7480.462s][info ][safepoint      ] Safepoint "Cleanup", Time since last: 17001231818 ns, Reaching safepoint: 6000 ns, Cleanup: 8900 ns, At safepoint: 2000 ns, Total: 16900 ns
[7482.265s][info ][gc,start       ] GC(182) Pause Young (Allocation Failure)
[7482.269s][debug][gc,phases      ] GC(182) Scavenge 3.391ms
[7482.269s][debug][gc,ref         ] GC(182) Skipped SoftWeakFinalRefsPhase of Reference Processing: no references
[7482.269s][debug][gc,ref         ] GC(182) Skipped KeepAliveFinalRefsPhase of Reference Processing: no references
[7482.269s][debug][gc,ref         ] GC(182) Skipped PhantomRefsPhase of Reference Processing: no references
[7482.269s][debug][gc,phases      ] GC(182) Reference Processing 0.022ms
[7482.269s][debug][gc,phases      ] GC(182)   VM Weak                        Min:  0.0, Avg:  0.0, Max:  0.0, Diff:  0.0, Sum:  0.0, Workers: 4
[7482.269s][debug][gc,phases      ] GC(182)     Dead                           Min: 0, Avg:  0.0, Max: 0, Diff: 0, Sum: 0, Workers: 4
[7482.269s][debug][gc,phases      ] GC(182)     Total                          Min: 0, Avg: 247.2, Max: 576, Diff: 576, Sum: 989, Workers: 4
[7482.269s][debug][gc,phases      ] GC(182)   ObjectSynchronizer Weak        Min:  0.0, Avg:  0.0, Max:  0.0, Diff:  0.0, Sum:  0.0, Workers: 4
[7482.269s][debug][gc,phases      ] GC(182)     Dead                           Min: 0, Avg:  0.0, Max: 0, Diff: 0, Sum: 0, Workers: 4
[7482.269s][debug][gc,phases      ] GC(182)     Total                          Min: 0, Avg:  1.0, Max: 4, Diff: 4, Sum: 4, Workers: 4
[7482.269s][debug][gc,phases      ] GC(182)   JVMTI Tag Weak OopStorage      Min:  0.0, Avg:  0.0, Max:  0.0, Diff:  0.0, Sum:  0.0, Workers: 4
[7482.269s][debug][gc,phases      ] GC(182)     Dead                           Min: 0, Avg:  0.0, Max: 0, Diff: 0, Sum: 0, Workers: 4
[7482.269s][debug][gc,phases      ] GC(182)     Total                          Min: 0, Avg:  0.0, Max: 0, Diff: 0, Sum: 0, Workers: 4
[7482.269s][debug][gc,phases      ] GC(182)   StringTable Weak               Min:  0.0, Avg:  0.1, Max:  0.1, Diff:  0.1, Sum:  0.4, Workers: 4
[7482.269s][debug][gc,phases      ] GC(182)     Dead                           Min: 0, Avg:  0.0, Max: 0, Diff: 0, Sum: 0, Workers: 4
[7482.269s][debug][gc,phases      ] GC(182)     Total                          Min: 0, Avg: 11954.2, Max: 20927, Diff: 20927, Sum: 47817, Workers: 4
[7482.269s][debug][gc,phases      ] GC(182)   ResolvedMethodTable Weak       Min:  0.0, Avg:  0.0, Max:  0.0, Diff:  0.0, Sum:  0.1, Workers: 4
[7482.269s][debug][gc,phases      ] GC(182)     Dead                           Min: 0, Avg:  4.0, Max: 16, Diff: 16, Sum: 16, Workers: 4
[7482.269s][debug][gc,phases      ] GC(182)     Total                          Min: 0, Avg: 3898.5, Max: 6772, Diff: 6772, Sum: 15594, Workers: 4
[7482.269s][debug][gc,phases      ] GC(182)   JNI Weak                       Min:  0.0, Avg:  0.0, Max:  0.0, Diff:  0.0, Sum:  0.0, Workers: 4
[7482.269s][debug][gc,phases      ] GC(182)     Dead                           Min: 0, Avg:  0.0, Max: 0, Diff: 0, Sum: 0, Workers: 4
[7482.269s][debug][gc,phases      ] GC(182)     Total                          Min: 0, Avg: 13.0, Max: 52, Diff: 52, Sum: 52, Workers: 4
[7482.269s][debug][gc,phases      ] GC(182)   StringDedup Table Weak         Min:  0.0, Avg:  0.0, Max:  0.0, Diff:  0.0, Sum:  0.0, Workers: 4
[7482.269s][debug][gc,phases      ] GC(182)     Dead                           Min: 0, Avg:  0.0, Max: 0, Diff: 0, Sum: 0, Workers: 4
[7482.269s][debug][gc,phases      ] GC(182)     Total                          Min: 0, Avg:  0.0, Max: 0, Diff: 0, Sum: 0, Workers: 4
[7482.269s][debug][gc,phases      ] GC(182)   StringDedup Requests0 Weak     Min:  0.0, Avg:  0.0, Max:  0.0, Diff:  0.0, Sum:  0.0, Workers: 4
[7482.269s][debug][gc,phases      ] GC(182)     Dead                           Min: 0, Avg:  0.0, Max: 0, Diff: 0, Sum: 0, Workers: 4
[7482.269s][debug][gc,phases      ] GC(182)     Total                          Min: 0, Avg:  0.0, Max: 0, Diff: 0, Sum: 0, Workers: 4
[7482.269s][debug][gc,phases      ] GC(182)   StringDedup Requests1 Weak     Min:  0.0, Avg:  0.0, Max:  0.0, Diff:  0.0, Sum:  0.0, Workers: 4
[7482.269s][debug][gc,phases      ] GC(182)     Dead                           Min: 0, Avg:  0.0, Max: 0, Diff: 0, Sum: 0, Workers: 4
[7482.269s][debug][gc,phases      ] GC(182)     Total                          Min: 0, Avg:  0.0, Max: 0, Diff: 0, Sum: 0, Workers: 4
[7482.269s][debug][gc,phases      ] GC(182)   Weak JFR Old Object Samples    Min:  0.0, Avg:  0.0, Max:  0.0, Diff:  0.0, Sum:  0.0, Workers: 4
[7482.269s][debug][gc,phases      ] GC(182)     Dead                           Min: 0, Avg:  0.0, Max: 0, Diff: 0, Sum: 0, Workers: 4
[7482.269s][debug][gc,phases      ] GC(182)     Total                          Min: 0, Avg:  0.0, Max: 0, Diff: 0, Sum: 0, Workers: 4
[7482.269s][debug][gc,phases      ] GC(182) Weak Processing 0.372ms
[7482.269s][debug][gc,age         ] GC(182) Desired survivor size 4194304 bytes, new threshold 1 (max threshold 15)
[7482.269s][info ][gc,heap        ] GC(182) PSYoungGen: 2091920K(2093056K)->3200K(2093056K) Eden: 2088960K(2088960K)->0K(2088960K) From: 2960K(4096K)->3200K(4096K)
[7482.269s][info ][gc,heap        ] GC(182) ParOldGen: 540666K(570368K)->541314K(570368K)
[7482.269s][info ][gc,metaspace   ] GC(182) Metaspace: 111056K(112384K)->111056K(112384K) NonClass: 94522K(95232K)->94522K(95232K) Class: 16534K(17152K)->16534K(17152K)
[7482.269s][info ][gc             ] GC(182) Pause Young (Allocation Failure) 2570M->531M(2601M) 3.890ms
[7482.269s][info ][gc,cpu         ] GC(182) User=0.01s Sys=0.00s Real=0.00s
[7482.269s][info ][safepoint      ] Safepoint "ParallelGCFailedAllocation", Time since last: 1803532670 ns, Reaching safepoint: 80501 ns, Cleanup: 4100 ns, At safepoint: 3953934 ns, Total: 4038535 ns
[7522.916s][info ][gc,start       ] GC(183) Pause Young (Allocation Failure)
[7522.919s][debug][gc,phases      ] GC(183) Scavenge 3.389ms
[7522.919s][debug][gc,ref         ] GC(183) Skipped SoftWeakFinalRefsPhase of Reference Processing: no references
[7522.919s][debug][gc,ref         ] GC(183) Skipped KeepAliveFinalRefsPhase of Reference Processing: no references
[7522.919s][debug][gc,ref         ] GC(183) ReferenceProcessor::execute queues: 1, RefProcThreadModel::Single, marks_oops_alive: false
[7522.919s][debug][gc,phases      ] GC(183) Reference Processing 0.096ms
[7522.920s][debug][gc,phases      ] GC(183)   VM Weak                        Min:  0.0, Avg:  0.0, Max:  0.0, Diff:  0.0, Sum:  0.0, Workers: 4
[7522.920s][debug][gc,phases      ] GC(183)     Dead                           Min: 0, Avg:  0.0, Max: 0, Diff: 0, Sum: 0, Workers: 4
[7522.920s][debug][gc,phases      ] GC(183)     Total                          Min: 0, Avg: 247.2, Max: 669, Diff: 669, Sum: 989, Workers: 4
[7522.920s][debug][gc,phases      ] GC(183)   ObjectSynchronizer Weak        Min:  0.0, Avg:  0.0, Max:  0.0, Diff:  0.0, Sum:  0.0, Workers: 4
[7522.920s][debug][gc,phases      ] GC(183)     Dead                           Min: 0, Avg:  0.0, Max: 0, Diff: 0, Sum: 0, Workers: 4
[7522.920s][debug][gc,phases      ] GC(183)     Total                          Min: 0, Avg:  1.0, Max: 4, Diff: 4, Sum: 4, Workers: 4
[7522.920s][debug][gc,phases      ] GC(183)   JVMTI Tag Weak OopStorage      Min:  0.0, Avg:  0.0, Max:  0.0, Diff:  0.0, Sum:  0.0, Workers: 4
[7522.920s][debug][gc,phases      ] GC(183)     Dead                           Min: 0, Avg:  0.0, Max: 0, Diff: 0, Sum: 0, Workers: 4
[7522.920s][debug][gc,phases      ] GC(183)     Total                          Min: 0, Avg:  0.0, Max: 0, Diff: 0, Sum: 0, Workers: 4
[7522.920s][debug][gc,phases      ] GC(183)   StringTable Weak               Min:  0.0, Avg:  0.1, Max:  0.1, Diff:  0.1, Sum:  0.4, Workers: 4
[7522.920s][debug][gc,phases      ] GC(183)     Dead                           Min: 0, Avg:  0.0, Max: 0, Diff: 0, Sum: 0, Workers: 4
[7522.920s][debug][gc,phases      ] GC(183)     Total                          Min: 0, Avg: 11954.2, Max: 20425, Diff: 20425, Sum: 47817, Workers: 4
[7522.920s][debug][gc,phases      ] GC(183)   ResolvedMethodTable Weak       Min:  0.0, Avg:  0.0, Max:  0.0, Diff:  0.0, Sum:  0.1, Workers: 4
[7522.920s][debug][gc,phases      ] GC(183)     Dead                           Min: 0, Avg:  4.0, Max: 16, Diff: 16, Sum: 16, Workers: 4
[7522.920s][debug][gc,phases      ] GC(183)     Total                          Min: 0, Avg: 3898.5, Max: 6410, Diff: 6410, Sum: 15594, Workers: 4
[7522.920s][debug][gc,phases      ] GC(183)   JNI Weak                       Min:  0.0, Avg:  0.0, Max:  0.0, Diff:  0.0, Sum:  0.0, Workers: 4
[7522.920s][debug][gc,phases      ] GC(183)     Dead                           Min: 0, Avg:  0.0, Max: 0, Diff: 0, Sum: 0, Workers: 4
[7522.920s][debug][gc,phases      ] GC(183)     Total                          Min: 0, Avg: 13.0, Max: 52, Diff: 52, Sum: 52, Workers: 4
[7522.920s][debug][gc,phases      ] GC(183)   StringDedup Table Weak         Min:  0.0, Avg:  0.0, Max:  0.0, Diff:  0.0, Sum:  0.0, Workers: 4
[7522.920s][debug][gc,phases      ] GC(183)     Dead                           Min: 0, Avg:  0.0, Max: 0, Diff: 0, Sum: 0, Workers: 4
[7522.920s][debug][gc,phases      ] GC(183)     Total                          Min: 0, Avg:  0.0, Max: 0, Diff: 0, Sum: 0, Workers: 4
[7522.920s][debug][gc,phases      ] GC(183)   StringDedup Requests0 Weak     Min:  0.0, Avg:  0.0, Max:  0.0, Diff:  0.0, Sum:  0.0, Workers: 4
[7522.920s][debug][gc,phases      ] GC(183)     Dead                           Min: 0, Avg:  0.0, Max: 0, Diff: 0, Sum: 0, Workers: 4
[7522.920s][debug][gc,phases      ] GC(183)     Total                          Min: 0, Avg:  0.0, Max: 0, Diff: 0, Sum: 0, Workers: 4
[7522.920s][debug][gc,phases      ] GC(183)   StringDedup Requests1 Weak     Min:  0.0, Avg:  0.0, Max:  0.0, Diff:  0.0, Sum:  0.0, Workers: 4
[7522.920s][debug][gc,phases      ] GC(183)     Dead                           Min: 0, Avg:  0.0, Max: 0, Diff: 0, Sum: 0, Workers: 4
[7522.920s][debug][gc,phases      ] GC(183)     Total                          Min: 0, Avg:  0.0, Max: 0, Diff: 0, Sum: 0, Workers: 4
[7522.920s][debug][gc,phases      ] GC(183)   Weak JFR Old Object Samples    Min:  0.0, Avg:  0.0, Max:  0.0, Diff:  0.0, Sum:  0.0, Workers: 4
[7522.920s][debug][gc,phases      ] GC(183)     Dead                           Min: 0, Avg:  0.0, Max: 0, Diff: 0, Sum: 0, Workers: 4
[7522.920s][debug][gc,phases      ] GC(183)     Total                          Min: 0, Avg:  0.0, Max: 0, Diff: 0, Sum: 0, Workers: 4
[7522.920s][debug][gc,phases      ] GC(183) Weak Processing 0.376ms
[7522.920s][debug][gc,age         ] GC(183) Desired survivor size 4194304 bytes, new threshold 1 (max threshold 15)
[7522.920s][info ][gc,heap        ] GC(183) PSYoungGen: 2092160K(2093056K)->2896K(2093056K) Eden: 2088960K(2088960K)->0K(2088960K) From: 3200K(4096K)->2896K(4096K)
[7522.920s][info ][gc,heap        ] GC(183) ParOldGen: 541314K(570368K)->542246K(570368K)
[7522.920s][info ][gc,metaspace   ] GC(183) Metaspace: 111063K(112448K)->111063K(112448K) NonClass: 94528K(95296K)->94528K(95296K) Class: 16534K(17152K)->16534K(17152K)
[7522.920s][info ][gc             ] GC(183) Pause Young (Allocation Failure) 2571M->532M(2601M) 3.969ms
[7522.920s][info ][gc,cpu         ] GC(183) User=0.02s Sys=0.00s Real=0.01s
[7522.920s][info ][safepoint      ] Safepoint "ParallelGCFailedAllocation", Time since last: 40646568733 ns, Reaching safepoint: 6600 ns, Cleanup: 4300 ns, At safepoint: 4033836 ns, Total: 4044736 ns
[7552.922s][info ][safepoint      ] Safepoint "Cleanup", Time since last: 30002234218 ns, Reaching safepoint: 5700 ns, Cleanup: 7100 ns, At safepoint: 18201 ns, Total: 31001 ns
[7564.621s][info ][gc,start       ] GC(184) Pause Young (Allocation Failure)
[7564.624s][debug][gc,phases      ] GC(184) Scavenge 3.174ms
[7564.624s][debug][gc,ref         ] GC(184) Skipped SoftWeakFinalRefsPhase of Reference Processing: no references
[7564.624s][debug][gc,ref         ] GC(184) Skipped KeepAliveFinalRefsPhase of Reference Processing: no references
[7564.624s][debug][gc,ref         ] GC(184) ReferenceProcessor::execute queues: 1, RefProcThreadModel::Single, marks_oops_alive: false
[7564.624s][debug][gc,phases      ] GC(184) Reference Processing 0.089ms
[7564.625s][debug][gc,phases      ] GC(184)   VM Weak                        Min:  0.0, Avg:  0.0, Max:  0.0, Diff:  0.0, Sum:  0.0, Workers: 4
[7564.625s][debug][gc,phases      ] GC(184)     Dead                           Min: 0, Avg:  0.0, Max: 0, Diff: 0, Sum: 0, Workers: 4
[7564.625s][debug][gc,phases      ] GC(184)     Total                          Min: 0, Avg: 247.2, Max: 861, Diff: 861, Sum: 989, Workers: 4
[7564.625s][debug][gc,phases      ] GC(184)   ObjectSynchronizer Weak        Min:  0.0, Avg:  0.0, Max:  0.0, Diff:  0.0, Sum:  0.0, Workers: 4
[7564.625s][debug][gc,phases      ] GC(184)     Dead                           Min: 0, Avg:  0.0, Max: 0, Diff: 0, Sum: 0, Workers: 4
[7564.625s][debug][gc,phases      ] GC(184)     Total                          Min: 0, Avg:  0.8, Max: 3, Diff: 3, Sum: 3, Workers: 4
[7564.625s][debug][gc,phases      ] GC(184)   JVMTI Tag Weak OopStorage      Min:  0.0, Avg:  0.0, Max:  0.0, Diff:  0.0, Sum:  0.0, Workers: 4
[7564.625s][debug][gc,phases      ] GC(184)     Dead                           Min: 0, Avg:  0.0, Max: 0, Diff: 0, Sum: 0, Workers: 4
[7564.625s][debug][gc,phases      ] GC(184)     Total                          Min: 0, Avg:  0.0, Max: 0, Diff: 0, Sum: 0, Workers: 4
[7564.625s][debug][gc,phases      ] GC(184)   StringTable Weak               Min:  0.0, Avg:  0.1, Max:  0.1, Diff:  0.1, Sum:  0.4, Workers: 4
[7564.625s][debug][gc,phases      ] GC(184)     Dead                           Min: 0, Avg:  0.0, Max: 0, Diff: 0, Sum: 0, Workers: 4
[7564.625s][debug][gc,phases      ] GC(184)     Total                          Min: 0, Avg: 11954.2, Max: 20991, Diff: 20991, Sum: 47817, Workers: 4
[7564.625s][debug][gc,phases      ] GC(184)   ResolvedMethodTable Weak       Min:  0.0, Avg:  0.0, Max:  0.0, Diff:  0.0, Sum:  0.1, Workers: 4
[7564.625s][debug][gc,phases      ] GC(184)     Dead                           Min: 0, Avg:  4.0, Max: 16, Diff: 16, Sum: 16, Workers: 4
[7564.625s][debug][gc,phases      ] GC(184)     Total                          Min: 0, Avg: 3898.5, Max: 6729, Diff: 6729, Sum: 15594, Workers: 4
[7564.625s][debug][gc,phases      ] GC(184)   JNI Weak                       Min:  0.0, Avg:  0.0, Max:  0.0, Diff:  0.0, Sum:  0.0, Workers: 4
[7564.625s][debug][gc,phases      ] GC(184)     Dead                           Min: 0, Avg:  0.0, Max: 0, Diff: 0, Sum: 0, Workers: 4
[7564.625s][debug][gc,phases      ] GC(184)     Total                          Min: 0, Avg: 13.0, Max: 52, Diff: 52, Sum: 52, Workers: 4
[7564.625s][debug][gc,phases      ] GC(184)   StringDedup Table Weak         Min:  0.0, Avg:  0.0, Max:  0.0, Diff:  0.0, Sum:  0.0, Workers: 4
[7564.625s][debug][gc,phases      ] GC(184)     Dead                           Min: 0, Avg:  0.0, Max: 0, Diff: 0, Sum: 0, Workers: 4
[7564.625s][debug][gc,phases      ] GC(184)     Total                          Min: 0, Avg:  0.0, Max: 0, Diff: 0, Sum: 0, Workers: 4
[7564.625s][debug][gc,phases      ] GC(184)   StringDedup Requests0 Weak     Min:  0.0, Avg:  0.0, Max:  0.0, Diff:  0.0, Sum:  0.0, Workers: 4
[7564.625s][debug][gc,phases      ] GC(184)     Dead                           Min: 0, Avg:  0.0, Max: 0, Diff: 0, Sum: 0, Workers: 4
[7564.625s][debug][gc,phases      ] GC(184)     Total                          Min: 0, Avg:  0.0, Max: 0, Diff: 0, Sum: 0, Workers: 4
[7564.625s][debug][gc,phases      ] GC(184)   StringDedup Requests1 Weak     Min:  0.0, Avg:  0.0, Max:  0.0, Diff:  0.0, Sum:  0.0, Workers: 4
[7564.625s][debug][gc,phases      ] GC(184)     Dead                           Min: 0, Avg:  0.0, Max: 0, Diff: 0, Sum: 0, Workers: 4
[7564.625s][debug][gc,phases      ] GC(184)     Total                          Min: 0, Avg:  0.0, Max: 0, Diff: 0, Sum: 0, Workers: 4
[7564.625s][debug][gc,phases      ] GC(184)   Weak JFR Old Object Samples    Min:  0.0, Avg:  0.0, Max:  0.0, Diff:  0.0, Sum:  0.0, Workers: 4
[7564.625s][debug][gc,phases      ] GC(184)     Dead                           Min: 0, Avg:  0.0, Max: 0, Diff: 0, Sum: 0, Workers: 4
[7564.625s][debug][gc,phases      ] GC(184)     Total                          Min: 0, Avg:  0.0, Max: 0, Diff: 0, Sum: 0, Workers: 4
[7564.625s][debug][gc,phases      ] GC(184) Weak Processing 0.358ms
[7564.625s][debug][gc,age         ] GC(184) Desired survivor size 4194304 bytes, new threshold 1 (max threshold 15)
[7564.625s][info ][gc,heap        ] GC(184) PSYoungGen: 2091856K(2093056K)->2976K(2093056K) Eden: 2088960K(2088960K)->0K(2088960K) From: 2896K(4096K)->2976K(4096K)
[7564.625s][info ][gc,heap        ] GC(184) ParOldGen: 542246K(570368K)->543535K(570368K)
[7564.625s][info ][gc,metaspace   ] GC(184) Metaspace: 111064K(112448K)->111064K(112448K) NonClass: 94529K(95296K)->94529K(95296K) Class: 16534K(17152K)->16534K(17152K)
[7564.625s][info ][gc             ] GC(184) Pause Young (Allocation Failure) 2572M->533M(2601M) 3.713ms
[7564.625s][info ][gc,cpu         ] GC(184) User=0.01s Sys=0.00s Real=0.00s
[7564.625s][info ][safepoint      ] Safepoint "ParallelGCFailedAllocation", Time since last: 11698966266 ns, Reaching safepoint: 5800 ns, Cleanup: 3800 ns, At safepoint: 3774233 ns, Total: 3783833 ns
[7574.626s][info ][safepoint      ] Safepoint "Cleanup", Time since last: 10000779891 ns, Reaching safepoint: 5800 ns, Cleanup: 9700 ns, At safepoint: 1800 ns, Total: 17300 ns
[7604.628s][info ][safepoint      ] Safepoint "Cleanup", Time since last: 30002244052 ns, Reaching safepoint: 5200 ns, Cleanup: 9000 ns, At safepoint: 2300 ns, Total: 16500 ns
[7606.014s][info ][gc,start       ] GC(185) Pause Young (Allocation Failure)
[7606.018s][debug][gc,phases      ] GC(185) Scavenge 3.304ms
[7606.018s][debug][gc,ref         ] GC(185) Skipped SoftWeakFinalRefsPhase of Reference Processing: no references
[7606.018s][debug][gc,ref         ] GC(185) Skipped KeepAliveFinalRefsPhase of Reference Processing: no references
[7606.018s][debug][gc,ref         ] GC(185) Skipped PhantomRefsPhase of Reference Processing: no references
[7606.018s][debug][gc,phases      ] GC(185) Reference Processing 0.021ms
[7606.018s][debug][gc,phases      ] GC(185)   VM Weak                        Min:  0.0, Avg:  0.0, Max:  0.0, Diff:  0.0, Sum:  0.0, Workers: 4
[7606.018s][debug][gc,phases      ] GC(185)     Dead                           Min: 0, Avg:  0.0, Max: 0, Diff: 0, Sum: 0, Workers: 4
[7606.018s][debug][gc,phases      ] GC(185)     Total                          Min: 0, Avg: 247.2, Max: 605, Diff: 605, Sum: 989, Workers: 4
[7606.018s][debug][gc,phases      ] GC(185)   ObjectSynchronizer Weak        Min:  0.0, Avg:  0.0, Max:  0.0, Diff:  0.0, Sum:  0.0, Workers: 4
[7606.018s][debug][gc,phases      ] GC(185)     Dead                           Min: 0, Avg:  0.0, Max: 0, Diff: 0, Sum: 0, Workers: 4
[7606.018s][debug][gc,phases      ] GC(185)     Total                          Min: 0, Avg:  1.0, Max: 4, Diff: 4, Sum: 4, Workers: 4
[7606.018s][debug][gc,phases      ] GC(185)   JVMTI Tag Weak OopStorage      Min:  0.0, Avg:  0.0, Max:  0.0, Diff:  0.0, Sum:  0.0, Workers: 4
[7606.018s][debug][gc,phases      ] GC(185)     Dead                           Min: 0, Avg:  0.0, Max: 0, Diff: 0, Sum: 0, Workers: 4
[7606.018s][debug][gc,phases      ] GC(185)     Total                          Min: 0, Avg:  0.0, Max: 0, Diff: 0, Sum: 0, Workers: 4
[7606.018s][debug][gc,phases      ] GC(185)   StringTable Weak               Min:  0.0, Avg:  0.1, Max:  0.1, Diff:  0.1, Sum:  0.4, Workers: 4
[7606.018s][debug][gc,phases      ] GC(185)     Dead                           Min: 0, Avg:  0.0, Max: 0, Diff: 0, Sum: 0, Workers: 4
[7606.018s][debug][gc,phases      ] GC(185)     Total                          Min: 0, Avg: 11954.2, Max: 20617, Diff: 20617, Sum: 47817, Workers: 4
[7606.018s][debug][gc,phases      ] GC(185)   ResolvedMethodTable Weak       Min:  0.0, Avg:  0.0, Max:  0.0, Diff:  0.0, Sum:  0.1, Workers: 4
[7606.018s][debug][gc,phases      ] GC(185)     Dead                           Min: 0, Avg:  4.0, Max: 16, Diff: 16, Sum: 16, Workers: 4
[7606.018s][debug][gc,phases      ] GC(185)     Total                          Min: 0, Avg: 3898.5, Max: 6748, Diff: 6748, Sum: 15594, Workers: 4
[7606.018s][debug][gc,phases      ] GC(185)   JNI Weak                       Min:  0.0, Avg:  0.0, Max:  0.0, Diff:  0.0, Sum:  0.0, Workers: 4
[7606.018s][debug][gc,phases      ] GC(185)     Dead                           Min: 0, Avg:  0.0, Max: 0, Diff: 0, Sum: 0, Workers: 4
[7606.018s][debug][gc,phases      ] GC(185)     Total                          Min: 0, Avg: 13.0, Max: 52, Diff: 52, Sum: 52, Workers: 4
[7606.018s][debug][gc,phases      ] GC(185)   StringDedup Table Weak         Min:  0.0, Avg:  0.0, Max:  0.0, Diff:  0.0, Sum:  0.0, Workers: 4
[7606.018s][debug][gc,phases      ] GC(185)     Dead                           Min: 0, Avg:  0.0, Max: 0, Diff: 0, Sum: 0, Workers: 4
[7606.018s][debug][gc,phases      ] GC(185)     Total                          Min: 0, Avg:  0.0, Max: 0, Diff: 0, Sum: 0, Workers: 4
[7606.018s][debug][gc,phases      ] GC(185)   StringDedup Requests0 Weak     Min:  0.0, Avg:  0.0, Max:  0.0, Diff:  0.0, Sum:  0.0, Workers: 4
[7606.018s][debug][gc,phases      ] GC(185)     Dead                           Min: 0, Avg:  0.0, Max: 0, Diff: 0, Sum: 0, Workers: 4
[7606.018s][debug][gc,phases      ] GC(185)     Total                          Min: 0, Avg:  0.0, Max: 0, Diff: 0, Sum: 0, Workers: 4
[7606.018s][debug][gc,phases      ] GC(185)   StringDedup Requests1 Weak     Min:  0.0, Avg:  0.0, Max:  0.0, Diff:  0.0, Sum:  0.0, Workers: 4
[7606.018s][debug][gc,phases      ] GC(185)     Dead                           Min: 0, Avg:  0.0, Max: 0, Diff: 0, Sum: 0, Workers: 4
[7606.018s][debug][gc,phases      ] GC(185)     Total                          Min: 0, Avg:  0.0, Max: 0, Diff: 0, Sum: 0, Workers: 4
[7606.018s][debug][gc,phases      ] GC(185)   Weak JFR Old Object Samples    Min:  0.0, Avg:  0.0, Max:  0.0, Diff:  0.0, Sum:  0.0, Workers: 4
[7606.018s][debug][gc,phases      ] GC(185)     Dead                           Min: 0, Avg:  0.0, Max: 0, Diff: 0, Sum: 0, Workers: 4
[7606.018s][debug][gc,phases      ] GC(185)     Total                          Min: 0, Avg:  0.0, Max: 0, Diff: 0, Sum: 0, Workers: 4
[7606.018s][debug][gc,phases      ] GC(185) Weak Processing 0.374ms
[7606.018s][debug][gc,age         ] GC(185) Desired survivor size 4194304 bytes, new threshold 1 (max threshold 15)
[7606.018s][info ][gc,heap        ] GC(185) PSYoungGen: 2091936K(2093056K)->3296K(2093056K) Eden: 2088960K(2088960K)->0K(2088960K) From: 2976K(4096K)->3296K(4096K)
[7606.018s][info ][gc,heap        ] GC(185) ParOldGen: 543535K(570368K)->544667K(570368K)
[7606.018s][info ][gc,metaspace   ] GC(185) Metaspace: 111072K(112448K)->111072K(112448K) NonClass: 94538K(95296K)->94538K(95296K) Class: 16534K(17152K)->16534K(17152K)
[7606.018s][info ][gc             ] GC(185) Pause Young (Allocation Failure) 2573M->535M(2601M) 3.798ms
[7606.018s][info ][gc,cpu         ] GC(185) User=0.02s Sys=0.00s Real=0.00s
[7606.018s][info ][safepoint      ] Safepoint "ParallelGCFailedAllocation", Time since last: 1386249218 ns, Reaching safepoint: 5300 ns, Cleanup: 3900 ns, At safepoint: 3863534 ns, Total: 3872734 ns
[7616.019s][info ][safepoint      ] Safepoint "Cleanup", Time since last: 10000765191 ns, Reaching safepoint: 80801 ns, Cleanup: 8300 ns, At safepoint: 7600 ns, Total: 96701 ns
[7647.771s][info ][gc,start       ] GC(186) Pause Young (Allocation Failure)
[7647.774s][debug][gc,phases      ] GC(186) Scavenge 2.945ms
[7647.774s][debug][gc,ref         ] GC(186) Skipped SoftWeakFinalRefsPhase of Reference Processing: no references
[7647.774s][debug][gc,ref         ] GC(186) Skipped KeepAliveFinalRefsPhase of Reference Processing: no references
[7647.774s][debug][gc,ref         ] GC(186) Skipped PhantomRefsPhase of Reference Processing: no references
[7647.774s][debug][gc,phases      ] GC(186) Reference Processing 0.032ms
[7647.774s][debug][gc,phases      ] GC(186)   VM Weak                        Min:  0.0, Avg:  0.0, Max:  0.0, Diff:  0.0, Sum:  0.0, Workers: 4
[7647.774s][debug][gc,phases      ] GC(186)     Dead                           Min: 0, Avg:  0.0, Max: 0, Diff: 0, Sum: 0, Workers: 4
[7647.774s][debug][gc,phases      ] GC(186)     Total                          Min: 0, Avg: 247.2, Max: 512, Diff: 512, Sum: 989, Workers: 4
[7647.774s][debug][gc,phases      ] GC(186)   ObjectSynchronizer Weak        Min:  0.0, Avg:  0.0, Max:  0.0, Diff:  0.0, Sum:  0.0, Workers: 4
[7647.774s][debug][gc,phases      ] GC(186)     Dead                           Min: 0, Avg:  0.0, Max: 0, Diff: 0, Sum: 0, Workers: 4
[7647.774s][debug][gc,phases      ] GC(186)     Total                          Min: 0, Avg:  1.0, Max: 4, Diff: 4, Sum: 4, Workers: 4
[7647.774s][debug][gc,phases      ] GC(186)   JVMTI Tag Weak OopStorage      Min:  0.0, Avg:  0.0, Max:  0.0, Diff:  0.0, Sum:  0.0, Workers: 4
[7647.774s][debug][gc,phases      ] GC(186)     Dead                           Min: 0, Avg:  0.0, Max: 0, Diff: 0, Sum: 0, Workers: 4
[7647.774s][debug][gc,phases      ] GC(186)     Total                          Min: 0, Avg:  0.0, Max: 0, Diff: 0, Sum: 0, Workers: 4
[7647.774s][debug][gc,phases      ] GC(186)   StringTable Weak               Min:  0.0, Avg:  0.1, Max:  0.1, Diff:  0.1, Sum:  0.4, Workers: 4
[7647.774s][debug][gc,phases      ] GC(186)     Dead                           Min: 0, Avg:  0.0, Max: 0, Diff: 0, Sum: 0, Workers: 4
[7647.774s][debug][gc,phases      ] GC(186)     Total                          Min: 0, Avg: 11954.2, Max: 19849, Diff: 19849, Sum: 47817, Workers: 4
[7647.774s][debug][gc,phases      ] GC(186)   ResolvedMethodTable Weak       Min:  0.0, Avg:  0.0, Max:  0.0, Diff:  0.0, Sum:  0.1, Workers: 4
[7647.774s][debug][gc,phases      ] GC(186)     Dead                           Min: 0, Avg:  4.0, Max: 16, Diff: 16, Sum: 16, Workers: 4
[7647.774s][debug][gc,phases      ] GC(186)     Total                          Min: 0, Avg: 3898.5, Max: 6396, Diff: 6396, Sum: 15594, Workers: 4
[7647.774s][debug][gc,phases      ] GC(186)   JNI Weak                       Min:  0.0, Avg:  0.0, Max:  0.0, Diff:  0.0, Sum:  0.0, Workers: 4
[7647.774s][debug][gc,phases      ] GC(186)     Dead                           Min: 0, Avg:  0.0, Max: 0, Diff: 0, Sum: 0, Workers: 4
[7647.774s][debug][gc,phases      ] GC(186)     Total                          Min: 0, Avg: 13.0, Max: 52, Diff: 52, Sum: 52, Workers: 4
[7647.774s][debug][gc,phases      ] GC(186)   StringDedup Table Weak         Min:  0.0, Avg:  0.0, Max:  0.0, Diff:  0.0, Sum:  0.0, Workers: 4
[7647.774s][debug][gc,phases      ] GC(186)     Dead                           Min: 0, Avg:  0.0, Max: 0, Diff: 0, Sum: 0, Workers: 4
[7647.774s][debug][gc,phases      ] GC(186)     Total                          Min: 0, Avg:  0.0, Max: 0, Diff: 0, Sum: 0, Workers: 4
[7647.774s][debug][gc,phases      ] GC(186)   StringDedup Requests0 Weak     Min:  0.0, Avg:  0.0, Max:  0.0, Diff:  0.0, Sum:  0.0, Workers: 4
[7647.774s][debug][gc,phases      ] GC(186)     Dead                           Min: 0, Avg:  0.0, Max: 0, Diff: 0, Sum: 0, Workers: 4
[7647.774s][debug][gc,phases      ] GC(186)     Total                          Min: 0, Avg:  0.0, Max: 0, Diff: 0, Sum: 0, Workers: 4
[7647.774s][debug][gc,phases      ] GC(186)   StringDedup Requests1 Weak     Min:  0.0, Avg:  0.0, Max:  0.0, Diff:  0.0, Sum:  0.0, Workers: 4
[7647.774s][debug][gc,phases      ] GC(186)     Dead                           Min: 0, Avg:  0.0, Max: 0, Diff: 0, Sum: 0, Workers: 4
[7647.774s][debug][gc,phases      ] GC(186)     Total                          Min: 0, Avg:  0.0, Max: 0, Diff: 0, Sum: 0, Workers: 4
[7647.774s][debug][gc,phases      ] GC(186)   Weak JFR Old Object Samples    Min:  0.0, Avg:  0.0, Max:  0.0, Diff:  0.0, Sum:  0.0, Workers: 4
[7647.774s][debug][gc,phases      ] GC(186)     Dead                           Min: 0, Avg:  0.0, Max: 0, Diff: 0, Sum: 0, Workers: 4
[7647.774s][debug][gc,phases      ] GC(186)     Total                          Min: 0, Avg:  0.0, Max: 0, Diff: 0, Sum: 0, Workers: 4
[7647.774s][debug][gc,phases      ] GC(186) Weak Processing 0.354ms
[7647.774s][debug][gc,age         ] GC(186) Desired survivor size 4194304 bytes, new threshold 1 (max threshold 15)
[7647.774s][info ][gc,heap        ] GC(186) PSYoungGen: 2092256K(2093056K)->3136K(2093056K) Eden: 2088960K(2088960K)->0K(2088960K) From: 3296K(4096K)->3136K(4096K)
[7647.774s][info ][gc,heap        ] GC(186) ParOldGen: 544667K(570368K)->545587K(570368K)
[7647.774s][info ][gc,metaspace   ] GC(186) Metaspace: 111077K(112448K)->111077K(112448K) NonClass: 94543K(95296K)->94543K(95296K) Class: 16534K(17152K)->16534K(17152K)
[7647.774s][info ][gc             ] GC(186) Pause Young (Allocation Failure) 2575M->535M(2601M) 3.436ms
[7647.774s][info ][gc,cpu         ] GC(186) User=0.01s Sys=0.00s Real=0.00s
[7647.774s][info ][safepoint      ] Safepoint "ParallelGCFailedAllocation", Time since last: 31751590449 ns, Reaching safepoint: 5000 ns, Cleanup: 3400 ns, At safepoint: 3492431 ns, Total: 3500831 ns
[7689.970s][info ][gc,start       ] GC(187) Pause Young (Allocation Failure)
[7689.973s][debug][gc,phases      ] GC(187) Scavenge 2.805ms
[7689.973s][debug][gc,ref         ] GC(187) Skipped SoftWeakFinalRefsPhase of Reference Processing: no references
[7689.973s][debug][gc,ref         ] GC(187) Skipped KeepAliveFinalRefsPhase of Reference Processing: no references
[7689.973s][debug][gc,ref         ] GC(187) Skipped PhantomRefsPhase of Reference Processing: no references
[7689.973s][debug][gc,phases      ] GC(187) Reference Processing 0.022ms
[7689.974s][debug][gc,phases      ] GC(187)   VM Weak                        Min:  0.0, Avg:  0.0, Max:  0.0, Diff:  0.0, Sum:  0.0, Workers: 4
[7689.974s][debug][gc,phases      ] GC(187)     Dead                           Min: 0, Avg:  0.0, Max: 0, Diff: 0, Sum: 0, Workers: 4
[7689.974s][debug][gc,phases      ] GC(187)     Total                          Min: 0, Avg: 247.2, Max: 512, Diff: 512, Sum: 989, Workers: 4
[7689.974s][debug][gc,phases      ] GC(187)   ObjectSynchronizer Weak        Min:  0.0, Avg:  0.0, Max:  0.0, Diff:  0.0, Sum:  0.0, Workers: 4
[7689.974s][debug][gc,phases      ] GC(187)     Dead                           Min: 0, Avg:  0.0, Max: 0, Diff: 0, Sum: 0, Workers: 4
[7689.974s][debug][gc,phases      ] GC(187)     Total                          Min: 0, Avg:  0.8, Max: 3, Diff: 3, Sum: 3, Workers: 4
[7689.974s][debug][gc,phases      ] GC(187)   JVMTI Tag Weak OopStorage      Min:  0.0, Avg:  0.0, Max:  0.0, Diff:  0.0, Sum:  0.0, Workers: 4
[7689.974s][debug][gc,phases      ] GC(187)     Dead                           Min: 0, Avg:  0.0, Max: 0, Diff: 0, Sum: 0, Workers: 4
[7689.974s][debug][gc,phases      ] GC(187)     Total                          Min: 0, Avg:  0.0, Max: 0, Diff: 0, Sum: 0, Workers: 4
[7689.974s][debug][gc,phases      ] GC(187)   StringTable Weak               Min:  0.0, Avg:  0.1, Max:  0.1, Diff:  0.1, Sum:  0.4, Workers: 4
[7689.974s][debug][gc,phases      ] GC(187)     Dead                           Min: 0, Avg:  0.0, Max: 0, Diff: 0, Sum: 0, Workers: 4
[7689.974s][debug][gc,phases      ] GC(187)     Total                          Min: 0, Avg: 11954.2, Max: 21504, Diff: 21504, Sum: 47817, Workers: 4
[7689.974s][debug][gc,phases      ] GC(187)   ResolvedMethodTable Weak       Min:  0.0, Avg:  0.0, Max:  0.0, Diff:  0.0, Sum:  0.1, Workers: 4
[7689.974s][debug][gc,phases      ] GC(187)     Dead                           Min: 0, Avg:  4.0, Max: 16, Diff: 16, Sum: 16, Workers: 4
[7689.974s][debug][gc,phases      ] GC(187)     Total                          Min: 0, Avg: 3898.5, Max: 6939, Diff: 6939, Sum: 15594, Workers: 4
[7689.974s][debug][gc,phases      ] GC(187)   JNI Weak                       Min:  0.0, Avg:  0.0, Max:  0.0, Diff:  0.0, Sum:  0.0, Workers: 4
[7689.974s][debug][gc,phases      ] GC(187)     Dead                           Min: 0, Avg:  0.0, Max: 0, Diff: 0, Sum: 0, Workers: 4
[7689.974s][debug][gc,phases      ] GC(187)     Total                          Min: 0, Avg: 13.0, Max: 52, Diff: 52, Sum: 52, Workers: 4
[7689.974s][debug][gc,phases      ] GC(187)   StringDedup Table Weak         Min:  0.0, Avg:  0.0, Max:  0.0, Diff:  0.0, Sum:  0.0, Workers: 4
[7689.974s][debug][gc,phases      ] GC(187)     Dead                           Min: 0, Avg:  0.0, Max: 0, Diff: 0, Sum: 0, Workers: 4
[7689.974s][debug][gc,phases      ] GC(187)     Total                          Min: 0, Avg:  0.0, Max: 0, Diff: 0, Sum: 0, Workers: 4
[7689.974s][debug][gc,phases      ] GC(187)   StringDedup Requests0 Weak     Min:  0.0, Avg:  0.0, Max:  0.0, Diff:  0.0, Sum:  0.0, Workers: 4
[7689.974s][debug][gc,phases      ] GC(187)     Dead                           Min: 0, Avg:  0.0, Max: 0, Diff: 0, Sum: 0, Workers: 4
[7689.974s][debug][gc,phases      ] GC(187)     Total                          Min: 0, Avg:  0.0, Max: 0, Diff: 0, Sum: 0, Workers: 4
[7689.974s][debug][gc,phases      ] GC(187)   StringDedup Requests1 Weak     Min:  0.0, Avg:  0.0, Max:  0.0, Diff:  0.0, Sum:  0.0, Workers: 4
[7689.974s][debug][gc,phases      ] GC(187)     Dead                           Min: 0, Avg:  0.0, Max: 0, Diff: 0, Sum: 0, Workers: 4
[7689.974s][debug][gc,phases      ] GC(187)     Total                          Min: 0, Avg:  0.0, Max: 0, Diff: 0, Sum: 0, Workers: 4
[7689.974s][debug][gc,phases      ] GC(187)   Weak JFR Old Object Samples    Min:  0.0, Avg:  0.0, Max:  0.0, Diff:  0.0, Sum:  0.0, Workers: 4
[7689.974s][debug][gc,phases      ] GC(187)     Dead                           Min: 0, Avg:  0.0, Max: 0, Diff: 0, Sum: 0, Workers: 4
[7689.974s][debug][gc,phases      ] GC(187)     Total                          Min: 0, Avg:  0.0, Max: 0, Diff: 0, Sum: 0, Workers: 4
[7689.974s][debug][gc,phases      ] GC(187) Weak Processing 0.393ms
[7689.974s][debug][gc,age         ] GC(187) Desired survivor size 4194304 bytes, new threshold 1 (max threshold 15)
[7689.974s][info ][gc,heap        ] GC(187) PSYoungGen: 2092096K(2093056K)->3056K(2093056K) Eden: 2088960K(2088960K)->0K(2088960K) From: 3136K(4096K)->3056K(4096K)
[7689.974s][info ][gc,heap        ] GC(187) ParOldGen: 545587K(570368K)->546460K(570368K)
[7689.974s][info ][gc,metaspace   ] GC(187) Metaspace: 111085K(112448K)->111085K(112448K) NonClass: 94551K(95296K)->94551K(95296K) Class: 16534K(17152K)->16534K(17152K)
[7689.974s][info ][gc             ] GC(187) Pause Young (Allocation Failure) 2575M->536M(2601M) 3.324ms
[7689.974s][info ][gc,cpu         ] GC(187) User=0.01s Sys=0.00s Real=0.00s
[7689.974s][info ][safepoint      ] Safepoint "ParallelGCFailedAllocation", Time since last: 42196371588 ns, Reaching safepoint: 5200 ns, Cleanup: 3600 ns, At safepoint: 3380730 ns, Total: 3389530 ns
[7732.039s][info ][gc,start       ] GC(188) Pause Young (Allocation Failure)
[7732.042s][debug][gc,phases      ] GC(188) Scavenge 2.691ms
[7732.042s][debug][gc,ref         ] GC(188) Skipped SoftWeakFinalRefsPhase of Reference Processing: no references
[7732.042s][debug][gc,ref         ] GC(188) Skipped KeepAliveFinalRefsPhase of Reference Processing: no references
[7732.042s][debug][gc,ref         ] GC(188) Skipped PhantomRefsPhase of Reference Processing: no references
[7732.042s][debug][gc,phases      ] GC(188) Reference Processing 0.022ms
[7732.042s][debug][gc,phases      ] GC(188)   VM Weak                        Min:  0.0, Avg:  0.0, Max:  0.0, Diff:  0.0, Sum:  0.0, Workers: 4
[7732.042s][debug][gc,phases      ] GC(188)     Dead                           Min: 0, Avg:  0.0, Max: 0, Diff: 0, Sum: 0, Workers: 4
[7732.042s][debug][gc,phases      ] GC(188)     Total                          Min: 0, Avg: 247.2, Max: 832, Diff: 832, Sum: 989, Workers: 4
[7732.042s][debug][gc,phases      ] GC(188)   ObjectSynchronizer Weak        Min:  0.0, Avg:  0.0, Max:  0.0, Diff:  0.0, Sum:  0.0, Workers: 4
[7732.042s][debug][gc,phases      ] GC(188)     Dead                           Min: 0, Avg:  0.0, Max: 0, Diff: 0, Sum: 0, Workers: 4
[7732.042s][debug][gc,phases      ] GC(188)     Total                          Min: 0, Avg:  0.8, Max: 3, Diff: 3, Sum: 3, Workers: 4
[7732.042s][debug][gc,phases      ] GC(188)   JVMTI Tag Weak OopStorage      Min:  0.0, Avg:  0.0, Max:  0.0, Diff:  0.0, Sum:  0.0, Workers: 4
[7732.042s][debug][gc,phases      ] GC(188)     Dead                           Min: 0, Avg:  0.0, Max: 0, Diff: 0, Sum: 0, Workers: 4
[7732.042s][debug][gc,phases      ] GC(188)     Total                          Min: 0, Avg:  0.0, Max: 0, Diff: 0, Sum: 0, Workers: 4
[7732.042s][debug][gc,phases      ] GC(188)   StringTable Weak               Min:  0.0, Avg:  0.1, Max:  0.1, Diff:  0.1, Sum:  0.4, Workers: 4
[7732.042s][debug][gc,phases      ] GC(188)     Dead                           Min: 0, Avg:  0.0, Max: 0, Diff: 0, Sum: 0, Workers: 4
[7732.042s][debug][gc,phases      ] GC(188)     Total                          Min: 0, Avg: 11954.2, Max: 21001, Diff: 21001, Sum: 47817, Workers: 4
[7732.042s][debug][gc,phases      ] GC(188)   ResolvedMethodTable Weak       Min:  0.0, Avg:  0.0, Max:  0.0, Diff:  0.0, Sum:  0.1, Workers: 4
[7732.042s][debug][gc,phases      ] GC(188)     Dead                           Min: 0, Avg:  4.0, Max: 16, Diff: 16, Sum: 16, Workers: 4
[7732.042s][debug][gc,phases      ] GC(188)     Total                          Min: 0, Avg: 3898.5, Max: 6846, Diff: 6846, Sum: 15594, Workers: 4
[7732.042s][debug][gc,phases      ] GC(188)   JNI Weak                       Min:  0.0, Avg:  0.0, Max:  0.0, Diff:  0.0, Sum:  0.0, Workers: 4
[7732.042s][debug][gc,phases      ] GC(188)     Dead                           Min: 0, Avg:  0.0, Max: 0, Diff: 0, Sum: 0, Workers: 4
[7732.042s][debug][gc,phases      ] GC(188)     Total                          Min: 0, Avg: 13.0, Max: 52, Diff: 52, Sum: 52, Workers: 4
[7732.042s][debug][gc,phases      ] GC(188)   StringDedup Table Weak         Min:  0.0, Avg:  0.0, Max:  0.0, Diff:  0.0, Sum:  0.0, Workers: 4
[7732.042s][debug][gc,phases      ] GC(188)     Dead                           Min: 0, Avg:  0.0, Max: 0, Diff: 0, Sum: 0, Workers: 4
[7732.042s][debug][gc,phases      ] GC(188)     Total                          Min: 0, Avg:  0.0, Max: 0, Diff: 0, Sum: 0, Workers: 4
[7732.042s][debug][gc,phases      ] GC(188)   StringDedup Requests0 Weak     Min:  0.0, Avg:  0.0, Max:  0.0, Diff:  0.0, Sum:  0.0, Workers: 4
[7732.042s][debug][gc,phases      ] GC(188)     Dead                           Min: 0, Avg:  0.0, Max: 0, Diff: 0, Sum: 0, Workers: 4
[7732.042s][debug][gc,phases      ] GC(188)     Total                          Min: 0, Avg:  0.0, Max: 0, Diff: 0, Sum: 0, Workers: 4
[7732.042s][debug][gc,phases      ] GC(188)   StringDedup Requests1 Weak     Min:  0.0, Avg:  0.0, Max:  0.0, Diff:  0.0, Sum:  0.0, Workers: 4
[7732.042s][debug][gc,phases      ] GC(188)     Dead                           Min: 0, Avg:  0.0, Max: 0, Diff: 0, Sum: 0, Workers: 4
[7732.042s][debug][gc,phases      ] GC(188)     Total                          Min: 0, Avg:  0.0, Max: 0, Diff: 0, Sum: 0, Workers: 4
[7732.042s][debug][gc,phases      ] GC(188)   Weak JFR Old Object Samples    Min:  0.0, Avg:  0.0, Max:  0.0, Diff:  0.0, Sum:  0.0, Workers: 4
[7732.042s][debug][gc,phases      ] GC(188)     Dead                           Min: 0, Avg:  0.0, Max: 0, Diff: 0, Sum: 0, Workers: 4
[7732.042s][debug][gc,phases      ] GC(188)     Total                          Min: 0, Avg:  0.0, Max: 0, Diff: 0, Sum: 0, Workers: 4
[7732.042s][debug][gc,phases      ] GC(188) Weak Processing 0.364ms
[7732.042s][debug][gc,age         ] GC(188) Desired survivor size 4194304 bytes, new threshold 1 (max threshold 15)
[7732.042s][info ][gc,heap        ] GC(188) PSYoungGen: 2092016K(2093056K)->2416K(2093056K) Eden: 2088960K(2088960K)->0K(2088960K) From: 3056K(4096K)->2416K(4096K)
[7732.042s][info ][gc,heap        ] GC(188) ParOldGen: 546460K(570368K)->547720K(570368K)
[7732.042s][info ][gc,metaspace   ] GC(188) Metaspace: 111086K(112448K)->111086K(112448K) NonClass: 94551K(95296K)->94551K(95296K) Class: 16534K(17152K)->16534K(17152K)
[7732.042s][info ][gc             ] GC(188) Pause Young (Allocation Failure) 2576M->537M(2601M) 3.196ms
[7732.042s][info ][gc,cpu         ] GC(188) User=0.01s Sys=0.00s Real=0.01s
[7732.042s][info ][safepoint      ] Safepoint "ParallelGCFailedAllocation", Time since last: 42065379970 ns, Reaching safepoint: 6400 ns, Cleanup: 4000 ns, At safepoint: 3282929 ns, Total: 3293329 ns
[7773.047s][info ][gc,start       ] GC(189) Pause Young (Allocation Failure)
[7773.051s][debug][gc,phases      ] GC(189) Scavenge 3.999ms
[7773.051s][debug][gc,ref         ] GC(189) Skipped SoftWeakFinalRefsPhase of Reference Processing: no references
[7773.051s][debug][gc,ref         ] GC(189) Skipped KeepAliveFinalRefsPhase of Reference Processing: no references
[7773.051s][debug][gc,ref         ] GC(189) Skipped PhantomRefsPhase of Reference Processing: no references
[7773.051s][debug][gc,phases      ] GC(189) Reference Processing 0.022ms
[7773.051s][debug][gc,phases      ] GC(189)   VM Weak                        Min:  0.0, Avg:  0.0, Max:  0.0, Diff:  0.0, Sum:  0.0, Workers: 4
[7773.051s][debug][gc,phases      ] GC(189)     Dead                           Min: 0, Avg:  0.0, Max: 0, Diff: 0, Sum: 0, Workers: 4
[7773.051s][debug][gc,phases      ] GC(189)     Total                          Min: 0, Avg: 247.2, Max: 896, Diff: 896, Sum: 989, Workers: 4
[7773.051s][debug][gc,phases      ] GC(189)   ObjectSynchronizer Weak        Min:  0.0, Avg:  0.0, Max:  0.0, Diff:  0.0, Sum:  0.0, Workers: 4
[7773.051s][debug][gc,phases      ] GC(189)     Dead                           Min: 0, Avg:  0.0, Max: 0, Diff: 0, Sum: 0, Workers: 4
[7773.051s][debug][gc,phases      ] GC(189)     Total                          Min: 0, Avg:  1.0, Max: 4, Diff: 4, Sum: 4, Workers: 4
[7773.051s][debug][gc,phases      ] GC(189)   JVMTI Tag Weak OopStorage      Min:  0.0, Avg:  0.0, Max:  0.0, Diff:  0.0, Sum:  0.0, Workers: 4
[7773.051s][debug][gc,phases      ] GC(189)     Dead                           Min: 0, Avg:  0.0, Max: 0, Diff: 0, Sum: 0, Workers: 4
[7773.051s][debug][gc,phases      ] GC(189)     Total                          Min: 0, Avg:  0.0, Max: 0, Diff: 0, Sum: 0, Workers: 4
[7773.051s][debug][gc,phases      ] GC(189)   StringTable Weak               Min:  0.0, Avg:  0.1, Max:  0.1, Diff:  0.1, Sum:  0.4, Workers: 4
[7773.051s][debug][gc,phases      ] GC(189)     Dead                           Min: 0, Avg:  0.0, Max: 0, Diff: 0, Sum: 0, Workers: 4
[7773.051s][debug][gc,phases      ] GC(189)     Total                          Min: 0, Avg: 11954.2, Max: 20489, Diff: 20489, Sum: 47817, Workers: 4
[7773.051s][debug][gc,phases      ] GC(189)   ResolvedMethodTable Weak       Min:  0.0, Avg:  0.0, Max:  0.0, Diff:  0.0, Sum:  0.1, Workers: 4
[7773.051s][debug][gc,phases      ] GC(189)     Dead                           Min: 0, Avg:  4.0, Max: 16, Diff: 16, Sum: 16, Workers: 4
[7773.051s][debug][gc,phases      ] GC(189)     Total                          Min: 0, Avg: 3898.5, Max: 6642, Diff: 6642, Sum: 15594, Workers: 4
[7773.051s][debug][gc,phases      ] GC(189)   JNI Weak                       Min:  0.0, Avg:  0.0, Max:  0.0, Diff:  0.0, Sum:  0.0, Workers: 4
[7773.051s][debug][gc,phases      ] GC(189)     Dead                           Min: 0, Avg:  0.0, Max: 0, Diff: 0, Sum: 0, Workers: 4
[7773.051s][debug][gc,phases      ] GC(189)     Total                          Min: 0, Avg: 13.0, Max: 52, Diff: 52, Sum: 52, Workers: 4
[7773.051s][debug][gc,phases      ] GC(189)   StringDedup Table Weak         Min:  0.0, Avg:  0.0, Max:  0.0, Diff:  0.0, Sum:  0.0, Workers: 4
[7773.051s][debug][gc,phases      ] GC(189)     Dead                           Min: 0, Avg:  0.0, Max: 0, Diff: 0, Sum: 0, Workers: 4
[7773.051s][debug][gc,phases      ] GC(189)     Total                          Min: 0, Avg:  0.0, Max: 0, Diff: 0, Sum: 0, Workers: 4
[7773.051s][debug][gc,phases      ] GC(189)   StringDedup Requests0 Weak     Min:  0.0, Avg:  0.0, Max:  0.0, Diff:  0.0, Sum:  0.0, Workers: 4
[7773.051s][debug][gc,phases      ] GC(189)     Dead                           Min: 0, Avg:  0.0, Max: 0, Diff: 0, Sum: 0, Workers: 4
[7773.051s][debug][gc,phases      ] GC(189)     Total                          Min: 0, Avg:  0.0, Max: 0, Diff: 0, Sum: 0, Workers: 4
[7773.051s][debug][gc,phases      ] GC(189)   StringDedup Requests1 Weak     Min:  0.0, Avg:  0.0, Max:  0.0, Diff:  0.0, Sum:  0.0, Workers: 4
[7773.051s][debug][gc,phases      ] GC(189)     Dead                           Min: 0, Avg:  0.0, Max: 0, Diff: 0, Sum: 0, Workers: 4
[7773.051s][debug][gc,phases      ] GC(189)     Total                          Min: 0, Avg:  0.0, Max: 0, Diff: 0, Sum: 0, Workers: 4
[7773.051s][debug][gc,phases      ] GC(189)   Weak JFR Old Object Samples    Min:  0.0, Avg:  0.0, Max:  0.0, Diff:  0.0, Sum:  0.0, Workers: 4
[7773.051s][debug][gc,phases      ] GC(189)     Dead                           Min: 0, Avg:  0.0, Max: 0, Diff: 0, Sum: 0, Workers: 4
[7773.051s][debug][gc,phases      ] GC(189)     Total                          Min: 0, Avg:  0.0, Max: 0, Diff: 0, Sum: 0, Workers: 4
[7773.051s][debug][gc,phases      ] GC(189) Weak Processing 0.376ms
[7773.051s][debug][gc,age         ] GC(189) Desired survivor size 4194304 bytes, new threshold 1 (max threshold 15)
[7773.051s][info ][gc,heap        ] GC(189) PSYoungGen: 2091376K(2093056K)->3120K(2093056K) Eden: 2088960K(2088960K)->0K(2088960K) From: 2416K(4096K)->3120K(4096K)
[7773.051s][info ][gc,heap        ] GC(189) ParOldGen: 547720K(570368K)->548268K(570368K)
[7773.051s][info ][gc,metaspace   ] GC(189) Metaspace: 111087K(112448K)->111087K(112448K) NonClass: 94552K(95296K)->94552K(95296K) Class: 16534K(17152K)->16534K(17152K)
[7773.051s][info ][gc             ] GC(189) Pause Young (Allocation Failure) 2577M->538M(2601M) 4.493ms
[7773.051s][info ][gc,cpu         ] GC(189) User=0.01s Sys=0.00s Real=0.01s
[7773.051s][info ][safepoint      ] Safepoint "ParallelGCFailedAllocation", Time since last: 41004234099 ns, Reaching safepoint: 18701 ns, Cleanup: 3700 ns, At safepoint: 4564539 ns, Total: 4586940 ns
[7787.052s][info ][safepoint      ] Safepoint "Cleanup", Time since last: 14001060991 ns, Reaching safepoint: 5701 ns, Cleanup: 8300 ns, At safepoint: 2100 ns, Total: 16101 ns
[7788.053s][info ][safepoint      ] Safepoint "Cleanup", Time since last: 1000137608 ns, Reaching safepoint: 5500 ns, Cleanup: 11300 ns, At safepoint: 2000 ns, Total: 18800 ns
[7790.053s][info ][safepoint      ] Safepoint "Cleanup", Time since last: 2000170716 ns, Reaching safepoint: 4500 ns, Cleanup: 20300 ns, At safepoint: 1900 ns, Total: 26700 ns
[7813.767s][info ][gc,start       ] GC(190) Pause Young (Allocation Failure)
[7813.770s][debug][gc,phases      ] GC(190) Scavenge 3.140ms
[7813.770s][debug][gc,ref         ] GC(190) Skipped SoftWeakFinalRefsPhase of Reference Processing: no references
[7813.770s][debug][gc,ref         ] GC(190) Skipped KeepAliveFinalRefsPhase of Reference Processing: no references
[7813.770s][debug][gc,ref         ] GC(190) Skipped PhantomRefsPhase of Reference Processing: no references
[7813.770s][debug][gc,phases      ] GC(190) Reference Processing 0.023ms
[7813.770s][debug][gc,phases      ] GC(190)   VM Weak                        Min:  0.0, Avg:  0.0, Max:  0.0, Diff:  0.0, Sum:  0.0, Workers: 4
[7813.770s][debug][gc,phases      ] GC(190)     Dead                           Min: 0, Avg:  0.0, Max: 0, Diff: 0, Sum: 0, Workers: 4
[7813.770s][debug][gc,phases      ] GC(190)     Total                          Min: 0, Avg: 247.2, Max: 605, Diff: 605, Sum: 989, Workers: 4
[7813.770s][debug][gc,phases      ] GC(190)   ObjectSynchronizer Weak        Min:  0.0, Avg:  0.0, Max:  0.0, Diff:  0.0, Sum:  0.0, Workers: 4
[7813.770s][debug][gc,phases      ] GC(190)     Dead                           Min: 0, Avg:  0.0, Max: 0, Diff: 0, Sum: 0, Workers: 4
[7813.770s][debug][gc,phases      ] GC(190)     Total                          Min: 0, Avg:  1.0, Max: 4, Diff: 4, Sum: 4, Workers: 4
[7813.770s][debug][gc,phases      ] GC(190)   JVMTI Tag Weak OopStorage      Min:  0.0, Avg:  0.0, Max:  0.0, Diff:  0.0, Sum:  0.0, Workers: 4
[7813.770s][debug][gc,phases      ] GC(190)     Dead                           Min: 0, Avg:  0.0, Max: 0, Diff: 0, Sum: 0, Workers: 4
[7813.771s][debug][gc,phases      ] GC(190)     Total                          Min: 0, Avg:  0.0, Max: 0, Diff: 0, Sum: 0, Workers: 4
[7813.771s][debug][gc,phases      ] GC(190)   StringTable Weak               Min:  0.0, Avg:  0.1, Max:  0.1, Diff:  0.1, Sum:  0.4, Workers: 4
[7813.771s][debug][gc,phases      ] GC(190)     Dead                           Min: 0, Avg:  0.0, Max: 0, Diff: 0, Sum: 0, Workers: 4
[7813.771s][debug][gc,phases      ] GC(190)     Total                          Min: 0, Avg: 11954.2, Max: 20554, Diff: 20554, Sum: 47817, Workers: 4
[7813.771s][debug][gc,phases      ] GC(190)   ResolvedMethodTable Weak       Min:  0.0, Avg:  0.0, Max:  0.0, Diff:  0.0, Sum:  0.1, Workers: 4
[7813.771s][debug][gc,phases      ] GC(190)     Dead                           Min: 0, Avg:  4.0, Max: 16, Diff: 16, Sum: 16, Workers: 4
[7813.771s][debug][gc,phases      ] GC(190)     Total                          Min: 0, Avg: 3898.5, Max: 6885, Diff: 6885, Sum: 15594, Workers: 4
[7813.771s][debug][gc,phases      ] GC(190)   JNI Weak                       Min:  0.0, Avg:  0.0, Max:  0.0, Diff:  0.0, Sum:  0.0, Workers: 4
[7813.771s][debug][gc,phases      ] GC(190)     Dead                           Min: 0, Avg:  0.0, Max: 0, Diff: 0, Sum: 0, Workers: 4
[7813.771s][debug][gc,phases      ] GC(190)     Total                          Min: 0, Avg: 13.0, Max: 52, Diff: 52, Sum: 52, Workers: 4
[7813.771s][debug][gc,phases      ] GC(190)   StringDedup Table Weak         Min:  0.0, Avg:  0.0, Max:  0.0, Diff:  0.0, Sum:  0.0, Workers: 4
[7813.771s][debug][gc,phases      ] GC(190)     Dead                           Min: 0, Avg:  0.0, Max: 0, Diff: 0, Sum: 0, Workers: 4
[7813.771s][debug][gc,phases      ] GC(190)     Total                          Min: 0, Avg:  0.0, Max: 0, Diff: 0, Sum: 0, Workers: 4
[7813.771s][debug][gc,phases      ] GC(190)   StringDedup Requests0 Weak     Min:  0.0, Avg:  0.0, Max:  0.0, Diff:  0.0, Sum:  0.0, Workers: 4
[7813.771s][debug][gc,phases      ] GC(190)     Dead                           Min: 0, Avg:  0.0, Max: 0, Diff: 0, Sum: 0, Workers: 4
[7813.771s][debug][gc,phases      ] GC(190)     Total                          Min: 0, Avg:  0.0, Max: 0, Diff: 0, Sum: 0, Workers: 4
[7813.771s][debug][gc,phases      ] GC(190)   StringDedup Requests1 Weak     Min:  0.0, Avg:  0.0, Max:  0.0, Diff:  0.0, Sum:  0.0, Workers: 4
[7813.771s][debug][gc,phases      ] GC(190)     Dead                           Min: 0, Avg:  0.0, Max: 0, Diff: 0, Sum: 0, Workers: 4
[7813.771s][debug][gc,phases      ] GC(190)     Total                          Min: 0, Avg:  0.0, Max: 0, Diff: 0, Sum: 0, Workers: 4
[7813.771s][debug][gc,phases      ] GC(190)   Weak JFR Old Object Samples    Min:  0.0, Avg:  0.0, Max:  0.0, Diff:  0.0, Sum:  0.0, Workers: 4
[7813.771s][debug][gc,phases      ] GC(190)     Dead                           Min: 0, Avg:  0.0, Max: 0, Diff: 0, Sum: 0, Workers: 4
[7813.771s][debug][gc,phases      ] GC(190)     Total                          Min: 0, Avg:  0.0, Max: 0, Diff: 0, Sum: 0, Workers: 4
[7813.771s][debug][gc,phases      ] GC(190) Weak Processing 0.366ms
[7813.771s][debug][gc,age         ] GC(190) Desired survivor size 4194304 bytes, new threshold 1 (max threshold 15)
[7813.771s][info ][gc,heap        ] GC(190) PSYoungGen: 2092080K(2093056K)->2928K(2093056K) Eden: 2088960K(2088960K)->0K(2088960K) From: 3120K(4096K)->2928K(4096K)
[7813.771s][info ][gc,heap        ] GC(190) ParOldGen: 548268K(570368K)->549112K(570368K)
[7813.771s][info ][gc,metaspace   ] GC(190) Metaspace: 111087K(112448K)->111087K(112448K) NonClass: 94552K(95296K)->94552K(95296K) Class: 16534K(17152K)->16534K(17152K)
[7813.771s][info ][gc             ] GC(190) Pause Young (Allocation Failure) 2578M->539M(2601M) 3.621ms
[7813.771s][info ][gc,cpu         ] GC(190) User=0.01s Sys=0.00s Real=0.01s
[7813.771s][info ][safepoint      ] Safepoint "ParallelGCFailedAllocation", Time since last: 23714244734 ns, Reaching safepoint: 5000 ns, Cleanup: 2700 ns, At safepoint: 3691832 ns, Total: 3699532 ns
[7815.771s][info ][safepoint      ] Safepoint "Cleanup", Time since last: 2000164012 ns, Reaching safepoint: 79801 ns, Cleanup: 6300 ns, At safepoint: 6200 ns, Total: 92301 ns
[7820.771s][info ][safepoint      ] Safepoint "Cleanup", Time since last: 5000369630 ns, Reaching safepoint: 6800 ns, Cleanup: 8800 ns, At safepoint: 2000 ns, Total: 17600 ns
[7845.773s][info ][safepoint      ] Safepoint "Cleanup", Time since last: 25001781993 ns, Reaching safepoint: 5800 ns, Cleanup: 5900 ns, At safepoint: 1300 ns, Total: 13000 ns
[7854.916s][info ][gc,start       ] GC(191) Pause Young (Allocation Failure)
[7854.919s][debug][gc,phases      ] GC(191) Scavenge 2.867ms
[7854.919s][debug][gc,ref         ] GC(191) Skipped SoftWeakFinalRefsPhase of Reference Processing: no references
[7854.919s][debug][gc,ref         ] GC(191) Skipped KeepAliveFinalRefsPhase of Reference Processing: no references
[7854.919s][debug][gc,ref         ] GC(191) ReferenceProcessor::execute queues: 1, RefProcThreadModel::Single, marks_oops_alive: false
[7854.919s][debug][gc,phases      ] GC(191) Reference Processing 0.098ms
[7854.919s][debug][gc,phases      ] GC(191)   VM Weak                        Min:  0.0, Avg:  0.0, Max:  0.0, Diff:  0.0, Sum:  0.0, Workers: 4
[7854.919s][debug][gc,phases      ] GC(191)     Dead                           Min: 0, Avg:  0.0, Max: 0, Diff: 0, Sum: 0, Workers: 4
[7854.919s][debug][gc,phases      ] GC(191)     Total                          Min: 0, Avg: 247.2, Max: 925, Diff: 925, Sum: 989, Workers: 4
[7854.919s][debug][gc,phases      ] GC(191)   ObjectSynchronizer Weak        Min:  0.0, Avg:  0.0, Max:  0.0, Diff:  0.0, Sum:  0.0, Workers: 4
[7854.919s][debug][gc,phases      ] GC(191)     Dead                           Min: 0, Avg:  0.0, Max: 0, Diff: 0, Sum: 0, Workers: 4
[7854.919s][debug][gc,phases      ] GC(191)     Total                          Min: 0, Avg:  1.0, Max: 4, Diff: 4, Sum: 4, Workers: 4
[7854.919s][debug][gc,phases      ] GC(191)   JVMTI Tag Weak OopStorage      Min:  0.0, Avg:  0.0, Max:  0.0, Diff:  0.0, Sum:  0.0, Workers: 4
[7854.919s][debug][gc,phases      ] GC(191)     Dead                           Min: 0, Avg:  0.0, Max: 0, Diff: 0, Sum: 0, Workers: 4
[7854.919s][debug][gc,phases      ] GC(191)     Total                          Min: 0, Avg:  0.0, Max: 0, Diff: 0, Sum: 0, Workers: 4
[7854.919s][debug][gc,phases      ] GC(191)   StringTable Weak               Min:  0.0, Avg:  0.1, Max:  0.1, Diff:  0.1, Sum:  0.4, Workers: 4
[7854.919s][debug][gc,phases      ] GC(191)     Dead                           Min: 0, Avg:  0.0, Max: 0, Diff: 0, Sum: 0, Workers: 4
[7854.919s][debug][gc,phases      ] GC(191)     Total                          Min: 0, Avg: 11954.2, Max: 20873, Diff: 20873, Sum: 47817, Workers: 4
[7854.919s][debug][gc,phases      ] GC(191)   ResolvedMethodTable Weak       Min:  0.0, Avg:  0.0, Max:  0.0, Diff:  0.0, Sum:  0.1, Workers: 4
[7854.919s][debug][gc,phases      ] GC(191)     Dead                           Min: 0, Avg:  4.0, Max: 16, Diff: 16, Sum: 16, Workers: 4
[7854.919s][debug][gc,phases      ] GC(191)     Total                          Min: 0, Avg: 3898.5, Max: 6801, Diff: 6801, Sum: 15594, Workers: 4
[7854.919s][debug][gc,phases      ] GC(191)   JNI Weak                       Min:  0.0, Avg:  0.0, Max:  0.0, Diff:  0.0, Sum:  0.0, Workers: 4
[7854.919s][debug][gc,phases      ] GC(191)     Dead                           Min: 0, Avg:  0.0, Max: 0, Diff: 0, Sum: 0, Workers: 4
[7854.919s][debug][gc,phases      ] GC(191)     Total                          Min: 0, Avg: 13.0, Max: 52, Diff: 52, Sum: 52, Workers: 4
[7854.919s][debug][gc,phases      ] GC(191)   StringDedup Table Weak         Min:  0.0, Avg:  0.0, Max:  0.0, Diff:  0.0, Sum:  0.0, Workers: 4
[7854.919s][debug][gc,phases      ] GC(191)     Dead                           Min: 0, Avg:  0.0, Max: 0, Diff: 0, Sum: 0, Workers: 4
[7854.919s][debug][gc,phases      ] GC(191)     Total                          Min: 0, Avg:  0.0, Max: 0, Diff: 0, Sum: 0, Workers: 4
[7854.919s][debug][gc,phases      ] GC(191)   StringDedup Requests0 Weak     Min:  0.0, Avg:  0.0, Max:  0.0, Diff:  0.0, Sum:  0.0, Workers: 4
[7854.919s][debug][gc,phases      ] GC(191)     Dead                           Min: 0, Avg:  0.0, Max: 0, Diff: 0, Sum: 0, Workers: 4
[7854.919s][debug][gc,phases      ] GC(191)     Total                          Min: 0, Avg:  0.0, Max: 0, Diff: 0, Sum: 0, Workers: 4
[7854.919s][debug][gc,phases      ] GC(191)   StringDedup Requests1 Weak     Min:  0.0, Avg:  0.0, Max:  0.0, Diff:  0.0, Sum:  0.0, Workers: 4
[7854.919s][debug][gc,phases      ] GC(191)     Dead                           Min: 0, Avg:  0.0, Max: 0, Diff: 0, Sum: 0, Workers: 4
[7854.919s][debug][gc,phases      ] GC(191)     Total                          Min: 0, Avg:  0.0, Max: 0, Diff: 0, Sum: 0, Workers: 4
[7854.919s][debug][gc,phases      ] GC(191)   Weak JFR Old Object Samples    Min:  0.0, Avg:  0.0, Max:  0.0, Diff:  0.0, Sum:  0.0, Workers: 4
[7854.919s][debug][gc,phases      ] GC(191)     Dead                           Min: 0, Avg:  0.0, Max: 0, Diff: 0, Sum: 0, Workers: 4
[7854.919s][debug][gc,phases      ] GC(191)     Total                          Min: 0, Avg:  0.0, Max: 0, Diff: 0, Sum: 0, Workers: 4
[7854.919s][debug][gc,phases      ] GC(191) Weak Processing 0.371ms
[7854.919s][debug][gc,age         ] GC(191) Desired survivor size 4194304 bytes, new threshold 1 (max threshold 15)
[7854.919s][info ][gc,heap        ] GC(191) PSYoungGen: 2091888K(2093056K)->2928K(2093056K) Eden: 2088960K(2088960K)->0K(2088960K) From: 2928K(4096K)->2928K(4096K)
[7854.919s][info ][gc,heap        ] GC(191) ParOldGen: 549112K(570368K)->549972K(570368K)
[7854.919s][info ][gc,metaspace   ] GC(191) Metaspace: 111089K(112448K)->111089K(112448K) NonClass: 94555K(95296K)->94555K(95296K) Class: 16534K(17152K)->16534K(17152K)
[7854.919s][info ][gc             ] GC(191) Pause Young (Allocation Failure) 2579M->539M(2601M) 3.438ms
[7854.919s][info ][gc,cpu         ] GC(191) User=0.01s Sys=0.00s Real=0.00s
[7854.919s][info ][safepoint      ] Safepoint "ParallelGCFailedAllocation", Time since last: 9142766516 ns, Reaching safepoint: 81801 ns, Cleanup: 4000 ns, At safepoint: 3506830 ns, Total: 3592631 ns
[7857.920s][info ][safepoint      ] Safepoint "Cleanup", Time since last: 3000218865 ns, Reaching safepoint: 77700 ns, Cleanup: 11500 ns, At safepoint: 5200 ns, Total: 94400 ns
[7865.580s][info ][safepoint      ] Safepoint "Cleanup", Time since last: 7660500075 ns, Reaching safepoint: 6700 ns, Cleanup: 11601 ns, At safepoint: 2300 ns, Total: 20601 ns
[7869.581s][info ][safepoint      ] Safepoint "Cleanup", Time since last: 4000344177 ns, Reaching safepoint: 5900 ns, Cleanup: 9700 ns, At safepoint: 2000 ns, Total: 17600 ns
[7892.582s][info ][safepoint      ] Safepoint "Cleanup", Time since last: 23001655064 ns, Reaching safepoint: 5500 ns, Cleanup: 8700 ns, At safepoint: 2000 ns, Total: 16200 ns
[7895.071s][info ][gc,start       ] GC(192) Pause Young (Allocation Failure)
[7895.075s][debug][gc,phases      ] GC(192) Scavenge 3.755ms
[7895.075s][debug][gc,ref         ] GC(192) Skipped SoftWeakFinalRefsPhase of Reference Processing: no references
[7895.075s][debug][gc,ref         ] GC(192) Skipped KeepAliveFinalRefsPhase of Reference Processing: no references
[7895.075s][debug][gc,ref         ] GC(192) Skipped PhantomRefsPhase of Reference Processing: no references
[7895.075s][debug][gc,phases      ] GC(192) Reference Processing 0.027ms
[7895.075s][debug][gc,phases      ] GC(192)   VM Weak                        Min:  0.0, Avg:  0.0, Max:  0.0, Diff:  0.0, Sum:  0.0, Workers: 4
[7895.075s][debug][gc,phases      ] GC(192)     Dead                           Min: 0, Avg:  0.0, Max: 0, Diff: 0, Sum: 0, Workers: 4
[7895.075s][debug][gc,phases      ] GC(192)     Total                          Min: 0, Avg: 247.2, Max: 797, Diff: 797, Sum: 989, Workers: 4
[7895.075s][debug][gc,phases      ] GC(192)   ObjectSynchronizer Weak        Min:  0.0, Avg:  0.0, Max:  0.0, Diff:  0.0, Sum:  0.0, Workers: 4
[7895.075s][debug][gc,phases      ] GC(192)     Dead                           Min: 0, Avg:  0.0, Max: 0, Diff: 0, Sum: 0, Workers: 4
[7895.075s][debug][gc,phases      ] GC(192)     Total                          Min: 0, Avg:  1.0, Max: 4, Diff: 4, Sum: 4, Workers: 4
[7895.075s][debug][gc,phases      ] GC(192)   JVMTI Tag Weak OopStorage      Min:  0.0, Avg:  0.0, Max:  0.0, Diff:  0.0, Sum:  0.0, Workers: 4
[7895.075s][debug][gc,phases      ] GC(192)     Dead                           Min: 0, Avg:  0.0, Max: 0, Diff: 0, Sum: 0, Workers: 4
[7895.075s][debug][gc,phases      ] GC(192)     Total                          Min: 0, Avg:  0.0, Max: 0, Diff: 0, Sum: 0, Workers: 4
[7895.075s][debug][gc,phases      ] GC(192)   StringTable Weak               Min:  0.0, Avg:  0.1, Max:  0.1, Diff:  0.1, Sum:  0.4, Workers: 4
[7895.075s][debug][gc,phases      ] GC(192)     Dead                           Min: 0, Avg:  0.0, Max: 0, Diff: 0, Sum: 0, Workers: 4
[7895.075s][debug][gc,phases      ] GC(192)     Total                          Min: 0, Avg: 11954.2, Max: 20361, Diff: 20361, Sum: 47817, Workers: 4
[7895.075s][debug][gc,phases      ] GC(192)   ResolvedMethodTable Weak       Min:  0.0, Avg:  0.0, Max:  0.0, Diff:  0.0, Sum:  0.1, Workers: 4
[7895.075s][debug][gc,phases      ] GC(192)     Dead                           Min: 0, Avg:  4.0, Max: 16, Diff: 16, Sum: 16, Workers: 4
[7895.075s][debug][gc,phases      ] GC(192)     Total                          Min: 0, Avg: 3898.5, Max: 6477, Diff: 6477, Sum: 15594, Workers: 4
[7895.075s][debug][gc,phases      ] GC(192)   JNI Weak                       Min:  0.0, Avg:  0.0, Max:  0.0, Diff:  0.0, Sum:  0.0, Workers: 4
[7895.075s][debug][gc,phases      ] GC(192)     Dead                           Min: 0, Avg:  0.0, Max: 0, Diff: 0, Sum: 0, Workers: 4
[7895.075s][debug][gc,phases      ] GC(192)     Total                          Min: 0, Avg: 13.0, Max: 52, Diff: 52, Sum: 52, Workers: 4
[7895.075s][debug][gc,phases      ] GC(192)   StringDedup Table Weak         Min:  0.0, Avg:  0.0, Max:  0.0, Diff:  0.0, Sum:  0.0, Workers: 4
[7895.075s][debug][gc,phases      ] GC(192)     Dead                           Min: 0, Avg:  0.0, Max: 0, Diff: 0, Sum: 0, Workers: 4
[7895.075s][debug][gc,phases      ] GC(192)     Total                          Min: 0, Avg:  0.0, Max: 0, Diff: 0, Sum: 0, Workers: 4
[7895.075s][debug][gc,phases      ] GC(192)   StringDedup Requests0 Weak     Min:  0.0, Avg:  0.0, Max:  0.0, Diff:  0.0, Sum:  0.0, Workers: 4
[7895.075s][debug][gc,phases      ] GC(192)     Dead                           Min: 0, Avg:  0.0, Max: 0, Diff: 0, Sum: 0, Workers: 4
[7895.075s][debug][gc,phases      ] GC(192)     Total                          Min: 0, Avg:  0.0, Max: 0, Diff: 0, Sum: 0, Workers: 4
[7895.075s][debug][gc,phases      ] GC(192)   StringDedup Requests1 Weak     Min:  0.0, Avg:  0.0, Max:  0.0, Diff:  0.0, Sum:  0.0, Workers: 4
[7895.075s][debug][gc,phases      ] GC(192)     Dead                           Min: 0, Avg:  0.0, Max: 0, Diff: 0, Sum: 0, Workers: 4
[7895.075s][debug][gc,phases      ] GC(192)     Total                          Min: 0, Avg:  0.0, Max: 0, Diff: 0, Sum: 0, Workers: 4
[7895.075s][debug][gc,phases      ] GC(192)   Weak JFR Old Object Samples    Min:  0.0, Avg:  0.0, Max:  0.0, Diff:  0.0, Sum:  0.0, Workers: 4
[7895.075s][debug][gc,phases      ] GC(192)     Dead                           Min: 0, Avg:  0.0, Max: 0, Diff: 0, Sum: 0, Workers: 4
[7895.075s][debug][gc,phases      ] GC(192)     Total                          Min: 0, Avg:  0.0, Max: 0, Diff: 0, Sum: 0, Workers: 4
[7895.075s][debug][gc,phases      ] GC(192) Weak Processing 0.356ms
[7895.075s][debug][gc,age         ] GC(192) Desired survivor size 4194304 bytes, new threshold 1 (max threshold 15)
[7895.075s][info ][gc,heap        ] GC(192) PSYoungGen: 2091888K(2093056K)->3088K(2093056K) Eden: 2088960K(2088960K)->0K(2088960K) From: 2928K(4096K)->3088K(4096K)
[7895.075s][info ][gc,heap        ] GC(192) ParOldGen: 549972K(570368K)->550697K(570368K)
[7895.075s][info ][gc,metaspace   ] GC(192) Metaspace: 111091K(112448K)->111091K(112448K) NonClass: 94556K(95296K)->94556K(95296K) Class: 16534K(17152K)->16534K(17152K)
[7895.075s][info ][gc             ] GC(192) Pause Young (Allocation Failure) 2579M->540M(2601M) 4.236ms
[7895.075s][info ][gc,cpu         ] GC(192) User=0.02s Sys=0.00s Real=0.00s
[7895.076s][info ][safepoint      ] Safepoint "ParallelGCFailedAllocation", Time since last: 2488891549 ns, Reaching safepoint: 4500 ns, Cleanup: 3100 ns, At safepoint: 4293337 ns, Total: 4300937 ns
[7926.598s][info ][safepoint      ] Safepoint "Cleanup", Time since last: 31522128511 ns, Reaching safepoint: 5000 ns, Cleanup: 7501 ns, At safepoint: 2300 ns, Total: 14801 ns
[7932.598s][info ][safepoint      ] Safepoint "Cleanup", Time since last: 6000502794 ns, Reaching safepoint: 4900 ns, Cleanup: 21400 ns, At safepoint: 1700 ns, Total: 28000 ns
[7935.729s][info ][gc,start       ] GC(193) Pause Young (Allocation Failure)
[7935.732s][debug][gc,phases      ] GC(193) Scavenge 3.594ms
[7935.732s][debug][gc,ref         ] GC(193) Skipped SoftWeakFinalRefsPhase of Reference Processing: no references
[7935.732s][debug][gc,ref         ] GC(193) Skipped KeepAliveFinalRefsPhase of Reference Processing: no references
[7935.732s][debug][gc,ref         ] GC(193) ReferenceProcessor::execute queues: 1, RefProcThreadModel::Single, marks_oops_alive: false
[7935.732s][debug][gc,phases      ] GC(193) Reference Processing 0.093ms
[7935.733s][debug][gc,phases      ] GC(193)   VM Weak                        Min:  0.0, Avg:  0.0, Max:  0.0, Diff:  0.0, Sum:  0.0, Workers: 4
[7935.733s][debug][gc,phases      ] GC(193)     Dead                           Min: 0, Avg:  0.0, Max: 0, Diff: 0, Sum: 0, Workers: 4
[7935.733s][debug][gc,phases      ] GC(193)     Total                          Min: 0, Avg: 247.2, Max: 541, Diff: 541, Sum: 989, Workers: 4
[7935.733s][debug][gc,phases      ] GC(193)   ObjectSynchronizer Weak        Min:  0.0, Avg:  0.0, Max:  0.0, Diff:  0.0, Sum:  0.0, Workers: 4
[7935.733s][debug][gc,phases      ] GC(193)     Dead                           Min: 0, Avg:  0.0, Max: 0, Diff: 0, Sum: 0, Workers: 4
[7935.733s][debug][gc,phases      ] GC(193)     Total                          Min: 0, Avg:  1.0, Max: 4, Diff: 4, Sum: 4, Workers: 4
[7935.733s][debug][gc,phases      ] GC(193)   JVMTI Tag Weak OopStorage      Min:  0.0, Avg:  0.0, Max:  0.0, Diff:  0.0, Sum:  0.0, Workers: 4
[7935.733s][debug][gc,phases      ] GC(193)     Dead                           Min: 0, Avg:  0.0, Max: 0, Diff: 0, Sum: 0, Workers: 4
[7935.733s][debug][gc,phases      ] GC(193)     Total                          Min: 0, Avg:  0.0, Max: 0, Diff: 0, Sum: 0, Workers: 4
[7935.733s][debug][gc,phases      ] GC(193)   StringTable Weak               Min:  0.1, Avg:  0.1, Max:  0.1, Diff:  0.0, Sum:  0.4, Workers: 4
[7935.733s][debug][gc,phases      ] GC(193)     Dead                           Min: 0, Avg:  0.0, Max: 0, Diff: 0, Sum: 0, Workers: 4
[7935.733s][debug][gc,phases      ] GC(193)     Total                          Min: 11903, Avg: 11954.2, Max: 12042, Diff: 139, Sum: 47817, Workers: 4
[7935.733s][debug][gc,phases      ] GC(193)   ResolvedMethodTable Weak       Min:  0.0, Avg:  0.0, Max:  0.0, Diff:  0.0, Sum:  0.2, Workers: 4
[7935.733s][debug][gc,phases      ] GC(193)     Dead                           Min: 0, Avg:  4.8, Max: 19, Diff: 19, Sum: 19, Workers: 4
[7935.733s][debug][gc,phases      ] GC(193)     Total                          Min: 3801, Avg: 3898.5, Max: 3959, Diff: 158, Sum: 15594, Workers: 4
[7935.733s][debug][gc,phases      ] GC(193)   JNI Weak                       Min:  0.0, Avg:  0.0, Max:  0.0, Diff:  0.0, Sum:  0.0, Workers: 4
[7935.733s][debug][gc,phases      ] GC(193)     Dead                           Min: 0, Avg:  0.0, Max: 0, Diff: 0, Sum: 0, Workers: 4
[7935.733s][debug][gc,phases      ] GC(193)     Total                          Min: 0, Avg: 13.0, Max: 52, Diff: 52, Sum: 52, Workers: 4
[7935.733s][debug][gc,phases      ] GC(193)   StringDedup Table Weak         Min:  0.0, Avg:  0.0, Max:  0.0, Diff:  0.0, Sum:  0.0, Workers: 4
[7935.733s][debug][gc,phases      ] GC(193)     Dead                           Min: 0, Avg:  0.0, Max: 0, Diff: 0, Sum: 0, Workers: 4
[7935.733s][debug][gc,phases      ] GC(193)     Total                          Min: 0, Avg:  0.0, Max: 0, Diff: 0, Sum: 0, Workers: 4
[7935.733s][debug][gc,phases      ] GC(193)   StringDedup Requests0 Weak     Min:  0.0, Avg:  0.0, Max:  0.0, Diff:  0.0, Sum:  0.0, Workers: 4
[7935.733s][debug][gc,phases      ] GC(193)     Dead                           Min: 0, Avg:  0.0, Max: 0, Diff: 0, Sum: 0, Workers: 4
[7935.733s][debug][gc,phases      ] GC(193)     Total                          Min: 0, Avg:  0.0, Max: 0, Diff: 0, Sum: 0, Workers: 4
[7935.733s][debug][gc,phases      ] GC(193)   StringDedup Requests1 Weak     Min:  0.0, Avg:  0.0, Max:  0.0, Diff:  0.0, Sum:  0.0, Workers: 4
[7935.733s][debug][gc,phases      ] GC(193)     Dead                           Min: 0, Avg:  0.0, Max: 0, Diff: 0, Sum: 0, Workers: 4
[7935.733s][debug][gc,phases      ] GC(193)     Total                          Min: 0, Avg:  0.0, Max: 0, Diff: 0, Sum: 0, Workers: 4
[7935.733s][debug][gc,phases      ] GC(193)   Weak JFR Old Object Samples    Min:  0.0, Avg:  0.0, Max:  0.0, Diff:  0.0, Sum:  0.0, Workers: 4
[7935.733s][debug][gc,phases      ] GC(193)     Dead                           Min: 0, Avg:  0.0, Max: 0, Diff: 0, Sum: 0, Workers: 4
[7935.733s][debug][gc,phases      ] GC(193)     Total                          Min: 0, Avg:  0.0, Max: 0, Diff: 0, Sum: 0, Workers: 4
[7935.733s][debug][gc,phases      ] GC(193) Weak Processing 0.366ms
[7935.733s][debug][gc,age         ] GC(193) Desired survivor size 4194304 bytes, new threshold 1 (max threshold 15)
[7935.733s][info ][gc,heap        ] GC(193) PSYoungGen: 2092048K(2093056K)->2320K(2093056K) Eden: 2088960K(2088960K)->0K(2088960K) From: 3088K(4096K)->2320K(4096K)
[7935.733s][info ][gc,heap        ] GC(193) ParOldGen: 550697K(570368K)->552421K(570368K)
[7935.733s][info ][gc,metaspace   ] GC(193) Metaspace: 111095K(112448K)->111095K(112448K) NonClass: 94560K(95296K)->94560K(95296K) Class: 16534K(17152K)->16534K(17152K)
[7935.733s][info ][gc             ] GC(193) Pause Young (Allocation Failure) 2580M->541M(2601M) 4.143ms
[7935.733s][info ][gc,cpu         ] GC(193) User=0.01s Sys=0.00s Real=0.01s
[7935.733s][info ][safepoint      ] Safepoint "ParallelGCFailedAllocation", Time since last: 3130451230 ns, Reaching safepoint: 76901 ns, Cleanup: 3700 ns, At safepoint: 4216536 ns, Total: 4297137 ns
[7980.088s][info ][gc,start       ] GC(194) Pause Young (Allocation Failure)
[7980.097s][debug][gc,phases      ] GC(194) Scavenge 8.671ms
[7980.097s][debug][gc,ref         ] GC(194) Skipped SoftWeakFinalRefsPhase of Reference Processing: no references
[7980.097s][debug][gc,ref         ] GC(194) Skipped KeepAliveFinalRefsPhase of Reference Processing: no references
[7980.097s][debug][gc,ref         ] GC(194) ReferenceProcessor::execute queues: 1, RefProcThreadModel::Single, marks_oops_alive: false
[7980.097s][debug][gc,phases      ] GC(194) Reference Processing 0.108ms
[7980.097s][debug][gc,phases      ] GC(194)   VM Weak                        Min:  0.0, Avg:  0.0, Max:  0.0, Diff:  0.0, Sum:  0.0, Workers: 4
[7980.097s][debug][gc,phases      ] GC(194)     Dead                           Min: 0, Avg:  0.0, Max: 0, Diff: 0, Sum: 0, Workers: 4
[7980.098s][debug][gc,phases      ] GC(194)     Total                          Min: 0, Avg: 247.2, Max: 925, Diff: 925, Sum: 989, Workers: 4
[7980.098s][debug][gc,phases      ] GC(194)   ObjectSynchronizer Weak        Min:  0.0, Avg:  0.0, Max:  0.0, Diff:  0.0, Sum:  0.0, Workers: 4
[7980.098s][debug][gc,phases      ] GC(194)     Dead                           Min: 0, Avg:  0.0, Max: 0, Diff: 0, Sum: 0, Workers: 4
[7980.098s][debug][gc,phases      ] GC(194)     Total                          Min: 0, Avg:  1.2, Max: 5, Diff: 5, Sum: 5, Workers: 4
[7980.098s][debug][gc,phases      ] GC(194)   JVMTI Tag Weak OopStorage      Min:  0.0, Avg:  0.0, Max:  0.0, Diff:  0.0, Sum:  0.0, Workers: 4
[7980.098s][debug][gc,phases      ] GC(194)     Dead                           Min: 0, Avg:  0.0, Max: 0, Diff: 0, Sum: 0, Workers: 4
[7980.098s][debug][gc,phases      ] GC(194)     Total                          Min: 0, Avg:  0.0, Max: 0, Diff: 0, Sum: 0, Workers: 4
[7980.098s][debug][gc,phases      ] GC(194)   StringTable Weak               Min:  0.0, Avg:  0.1, Max:  0.1, Diff:  0.1, Sum:  0.4, Workers: 4
[7980.098s][debug][gc,phases      ] GC(194)     Dead                           Min: 0, Avg:  0.0, Max: 0, Diff: 0, Sum: 0, Workers: 4
[7980.098s][debug][gc,phases      ] GC(194)     Total                          Min: 0, Avg: 11954.5, Max: 16768, Diff: 16768, Sum: 47818, Workers: 4
[7980.098s][debug][gc,phases      ] GC(194)   ResolvedMethodTable Weak       Min:  0.0, Avg:  0.0, Max:  0.0, Diff:  0.0, Sum:  0.1, Workers: 4
[7980.098s][debug][gc,phases      ] GC(194)     Dead                           Min: 0, Avg:  4.0, Max: 16, Diff: 16, Sum: 16, Workers: 4
[7980.098s][debug][gc,phases      ] GC(194)     Total                          Min: 0, Avg: 3898.5, Max: 5446, Diff: 5446, Sum: 15594, Workers: 4
[7980.098s][debug][gc,phases      ] GC(194)   JNI Weak                       Min:  0.0, Avg:  0.0, Max:  0.0, Diff:  0.0, Sum:  0.0, Workers: 4
[7980.098s][debug][gc,phases      ] GC(194)     Dead                           Min: 0, Avg:  0.0, Max: 0, Diff: 0, Sum: 0, Workers: 4
[7980.098s][debug][gc,phases      ] GC(194)     Total                          Min: 0, Avg: 13.0, Max: 52, Diff: 52, Sum: 52, Workers: 4
[7980.098s][debug][gc,phases      ] GC(194)   StringDedup Table Weak         Min:  0.0, Avg:  0.0, Max:  0.0, Diff:  0.0, Sum:  0.0, Workers: 4
[7980.098s][debug][gc,phases      ] GC(194)     Dead                           Min: 0, Avg:  0.0, Max: 0, Diff: 0, Sum: 0, Workers: 4
[7980.098s][debug][gc,phases      ] GC(194)     Total                          Min: 0, Avg:  0.0, Max: 0, Diff: 0, Sum: 0, Workers: 4
[7980.098s][debug][gc,phases      ] GC(194)   StringDedup Requests0 Weak     Min:  0.0, Avg:  0.0, Max:  0.0, Diff:  0.0, Sum:  0.0, Workers: 4
[7980.098s][debug][gc,phases      ] GC(194)     Dead                           Min: 0, Avg:  0.0, Max: 0, Diff: 0, Sum: 0, Workers: 4
[7980.098s][debug][gc,phases      ] GC(194)     Total                          Min: 0, Avg:  0.0, Max: 0, Diff: 0, Sum: 0, Workers: 4
[7980.098s][debug][gc,phases      ] GC(194)   StringDedup Requests1 Weak     Min:  0.0, Avg:  0.0, Max:  0.0, Diff:  0.0, Sum:  0.0, Workers: 4
[7980.098s][debug][gc,phases      ] GC(194)     Dead                           Min: 0, Avg:  0.0, Max: 0, Diff: 0, Sum: 0, Workers: 4
[7980.098s][debug][gc,phases      ] GC(194)     Total                          Min: 0, Avg:  0.0, Max: 0, Diff: 0, Sum: 0, Workers: 4
[7980.098s][debug][gc,phases      ] GC(194)   Weak JFR Old Object Samples    Min:  0.0, Avg:  0.0, Max:  0.0, Diff:  0.0, Sum:  0.0, Workers: 4
[7980.098s][debug][gc,phases      ] GC(194)     Dead                           Min: 0, Avg:  0.0, Max: 0, Diff: 0, Sum: 0, Workers: 4
[7980.098s][debug][gc,phases      ] GC(194)     Total                          Min: 0, Avg:  0.0, Max: 0, Diff: 0, Sum: 0, Workers: 4
[7980.098s][debug][gc,phases      ] GC(194) Weak Processing 0.436ms
[7980.098s][debug][gc,age         ] GC(194) Desired survivor size 4194304 bytes, new threshold 1 (max threshold 15)
[7980.098s][info ][gc,heap        ] GC(194) PSYoungGen: 2091280K(2093056K)->4016K(2093056K) Eden: 2088960K(2088960K)->0K(2088960K) From: 2320K(4096K)->4016K(4096K)
[7980.098s][info ][gc,heap        ] GC(194) ParOldGen: 552421K(570368K)->553977K(570368K)
[7980.098s][info ][gc,metaspace   ] GC(194) Metaspace: 111095K(112448K)->111095K(112448K) NonClass: 94560K(95296K)->94560K(95296K) Class: 16534K(17152K)->16534K(17152K)
[7980.098s][info ][gc             ] GC(194) Pause Young (Allocation Failure) 2581M->544M(2601M) 9.341ms
[7980.098s][info ][gc,cpu         ] GC(194) User=0.02s Sys=0.00s Real=0.01s
[7980.098s][info ][safepoint      ] Safepoint "ParallelGCFailedAllocation", Time since last: 44355403584 ns, Reaching safepoint: 6500 ns, Cleanup: 3900 ns, At safepoint: 9437083 ns, Total: 9447483 ns
[8001.626s][info ][safepoint      ] Safepoint "Cleanup", Time since last: 21528000272 ns, Reaching safepoint: 77200 ns, Cleanup: 12900 ns, At safepoint: 6400 ns, Total: 96500 ns
[8003.626s][info ][safepoint      ] Safepoint "Cleanup", Time since last: 2000190695 ns, Reaching safepoint: 7000 ns, Cleanup: 29901 ns, At safepoint: 2600 ns, Total: 39501 ns
[8005.626s][info ][safepoint      ] Safepoint "Cleanup", Time since last: 2000172818 ns, Reaching safepoint: 7100 ns, Cleanup: 21600 ns, At safepoint: 3100 ns, Total: 31800 ns
[8026.628s][info ][safepoint      ] Safepoint "Cleanup", Time since last: 21001471471 ns, Reaching safepoint: 6700 ns, Cleanup: 7100 ns, At safepoint: 2500 ns, Total: 16300 ns
[8124.092s][info ][safepoint      ] Safepoint "JFRCheckpoint", Time since last: 97464495204 ns, Reaching safepoint: 77901 ns, Cleanup: 14400 ns, At safepoint: 16500 ns, Total: 108801 ns
[8124.095s][info ][gc,heap,exit   ] Heap
[8124.095s][info ][gc,heap,exit   ]  PSYoungGen      total 2093056K, used 1176952K [0x0000000780000000, 0x0000000800000000, 0x0000000800000000)
[8124.095s][info ][gc,heap,exit   ]   eden space 2088960K, 56% used [0x0000000780000000,0x00000007c7971fd8,0x00000007ff800000)
[8124.095s][info ][gc,heap,exit   ]   from space 4096K, 98% used [0x00000007ff800000,0x00000007ffbec0d8,0x00000007ffc00000)
[8124.095s][info ][gc,heap,exit   ]   to   space 4096K, 0% used [0x00000007ffc00000,0x00000007ffc00000,0x0000000800000000)
[8124.095s][info ][gc,heap,exit   ]  ParOldGen       total 570368K, used 553977K [0x00000006c0000000, 0x00000006e2d00000, 0x0000000780000000)
[8124.095s][info ][gc,heap,exit   ]   object space 570368K, 97% used [0x00000006c0000000,0x00000006e1cfe6e0,0x00000006e2d00000)
[8124.095s][info ][gc,heap,exit   ]  Metaspace       used 111186K, committed 112512K, reserved 1179648K
[8124.095s][info ][gc,heap,exit   ]   class space    used 16548K, committed 17152K, reserved 1048576K
